Level 1:tensorflow:Registering FakeQuantWithMinMaxArgs (<function _FakeQuantWithMinMaxArgsGradient at 0x7f6bf07ee848>) in gradient.
Level 1:tensorflow:Registering FakeQuantWithMinMaxVars (<function _FakeQuantWithMinMaxVarsGradient at 0x7f6bf0718848>) in gradient.
Level 1:tensorflow:Registering FakeQuantWithMinMaxVarsPerChannel (<function _FakeQuantWithMinMaxVarsPerChannelGradient at 0x7f6bf07188c0>) in gradient.
Level 1:tensorflow:Registering MatMul,flops (<function _calc_mat_mul_flops at 0x7f6bf05cb938>) in statistical functions.
Level 1:tensorflow:Registering cond_context ((<class 'tensorflow.core.protobuf.control_flow_pb2.CondContextDef'>, <unbound method CondContext.to_proto>, <function from_proto at 0x7f6bf0548578>)) in proto functions.
Level 1:tensorflow:Registering while_context ((<class 'tensorflow.core.protobuf.control_flow_pb2.WhileContextDef'>, <unbound method WhileContext.to_proto>, <function from_proto at 0x7f6bf0548e60>)) in proto functions.
Level 1:tensorflow:Registering ReadVariableOp (<function _ReadGrad at 0x7f6bf056d1b8>) in gradient.
Level 1:tensorflow:Registering ResourceGather (<function _GatherGrad at 0x7f6bf050e410>) in gradient.
Level 1:tensorflow:Registering variables ((<class 'tensorflow.core.framework.variable_pb2.VariableDef'>, <function _to_proto_fn at 0x7f6bf050e500>, <function _from_proto_fn at 0x7f6bf050e488>)) in proto functions.
Level 1:tensorflow:Registering trainable_variables ((<class 'tensorflow.core.framework.variable_pb2.VariableDef'>, <function _to_proto_fn at 0x7f6bf050e500>, <function _from_proto_fn at 0x7f6bf050e488>)) in proto functions.
Level 1:tensorflow:Registering moving_average_variables ((<class 'tensorflow.core.framework.variable_pb2.VariableDef'>, <function _to_proto_fn at 0x7f6bf050e500>, <function _from_proto_fn at 0x7f6bf050e488>)) in proto functions.
Level 1:tensorflow:Registering RandomStandardNormal (None) in gradient.
Level 1:tensorflow:Registering ParameterizedTruncatedNormal (None) in gradient.
Level 1:tensorflow:Registering TruncatedNormal (None) in gradient.
Level 1:tensorflow:Registering RandomUniform (None) in gradient.
Level 1:tensorflow:Registering Multinomial (None) in gradient.
Level 1:tensorflow:Registering RandomGamma (None) in gradient.
Level 1:tensorflow:Registering Pack (<function _PackGrad at 0x7f6bf0444ed8>) in gradient.
Level 1:tensorflow:Registering Unpack (<function _UnpackGrad at 0x7f6bf04530c8>) in gradient.
Level 1:tensorflow:Registering Concat (<function _ConcatGrad at 0x7f6bf04531b8>) in gradient.
Level 1:tensorflow:Registering ConcatV2 (<function _ConcatGradV2 at 0x7f6bf0453230>) in gradient.
Level 1:tensorflow:Registering ConcatOffset (None) in gradient.
Level 1:tensorflow:Registering Slice (<function _SliceGrad at 0x7f6bf0453320>) in gradient.
Level 1:tensorflow:Registering StridedSlice (<function _StridedSliceGrad at 0x7f6bf04532a8>) in gradient.
Level 1:tensorflow:Registering StridedSliceGrad (<function _StridedSliceGradGrad at 0x7f6bf0453398>) in gradient.
Level 1:tensorflow:Registering Split (<function _SplitGrad at 0x7f6bf0453410>) in gradient.
Level 1:tensorflow:Registering SplitV (<function _SplitVGrad at 0x7f6bf0453488>) in gradient.
Level 1:tensorflow:Registering Const (None) in gradient.
Level 1:tensorflow:Registering Diag (<function _DiagGrad at 0x7f6bf0453500>) in gradient.
Level 1:tensorflow:Registering DiagPart (<function _DiagPartGrad at 0x7f6bf0453578>) in gradient.
Level 1:tensorflow:Registering MatrixDiag (<function _MatrixDiagGrad at 0x7f6bf0453668>) in gradient.
Level 1:tensorflow:Registering MatrixDiagPart (<function _MatrixDiagPartGrad at 0x7f6bf04536e0>) in gradient.
Level 1:tensorflow:Registering MatrixSetDiag (<function _MatrixSetDiagGrad at 0x7f6bf04535f0>) in gradient.
Level 1:tensorflow:Registering MatrixBandPart (<function _MatrixBandPartGrad at 0x7f6bf0453758>) in gradient.
Level 1:tensorflow:Registering EditDistance (None) in gradient.
Level 1:tensorflow:Registering Fill (<function _FillGrad at 0x7f6bf04537d0>) in gradient.
Level 1:tensorflow:Registering ZerosLike (None) in gradient.
Level 1:tensorflow:Registering PreventGradient (<function _PreventGradientGrad at 0x7f6bf0453848>) in gradient.
Level 1:tensorflow:Registering Gather (<function _GatherGrad at 0x7f6bf04538c0>) in gradient.
Level 1:tensorflow:Registering GatherNd (<function _GatherNdGrad at 0x7f6bf0453938>) in gradient.
Level 1:tensorflow:Registering CheckNumerics (<function _CheckNumericsGrad at 0x7f6bf0453a28>) in gradient.
Level 1:tensorflow:Registering Identity (<function _IdGrad at 0x7f6bf04539b0>) in gradient.
Level 1:tensorflow:Registering PlaceholderWithDefault (<function _IdGrad at 0x7f6bf04539b0>) in gradient.
Level 1:tensorflow:Registering RefIdentity (<function _RefIdGrad at 0x7f6bf0453aa0>) in gradient.
Level 1:tensorflow:Registering StopGradient (None) in gradient.
Level 1:tensorflow:Registering Reshape (<function _ReshapeGrad at 0x7f6bf0453b90>) in gradient.
Level 1:tensorflow:Registering InvertPermutation (None) in gradient.
Level 1:tensorflow:Registering ExpandDims (<function _ExpandDimsGrad at 0x7f6bf0453b18>) in gradient.
Level 1:tensorflow:Registering Squeeze (<function _SqueezeGrad at 0x7f6bf0453cf8>) in gradient.
Level 1:tensorflow:Registering Transpose (<function _TransposeGrad at 0x7f6bf0453d70>) in gradient.
Level 1:tensorflow:Registering Shape (None) in gradient.
Level 1:tensorflow:Registering ShapeN (None) in gradient.
Level 1:tensorflow:Registering Rank (None) in gradient.
Level 1:tensorflow:Registering Size (None) in gradient.
Level 1:tensorflow:Registering Tile (<function _TileGrad at 0x7f6bf0453de8>) in gradient.
Level 1:tensorflow:Registering BroadcastGradientArgs (None) in gradient.
Level 1:tensorflow:Registering Pad (<function _PadGrad at 0x7f6bf0453c80>) in gradient.
Level 1:tensorflow:Registering ReverseSequence (<function _ReverseSequenceGrad at 0x7f6bf0453e60>) in gradient.
Level 1:tensorflow:Registering Reverse (<function _ReverseGrad at 0x7f6bf0453ed8>) in gradient.
Level 1:tensorflow:Registering ReverseV2 (<function _ReverseV2Grad at 0x7f6bf0453f50>) in gradient.
Level 1:tensorflow:Registering SpaceToBatch (<function _SpaceToBatchGrad at 0x7f6bf045c050>) in gradient.
Level 1:tensorflow:Registering SpaceToBatchND (<function _SpaceToBatchNDGrad at 0x7f6bf045c0c8>) in gradient.
Level 1:tensorflow:Registering BatchToSpace (<function _BatchToSpaceGrad at 0x7f6bf045c140>) in gradient.
Level 1:tensorflow:Registering BatchToSpaceND (<function _BatchToSpaceNDGrad at 0x7f6bf045c1b8>) in gradient.
Level 1:tensorflow:Registering SpaceToDepth (<function _SpaceToDepthGrad at 0x7f6bf045c230>) in gradient.
Level 1:tensorflow:Registering DepthToSpace (<function _DepthToSpaceGrad at 0x7f6bf045c2a8>) in gradient.
Level 1:tensorflow:Registering OneHot (None) in gradient.
Level 1:tensorflow:Registering MirrorPad (<function _MirrorPadGrad at 0x7f6bf045c320>) in gradient.
Level 1:tensorflow:Registering MirrorPadGrad (<function _MirrorPadGradGrad at 0x7f6bf045c410>) in gradient.
Level 1:tensorflow:Registering QuantizeAndDequantize (<function _QuantizeAndDequantizeGrad at 0x7f6bf045c398>) in gradient.
Level 1:tensorflow:Registering QuantizeAndDequantizeV2 (<function _QuantizeAndDequantizeV2Grad at 0x7f6bf045c488>) in gradient.
Level 1:tensorflow:Registering ExtractImagePatches (<function _ExtractImagePatchesGrad at 0x7f6bf045c500>) in gradient.
Level 1:tensorflow:Registering ScatterNd (<function _ScatterNdGrad at 0x7f6bf045c578>) in gradient.
Level 1:tensorflow:Registering LookupTableFind (None) in gradient.
Level 1:tensorflow:Registering LookupTableInsert (None) in gradient.
Level 1:tensorflow:Registering LookupTableSize (None) in gradient.
Level 1:tensorflow:Registering HashTable (None) in gradient.
Level 1:tensorflow:Registering InitializeTable (None) in gradient.
Level 1:tensorflow:Registering InitializeTableFromTextFile (None) in gradient.
Level 1:tensorflow:Registering MutableDenseHashTable (None) in gradient.
Level 1:tensorflow:Registering MutableHashTable (None) in gradient.
Level 1:tensorflow:Registering MutableHashTableOfTensors (None) in gradient.
Level 1:tensorflow:Registering DynamicPartition (<function _DynamicPartitionGrads at 0x7f6bf040d488>) in gradient.
Level 1:tensorflow:Registering DynamicStitch (<function _DynamicStitchGrads at 0x7f6bf04141b8>) in gradient.
Level 1:tensorflow:Registering Queue (None) in gradient.
Level 1:tensorflow:Registering QueueEnqueue (None) in gradient.
Level 1:tensorflow:Registering QueueEnqueueMany (None) in gradient.
Level 1:tensorflow:Registering QueueDequeue (None) in gradient.
Level 1:tensorflow:Registering QueueDequeueMany (None) in gradient.
Level 1:tensorflow:Registering QueueDequeueUpTo (None) in gradient.
Level 1:tensorflow:Registering QueueClose (None) in gradient.
Level 1:tensorflow:Registering QueueSize (None) in gradient.
Level 1:tensorflow:Registering Stack (None) in gradient.
Level 1:tensorflow:Registering StackPush (None) in gradient.
Level 1:tensorflow:Registering StackPop (None) in gradient.
Level 1:tensorflow:Registering StackClose (None) in gradient.
Level 1:tensorflow:Registering GetSessionHandle (None) in gradient.
Level 1:tensorflow:Registering GetSessionHandleV2 (None) in gradient.
Level 1:tensorflow:Registering GetSessionTensor (None) in gradient.
Level 1:tensorflow:Registering DeleteSessionTensor (None) in gradient.
Level 1:tensorflow:Registering Sum (<function _SumGrad at 0x7f6bf0420140>) in gradient.
Level 1:tensorflow:Registering Max (<function _MaxGrad at 0x7f6bf042e6e0>) in gradient.
Level 1:tensorflow:Registering Min (<function _MinGrad at 0x7f6bf042e758>) in gradient.
Level 1:tensorflow:Registering Mean (<function _MeanGrad at 0x7f6bf042e7d0>) in gradient.
Level 1:tensorflow:Registering Prod (<function _ProdGrad at 0x7f6bf042e848>) in gradient.
Level 1:tensorflow:Registering SegmentSum (<function _SegmentSumGrad at 0x7f6bf042e8c0>) in gradient.
Level 1:tensorflow:Registering SegmentMean (<function _SegmentMeanGrad at 0x7f6bf042e9b0>) in gradient.
Level 1:tensorflow:Registering SparseSegmentSum (<function _SparseSegmentSumGrad at 0x7f6bf042e938>) in gradient.
Level 1:tensorflow:Registering SparseSegmentMean (<function _SparseSegmentMeanGrad at 0x7f6bf042ea28>) in gradient.
Level 1:tensorflow:Registering SparseSegmentSqrtN (<function _SparseSegmentSqrtNGrad at 0x7f6bf042eaa0>) in gradient.
Level 1:tensorflow:Registering SegmentMin (<function _SegmentMinGrad at 0x7f6bf042eb90>) in gradient.
Level 1:tensorflow:Registering SegmentMax (<function _SegmentMaxGrad at 0x7f6bf042ec80>) in gradient.
Level 1:tensorflow:Registering UnsortedSegmentSum (<function _UnsortedSegmentSumGrad at 0x7f6bf042ecf8>) in gradient.
Level 1:tensorflow:Registering UnsortedSegmentMax (<function _UnsortedSegmentMaxGrad at 0x7f6bf042ec08>) in gradient.
Level 1:tensorflow:Registering Abs (<function _AbsGrad at 0x7f6bf042ed70>) in gradient.
Level 1:tensorflow:Registering Neg (<function _NegGrad at 0x7f6bf042ede8>) in gradient.
Level 1:tensorflow:Registering Inv (<function _InvGrad at 0x7f6bf042ee60>) in gradient.
Level 1:tensorflow:Registering Reciprocal (<function _ReciprocalGrad at 0x7f6bf042eed8>) in gradient.
Level 1:tensorflow:Registering InvGrad (<function _InvGradGrad at 0x7f6bf042ef50>) in gradient.
Level 1:tensorflow:Registering ReciprocalGrad (<function _ReciprocalGradGrad at 0x7f6bf04390c8>) in gradient.
Level 1:tensorflow:Registering Square (<function _SquareGrad at 0x7f6bf0439050>) in gradient.
Level 1:tensorflow:Registering Sqrt (<function _SqrtGrad at 0x7f6bf0439140>) in gradient.
Level 1:tensorflow:Registering SqrtGrad (<function _SqrtGradGrad at 0x7f6bf04391b8>) in gradient.
Level 1:tensorflow:Registering Rsqrt (<function _RsqrtGrad at 0x7f6bf04392a8>) in gradient.
Level 1:tensorflow:Registering RsqrtGrad (<function _RsqrtGradGrad at 0x7f6bf0439230>) in gradient.
Level 1:tensorflow:Registering Exp (<function _ExpGrad at 0x7f6bf0439398>) in gradient.
Level 1:tensorflow:Registering Expm1 (<function _Expm1Grad at 0x7f6bf0439320>) in gradient.
Level 1:tensorflow:Registering Log (<function _LogGrad at 0x7f6bf0439410>) in gradient.
Level 1:tensorflow:Registering Log1p (<function _Log1pGrad at 0x7f6bf0439488>) in gradient.
Level 1:tensorflow:Registering Tanh (<function _TanhGrad at 0x7f6bf0439500>) in gradient.
Level 1:tensorflow:Registering TanhGrad (<function _TanhGradGrad at 0x7f6bf0439578>) in gradient.
Level 1:tensorflow:Registering Erf (<function _ErfGrad at 0x7f6bf0439668>) in gradient.
Level 1:tensorflow:Registering Erfc (<function _ErfcGrad at 0x7f6bf04395f0>) in gradient.
Level 1:tensorflow:Registering Lgamma (<function _LgammaGrad at 0x7f6bf04396e0>) in gradient.
Level 1:tensorflow:Registering Digamma (<function _DigammaGrad at 0x7f6bf0439758>) in gradient.
Level 1:tensorflow:Registering Igamma (<function _IgammaGrad at 0x7f6bf0439848>) in gradient.
Level 1:tensorflow:Registering Igammac (<function _IgammacGrad at 0x7f6bf04397d0>) in gradient.
Level 1:tensorflow:Registering Zeta (<function _ZetaGrad at 0x7f6bf0439938>) in gradient.
Level 1:tensorflow:Registering Polygamma (<function _PolygammaGrad at 0x7f6bf04398c0>) in gradient.
Level 1:tensorflow:Registering Sigmoid (<function _SigmoidGrad at 0x7f6bf0439a28>) in gradient.
Level 1:tensorflow:Registering SigmoidGrad (<function _SigmoidGradGrad at 0x7f6bf0439aa0>) in gradient.
Level 1:tensorflow:Registering Sign (<function _SignGrad at 0x7f6bf04399b0>) in gradient.
Level 1:tensorflow:Registering Sin (<function _SinGrad at 0x7f6bf0439b18>) in gradient.
Level 1:tensorflow:Registering Cos (<function _CosGrad at 0x7f6bf0439b90>) in gradient.
Level 1:tensorflow:Registering Tan (<function _TanGrad at 0x7f6bf0439c08>) in gradient.
Level 1:tensorflow:Registering Asin (<function _AsinGrad at 0x7f6bf0439c80>) in gradient.
Level 1:tensorflow:Registering Acos (<function _AcosGrad at 0x7f6bf0439cf8>) in gradient.
Level 1:tensorflow:Registering Atan (<function _AtanGrad at 0x7f6bf0439d70>) in gradient.
Level 1:tensorflow:Registering AddN (<function _AddNGrad at 0x7f6bf0439de8>) in gradient.
Level 1:tensorflow:Registering Add (<function _AddGrad at 0x7f6bf0439e60>) in gradient.
Level 1:tensorflow:Registering Sub (<function _SubGrad at 0x7f6bf0439ed8>) in gradient.
Level 1:tensorflow:Registering Mul (<function _MulGrad at 0x7f6bf0439f50>) in gradient.
Level 1:tensorflow:Registering Div (<function _DivGrad at 0x7f6bf043f050>) in gradient.
Level 1:tensorflow:Registering FloorDiv (<function _FloorDivGrad at 0x7f6bf043f0c8>) in gradient.
Level 1:tensorflow:Registering TruncateDiv (<function _TruncateDivGrad at 0x7f6bf043f1b8>) in gradient.
Level 1:tensorflow:Registering RealDiv (<function _RealDivGrad at 0x7f6bf043f140>) in gradient.
Level 1:tensorflow:Registering Pow (<function _PowGrad at 0x7f6bf043f2a8>) in gradient.
Level 1:tensorflow:Registering Maximum (<function _MaximumGrad at 0x7f6bf043f320>) in gradient.
Level 1:tensorflow:Registering Minimum (<function _MinimumGrad at 0x7f6bf043f410>) in gradient.
Level 1:tensorflow:Registering SquaredDifference (<function _SquaredDifferenceGrad at 0x7f6bf043f488>) in gradient.
Level 1:tensorflow:Registering Less (None) in gradient.
Level 1:tensorflow:Registering LessEqual (None) in gradient.
Level 1:tensorflow:Registering Greater (None) in gradient.
Level 1:tensorflow:Registering GreaterEqual (None) in gradient.
Level 1:tensorflow:Registering Equal (None) in gradient.
Level 1:tensorflow:Registering ApproximateEqual (None) in gradient.
Level 1:tensorflow:Registering NotEqual (None) in gradient.
Level 1:tensorflow:Registering LogicalAnd (None) in gradient.
Level 1:tensorflow:Registering LogicalOr (None) in gradient.
Level 1:tensorflow:Registering LogicalNot (None) in gradient.
Level 1:tensorflow:Registering Select (<function _SelectGrad at 0x7f6bf043f398>) in gradient.
Level 1:tensorflow:Registering MatMul (<function _MatMulGrad at 0x7f6bf043f500>) in gradient.
Level 1:tensorflow:Registering SparseMatMul (<function _SparseMatMulGrad at 0x7f6bf043f578>) in gradient.
Level 1:tensorflow:Registering Floor (<function _FloorGrad at 0x7f6bf043f5f0>) in gradient.
Level 1:tensorflow:Registering Ceil (<function _CeilGrad at 0x7f6bf043f668>) in gradient.
Level 1:tensorflow:Registering Round (<function _RoundGrad at 0x7f6bf043f6e0>) in gradient.
Level 1:tensorflow:Registering Rint (<function _RintGrad at 0x7f6bf043f758>) in gradient.
Level 1:tensorflow:Registering BatchMatMul (<function _BatchMatMul at 0x7f6bf043f7d0>) in gradient.
Level 1:tensorflow:Registering Range (None) in gradient.
Level 1:tensorflow:Registering LinSpace (None) in gradient.
Level 1:tensorflow:Registering Complex (<function _ComplexGrad at 0x7f6bf043f8c0>) in gradient.
Level 1:tensorflow:Registering Real (<function _RealGrad at 0x7f6bf043f938>) in gradient.
Level 1:tensorflow:Registering Imag (<function _ImagGrad at 0x7f6bf043f848>) in gradient.
Level 1:tensorflow:Registering Conj (<function _ConjGrad at 0x7f6bf043f9b0>) in gradient.
Level 1:tensorflow:Registering ComplexAbs (<function _ComplexAbsGrad at 0x7f6bf043fa28>) in gradient.
Level 1:tensorflow:Registering Cast (<function _CastGrad at 0x7f6bf043fb18>) in gradient.
Level 1:tensorflow:Registering Cross (<function _CrossGrad at 0x7f6bf043faa0>) in gradient.
Level 1:tensorflow:Registering Cumsum (<function _CumsumGrad at 0x7f6bf043fb90>) in gradient.
Level 1:tensorflow:Registering Cumprod (<function _CumprodGrad at 0x7f6bf043fc08>) in gradient.
Level 1:tensorflow:Registering SparseAddGrad (None) in gradient.
Level 1:tensorflow:Registering SparseConcat (None) in gradient.
Level 1:tensorflow:Registering SparseToDense (None) in gradient.
Level 1:tensorflow:Registering SparseReorder (<function _SparseReorderGrad at 0x7f6bf03c8938>) in gradient.
Level 1:tensorflow:Registering SparseAdd (<function _SparseAddGrad at 0x7f6bf03c89b0>) in gradient.
Level 1:tensorflow:Registering SparseTensorDenseAdd (<function _SparseTensorDenseAddGrad at 0x7f6bf03c8aa0>) in gradient.
Level 1:tensorflow:Registering SparseReduceSum (<function _SparseReduceSumGrad at 0x7f6bf03c8a28>) in gradient.
Level 1:tensorflow:Registering SparseTensorDenseMatMul (<function _SparseTensorDenseMatMulGrad at 0x7f6bf03c8b18>) in gradient.
Level 1:tensorflow:Registering SparseDenseCwiseAdd (<function _SparseDenseCwiseAddGrad at 0x7f6bf03c8b90>) in gradient.
Level 1:tensorflow:Registering SparseDenseCwiseMul (<function _SparseDenseCwiseMulGrad at 0x7f6bf03c8c80>) in gradient.
Level 1:tensorflow:Registering SparseDenseCwiseDiv (<function _SparseDenseCwiseDivGrad at 0x7f6bf03c8cf8>) in gradient.
Level 1:tensorflow:Registering SparseSoftmax (<function _SparseSoftmaxGrad at 0x7f6bf03c8d70>) in gradient.
Level 1:tensorflow:Registering SparseSparseMaximum (<function _SparseSparseMaximumGrad at 0x7f6bf03c8de8>) in gradient.
Level 1:tensorflow:Registering SparseSparseMinimum (<function _SparseSparseMinimumGrad at 0x7f6bf03c8e60>) in gradient.
Level 1:tensorflow:Registering FFT (<function _FFTGrad at 0x7f6bf03ce848>) in gradient.
Level 1:tensorflow:Registering IFFT (<function _IFFTGrad at 0x7f6bf03d80c8>) in gradient.
Level 1:tensorflow:Registering FFT2D (<function _FFT2DGrad at 0x7f6bf03d8140>) in gradient.
Level 1:tensorflow:Registering IFFT2D (<function _IFFT2DGrad at 0x7f6bf03d81b8>) in gradient.
Level 1:tensorflow:Registering FFT3D (<function _FFT3DGrad at 0x7f6bf03d8230>) in gradient.
Level 1:tensorflow:Registering IFFT3D (<function _IFFT3DGrad at 0x7f6bf03d82a8>) in gradient.
Level 1:tensorflow:Registering RFFT (<function _Grad at 0x7f6bf03d8410>) in gradient.
Level 1:tensorflow:Registering IRFFT (<function _Grad at 0x7f6bf03d8488>) in gradient.
Level 1:tensorflow:Registering RFFT2D (<function _Grad at 0x7f6bf03d8500>) in gradient.
Level 1:tensorflow:Registering IRFFT2D (<function _Grad at 0x7f6bf03d8578>) in gradient.
Level 1:tensorflow:Registering Assign (None) in gradient.
Level 1:tensorflow:Registering AssignAdd (None) in gradient.
Level 1:tensorflow:Registering AssignSub (None) in gradient.
Level 1:tensorflow:Registering ScatterAdd (None) in gradient.
Level 1:tensorflow:Registering ScatterSub (None) in gradient.
Level 1:tensorflow:Registering ScatterMul (None) in gradient.
Level 1:tensorflow:Registering ScatterDiv (None) in gradient.
Level 1:tensorflow:Registering ScatterNdUpdate (None) in gradient.
Level 1:tensorflow:Registering ScatterNdAdd (None) in gradient.
Level 1:tensorflow:Registering ScatterNdSub (None) in gradient.
Level 1:tensorflow:Registering ScatterNdMul (None) in gradient.
Level 1:tensorflow:Registering ScatterNdDiv (None) in gradient.
Level 1:tensorflow:Registering TensorArray (None) in gradient.
Level 1:tensorflow:Registering TensorArrayGrad (None) in gradient.
Level 1:tensorflow:Registering TensorArraySize (None) in gradient.
Level 1:tensorflow:Registering TensorArrayClose (None) in gradient.
Level 1:tensorflow:Registering TensorArrayV2 (None) in gradient.
Level 1:tensorflow:Registering TensorArrayGradV2 (None) in gradient.
Level 1:tensorflow:Registering TensorArraySizeV2 (None) in gradient.
Level 1:tensorflow:Registering TensorArrayCloseV2 (None) in gradient.
Level 1:tensorflow:Registering TensorArrayV3 (None) in gradient.
Level 1:tensorflow:Registering TensorArrayGradV3 (None) in gradient.
Level 1:tensorflow:Registering TensorArraySizeV3 (None) in gradient.
Level 1:tensorflow:Registering TensorArrayCloseV3 (None) in gradient.
Level 1:tensorflow:Registering TensorArrayReadV3 (<function _TensorArrayReadGrad at 0x7f6bf03e0230>) in gradient.
Level 1:tensorflow:Registering TensorArrayReadV2 (<function _TensorArrayReadGrad at 0x7f6bf03e0230>) in gradient.
Level 1:tensorflow:Registering TensorArrayRead (<function _TensorArrayReadGrad at 0x7f6bf03e0230>) in gradient.
Level 1:tensorflow:Registering TensorArrayWriteV3 (<function _TensorArrayWriteGrad at 0x7f6bf03e02a8>) in gradient.
Level 1:tensorflow:Registering TensorArrayWriteV2 (<function _TensorArrayWriteGrad at 0x7f6bf03e02a8>) in gradient.
Level 1:tensorflow:Registering TensorArrayWrite (<function _TensorArrayWriteGrad at 0x7f6bf03e02a8>) in gradient.
Level 1:tensorflow:Registering TensorArrayGatherV3 (<function _TensorArrayGatherGrad at 0x7f6bf03e0320>) in gradient.
Level 1:tensorflow:Registering TensorArrayGatherV2 (<function _TensorArrayGatherGrad at 0x7f6bf03e0320>) in gradient.
Level 1:tensorflow:Registering TensorArrayGather (<function _TensorArrayGatherGrad at 0x7f6bf03e0320>) in gradient.
Level 1:tensorflow:Registering TensorArrayScatterV3 (<function _TensorArrayScatterGrad at 0x7f6bf03e0398>) in gradient.
Level 1:tensorflow:Registering TensorArrayScatterV2 (<function _TensorArrayScatterGrad at 0x7f6bf03e0398>) in gradient.
Level 1:tensorflow:Registering TensorArrayScatter (<function _TensorArrayScatterGrad at 0x7f6bf03e0398>) in gradient.
Level 1:tensorflow:Registering TensorArrayConcatV3 (<function _TensorArrayConcatGrad at 0x7f6bf03e0410>) in gradient.
Level 1:tensorflow:Registering TensorArrayConcatV2 (<function _TensorArrayConcatGrad at 0x7f6bf03e0410>) in gradient.
Level 1:tensorflow:Registering TensorArrayConcat (<function _TensorArrayConcatGrad at 0x7f6bf03e0410>) in gradient.
Level 1:tensorflow:Registering TensorArraySplitV3 (<function _TensorArraySplitGrad at 0x7f6bf03e0488>) in gradient.
Level 1:tensorflow:Registering TensorArraySplitV2 (<function _TensorArraySplitGrad at 0x7f6bf03e0488>) in gradient.
Level 1:tensorflow:Registering TensorArraySplit (<function _TensorArraySplitGrad at 0x7f6bf03e0488>) in gradient.
Level 1:tensorflow:Registering SymbolicGradient (<function call_without_requiring at 0x7f6bf0b49398>) in default shape functions.
Level 1:tensorflow:Registering Switch (<function _SwitchGrad at 0x7f6bf03bb140>) in gradient.
Level 1:tensorflow:Registering RefSwitch (<function _SwitchGrad at 0x7f6bf03bb140>) in gradient.
Level 1:tensorflow:Registering Merge (<function _MergeGrad at 0x7f6bf0325b18>) in gradient.
Level 1:tensorflow:Registering RefMerge (<function _RefMergeGrad at 0x7f6bf0325aa0>) in gradient.
Level 1:tensorflow:Registering Exit (<function _ExitGrad at 0x7f6bf0325c08>) in gradient.
Level 1:tensorflow:Registering RefExit (<function _ExitGrad at 0x7f6bf0325c08>) in gradient.
Level 1:tensorflow:Registering NextIteration (<function _NextIterationGrad at 0x7f6bf0325b90>) in gradient.
Level 1:tensorflow:Registering RefNextIteration (<function _RefNextIterationGrad at 0x7f6bf0325c80>) in gradient.
Level 1:tensorflow:Registering Enter (<function _EnterGrad at 0x7f6bf0325cf8>) in gradient.
Level 1:tensorflow:Registering RefEnter (<function _RefEnterGrad at 0x7f6bf0325d70>) in gradient.
Level 1:tensorflow:Registering LoopCond (<function _LoopCondGrad at 0x7f6bf0325e60>) in gradient.
Level 1:tensorflow:Registering ResizeNearestNeighbor (<function _ResizeNearestNeighborGrad at 0x7f6bf0336230>) in gradient.
Level 1:tensorflow:Registering ResizeBilinear (<function _ResizeBilinearGrad at 0x7f6bf033f0c8>) in gradient.
Level 1:tensorflow:Registering CropAndResize (<function _CropAndResizeGrad at 0x7f6bf033f140>) in gradient.
Level 1:tensorflow:Registering MatrixInverse (<function _MatrixInverseGrad at 0x7f6bf033f2a8>) in gradient.
Level 1:tensorflow:Registering MatrixDeterminant (<function _MatrixDeterminantGrad at 0x7f6bf033f9b0>) in gradient.
Level 1:tensorflow:Registering Cholesky (<function _CholeskyGrad at 0x7f6bf033fa28>) in gradient.
Level 1:tensorflow:Registering MatrixSolve (<function _MatrixSolveGrad at 0x7f6bf033fb18>) in gradient.
Level 1:tensorflow:Registering MatrixSolveLs (<function _MatrixSolveLsGrad at 0x7f6bf033faa0>) in gradient.
Level 1:tensorflow:Registering MatrixTriangularSolve (<function _MatrixTriangularSolveGrad at 0x7f6bf033fb90>) in gradient.
Level 1:tensorflow:Registering SelfAdjointEigV2 (<function _SelfAdjointEigV2Grad at 0x7f6bf033fc08>) in gradient.
Level 1:tensorflow:Registering Print (<function _PrintGrad at 0x7f6bf033fd70>) in gradient.
Level 1:tensorflow:Registering HistogramSummary (None) in gradient.
Level 1:tensorflow:Registering ImageSummary (None) in gradient.
Level 1:tensorflow:Registering AudioSummary (None) in gradient.
Level 1:tensorflow:Registering AudioSummaryV2 (None) in gradient.
Level 1:tensorflow:Registering MergeSummary (None) in gradient.
Level 1:tensorflow:Registering ScalarSummary (None) in gradient.
Level 1:tensorflow:Registering ReaderRead (None) in gradient.
Level 1:tensorflow:Registering ReaderReadUpTo (None) in gradient.
Level 1:tensorflow:Registering ReaderNumRecordsProduced (None) in gradient.
Level 1:tensorflow:Registering ReaderNumWorkUnitsCompleted (None) in gradient.
Level 1:tensorflow:Registering ReaderSerializeState (None) in gradient.
Level 1:tensorflow:Registering ReaderRestoreState (None) in gradient.
Level 1:tensorflow:Registering ReaderReset (None) in gradient.
Level 1:tensorflow:Registering WholeFileReader (None) in gradient.
Level 1:tensorflow:Registering TextLineReader (None) in gradient.
Level 1:tensorflow:Registering FixedLengthRecordReader (None) in gradient.
Level 1:tensorflow:Registering TFRecordReader (None) in gradient.
Level 1:tensorflow:Registering IdentityReader (None) in gradient.
Level 1:tensorflow:Registering DecodeRaw (None) in gradient.
Level 1:tensorflow:Registering ParseTensor (None) in gradient.
Level 1:tensorflow:Registering StringToNumber (None) in gradient.
Level 1:tensorflow:Registering PyFunc (None) in gradient.
Level 1:tensorflow:Registering PyFuncStateless (None) in gradient.
Level 1:tensorflow:Registering StringToHashBucket (None) in gradient.
Level 1:tensorflow:Registering StringToHashBucketFast (None) in gradient.
Level 1:tensorflow:Registering StringToHashBucketStrong (None) in gradient.
Level 1:tensorflow:Registering ReduceJoin (None) in gradient.
Level 1:tensorflow:Registering StringJoin (None) in gradient.
Level 1:tensorflow:Registering StringSplit (None) in gradient.
Level 1:tensorflow:Registering AsString (None) in gradient.
Level 1:tensorflow:Registering EncodeBase64 (None) in gradient.
Level 1:tensorflow:Registering DecodeBase64 (None) in gradient.
Level 1:tensorflow:Registering TensorSummary (None) in gradient.
Level 1:tensorflow:Registering queue_runners ((<class 'tensorflow.core.protobuf.queue_runner_pb2.QueueRunnerDef'>, <unbound method QueueRunner.to_proto>, <function from_proto at 0x7f6bf019a938>)) in proto functions.
Level 1:tensorflow:Registering savers ((<class 'tensorflow.core.protobuf.saver_pb2.SaverDef'>, <unbound method Saver.to_proto>, <function from_proto at 0x7f6bf01b8758>)) in proto functions.
Level 1:tensorflow:Registering Conv2D,flops (<function _calc_conv_flops at 0x7f6bf0112d70>) in statistical functions.
Level 1:tensorflow:Registering DepthwiseConv2dNative,flops (<function _calc_depthwise_conv_flops at 0x7f6bf0085c08>) in statistical functions.
Level 1:tensorflow:Registering BiasAdd,flops (<function _calc_bias_add_flops at 0x7f6bf0085c80>) in statistical functions.
Level 1:tensorflow:Registering Dilation2D,flops (<function _calc_dilation2d_flops at 0x7f6bf0085f50>) in statistical functions.
Level 1:tensorflow:Registering Conv2DBackpropInput (<function _Conv2DBackpropInputGrad at 0x7f6bf008d0c8>) in gradient.
Level 1:tensorflow:Registering Conv2DBackpropFilter (<function _Conv2DBackpropFilterGrad at 0x7f6bf008d140>) in gradient.
Level 1:tensorflow:Registering Conv3D (<function _Conv3DGrad at 0x7f6bf008d1b8>) in gradient.
Level 1:tensorflow:Registering Conv3DBackpropInputV2 (<function _Conv3DBackpropInputGrad at 0x7f6bf008d230>) in gradient.
Level 1:tensorflow:Registering Conv3DBackpropFilterV2 (<function _Conv3DBackpropFilterGrad at 0x7f6bf008d2a8>) in gradient.
Level 1:tensorflow:Registering AvgPool3D (<function _AvgPool3DGrad at 0x7f6bf008d320>) in gradient.
Level 1:tensorflow:Registering MaxPool3D (<function _MaxPool3DGrad at 0x7f6bf008d410>) in gradient.
Level 1:tensorflow:Registering Softmax (<function _SoftmaxGrad at 0x7f6bf008d488>) in gradient.
Level 1:tensorflow:Registering LogSoftmax (<function _LogSoftmaxGrad at 0x7f6bf008d500>) in gradient.
Level 1:tensorflow:Registering BiasAdd (<function _BiasAddGrad at 0x7f6bf008d578>) in gradient.
Level 1:tensorflow:Registering BiasAddGrad (<function _BiasAddGradGrad at 0x7f6bf008d5f0>) in gradient.
Level 1:tensorflow:Registering BiasAddV1 (<function _BiasAddGradV1 at 0x7f6bf008d398>) in gradient.
Level 1:tensorflow:Registering Relu (<function _ReluGrad at 0x7f6bf008d6e0>) in gradient.
Level 1:tensorflow:Registering EluGrad (<function _EluGradGrad at 0x7f6bf008d668>) in gradient.
Level 1:tensorflow:Registering Relu6 (<function _Relu6Grad at 0x7f6bf008d7d0>) in gradient.
Level 1:tensorflow:Registering Elu (<function _EluGrad at 0x7f6bf008d758>) in gradient.
Level 1:tensorflow:Registering Softplus (<function _SoftplusGrad at 0x7f6bf008d848>) in gradient.
Level 1:tensorflow:Registering Softsign (<function _SoftsignGrad at 0x7f6bf008d938>) in gradient.
Level 1:tensorflow:Registering ReluGrad (<function _ReluGradGrad at 0x7f6bf008d9b0>) in gradient.
Level 1:tensorflow:Registering SoftmaxCrossEntropyWithLogits (<function _SoftmaxCrossEntropyWithLogitsGrad at 0x7f6bf008d8c0>) in gradient.
Level 1:tensorflow:Registering SparseSoftmaxCrossEntropyWithLogits (<function _SparseSoftmaxCrossEntropyWithLogitsGrad at 0x7f6bf008daa0>) in gradient.
Level 1:tensorflow:Registering Conv2D (<function _Conv2DGrad at 0x7f6bf008db18>) in gradient.
Level 1:tensorflow:Registering DepthwiseConv2dNative (<function _DepthwiseConv2dNativeGrad at 0x7f6bf008db90>) in gradient.
Level 1:tensorflow:Registering Dilation2D (<function _Dilation2DGrad at 0x7f6bf008dc08>) in gradient.
Level 1:tensorflow:Registering LRN (<function _LRNGrad at 0x7f6bf008dcf8>) in gradient.
Level 1:tensorflow:Registering AvgPool (<function _AvgPoolGrad at 0x7f6bf008dc80>) in gradient.
Level 1:tensorflow:Registering MaxPool (<function _MaxPoolGrad at 0x7f6bf008dde8>) in gradient.
Level 1:tensorflow:Registering FractionalMaxPool (<function _FractionalMaxPoolGrad at 0x7f6bf008de60>) in gradient.
Level 1:tensorflow:Registering FractionalAvgPool (<function _FractionalAvgPoolGrad at 0x7f6bf008dd70>) in gradient.
Level 1:tensorflow:Registering BatchNormWithGlobalNormalization (<function _BatchNormWithGlobalNormalizationGrad at 0x7f6bf008ded8>) in gradient.
Level 1:tensorflow:Registering FusedBatchNorm (<function _FusedBatchNormGrad at 0x7f6bf008df50>) in gradient.
Level 1:tensorflow:Registering L2Loss (<function _L2LossGrad at 0x7f6bf0090050>) in gradient.
Level 1:tensorflow:Registering TopKV2 (<function _TopKGrad at 0x7f6bf00900c8>) in gradient.
Level 1:tensorflow:Registering TopK (<function _TopKGrad at 0x7f6bf00900c8>) in gradient.
Level 1:tensorflow:Registering CTCLoss (<function _CTCLossGrad at 0x7f6bf0090140>) in gradient.
Level 1:tensorflow:Registering CTCGreedyDecoder (None) in gradient.
Level 1:tensorflow:Registering CTCBeamSearchDecoder (None) in gradient.
Level 1:tensorflow:Registering SetSize (None) in gradient.
Level 1:tensorflow:Registering DenseToDenseSetOperation (None) in gradient.
Level 1:tensorflow:Registering DenseToSparseSetOperation (None) in gradient.
Level 1:tensorflow:Registering SparseToSparseSetOperation (None) in gradient.
Level 1:tensorflow:Registering RandomCrop (None) in gradient.
Level 1:tensorflow:Registering RGBToHSV (None) in gradient.
Level 1:tensorflow:Registering HSVToRGB (None) in gradient.
Level 1:tensorflow:Registering DrawBoundingBoxes (None) in gradient.
Level 1:tensorflow:Registering SampleDistortedBoundingBox (None) in gradient.
Level 1:tensorflow:Registering ExtractGlimpse (None) in gradient.
Level 1:tensorflow:Registering NonMaxSuppression (None) in gradient.
Level 1:tensorflow:Registering SdcaFprint (None) in gradient.
Level 1:tensorflow:Registering SdcaOptimizer (None) in gradient.
Level 1:tensorflow:Registering SdcaShrinkL1 (None) in gradient.
Level 1:tensorflow:Registering Fact (<function call_without_requiring at 0x7f6bf0b49398>) in default shape functions.
..............................................................................................................................................................................................................................................S.............................F......FFFFFF.FFFF....FF.FFEEEFFFFFF.FFFF....FF.FF.FFF.....FFS.FF.....FFFFFF.FFFF....SF.FFE.......................................................................................................................................................S.......................S...................S.............S......................S..............................................................SS.......................................................................................................S.....S............FFFF....FFFFFFFF.FFFF....FFFFFFFF.SFFFF....FFFFFFFFF.FFFF....FFFFFFFFF.FFFF....FFFFFFFSF.FFFF....FFFFFFFFF.FFFF....FFFFFFFFF.......FFFFFS.FF...............................................................SS.............................................................................................................S..............................................................................................................................................................................................................................................................................................................................................................................................SS..........SS...................................................
======================================================================
ERROR: test suite for <class 'digits.model.images.classification.test_views.TestTensorflowCreatedHdf5'>
----------------------------------------------------------------------
Traceback (most recent call last):
  File "/home/ethan/.local/lib/python2.7/site-packages/nose/suite.py", line 209, in run
    self.setUp()
  File "/home/ethan/.local/lib/python2.7/site-packages/nose/suite.py", line 292, in setUp
    self.setupContext(ancestor)
  File "/home/ethan/.local/lib/python2.7/site-packages/nose/suite.py", line 315, in setupContext
    try_run(context, names)
  File "/home/ethan/.local/lib/python2.7/site-packages/nose/util.py", line 471, in try_run
    return func()
  File "/home/ethan/digits_GAN/digits/model/images/classification/test_views.py", line 291, in setUpClass
    assert cls.model_wait_completion(cls.model_id) == 'Done', 'create failed'
AssertionError: create failed
-------------------- >> begin captured logging << --------------------
digits: INFO: Job deleted.
socketio: INFO: emitting event "job update" to job_management [/jobs]
digits: INFO: Job deleted.
socketio: INFO: emitting event "job update" to job_management [/jobs]
socketio: INFO: emitting event "job update" to job_management [/jobs]
socketio: INFO: emitting event "job update" to 20170509-172156-e8ec [/jobs]
socketio: INFO: emitting event "job update" to job_management [/jobs]
socketio: INFO: emitting event "server update" to job_management [/jobs]
digits.webapp: INFO: Parse Folder (train/val) task started.
socketio: INFO: emitting event "task update" to 20170509-172156-e8ec [/jobs]
socketio: INFO: emitting event "job update" to 20170509-172156-e8ec [/jobs]
socketio: INFO: emitting event "job update" to job_management [/jobs]
digits.webapp: INFO: Task subprocess args: "/usr/bin/python2 /home/ethan/digits_GAN/digits/tools/parse_folder.py /tmp/tmpetNXwe /tmp/tmpX3R8Ve/20170509-172156-e8ec/labels.txt --min=2 --train_file=/tmp/tmpX3R8Ve/20170509-172156-e8ec/train.txt --val_file=/tmp/tmpX3R8Ve/20170509-172156-e8ec/val.txt --percent_val=25.0"
socketio: INFO: emitting event "task update" to 20170509-172114-d063 [/jobs]
socketio: INFO: emitting event "task update" to 20170509-172147-4505 [/jobs]
socketio: INFO: emitting event "task update" to 20170509-172114-d063 [/jobs]
socketio: INFO: emitting event "task update" to 20170509-172147-4505 [/jobs]
digits.webapp: WARNING: Parse Folder (train/val) unrecognized output: WARNING: log_file config option not found - no log file is being saved
socketio: INFO: emitting event "task update" to 20170509-172156-e8ec [/jobs]
socketio: INFO: emitting event "job update" to job_management [/jobs]
socketio: INFO: emitting event "task update" to 20170509-172156-e8ec [/jobs]
socketio: INFO: emitting event "job update" to job_management [/jobs]
socketio: INFO: emitting event "task update" to 20170509-172156-e8ec [/jobs]
socketio: INFO: emitting event "job update" to job_management [/jobs]
digits.webapp: INFO: Parse Folder (train/val) task completed.
socketio: INFO: emitting event "task update" to 20170509-172156-e8ec [/jobs]
socketio: INFO: emitting event "job update" to job_management [/jobs]
socketio: INFO: emitting event "task update" to 20170509-172156-e8ec [/jobs]
socketio: INFO: emitting event "job update" to 20170509-172156-e8ec [/jobs]
socketio: INFO: emitting event "job update" to job_management [/jobs]
socketio: INFO: emitting event "server update" to job_management [/jobs]
socketio: INFO: emitting event "server update" to job_management [/jobs]
socketio: INFO: emitting event "server update" to job_management [/jobs]
digits.webapp: INFO: Create DB (train) task started.
socketio: INFO: emitting event "task update" to 20170509-172156-e8ec [/jobs]
socketio: INFO: emitting event "job update" to 20170509-172156-e8ec [/jobs]
socketio: INFO: emitting event "job update" to job_management [/jobs]
digits.webapp: INFO: Task subprocess args: "/usr/bin/python2 /home/ethan/digits_GAN/digits/tools/create_db.py /tmp/tmpX3R8Ve/20170509-172156-e8ec/train.txt /tmp/tmpX3R8Ve/20170509-172156-e8ec/train_db 10 10 --backend=hdf5 --channels=3 --resize_mode=squash --mean_file=/tmp/tmpX3R8Ve/20170509-172156-e8ec/mean.binaryproto --mean_file=/tmp/tmpX3R8Ve/20170509-172156-e8ec/mean.jpg --shuffle --hdf5_dset_limit=2147483648"
digits.webapp: INFO: Create DB (val) task started.
socketio: INFO: emitting event "task update" to 20170509-172156-e8ec [/jobs]
socketio: INFO: emitting event "job update" to 20170509-172156-e8ec [/jobs]
socketio: INFO: emitting event "job update" to job_management [/jobs]
digits.webapp: INFO: Task subprocess args: "/usr/bin/python2 /home/ethan/digits_GAN/digits/tools/create_db.py /tmp/tmpX3R8Ve/20170509-172156-e8ec/val.txt /tmp/tmpX3R8Ve/20170509-172156-e8ec/val_db 10 10 --backend=hdf5 --channels=3 --resize_mode=squash --shuffle --hdf5_dset_limit=2147483648"
socketio: INFO: emitting event "task update" to 20170509-172114-d063 [/jobs]
socketio: INFO: emitting event "task update" to 20170509-172147-4505 [/jobs]
socketio: INFO: emitting event "task update" to 20170509-172114-d063 [/jobs]
socketio: INFO: emitting event "task update" to 20170509-172147-4505 [/jobs]
socketio: INFO: emitting event "task update" to 20170509-172114-d063 [/jobs]
socketio: INFO: emitting event "task update" to 20170509-172147-4505 [/jobs]
digits.webapp: WARNING: Create DB (train) unrecognized output: WARNING: log_file config option not found - no log file is being saved
socketio: INFO: emitting event "task update" to 20170509-172156-e8ec [/jobs]
digits.webapp: DEBUG: 24 images written to database
digits.webapp: WARNING: Create DB (val) unrecognized output: WARNING: log_file config option not found - no log file is being saved
socketio: INFO: emitting event "task update" to 20170509-172156-e8ec [/jobs]
socketio: INFO: emitting event "task update" to 20170509-172156-e8ec [/jobs]
digits.webapp: INFO: Create DB (train) task completed.
socketio: INFO: emitting event "task update" to 20170509-172156-e8ec [/jobs]
socketio: INFO: emitting event "job update" to job_management [/jobs]
socketio: INFO: emitting event "task update" to 20170509-172156-e8ec [/jobs]
socketio: INFO: emitting event "job update" to 20170509-172156-e8ec [/jobs]
socketio: INFO: emitting event "job update" to job_management [/jobs]
socketio: INFO: emitting event "server update" to job_management [/jobs]
digits.webapp: DEBUG: 6 images written to database
socketio: INFO: emitting event "task update" to 20170509-172114-d063 [/jobs]
digits.webapp: INFO: Create DB (val) task completed.
socketio: INFO: emitting event "task update" to 20170509-172156-e8ec [/jobs]
socketio: INFO: emitting event "job update" to job_management [/jobs]
socketio: INFO: emitting event "task update" to 20170509-172156-e8ec [/jobs]
socketio: INFO: emitting event "job update" to 20170509-172156-e8ec [/jobs]
socketio: INFO: emitting event "job update" to job_management [/jobs]
socketio: INFO: emitting event "server update" to job_management [/jobs]
socketio: INFO: emitting event "job update" to job_management [/jobs]
socketio: INFO: emitting event "job update" to 20170509-172156-e8ec [/jobs]
socketio: INFO: emitting event "job update" to job_management [/jobs]
digits: INFO: Job complete.
socketio: INFO: emitting event "job update" to job_management [/jobs]
socketio: INFO: emitting event "job update" to 20170509-172202-9230 [/jobs]
socketio: INFO: emitting event "job update" to job_management [/jobs]
socketio: INFO: emitting event "server update" to job_management [/jobs]
digits.webapp: INFO: Train Tensorflow Model task started.
socketio: INFO: emitting event "task update" to 20170509-172202-9230 [/jobs]
socketio: INFO: emitting event "job update" to 20170509-172202-9230 [/jobs]
socketio: INFO: emitting event "job update" to job_management [/jobs]
digits.webapp: INFO: Task subprocess args: "python2 /home/ethan/digits_GAN/digits/tools/tensorflow/main.py --network=network.py --epoch=1 --networkDirectory=/tmp/tmpX3R8Ve/20170509-172202-9230 --save=/tmp/tmpX3R8Ve/20170509-172202-9230 --snapshotPrefix=snapshot --snapshotInterval=1 --lr_base_rate=0.01 --lr_policy=step --batch_size=10 --mean=/tmp/tmpX3R8Ve/20170509-172156-e8ec/mean.binaryproto --labels_list=/tmp/tmpX3R8Ve/20170509-172156-e8ec/labels.txt --train_db=/tmp/tmpX3R8Ve/20170509-172156-e8ec/train_db --validation_db=/tmp/tmpX3R8Ve/20170509-172156-e8ec/val_db --lr_gamma=0.1 --lr_stepvalues=33 --subtractMean=image --seed=3405691582 --optimization=sgd --validation_interval=1 --log_runtime_stats_per_step=0 --augFlip=none --augHSVh=0 --augHSVs=0 --augHSVv=0"
socketio: INFO: emitting event "task update" to 20170509-172202-9230 [/jobs]
socketio: INFO: emitting event "task update" to 20170509-172147-4505 [/jobs]
socketio: INFO: emitting event "task update" to 20170509-172114-d063 [/jobs]
socketio: INFO: emitting event "task update" to 20170509-172147-4505 [/jobs]
digits.webapp: WARNING: Train Tensorflow Model unrecognized output: 2017-05-09 17:22:03.446355: W tensorflow/core/platform/cpu_feature_guard.cc:45] The TensorFlow library wasn't compiled to use SSE4.1 instructions, but these are available on your machine and could speed up CPU computations.
digits.webapp: WARNING: Train Tensorflow Model unrecognized output: 2017-05-09 17:22:03.446366: W tensorflow/core/platform/cpu_feature_guard.cc:45] The TensorFlow library wasn't compiled to use SSE4.2 instructions, but these are available on your machine and could speed up CPU computations.
digits.webapp: WARNING: Train Tensorflow Model unrecognized output: 2017-05-09 17:22:03.446370: W tensorflow/core/platform/cpu_feature_guard.cc:45] The TensorFlow library wasn't compiled to use AVX instructions, but these are available on your machine and could speed up CPU computations.
digits.webapp: WARNING: Train Tensorflow Model unrecognized output: 2017-05-09 17:22:03.569344: I tensorflow/stream_executor/cuda/cuda_gpu_executor.cc:901] successful NUMA node read from SysFS had negative value (-1), but there must be at least one NUMA node, so returning NUMA node zero
digits.webapp: WARNING: Train Tensorflow Model unrecognized output: 2017-05-09 17:22:03.569761: I tensorflow/core/common_runtime/gpu/gpu_device.cc:887] Found device 0 with properties:
digits.webapp: WARNING: Train Tensorflow Model unrecognized output: name: GeForce GTX TITAN X
digits.webapp: WARNING: Train Tensorflow Model unrecognized output: major: 5 minor: 2 memoryClockRate (GHz) 1.076
digits.webapp: WARNING: Train Tensorflow Model unrecognized output: pciBusID 0000:01:00.0
digits.webapp: WARNING: Train Tensorflow Model unrecognized output: Total memory: 11.92GiB
digits.webapp: WARNING: Train Tensorflow Model unrecognized output: Free memory: 10.24GiB
digits.webapp: WARNING: Train Tensorflow Model unrecognized output: 2017-05-09 17:22:03.569774: I tensorflow/core/common_runtime/gpu/gpu_device.cc:908] DMA: 0
digits.webapp: WARNING: Train Tensorflow Model unrecognized output: 2017-05-09 17:22:03.569779: I tensorflow/core/common_runtime/gpu/gpu_device.cc:918] 0:   Y
digits.webapp: WARNING: Train Tensorflow Model unrecognized output: 2017-05-09 17:22:03.569790: I tensorflow/core/common_runtime/gpu/gpu_device.cc:977] Creating TensorFlow device (/gpu:0) -> (device: 0, name: GeForce GTX TITAN X, pci bus id: 0000:01:00.0)
digits.webapp: WARNING: Train Tensorflow Model unrecognized output: 2017-05-09 17:22:03.671150: I tensorflow/core/common_runtime/gpu/gpu_device.cc:977] Creating TensorFlow device (/gpu:0) -> (device: 0, name: GeForce GTX TITAN X, pci bus id: 0000:01:00.0)
digits.webapp: WARNING: Train Tensorflow Model unrecognized output: 2017-05-09 17:22:03.677496: I tensorflow/core/common_runtime/gpu/gpu_device.cc:977] Creating TensorFlow device (/gpu:0) -> (device: 0, name: GeForce GTX TITAN X, pci bus id: 0000:01:00.0)
socketio: INFO: emitting event "task update" to 20170509-172114-d063 [/jobs]
digits.webapp: WARNING: Train Tensorflow Model unrecognized output: INFO:tensorflow:Error reported to Coordinator: <class 'tensorflow.python.framework.errors_impl.InvalidArgumentError'>, Incompatible shapes: [10,3,10] vs. [10,10,3]
digits.webapp: WARNING: Train Tensorflow Model unrecognized output: [[Node: val/data/mean_subtraction/sub = Sub[T=DT_FLOAT, _device="/job:localhost/replica:0/task:0/cpu:0"](val/data/transpose, Const_Mean_Image)]]
digits.webapp: WARNING: Train Tensorflow Model unrecognized output: Caused by op u'val/data/mean_subtraction/sub', defined at:
digits.webapp: WARNING: Train Tensorflow Model unrecognized output: File "/home/ethan/digits_GAN/digits/tools/tensorflow/main.py", line 692, in <module>
digits.webapp: WARNING: Train Tensorflow Model unrecognized output: tf.app.run()
digits.webapp: WARNING: Train Tensorflow Model unrecognized output: File "/home/ethan/.local/lib/python2.7/site-packages/tensorflow/python/platform/app.py", line 48, in run
digits.webapp: WARNING: Train Tensorflow Model unrecognized output: _sys.exit(main(_sys.argv[:1] + flags_passthrough))
digits.webapp: WARNING: Train Tensorflow Model unrecognized output: File "/home/ethan/digits_GAN/digits/tools/tensorflow/main.py", line 502, in main
digits.webapp: WARNING: Train Tensorflow Model unrecognized output: val_model.create_model(UserModel, stage_scope)  # noqa
digits.webapp: WARNING: Train Tensorflow Model unrecognized output: File "/home/ethan/digits_GAN/digits/tools/tensorflow/model.py", line 106, in create_model
digits.webapp: WARNING: Train Tensorflow Model unrecognized output: self.init_dataloader()
digits.webapp: WARNING: Train Tensorflow Model unrecognized output: File "/home/ethan/digits_GAN/digits/tools/tensorflow/model.py", line 102, in init_dataloader
digits.webapp: WARNING: Train Tensorflow Model unrecognized output: self.dataloader.create_input_pipeline()
digits.webapp: WARNING: Train Tensorflow Model unrecognized output: File "/home/ethan/digits_GAN/digits/tools/tensorflow/tf_data.py", line 317, in create_input_pipeline
digits.webapp: WARNING: Train Tensorflow Model unrecognized output: single_data = self.mean_loader.subtract_mean_op(single_data)
digits.webapp: WARNING: Train Tensorflow Model unrecognized output: File "/home/ethan/digits_GAN/digits/tools/tensorflow/tf_data.py", line 150, in subtract_mean_op
digits.webapp: WARNING: Train Tensorflow Model unrecognized output: return (tf_graph - self.tf_mean_image)
digits.webapp: WARNING: Train Tensorflow Model unrecognized output: File "/home/ethan/.local/lib/python2.7/site-packages/tensorflow/python/ops/math_ops.py", line 821, in binary_op_wrapper
digits.webapp: WARNING: Train Tensorflow Model unrecognized output: return func(x, y, name=name)
digits.webapp: WARNING: Train Tensorflow Model unrecognized output: File "/home/ethan/.local/lib/python2.7/site-packages/tensorflow/python/ops/gen_math_ops.py", line 2627, in _sub
digits.webapp: WARNING: Train Tensorflow Model unrecognized output: result = _op_def_lib.apply_op("Sub", x=x, y=y, name=name)
digits.webapp: WARNING: Train Tensorflow Model unrecognized output: File "/home/ethan/.local/lib/python2.7/site-packages/tensorflow/python/framework/op_def_library.py", line 768, in apply_op
digits.webapp: WARNING: Train Tensorflow Model unrecognized output: op_def=op_def)
digits.webapp: WARNING: Train Tensorflow Model unrecognized output: File "/home/ethan/.local/lib/python2.7/site-packages/tensorflow/python/framework/ops.py", line 2336, in create_op
digits.webapp: WARNING: Train Tensorflow Model unrecognized output: original_op=self._default_original_op, op_def=op_def)
digits.webapp: WARNING: Train Tensorflow Model unrecognized output: File "/home/ethan/.local/lib/python2.7/site-packages/tensorflow/python/framework/ops.py", line 1228, in __init__
digits.webapp: WARNING: Train Tensorflow Model unrecognized output: self._traceback = _extract_stack()
digits.webapp: WARNING: Train Tensorflow Model unrecognized output: InvalidArgumentError (see above for traceback): Incompatible shapes: [10,3,10] vs. [10,10,3]
digits.webapp: WARNING: Train Tensorflow Model unrecognized output: [[Node: val/data/mean_subtraction/sub = Sub[T=DT_FLOAT, _device="/job:localhost/replica:0/task:0/cpu:0"](val/data/transpose, Const_Mean_Image)]]
digits.webapp: WARNING: Train Tensorflow Model unrecognized output: [[Node: val/data/mean_subtraction/sub = Sub[T=DT_FLOAT, _device="/job:localhost/replica:0/task:0/cpu:0"](val/data/transpose, Const_Mean_Image)]]
socketio: INFO: emitting event "task update" to 20170509-172202-9230 [/jobs]
digits.webapp: WARNING: Train Tensorflow Model unrecognized output: Caused by op u'val/data/mean_subtraction/sub', defined at:
digits.webapp: WARNING: Train Tensorflow Model unrecognized output: File "/home/ethan/digits_GAN/digits/tools/tensorflow/main.py", line 692, in <module>
digits.webapp: WARNING: Train Tensorflow Model unrecognized output: tf.app.run()
digits.webapp: WARNING: Train Tensorflow Model unrecognized output: File "/home/ethan/.local/lib/python2.7/site-packages/tensorflow/python/platform/app.py", line 48, in run
digits.webapp: WARNING: Train Tensorflow Model unrecognized output: _sys.exit(main(_sys.argv[:1] + flags_passthrough))
digits.webapp: WARNING: Train Tensorflow Model unrecognized output: File "/home/ethan/digits_GAN/digits/tools/tensorflow/main.py", line 502, in main
digits.webapp: WARNING: Train Tensorflow Model unrecognized output: val_model.create_model(UserModel, stage_scope)  # noqa
digits.webapp: WARNING: Train Tensorflow Model unrecognized output: File "/home/ethan/digits_GAN/digits/tools/tensorflow/model.py", line 106, in create_model
digits.webapp: WARNING: Train Tensorflow Model unrecognized output: self.init_dataloader()
digits.webapp: WARNING: Train Tensorflow Model unrecognized output: File "/home/ethan/digits_GAN/digits/tools/tensorflow/model.py", line 102, in init_dataloader
digits.webapp: WARNING: Train Tensorflow Model unrecognized output: self.dataloader.create_input_pipeline()
digits.webapp: WARNING: Train Tensorflow Model unrecognized output: File "/home/ethan/digits_GAN/digits/tools/tensorflow/tf_data.py", line 317, in create_input_pipeline
digits.webapp: WARNING: Train Tensorflow Model unrecognized output: single_data = self.mean_loader.subtract_mean_op(single_data)
digits.webapp: WARNING: Train Tensorflow Model unrecognized output: File "/home/ethan/digits_GAN/digits/tools/tensorflow/tf_data.py", line 150, in subtract_mean_op
digits.webapp: WARNING: Train Tensorflow Model unrecognized output: return (tf_graph - self.tf_mean_image)
digits.webapp: WARNING: Train Tensorflow Model unrecognized output: File "/home/ethan/.local/lib/python2.7/site-packages/tensorflow/python/ops/math_ops.py", line 821, in binary_op_wrapper
digits.webapp: WARNING: Train Tensorflow Model unrecognized output: return func(x, y, name=name)
digits.webapp: WARNING: Train Tensorflow Model unrecognized output: File "/home/ethan/.local/lib/python2.7/site-packages/tensorflow/python/ops/gen_math_ops.py", line 2627, in _sub
digits.webapp: WARNING: Train Tensorflow Model unrecognized output: result = _op_def_lib.apply_op("Sub", x=x, y=y, name=name)
digits.webapp: WARNING: Train Tensorflow Model unrecognized output: File "/home/ethan/.local/lib/python2.7/site-packages/tensorflow/python/framework/op_def_library.py", line 768, in apply_op
digits.webapp: WARNING: Train Tensorflow Model unrecognized output: op_def=op_def)
digits.webapp: WARNING: Train Tensorflow Model unrecognized output: File "/home/ethan/.local/lib/python2.7/site-packages/tensorflow/python/framework/ops.py", line 2336, in create_op
digits.webapp: WARNING: Train Tensorflow Model unrecognized output: original_op=self._default_original_op, op_def=op_def)
digits.webapp: WARNING: Train Tensorflow Model unrecognized output: File "/home/ethan/.local/lib/python2.7/site-packages/tensorflow/python/framework/ops.py", line 1228, in __init__
digits.webapp: WARNING: Train Tensorflow Model unrecognized output: self._traceback = _extract_stack()
digits.webapp: WARNING: Train Tensorflow Model unrecognized output: InvalidArgumentError (see above for traceback): Incompatible shapes: [10,3,10] vs. [10,10,3]
digits.webapp: WARNING: Train Tensorflow Model unrecognized output: [[Node: val/data/mean_subtraction/sub = Sub[T=DT_FLOAT, _device="/job:localhost/replica:0/task:0/cpu:0"](val/data/transpose, Const_Mean_Image)]]
digits.webapp: WARNING: Train Tensorflow Model unrecognized output: Traceback (most recent call last):
digits.webapp: WARNING: Train Tensorflow Model unrecognized output: File "/home/ethan/digits_GAN/digits/tools/tensorflow/main.py", line 692, in <module>
digits.webapp: WARNING: Train Tensorflow Model unrecognized output: tf.app.run()
digits.webapp: WARNING: Train Tensorflow Model unrecognized output: File "/home/ethan/.local/lib/python2.7/site-packages/tensorflow/python/platform/app.py", line 48, in run
digits.webapp: WARNING: Train Tensorflow Model unrecognized output: _sys.exit(main(_sys.argv[:1] + flags_passthrough))
digits.webapp: WARNING: Train Tensorflow Model unrecognized output: File "/home/ethan/digits_GAN/digits/tools/tensorflow/main.py", line 561, in main
digits.webapp: WARNING: Train Tensorflow Model unrecognized output: Validation(sess, val_model, 0)
digits.webapp: WARNING: Train Tensorflow Model unrecognized output: File "/home/ethan/digits_GAN/digits/tools/tensorflow/main.py", line 373, in Validation
digits.webapp: WARNING: Train Tensorflow Model unrecognized output: summary_str = sess.run(model.summary)
digits.webapp: WARNING: Train Tensorflow Model unrecognized output: File "/home/ethan/.local/lib/python2.7/site-packages/tensorflow/python/client/session.py", line 778, in run
digits.webapp: WARNING: Train Tensorflow Model unrecognized output: run_metadata_ptr)
digits.webapp: WARNING: Train Tensorflow Model unrecognized output: File "/home/ethan/.local/lib/python2.7/site-packages/tensorflow/python/client/session.py", line 982, in _run
digits.webapp: WARNING: Train Tensorflow Model unrecognized output: feed_dict_string, options, run_metadata)
digits.webapp: WARNING: Train Tensorflow Model unrecognized output: File "/home/ethan/.local/lib/python2.7/site-packages/tensorflow/python/client/session.py", line 1032, in _do_run
digits.webapp: WARNING: Train Tensorflow Model unrecognized output: target_list, options, run_metadata)
digits.webapp: WARNING: Train Tensorflow Model unrecognized output: File "/home/ethan/.local/lib/python2.7/site-packages/tensorflow/python/client/session.py", line 1052, in _do_call
digits.webapp: WARNING: Train Tensorflow Model unrecognized output: raise type(e)(node_def, op, message)
digits.webapp: WARNING: Train Tensorflow Model unrecognized output: tensorflow.python.framework.errors_impl.OutOfRangeError: PaddingFIFOQueue '_1_val/data/batcher/padding_fifo_queue' is closed and has insufficient elements (requested 10, current size 0)
digits.webapp: WARNING: Train Tensorflow Model unrecognized output: [[Node: val/data/batcher = QueueDequeueUpToV2[component_types=[DT_INT32, DT_FLOAT, DT_INT64], timeout_ms=-1, _device="/job:localhost/replica:0/task:0/cpu:0"](val/data/batcher/padding_fifo_queue, val/data/batcher/n)]]
digits.webapp: WARNING: Train Tensorflow Model unrecognized output: [[Node: val/data/batcher/_7 = _Recv[client_terminated=false, recv_device="/job:localhost/replica:0/task:0/gpu:0", send_device="/job:localhost/replica:0/task:0/cpu:0", send_device_incarnation=1, tensor_name="edge_25_val/data/batcher", tensor_type=DT_INT64, _device="/job:localhost/replica:0/task:0/gpu:0"]()]]
socketio: INFO: emitting event "task update" to 20170509-172147-4505 [/jobs]
digits.webapp: WARNING: Train Tensorflow Model unrecognized output: Caused by op u'val/data/batcher', defined at:
digits.webapp: WARNING: Train Tensorflow Model unrecognized output: File "/home/ethan/digits_GAN/digits/tools/tensorflow/main.py", line 692, in <module>
digits.webapp: WARNING: Train Tensorflow Model unrecognized output: tf.app.run()
digits.webapp: WARNING: Train Tensorflow Model unrecognized output: File "/home/ethan/.local/lib/python2.7/site-packages/tensorflow/python/platform/app.py", line 48, in run
digits.webapp: WARNING: Train Tensorflow Model unrecognized output: _sys.exit(main(_sys.argv[:1] + flags_passthrough))
digits.webapp: WARNING: Train Tensorflow Model unrecognized output: File "/home/ethan/digits_GAN/digits/tools/tensorflow/main.py", line 502, in main
digits.webapp: WARNING: Train Tensorflow Model unrecognized output: val_model.create_model(UserModel, stage_scope)  # noqa
digits.webapp: WARNING: Train Tensorflow Model unrecognized output: File "/home/ethan/digits_GAN/digits/tools/tensorflow/model.py", line 106, in create_model
digits.webapp: WARNING: Train Tensorflow Model unrecognized output: self.init_dataloader()
digits.webapp: WARNING: Train Tensorflow Model unrecognized output: File "/home/ethan/digits_GAN/digits/tools/tensorflow/model.py", line 102, in init_dataloader
digits.webapp: WARNING: Train Tensorflow Model unrecognized output: self.dataloader.create_input_pipeline()
digits.webapp: WARNING: Train Tensorflow Model unrecognized output: File "/home/ethan/digits_GAN/digits/tools/tensorflow/tf_data.py", line 407, in create_input_pipeline
digits.webapp: WARNING: Train Tensorflow Model unrecognized output: name='batcher',
digits.webapp: WARNING: Train Tensorflow Model unrecognized output: File "/home/ethan/.local/lib/python2.7/site-packages/tensorflow/python/training/input.py", line 917, in batch
digits.webapp: WARNING: Train Tensorflow Model unrecognized output: name=name)
digits.webapp: WARNING: Train Tensorflow Model unrecognized output: File "/home/ethan/.local/lib/python2.7/site-packages/tensorflow/python/training/input.py", line 710, in _batch
digits.webapp: WARNING: Train Tensorflow Model unrecognized output: dequeued = queue.dequeue_up_to(batch_size, name=name)
digits.webapp: WARNING: Train Tensorflow Model unrecognized output: File "/home/ethan/.local/lib/python2.7/site-packages/tensorflow/python/ops/data_flow_ops.py", line 499, in dequeue_up_to
digits.webapp: WARNING: Train Tensorflow Model unrecognized output: self._queue_ref, n=n, component_types=self._dtypes, name=name)
digits.webapp: WARNING: Train Tensorflow Model unrecognized output: File "/home/ethan/.local/lib/python2.7/site-packages/tensorflow/python/ops/gen_data_flow_ops.py", line 1420, in _queue_dequeue_up_to_v2
digits.webapp: WARNING: Train Tensorflow Model unrecognized output: timeout_ms=timeout_ms, name=name)
digits.webapp: WARNING: Train Tensorflow Model unrecognized output: File "/home/ethan/.local/lib/python2.7/site-packages/tensorflow/python/framework/op_def_library.py", line 768, in apply_op
digits.webapp: WARNING: Train Tensorflow Model unrecognized output: op_def=op_def)
digits.webapp: WARNING: Train Tensorflow Model unrecognized output: File "/home/ethan/.local/lib/python2.7/site-packages/tensorflow/python/framework/ops.py", line 2336, in create_op
digits.webapp: WARNING: Train Tensorflow Model unrecognized output: original_op=self._default_original_op, op_def=op_def)
digits.webapp: WARNING: Train Tensorflow Model unrecognized output: File "/home/ethan/.local/lib/python2.7/site-packages/tensorflow/python/framework/ops.py", line 1228, in __init__
digits.webapp: WARNING: Train Tensorflow Model unrecognized output: self._traceback = _extract_stack()
digits.webapp: WARNING: Train Tensorflow Model unrecognized output: OutOfRangeError (see above for traceback): PaddingFIFOQueue '_1_val/data/batcher/padding_fifo_queue' is closed and has insufficient elements (requested 10, current size 0)
digits.webapp: WARNING: Train Tensorflow Model unrecognized output: [[Node: val/data/batcher = QueueDequeueUpToV2[component_types=[DT_INT32, DT_FLOAT, DT_INT64], timeout_ms=-1, _device="/job:localhost/replica:0/task:0/cpu:0"](val/data/batcher/padding_fifo_queue, val/data/batcher/n)]]
digits.webapp: WARNING: Train Tensorflow Model unrecognized output: [[Node: val/data/batcher/_7 = _Recv[client_terminated=false, recv_device="/job:localhost/replica:0/task:0/gpu:0", send_device="/job:localhost/replica:0/task:0/cpu:0", send_device_incarnation=1, tensor_name="edge_25_val/data/batcher", tensor_type=DT_INT64, _device="/job:localhost/replica:0/task:0/gpu:0"]()]]
digits.webapp: WARNING: Train Tensorflow Model unrecognized output: Exception tensorflow.python.framework.errors_impl.InvalidArgumentError: InvalidArgumentError() in <bound method Model.__del__ of <model.Model object at 0x7f5f95a36b10>> ignored
digits.webapp: ERROR: Train Tensorflow Model task failed with error code 1
socketio: INFO: emitting event "task update" to 20170509-172202-9230 [/jobs]
socketio: INFO: emitting event "job update" to 20170509-172202-9230 [/jobs]
socketio: INFO: emitting event "job update" to job_management [/jobs]
socketio: INFO: emitting event "server update" to job_management [/jobs]
socketio: INFO: emitting event "job update" to 20170509-172202-9230 [/jobs]
socketio: INFO: emitting event "job update" to job_management [/jobs]
--------------------- >> end captured logging << ---------------------

======================================================================
ERROR: test suite for <class 'digits.model.images.classification.test_views.TestTensorflowCreatedTallHdf5Shuffle'>
----------------------------------------------------------------------
Traceback (most recent call last):
  File "/home/ethan/.local/lib/python2.7/site-packages/nose/suite.py", line 209, in run
    self.setUp()
  File "/home/ethan/.local/lib/python2.7/site-packages/nose/suite.py", line 292, in setUp
    self.setupContext(ancestor)
  File "/home/ethan/.local/lib/python2.7/site-packages/nose/suite.py", line 315, in setupContext
    try_run(context, names)
  File "/home/ethan/.local/lib/python2.7/site-packages/nose/util.py", line 471, in try_run
    return func()
  File "/home/ethan/digits_GAN/digits/model/images/classification/test_views.py", line 291, in setUpClass
    assert cls.model_wait_completion(cls.model_id) == 'Done', 'create failed'
AssertionError: create failed
-------------------- >> begin captured logging << --------------------
digits: INFO: Job deleted.
socketio: INFO: emitting event "job update" to job_management [/jobs]
digits: INFO: Job deleted.
socketio: INFO: emitting event "job update" to job_management [/jobs]
socketio: INFO: emitting event "job update" to job_management [/jobs]
socketio: INFO: emitting event "job update" to 20170509-172156-e8ec [/jobs]
socketio: INFO: emitting event "job update" to job_management [/jobs]
socketio: INFO: emitting event "server update" to job_management [/jobs]
digits.webapp: INFO: Parse Folder (train/val) task started.
socketio: INFO: emitting event "task update" to 20170509-172156-e8ec [/jobs]
socketio: INFO: emitting event "job update" to 20170509-172156-e8ec [/jobs]
socketio: INFO: emitting event "job update" to job_management [/jobs]
digits.webapp: INFO: Task subprocess args: "/usr/bin/python2 /home/ethan/digits_GAN/digits/tools/parse_folder.py /tmp/tmpetNXwe /tmp/tmpX3R8Ve/20170509-172156-e8ec/labels.txt --min=2 --train_file=/tmp/tmpX3R8Ve/20170509-172156-e8ec/train.txt --val_file=/tmp/tmpX3R8Ve/20170509-172156-e8ec/val.txt --percent_val=25.0"
socketio: INFO: emitting event "task update" to 20170509-172114-d063 [/jobs]
socketio: INFO: emitting event "task update" to 20170509-172147-4505 [/jobs]
socketio: INFO: emitting event "task update" to 20170509-172114-d063 [/jobs]
socketio: INFO: emitting event "task update" to 20170509-172147-4505 [/jobs]
digits.webapp: WARNING: Parse Folder (train/val) unrecognized output: WARNING: log_file config option not found - no log file is being saved
socketio: INFO: emitting event "task update" to 20170509-172156-e8ec [/jobs]
socketio: INFO: emitting event "job update" to job_management [/jobs]
socketio: INFO: emitting event "task update" to 20170509-172156-e8ec [/jobs]
socketio: INFO: emitting event "job update" to job_management [/jobs]
socketio: INFO: emitting event "task update" to 20170509-172156-e8ec [/jobs]
socketio: INFO: emitting event "job update" to job_management [/jobs]
digits.webapp: INFO: Parse Folder (train/val) task completed.
socketio: INFO: emitting event "task update" to 20170509-172156-e8ec [/jobs]
socketio: INFO: emitting event "job update" to job_management [/jobs]
socketio: INFO: emitting event "task update" to 20170509-172156-e8ec [/jobs]
socketio: INFO: emitting event "job update" to 20170509-172156-e8ec [/jobs]
socketio: INFO: emitting event "job update" to job_management [/jobs]
socketio: INFO: emitting event "server update" to job_management [/jobs]
socketio: INFO: emitting event "server update" to job_management [/jobs]
socketio: INFO: emitting event "server update" to job_management [/jobs]
digits.webapp: INFO: Create DB (train) task started.
socketio: INFO: emitting event "task update" to 20170509-172156-e8ec [/jobs]
socketio: INFO: emitting event "job update" to 20170509-172156-e8ec [/jobs]
socketio: INFO: emitting event "job update" to job_management [/jobs]
digits.webapp: INFO: Task subprocess args: "/usr/bin/python2 /home/ethan/digits_GAN/digits/tools/create_db.py /tmp/tmpX3R8Ve/20170509-172156-e8ec/train.txt /tmp/tmpX3R8Ve/20170509-172156-e8ec/train_db 10 10 --backend=hdf5 --channels=3 --resize_mode=squash --mean_file=/tmp/tmpX3R8Ve/20170509-172156-e8ec/mean.binaryproto --mean_file=/tmp/tmpX3R8Ve/20170509-172156-e8ec/mean.jpg --shuffle --hdf5_dset_limit=2147483648"
digits.webapp: INFO: Create DB (val) task started.
socketio: INFO: emitting event "task update" to 20170509-172156-e8ec [/jobs]
socketio: INFO: emitting event "job update" to 20170509-172156-e8ec [/jobs]
socketio: INFO: emitting event "job update" to job_management [/jobs]
digits.webapp: INFO: Task subprocess args: "/usr/bin/python2 /home/ethan/digits_GAN/digits/tools/create_db.py /tmp/tmpX3R8Ve/20170509-172156-e8ec/val.txt /tmp/tmpX3R8Ve/20170509-172156-e8ec/val_db 10 10 --backend=hdf5 --channels=3 --resize_mode=squash --shuffle --hdf5_dset_limit=2147483648"
socketio: INFO: emitting event "task update" to 20170509-172114-d063 [/jobs]
socketio: INFO: emitting event "task update" to 20170509-172147-4505 [/jobs]
socketio: INFO: emitting event "task update" to 20170509-172114-d063 [/jobs]
socketio: INFO: emitting event "task update" to 20170509-172147-4505 [/jobs]
socketio: INFO: emitting event "task update" to 20170509-172114-d063 [/jobs]
socketio: INFO: emitting event "task update" to 20170509-172147-4505 [/jobs]
digits.webapp: WARNING: Create DB (train) unrecognized output: WARNING: log_file config option not found - no log file is being saved
socketio: INFO: emitting event "task update" to 20170509-172156-e8ec [/jobs]
digits.webapp: DEBUG: 24 images written to database
digits.webapp: WARNING: Create DB (val) unrecognized output: WARNING: log_file config option not found - no log file is being saved
socketio: INFO: emitting event "task update" to 20170509-172156-e8ec [/jobs]
socketio: INFO: emitting event "task update" to 20170509-172156-e8ec [/jobs]
digits.webapp: INFO: Create DB (train) task completed.
socketio: INFO: emitting event "task update" to 20170509-172156-e8ec [/jobs]
socketio: INFO: emitting event "job update" to job_management [/jobs]
socketio: INFO: emitting event "task update" to 20170509-172156-e8ec [/jobs]
socketio: INFO: emitting event "job update" to 20170509-172156-e8ec [/jobs]
socketio: INFO: emitting event "job update" to job_management [/jobs]
socketio: INFO: emitting event "server update" to job_management [/jobs]
digits.webapp: DEBUG: 6 images written to database
socketio: INFO: emitting event "task update" to 20170509-172114-d063 [/jobs]
digits.webapp: INFO: Create DB (val) task completed.
socketio: INFO: emitting event "task update" to 20170509-172156-e8ec [/jobs]
socketio: INFO: emitting event "job update" to job_management [/jobs]
socketio: INFO: emitting event "task update" to 20170509-172156-e8ec [/jobs]
socketio: INFO: emitting event "job update" to 20170509-172156-e8ec [/jobs]
socketio: INFO: emitting event "job update" to job_management [/jobs]
socketio: INFO: emitting event "server update" to job_management [/jobs]
socketio: INFO: emitting event "job update" to job_management [/jobs]
socketio: INFO: emitting event "job update" to 20170509-172156-e8ec [/jobs]
socketio: INFO: emitting event "job update" to job_management [/jobs]
digits: INFO: Job complete.
socketio: INFO: emitting event "job update" to job_management [/jobs]
socketio: INFO: emitting event "job update" to 20170509-172202-9230 [/jobs]
socketio: INFO: emitting event "job update" to job_management [/jobs]
socketio: INFO: emitting event "server update" to job_management [/jobs]
digits.webapp: INFO: Train Tensorflow Model task started.
socketio: INFO: emitting event "task update" to 20170509-172202-9230 [/jobs]
socketio: INFO: emitting event "job update" to 20170509-172202-9230 [/jobs]
socketio: INFO: emitting event "job update" to job_management [/jobs]
digits.webapp: INFO: Task subprocess args: "python2 /home/ethan/digits_GAN/digits/tools/tensorflow/main.py --network=network.py --epoch=1 --networkDirectory=/tmp/tmpX3R8Ve/20170509-172202-9230 --save=/tmp/tmpX3R8Ve/20170509-172202-9230 --snapshotPrefix=snapshot --snapshotInterval=1 --lr_base_rate=0.01 --lr_policy=step --batch_size=10 --mean=/tmp/tmpX3R8Ve/20170509-172156-e8ec/mean.binaryproto --labels_list=/tmp/tmpX3R8Ve/20170509-172156-e8ec/labels.txt --train_db=/tmp/tmpX3R8Ve/20170509-172156-e8ec/train_db --validation_db=/tmp/tmpX3R8Ve/20170509-172156-e8ec/val_db --lr_gamma=0.1 --lr_stepvalues=33 --subtractMean=image --seed=3405691582 --optimization=sgd --validation_interval=1 --log_runtime_stats_per_step=0 --augFlip=none --augHSVh=0 --augHSVs=0 --augHSVv=0"
socketio: INFO: emitting event "task update" to 20170509-172202-9230 [/jobs]
socketio: INFO: emitting event "task update" to 20170509-172147-4505 [/jobs]
socketio: INFO: emitting event "task update" to 20170509-172114-d063 [/jobs]
socketio: INFO: emitting event "task update" to 20170509-172147-4505 [/jobs]
digits.webapp: WARNING: Train Tensorflow Model unrecognized output: 2017-05-09 17:22:03.446355: W tensorflow/core/platform/cpu_feature_guard.cc:45] The TensorFlow library wasn't compiled to use SSE4.1 instructions, but these are available on your machine and could speed up CPU computations.
digits.webapp: WARNING: Train Tensorflow Model unrecognized output: 2017-05-09 17:22:03.446366: W tensorflow/core/platform/cpu_feature_guard.cc:45] The TensorFlow library wasn't compiled to use SSE4.2 instructions, but these are available on your machine and could speed up CPU computations.
digits.webapp: WARNING: Train Tensorflow Model unrecognized output: 2017-05-09 17:22:03.446370: W tensorflow/core/platform/cpu_feature_guard.cc:45] The TensorFlow library wasn't compiled to use AVX instructions, but these are available on your machine and could speed up CPU computations.
digits.webapp: WARNING: Train Tensorflow Model unrecognized output: 2017-05-09 17:22:03.569344: I tensorflow/stream_executor/cuda/cuda_gpu_executor.cc:901] successful NUMA node read from SysFS had negative value (-1), but there must be at least one NUMA node, so returning NUMA node zero
digits.webapp: WARNING: Train Tensorflow Model unrecognized output: 2017-05-09 17:22:03.569761: I tensorflow/core/common_runtime/gpu/gpu_device.cc:887] Found device 0 with properties:
digits.webapp: WARNING: Train Tensorflow Model unrecognized output: name: GeForce GTX TITAN X
digits.webapp: WARNING: Train Tensorflow Model unrecognized output: major: 5 minor: 2 memoryClockRate (GHz) 1.076
digits.webapp: WARNING: Train Tensorflow Model unrecognized output: pciBusID 0000:01:00.0
digits.webapp: WARNING: Train Tensorflow Model unrecognized output: Total memory: 11.92GiB
digits.webapp: WARNING: Train Tensorflow Model unrecognized output: Free memory: 10.24GiB
digits.webapp: WARNING: Train Tensorflow Model unrecognized output: 2017-05-09 17:22:03.569774: I tensorflow/core/common_runtime/gpu/gpu_device.cc:908] DMA: 0
digits.webapp: WARNING: Train Tensorflow Model unrecognized output: 2017-05-09 17:22:03.569779: I tensorflow/core/common_runtime/gpu/gpu_device.cc:918] 0:   Y
digits.webapp: WARNING: Train Tensorflow Model unrecognized output: 2017-05-09 17:22:03.569790: I tensorflow/core/common_runtime/gpu/gpu_device.cc:977] Creating TensorFlow device (/gpu:0) -> (device: 0, name: GeForce GTX TITAN X, pci bus id: 0000:01:00.0)
digits.webapp: WARNING: Train Tensorflow Model unrecognized output: 2017-05-09 17:22:03.671150: I tensorflow/core/common_runtime/gpu/gpu_device.cc:977] Creating TensorFlow device (/gpu:0) -> (device: 0, name: GeForce GTX TITAN X, pci bus id: 0000:01:00.0)
digits.webapp: WARNING: Train Tensorflow Model unrecognized output: 2017-05-09 17:22:03.677496: I tensorflow/core/common_runtime/gpu/gpu_device.cc:977] Creating TensorFlow device (/gpu:0) -> (device: 0, name: GeForce GTX TITAN X, pci bus id: 0000:01:00.0)
socketio: INFO: emitting event "task update" to 20170509-172114-d063 [/jobs]
digits.webapp: WARNING: Train Tensorflow Model unrecognized output: INFO:tensorflow:Error reported to Coordinator: <class 'tensorflow.python.framework.errors_impl.InvalidArgumentError'>, Incompatible shapes: [10,3,10] vs. [10,10,3]
digits.webapp: WARNING: Train Tensorflow Model unrecognized output: [[Node: val/data/mean_subtraction/sub = Sub[T=DT_FLOAT, _device="/job:localhost/replica:0/task:0/cpu:0"](val/data/transpose, Const_Mean_Image)]]
digits.webapp: WARNING: Train Tensorflow Model unrecognized output: Caused by op u'val/data/mean_subtraction/sub', defined at:
digits.webapp: WARNING: Train Tensorflow Model unrecognized output: File "/home/ethan/digits_GAN/digits/tools/tensorflow/main.py", line 692, in <module>
digits.webapp: WARNING: Train Tensorflow Model unrecognized output: tf.app.run()
digits.webapp: WARNING: Train Tensorflow Model unrecognized output: File "/home/ethan/.local/lib/python2.7/site-packages/tensorflow/python/platform/app.py", line 48, in run
digits.webapp: WARNING: Train Tensorflow Model unrecognized output: _sys.exit(main(_sys.argv[:1] + flags_passthrough))
digits.webapp: WARNING: Train Tensorflow Model unrecognized output: File "/home/ethan/digits_GAN/digits/tools/tensorflow/main.py", line 502, in main
digits.webapp: WARNING: Train Tensorflow Model unrecognized output: val_model.create_model(UserModel, stage_scope)  # noqa
digits.webapp: WARNING: Train Tensorflow Model unrecognized output: File "/home/ethan/digits_GAN/digits/tools/tensorflow/model.py", line 106, in create_model
digits.webapp: WARNING: Train Tensorflow Model unrecognized output: self.init_dataloader()
digits.webapp: WARNING: Train Tensorflow Model unrecognized output: File "/home/ethan/digits_GAN/digits/tools/tensorflow/model.py", line 102, in init_dataloader
digits.webapp: WARNING: Train Tensorflow Model unrecognized output: self.dataloader.create_input_pipeline()
digits.webapp: WARNING: Train Tensorflow Model unrecognized output: File "/home/ethan/digits_GAN/digits/tools/tensorflow/tf_data.py", line 317, in create_input_pipeline
digits.webapp: WARNING: Train Tensorflow Model unrecognized output: single_data = self.mean_loader.subtract_mean_op(single_data)
digits.webapp: WARNING: Train Tensorflow Model unrecognized output: File "/home/ethan/digits_GAN/digits/tools/tensorflow/tf_data.py", line 150, in subtract_mean_op
digits.webapp: WARNING: Train Tensorflow Model unrecognized output: return (tf_graph - self.tf_mean_image)
digits.webapp: WARNING: Train Tensorflow Model unrecognized output: File "/home/ethan/.local/lib/python2.7/site-packages/tensorflow/python/ops/math_ops.py", line 821, in binary_op_wrapper
digits.webapp: WARNING: Train Tensorflow Model unrecognized output: return func(x, y, name=name)
digits.webapp: WARNING: Train Tensorflow Model unrecognized output: File "/home/ethan/.local/lib/python2.7/site-packages/tensorflow/python/ops/gen_math_ops.py", line 2627, in _sub
digits.webapp: WARNING: Train Tensorflow Model unrecognized output: result = _op_def_lib.apply_op("Sub", x=x, y=y, name=name)
digits.webapp: WARNING: Train Tensorflow Model unrecognized output: File "/home/ethan/.local/lib/python2.7/site-packages/tensorflow/python/framework/op_def_library.py", line 768, in apply_op
digits.webapp: WARNING: Train Tensorflow Model unrecognized output: op_def=op_def)
digits.webapp: WARNING: Train Tensorflow Model unrecognized output: File "/home/ethan/.local/lib/python2.7/site-packages/tensorflow/python/framework/ops.py", line 2336, in create_op
digits.webapp: WARNING: Train Tensorflow Model unrecognized output: original_op=self._default_original_op, op_def=op_def)
digits.webapp: WARNING: Train Tensorflow Model unrecognized output: File "/home/ethan/.local/lib/python2.7/site-packages/tensorflow/python/framework/ops.py", line 1228, in __init__
digits.webapp: WARNING: Train Tensorflow Model unrecognized output: self._traceback = _extract_stack()
digits.webapp: WARNING: Train Tensorflow Model unrecognized output: InvalidArgumentError (see above for traceback): Incompatible shapes: [10,3,10] vs. [10,10,3]
digits.webapp: WARNING: Train Tensorflow Model unrecognized output: [[Node: val/data/mean_subtraction/sub = Sub[T=DT_FLOAT, _device="/job:localhost/replica:0/task:0/cpu:0"](val/data/transpose, Const_Mean_Image)]]
digits.webapp: WARNING: Train Tensorflow Model unrecognized output: [[Node: val/data/mean_subtraction/sub = Sub[T=DT_FLOAT, _device="/job:localhost/replica:0/task:0/cpu:0"](val/data/transpose, Const_Mean_Image)]]
socketio: INFO: emitting event "task update" to 20170509-172202-9230 [/jobs]
digits.webapp: WARNING: Train Tensorflow Model unrecognized output: Caused by op u'val/data/mean_subtraction/sub', defined at:
digits.webapp: WARNING: Train Tensorflow Model unrecognized output: File "/home/ethan/digits_GAN/digits/tools/tensorflow/main.py", line 692, in <module>
digits.webapp: WARNING: Train Tensorflow Model unrecognized output: tf.app.run()
digits.webapp: WARNING: Train Tensorflow Model unrecognized output: File "/home/ethan/.local/lib/python2.7/site-packages/tensorflow/python/platform/app.py", line 48, in run
digits.webapp: WARNING: Train Tensorflow Model unrecognized output: _sys.exit(main(_sys.argv[:1] + flags_passthrough))
digits.webapp: WARNING: Train Tensorflow Model unrecognized output: File "/home/ethan/digits_GAN/digits/tools/tensorflow/main.py", line 502, in main
digits.webapp: WARNING: Train Tensorflow Model unrecognized output: val_model.create_model(UserModel, stage_scope)  # noqa
digits.webapp: WARNING: Train Tensorflow Model unrecognized output: File "/home/ethan/digits_GAN/digits/tools/tensorflow/model.py", line 106, in create_model
digits.webapp: WARNING: Train Tensorflow Model unrecognized output: self.init_dataloader()
digits.webapp: WARNING: Train Tensorflow Model unrecognized output: File "/home/ethan/digits_GAN/digits/tools/tensorflow/model.py", line 102, in init_dataloader
digits.webapp: WARNING: Train Tensorflow Model unrecognized output: self.dataloader.create_input_pipeline()
digits.webapp: WARNING: Train Tensorflow Model unrecognized output: File "/home/ethan/digits_GAN/digits/tools/tensorflow/tf_data.py", line 317, in create_input_pipeline
digits.webapp: WARNING: Train Tensorflow Model unrecognized output: single_data = self.mean_loader.subtract_mean_op(single_data)
digits.webapp: WARNING: Train Tensorflow Model unrecognized output: File "/home/ethan/digits_GAN/digits/tools/tensorflow/tf_data.py", line 150, in subtract_mean_op
digits.webapp: WARNING: Train Tensorflow Model unrecognized output: return (tf_graph - self.tf_mean_image)
digits.webapp: WARNING: Train Tensorflow Model unrecognized output: File "/home/ethan/.local/lib/python2.7/site-packages/tensorflow/python/ops/math_ops.py", line 821, in binary_op_wrapper
digits.webapp: WARNING: Train Tensorflow Model unrecognized output: return func(x, y, name=name)
digits.webapp: WARNING: Train Tensorflow Model unrecognized output: File "/home/ethan/.local/lib/python2.7/site-packages/tensorflow/python/ops/gen_math_ops.py", line 2627, in _sub
digits.webapp: WARNING: Train Tensorflow Model unrecognized output: result = _op_def_lib.apply_op("Sub", x=x, y=y, name=name)
digits.webapp: WARNING: Train Tensorflow Model unrecognized output: File "/home/ethan/.local/lib/python2.7/site-packages/tensorflow/python/framework/op_def_library.py", line 768, in apply_op
digits.webapp: WARNING: Train Tensorflow Model unrecognized output: op_def=op_def)
digits.webapp: WARNING: Train Tensorflow Model unrecognized output: File "/home/ethan/.local/lib/python2.7/site-packages/tensorflow/python/framework/ops.py", line 2336, in create_op
digits.webapp: WARNING: Train Tensorflow Model unrecognized output: original_op=self._default_original_op, op_def=op_def)
digits.webapp: WARNING: Train Tensorflow Model unrecognized output: File "/home/ethan/.local/lib/python2.7/site-packages/tensorflow/python/framework/ops.py", line 1228, in __init__
digits.webapp: WARNING: Train Tensorflow Model unrecognized output: self._traceback = _extract_stack()
digits.webapp: WARNING: Train Tensorflow Model unrecognized output: InvalidArgumentError (see above for traceback): Incompatible shapes: [10,3,10] vs. [10,10,3]
digits.webapp: WARNING: Train Tensorflow Model unrecognized output: [[Node: val/data/mean_subtraction/sub = Sub[T=DT_FLOAT, _device="/job:localhost/replica:0/task:0/cpu:0"](val/data/transpose, Const_Mean_Image)]]
digits.webapp: WARNING: Train Tensorflow Model unrecognized output: Traceback (most recent call last):
digits.webapp: WARNING: Train Tensorflow Model unrecognized output: File "/home/ethan/digits_GAN/digits/tools/tensorflow/main.py", line 692, in <module>
digits.webapp: WARNING: Train Tensorflow Model unrecognized output: tf.app.run()
digits.webapp: WARNING: Train Tensorflow Model unrecognized output: File "/home/ethan/.local/lib/python2.7/site-packages/tensorflow/python/platform/app.py", line 48, in run
digits.webapp: WARNING: Train Tensorflow Model unrecognized output: _sys.exit(main(_sys.argv[:1] + flags_passthrough))
digits.webapp: WARNING: Train Tensorflow Model unrecognized output: File "/home/ethan/digits_GAN/digits/tools/tensorflow/main.py", line 561, in main
digits.webapp: WARNING: Train Tensorflow Model unrecognized output: Validation(sess, val_model, 0)
digits.webapp: WARNING: Train Tensorflow Model unrecognized output: File "/home/ethan/digits_GAN/digits/tools/tensorflow/main.py", line 373, in Validation
digits.webapp: WARNING: Train Tensorflow Model unrecognized output: summary_str = sess.run(model.summary)
digits.webapp: WARNING: Train Tensorflow Model unrecognized output: File "/home/ethan/.local/lib/python2.7/site-packages/tensorflow/python/client/session.py", line 778, in run
digits.webapp: WARNING: Train Tensorflow Model unrecognized output: run_metadata_ptr)
digits.webapp: WARNING: Train Tensorflow Model unrecognized output: File "/home/ethan/.local/lib/python2.7/site-packages/tensorflow/python/client/session.py", line 982, in _run
digits.webapp: WARNING: Train Tensorflow Model unrecognized output: feed_dict_string, options, run_metadata)
digits.webapp: WARNING: Train Tensorflow Model unrecognized output: File "/home/ethan/.local/lib/python2.7/site-packages/tensorflow/python/client/session.py", line 1032, in _do_run
digits.webapp: WARNING: Train Tensorflow Model unrecognized output: target_list, options, run_metadata)
digits.webapp: WARNING: Train Tensorflow Model unrecognized output: File "/home/ethan/.local/lib/python2.7/site-packages/tensorflow/python/client/session.py", line 1052, in _do_call
digits.webapp: WARNING: Train Tensorflow Model unrecognized output: raise type(e)(node_def, op, message)
digits.webapp: WARNING: Train Tensorflow Model unrecognized output: tensorflow.python.framework.errors_impl.OutOfRangeError: PaddingFIFOQueue '_1_val/data/batcher/padding_fifo_queue' is closed and has insufficient elements (requested 10, current size 0)
digits.webapp: WARNING: Train Tensorflow Model unrecognized output: [[Node: val/data/batcher = QueueDequeueUpToV2[component_types=[DT_INT32, DT_FLOAT, DT_INT64], timeout_ms=-1, _device="/job:localhost/replica:0/task:0/cpu:0"](val/data/batcher/padding_fifo_queue, val/data/batcher/n)]]
digits.webapp: WARNING: Train Tensorflow Model unrecognized output: [[Node: val/data/batcher/_7 = _Recv[client_terminated=false, recv_device="/job:localhost/replica:0/task:0/gpu:0", send_device="/job:localhost/replica:0/task:0/cpu:0", send_device_incarnation=1, tensor_name="edge_25_val/data/batcher", tensor_type=DT_INT64, _device="/job:localhost/replica:0/task:0/gpu:0"]()]]
socketio: INFO: emitting event "task update" to 20170509-172147-4505 [/jobs]
digits.webapp: WARNING: Train Tensorflow Model unrecognized output: Caused by op u'val/data/batcher', defined at:
digits.webapp: WARNING: Train Tensorflow Model unrecognized output: File "/home/ethan/digits_GAN/digits/tools/tensorflow/main.py", line 692, in <module>
digits.webapp: WARNING: Train Tensorflow Model unrecognized output: tf.app.run()
digits.webapp: WARNING: Train Tensorflow Model unrecognized output: File "/home/ethan/.local/lib/python2.7/site-packages/tensorflow/python/platform/app.py", line 48, in run
digits.webapp: WARNING: Train Tensorflow Model unrecognized output: _sys.exit(main(_sys.argv[:1] + flags_passthrough))
digits.webapp: WARNING: Train Tensorflow Model unrecognized output: File "/home/ethan/digits_GAN/digits/tools/tensorflow/main.py", line 502, in main
digits.webapp: WARNING: Train Tensorflow Model unrecognized output: val_model.create_model(UserModel, stage_scope)  # noqa
digits.webapp: WARNING: Train Tensorflow Model unrecognized output: File "/home/ethan/digits_GAN/digits/tools/tensorflow/model.py", line 106, in create_model
digits.webapp: WARNING: Train Tensorflow Model unrecognized output: self.init_dataloader()
digits.webapp: WARNING: Train Tensorflow Model unrecognized output: File "/home/ethan/digits_GAN/digits/tools/tensorflow/model.py", line 102, in init_dataloader
digits.webapp: WARNING: Train Tensorflow Model unrecognized output: self.dataloader.create_input_pipeline()
digits.webapp: WARNING: Train Tensorflow Model unrecognized output: File "/home/ethan/digits_GAN/digits/tools/tensorflow/tf_data.py", line 407, in create_input_pipeline
digits.webapp: WARNING: Train Tensorflow Model unrecognized output: name='batcher',
digits.webapp: WARNING: Train Tensorflow Model unrecognized output: File "/home/ethan/.local/lib/python2.7/site-packages/tensorflow/python/training/input.py", line 917, in batch
digits.webapp: WARNING: Train Tensorflow Model unrecognized output: name=name)
digits.webapp: WARNING: Train Tensorflow Model unrecognized output: File "/home/ethan/.local/lib/python2.7/site-packages/tensorflow/python/training/input.py", line 710, in _batch
digits.webapp: WARNING: Train Tensorflow Model unrecognized output: dequeued = queue.dequeue_up_to(batch_size, name=name)
digits.webapp: WARNING: Train Tensorflow Model unrecognized output: File "/home/ethan/.local/lib/python2.7/site-packages/tensorflow/python/ops/data_flow_ops.py", line 499, in dequeue_up_to
digits.webapp: WARNING: Train Tensorflow Model unrecognized output: self._queue_ref, n=n, component_types=self._dtypes, name=name)
digits.webapp: WARNING: Train Tensorflow Model unrecognized output: File "/home/ethan/.local/lib/python2.7/site-packages/tensorflow/python/ops/gen_data_flow_ops.py", line 1420, in _queue_dequeue_up_to_v2
digits.webapp: WARNING: Train Tensorflow Model unrecognized output: timeout_ms=timeout_ms, name=name)
digits.webapp: WARNING: Train Tensorflow Model unrecognized output: File "/home/ethan/.local/lib/python2.7/site-packages/tensorflow/python/framework/op_def_library.py", line 768, in apply_op
digits.webapp: WARNING: Train Tensorflow Model unrecognized output: op_def=op_def)
digits.webapp: WARNING: Train Tensorflow Model unrecognized output: File "/home/ethan/.local/lib/python2.7/site-packages/tensorflow/python/framework/ops.py", line 2336, in create_op
digits.webapp: WARNING: Train Tensorflow Model unrecognized output: original_op=self._default_original_op, op_def=op_def)
digits.webapp: WARNING: Train Tensorflow Model unrecognized output: File "/home/ethan/.local/lib/python2.7/site-packages/tensorflow/python/framework/ops.py", line 1228, in __init__
digits.webapp: WARNING: Train Tensorflow Model unrecognized output: self._traceback = _extract_stack()
digits.webapp: WARNING: Train Tensorflow Model unrecognized output: OutOfRangeError (see above for traceback): PaddingFIFOQueue '_1_val/data/batcher/padding_fifo_queue' is closed and has insufficient elements (requested 10, current size 0)
digits.webapp: WARNING: Train Tensorflow Model unrecognized output: [[Node: val/data/batcher = QueueDequeueUpToV2[component_types=[DT_INT32, DT_FLOAT, DT_INT64], timeout_ms=-1, _device="/job:localhost/replica:0/task:0/cpu:0"](val/data/batcher/padding_fifo_queue, val/data/batcher/n)]]
digits.webapp: WARNING: Train Tensorflow Model unrecognized output: [[Node: val/data/batcher/_7 = _Recv[client_terminated=false, recv_device="/job:localhost/replica:0/task:0/gpu:0", send_device="/job:localhost/replica:0/task:0/cpu:0", send_device_incarnation=1, tensor_name="edge_25_val/data/batcher", tensor_type=DT_INT64, _device="/job:localhost/replica:0/task:0/gpu:0"]()]]
digits.webapp: WARNING: Train Tensorflow Model unrecognized output: Exception tensorflow.python.framework.errors_impl.InvalidArgumentError: InvalidArgumentError() in <bound method Model.__del__ of <model.Model object at 0x7f5f95a36b10>> ignored
digits.webapp: ERROR: Train Tensorflow Model task failed with error code 1
socketio: INFO: emitting event "task update" to 20170509-172202-9230 [/jobs]
socketio: INFO: emitting event "job update" to 20170509-172202-9230 [/jobs]
socketio: INFO: emitting event "job update" to job_management [/jobs]
socketio: INFO: emitting event "server update" to job_management [/jobs]
socketio: INFO: emitting event "job update" to 20170509-172202-9230 [/jobs]
socketio: INFO: emitting event "job update" to job_management [/jobs]
socketio: INFO: emitting event "job update" to job_management [/jobs]
socketio: INFO: emitting event "job update" to 20170509-172204-9e30 [/jobs]
socketio: INFO: emitting event "job update" to job_management [/jobs]
socketio: INFO: emitting event "server update" to job_management [/jobs]
digits.webapp: INFO: Parse Folder (train/val) task started.
socketio: INFO: emitting event "task update" to 20170509-172204-9e30 [/jobs]
socketio: INFO: emitting event "job update" to 20170509-172204-9e30 [/jobs]
socketio: INFO: emitting event "job update" to job_management [/jobs]
digits.webapp: INFO: Task subprocess args: "/usr/bin/python2 /home/ethan/digits_GAN/digits/tools/parse_folder.py /tmp/tmpFny52q /tmp/tmpX3R8Ve/20170509-172204-9e30/labels.txt --min=2 --train_file=/tmp/tmpX3R8Ve/20170509-172204-9e30/train.txt --val_file=/tmp/tmpX3R8Ve/20170509-172204-9e30/val.txt --percent_val=25.0"
socketio: INFO: emitting event "task update" to 20170509-172114-d063 [/jobs]
socketio: INFO: emitting event "task update" to 20170509-172202-9230 [/jobs]
socketio: INFO: emitting event "task update" to 20170509-172147-4505 [/jobs]
socketio: INFO: emitting event "task update" to 20170509-172114-d063 [/jobs]
socketio: INFO: emitting event "task update" to 20170509-172202-9230 [/jobs]
socketio: INFO: emitting event "task update" to 20170509-172147-4505 [/jobs]
digits.webapp: WARNING: Parse Folder (train/val) unrecognized output: WARNING: log_file config option not found - no log file is being saved
socketio: INFO: emitting event "task update" to 20170509-172204-9e30 [/jobs]
socketio: INFO: emitting event "job update" to job_management [/jobs]
socketio: INFO: emitting event "task update" to 20170509-172204-9e30 [/jobs]
socketio: INFO: emitting event "job update" to job_management [/jobs]
socketio: INFO: emitting event "task update" to 20170509-172204-9e30 [/jobs]
socketio: INFO: emitting event "job update" to job_management [/jobs]
digits.webapp: INFO: Parse Folder (train/val) task completed.
socketio: INFO: emitting event "task update" to 20170509-172204-9e30 [/jobs]
socketio: INFO: emitting event "job update" to job_management [/jobs]
socketio: INFO: emitting event "task update" to 20170509-172204-9e30 [/jobs]
socketio: INFO: emitting event "job update" to 20170509-172204-9e30 [/jobs]
socketio: INFO: emitting event "job update" to job_management [/jobs]
socketio: INFO: emitting event "server update" to job_management [/jobs]
socketio: INFO: emitting event "task update" to 20170509-172114-d063 [/jobs]
socketio: INFO: emitting event "server update" to job_management [/jobs]
socketio: INFO: emitting event "server update" to job_management [/jobs]
digits.webapp: INFO: Create DB (train) task started.
socketio: INFO: emitting event "task update" to 20170509-172204-9e30 [/jobs]
socketio: INFO: emitting event "job update" to 20170509-172204-9e30 [/jobs]
socketio: INFO: emitting event "job update" to job_management [/jobs]
digits.webapp: INFO: Task subprocess args: "/usr/bin/python2 /home/ethan/digits_GAN/digits/tools/create_db.py /tmp/tmpX3R8Ve/20170509-172204-9e30/train.txt /tmp/tmpX3R8Ve/20170509-172204-9e30/train_db 10 20 --backend=hdf5 --channels=3 --resize_mode=squash --mean_file=/tmp/tmpX3R8Ve/20170509-172204-9e30/mean.binaryproto --mean_file=/tmp/tmpX3R8Ve/20170509-172204-9e30/mean.jpg --shuffle --hdf5_dset_limit=2147483648"
digits.webapp: INFO: Create DB (val) task started.
socketio: INFO: emitting event "task update" to 20170509-172204-9e30 [/jobs]
socketio: INFO: emitting event "job update" to 20170509-172204-9e30 [/jobs]
socketio: INFO: emitting event "job update" to job_management [/jobs]
digits.webapp: INFO: Task subprocess args: "/usr/bin/python2 /home/ethan/digits_GAN/digits/tools/create_db.py /tmp/tmpX3R8Ve/20170509-172204-9e30/val.txt /tmp/tmpX3R8Ve/20170509-172204-9e30/val_db 10 20 --backend=hdf5 --channels=3 --resize_mode=squash --shuffle --hdf5_dset_limit=2147483648"
socketio: INFO: emitting event "task update" to 20170509-172202-9230 [/jobs]
socketio: INFO: emitting event "task update" to 20170509-172147-4505 [/jobs]
socketio: INFO: emitting event "task update" to 20170509-172114-d063 [/jobs]
socketio: INFO: emitting event "task update" to 20170509-172202-9230 [/jobs]
socketio: INFO: emitting event "task update" to 20170509-172147-4505 [/jobs]
socketio: INFO: emitting event "task update" to 20170509-172114-d063 [/jobs]
socketio: INFO: emitting event "task update" to 20170509-172202-9230 [/jobs]
socketio: INFO: emitting event "task update" to 20170509-172147-4505 [/jobs]
digits.webapp: WARNING: Create DB (train) unrecognized output: WARNING: log_file config option not found - no log file is being saved
socketio: INFO: emitting event "task update" to 20170509-172204-9e30 [/jobs]
digits.webapp: WARNING: Create DB (val) unrecognized output: WARNING: log_file config option not found - no log file is being saved
socketio: INFO: emitting event "task update" to 20170509-172204-9e30 [/jobs]
socketio: INFO: emitting event "task update" to 20170509-172114-d063 [/jobs]
digits.webapp: DEBUG: 24 images written to database
digits.webapp: DEBUG: 6 images written to database
socketio: INFO: emitting event "task update" to 20170509-172204-9e30 [/jobs]
digits.webapp: INFO: Create DB (train) task completed.
socketio: INFO: emitting event "task update" to 20170509-172204-9e30 [/jobs]
socketio: INFO: emitting event "job update" to job_management [/jobs]
socketio: INFO: emitting event "task update" to 20170509-172204-9e30 [/jobs]
socketio: INFO: emitting event "job update" to 20170509-172204-9e30 [/jobs]
socketio: INFO: emitting event "job update" to job_management [/jobs]
socketio: INFO: emitting event "server update" to job_management [/jobs]
digits.webapp: INFO: Create DB (val) task completed.
socketio: INFO: emitting event "task update" to 20170509-172204-9e30 [/jobs]
socketio: INFO: emitting event "job update" to job_management [/jobs]
socketio: INFO: emitting event "task update" to 20170509-172204-9e30 [/jobs]
socketio: INFO: emitting event "job update" to 20170509-172204-9e30 [/jobs]
socketio: INFO: emitting event "job update" to job_management [/jobs]
socketio: INFO: emitting event "server update" to job_management [/jobs]
socketio: INFO: emitting event "job update" to job_management [/jobs]
socketio: INFO: emitting event "job update" to 20170509-172204-9e30 [/jobs]
socketio: INFO: emitting event "job update" to job_management [/jobs]
digits: INFO: Job complete.
socketio: INFO: emitting event "task update" to 20170509-172202-9230 [/jobs]
socketio: INFO: emitting event "job update" to job_management [/jobs]
socketio: INFO: emitting event "job update" to 20170509-172210-1907 [/jobs]
socketio: INFO: emitting event "job update" to job_management [/jobs]
socketio: INFO: emitting event "server update" to job_management [/jobs]
digits.webapp: INFO: Train Tensorflow Model task started.
socketio: INFO: emitting event "task update" to 20170509-172210-1907 [/jobs]
socketio: INFO: emitting event "job update" to 20170509-172210-1907 [/jobs]
socketio: INFO: emitting event "job update" to job_management [/jobs]
digits.webapp: INFO: Task subprocess args: "python2 /home/ethan/digits_GAN/digits/tools/tensorflow/main.py --network=network.py --epoch=1 --networkDirectory=/tmp/tmpX3R8Ve/20170509-172210-1907 --save=/tmp/tmpX3R8Ve/20170509-172210-1907 --snapshotPrefix=snapshot --snapshotInterval=1 --lr_base_rate=0.01 --lr_policy=step --batch_size=10 --mean=/tmp/tmpX3R8Ve/20170509-172204-9e30/mean.binaryproto --labels_list=/tmp/tmpX3R8Ve/20170509-172204-9e30/labels.txt --train_db=/tmp/tmpX3R8Ve/20170509-172204-9e30/train_db --validation_db=/tmp/tmpX3R8Ve/20170509-172204-9e30/val_db --lr_gamma=0.1 --lr_stepvalues=33 --shuffle=1 --subtractMean=image --seed=3405691582 --optimization=sgd --validation_interval=1 --log_runtime_stats_per_step=0 --augFlip=none --augHSVh=0 --augHSVs=0 --augHSVv=0"
socketio: INFO: emitting event "task update" to 20170509-172210-1907 [/jobs]
socketio: INFO: emitting event "task update" to 20170509-172147-4505 [/jobs]
socketio: INFO: emitting event "task update" to 20170509-172114-d063 [/jobs]
socketio: INFO: emitting event "task update" to 20170509-172202-9230 [/jobs]
socketio: INFO: emitting event "task update" to 20170509-172147-4505 [/jobs]
digits.webapp: WARNING: Train Tensorflow Model unrecognized output: 2017-05-09 17:22:11.641512: W tensorflow/core/platform/cpu_feature_guard.cc:45] The TensorFlow library wasn't compiled to use SSE4.1 instructions, but these are available on your machine and could speed up CPU computations.
digits.webapp: WARNING: Train Tensorflow Model unrecognized output: 2017-05-09 17:22:11.641523: W tensorflow/core/platform/cpu_feature_guard.cc:45] The TensorFlow library wasn't compiled to use SSE4.2 instructions, but these are available on your machine and could speed up CPU computations.
digits.webapp: WARNING: Train Tensorflow Model unrecognized output: 2017-05-09 17:22:11.641528: W tensorflow/core/platform/cpu_feature_guard.cc:45] The TensorFlow library wasn't compiled to use AVX instructions, but these are available on your machine and could speed up CPU computations.
socketio: INFO: emitting event "task update" to 20170509-172114-d063 [/jobs]
digits.webapp: WARNING: Train Tensorflow Model unrecognized output: 2017-05-09 17:22:11.748837: I tensorflow/stream_executor/cuda/cuda_gpu_executor.cc:901] successful NUMA node read from SysFS had negative value (-1), but there must be at least one NUMA node, so returning NUMA node zero
digits.webapp: WARNING: Train Tensorflow Model unrecognized output: 2017-05-09 17:22:11.749251: I tensorflow/core/common_runtime/gpu/gpu_device.cc:887] Found device 0 with properties:
digits.webapp: WARNING: Train Tensorflow Model unrecognized output: name: GeForce GTX TITAN X
digits.webapp: WARNING: Train Tensorflow Model unrecognized output: major: 5 minor: 2 memoryClockRate (GHz) 1.076
digits.webapp: WARNING: Train Tensorflow Model unrecognized output: pciBusID 0000:01:00.0
digits.webapp: WARNING: Train Tensorflow Model unrecognized output: Total memory: 11.92GiB
digits.webapp: WARNING: Train Tensorflow Model unrecognized output: Free memory: 10.24GiB
digits.webapp: WARNING: Train Tensorflow Model unrecognized output: 2017-05-09 17:22:11.749264: I tensorflow/core/common_runtime/gpu/gpu_device.cc:908] DMA: 0
digits.webapp: WARNING: Train Tensorflow Model unrecognized output: 2017-05-09 17:22:11.749269: I tensorflow/core/common_runtime/gpu/gpu_device.cc:918] 0:   Y
digits.webapp: WARNING: Train Tensorflow Model unrecognized output: 2017-05-09 17:22:11.749281: I tensorflow/core/common_runtime/gpu/gpu_device.cc:977] Creating TensorFlow device (/gpu:0) -> (device: 0, name: GeForce GTX TITAN X, pci bus id: 0000:01:00.0)
digits.webapp: WARNING: Train Tensorflow Model unrecognized output: 2017-05-09 17:22:11.851013: I tensorflow/core/common_runtime/gpu/gpu_device.cc:977] Creating TensorFlow device (/gpu:0) -> (device: 0, name: GeForce GTX TITAN X, pci bus id: 0000:01:00.0)
digits.webapp: WARNING: Train Tensorflow Model unrecognized output: 2017-05-09 17:22:11.857443: I tensorflow/core/common_runtime/gpu/gpu_device.cc:977] Creating TensorFlow device (/gpu:0) -> (device: 0, name: GeForce GTX TITAN X, pci bus id: 0000:01:00.0)
digits.webapp: WARNING: Train Tensorflow Model unrecognized output: INFO:tensorflow:Error reported to Coordinator: <class 'tensorflow.python.framework.errors_impl.InvalidArgumentError'>, Incompatible shapes: [10,3,20] vs. [20,10,3]
digits.webapp: WARNING: Train Tensorflow Model unrecognized output: [[Node: val/data/mean_subtraction/sub = Sub[T=DT_FLOAT, _device="/job:localhost/replica:0/task:0/cpu:0"](val/data/transpose, Const_Mean_Image)]]
socketio: INFO: emitting event "task update" to 20170509-172202-9230 [/jobs]
digits.webapp: WARNING: Train Tensorflow Model unrecognized output: Caused by op u'val/data/mean_subtraction/sub', defined at:
digits.webapp: WARNING: Train Tensorflow Model unrecognized output: File "/home/ethan/digits_GAN/digits/tools/tensorflow/main.py", line 692, in <module>
digits.webapp: WARNING: Train Tensorflow Model unrecognized output: tf.app.run()
digits.webapp: WARNING: Train Tensorflow Model unrecognized output: File "/home/ethan/.local/lib/python2.7/site-packages/tensorflow/python/platform/app.py", line 48, in run
digits.webapp: WARNING: Train Tensorflow Model unrecognized output: _sys.exit(main(_sys.argv[:1] + flags_passthrough))
digits.webapp: WARNING: Train Tensorflow Model unrecognized output: File "/home/ethan/digits_GAN/digits/tools/tensorflow/main.py", line 502, in main
digits.webapp: WARNING: Train Tensorflow Model unrecognized output: val_model.create_model(UserModel, stage_scope)  # noqa
digits.webapp: WARNING: Train Tensorflow Model unrecognized output: File "/home/ethan/digits_GAN/digits/tools/tensorflow/model.py", line 106, in create_model
digits.webapp: WARNING: Train Tensorflow Model unrecognized output: self.init_dataloader()
digits.webapp: WARNING: Train Tensorflow Model unrecognized output: File "/home/ethan/digits_GAN/digits/tools/tensorflow/model.py", line 102, in init_dataloader
digits.webapp: WARNING: Train Tensorflow Model unrecognized output: self.dataloader.create_input_pipeline()
digits.webapp: WARNING: Train Tensorflow Model unrecognized output: File "/home/ethan/digits_GAN/digits/tools/tensorflow/tf_data.py", line 317, in create_input_pipeline
digits.webapp: WARNING: Train Tensorflow Model unrecognized output: single_data = self.mean_loader.subtract_mean_op(single_data)
digits.webapp: WARNING: Train Tensorflow Model unrecognized output: File "/home/ethan/digits_GAN/digits/tools/tensorflow/tf_data.py", line 150, in subtract_mean_op
digits.webapp: WARNING: Train Tensorflow Model unrecognized output: return (tf_graph - self.tf_mean_image)
digits.webapp: WARNING: Train Tensorflow Model unrecognized output: File "/home/ethan/.local/lib/python2.7/site-packages/tensorflow/python/ops/math_ops.py", line 821, in binary_op_wrapper
digits.webapp: WARNING: Train Tensorflow Model unrecognized output: return func(x, y, name=name)
digits.webapp: WARNING: Train Tensorflow Model unrecognized output: File "/home/ethan/.local/lib/python2.7/site-packages/tensorflow/python/ops/gen_math_ops.py", line 2627, in _sub
digits.webapp: WARNING: Train Tensorflow Model unrecognized output: result = _op_def_lib.apply_op("Sub", x=x, y=y, name=name)
digits.webapp: WARNING: Train Tensorflow Model unrecognized output: File "/home/ethan/.local/lib/python2.7/site-packages/tensorflow/python/framework/op_def_library.py", line 768, in apply_op
digits.webapp: WARNING: Train Tensorflow Model unrecognized output: op_def=op_def)
digits.webapp: WARNING: Train Tensorflow Model unrecognized output: File "/home/ethan/.local/lib/python2.7/site-packages/tensorflow/python/framework/ops.py", line 2336, in create_op
digits.webapp: WARNING: Train Tensorflow Model unrecognized output: original_op=self._default_original_op, op_def=op_def)
digits.webapp: WARNING: Train Tensorflow Model unrecognized output: File "/home/ethan/.local/lib/python2.7/site-packages/tensorflow/python/framework/ops.py", line 1228, in __init__
digits.webapp: WARNING: Train Tensorflow Model unrecognized output: self._traceback = _extract_stack()
digits.webapp: WARNING: Train Tensorflow Model unrecognized output: InvalidArgumentError (see above for traceback): Incompatible shapes: [10,3,20] vs. [20,10,3]
digits.webapp: WARNING: Train Tensorflow Model unrecognized output: [[Node: val/data/mean_subtraction/sub = Sub[T=DT_FLOAT, _device="/job:localhost/replica:0/task:0/cpu:0"](val/data/transpose, Const_Mean_Image)]]
digits.webapp: WARNING: Train Tensorflow Model unrecognized output: [[Node: val/data/mean_subtraction/sub = Sub[T=DT_FLOAT, _device="/job:localhost/replica:0/task:0/cpu:0"](val/data/transpose, Const_Mean_Image)]]
socketio: INFO: emitting event "task update" to 20170509-172210-1907 [/jobs]
socketio: INFO: emitting event "task update" to 20170509-172147-4505 [/jobs]
digits.webapp: WARNING: Train Tensorflow Model unrecognized output: Caused by op u'val/data/mean_subtraction/sub', defined at:
digits.webapp: WARNING: Train Tensorflow Model unrecognized output: File "/home/ethan/digits_GAN/digits/tools/tensorflow/main.py", line 692, in <module>
digits.webapp: WARNING: Train Tensorflow Model unrecognized output: tf.app.run()
digits.webapp: WARNING: Train Tensorflow Model unrecognized output: File "/home/ethan/.local/lib/python2.7/site-packages/tensorflow/python/platform/app.py", line 48, in run
digits.webapp: WARNING: Train Tensorflow Model unrecognized output: _sys.exit(main(_sys.argv[:1] + flags_passthrough))
digits.webapp: WARNING: Train Tensorflow Model unrecognized output: File "/home/ethan/digits_GAN/digits/tools/tensorflow/main.py", line 502, in main
digits.webapp: WARNING: Train Tensorflow Model unrecognized output: val_model.create_model(UserModel, stage_scope)  # noqa
digits.webapp: WARNING: Train Tensorflow Model unrecognized output: File "/home/ethan/digits_GAN/digits/tools/tensorflow/model.py", line 106, in create_model
digits.webapp: WARNING: Train Tensorflow Model unrecognized output: self.init_dataloader()
digits.webapp: WARNING: Train Tensorflow Model unrecognized output: File "/home/ethan/digits_GAN/digits/tools/tensorflow/model.py", line 102, in init_dataloader
digits.webapp: WARNING: Train Tensorflow Model unrecognized output: self.dataloader.create_input_pipeline()
digits.webapp: WARNING: Train Tensorflow Model unrecognized output: File "/home/ethan/digits_GAN/digits/tools/tensorflow/tf_data.py", line 317, in create_input_pipeline
digits.webapp: WARNING: Train Tensorflow Model unrecognized output: single_data = self.mean_loader.subtract_mean_op(single_data)
digits.webapp: WARNING: Train Tensorflow Model unrecognized output: File "/home/ethan/digits_GAN/digits/tools/tensorflow/tf_data.py", line 150, in subtract_mean_op
digits.webapp: WARNING: Train Tensorflow Model unrecognized output: return (tf_graph - self.tf_mean_image)
digits.webapp: WARNING: Train Tensorflow Model unrecognized output: File "/home/ethan/.local/lib/python2.7/site-packages/tensorflow/python/ops/math_ops.py", line 821, in binary_op_wrapper
digits.webapp: WARNING: Train Tensorflow Model unrecognized output: return func(x, y, name=name)
digits.webapp: WARNING: Train Tensorflow Model unrecognized output: File "/home/ethan/.local/lib/python2.7/site-packages/tensorflow/python/ops/gen_math_ops.py", line 2627, in _sub
digits.webapp: WARNING: Train Tensorflow Model unrecognized output: result = _op_def_lib.apply_op("Sub", x=x, y=y, name=name)
digits.webapp: WARNING: Train Tensorflow Model unrecognized output: File "/home/ethan/.local/lib/python2.7/site-packages/tensorflow/python/framework/op_def_library.py", line 768, in apply_op
digits.webapp: WARNING: Train Tensorflow Model unrecognized output: op_def=op_def)
digits.webapp: WARNING: Train Tensorflow Model unrecognized output: File "/home/ethan/.local/lib/python2.7/site-packages/tensorflow/python/framework/ops.py", line 2336, in create_op
digits.webapp: WARNING: Train Tensorflow Model unrecognized output: original_op=self._default_original_op, op_def=op_def)
digits.webapp: WARNING: Train Tensorflow Model unrecognized output: File "/home/ethan/.local/lib/python2.7/site-packages/tensorflow/python/framework/ops.py", line 1228, in __init__
digits.webapp: WARNING: Train Tensorflow Model unrecognized output: self._traceback = _extract_stack()
digits.webapp: WARNING: Train Tensorflow Model unrecognized output: InvalidArgumentError (see above for traceback): Incompatible shapes: [10,3,20] vs. [20,10,3]
digits.webapp: WARNING: Train Tensorflow Model unrecognized output: [[Node: val/data/mean_subtraction/sub = Sub[T=DT_FLOAT, _device="/job:localhost/replica:0/task:0/cpu:0"](val/data/transpose, Const_Mean_Image)]]
digits.webapp: WARNING: Train Tensorflow Model unrecognized output: Traceback (most recent call last):
digits.webapp: WARNING: Train Tensorflow Model unrecognized output: File "/home/ethan/digits_GAN/digits/tools/tensorflow/main.py", line 692, in <module>
digits.webapp: WARNING: Train Tensorflow Model unrecognized output: tf.app.run()
digits.webapp: WARNING: Train Tensorflow Model unrecognized output: File "/home/ethan/.local/lib/python2.7/site-packages/tensorflow/python/platform/app.py", line 48, in run
digits.webapp: WARNING: Train Tensorflow Model unrecognized output: _sys.exit(main(_sys.argv[:1] + flags_passthrough))
digits.webapp: WARNING: Train Tensorflow Model unrecognized output: File "/home/ethan/digits_GAN/digits/tools/tensorflow/main.py", line 561, in main
digits.webapp: WARNING: Train Tensorflow Model unrecognized output: Validation(sess, val_model, 0)
digits.webapp: WARNING: Train Tensorflow Model unrecognized output: File "/home/ethan/digits_GAN/digits/tools/tensorflow/main.py", line 373, in Validation
digits.webapp: WARNING: Train Tensorflow Model unrecognized output: summary_str = sess.run(model.summary)
digits.webapp: WARNING: Train Tensorflow Model unrecognized output: File "/home/ethan/.local/lib/python2.7/site-packages/tensorflow/python/client/session.py", line 778, in run
digits.webapp: WARNING: Train Tensorflow Model unrecognized output: run_metadata_ptr)
digits.webapp: WARNING: Train Tensorflow Model unrecognized output: File "/home/ethan/.local/lib/python2.7/site-packages/tensorflow/python/client/session.py", line 982, in _run
digits.webapp: WARNING: Train Tensorflow Model unrecognized output: feed_dict_string, options, run_metadata)
digits.webapp: WARNING: Train Tensorflow Model unrecognized output: File "/home/ethan/.local/lib/python2.7/site-packages/tensorflow/python/client/session.py", line 1032, in _do_run
digits.webapp: WARNING: Train Tensorflow Model unrecognized output: target_list, options, run_metadata)
digits.webapp: WARNING: Train Tensorflow Model unrecognized output: File "/home/ethan/.local/lib/python2.7/site-packages/tensorflow/python/client/session.py", line 1052, in _do_call
digits.webapp: WARNING: Train Tensorflow Model unrecognized output: raise type(e)(node_def, op, message)
digits.webapp: WARNING: Train Tensorflow Model unrecognized output: tensorflow.python.framework.errors_impl.OutOfRangeError: PaddingFIFOQueue '_1_val/data/batcher/padding_fifo_queue' is closed and has insufficient elements (requested 10, current size 0)
digits.webapp: WARNING: Train Tensorflow Model unrecognized output: [[Node: val/data/batcher = QueueDequeueUpToV2[component_types=[DT_INT32, DT_FLOAT, DT_INT64], timeout_ms=-1, _device="/job:localhost/replica:0/task:0/cpu:0"](val/data/batcher/padding_fifo_queue, val/data/batcher/n)]]
digits.webapp: WARNING: Train Tensorflow Model unrecognized output: [[Node: val/data/batcher/_7 = _Recv[client_terminated=false, recv_device="/job:localhost/replica:0/task:0/gpu:0", send_device="/job:localhost/replica:0/task:0/cpu:0", send_device_incarnation=1, tensor_name="edge_25_val/data/batcher", tensor_type=DT_INT64, _device="/job:localhost/replica:0/task:0/gpu:0"]()]]
digits.webapp: WARNING: Train Tensorflow Model unrecognized output: Caused by op u'val/data/batcher', defined at:
digits.webapp: WARNING: Train Tensorflow Model unrecognized output: File "/home/ethan/digits_GAN/digits/tools/tensorflow/main.py", line 692, in <module>
digits.webapp: WARNING: Train Tensorflow Model unrecognized output: tf.app.run()
digits.webapp: WARNING: Train Tensorflow Model unrecognized output: File "/home/ethan/.local/lib/python2.7/site-packages/tensorflow/python/platform/app.py", line 48, in run
digits.webapp: WARNING: Train Tensorflow Model unrecognized output: _sys.exit(main(_sys.argv[:1] + flags_passthrough))
digits.webapp: WARNING: Train Tensorflow Model unrecognized output: File "/home/ethan/digits_GAN/digits/tools/tensorflow/main.py", line 502, in main
digits.webapp: WARNING: Train Tensorflow Model unrecognized output: val_model.create_model(UserModel, stage_scope)  # noqa
digits.webapp: WARNING: Train Tensorflow Model unrecognized output: File "/home/ethan/digits_GAN/digits/tools/tensorflow/model.py", line 106, in create_model
digits.webapp: WARNING: Train Tensorflow Model unrecognized output: self.init_dataloader()
digits.webapp: WARNING: Train Tensorflow Model unrecognized output: File "/home/ethan/digits_GAN/digits/tools/tensorflow/model.py", line 102, in init_dataloader
digits.webapp: WARNING: Train Tensorflow Model unrecognized output: self.dataloader.create_input_pipeline()
digits.webapp: WARNING: Train Tensorflow Model unrecognized output: File "/home/ethan/digits_GAN/digits/tools/tensorflow/tf_data.py", line 407, in create_input_pipeline
digits.webapp: WARNING: Train Tensorflow Model unrecognized output: name='batcher',
digits.webapp: WARNING: Train Tensorflow Model unrecognized output: File "/home/ethan/.local/lib/python2.7/site-packages/tensorflow/python/training/input.py", line 917, in batch
digits.webapp: WARNING: Train Tensorflow Model unrecognized output: name=name)
digits.webapp: WARNING: Train Tensorflow Model unrecognized output: File "/home/ethan/.local/lib/python2.7/site-packages/tensorflow/python/training/input.py", line 710, in _batch
digits.webapp: WARNING: Train Tensorflow Model unrecognized output: dequeued = queue.dequeue_up_to(batch_size, name=name)
digits.webapp: WARNING: Train Tensorflow Model unrecognized output: File "/home/ethan/.local/lib/python2.7/site-packages/tensorflow/python/ops/data_flow_ops.py", line 499, in dequeue_up_to
digits.webapp: WARNING: Train Tensorflow Model unrecognized output: self._queue_ref, n=n, component_types=self._dtypes, name=name)
digits.webapp: WARNING: Train Tensorflow Model unrecognized output: File "/home/ethan/.local/lib/python2.7/site-packages/tensorflow/python/ops/gen_data_flow_ops.py", line 1420, in _queue_dequeue_up_to_v2
digits.webapp: WARNING: Train Tensorflow Model unrecognized output: timeout_ms=timeout_ms, name=name)
digits.webapp: WARNING: Train Tensorflow Model unrecognized output: File "/home/ethan/.local/lib/python2.7/site-packages/tensorflow/python/framework/op_def_library.py", line 768, in apply_op
digits.webapp: WARNING: Train Tensorflow Model unrecognized output: op_def=op_def)
digits.webapp: WARNING: Train Tensorflow Model unrecognized output: File "/home/ethan/.local/lib/python2.7/site-packages/tensorflow/python/framework/ops.py", line 2336, in create_op
digits.webapp: WARNING: Train Tensorflow Model unrecognized output: original_op=self._default_original_op, op_def=op_def)
digits.webapp: WARNING: Train Tensorflow Model unrecognized output: File "/home/ethan/.local/lib/python2.7/site-packages/tensorflow/python/framework/ops.py", line 1228, in __init__
digits.webapp: WARNING: Train Tensorflow Model unrecognized output: self._traceback = _extract_stack()
digits.webapp: WARNING: Train Tensorflow Model unrecognized output: OutOfRangeError (see above for traceback): PaddingFIFOQueue '_1_val/data/batcher/padding_fifo_queue' is closed and has insufficient elements (requested 10, current size 0)
digits.webapp: WARNING: Train Tensorflow Model unrecognized output: [[Node: val/data/batcher = QueueDequeueUpToV2[component_types=[DT_INT32, DT_FLOAT, DT_INT64], timeout_ms=-1, _device="/job:localhost/replica:0/task:0/cpu:0"](val/data/batcher/padding_fifo_queue, val/data/batcher/n)]]
digits.webapp: WARNING: Train Tensorflow Model unrecognized output: [[Node: val/data/batcher/_7 = _Recv[client_terminated=false, recv_device="/job:localhost/replica:0/task:0/gpu:0", send_device="/job:localhost/replica:0/task:0/cpu:0", send_device_incarnation=1, tensor_name="edge_25_val/data/batcher", tensor_type=DT_INT64, _device="/job:localhost/replica:0/task:0/gpu:0"]()]]
digits.webapp: WARNING: Train Tensorflow Model unrecognized output: Exception tensorflow.python.framework.errors_impl.InvalidArgumentError: InvalidArgumentError() in <bound method Model.__del__ of <model.Model object at 0x7fbcf6736b10>> ignored
digits.webapp: ERROR: Train Tensorflow Model task failed with error code 1
socketio: INFO: emitting event "task update" to 20170509-172210-1907 [/jobs]
socketio: INFO: emitting event "job update" to 20170509-172210-1907 [/jobs]
socketio: INFO: emitting event "job update" to job_management [/jobs]
socketio: INFO: emitting event "server update" to job_management [/jobs]
socketio: INFO: emitting event "job update" to 20170509-172210-1907 [/jobs]
socketio: INFO: emitting event "job update" to job_management [/jobs]
--------------------- >> end captured logging << ---------------------

======================================================================
ERROR: test suite for <class 'digits.model.images.classification.test_views.TestTensorflowCreatedUnencodedShuffle'>
----------------------------------------------------------------------
Traceback (most recent call last):
  File "/home/ethan/.local/lib/python2.7/site-packages/nose/suite.py", line 209, in run
    self.setUp()
  File "/home/ethan/.local/lib/python2.7/site-packages/nose/suite.py", line 292, in setUp
    self.setupContext(ancestor)
  File "/home/ethan/.local/lib/python2.7/site-packages/nose/suite.py", line 315, in setupContext
    try_run(context, names)
  File "/home/ethan/.local/lib/python2.7/site-packages/nose/util.py", line 471, in try_run
    return func()
  File "/home/ethan/digits_GAN/digits/model/images/classification/test_views.py", line 291, in setUpClass
    assert cls.model_wait_completion(cls.model_id) == 'Done', 'create failed'
AssertionError: create failed
-------------------- >> begin captured logging << --------------------
digits: INFO: Job deleted.
socketio: INFO: emitting event "job update" to job_management [/jobs]
digits: INFO: Job deleted.
socketio: INFO: emitting event "job update" to job_management [/jobs]
socketio: INFO: emitting event "job update" to job_management [/jobs]
socketio: INFO: emitting event "job update" to 20170509-172156-e8ec [/jobs]
socketio: INFO: emitting event "job update" to job_management [/jobs]
socketio: INFO: emitting event "server update" to job_management [/jobs]
digits.webapp: INFO: Parse Folder (train/val) task started.
socketio: INFO: emitting event "task update" to 20170509-172156-e8ec [/jobs]
socketio: INFO: emitting event "job update" to 20170509-172156-e8ec [/jobs]
socketio: INFO: emitting event "job update" to job_management [/jobs]
digits.webapp: INFO: Task subprocess args: "/usr/bin/python2 /home/ethan/digits_GAN/digits/tools/parse_folder.py /tmp/tmpetNXwe /tmp/tmpX3R8Ve/20170509-172156-e8ec/labels.txt --min=2 --train_file=/tmp/tmpX3R8Ve/20170509-172156-e8ec/train.txt --val_file=/tmp/tmpX3R8Ve/20170509-172156-e8ec/val.txt --percent_val=25.0"
socketio: INFO: emitting event "task update" to 20170509-172114-d063 [/jobs]
socketio: INFO: emitting event "task update" to 20170509-172147-4505 [/jobs]
socketio: INFO: emitting event "task update" to 20170509-172114-d063 [/jobs]
socketio: INFO: emitting event "task update" to 20170509-172147-4505 [/jobs]
digits.webapp: WARNING: Parse Folder (train/val) unrecognized output: WARNING: log_file config option not found - no log file is being saved
socketio: INFO: emitting event "task update" to 20170509-172156-e8ec [/jobs]
socketio: INFO: emitting event "job update" to job_management [/jobs]
socketio: INFO: emitting event "task update" to 20170509-172156-e8ec [/jobs]
socketio: INFO: emitting event "job update" to job_management [/jobs]
socketio: INFO: emitting event "task update" to 20170509-172156-e8ec [/jobs]
socketio: INFO: emitting event "job update" to job_management [/jobs]
digits.webapp: INFO: Parse Folder (train/val) task completed.
socketio: INFO: emitting event "task update" to 20170509-172156-e8ec [/jobs]
socketio: INFO: emitting event "job update" to job_management [/jobs]
socketio: INFO: emitting event "task update" to 20170509-172156-e8ec [/jobs]
socketio: INFO: emitting event "job update" to 20170509-172156-e8ec [/jobs]
socketio: INFO: emitting event "job update" to job_management [/jobs]
socketio: INFO: emitting event "server update" to job_management [/jobs]
socketio: INFO: emitting event "server update" to job_management [/jobs]
socketio: INFO: emitting event "server update" to job_management [/jobs]
digits.webapp: INFO: Create DB (train) task started.
socketio: INFO: emitting event "task update" to 20170509-172156-e8ec [/jobs]
socketio: INFO: emitting event "job update" to 20170509-172156-e8ec [/jobs]
socketio: INFO: emitting event "job update" to job_management [/jobs]
digits.webapp: INFO: Task subprocess args: "/usr/bin/python2 /home/ethan/digits_GAN/digits/tools/create_db.py /tmp/tmpX3R8Ve/20170509-172156-e8ec/train.txt /tmp/tmpX3R8Ve/20170509-172156-e8ec/train_db 10 10 --backend=hdf5 --channels=3 --resize_mode=squash --mean_file=/tmp/tmpX3R8Ve/20170509-172156-e8ec/mean.binaryproto --mean_file=/tmp/tmpX3R8Ve/20170509-172156-e8ec/mean.jpg --shuffle --hdf5_dset_limit=2147483648"
digits.webapp: INFO: Create DB (val) task started.
socketio: INFO: emitting event "task update" to 20170509-172156-e8ec [/jobs]
socketio: INFO: emitting event "job update" to 20170509-172156-e8ec [/jobs]
socketio: INFO: emitting event "job update" to job_management [/jobs]
digits.webapp: INFO: Task subprocess args: "/usr/bin/python2 /home/ethan/digits_GAN/digits/tools/create_db.py /tmp/tmpX3R8Ve/20170509-172156-e8ec/val.txt /tmp/tmpX3R8Ve/20170509-172156-e8ec/val_db 10 10 --backend=hdf5 --channels=3 --resize_mode=squash --shuffle --hdf5_dset_limit=2147483648"
socketio: INFO: emitting event "task update" to 20170509-172114-d063 [/jobs]
socketio: INFO: emitting event "task update" to 20170509-172147-4505 [/jobs]
socketio: INFO: emitting event "task update" to 20170509-172114-d063 [/jobs]
socketio: INFO: emitting event "task update" to 20170509-172147-4505 [/jobs]
socketio: INFO: emitting event "task update" to 20170509-172114-d063 [/jobs]
socketio: INFO: emitting event "task update" to 20170509-172147-4505 [/jobs]
digits.webapp: WARNING: Create DB (train) unrecognized output: WARNING: log_file config option not found - no log file is being saved
socketio: INFO: emitting event "task update" to 20170509-172156-e8ec [/jobs]
digits.webapp: DEBUG: 24 images written to database
digits.webapp: WARNING: Create DB (val) unrecognized output: WARNING: log_file config option not found - no log file is being saved
socketio: INFO: emitting event "task update" to 20170509-172156-e8ec [/jobs]
socketio: INFO: emitting event "task update" to 20170509-172156-e8ec [/jobs]
digits.webapp: INFO: Create DB (train) task completed.
socketio: INFO: emitting event "task update" to 20170509-172156-e8ec [/jobs]
socketio: INFO: emitting event "job update" to job_management [/jobs]
socketio: INFO: emitting event "task update" to 20170509-172156-e8ec [/jobs]
socketio: INFO: emitting event "job update" to 20170509-172156-e8ec [/jobs]
socketio: INFO: emitting event "job update" to job_management [/jobs]
socketio: INFO: emitting event "server update" to job_management [/jobs]
digits.webapp: DEBUG: 6 images written to database
socketio: INFO: emitting event "task update" to 20170509-172114-d063 [/jobs]
digits.webapp: INFO: Create DB (val) task completed.
socketio: INFO: emitting event "task update" to 20170509-172156-e8ec [/jobs]
socketio: INFO: emitting event "job update" to job_management [/jobs]
socketio: INFO: emitting event "task update" to 20170509-172156-e8ec [/jobs]
socketio: INFO: emitting event "job update" to 20170509-172156-e8ec [/jobs]
socketio: INFO: emitting event "job update" to job_management [/jobs]
socketio: INFO: emitting event "server update" to job_management [/jobs]
socketio: INFO: emitting event "job update" to job_management [/jobs]
socketio: INFO: emitting event "job update" to 20170509-172156-e8ec [/jobs]
socketio: INFO: emitting event "job update" to job_management [/jobs]
digits: INFO: Job complete.
socketio: INFO: emitting event "job update" to job_management [/jobs]
socketio: INFO: emitting event "job update" to 20170509-172202-9230 [/jobs]
socketio: INFO: emitting event "job update" to job_management [/jobs]
socketio: INFO: emitting event "server update" to job_management [/jobs]
digits.webapp: INFO: Train Tensorflow Model task started.
socketio: INFO: emitting event "task update" to 20170509-172202-9230 [/jobs]
socketio: INFO: emitting event "job update" to 20170509-172202-9230 [/jobs]
socketio: INFO: emitting event "job update" to job_management [/jobs]
digits.webapp: INFO: Task subprocess args: "python2 /home/ethan/digits_GAN/digits/tools/tensorflow/main.py --network=network.py --epoch=1 --networkDirectory=/tmp/tmpX3R8Ve/20170509-172202-9230 --save=/tmp/tmpX3R8Ve/20170509-172202-9230 --snapshotPrefix=snapshot --snapshotInterval=1 --lr_base_rate=0.01 --lr_policy=step --batch_size=10 --mean=/tmp/tmpX3R8Ve/20170509-172156-e8ec/mean.binaryproto --labels_list=/tmp/tmpX3R8Ve/20170509-172156-e8ec/labels.txt --train_db=/tmp/tmpX3R8Ve/20170509-172156-e8ec/train_db --validation_db=/tmp/tmpX3R8Ve/20170509-172156-e8ec/val_db --lr_gamma=0.1 --lr_stepvalues=33 --subtractMean=image --seed=3405691582 --optimization=sgd --validation_interval=1 --log_runtime_stats_per_step=0 --augFlip=none --augHSVh=0 --augHSVs=0 --augHSVv=0"
socketio: INFO: emitting event "task update" to 20170509-172202-9230 [/jobs]
socketio: INFO: emitting event "task update" to 20170509-172147-4505 [/jobs]
socketio: INFO: emitting event "task update" to 20170509-172114-d063 [/jobs]
socketio: INFO: emitting event "task update" to 20170509-172147-4505 [/jobs]
digits.webapp: WARNING: Train Tensorflow Model unrecognized output: 2017-05-09 17:22:03.446355: W tensorflow/core/platform/cpu_feature_guard.cc:45] The TensorFlow library wasn't compiled to use SSE4.1 instructions, but these are available on your machine and could speed up CPU computations.
digits.webapp: WARNING: Train Tensorflow Model unrecognized output: 2017-05-09 17:22:03.446366: W tensorflow/core/platform/cpu_feature_guard.cc:45] The TensorFlow library wasn't compiled to use SSE4.2 instructions, but these are available on your machine and could speed up CPU computations.
digits.webapp: WARNING: Train Tensorflow Model unrecognized output: 2017-05-09 17:22:03.446370: W tensorflow/core/platform/cpu_feature_guard.cc:45] The TensorFlow library wasn't compiled to use AVX instructions, but these are available on your machine and could speed up CPU computations.
digits.webapp: WARNING: Train Tensorflow Model unrecognized output: 2017-05-09 17:22:03.569344: I tensorflow/stream_executor/cuda/cuda_gpu_executor.cc:901] successful NUMA node read from SysFS had negative value (-1), but there must be at least one NUMA node, so returning NUMA node zero
digits.webapp: WARNING: Train Tensorflow Model unrecognized output: 2017-05-09 17:22:03.569761: I tensorflow/core/common_runtime/gpu/gpu_device.cc:887] Found device 0 with properties:
digits.webapp: WARNING: Train Tensorflow Model unrecognized output: name: GeForce GTX TITAN X
digits.webapp: WARNING: Train Tensorflow Model unrecognized output: major: 5 minor: 2 memoryClockRate (GHz) 1.076
digits.webapp: WARNING: Train Tensorflow Model unrecognized output: pciBusID 0000:01:00.0
digits.webapp: WARNING: Train Tensorflow Model unrecognized output: Total memory: 11.92GiB
digits.webapp: WARNING: Train Tensorflow Model unrecognized output: Free memory: 10.24GiB
digits.webapp: WARNING: Train Tensorflow Model unrecognized output: 2017-05-09 17:22:03.569774: I tensorflow/core/common_runtime/gpu/gpu_device.cc:908] DMA: 0
digits.webapp: WARNING: Train Tensorflow Model unrecognized output: 2017-05-09 17:22:03.569779: I tensorflow/core/common_runtime/gpu/gpu_device.cc:918] 0:   Y
digits.webapp: WARNING: Train Tensorflow Model unrecognized output: 2017-05-09 17:22:03.569790: I tensorflow/core/common_runtime/gpu/gpu_device.cc:977] Creating TensorFlow device (/gpu:0) -> (device: 0, name: GeForce GTX TITAN X, pci bus id: 0000:01:00.0)
digits.webapp: WARNING: Train Tensorflow Model unrecognized output: 2017-05-09 17:22:03.671150: I tensorflow/core/common_runtime/gpu/gpu_device.cc:977] Creating TensorFlow device (/gpu:0) -> (device: 0, name: GeForce GTX TITAN X, pci bus id: 0000:01:00.0)
digits.webapp: WARNING: Train Tensorflow Model unrecognized output: 2017-05-09 17:22:03.677496: I tensorflow/core/common_runtime/gpu/gpu_device.cc:977] Creating TensorFlow device (/gpu:0) -> (device: 0, name: GeForce GTX TITAN X, pci bus id: 0000:01:00.0)
socketio: INFO: emitting event "task update" to 20170509-172114-d063 [/jobs]
digits.webapp: WARNING: Train Tensorflow Model unrecognized output: INFO:tensorflow:Error reported to Coordinator: <class 'tensorflow.python.framework.errors_impl.InvalidArgumentError'>, Incompatible shapes: [10,3,10] vs. [10,10,3]
digits.webapp: WARNING: Train Tensorflow Model unrecognized output: [[Node: val/data/mean_subtraction/sub = Sub[T=DT_FLOAT, _device="/job:localhost/replica:0/task:0/cpu:0"](val/data/transpose, Const_Mean_Image)]]
digits.webapp: WARNING: Train Tensorflow Model unrecognized output: Caused by op u'val/data/mean_subtraction/sub', defined at:
digits.webapp: WARNING: Train Tensorflow Model unrecognized output: File "/home/ethan/digits_GAN/digits/tools/tensorflow/main.py", line 692, in <module>
digits.webapp: WARNING: Train Tensorflow Model unrecognized output: tf.app.run()
digits.webapp: WARNING: Train Tensorflow Model unrecognized output: File "/home/ethan/.local/lib/python2.7/site-packages/tensorflow/python/platform/app.py", line 48, in run
digits.webapp: WARNING: Train Tensorflow Model unrecognized output: _sys.exit(main(_sys.argv[:1] + flags_passthrough))
digits.webapp: WARNING: Train Tensorflow Model unrecognized output: File "/home/ethan/digits_GAN/digits/tools/tensorflow/main.py", line 502, in main
digits.webapp: WARNING: Train Tensorflow Model unrecognized output: val_model.create_model(UserModel, stage_scope)  # noqa
digits.webapp: WARNING: Train Tensorflow Model unrecognized output: File "/home/ethan/digits_GAN/digits/tools/tensorflow/model.py", line 106, in create_model
digits.webapp: WARNING: Train Tensorflow Model unrecognized output: self.init_dataloader()
digits.webapp: WARNING: Train Tensorflow Model unrecognized output: File "/home/ethan/digits_GAN/digits/tools/tensorflow/model.py", line 102, in init_dataloader
digits.webapp: WARNING: Train Tensorflow Model unrecognized output: self.dataloader.create_input_pipeline()
digits.webapp: WARNING: Train Tensorflow Model unrecognized output: File "/home/ethan/digits_GAN/digits/tools/tensorflow/tf_data.py", line 317, in create_input_pipeline
digits.webapp: WARNING: Train Tensorflow Model unrecognized output: single_data = self.mean_loader.subtract_mean_op(single_data)
digits.webapp: WARNING: Train Tensorflow Model unrecognized output: File "/home/ethan/digits_GAN/digits/tools/tensorflow/tf_data.py", line 150, in subtract_mean_op
digits.webapp: WARNING: Train Tensorflow Model unrecognized output: return (tf_graph - self.tf_mean_image)
digits.webapp: WARNING: Train Tensorflow Model unrecognized output: File "/home/ethan/.local/lib/python2.7/site-packages/tensorflow/python/ops/math_ops.py", line 821, in binary_op_wrapper
digits.webapp: WARNING: Train Tensorflow Model unrecognized output: return func(x, y, name=name)
digits.webapp: WARNING: Train Tensorflow Model unrecognized output: File "/home/ethan/.local/lib/python2.7/site-packages/tensorflow/python/ops/gen_math_ops.py", line 2627, in _sub
digits.webapp: WARNING: Train Tensorflow Model unrecognized output: result = _op_def_lib.apply_op("Sub", x=x, y=y, name=name)
digits.webapp: WARNING: Train Tensorflow Model unrecognized output: File "/home/ethan/.local/lib/python2.7/site-packages/tensorflow/python/framework/op_def_library.py", line 768, in apply_op
digits.webapp: WARNING: Train Tensorflow Model unrecognized output: op_def=op_def)
digits.webapp: WARNING: Train Tensorflow Model unrecognized output: File "/home/ethan/.local/lib/python2.7/site-packages/tensorflow/python/framework/ops.py", line 2336, in create_op
digits.webapp: WARNING: Train Tensorflow Model unrecognized output: original_op=self._default_original_op, op_def=op_def)
digits.webapp: WARNING: Train Tensorflow Model unrecognized output: File "/home/ethan/.local/lib/python2.7/site-packages/tensorflow/python/framework/ops.py", line 1228, in __init__
digits.webapp: WARNING: Train Tensorflow Model unrecognized output: self._traceback = _extract_stack()
digits.webapp: WARNING: Train Tensorflow Model unrecognized output: InvalidArgumentError (see above for traceback): Incompatible shapes: [10,3,10] vs. [10,10,3]
digits.webapp: WARNING: Train Tensorflow Model unrecognized output: [[Node: val/data/mean_subtraction/sub = Sub[T=DT_FLOAT, _device="/job:localhost/replica:0/task:0/cpu:0"](val/data/transpose, Const_Mean_Image)]]
digits.webapp: WARNING: Train Tensorflow Model unrecognized output: [[Node: val/data/mean_subtraction/sub = Sub[T=DT_FLOAT, _device="/job:localhost/replica:0/task:0/cpu:0"](val/data/transpose, Const_Mean_Image)]]
socketio: INFO: emitting event "task update" to 20170509-172202-9230 [/jobs]
digits.webapp: WARNING: Train Tensorflow Model unrecognized output: Caused by op u'val/data/mean_subtraction/sub', defined at:
digits.webapp: WARNING: Train Tensorflow Model unrecognized output: File "/home/ethan/digits_GAN/digits/tools/tensorflow/main.py", line 692, in <module>
digits.webapp: WARNING: Train Tensorflow Model unrecognized output: tf.app.run()
digits.webapp: WARNING: Train Tensorflow Model unrecognized output: File "/home/ethan/.local/lib/python2.7/site-packages/tensorflow/python/platform/app.py", line 48, in run
digits.webapp: WARNING: Train Tensorflow Model unrecognized output: _sys.exit(main(_sys.argv[:1] + flags_passthrough))
digits.webapp: WARNING: Train Tensorflow Model unrecognized output: File "/home/ethan/digits_GAN/digits/tools/tensorflow/main.py", line 502, in main
digits.webapp: WARNING: Train Tensorflow Model unrecognized output: val_model.create_model(UserModel, stage_scope)  # noqa
digits.webapp: WARNING: Train Tensorflow Model unrecognized output: File "/home/ethan/digits_GAN/digits/tools/tensorflow/model.py", line 106, in create_model
digits.webapp: WARNING: Train Tensorflow Model unrecognized output: self.init_dataloader()
digits.webapp: WARNING: Train Tensorflow Model unrecognized output: File "/home/ethan/digits_GAN/digits/tools/tensorflow/model.py", line 102, in init_dataloader
digits.webapp: WARNING: Train Tensorflow Model unrecognized output: self.dataloader.create_input_pipeline()
digits.webapp: WARNING: Train Tensorflow Model unrecognized output: File "/home/ethan/digits_GAN/digits/tools/tensorflow/tf_data.py", line 317, in create_input_pipeline
digits.webapp: WARNING: Train Tensorflow Model unrecognized output: single_data = self.mean_loader.subtract_mean_op(single_data)
digits.webapp: WARNING: Train Tensorflow Model unrecognized output: File "/home/ethan/digits_GAN/digits/tools/tensorflow/tf_data.py", line 150, in subtract_mean_op
digits.webapp: WARNING: Train Tensorflow Model unrecognized output: return (tf_graph - self.tf_mean_image)
digits.webapp: WARNING: Train Tensorflow Model unrecognized output: File "/home/ethan/.local/lib/python2.7/site-packages/tensorflow/python/ops/math_ops.py", line 821, in binary_op_wrapper
digits.webapp: WARNING: Train Tensorflow Model unrecognized output: return func(x, y, name=name)
digits.webapp: WARNING: Train Tensorflow Model unrecognized output: File "/home/ethan/.local/lib/python2.7/site-packages/tensorflow/python/ops/gen_math_ops.py", line 2627, in _sub
digits.webapp: WARNING: Train Tensorflow Model unrecognized output: result = _op_def_lib.apply_op("Sub", x=x, y=y, name=name)
digits.webapp: WARNING: Train Tensorflow Model unrecognized output: File "/home/ethan/.local/lib/python2.7/site-packages/tensorflow/python/framework/op_def_library.py", line 768, in apply_op
digits.webapp: WARNING: Train Tensorflow Model unrecognized output: op_def=op_def)
digits.webapp: WARNING: Train Tensorflow Model unrecognized output: File "/home/ethan/.local/lib/python2.7/site-packages/tensorflow/python/framework/ops.py", line 2336, in create_op
digits.webapp: WARNING: Train Tensorflow Model unrecognized output: original_op=self._default_original_op, op_def=op_def)
digits.webapp: WARNING: Train Tensorflow Model unrecognized output: File "/home/ethan/.local/lib/python2.7/site-packages/tensorflow/python/framework/ops.py", line 1228, in __init__
digits.webapp: WARNING: Train Tensorflow Model unrecognized output: self._traceback = _extract_stack()
digits.webapp: WARNING: Train Tensorflow Model unrecognized output: InvalidArgumentError (see above for traceback): Incompatible shapes: [10,3,10] vs. [10,10,3]
digits.webapp: WARNING: Train Tensorflow Model unrecognized output: [[Node: val/data/mean_subtraction/sub = Sub[T=DT_FLOAT, _device="/job:localhost/replica:0/task:0/cpu:0"](val/data/transpose, Const_Mean_Image)]]
digits.webapp: WARNING: Train Tensorflow Model unrecognized output: Traceback (most recent call last):
digits.webapp: WARNING: Train Tensorflow Model unrecognized output: File "/home/ethan/digits_GAN/digits/tools/tensorflow/main.py", line 692, in <module>
digits.webapp: WARNING: Train Tensorflow Model unrecognized output: tf.app.run()
digits.webapp: WARNING: Train Tensorflow Model unrecognized output: File "/home/ethan/.local/lib/python2.7/site-packages/tensorflow/python/platform/app.py", line 48, in run
digits.webapp: WARNING: Train Tensorflow Model unrecognized output: _sys.exit(main(_sys.argv[:1] + flags_passthrough))
digits.webapp: WARNING: Train Tensorflow Model unrecognized output: File "/home/ethan/digits_GAN/digits/tools/tensorflow/main.py", line 561, in main
digits.webapp: WARNING: Train Tensorflow Model unrecognized output: Validation(sess, val_model, 0)
digits.webapp: WARNING: Train Tensorflow Model unrecognized output: File "/home/ethan/digits_GAN/digits/tools/tensorflow/main.py", line 373, in Validation
digits.webapp: WARNING: Train Tensorflow Model unrecognized output: summary_str = sess.run(model.summary)
digits.webapp: WARNING: Train Tensorflow Model unrecognized output: File "/home/ethan/.local/lib/python2.7/site-packages/tensorflow/python/client/session.py", line 778, in run
digits.webapp: WARNING: Train Tensorflow Model unrecognized output: run_metadata_ptr)
digits.webapp: WARNING: Train Tensorflow Model unrecognized output: File "/home/ethan/.local/lib/python2.7/site-packages/tensorflow/python/client/session.py", line 982, in _run
digits.webapp: WARNING: Train Tensorflow Model unrecognized output: feed_dict_string, options, run_metadata)
digits.webapp: WARNING: Train Tensorflow Model unrecognized output: File "/home/ethan/.local/lib/python2.7/site-packages/tensorflow/python/client/session.py", line 1032, in _do_run
digits.webapp: WARNING: Train Tensorflow Model unrecognized output: target_list, options, run_metadata)
digits.webapp: WARNING: Train Tensorflow Model unrecognized output: File "/home/ethan/.local/lib/python2.7/site-packages/tensorflow/python/client/session.py", line 1052, in _do_call
digits.webapp: WARNING: Train Tensorflow Model unrecognized output: raise type(e)(node_def, op, message)
digits.webapp: WARNING: Train Tensorflow Model unrecognized output: tensorflow.python.framework.errors_impl.OutOfRangeError: PaddingFIFOQueue '_1_val/data/batcher/padding_fifo_queue' is closed and has insufficient elements (requested 10, current size 0)
digits.webapp: WARNING: Train Tensorflow Model unrecognized output: [[Node: val/data/batcher = QueueDequeueUpToV2[component_types=[DT_INT32, DT_FLOAT, DT_INT64], timeout_ms=-1, _device="/job:localhost/replica:0/task:0/cpu:0"](val/data/batcher/padding_fifo_queue, val/data/batcher/n)]]
digits.webapp: WARNING: Train Tensorflow Model unrecognized output: [[Node: val/data/batcher/_7 = _Recv[client_terminated=false, recv_device="/job:localhost/replica:0/task:0/gpu:0", send_device="/job:localhost/replica:0/task:0/cpu:0", send_device_incarnation=1, tensor_name="edge_25_val/data/batcher", tensor_type=DT_INT64, _device="/job:localhost/replica:0/task:0/gpu:0"]()]]
socketio: INFO: emitting event "task update" to 20170509-172147-4505 [/jobs]
digits.webapp: WARNING: Train Tensorflow Model unrecognized output: Caused by op u'val/data/batcher', defined at:
digits.webapp: WARNING: Train Tensorflow Model unrecognized output: File "/home/ethan/digits_GAN/digits/tools/tensorflow/main.py", line 692, in <module>
digits.webapp: WARNING: Train Tensorflow Model unrecognized output: tf.app.run()
digits.webapp: WARNING: Train Tensorflow Model unrecognized output: File "/home/ethan/.local/lib/python2.7/site-packages/tensorflow/python/platform/app.py", line 48, in run
digits.webapp: WARNING: Train Tensorflow Model unrecognized output: _sys.exit(main(_sys.argv[:1] + flags_passthrough))
digits.webapp: WARNING: Train Tensorflow Model unrecognized output: File "/home/ethan/digits_GAN/digits/tools/tensorflow/main.py", line 502, in main
digits.webapp: WARNING: Train Tensorflow Model unrecognized output: val_model.create_model(UserModel, stage_scope)  # noqa
digits.webapp: WARNING: Train Tensorflow Model unrecognized output: File "/home/ethan/digits_GAN/digits/tools/tensorflow/model.py", line 106, in create_model
digits.webapp: WARNING: Train Tensorflow Model unrecognized output: self.init_dataloader()
digits.webapp: WARNING: Train Tensorflow Model unrecognized output: File "/home/ethan/digits_GAN/digits/tools/tensorflow/model.py", line 102, in init_dataloader
digits.webapp: WARNING: Train Tensorflow Model unrecognized output: self.dataloader.create_input_pipeline()
digits.webapp: WARNING: Train Tensorflow Model unrecognized output: File "/home/ethan/digits_GAN/digits/tools/tensorflow/tf_data.py", line 407, in create_input_pipeline
digits.webapp: WARNING: Train Tensorflow Model unrecognized output: name='batcher',
digits.webapp: WARNING: Train Tensorflow Model unrecognized output: File "/home/ethan/.local/lib/python2.7/site-packages/tensorflow/python/training/input.py", line 917, in batch
digits.webapp: WARNING: Train Tensorflow Model unrecognized output: name=name)
digits.webapp: WARNING: Train Tensorflow Model unrecognized output: File "/home/ethan/.local/lib/python2.7/site-packages/tensorflow/python/training/input.py", line 710, in _batch
digits.webapp: WARNING: Train Tensorflow Model unrecognized output: dequeued = queue.dequeue_up_to(batch_size, name=name)
digits.webapp: WARNING: Train Tensorflow Model unrecognized output: File "/home/ethan/.local/lib/python2.7/site-packages/tensorflow/python/ops/data_flow_ops.py", line 499, in dequeue_up_to
digits.webapp: WARNING: Train Tensorflow Model unrecognized output: self._queue_ref, n=n, component_types=self._dtypes, name=name)
digits.webapp: WARNING: Train Tensorflow Model unrecognized output: File "/home/ethan/.local/lib/python2.7/site-packages/tensorflow/python/ops/gen_data_flow_ops.py", line 1420, in _queue_dequeue_up_to_v2
digits.webapp: WARNING: Train Tensorflow Model unrecognized output: timeout_ms=timeout_ms, name=name)
digits.webapp: WARNING: Train Tensorflow Model unrecognized output: File "/home/ethan/.local/lib/python2.7/site-packages/tensorflow/python/framework/op_def_library.py", line 768, in apply_op
digits.webapp: WARNING: Train Tensorflow Model unrecognized output: op_def=op_def)
digits.webapp: WARNING: Train Tensorflow Model unrecognized output: File "/home/ethan/.local/lib/python2.7/site-packages/tensorflow/python/framework/ops.py", line 2336, in create_op
digits.webapp: WARNING: Train Tensorflow Model unrecognized output: original_op=self._default_original_op, op_def=op_def)
digits.webapp: WARNING: Train Tensorflow Model unrecognized output: File "/home/ethan/.local/lib/python2.7/site-packages/tensorflow/python/framework/ops.py", line 1228, in __init__
digits.webapp: WARNING: Train Tensorflow Model unrecognized output: self._traceback = _extract_stack()
digits.webapp: WARNING: Train Tensorflow Model unrecognized output: OutOfRangeError (see above for traceback): PaddingFIFOQueue '_1_val/data/batcher/padding_fifo_queue' is closed and has insufficient elements (requested 10, current size 0)
digits.webapp: WARNING: Train Tensorflow Model unrecognized output: [[Node: val/data/batcher = QueueDequeueUpToV2[component_types=[DT_INT32, DT_FLOAT, DT_INT64], timeout_ms=-1, _device="/job:localhost/replica:0/task:0/cpu:0"](val/data/batcher/padding_fifo_queue, val/data/batcher/n)]]
digits.webapp: WARNING: Train Tensorflow Model unrecognized output: [[Node: val/data/batcher/_7 = _Recv[client_terminated=false, recv_device="/job:localhost/replica:0/task:0/gpu:0", send_device="/job:localhost/replica:0/task:0/cpu:0", send_device_incarnation=1, tensor_name="edge_25_val/data/batcher", tensor_type=DT_INT64, _device="/job:localhost/replica:0/task:0/gpu:0"]()]]
digits.webapp: WARNING: Train Tensorflow Model unrecognized output: Exception tensorflow.python.framework.errors_impl.InvalidArgumentError: InvalidArgumentError() in <bound method Model.__del__ of <model.Model object at 0x7f5f95a36b10>> ignored
digits.webapp: ERROR: Train Tensorflow Model task failed with error code 1
socketio: INFO: emitting event "task update" to 20170509-172202-9230 [/jobs]
socketio: INFO: emitting event "job update" to 20170509-172202-9230 [/jobs]
socketio: INFO: emitting event "job update" to job_management [/jobs]
socketio: INFO: emitting event "server update" to job_management [/jobs]
socketio: INFO: emitting event "job update" to 20170509-172202-9230 [/jobs]
socketio: INFO: emitting event "job update" to job_management [/jobs]
socketio: INFO: emitting event "job update" to job_management [/jobs]
socketio: INFO: emitting event "job update" to 20170509-172204-9e30 [/jobs]
socketio: INFO: emitting event "job update" to job_management [/jobs]
socketio: INFO: emitting event "server update" to job_management [/jobs]
digits.webapp: INFO: Parse Folder (train/val) task started.
socketio: INFO: emitting event "task update" to 20170509-172204-9e30 [/jobs]
socketio: INFO: emitting event "job update" to 20170509-172204-9e30 [/jobs]
socketio: INFO: emitting event "job update" to job_management [/jobs]
digits.webapp: INFO: Task subprocess args: "/usr/bin/python2 /home/ethan/digits_GAN/digits/tools/parse_folder.py /tmp/tmpFny52q /tmp/tmpX3R8Ve/20170509-172204-9e30/labels.txt --min=2 --train_file=/tmp/tmpX3R8Ve/20170509-172204-9e30/train.txt --val_file=/tmp/tmpX3R8Ve/20170509-172204-9e30/val.txt --percent_val=25.0"
socketio: INFO: emitting event "task update" to 20170509-172114-d063 [/jobs]
socketio: INFO: emitting event "task update" to 20170509-172202-9230 [/jobs]
socketio: INFO: emitting event "task update" to 20170509-172147-4505 [/jobs]
socketio: INFO: emitting event "task update" to 20170509-172114-d063 [/jobs]
socketio: INFO: emitting event "task update" to 20170509-172202-9230 [/jobs]
socketio: INFO: emitting event "task update" to 20170509-172147-4505 [/jobs]
digits.webapp: WARNING: Parse Folder (train/val) unrecognized output: WARNING: log_file config option not found - no log file is being saved
socketio: INFO: emitting event "task update" to 20170509-172204-9e30 [/jobs]
socketio: INFO: emitting event "job update" to job_management [/jobs]
socketio: INFO: emitting event "task update" to 20170509-172204-9e30 [/jobs]
socketio: INFO: emitting event "job update" to job_management [/jobs]
socketio: INFO: emitting event "task update" to 20170509-172204-9e30 [/jobs]
socketio: INFO: emitting event "job update" to job_management [/jobs]
digits.webapp: INFO: Parse Folder (train/val) task completed.
socketio: INFO: emitting event "task update" to 20170509-172204-9e30 [/jobs]
socketio: INFO: emitting event "job update" to job_management [/jobs]
socketio: INFO: emitting event "task update" to 20170509-172204-9e30 [/jobs]
socketio: INFO: emitting event "job update" to 20170509-172204-9e30 [/jobs]
socketio: INFO: emitting event "job update" to job_management [/jobs]
socketio: INFO: emitting event "server update" to job_management [/jobs]
socketio: INFO: emitting event "task update" to 20170509-172114-d063 [/jobs]
socketio: INFO: emitting event "server update" to job_management [/jobs]
socketio: INFO: emitting event "server update" to job_management [/jobs]
digits.webapp: INFO: Create DB (train) task started.
socketio: INFO: emitting event "task update" to 20170509-172204-9e30 [/jobs]
socketio: INFO: emitting event "job update" to 20170509-172204-9e30 [/jobs]
socketio: INFO: emitting event "job update" to job_management [/jobs]
digits.webapp: INFO: Task subprocess args: "/usr/bin/python2 /home/ethan/digits_GAN/digits/tools/create_db.py /tmp/tmpX3R8Ve/20170509-172204-9e30/train.txt /tmp/tmpX3R8Ve/20170509-172204-9e30/train_db 10 20 --backend=hdf5 --channels=3 --resize_mode=squash --mean_file=/tmp/tmpX3R8Ve/20170509-172204-9e30/mean.binaryproto --mean_file=/tmp/tmpX3R8Ve/20170509-172204-9e30/mean.jpg --shuffle --hdf5_dset_limit=2147483648"
digits.webapp: INFO: Create DB (val) task started.
socketio: INFO: emitting event "task update" to 20170509-172204-9e30 [/jobs]
socketio: INFO: emitting event "job update" to 20170509-172204-9e30 [/jobs]
socketio: INFO: emitting event "job update" to job_management [/jobs]
digits.webapp: INFO: Task subprocess args: "/usr/bin/python2 /home/ethan/digits_GAN/digits/tools/create_db.py /tmp/tmpX3R8Ve/20170509-172204-9e30/val.txt /tmp/tmpX3R8Ve/20170509-172204-9e30/val_db 10 20 --backend=hdf5 --channels=3 --resize_mode=squash --shuffle --hdf5_dset_limit=2147483648"
socketio: INFO: emitting event "task update" to 20170509-172202-9230 [/jobs]
socketio: INFO: emitting event "task update" to 20170509-172147-4505 [/jobs]
socketio: INFO: emitting event "task update" to 20170509-172114-d063 [/jobs]
socketio: INFO: emitting event "task update" to 20170509-172202-9230 [/jobs]
socketio: INFO: emitting event "task update" to 20170509-172147-4505 [/jobs]
socketio: INFO: emitting event "task update" to 20170509-172114-d063 [/jobs]
socketio: INFO: emitting event "task update" to 20170509-172202-9230 [/jobs]
socketio: INFO: emitting event "task update" to 20170509-172147-4505 [/jobs]
digits.webapp: WARNING: Create DB (train) unrecognized output: WARNING: log_file config option not found - no log file is being saved
socketio: INFO: emitting event "task update" to 20170509-172204-9e30 [/jobs]
digits.webapp: WARNING: Create DB (val) unrecognized output: WARNING: log_file config option not found - no log file is being saved
socketio: INFO: emitting event "task update" to 20170509-172204-9e30 [/jobs]
socketio: INFO: emitting event "task update" to 20170509-172114-d063 [/jobs]
digits.webapp: DEBUG: 24 images written to database
digits.webapp: DEBUG: 6 images written to database
socketio: INFO: emitting event "task update" to 20170509-172204-9e30 [/jobs]
digits.webapp: INFO: Create DB (train) task completed.
socketio: INFO: emitting event "task update" to 20170509-172204-9e30 [/jobs]
socketio: INFO: emitting event "job update" to job_management [/jobs]
socketio: INFO: emitting event "task update" to 20170509-172204-9e30 [/jobs]
socketio: INFO: emitting event "job update" to 20170509-172204-9e30 [/jobs]
socketio: INFO: emitting event "job update" to job_management [/jobs]
socketio: INFO: emitting event "server update" to job_management [/jobs]
digits.webapp: INFO: Create DB (val) task completed.
socketio: INFO: emitting event "task update" to 20170509-172204-9e30 [/jobs]
socketio: INFO: emitting event "job update" to job_management [/jobs]
socketio: INFO: emitting event "task update" to 20170509-172204-9e30 [/jobs]
socketio: INFO: emitting event "job update" to 20170509-172204-9e30 [/jobs]
socketio: INFO: emitting event "job update" to job_management [/jobs]
socketio: INFO: emitting event "server update" to job_management [/jobs]
socketio: INFO: emitting event "job update" to job_management [/jobs]
socketio: INFO: emitting event "job update" to 20170509-172204-9e30 [/jobs]
socketio: INFO: emitting event "job update" to job_management [/jobs]
digits: INFO: Job complete.
socketio: INFO: emitting event "task update" to 20170509-172202-9230 [/jobs]
socketio: INFO: emitting event "job update" to job_management [/jobs]
socketio: INFO: emitting event "job update" to 20170509-172210-1907 [/jobs]
socketio: INFO: emitting event "job update" to job_management [/jobs]
socketio: INFO: emitting event "server update" to job_management [/jobs]
digits.webapp: INFO: Train Tensorflow Model task started.
socketio: INFO: emitting event "task update" to 20170509-172210-1907 [/jobs]
socketio: INFO: emitting event "job update" to 20170509-172210-1907 [/jobs]
socketio: INFO: emitting event "job update" to job_management [/jobs]
digits.webapp: INFO: Task subprocess args: "python2 /home/ethan/digits_GAN/digits/tools/tensorflow/main.py --network=network.py --epoch=1 --networkDirectory=/tmp/tmpX3R8Ve/20170509-172210-1907 --save=/tmp/tmpX3R8Ve/20170509-172210-1907 --snapshotPrefix=snapshot --snapshotInterval=1 --lr_base_rate=0.01 --lr_policy=step --batch_size=10 --mean=/tmp/tmpX3R8Ve/20170509-172204-9e30/mean.binaryproto --labels_list=/tmp/tmpX3R8Ve/20170509-172204-9e30/labels.txt --train_db=/tmp/tmpX3R8Ve/20170509-172204-9e30/train_db --validation_db=/tmp/tmpX3R8Ve/20170509-172204-9e30/val_db --lr_gamma=0.1 --lr_stepvalues=33 --shuffle=1 --subtractMean=image --seed=3405691582 --optimization=sgd --validation_interval=1 --log_runtime_stats_per_step=0 --augFlip=none --augHSVh=0 --augHSVs=0 --augHSVv=0"
socketio: INFO: emitting event "task update" to 20170509-172210-1907 [/jobs]
socketio: INFO: emitting event "task update" to 20170509-172147-4505 [/jobs]
socketio: INFO: emitting event "task update" to 20170509-172114-d063 [/jobs]
socketio: INFO: emitting event "task update" to 20170509-172202-9230 [/jobs]
socketio: INFO: emitting event "task update" to 20170509-172147-4505 [/jobs]
digits.webapp: WARNING: Train Tensorflow Model unrecognized output: 2017-05-09 17:22:11.641512: W tensorflow/core/platform/cpu_feature_guard.cc:45] The TensorFlow library wasn't compiled to use SSE4.1 instructions, but these are available on your machine and could speed up CPU computations.
digits.webapp: WARNING: Train Tensorflow Model unrecognized output: 2017-05-09 17:22:11.641523: W tensorflow/core/platform/cpu_feature_guard.cc:45] The TensorFlow library wasn't compiled to use SSE4.2 instructions, but these are available on your machine and could speed up CPU computations.
digits.webapp: WARNING: Train Tensorflow Model unrecognized output: 2017-05-09 17:22:11.641528: W tensorflow/core/platform/cpu_feature_guard.cc:45] The TensorFlow library wasn't compiled to use AVX instructions, but these are available on your machine and could speed up CPU computations.
socketio: INFO: emitting event "task update" to 20170509-172114-d063 [/jobs]
digits.webapp: WARNING: Train Tensorflow Model unrecognized output: 2017-05-09 17:22:11.748837: I tensorflow/stream_executor/cuda/cuda_gpu_executor.cc:901] successful NUMA node read from SysFS had negative value (-1), but there must be at least one NUMA node, so returning NUMA node zero
digits.webapp: WARNING: Train Tensorflow Model unrecognized output: 2017-05-09 17:22:11.749251: I tensorflow/core/common_runtime/gpu/gpu_device.cc:887] Found device 0 with properties:
digits.webapp: WARNING: Train Tensorflow Model unrecognized output: name: GeForce GTX TITAN X
digits.webapp: WARNING: Train Tensorflow Model unrecognized output: major: 5 minor: 2 memoryClockRate (GHz) 1.076
digits.webapp: WARNING: Train Tensorflow Model unrecognized output: pciBusID 0000:01:00.0
digits.webapp: WARNING: Train Tensorflow Model unrecognized output: Total memory: 11.92GiB
digits.webapp: WARNING: Train Tensorflow Model unrecognized output: Free memory: 10.24GiB
digits.webapp: WARNING: Train Tensorflow Model unrecognized output: 2017-05-09 17:22:11.749264: I tensorflow/core/common_runtime/gpu/gpu_device.cc:908] DMA: 0
digits.webapp: WARNING: Train Tensorflow Model unrecognized output: 2017-05-09 17:22:11.749269: I tensorflow/core/common_runtime/gpu/gpu_device.cc:918] 0:   Y
digits.webapp: WARNING: Train Tensorflow Model unrecognized output: 2017-05-09 17:22:11.749281: I tensorflow/core/common_runtime/gpu/gpu_device.cc:977] Creating TensorFlow device (/gpu:0) -> (device: 0, name: GeForce GTX TITAN X, pci bus id: 0000:01:00.0)
digits.webapp: WARNING: Train Tensorflow Model unrecognized output: 2017-05-09 17:22:11.851013: I tensorflow/core/common_runtime/gpu/gpu_device.cc:977] Creating TensorFlow device (/gpu:0) -> (device: 0, name: GeForce GTX TITAN X, pci bus id: 0000:01:00.0)
digits.webapp: WARNING: Train Tensorflow Model unrecognized output: 2017-05-09 17:22:11.857443: I tensorflow/core/common_runtime/gpu/gpu_device.cc:977] Creating TensorFlow device (/gpu:0) -> (device: 0, name: GeForce GTX TITAN X, pci bus id: 0000:01:00.0)
digits.webapp: WARNING: Train Tensorflow Model unrecognized output: INFO:tensorflow:Error reported to Coordinator: <class 'tensorflow.python.framework.errors_impl.InvalidArgumentError'>, Incompatible shapes: [10,3,20] vs. [20,10,3]
digits.webapp: WARNING: Train Tensorflow Model unrecognized output: [[Node: val/data/mean_subtraction/sub = Sub[T=DT_FLOAT, _device="/job:localhost/replica:0/task:0/cpu:0"](val/data/transpose, Const_Mean_Image)]]
socketio: INFO: emitting event "task update" to 20170509-172202-9230 [/jobs]
digits.webapp: WARNING: Train Tensorflow Model unrecognized output: Caused by op u'val/data/mean_subtraction/sub', defined at:
digits.webapp: WARNING: Train Tensorflow Model unrecognized output: File "/home/ethan/digits_GAN/digits/tools/tensorflow/main.py", line 692, in <module>
digits.webapp: WARNING: Train Tensorflow Model unrecognized output: tf.app.run()
digits.webapp: WARNING: Train Tensorflow Model unrecognized output: File "/home/ethan/.local/lib/python2.7/site-packages/tensorflow/python/platform/app.py", line 48, in run
digits.webapp: WARNING: Train Tensorflow Model unrecognized output: _sys.exit(main(_sys.argv[:1] + flags_passthrough))
digits.webapp: WARNING: Train Tensorflow Model unrecognized output: File "/home/ethan/digits_GAN/digits/tools/tensorflow/main.py", line 502, in main
digits.webapp: WARNING: Train Tensorflow Model unrecognized output: val_model.create_model(UserModel, stage_scope)  # noqa
digits.webapp: WARNING: Train Tensorflow Model unrecognized output: File "/home/ethan/digits_GAN/digits/tools/tensorflow/model.py", line 106, in create_model
digits.webapp: WARNING: Train Tensorflow Model unrecognized output: self.init_dataloader()
digits.webapp: WARNING: Train Tensorflow Model unrecognized output: File "/home/ethan/digits_GAN/digits/tools/tensorflow/model.py", line 102, in init_dataloader
digits.webapp: WARNING: Train Tensorflow Model unrecognized output: self.dataloader.create_input_pipeline()
digits.webapp: WARNING: Train Tensorflow Model unrecognized output: File "/home/ethan/digits_GAN/digits/tools/tensorflow/tf_data.py", line 317, in create_input_pipeline
digits.webapp: WARNING: Train Tensorflow Model unrecognized output: single_data = self.mean_loader.subtract_mean_op(single_data)
digits.webapp: WARNING: Train Tensorflow Model unrecognized output: File "/home/ethan/digits_GAN/digits/tools/tensorflow/tf_data.py", line 150, in subtract_mean_op
digits.webapp: WARNING: Train Tensorflow Model unrecognized output: return (tf_graph - self.tf_mean_image)
digits.webapp: WARNING: Train Tensorflow Model unrecognized output: File "/home/ethan/.local/lib/python2.7/site-packages/tensorflow/python/ops/math_ops.py", line 821, in binary_op_wrapper
digits.webapp: WARNING: Train Tensorflow Model unrecognized output: return func(x, y, name=name)
digits.webapp: WARNING: Train Tensorflow Model unrecognized output: File "/home/ethan/.local/lib/python2.7/site-packages/tensorflow/python/ops/gen_math_ops.py", line 2627, in _sub
digits.webapp: WARNING: Train Tensorflow Model unrecognized output: result = _op_def_lib.apply_op("Sub", x=x, y=y, name=name)
digits.webapp: WARNING: Train Tensorflow Model unrecognized output: File "/home/ethan/.local/lib/python2.7/site-packages/tensorflow/python/framework/op_def_library.py", line 768, in apply_op
digits.webapp: WARNING: Train Tensorflow Model unrecognized output: op_def=op_def)
digits.webapp: WARNING: Train Tensorflow Model unrecognized output: File "/home/ethan/.local/lib/python2.7/site-packages/tensorflow/python/framework/ops.py", line 2336, in create_op
digits.webapp: WARNING: Train Tensorflow Model unrecognized output: original_op=self._default_original_op, op_def=op_def)
digits.webapp: WARNING: Train Tensorflow Model unrecognized output: File "/home/ethan/.local/lib/python2.7/site-packages/tensorflow/python/framework/ops.py", line 1228, in __init__
digits.webapp: WARNING: Train Tensorflow Model unrecognized output: self._traceback = _extract_stack()
digits.webapp: WARNING: Train Tensorflow Model unrecognized output: InvalidArgumentError (see above for traceback): Incompatible shapes: [10,3,20] vs. [20,10,3]
digits.webapp: WARNING: Train Tensorflow Model unrecognized output: [[Node: val/data/mean_subtraction/sub = Sub[T=DT_FLOAT, _device="/job:localhost/replica:0/task:0/cpu:0"](val/data/transpose, Const_Mean_Image)]]
digits.webapp: WARNING: Train Tensorflow Model unrecognized output: [[Node: val/data/mean_subtraction/sub = Sub[T=DT_FLOAT, _device="/job:localhost/replica:0/task:0/cpu:0"](val/data/transpose, Const_Mean_Image)]]
socketio: INFO: emitting event "task update" to 20170509-172210-1907 [/jobs]
socketio: INFO: emitting event "task update" to 20170509-172147-4505 [/jobs]
digits.webapp: WARNING: Train Tensorflow Model unrecognized output: Caused by op u'val/data/mean_subtraction/sub', defined at:
digits.webapp: WARNING: Train Tensorflow Model unrecognized output: File "/home/ethan/digits_GAN/digits/tools/tensorflow/main.py", line 692, in <module>
digits.webapp: WARNING: Train Tensorflow Model unrecognized output: tf.app.run()
digits.webapp: WARNING: Train Tensorflow Model unrecognized output: File "/home/ethan/.local/lib/python2.7/site-packages/tensorflow/python/platform/app.py", line 48, in run
digits.webapp: WARNING: Train Tensorflow Model unrecognized output: _sys.exit(main(_sys.argv[:1] + flags_passthrough))
digits.webapp: WARNING: Train Tensorflow Model unrecognized output: File "/home/ethan/digits_GAN/digits/tools/tensorflow/main.py", line 502, in main
digits.webapp: WARNING: Train Tensorflow Model unrecognized output: val_model.create_model(UserModel, stage_scope)  # noqa
digits.webapp: WARNING: Train Tensorflow Model unrecognized output: File "/home/ethan/digits_GAN/digits/tools/tensorflow/model.py", line 106, in create_model
digits.webapp: WARNING: Train Tensorflow Model unrecognized output: self.init_dataloader()
digits.webapp: WARNING: Train Tensorflow Model unrecognized output: File "/home/ethan/digits_GAN/digits/tools/tensorflow/model.py", line 102, in init_dataloader
digits.webapp: WARNING: Train Tensorflow Model unrecognized output: self.dataloader.create_input_pipeline()
digits.webapp: WARNING: Train Tensorflow Model unrecognized output: File "/home/ethan/digits_GAN/digits/tools/tensorflow/tf_data.py", line 317, in create_input_pipeline
digits.webapp: WARNING: Train Tensorflow Model unrecognized output: single_data = self.mean_loader.subtract_mean_op(single_data)
digits.webapp: WARNING: Train Tensorflow Model unrecognized output: File "/home/ethan/digits_GAN/digits/tools/tensorflow/tf_data.py", line 150, in subtract_mean_op
digits.webapp: WARNING: Train Tensorflow Model unrecognized output: return (tf_graph - self.tf_mean_image)
digits.webapp: WARNING: Train Tensorflow Model unrecognized output: File "/home/ethan/.local/lib/python2.7/site-packages/tensorflow/python/ops/math_ops.py", line 821, in binary_op_wrapper
digits.webapp: WARNING: Train Tensorflow Model unrecognized output: return func(x, y, name=name)
digits.webapp: WARNING: Train Tensorflow Model unrecognized output: File "/home/ethan/.local/lib/python2.7/site-packages/tensorflow/python/ops/gen_math_ops.py", line 2627, in _sub
digits.webapp: WARNING: Train Tensorflow Model unrecognized output: result = _op_def_lib.apply_op("Sub", x=x, y=y, name=name)
digits.webapp: WARNING: Train Tensorflow Model unrecognized output: File "/home/ethan/.local/lib/python2.7/site-packages/tensorflow/python/framework/op_def_library.py", line 768, in apply_op
digits.webapp: WARNING: Train Tensorflow Model unrecognized output: op_def=op_def)
digits.webapp: WARNING: Train Tensorflow Model unrecognized output: File "/home/ethan/.local/lib/python2.7/site-packages/tensorflow/python/framework/ops.py", line 2336, in create_op
digits.webapp: WARNING: Train Tensorflow Model unrecognized output: original_op=self._default_original_op, op_def=op_def)
digits.webapp: WARNING: Train Tensorflow Model unrecognized output: File "/home/ethan/.local/lib/python2.7/site-packages/tensorflow/python/framework/ops.py", line 1228, in __init__
digits.webapp: WARNING: Train Tensorflow Model unrecognized output: self._traceback = _extract_stack()
digits.webapp: WARNING: Train Tensorflow Model unrecognized output: InvalidArgumentError (see above for traceback): Incompatible shapes: [10,3,20] vs. [20,10,3]
digits.webapp: WARNING: Train Tensorflow Model unrecognized output: [[Node: val/data/mean_subtraction/sub = Sub[T=DT_FLOAT, _device="/job:localhost/replica:0/task:0/cpu:0"](val/data/transpose, Const_Mean_Image)]]
digits.webapp: WARNING: Train Tensorflow Model unrecognized output: Traceback (most recent call last):
digits.webapp: WARNING: Train Tensorflow Model unrecognized output: File "/home/ethan/digits_GAN/digits/tools/tensorflow/main.py", line 692, in <module>
digits.webapp: WARNING: Train Tensorflow Model unrecognized output: tf.app.run()
digits.webapp: WARNING: Train Tensorflow Model unrecognized output: File "/home/ethan/.local/lib/python2.7/site-packages/tensorflow/python/platform/app.py", line 48, in run
digits.webapp: WARNING: Train Tensorflow Model unrecognized output: _sys.exit(main(_sys.argv[:1] + flags_passthrough))
digits.webapp: WARNING: Train Tensorflow Model unrecognized output: File "/home/ethan/digits_GAN/digits/tools/tensorflow/main.py", line 561, in main
digits.webapp: WARNING: Train Tensorflow Model unrecognized output: Validation(sess, val_model, 0)
digits.webapp: WARNING: Train Tensorflow Model unrecognized output: File "/home/ethan/digits_GAN/digits/tools/tensorflow/main.py", line 373, in Validation
digits.webapp: WARNING: Train Tensorflow Model unrecognized output: summary_str = sess.run(model.summary)
digits.webapp: WARNING: Train Tensorflow Model unrecognized output: File "/home/ethan/.local/lib/python2.7/site-packages/tensorflow/python/client/session.py", line 778, in run
digits.webapp: WARNING: Train Tensorflow Model unrecognized output: run_metadata_ptr)
digits.webapp: WARNING: Train Tensorflow Model unrecognized output: File "/home/ethan/.local/lib/python2.7/site-packages/tensorflow/python/client/session.py", line 982, in _run
digits.webapp: WARNING: Train Tensorflow Model unrecognized output: feed_dict_string, options, run_metadata)
digits.webapp: WARNING: Train Tensorflow Model unrecognized output: File "/home/ethan/.local/lib/python2.7/site-packages/tensorflow/python/client/session.py", line 1032, in _do_run
digits.webapp: WARNING: Train Tensorflow Model unrecognized output: target_list, options, run_metadata)
digits.webapp: WARNING: Train Tensorflow Model unrecognized output: File "/home/ethan/.local/lib/python2.7/site-packages/tensorflow/python/client/session.py", line 1052, in _do_call
digits.webapp: WARNING: Train Tensorflow Model unrecognized output: raise type(e)(node_def, op, message)
digits.webapp: WARNING: Train Tensorflow Model unrecognized output: tensorflow.python.framework.errors_impl.OutOfRangeError: PaddingFIFOQueue '_1_val/data/batcher/padding_fifo_queue' is closed and has insufficient elements (requested 10, current size 0)
digits.webapp: WARNING: Train Tensorflow Model unrecognized output: [[Node: val/data/batcher = QueueDequeueUpToV2[component_types=[DT_INT32, DT_FLOAT, DT_INT64], timeout_ms=-1, _device="/job:localhost/replica:0/task:0/cpu:0"](val/data/batcher/padding_fifo_queue, val/data/batcher/n)]]
digits.webapp: WARNING: Train Tensorflow Model unrecognized output: [[Node: val/data/batcher/_7 = _Recv[client_terminated=false, recv_device="/job:localhost/replica:0/task:0/gpu:0", send_device="/job:localhost/replica:0/task:0/cpu:0", send_device_incarnation=1, tensor_name="edge_25_val/data/batcher", tensor_type=DT_INT64, _device="/job:localhost/replica:0/task:0/gpu:0"]()]]
digits.webapp: WARNING: Train Tensorflow Model unrecognized output: Caused by op u'val/data/batcher', defined at:
digits.webapp: WARNING: Train Tensorflow Model unrecognized output: File "/home/ethan/digits_GAN/digits/tools/tensorflow/main.py", line 692, in <module>
digits.webapp: WARNING: Train Tensorflow Model unrecognized output: tf.app.run()
digits.webapp: WARNING: Train Tensorflow Model unrecognized output: File "/home/ethan/.local/lib/python2.7/site-packages/tensorflow/python/platform/app.py", line 48, in run
digits.webapp: WARNING: Train Tensorflow Model unrecognized output: _sys.exit(main(_sys.argv[:1] + flags_passthrough))
digits.webapp: WARNING: Train Tensorflow Model unrecognized output: File "/home/ethan/digits_GAN/digits/tools/tensorflow/main.py", line 502, in main
digits.webapp: WARNING: Train Tensorflow Model unrecognized output: val_model.create_model(UserModel, stage_scope)  # noqa
digits.webapp: WARNING: Train Tensorflow Model unrecognized output: File "/home/ethan/digits_GAN/digits/tools/tensorflow/model.py", line 106, in create_model
digits.webapp: WARNING: Train Tensorflow Model unrecognized output: self.init_dataloader()
digits.webapp: WARNING: Train Tensorflow Model unrecognized output: File "/home/ethan/digits_GAN/digits/tools/tensorflow/model.py", line 102, in init_dataloader
digits.webapp: WARNING: Train Tensorflow Model unrecognized output: self.dataloader.create_input_pipeline()
digits.webapp: WARNING: Train Tensorflow Model unrecognized output: File "/home/ethan/digits_GAN/digits/tools/tensorflow/tf_data.py", line 407, in create_input_pipeline
digits.webapp: WARNING: Train Tensorflow Model unrecognized output: name='batcher',
digits.webapp: WARNING: Train Tensorflow Model unrecognized output: File "/home/ethan/.local/lib/python2.7/site-packages/tensorflow/python/training/input.py", line 917, in batch
digits.webapp: WARNING: Train Tensorflow Model unrecognized output: name=name)
digits.webapp: WARNING: Train Tensorflow Model unrecognized output: File "/home/ethan/.local/lib/python2.7/site-packages/tensorflow/python/training/input.py", line 710, in _batch
digits.webapp: WARNING: Train Tensorflow Model unrecognized output: dequeued = queue.dequeue_up_to(batch_size, name=name)
digits.webapp: WARNING: Train Tensorflow Model unrecognized output: File "/home/ethan/.local/lib/python2.7/site-packages/tensorflow/python/ops/data_flow_ops.py", line 499, in dequeue_up_to
digits.webapp: WARNING: Train Tensorflow Model unrecognized output: self._queue_ref, n=n, component_types=self._dtypes, name=name)
digits.webapp: WARNING: Train Tensorflow Model unrecognized output: File "/home/ethan/.local/lib/python2.7/site-packages/tensorflow/python/ops/gen_data_flow_ops.py", line 1420, in _queue_dequeue_up_to_v2
digits.webapp: WARNING: Train Tensorflow Model unrecognized output: timeout_ms=timeout_ms, name=name)
digits.webapp: WARNING: Train Tensorflow Model unrecognized output: File "/home/ethan/.local/lib/python2.7/site-packages/tensorflow/python/framework/op_def_library.py", line 768, in apply_op
digits.webapp: WARNING: Train Tensorflow Model unrecognized output: op_def=op_def)
digits.webapp: WARNING: Train Tensorflow Model unrecognized output: File "/home/ethan/.local/lib/python2.7/site-packages/tensorflow/python/framework/ops.py", line 2336, in create_op
digits.webapp: WARNING: Train Tensorflow Model unrecognized output: original_op=self._default_original_op, op_def=op_def)
digits.webapp: WARNING: Train Tensorflow Model unrecognized output: File "/home/ethan/.local/lib/python2.7/site-packages/tensorflow/python/framework/ops.py", line 1228, in __init__
digits.webapp: WARNING: Train Tensorflow Model unrecognized output: self._traceback = _extract_stack()
digits.webapp: WARNING: Train Tensorflow Model unrecognized output: OutOfRangeError (see above for traceback): PaddingFIFOQueue '_1_val/data/batcher/padding_fifo_queue' is closed and has insufficient elements (requested 10, current size 0)
digits.webapp: WARNING: Train Tensorflow Model unrecognized output: [[Node: val/data/batcher = QueueDequeueUpToV2[component_types=[DT_INT32, DT_FLOAT, DT_INT64], timeout_ms=-1, _device="/job:localhost/replica:0/task:0/cpu:0"](val/data/batcher/padding_fifo_queue, val/data/batcher/n)]]
digits.webapp: WARNING: Train Tensorflow Model unrecognized output: [[Node: val/data/batcher/_7 = _Recv[client_terminated=false, recv_device="/job:localhost/replica:0/task:0/gpu:0", send_device="/job:localhost/replica:0/task:0/cpu:0", send_device_incarnation=1, tensor_name="edge_25_val/data/batcher", tensor_type=DT_INT64, _device="/job:localhost/replica:0/task:0/gpu:0"]()]]
digits.webapp: WARNING: Train Tensorflow Model unrecognized output: Exception tensorflow.python.framework.errors_impl.InvalidArgumentError: InvalidArgumentError() in <bound method Model.__del__ of <model.Model object at 0x7fbcf6736b10>> ignored
digits.webapp: ERROR: Train Tensorflow Model task failed with error code 1
socketio: INFO: emitting event "task update" to 20170509-172210-1907 [/jobs]
socketio: INFO: emitting event "job update" to 20170509-172210-1907 [/jobs]
socketio: INFO: emitting event "job update" to job_management [/jobs]
socketio: INFO: emitting event "server update" to job_management [/jobs]
socketio: INFO: emitting event "job update" to 20170509-172210-1907 [/jobs]
socketio: INFO: emitting event "job update" to job_management [/jobs]
socketio: INFO: emitting event "job update" to job_management [/jobs]
socketio: INFO: emitting event "task update" to 20170509-172114-d063 [/jobs]
socketio: INFO: emitting event "job update" to 20170509-172212-edce [/jobs]
socketio: INFO: emitting event "job update" to job_management [/jobs]
socketio: INFO: emitting event "server update" to job_management [/jobs]
digits.webapp: INFO: Parse Folder (train/val) task started.
socketio: INFO: emitting event "task update" to 20170509-172212-edce [/jobs]
socketio: INFO: emitting event "job update" to 20170509-172212-edce [/jobs]
socketio: INFO: emitting event "job update" to job_management [/jobs]
digits.webapp: INFO: Task subprocess args: "/usr/bin/python2 /home/ethan/digits_GAN/digits/tools/parse_folder.py /tmp/tmpsD8DcP /tmp/tmpX3R8Ve/20170509-172212-edce/labels.txt --min=2 --train_file=/tmp/tmpX3R8Ve/20170509-172212-edce/train.txt --val_file=/tmp/tmpX3R8Ve/20170509-172212-edce/val.txt --percent_val=25.0"
socketio: INFO: emitting event "task update" to 20170509-172202-9230 [/jobs]
socketio: INFO: emitting event "task update" to 20170509-172210-1907 [/jobs]
socketio: INFO: emitting event "task update" to 20170509-172147-4505 [/jobs]
socketio: INFO: emitting event "task update" to 20170509-172114-d063 [/jobs]
socketio: INFO: emitting event "task update" to 20170509-172202-9230 [/jobs]
socketio: INFO: emitting event "task update" to 20170509-172210-1907 [/jobs]
socketio: INFO: emitting event "task update" to 20170509-172147-4505 [/jobs]
socketio: INFO: emitting event "task update" to 20170509-172114-d063 [/jobs]
digits.webapp: WARNING: Parse Folder (train/val) unrecognized output: WARNING: log_file config option not found - no log file is being saved
socketio: INFO: emitting event "task update" to 20170509-172212-edce [/jobs]
socketio: INFO: emitting event "job update" to job_management [/jobs]
socketio: INFO: emitting event "task update" to 20170509-172212-edce [/jobs]
socketio: INFO: emitting event "job update" to job_management [/jobs]
socketio: INFO: emitting event "task update" to 20170509-172212-edce [/jobs]
socketio: INFO: emitting event "job update" to job_management [/jobs]
digits.webapp: INFO: Parse Folder (train/val) task completed.
socketio: INFO: emitting event "task update" to 20170509-172212-edce [/jobs]
socketio: INFO: emitting event "job update" to job_management [/jobs]
socketio: INFO: emitting event "task update" to 20170509-172212-edce [/jobs]
socketio: INFO: emitting event "job update" to 20170509-172212-edce [/jobs]
socketio: INFO: emitting event "job update" to job_management [/jobs]
socketio: INFO: emitting event "server update" to job_management [/jobs]
socketio: INFO: emitting event "server update" to job_management [/jobs]
socketio: INFO: emitting event "server update" to job_management [/jobs]
digits.webapp: INFO: Create DB (train) task started.
socketio: INFO: emitting event "task update" to 20170509-172212-edce [/jobs]
socketio: INFO: emitting event "job update" to 20170509-172212-edce [/jobs]
socketio: INFO: emitting event "job update" to job_management [/jobs]
digits.webapp: INFO: Task subprocess args: "/usr/bin/python2 /home/ethan/digits_GAN/digits/tools/create_db.py /tmp/tmpX3R8Ve/20170509-172212-edce/train.txt /tmp/tmpX3R8Ve/20170509-172212-edce/train_db 10 10 --backend=lmdb --channels=3 --resize_mode=squash --mean_file=/tmp/tmpX3R8Ve/20170509-172212-edce/mean.binaryproto --mean_file=/tmp/tmpX3R8Ve/20170509-172212-edce/mean.jpg --shuffle"
digits.webapp: INFO: Create DB (val) task started.
socketio: INFO: emitting event "task update" to 20170509-172212-edce [/jobs]
socketio: INFO: emitting event "job update" to 20170509-172212-edce [/jobs]
socketio: INFO: emitting event "job update" to job_management [/jobs]
digits.webapp: INFO: Task subprocess args: "/usr/bin/python2 /home/ethan/digits_GAN/digits/tools/create_db.py /tmp/tmpX3R8Ve/20170509-172212-edce/val.txt /tmp/tmpX3R8Ve/20170509-172212-edce/val_db 10 10 --backend=lmdb --channels=3 --resize_mode=squash --shuffle"
socketio: INFO: emitting event "task update" to 20170509-172202-9230 [/jobs]
socketio: INFO: emitting event "task update" to 20170509-172210-1907 [/jobs]
socketio: INFO: emitting event "task update" to 20170509-172147-4505 [/jobs]
socketio: INFO: emitting event "task update" to 20170509-172114-d063 [/jobs]
socketio: INFO: emitting event "task update" to 20170509-172202-9230 [/jobs]
socketio: INFO: emitting event "task update" to 20170509-172210-1907 [/jobs]
socketio: INFO: emitting event "task update" to 20170509-172147-4505 [/jobs]
socketio: INFO: emitting event "task update" to 20170509-172114-d063 [/jobs]
socketio: INFO: emitting event "task update" to 20170509-172202-9230 [/jobs]
socketio: INFO: emitting event "task update" to 20170509-172210-1907 [/jobs]
socketio: INFO: emitting event "task update" to 20170509-172147-4505 [/jobs]
digits.webapp: WARNING: Create DB (val) unrecognized output: WARNING: log_file config option not found - no log file is being saved
socketio: INFO: emitting event "task update" to 20170509-172212-edce [/jobs]
digits.webapp: WARNING: Create DB (train) unrecognized output: WARNING: log_file config option not found - no log file is being saved
socketio: INFO: emitting event "task update" to 20170509-172212-edce [/jobs]
socketio: INFO: emitting event "task update" to 20170509-172114-d063 [/jobs]
digits.webapp: DEBUG: 6 images written to database
digits.webapp: DEBUG: 24 images written to database
socketio: INFO: emitting event "task update" to 20170509-172202-9230 [/jobs]
socketio: INFO: emitting event "task update" to 20170509-172212-edce [/jobs]
digits.webapp: INFO: Create DB (val) task completed.
socketio: INFO: emitting event "task update" to 20170509-172212-edce [/jobs]
socketio: INFO: emitting event "job update" to job_management [/jobs]
socketio: INFO: emitting event "task update" to 20170509-172212-edce [/jobs]
socketio: INFO: emitting event "job update" to 20170509-172212-edce [/jobs]
socketio: INFO: emitting event "job update" to job_management [/jobs]
socketio: INFO: emitting event "server update" to job_management [/jobs]
socketio: INFO: emitting event "task update" to 20170509-172212-edce [/jobs]
socketio: INFO: emitting event "task update" to 20170509-172212-edce [/jobs]
digits.webapp: INFO: Create DB (train) task completed.
socketio: INFO: emitting event "task update" to 20170509-172212-edce [/jobs]
socketio: INFO: emitting event "job update" to job_management [/jobs]
socketio: INFO: emitting event "task update" to 20170509-172212-edce [/jobs]
socketio: INFO: emitting event "job update" to 20170509-172212-edce [/jobs]
socketio: INFO: emitting event "job update" to job_management [/jobs]
socketio: INFO: emitting event "server update" to job_management [/jobs]
socketio: INFO: emitting event "job update" to job_management [/jobs]
socketio: INFO: emitting event "job update" to 20170509-172212-edce [/jobs]
socketio: INFO: emitting event "job update" to job_management [/jobs]
digits: INFO: Job complete.
socketio: INFO: emitting event "task update" to 20170509-172210-1907 [/jobs]
socketio: INFO: emitting event "task update" to 20170509-172147-4505 [/jobs]
socketio: INFO: emitting event "job update" to job_management [/jobs]
socketio: INFO: emitting event "job update" to 20170509-172218-c9c0 [/jobs]
socketio: INFO: emitting event "job update" to job_management [/jobs]
socketio: INFO: emitting event "server update" to job_management [/jobs]
digits.webapp: INFO: Train Tensorflow Model task started.
socketio: INFO: emitting event "task update" to 20170509-172218-c9c0 [/jobs]
socketio: INFO: emitting event "job update" to 20170509-172218-c9c0 [/jobs]
socketio: INFO: emitting event "job update" to job_management [/jobs]
digits.webapp: INFO: Task subprocess args: "python2 /home/ethan/digits_GAN/digits/tools/tensorflow/main.py --network=network.py --epoch=1 --networkDirectory=/tmp/tmpX3R8Ve/20170509-172218-c9c0 --save=/tmp/tmpX3R8Ve/20170509-172218-c9c0 --snapshotPrefix=snapshot --snapshotInterval=1 --lr_base_rate=0.01 --lr_policy=step --batch_size=10 --mean=/tmp/tmpX3R8Ve/20170509-172212-edce/mean.binaryproto --labels_list=/tmp/tmpX3R8Ve/20170509-172212-edce/labels.txt --train_db=/tmp/tmpX3R8Ve/20170509-172212-edce/train_db --validation_db=/tmp/tmpX3R8Ve/20170509-172212-edce/val_db --lr_gamma=0.1 --lr_stepvalues=33 --shuffle=1 --subtractMean=image --seed=3405691582 --optimization=sgd --validation_interval=1 --log_runtime_stats_per_step=0 --augFlip=none --augHSVh=0 --augHSVs=0 --augHSVv=0"
socketio: INFO: emitting event "task update" to 20170509-172218-c9c0 [/jobs]
socketio: INFO: emitting event "task update" to 20170509-172114-d063 [/jobs]
socketio: INFO: emitting event "task update" to 20170509-172202-9230 [/jobs]
socketio: INFO: emitting event "task update" to 20170509-172210-1907 [/jobs]
socketio: INFO: emitting event "task update" to 20170509-172147-4505 [/jobs]
digits.webapp: WARNING: Train Tensorflow Model unrecognized output: 2017-05-09 17:22:19.748901: W tensorflow/core/platform/cpu_feature_guard.cc:45] The TensorFlow library wasn't compiled to use SSE4.1 instructions, but these are available on your machine and could speed up CPU computations.
digits.webapp: WARNING: Train Tensorflow Model unrecognized output: 2017-05-09 17:22:19.748912: W tensorflow/core/platform/cpu_feature_guard.cc:45] The TensorFlow library wasn't compiled to use SSE4.2 instructions, but these are available on your machine and could speed up CPU computations.
digits.webapp: WARNING: Train Tensorflow Model unrecognized output: 2017-05-09 17:22:19.748916: W tensorflow/core/platform/cpu_feature_guard.cc:45] The TensorFlow library wasn't compiled to use AVX instructions, but these are available on your machine and could speed up CPU computations.
socketio: INFO: emitting event "task update" to 20170509-172114-d063 [/jobs]
digits.webapp: WARNING: Train Tensorflow Model unrecognized output: 2017-05-09 17:22:19.856947: I tensorflow/stream_executor/cuda/cuda_gpu_executor.cc:901] successful NUMA node read from SysFS had negative value (-1), but there must be at least one NUMA node, so returning NUMA node zero
digits.webapp: WARNING: Train Tensorflow Model unrecognized output: 2017-05-09 17:22:19.857361: I tensorflow/core/common_runtime/gpu/gpu_device.cc:887] Found device 0 with properties:
digits.webapp: WARNING: Train Tensorflow Model unrecognized output: name: GeForce GTX TITAN X
digits.webapp: WARNING: Train Tensorflow Model unrecognized output: major: 5 minor: 2 memoryClockRate (GHz) 1.076
digits.webapp: WARNING: Train Tensorflow Model unrecognized output: pciBusID 0000:01:00.0
digits.webapp: WARNING: Train Tensorflow Model unrecognized output: Total memory: 11.92GiB
digits.webapp: WARNING: Train Tensorflow Model unrecognized output: Free memory: 10.24GiB
digits.webapp: WARNING: Train Tensorflow Model unrecognized output: 2017-05-09 17:22:19.857375: I tensorflow/core/common_runtime/gpu/gpu_device.cc:908] DMA: 0
digits.webapp: WARNING: Train Tensorflow Model unrecognized output: 2017-05-09 17:22:19.857379: I tensorflow/core/common_runtime/gpu/gpu_device.cc:918] 0:   Y
digits.webapp: WARNING: Train Tensorflow Model unrecognized output: 2017-05-09 17:22:19.857390: I tensorflow/core/common_runtime/gpu/gpu_device.cc:977] Creating TensorFlow device (/gpu:0) -> (device: 0, name: GeForce GTX TITAN X, pci bus id: 0000:01:00.0)
digits.webapp: WARNING: Train Tensorflow Model unrecognized output: 2017-05-09 17:22:19.969428: I tensorflow/core/common_runtime/gpu/gpu_device.cc:977] Creating TensorFlow device (/gpu:0) -> (device: 0, name: GeForce GTX TITAN X, pci bus id: 0000:01:00.0)
digits.webapp: WARNING: Train Tensorflow Model unrecognized output: 2017-05-09 17:22:19.976274: I tensorflow/core/common_runtime/gpu/gpu_device.cc:977] Creating TensorFlow device (/gpu:0) -> (device: 0, name: GeForce GTX TITAN X, pci bus id: 0000:01:00.0)
socketio: INFO: emitting event "task update" to 20170509-172202-9230 [/jobs]
socketio: INFO: emitting event "task update" to 20170509-172210-1907 [/jobs]
digits.webapp: WARNING: Train Tensorflow Model unrecognized output: INFO:tensorflow:Error reported to Coordinator: <class 'tensorflow.python.framework.errors_impl.InvalidArgumentError'>, 'axis'[0] = 3 is out of valid range [0, 2
digits.webapp: WARNING: Train Tensorflow Model unrecognized output: [[Node: val/data/ReverseV2 = ReverseV2[T=DT_UINT8, Tidx=DT_INT32, _device="/job:localhost/replica:0/task:0/cpu:0"](val/data/transpose, val/data/ReverseV2/axis)]]
socketio: INFO: emitting event "task update" to 20170509-172147-4505 [/jobs]
digits.webapp: WARNING: Train Tensorflow Model unrecognized output: Caused by op u'val/data/ReverseV2', defined at:
digits.webapp: WARNING: Train Tensorflow Model unrecognized output: File "/home/ethan/digits_GAN/digits/tools/tensorflow/main.py", line 692, in <module>
digits.webapp: WARNING: Train Tensorflow Model unrecognized output: tf.app.run()
digits.webapp: WARNING: Train Tensorflow Model unrecognized output: File "/home/ethan/.local/lib/python2.7/site-packages/tensorflow/python/platform/app.py", line 48, in run
digits.webapp: WARNING: Train Tensorflow Model unrecognized output: _sys.exit(main(_sys.argv[:1] + flags_passthrough))
digits.webapp: WARNING: Train Tensorflow Model unrecognized output: File "/home/ethan/digits_GAN/digits/tools/tensorflow/main.py", line 502, in main
digits.webapp: WARNING: Train Tensorflow Model unrecognized output: val_model.create_model(UserModel, stage_scope)  # noqa
digits.webapp: WARNING: Train Tensorflow Model unrecognized output: File "/home/ethan/digits_GAN/digits/tools/tensorflow/model.py", line 106, in create_model
digits.webapp: WARNING: Train Tensorflow Model unrecognized output: self.init_dataloader()
digits.webapp: WARNING: Train Tensorflow Model unrecognized output: File "/home/ethan/digits_GAN/digits/tools/tensorflow/model.py", line 102, in init_dataloader
digits.webapp: WARNING: Train Tensorflow Model unrecognized output: self.dataloader.create_input_pipeline()
digits.webapp: WARNING: Train Tensorflow Model unrecognized output: File "/home/ethan/digits_GAN/digits/tools/tensorflow/tf_data.py", line 306, in create_input_pipeline
digits.webapp: WARNING: Train Tensorflow Model unrecognized output: single_data = self.reshape_decode(single_data, single_data_shape)
digits.webapp: WARNING: Train Tensorflow Model unrecognized output: File "/home/ethan/digits_GAN/digits/tools/tensorflow/tf_data.py", line 266, in reshape_decode
digits.webapp: WARNING: Train Tensorflow Model unrecognized output: data = digits.bgr_to_rgb(data)
digits.webapp: WARNING: Train Tensorflow Model unrecognized output: File "/home/ethan/digits_GAN/digits/tools/tensorflow/utils.py", line 95, in bgr_to_rgb
digits.webapp: WARNING: Train Tensorflow Model unrecognized output: return tf.reverse(x, [3])
digits.webapp: WARNING: Train Tensorflow Model unrecognized output: File "/home/ethan/.local/lib/python2.7/site-packages/tensorflow/python/ops/array_ops.py", line 2312, in reverse
digits.webapp: WARNING: Train Tensorflow Model unrecognized output: return gen_array_ops.reverse_v2(tensor, axis, name)
digits.webapp: WARNING: Train Tensorflow Model unrecognized output: File "/home/ethan/.local/lib/python2.7/site-packages/tensorflow/python/ops/gen_array_ops.py", line 2724, in reverse_v2
digits.webapp: WARNING: Train Tensorflow Model unrecognized output: name=name)
digits.webapp: WARNING: Train Tensorflow Model unrecognized output: File "/home/ethan/.local/lib/python2.7/site-packages/tensorflow/python/framework/op_def_library.py", line 768, in apply_op
digits.webapp: WARNING: Train Tensorflow Model unrecognized output: op_def=op_def)
digits.webapp: WARNING: Train Tensorflow Model unrecognized output: File "/home/ethan/.local/lib/python2.7/site-packages/tensorflow/python/framework/ops.py", line 2336, in create_op
digits.webapp: WARNING: Train Tensorflow Model unrecognized output: original_op=self._default_original_op, op_def=op_def)
digits.webapp: WARNING: Train Tensorflow Model unrecognized output: File "/home/ethan/.local/lib/python2.7/site-packages/tensorflow/python/framework/ops.py", line 1228, in __init__
digits.webapp: WARNING: Train Tensorflow Model unrecognized output: self._traceback = _extract_stack()
socketio: INFO: emitting event "task update" to 20170509-172218-c9c0 [/jobs]
digits.webapp: WARNING: Train Tensorflow Model unrecognized output: InvalidArgumentError (see above for traceback): 'axis'[0] = 3 is out of valid range [0, 2
digits.webapp: WARNING: Train Tensorflow Model unrecognized output: [[Node: val/data/ReverseV2 = ReverseV2[T=DT_UINT8, Tidx=DT_INT32, _device="/job:localhost/replica:0/task:0/cpu:0"](val/data/transpose, val/data/ReverseV2/axis)]]
digits.webapp: WARNING: Train Tensorflow Model unrecognized output: [[Node: val/data/ReverseV2 = ReverseV2[T=DT_UINT8, Tidx=DT_INT32, _device="/job:localhost/replica:0/task:0/cpu:0"](val/data/transpose, val/data/ReverseV2/axis)]]
digits.webapp: WARNING: Train Tensorflow Model unrecognized output: Caused by op u'val/data/ReverseV2', defined at:
digits.webapp: WARNING: Train Tensorflow Model unrecognized output: File "/home/ethan/digits_GAN/digits/tools/tensorflow/main.py", line 692, in <module>
digits.webapp: WARNING: Train Tensorflow Model unrecognized output: tf.app.run()
digits.webapp: WARNING: Train Tensorflow Model unrecognized output: File "/home/ethan/.local/lib/python2.7/site-packages/tensorflow/python/platform/app.py", line 48, in run
digits.webapp: WARNING: Train Tensorflow Model unrecognized output: _sys.exit(main(_sys.argv[:1] + flags_passthrough))
digits.webapp: WARNING: Train Tensorflow Model unrecognized output: File "/home/ethan/digits_GAN/digits/tools/tensorflow/main.py", line 502, in main
digits.webapp: WARNING: Train Tensorflow Model unrecognized output: val_model.create_model(UserModel, stage_scope)  # noqa
digits.webapp: WARNING: Train Tensorflow Model unrecognized output: File "/home/ethan/digits_GAN/digits/tools/tensorflow/model.py", line 106, in create_model
digits.webapp: WARNING: Train Tensorflow Model unrecognized output: self.init_dataloader()
digits.webapp: WARNING: Train Tensorflow Model unrecognized output: File "/home/ethan/digits_GAN/digits/tools/tensorflow/model.py", line 102, in init_dataloader
digits.webapp: WARNING: Train Tensorflow Model unrecognized output: self.dataloader.create_input_pipeline()
digits.webapp: WARNING: Train Tensorflow Model unrecognized output: File "/home/ethan/digits_GAN/digits/tools/tensorflow/tf_data.py", line 306, in create_input_pipeline
digits.webapp: WARNING: Train Tensorflow Model unrecognized output: single_data = self.reshape_decode(single_data, single_data_shape)
digits.webapp: WARNING: Train Tensorflow Model unrecognized output: File "/home/ethan/digits_GAN/digits/tools/tensorflow/tf_data.py", line 266, in reshape_decode
digits.webapp: WARNING: Train Tensorflow Model unrecognized output: data = digits.bgr_to_rgb(data)
digits.webapp: WARNING: Train Tensorflow Model unrecognized output: File "/home/ethan/digits_GAN/digits/tools/tensorflow/utils.py", line 95, in bgr_to_rgb
digits.webapp: WARNING: Train Tensorflow Model unrecognized output: return tf.reverse(x, [3])
digits.webapp: WARNING: Train Tensorflow Model unrecognized output: File "/home/ethan/.local/lib/python2.7/site-packages/tensorflow/python/ops/array_ops.py", line 2312, in reverse
digits.webapp: WARNING: Train Tensorflow Model unrecognized output: return gen_array_ops.reverse_v2(tensor, axis, name)
digits.webapp: WARNING: Train Tensorflow Model unrecognized output: File "/home/ethan/.local/lib/python2.7/site-packages/tensorflow/python/ops/gen_array_ops.py", line 2724, in reverse_v2
digits.webapp: WARNING: Train Tensorflow Model unrecognized output: name=name)
digits.webapp: WARNING: Train Tensorflow Model unrecognized output: File "/home/ethan/.local/lib/python2.7/site-packages/tensorflow/python/framework/op_def_library.py", line 768, in apply_op
digits.webapp: WARNING: Train Tensorflow Model unrecognized output: op_def=op_def)
digits.webapp: WARNING: Train Tensorflow Model unrecognized output: File "/home/ethan/.local/lib/python2.7/site-packages/tensorflow/python/framework/ops.py", line 2336, in create_op
digits.webapp: WARNING: Train Tensorflow Model unrecognized output: original_op=self._default_original_op, op_def=op_def)
digits.webapp: WARNING: Train Tensorflow Model unrecognized output: File "/home/ethan/.local/lib/python2.7/site-packages/tensorflow/python/framework/ops.py", line 1228, in __init__
digits.webapp: WARNING: Train Tensorflow Model unrecognized output: self._traceback = _extract_stack()
digits.webapp: WARNING: Train Tensorflow Model unrecognized output: InvalidArgumentError (see above for traceback): 'axis'[0] = 3 is out of valid range [0, 2
digits.webapp: WARNING: Train Tensorflow Model unrecognized output: [[Node: val/data/ReverseV2 = ReverseV2[T=DT_UINT8, Tidx=DT_INT32, _device="/job:localhost/replica:0/task:0/cpu:0"](val/data/transpose, val/data/ReverseV2/axis)]]
digits.webapp: WARNING: Train Tensorflow Model unrecognized output: Traceback (most recent call last):
digits.webapp: WARNING: Train Tensorflow Model unrecognized output: File "/home/ethan/digits_GAN/digits/tools/tensorflow/main.py", line 692, in <module>
digits.webapp: WARNING: Train Tensorflow Model unrecognized output: tf.app.run()
digits.webapp: WARNING: Train Tensorflow Model unrecognized output: File "/home/ethan/.local/lib/python2.7/site-packages/tensorflow/python/platform/app.py", line 48, in run
digits.webapp: WARNING: Train Tensorflow Model unrecognized output: _sys.exit(main(_sys.argv[:1] + flags_passthrough))
digits.webapp: WARNING: Train Tensorflow Model unrecognized output: File "/home/ethan/digits_GAN/digits/tools/tensorflow/main.py", line 561, in main
digits.webapp: WARNING: Train Tensorflow Model unrecognized output: Validation(sess, val_model, 0)
digits.webapp: WARNING: Train Tensorflow Model unrecognized output: File "/home/ethan/digits_GAN/digits/tools/tensorflow/main.py", line 373, in Validation
digits.webapp: WARNING: Train Tensorflow Model unrecognized output: summary_str = sess.run(model.summary)
digits.webapp: WARNING: Train Tensorflow Model unrecognized output: File "/home/ethan/.local/lib/python2.7/site-packages/tensorflow/python/client/session.py", line 778, in run
digits.webapp: WARNING: Train Tensorflow Model unrecognized output: run_metadata_ptr)
digits.webapp: WARNING: Train Tensorflow Model unrecognized output: File "/home/ethan/.local/lib/python2.7/site-packages/tensorflow/python/client/session.py", line 982, in _run
digits.webapp: WARNING: Train Tensorflow Model unrecognized output: feed_dict_string, options, run_metadata)
digits.webapp: WARNING: Train Tensorflow Model unrecognized output: File "/home/ethan/.local/lib/python2.7/site-packages/tensorflow/python/client/session.py", line 1032, in _do_run
digits.webapp: WARNING: Train Tensorflow Model unrecognized output: target_list, options, run_metadata)
digits.webapp: WARNING: Train Tensorflow Model unrecognized output: File "/home/ethan/.local/lib/python2.7/site-packages/tensorflow/python/client/session.py", line 1052, in _do_call
digits.webapp: WARNING: Train Tensorflow Model unrecognized output: raise type(e)(node_def, op, message)
digits.webapp: WARNING: Train Tensorflow Model unrecognized output: tensorflow.python.framework.errors_impl.OutOfRangeError: PaddingFIFOQueue '_1_val/data/batcher/padding_fifo_queue' is closed and has insufficient elements (requested 10, current size 0)
digits.webapp: WARNING: Train Tensorflow Model unrecognized output: [[Node: val/data/batcher = QueueDequeueUpToV2[component_types=[DT_STRING, DT_FLOAT, DT_INT64], timeout_ms=-1, _device="/job:localhost/replica:0/task:0/cpu:0"](val/data/batcher/padding_fifo_queue, val/data/batcher/n)]]
digits.webapp: WARNING: Train Tensorflow Model unrecognized output: [[Node: val/data/batcher/_5 = _Recv[client_terminated=false, recv_device="/job:localhost/replica:0/task:0/gpu:0", send_device="/job:localhost/replica:0/task:0/cpu:0", send_device_incarnation=1, tensor_name="edge_30_val/data/batcher", tensor_type=DT_FLOAT, _device="/job:localhost/replica:0/task:0/gpu:0"]()]]
digits.webapp: WARNING: Train Tensorflow Model unrecognized output: Caused by op u'val/data/batcher', defined at:
digits.webapp: WARNING: Train Tensorflow Model unrecognized output: File "/home/ethan/digits_GAN/digits/tools/tensorflow/main.py", line 692, in <module>
digits.webapp: WARNING: Train Tensorflow Model unrecognized output: tf.app.run()
digits.webapp: WARNING: Train Tensorflow Model unrecognized output: File "/home/ethan/.local/lib/python2.7/site-packages/tensorflow/python/platform/app.py", line 48, in run
digits.webapp: WARNING: Train Tensorflow Model unrecognized output: _sys.exit(main(_sys.argv[:1] + flags_passthrough))
digits.webapp: WARNING: Train Tensorflow Model unrecognized output: File "/home/ethan/digits_GAN/digits/tools/tensorflow/main.py", line 502, in main
digits.webapp: WARNING: Train Tensorflow Model unrecognized output: val_model.create_model(UserModel, stage_scope)  # noqa
digits.webapp: WARNING: Train Tensorflow Model unrecognized output: File "/home/ethan/digits_GAN/digits/tools/tensorflow/model.py", line 106, in create_model
digits.webapp: WARNING: Train Tensorflow Model unrecognized output: self.init_dataloader()
digits.webapp: WARNING: Train Tensorflow Model unrecognized output: File "/home/ethan/digits_GAN/digits/tools/tensorflow/model.py", line 102, in init_dataloader
digits.webapp: WARNING: Train Tensorflow Model unrecognized output: self.dataloader.create_input_pipeline()
digits.webapp: WARNING: Train Tensorflow Model unrecognized output: File "/home/ethan/digits_GAN/digits/tools/tensorflow/tf_data.py", line 407, in create_input_pipeline
digits.webapp: WARNING: Train Tensorflow Model unrecognized output: name='batcher',
digits.webapp: WARNING: Train Tensorflow Model unrecognized output: File "/home/ethan/.local/lib/python2.7/site-packages/tensorflow/python/training/input.py", line 917, in batch
digits.webapp: WARNING: Train Tensorflow Model unrecognized output: name=name)
digits.webapp: WARNING: Train Tensorflow Model unrecognized output: File "/home/ethan/.local/lib/python2.7/site-packages/tensorflow/python/training/input.py", line 710, in _batch
digits.webapp: WARNING: Train Tensorflow Model unrecognized output: dequeued = queue.dequeue_up_to(batch_size, name=name)
digits.webapp: WARNING: Train Tensorflow Model unrecognized output: File "/home/ethan/.local/lib/python2.7/site-packages/tensorflow/python/ops/data_flow_ops.py", line 499, in dequeue_up_to
digits.webapp: WARNING: Train Tensorflow Model unrecognized output: self._queue_ref, n=n, component_types=self._dtypes, name=name)
digits.webapp: WARNING: Train Tensorflow Model unrecognized output: File "/home/ethan/.local/lib/python2.7/site-packages/tensorflow/python/ops/gen_data_flow_ops.py", line 1420, in _queue_dequeue_up_to_v2
digits.webapp: WARNING: Train Tensorflow Model unrecognized output: timeout_ms=timeout_ms, name=name)
digits.webapp: WARNING: Train Tensorflow Model unrecognized output: File "/home/ethan/.local/lib/python2.7/site-packages/tensorflow/python/framework/op_def_library.py", line 768, in apply_op
digits.webapp: WARNING: Train Tensorflow Model unrecognized output: op_def=op_def)
digits.webapp: WARNING: Train Tensorflow Model unrecognized output: File "/home/ethan/.local/lib/python2.7/site-packages/tensorflow/python/framework/ops.py", line 2336, in create_op
digits.webapp: WARNING: Train Tensorflow Model unrecognized output: original_op=self._default_original_op, op_def=op_def)
digits.webapp: WARNING: Train Tensorflow Model unrecognized output: File "/home/ethan/.local/lib/python2.7/site-packages/tensorflow/python/framework/ops.py", line 1228, in __init__
digits.webapp: WARNING: Train Tensorflow Model unrecognized output: self._traceback = _extract_stack()
digits.webapp: WARNING: Train Tensorflow Model unrecognized output: OutOfRangeError (see above for traceback): PaddingFIFOQueue '_1_val/data/batcher/padding_fifo_queue' is closed and has insufficient elements (requested 10, current size 0)
digits.webapp: WARNING: Train Tensorflow Model unrecognized output: [[Node: val/data/batcher = QueueDequeueUpToV2[component_types=[DT_STRING, DT_FLOAT, DT_INT64], timeout_ms=-1, _device="/job:localhost/replica:0/task:0/cpu:0"](val/data/batcher/padding_fifo_queue, val/data/batcher/n)]]
digits.webapp: WARNING: Train Tensorflow Model unrecognized output: [[Node: val/data/batcher/_5 = _Recv[client_terminated=false, recv_device="/job:localhost/replica:0/task:0/gpu:0", send_device="/job:localhost/replica:0/task:0/cpu:0", send_device_incarnation=1, tensor_name="edge_30_val/data/batcher", tensor_type=DT_FLOAT, _device="/job:localhost/replica:0/task:0/gpu:0"]()]]
digits.webapp: WARNING: Train Tensorflow Model unrecognized output: Exception tensorflow.python.framework.errors_impl.InvalidArgumentError: InvalidArgumentError() in <bound method Model.__del__ of <model.Model object at 0x7f482b036c90>> ignored
digits.webapp: ERROR: Train Tensorflow Model task failed with error code 1
socketio: INFO: emitting event "task update" to 20170509-172218-c9c0 [/jobs]
socketio: INFO: emitting event "job update" to 20170509-172218-c9c0 [/jobs]
socketio: INFO: emitting event "job update" to job_management [/jobs]
socketio: INFO: emitting event "server update" to job_management [/jobs]
socketio: INFO: emitting event "task update" to 20170509-172114-d063 [/jobs]
socketio: INFO: emitting event "job update" to 20170509-172218-c9c0 [/jobs]
socketio: INFO: emitting event "job update" to job_management [/jobs]
socketio: INFO: emitting event "task update" to 20170509-172202-9230 [/jobs]
socketio: INFO: emitting event "task update" to 20170509-172210-1907 [/jobs]
socketio: INFO: emitting event "task update" to 20170509-172147-4505 [/jobs]
--------------------- >> end captured logging << ---------------------

======================================================================
ERROR: test suite for <class 'digits.model.images.classification.test_views.TestTensorflowLeNetSlim'>
----------------------------------------------------------------------
Traceback (most recent call last):
  File "/home/ethan/.local/lib/python2.7/site-packages/nose/suite.py", line 209, in run
    self.setUp()
  File "/home/ethan/.local/lib/python2.7/site-packages/nose/suite.py", line 292, in setUp
    self.setupContext(ancestor)
  File "/home/ethan/.local/lib/python2.7/site-packages/nose/suite.py", line 315, in setupContext
    try_run(context, names)
  File "/home/ethan/.local/lib/python2.7/site-packages/nose/util.py", line 471, in try_run
    return func()
  File "/home/ethan/digits_GAN/digits/model/images/classification/test_views.py", line 291, in setUpClass
    assert cls.model_wait_completion(cls.model_id) == 'Done', 'create failed'
AssertionError: create failed
-------------------- >> begin captured logging << --------------------
digits: INFO: Job deleted.
socketio: INFO: emitting event "job update" to job_management [/jobs]
digits: INFO: Job deleted.
socketio: INFO: emitting event "job update" to job_management [/jobs]
socketio: INFO: emitting event "job update" to job_management [/jobs]
socketio: INFO: emitting event "job update" to 20170509-172510-1346 [/jobs]
socketio: INFO: emitting event "job update" to job_management [/jobs]
socketio: INFO: emitting event "server update" to job_management [/jobs]
digits.webapp: INFO: Parse Folder (train/val) task started.
socketio: INFO: emitting event "task update" to 20170509-172510-1346 [/jobs]
socketio: INFO: emitting event "job update" to 20170509-172510-1346 [/jobs]
socketio: INFO: emitting event "job update" to job_management [/jobs]
digits.webapp: INFO: Task subprocess args: "/usr/bin/python2 /home/ethan/digits_GAN/digits/tools/parse_folder.py /tmp/tmp_VlJjY /tmp/tmpX3R8Ve/20170509-172510-1346/labels.txt --min=2 --train_file=/tmp/tmpX3R8Ve/20170509-172510-1346/train.txt --val_file=/tmp/tmpX3R8Ve/20170509-172510-1346/val.txt --percent_val=25.0"
socketio: INFO: emitting event "task update" to 20170509-172430-a33c [/jobs]
socketio: INFO: emitting event "task update" to 20170509-172419-2d22 [/jobs]
socketio: INFO: emitting event "task update" to 20170509-172337-f1aa [/jobs]
socketio: INFO: emitting event "task update" to 20170509-172350-6fcd [/jobs]
socketio: INFO: emitting event "task update" to 20170509-172259-8252 [/jobs]
socketio: INFO: emitting event "task update" to 20170509-172114-d063 [/jobs]
socketio: INFO: emitting event "task update" to 20170509-172323-89b4 [/jobs]
socketio: INFO: emitting event "task update" to 20170509-172342-e0ef [/jobs]
socketio: INFO: emitting event "task update" to 20170509-172227-0156 [/jobs]
socketio: INFO: emitting event "task update" to 20170509-172334-9d18 [/jobs]
socketio: INFO: emitting event "task update" to 20170509-172347-b92a [/jobs]
socketio: INFO: emitting event "task update" to 20170509-172315-d38b [/jobs]
socketio: INFO: emitting event "task update" to 20170509-172352-bfdd [/jobs]
socketio: INFO: emitting event "task update" to 20170509-172412-e6f0 [/jobs]
socketio: INFO: emitting event "task update" to 20170509-172202-9230 [/jobs]
socketio: INFO: emitting event "task update" to 20170509-172317-7da8 [/jobs]
socketio: INFO: emitting event "task update" to 20170509-172210-1907 [/jobs]
socketio: INFO: emitting event "task update" to 20170509-172147-4505 [/jobs]
socketio: INFO: emitting event "task update" to 20170509-172339-dc52 [/jobs]
socketio: INFO: emitting event "task update" to 20170509-172218-c9c0 [/jobs]
socketio: INFO: emitting event "task update" to 20170509-172328-6826 [/jobs]
socketio: INFO: emitting event "task update" to 20170509-172344-9606 [/jobs]
socketio: INFO: emitting event "task update" to 20170509-172430-a33c [/jobs]
socketio: INFO: emitting event "task update" to 20170509-172419-2d22 [/jobs]
socketio: INFO: emitting event "task update" to 20170509-172337-f1aa [/jobs]
socketio: INFO: emitting event "task update" to 20170509-172350-6fcd [/jobs]
socketio: INFO: emitting event "task update" to 20170509-172259-8252 [/jobs]
socketio: INFO: emitting event "task update" to 20170509-172114-d063 [/jobs]
socketio: INFO: emitting event "task update" to 20170509-172323-89b4 [/jobs]
socketio: INFO: emitting event "task update" to 20170509-172342-e0ef [/jobs]
socketio: INFO: emitting event "task update" to 20170509-172227-0156 [/jobs]
socketio: INFO: emitting event "task update" to 20170509-172334-9d18 [/jobs]
socketio: INFO: emitting event "task update" to 20170509-172347-b92a [/jobs]
socketio: INFO: emitting event "task update" to 20170509-172315-d38b [/jobs]
socketio: INFO: emitting event "task update" to 20170509-172352-bfdd [/jobs]
socketio: INFO: emitting event "task update" to 20170509-172412-e6f0 [/jobs]
socketio: INFO: emitting event "task update" to 20170509-172202-9230 [/jobs]
socketio: INFO: emitting event "task update" to 20170509-172317-7da8 [/jobs]
socketio: INFO: emitting event "task update" to 20170509-172210-1907 [/jobs]
socketio: INFO: emitting event "task update" to 20170509-172147-4505 [/jobs]
socketio: INFO: emitting event "task update" to 20170509-172339-dc52 [/jobs]
socketio: INFO: emitting event "task update" to 20170509-172218-c9c0 [/jobs]
socketio: INFO: emitting event "task update" to 20170509-172328-6826 [/jobs]
socketio: INFO: emitting event "task update" to 20170509-172344-9606 [/jobs]
digits.webapp: WARNING: Parse Folder (train/val) unrecognized output: WARNING: log_file config option not found - no log file is being saved
socketio: INFO: emitting event "task update" to 20170509-172510-1346 [/jobs]
socketio: INFO: emitting event "job update" to job_management [/jobs]
socketio: INFO: emitting event "task update" to 20170509-172510-1346 [/jobs]
socketio: INFO: emitting event "job update" to job_management [/jobs]
socketio: INFO: emitting event "task update" to 20170509-172510-1346 [/jobs]
socketio: INFO: emitting event "job update" to job_management [/jobs]
digits.webapp: INFO: Parse Folder (train/val) task completed.
socketio: INFO: emitting event "task update" to 20170509-172510-1346 [/jobs]
socketio: INFO: emitting event "job update" to job_management [/jobs]
socketio: INFO: emitting event "task update" to 20170509-172510-1346 [/jobs]
socketio: INFO: emitting event "job update" to 20170509-172510-1346 [/jobs]
socketio: INFO: emitting event "job update" to job_management [/jobs]
socketio: INFO: emitting event "server update" to job_management [/jobs]
socketio: INFO: emitting event "server update" to job_management [/jobs]
socketio: INFO: emitting event "server update" to job_management [/jobs]
digits.webapp: INFO: Create DB (train) task started.
socketio: INFO: emitting event "task update" to 20170509-172510-1346 [/jobs]
socketio: INFO: emitting event "job update" to 20170509-172510-1346 [/jobs]
socketio: INFO: emitting event "job update" to job_management [/jobs]
digits.webapp: INFO: Task subprocess args: "/usr/bin/python2 /home/ethan/digits_GAN/digits/tools/create_db.py /tmp/tmpX3R8Ve/20170509-172510-1346/train.txt /tmp/tmpX3R8Ve/20170509-172510-1346/train_db 28 28 --backend=lmdb --channels=3 --resize_mode=squash --mean_file=/tmp/tmpX3R8Ve/20170509-172510-1346/mean.binaryproto --mean_file=/tmp/tmpX3R8Ve/20170509-172510-1346/mean.jpg --shuffle --encoding=png"
digits.webapp: INFO: Create DB (val) task started.
socketio: INFO: emitting event "task update" to 20170509-172510-1346 [/jobs]
socketio: INFO: emitting event "job update" to 20170509-172510-1346 [/jobs]
socketio: INFO: emitting event "job update" to job_management [/jobs]
digits.webapp: INFO: Task subprocess args: "/usr/bin/python2 /home/ethan/digits_GAN/digits/tools/create_db.py /tmp/tmpX3R8Ve/20170509-172510-1346/val.txt /tmp/tmpX3R8Ve/20170509-172510-1346/val_db 28 28 --backend=lmdb --channels=3 --resize_mode=squash --shuffle --encoding=png"
socketio: INFO: emitting event "task update" to 20170509-172430-a33c [/jobs]
socketio: INFO: emitting event "task update" to 20170509-172419-2d22 [/jobs]
socketio: INFO: emitting event "task update" to 20170509-172337-f1aa [/jobs]
socketio: INFO: emitting event "task update" to 20170509-172350-6fcd [/jobs]
socketio: INFO: emitting event "task update" to 20170509-172259-8252 [/jobs]
socketio: INFO: emitting event "task update" to 20170509-172114-d063 [/jobs]
socketio: INFO: emitting event "task update" to 20170509-172323-89b4 [/jobs]
socketio: INFO: emitting event "task update" to 20170509-172342-e0ef [/jobs]
socketio: INFO: emitting event "task update" to 20170509-172227-0156 [/jobs]
socketio: INFO: emitting event "task update" to 20170509-172334-9d18 [/jobs]
socketio: INFO: emitting event "task update" to 20170509-172347-b92a [/jobs]
socketio: INFO: emitting event "task update" to 20170509-172315-d38b [/jobs]
socketio: INFO: emitting event "task update" to 20170509-172352-bfdd [/jobs]
socketio: INFO: emitting event "task update" to 20170509-172412-e6f0 [/jobs]
socketio: INFO: emitting event "task update" to 20170509-172202-9230 [/jobs]
socketio: INFO: emitting event "task update" to 20170509-172317-7da8 [/jobs]
socketio: INFO: emitting event "task update" to 20170509-172210-1907 [/jobs]
socketio: INFO: emitting event "task update" to 20170509-172147-4505 [/jobs]
socketio: INFO: emitting event "task update" to 20170509-172339-dc52 [/jobs]
socketio: INFO: emitting event "task update" to 20170509-172218-c9c0 [/jobs]
socketio: INFO: emitting event "task update" to 20170509-172328-6826 [/jobs]
socketio: INFO: emitting event "task update" to 20170509-172344-9606 [/jobs]
socketio: INFO: emitting event "task update" to 20170509-172430-a33c [/jobs]
socketio: INFO: emitting event "task update" to 20170509-172419-2d22 [/jobs]
socketio: INFO: emitting event "task update" to 20170509-172337-f1aa [/jobs]
socketio: INFO: emitting event "task update" to 20170509-172350-6fcd [/jobs]
socketio: INFO: emitting event "task update" to 20170509-172259-8252 [/jobs]
socketio: INFO: emitting event "task update" to 20170509-172114-d063 [/jobs]
socketio: INFO: emitting event "task update" to 20170509-172323-89b4 [/jobs]
socketio: INFO: emitting event "task update" to 20170509-172342-e0ef [/jobs]
socketio: INFO: emitting event "task update" to 20170509-172227-0156 [/jobs]
socketio: INFO: emitting event "task update" to 20170509-172334-9d18 [/jobs]
socketio: INFO: emitting event "task update" to 20170509-172347-b92a [/jobs]
socketio: INFO: emitting event "task update" to 20170509-172315-d38b [/jobs]
socketio: INFO: emitting event "task update" to 20170509-172352-bfdd [/jobs]
socketio: INFO: emitting event "task update" to 20170509-172412-e6f0 [/jobs]
socketio: INFO: emitting event "task update" to 20170509-172202-9230 [/jobs]
socketio: INFO: emitting event "task update" to 20170509-172317-7da8 [/jobs]
socketio: INFO: emitting event "task update" to 20170509-172210-1907 [/jobs]
socketio: INFO: emitting event "task update" to 20170509-172147-4505 [/jobs]
socketio: INFO: emitting event "task update" to 20170509-172339-dc52 [/jobs]
socketio: INFO: emitting event "task update" to 20170509-172218-c9c0 [/jobs]
socketio: INFO: emitting event "task update" to 20170509-172328-6826 [/jobs]
socketio: INFO: emitting event "task update" to 20170509-172344-9606 [/jobs]
socketio: INFO: emitting event "task update" to 20170509-172430-a33c [/jobs]
socketio: INFO: emitting event "task update" to 20170509-172419-2d22 [/jobs]
socketio: INFO: emitting event "task update" to 20170509-172337-f1aa [/jobs]
socketio: INFO: emitting event "task update" to 20170509-172350-6fcd [/jobs]
socketio: INFO: emitting event "task update" to 20170509-172259-8252 [/jobs]
socketio: INFO: emitting event "task update" to 20170509-172114-d063 [/jobs]
socketio: INFO: emitting event "task update" to 20170509-172323-89b4 [/jobs]
socketio: INFO: emitting event "task update" to 20170509-172342-e0ef [/jobs]
socketio: INFO: emitting event "task update" to 20170509-172227-0156 [/jobs]
socketio: INFO: emitting event "task update" to 20170509-172334-9d18 [/jobs]
socketio: INFO: emitting event "task update" to 20170509-172347-b92a [/jobs]
socketio: INFO: emitting event "task update" to 20170509-172315-d38b [/jobs]
socketio: INFO: emitting event "task update" to 20170509-172352-bfdd [/jobs]
socketio: INFO: emitting event "task update" to 20170509-172412-e6f0 [/jobs]
socketio: INFO: emitting event "task update" to 20170509-172202-9230 [/jobs]
socketio: INFO: emitting event "task update" to 20170509-172317-7da8 [/jobs]
socketio: INFO: emitting event "task update" to 20170509-172210-1907 [/jobs]
socketio: INFO: emitting event "task update" to 20170509-172147-4505 [/jobs]
digits.webapp: WARNING: Create DB (train) unrecognized output: WARNING: log_file config option not found - no log file is being saved
socketio: INFO: emitting event "task update" to 20170509-172510-1346 [/jobs]
socketio: INFO: emitting event "task update" to 20170509-172339-dc52 [/jobs]
socketio: INFO: emitting event "task update" to 20170509-172218-c9c0 [/jobs]
digits.webapp: WARNING: Create DB (val) unrecognized output: WARNING: log_file config option not found - no log file is being saved
socketio: INFO: emitting event "task update" to 20170509-172510-1346 [/jobs]
socketio: INFO: emitting event "task update" to 20170509-172328-6826 [/jobs]
socketio: INFO: emitting event "task update" to 20170509-172344-9606 [/jobs]
digits.webapp: DEBUG: 24 images written to database
digits.webapp: DEBUG: 6 images written to database
socketio: INFO: emitting event "task update" to 20170509-172430-a33c [/jobs]
socketio: INFO: emitting event "task update" to 20170509-172419-2d22 [/jobs]
socketio: INFO: emitting event "task update" to 20170509-172337-f1aa [/jobs]
socketio: INFO: emitting event "task update" to 20170509-172350-6fcd [/jobs]
socketio: INFO: emitting event "task update" to 20170509-172510-1346 [/jobs]
socketio: INFO: emitting event "task update" to 20170509-172510-1346 [/jobs]
digits.webapp: INFO: Create DB (train) task completed.
socketio: INFO: emitting event "task update" to 20170509-172510-1346 [/jobs]
socketio: INFO: emitting event "job update" to job_management [/jobs]
socketio: INFO: emitting event "task update" to 20170509-172510-1346 [/jobs]
socketio: INFO: emitting event "job update" to 20170509-172510-1346 [/jobs]
socketio: INFO: emitting event "job update" to job_management [/jobs]
socketio: INFO: emitting event "server update" to job_management [/jobs]
socketio: INFO: emitting event "task update" to 20170509-172259-8252 [/jobs]
socketio: INFO: emitting event "task update" to 20170509-172114-d063 [/jobs]
socketio: INFO: emitting event "task update" to 20170509-172510-1346 [/jobs]
digits.webapp: INFO: Create DB (val) task completed.
socketio: INFO: emitting event "task update" to 20170509-172510-1346 [/jobs]
socketio: INFO: emitting event "job update" to job_management [/jobs]
socketio: INFO: emitting event "task update" to 20170509-172510-1346 [/jobs]
socketio: INFO: emitting event "job update" to 20170509-172510-1346 [/jobs]
socketio: INFO: emitting event "job update" to job_management [/jobs]
socketio: INFO: emitting event "server update" to job_management [/jobs]
socketio: INFO: emitting event "task update" to 20170509-172323-89b4 [/jobs]
socketio: INFO: emitting event "job update" to job_management [/jobs]
socketio: INFO: emitting event "job update" to 20170509-172510-1346 [/jobs]
socketio: INFO: emitting event "job update" to job_management [/jobs]
digits: INFO: Job complete.
socketio: INFO: emitting event "task update" to 20170509-172342-e0ef [/jobs]
socketio: INFO: emitting event "task update" to 20170509-172227-0156 [/jobs]
socketio: INFO: emitting event "job update" to job_management [/jobs]
socketio: INFO: emitting event "task update" to 20170509-172334-9d18 [/jobs]
socketio: INFO: emitting event "task update" to 20170509-172347-b92a [/jobs]
socketio: INFO: emitting event "task update" to 20170509-172315-d38b [/jobs]
socketio: INFO: emitting event "job update" to 20170509-172516-8f4b [/jobs]
socketio: INFO: emitting event "job update" to job_management [/jobs]
socketio: INFO: emitting event "server update" to job_management [/jobs]
digits.webapp: INFO: Train Tensorflow Model task started.
socketio: INFO: emitting event "task update" to 20170509-172516-8f4b [/jobs]
socketio: INFO: emitting event "job update" to 20170509-172516-8f4b [/jobs]
socketio: INFO: emitting event "job update" to job_management [/jobs]
digits.webapp: INFO: Task subprocess args: "python2 /home/ethan/digits_GAN/digits/tools/tensorflow/main.py --network=network.py --epoch=10 --networkDirectory=/tmp/tmpX3R8Ve/20170509-172516-8f4b --save=/tmp/tmpX3R8Ve/20170509-172516-8f4b --snapshotPrefix=snapshot --snapshotInterval=1 --lr_base_rate=0.01 --lr_policy=step --batch_size=10 --mean=/tmp/tmpX3R8Ve/20170509-172510-1346/mean.binaryproto --labels_list=/tmp/tmpX3R8Ve/20170509-172510-1346/labels.txt --train_db=/tmp/tmpX3R8Ve/20170509-172510-1346/train_db --validation_db=/tmp/tmpX3R8Ve/20170509-172510-1346/val_db --lr_gamma=0.1 --lr_stepvalues=33 --subtractMean=image --seed=3405691582 --optimization=sgd --validation_interval=1 --log_runtime_stats_per_step=0 --augFlip=none --augHSVh=0 --augHSVs=0 --augHSVv=0"
socketio: INFO: emitting event "task update" to 20170509-172516-8f4b [/jobs]
socketio: INFO: emitting event "task update" to 20170509-172352-bfdd [/jobs]
socketio: INFO: emitting event "task update" to 20170509-172412-e6f0 [/jobs]
socketio: INFO: emitting event "task update" to 20170509-172202-9230 [/jobs]
socketio: INFO: emitting event "task update" to 20170509-172317-7da8 [/jobs]
socketio: INFO: emitting event "task update" to 20170509-172210-1907 [/jobs]
socketio: INFO: emitting event "task update" to 20170509-172147-4505 [/jobs]
socketio: INFO: emitting event "task update" to 20170509-172339-dc52 [/jobs]
socketio: INFO: emitting event "task update" to 20170509-172218-c9c0 [/jobs]
socketio: INFO: emitting event "task update" to 20170509-172328-6826 [/jobs]
socketio: INFO: emitting event "task update" to 20170509-172344-9606 [/jobs]
socketio: INFO: emitting event "task update" to 20170509-172430-a33c [/jobs]
socketio: INFO: emitting event "task update" to 20170509-172419-2d22 [/jobs]
socketio: INFO: emitting event "task update" to 20170509-172337-f1aa [/jobs]
socketio: INFO: emitting event "task update" to 20170509-172350-6fcd [/jobs]
socketio: INFO: emitting event "task update" to 20170509-172259-8252 [/jobs]
socketio: INFO: emitting event "task update" to 20170509-172114-d063 [/jobs]
socketio: INFO: emitting event "task update" to 20170509-172323-89b4 [/jobs]
socketio: INFO: emitting event "task update" to 20170509-172342-e0ef [/jobs]
socketio: INFO: emitting event "task update" to 20170509-172227-0156 [/jobs]
socketio: INFO: emitting event "task update" to 20170509-172334-9d18 [/jobs]
socketio: INFO: emitting event "task update" to 20170509-172347-b92a [/jobs]
socketio: INFO: emitting event "task update" to 20170509-172315-d38b [/jobs]
socketio: INFO: emitting event "task update" to 20170509-172352-bfdd [/jobs]
socketio: INFO: emitting event "task update" to 20170509-172412-e6f0 [/jobs]
socketio: INFO: emitting event "task update" to 20170509-172202-9230 [/jobs]
socketio: INFO: emitting event "task update" to 20170509-172317-7da8 [/jobs]
socketio: INFO: emitting event "task update" to 20170509-172210-1907 [/jobs]
socketio: INFO: emitting event "task update" to 20170509-172147-4505 [/jobs]
socketio: INFO: emitting event "task update" to 20170509-172339-dc52 [/jobs]
socketio: INFO: emitting event "task update" to 20170509-172218-c9c0 [/jobs]
socketio: INFO: emitting event "task update" to 20170509-172328-6826 [/jobs]
socketio: INFO: emitting event "task update" to 20170509-172344-9606 [/jobs]
digits.webapp: WARNING: Train Tensorflow Model unrecognized output: 2017-05-09 17:25:17.448103: W tensorflow/core/platform/cpu_feature_guard.cc:45] The TensorFlow library wasn't compiled to use SSE4.1 instructions, but these are available on your machine and could speed up CPU computations.
digits.webapp: WARNING: Train Tensorflow Model unrecognized output: 2017-05-09 17:25:17.448114: W tensorflow/core/platform/cpu_feature_guard.cc:45] The TensorFlow library wasn't compiled to use SSE4.2 instructions, but these are available on your machine and could speed up CPU computations.
digits.webapp: WARNING: Train Tensorflow Model unrecognized output: 2017-05-09 17:25:17.448119: W tensorflow/core/platform/cpu_feature_guard.cc:45] The TensorFlow library wasn't compiled to use AVX instructions, but these are available on your machine and could speed up CPU computations.
digits.webapp: WARNING: Train Tensorflow Model unrecognized output: 2017-05-09 17:25:17.570596: I tensorflow/stream_executor/cuda/cuda_gpu_executor.cc:901] successful NUMA node read from SysFS had negative value (-1), but there must be at least one NUMA node, so returning NUMA node zero
digits.webapp: WARNING: Train Tensorflow Model unrecognized output: 2017-05-09 17:25:17.571014: I tensorflow/core/common_runtime/gpu/gpu_device.cc:887] Found device 0 with properties:
digits.webapp: WARNING: Train Tensorflow Model unrecognized output: name: GeForce GTX TITAN X
digits.webapp: WARNING: Train Tensorflow Model unrecognized output: major: 5 minor: 2 memoryClockRate (GHz) 1.076
digits.webapp: WARNING: Train Tensorflow Model unrecognized output: pciBusID 0000:01:00.0
digits.webapp: WARNING: Train Tensorflow Model unrecognized output: Total memory: 11.92GiB
digits.webapp: WARNING: Train Tensorflow Model unrecognized output: Free memory: 10.26GiB
digits.webapp: WARNING: Train Tensorflow Model unrecognized output: 2017-05-09 17:25:17.571028: I tensorflow/core/common_runtime/gpu/gpu_device.cc:908] DMA: 0
digits.webapp: WARNING: Train Tensorflow Model unrecognized output: 2017-05-09 17:25:17.571033: I tensorflow/core/common_runtime/gpu/gpu_device.cc:918] 0:   Y
digits.webapp: WARNING: Train Tensorflow Model unrecognized output: 2017-05-09 17:25:17.571044: I tensorflow/core/common_runtime/gpu/gpu_device.cc:977] Creating TensorFlow device (/gpu:0) -> (device: 0, name: GeForce GTX TITAN X, pci bus id: 0000:01:00.0)
socketio: INFO: emitting event "task update" to 20170509-172430-a33c [/jobs]
socketio: INFO: emitting event "task update" to 20170509-172419-2d22 [/jobs]
socketio: INFO: emitting event "task update" to 20170509-172337-f1aa [/jobs]
socketio: INFO: emitting event "task update" to 20170509-172350-6fcd [/jobs]
socketio: INFO: emitting event "task update" to 20170509-172259-8252 [/jobs]
socketio: INFO: emitting event "task update" to 20170509-172114-d063 [/jobs]
socketio: INFO: emitting event "task update" to 20170509-172323-89b4 [/jobs]
digits.webapp: WARNING: Train Tensorflow Model unrecognized output: 2017-05-09 17:25:17.792621: I tensorflow/core/common_runtime/gpu/gpu_device.cc:977] Creating TensorFlow device (/gpu:0) -> (device: 0, name: GeForce GTX TITAN X, pci bus id: 0000:01:00.0)
digits.webapp: WARNING: Train Tensorflow Model unrecognized output: 2017-05-09 17:25:17.820177: I tensorflow/core/common_runtime/gpu/gpu_device.cc:977] Creating TensorFlow device (/gpu:0) -> (device: 0, name: GeForce GTX TITAN X, pci bus id: 0000:01:00.0)
socketio: INFO: emitting event "task update" to 20170509-172342-e0ef [/jobs]
socketio: INFO: emitting event "task update" to 20170509-172227-0156 [/jobs]
socketio: INFO: emitting event "task update" to 20170509-172334-9d18 [/jobs]
socketio: INFO: emitting event "task update" to 20170509-172347-b92a [/jobs]
socketio: INFO: emitting event "task update" to 20170509-172315-d38b [/jobs]
socketio: INFO: emitting event "task update" to 20170509-172516-8f4b [/jobs]
socketio: INFO: emitting event "task update" to 20170509-172352-bfdd [/jobs]
socketio: INFO: emitting event "task update" to 20170509-172412-e6f0 [/jobs]
socketio: INFO: emitting event "task update" to 20170509-172202-9230 [/jobs]
socketio: INFO: emitting event "task update" to 20170509-172317-7da8 [/jobs]
socketio: INFO: emitting event "task update" to 20170509-172210-1907 [/jobs]
socketio: INFO: emitting event "task update" to 20170509-172147-4505 [/jobs]
socketio: INFO: emitting event "task update" to 20170509-172339-dc52 [/jobs]
socketio: INFO: emitting event "task update" to 20170509-172218-c9c0 [/jobs]
socketio: INFO: emitting event "task update" to 20170509-172328-6826 [/jobs]
socketio: INFO: emitting event "task update" to 20170509-172344-9606 [/jobs]
digits.webapp: DEBUG: Network validation loss #0.0: 6.512358
digits.webapp: DEBUG: Network validation accuracy #0.0: 0.3
digits.webapp: DEBUG: Validation (epoch 0): loss = 6.512358, accuracy = 0.300000
socketio: INFO: emitting event "task update" to 20170509-172516-8f4b [/jobs]
socketio: INFO: emitting event "job update" to job_management [/jobs]
digits.webapp: DEBUG: Training 4.0% complete.
socketio: INFO: emitting event "task update" to 20170509-172516-8f4b [/jobs]
socketio: INFO: emitting event "task update" to job_management [/jobs]
digits.webapp: DEBUG: Training (epoch 0.4): loss = 17.262987, lr = 0.010000, accuracy = 0.300000
socketio: INFO: emitting event "task update" to 20170509-172516-8f4b [/jobs]
socketio: INFO: emitting event "job update" to job_management [/jobs]
digits.webapp: DEBUG: Training (epoch 0.8): loss = 2718.444580, lr = 0.010000, accuracy = 0.200000
socketio: INFO: emitting event "task update" to 20170509-172516-8f4b [/jobs]
socketio: INFO: emitting event "job update" to job_management [/jobs]
digits.webapp: DEBUG: Training (epoch 1.3): loss = 13290900.000000, lr = 0.010000, accuracy = 0.300000
digits.webapp: DEBUG: Network validation loss #1.3: 1.78904325161e+13
socketio: INFO: emitting event "task update" to 20170509-172516-8f4b [/jobs]
digits.webapp: DEBUG: Network validation accuracy #1.3: 0.3
digits.webapp: DEBUG: Validation (epoch 1.3): loss = 17890432516096.000000, accuracy = 0.300000
digits.webapp: WARNING: Train Tensorflow Model unrecognized output: INFO:tensorflow:/tmp/tmpX3R8Ve/20170509-172516-8f4b/snapshot_1.ckpt is not in all_model_checkpoint_paths. Manually adding it.
socketio: INFO: emitting event "task update" to 20170509-172516-8f4b [/jobs]
socketio: INFO: emitting event "task update" to 20170509-172516-8f4b [/jobs]
socketio: INFO: emitting event "job update" to job_management [/jobs]
digits.webapp: DEBUG: Training (epoch 1.7): loss = 17249808154624.000000, lr = 0.010000, accuracy = 0.300000
socketio: INFO: emitting event "task update" to 20170509-172516-8f4b [/jobs]
socketio: INFO: emitting event "job update" to job_management [/jobs]
digits.webapp: DEBUG: Training (epoch 2.1): loss = 110784194950078537689731550140170240.000000, lr = 0.010000, accuracy = 0.200000
digits.webapp: ERROR: Train Tensorflow Model: Model diverged with val/loss/val/loss/loss = nan : Try decreasing your learning rate
socketio: INFO: emitting event "task update" to 20170509-172430-a33c [/jobs]
socketio: INFO: emitting event "task update" to 20170509-172419-2d22 [/jobs]
socketio: INFO: emitting event "task update" to 20170509-172337-f1aa [/jobs]
socketio: INFO: emitting event "task update" to 20170509-172350-6fcd [/jobs]
socketio: INFO: emitting event "task update" to 20170509-172259-8252 [/jobs]
socketio: INFO: emitting event "task update" to 20170509-172114-d063 [/jobs]
socketio: INFO: emitting event "task update" to 20170509-172323-89b4 [/jobs]
digits.webapp: ERROR: Train Tensorflow Model task failed with error code 255
socketio: INFO: emitting event "task update" to 20170509-172516-8f4b [/jobs]
socketio: INFO: emitting event "job update" to 20170509-172516-8f4b [/jobs]
socketio: INFO: emitting event "job update" to job_management [/jobs]
socketio: INFO: emitting event "server update" to job_management [/jobs]
socketio: INFO: emitting event "job update" to 20170509-172516-8f4b [/jobs]
socketio: INFO: emitting event "job update" to job_management [/jobs]
socketio: INFO: emitting event "task update" to 20170509-172342-e0ef [/jobs]
socketio: INFO: emitting event "task update" to 20170509-172227-0156 [/jobs]
--------------------- >> end captured logging << ---------------------

======================================================================
FAIL: digits.model.images.classification.test_views.TestCaffePythonLayer.test_python_layer
----------------------------------------------------------------------
Traceback (most recent call last):
  File "/home/ethan/.local/lib/python2.7/site-packages/nose/case.py", line 197, in runTest
    self.test(*self.arg)
  File "/home/ethan/digits_GAN/digits/model/images/classification/test_views.py", line 1292, in test_python_layer
    assert self.model_wait_completion(job_id) == 'Done', 'first job failed'
AssertionError: first job failed
-------------------- >> begin captured stdout << ---------------------
I0509 17:20:46.753361 10296 net.cpp:159] Memory required for data: 72044
I0509 17:20:46.753365 10296 layer_factory.hpp:77] Creating layer py_test
[libprotobuf FATAL google/protobuf/stubs/common.cc:61] This program requires version 3.3.0 of the Protocol Buffer runtime library, but the installed version is 2.6.1.  Please update your library.  If you compiled the program yourself, make sure that your headers are from the same version of Protocol Buffers as your link-time library.  (Version verification failed in "google/protobuf/descriptor.pb.cc".)
terminate called after throwing an instance of 'google::protobuf::FatalException'
what():  This program requires version 3.3.0 of the Protocol Buffer runtime library, but the installed version is 2.6.1.  Please update your library.  If you compiled the program yourself, make sure that your headers are from the same version of Protocol Buffers as your link-time library.  (Version verification failed in "google/protobuf/descriptor.pb.cc".)
*** Aborted at 1494375647 (unix time) try "date -d @1494375647" if you are using GNU date ***
PC: @     0x7fa700ffe428 gsignal
*** SIGABRT (@0x3e800002838) received by PID 10296 (TID 0x7fa7036ffac0) from PID 10296; stack trace: ***
@     0x7fa700ffe4b0 (unknown)
@     0x7fa700ffe428 gsignal
@     0x7fa70100002a abort
@     0x7fa70163784d __gnu_cxx::__verbose_terminate_handler()
@     0x7fa7016356b6 (unknown)
@     0x7fa701635701 std::terminate()
@     0x7fa701635919 __cxa_throw
@     0x7fa7008b5647 google::protobuf::internal::LogMessage::Finish()
@     0x7fa7008b587d google::protobuf::internal::VerifyVersion()
@     0x7fa6d61b1e34 google::protobuf::protobuf_google_2fprotobuf_2fdescriptor_2eproto::TableStruct::InitDefaultsImpl()
@     0x7fa7008b5f75 google::protobuf::GoogleOnceInitImpl()
@     0x7fa6d61ad475 google::protobuf::protobuf_google_2fprotobuf_2fdescriptor_2eproto::InitDefaults()
@     0x7fa6d61ad4a9 google::protobuf::protobuf_google_2fprotobuf_2fdescriptor_2eproto::AddDescriptorsImpl()
@     0x7fa7008b5f75 google::protobuf::GoogleOnceInitImpl()
@     0x7fa6d61ad525 google::protobuf::protobuf_google_2fprotobuf_2fdescriptor_2eproto::AddDescriptors()
@     0x7fa7035724ea (unknown)
@     0x7fa7035725fb (unknown)
@     0x7fa703577712 (unknown)
@     0x7fa703572394 (unknown)
@     0x7fa703576bd9 (unknown)
@     0x7fa6ed1c2f09 (unknown)
@     0x7fa703572394 (unknown)
@     0x7fa6ed1c3571 (unknown)
@     0x7fa6ed1c2fa1 dlopen
@     0x7fa701c5388d _PyImport_GetDynLoadFunc
@     0x7fa701cc24be _PyImport_LoadDynamicModule
@     0x7fa701cc3300 (unknown)
@     0x7fa701cc35c8 (unknown)
@     0x7fa701cc46db PyImport_ImportModuleLevel
@     0x7fa701c3b698 (unknown)
@     0x7fa701c871e3 PyObject_Call
@     0x7fa701d5d447 PyEval_CallObjectWithKeywords


--------------------- >> end captured stdout << ----------------------
-------------------- >> begin captured logging << --------------------
socketio: INFO: emitting event "job update" to job_management [/jobs]
socketio: INFO: emitting event "job update" to 20170509-172046-5edb [/jobs]
socketio: INFO: emitting event "job update" to job_management [/jobs]
socketio: INFO: emitting event "server update" to job_management [/jobs]
digits.webapp: DEBUG: Network sanity check - train
digits.webapp: DEBUG: Network sanity check - val
digits.webapp: DEBUG: Network sanity check - deploy
digits.webapp: INFO: Train Caffe Model task started.
socketio: INFO: emitting event "task update" to 20170509-172046-5edb [/jobs]
socketio: INFO: emitting event "job update" to 20170509-172046-5edb [/jobs]
socketio: INFO: emitting event "job update" to job_management [/jobs]
digits.webapp: INFO: Task subprocess args: "/usr/bin/caffe train --solver=/tmp/tmpX3R8Ve/20170509-172046-5edb/solver.prototxt --gpu=0"
socketio: INFO: emitting event "task update" to 20170509-172046-5edb [/jobs]
digits.webapp: ERROR: Train Caffe Model task failed with error code -6
socketio: INFO: emitting event "task update" to 20170509-172046-5edb [/jobs]
socketio: INFO: emitting event "job update" to 20170509-172046-5edb [/jobs]
socketio: INFO: emitting event "job update" to job_management [/jobs]
socketio: INFO: emitting event "server update" to job_management [/jobs]
socketio: INFO: emitting event "job update" to 20170509-172046-5edb [/jobs]
socketio: INFO: emitting event "job update" to job_management [/jobs]
--------------------- >> end captured logging << ---------------------

======================================================================
FAIL: digits.model.images.classification.test_views.TestTensorflowCreatedDataAug.test_classify_many
----------------------------------------------------------------------
Traceback (most recent call last):
  File "/home/ethan/.local/lib/python2.7/site-packages/nose/case.py", line 197, in runTest
    self.test(*self.arg)
  File "/home/ethan/digits_GAN/digits/model/images/classification/test_views.py", line 718, in test_classify_many
    assert rv.status_code == 200, 'POST failed with %s\n\n%s' % (rv.status_code, body)
AssertionError: POST failed with 500

[<body>\n<div class="navbar navbar-inverse navbar-fixed-top">\n<div class="container">\n<div class="navbar-header">\n<a class="navbar-brand" href="/">DIGITS</a>\n</div>\n<ul class="nav navbar-nav">\n<li><a href="/models/20170509-172114-d063">test_model</a></li>\n<li class="active"><a>Classify Many</a></li>\n</ul>\n<ul class="nav navbar-nav navbar-right">\n<li>\n<p class="navbar-text">\n            digits-testsuite (<a class="navbar-link" href="/logout">Logout</a>)\n            </p>\n</li>\n<li class="dropdown">\n<a class="dropdown-toggle" data-toggle="dropdown" href="#">Info<span class="caret"></span></a>\n<ul class="dropdown-menu navbar-inverse">\n<li><span class="navbar-text">Server: ethan-computer</span></li>\n<li><span class="navbar-text">DIGITS version: <br> 5.1-dev</br></span></li>\n<li><span class="navbar-text">Caffe version: <br> 0.15.13</br></span></li>\n<li><span class="navbar-text">Caffe flavor: <br> NVIDIA</br></span></li>\n</ul>\n</li>\n<li class="dropdown">\n<a class="dropdown-toggle" data-toggle="dropdown" href="#">About<span class="caret"></span></a>\n<ul class="dropdown-menu about-menu navbar-inverse">\n<li><span class="navbar-text"><a href="https://developer.nvidia.com/digits" target="_blank">\n                        DIGITS on developer.nvidia.com\n                    </a></span></li>\n<li><span class="navbar-text"><a href="https://github.com/NVIDIA/DIGITS" target="_blank">\n                        DIGITS on GitHub\n                    </a></span></li>\n<li><span class="navbar-text"><a href="https://groups.google.com/d/forum/digits-users" target="_blank">\n                        DIGITS user group\n                    </a></span></li>\n<li><span class="navbar-text"><a href="mailto:digits@nvidia.com">\n                        digits@nvidia.com\n                    </a></span></li>\n</ul>\n</li>\n</ul>\n</div>\n</div>\n<div class="container">\n<div class="jumbotron">\n<div class="container">\n<div class="row">\n<div class="col-sm-12" id="show-job-name">\n<h2 style="display:inline;">Classify Many Images</h2>\n</div>\n<div class="col-sm-4" id="edit-job-name" style="display:none;">\n<script>\nfunction updateJobName() {\n    var newName = $("input[name=job-name]").val();\n    $.ajax("/jobs/20170509-172117-f1c1",\n            {\n                type: "PUT",\n                data: {"job_name": newName}\n                }\n          )\n    .done(function() {\n            $("#show-job-name h2").html(newName);\n            $('#edit-job-name').hide(); $('#show-job-name').show();\n            })\n    .fail(function(data) { errorAlert(data); });\n    return false;\n}\n                </script>\n<input class="form-control" name="job-name" value="Classify Many Images"/>\n<a class="btn btn-primary" href="#" onclick="return updateJobName();">Update</a>\n<a class="btn btn-info" href="#" onclick="$('#edit-job-name').hide(); $('#show-job-name').show(); return false;">Cancel</a>\n</div>\n</div>\n<small>Owner: digits-testsuite</small>\n<div class="pull-right">\n<a class="btn btn-info" disabled="" id="clone-job">Clone Job</a>\n<a class="btn btn-warning hidden disabled" id="abort-job">Abort Job</a>\n<a class="btn btn-danger disabled" id="delete-job">Delete Job</a>\n</div>\n</div>\n<script>\n$('#abort-job').on('click', function(event) {\n        event.preventDefault();\n        bootbox.confirm(\n            'Are you sure you want to abort this job?',\n            function(result) {\n                if (result)\n                    $.ajax("/jobs/20170509-172117-f1c1/abort",\n                        {type: "POST"})\n                    .done(function() {\n                        $("#abort-job").hide();\n                        })\n                    .fail(function(data) { errorAlert(data); });\n            });\n        });\n\n$('#delete-job').on('click', function(event) {\n        event.preventDefault();\n        bootbox.confirm(\n            'Are you sure you want to delete this job?<br><br>All related files will be permanently removed.',\n            function(result) {\n                if (result)\n                    $.ajax("/jobs/20170509-172117-f1c1",\n                        {type: "DELETE"})\n                    .done(function() {\n                        window.location = "/";\n                        })\n                    .fail(function(data) { errorAlert(data); });\n            });\n        });\n    </script>\n</div>\n<div class="row">\n<!-- Job content -->\n<div class="col-sm-8">\n<div class="page-header">\n<h1>\n        test_model\n        <small>\n            Image Classification Model\n        </small>\n</h1>\n</div>\n<div class="alert alert-danger">\n<p>Classification failed, see job log</p>\n</div>\n</div>\n<!-- Tasks -->\n<div class="col-sm-4">\n<div class="panel-group">\n<div class="panel panel-danger" id="job-statuses">\n<div class="panel-heading">\n<h4 class="panel-title">\n                    Job Status\n                    <small>Error</small>\n</h4>\n</div>\n<div class="panel-collapse">\n<div class="panel-body">\n<div class="job-statuses">\n<ul>\n<li>\n<span class="text-warning">Initialized</span>\n        at 05:21:17 PM\n            <small>(0 seconds)</small>\n</li>\n<li>\n<span class="text-info">Running</span>\n        at 05:21:17 PM\n            <small>(2 seconds)</small>\n</li>\n<li>\n<span class="text-danger">Error</span>\n        at 05:21:20 PM\n            <br>\n<small>(Total - 2 seconds)</small>\n</br></li>\n</ul>\n</div>\n<div class="panel-group">\n<div class="panel panel-danger" id="task-140099490829392-status">\n<div class="panel-heading">\n<h4 class="panel-title">\n<a data-toggle="collapse" href="#task-140099490829392-status-collapse">\n                                            Infer Model\n                                            <small>Error</small>\n<span class="caret"></span>\n</a>\n</h4>\n</div>\n<div class="panel-collapse collapse in" id="task-140099490829392-status-collapse">\n<div class="panel-body">\n<div class="task-progress" style="display:none;">\n<div class="progress">\n<div class="progress-bar" style="width:0%">\n                                                    0%\n                                                </div>\n</div>\n                                            Estimated time remaining: <span class="task-eta">?</span>\n<br/>\n<br/>\n</div>\n<div class="task-statuses">\n<ul>\n<li>\n<span class="text-warning">Initialized</span>\n        at 05:21:17 PM\n            <small>(0 seconds)</small>\n</li>\n<li>\n<span class="text-info">Running</span>\n        at 05:21:17 PM\n            <small>(2 seconds)</small>\n</li>\n<li>\n<span class="text-danger">Error</span>\n        at 05:21:19 PM\n            <br>\n<small>(Total - 2 seconds)</small>\n</br></li>\n</ul>\n<h4 class="text-danger">ERROR: error code 1</h4>\n<pre>\nWARNING: log_file config option not found - no log file is being saved\n2017-05-09 17:21:19 [ERROR] InferenceError: Unable to find snapshot for epoch=-1.0\nTraceback (most recent call last):\nFile "/home/ethan/digits_GAN/digits/tools/inference.py", line 293, in &lt;module&gt;\nargs['resize']\nFile "/home/ethan/digits_GAN/digits/tools/inference.py", line 79, in infer\nraise InferenceError("Unable to find snapshot for epoch=%s" % repr(epoch))\ndigits.inference.errors.InferenceError: 'Unable to find snapshot for epoch=-1.0'\n        </pre>\n</div>\n</div>\n</div>\n</div>\n</div>\n</div>\n</div>\n</div>\n</div>\n<div class="gpu-utilization-info" style="display:none;"></div>\n<!-- Related jobs -->\n<div class="panel panel-default" id="notes-information">\n<div class="panel-heading">\n<h4>Notes</h4>\n</div>\n<div class="panel-body">\n<div class="col-sm-12" id="show-job-notes">\n<p style="display:inline;">None</p>\n</div>\n<div class="col-sm-12" id="edit-job-notes" style="display:none;">\n<script type="text/javascript">\n                        function updateJobNotes() {\n                        var newNotes = $("textarea[name=job-notes]").val();\n                        $.ajax("/jobs/20170509-172117-f1c1",\n                                {\n                                    type: "PUT",\n                                    data: {"job_notes": newNotes}\n                                    }\n                              )\n                        .done(function() {\n                                $("#show-job-notes p").html(newNotes);\n                                $('#edit-job-notes').hide(); $('#show-job-notes').show();\n                                })\n                        .fail(function(data) { errorAlert(data); });\n                        return false;\n                    }\n                    </script>\n<textarea class="form-control" name="job-notes" placeholder="Enter notes" rows="5"></textarea>\n<a class="btn btn-primary" href="#" onclick="return updateJobNotes();">Update</a>\n<a class="btn btn-info" href="#" onclick="$('#edit-job-notes').hide(); $('#show-job-notes').show(); return false;">Cancel</a>\n</div>\n</div>\n</div>\n</div>\n</div>\n<div class="row">\n</div>\n</div>\n<script>\n$SCRIPT_ROOT = "";\n\n$(".explanation-tooltip").tooltip();\n\nwindow.onload = function () {\n    $('.autocomplete_path').autocomplete({\n       serviceUrl: '/autocomplete/path',\n       formatResult: function (suggestion, currentValue)\n       {\n            function baseName(str)\n            {\n               var base = new String(str).substring(str.lastIndexOf('/') + 1);\n               return base;\n            }\n            return baseName(suggestion.value);\n        },\n        minChars: 0\n    });\n    $(".autocomplete_path").removeAttr("autocomplete");\n};\n\n</script>\n<style>\n .about-menu {\n     width: 240px !important;\n }\n .brightness {\n     display: inline-block;\n }\n .brightness img:hover {\n     opacity: .75;\n }\n</style>\n</body>]
-------------------- >> begin captured logging << --------------------
digits: INFO: Job deleted.
socketio: INFO: emitting event "job update" to job_management [/jobs]
digits: INFO: Job deleted.
socketio: INFO: emitting event "job update" to job_management [/jobs]
socketio: INFO: emitting event "job update" to job_management [/jobs]
socketio: INFO: emitting event "job update" to 20170509-172108-d285 [/jobs]
socketio: INFO: emitting event "job update" to job_management [/jobs]
socketio: INFO: emitting event "server update" to job_management [/jobs]
digits.webapp: INFO: Parse Folder (train/val) task started.
socketio: INFO: emitting event "task update" to 20170509-172108-d285 [/jobs]
socketio: INFO: emitting event "job update" to 20170509-172108-d285 [/jobs]
socketio: INFO: emitting event "job update" to job_management [/jobs]
digits.webapp: INFO: Task subprocess args: "/usr/bin/python2 /home/ethan/digits_GAN/digits/tools/parse_folder.py /tmp/tmpRBiBeO /tmp/tmpX3R8Ve/20170509-172108-d285/labels.txt --min=2 --train_file=/tmp/tmpX3R8Ve/20170509-172108-d285/train.txt --val_file=/tmp/tmpX3R8Ve/20170509-172108-d285/val.txt --percent_val=25.0"
digits.webapp: WARNING: Parse Folder (train/val) unrecognized output: WARNING: log_file config option not found - no log file is being saved
socketio: INFO: emitting event "task update" to 20170509-172108-d285 [/jobs]
socketio: INFO: emitting event "job update" to job_management [/jobs]
socketio: INFO: emitting event "task update" to 20170509-172108-d285 [/jobs]
socketio: INFO: emitting event "job update" to job_management [/jobs]
socketio: INFO: emitting event "task update" to 20170509-172108-d285 [/jobs]
socketio: INFO: emitting event "job update" to job_management [/jobs]
digits.webapp: INFO: Parse Folder (train/val) task completed.
socketio: INFO: emitting event "task update" to 20170509-172108-d285 [/jobs]
socketio: INFO: emitting event "job update" to job_management [/jobs]
socketio: INFO: emitting event "task update" to 20170509-172108-d285 [/jobs]
socketio: INFO: emitting event "job update" to 20170509-172108-d285 [/jobs]
socketio: INFO: emitting event "job update" to job_management [/jobs]
socketio: INFO: emitting event "server update" to job_management [/jobs]
socketio: INFO: emitting event "server update" to job_management [/jobs]
socketio: INFO: emitting event "server update" to job_management [/jobs]
digits.webapp: INFO: Create DB (train) task started.
socketio: INFO: emitting event "task update" to 20170509-172108-d285 [/jobs]
socketio: INFO: emitting event "job update" to 20170509-172108-d285 [/jobs]
socketio: INFO: emitting event "job update" to job_management [/jobs]
digits.webapp: INFO: Task subprocess args: "/usr/bin/python2 /home/ethan/digits_GAN/digits/tools/create_db.py /tmp/tmpX3R8Ve/20170509-172108-d285/train.txt /tmp/tmpX3R8Ve/20170509-172108-d285/train_db 10 20 --backend=lmdb --channels=3 --resize_mode=squash --mean_file=/tmp/tmpX3R8Ve/20170509-172108-d285/mean.binaryproto --mean_file=/tmp/tmpX3R8Ve/20170509-172108-d285/mean.jpg --shuffle --encoding=png"
digits.webapp: INFO: Create DB (val) task started.
socketio: INFO: emitting event "task update" to 20170509-172108-d285 [/jobs]
socketio: INFO: emitting event "job update" to 20170509-172108-d285 [/jobs]
socketio: INFO: emitting event "job update" to job_management [/jobs]
digits.webapp: INFO: Task subprocess args: "/usr/bin/python2 /home/ethan/digits_GAN/digits/tools/create_db.py /tmp/tmpX3R8Ve/20170509-172108-d285/val.txt /tmp/tmpX3R8Ve/20170509-172108-d285/val_db 10 20 --backend=lmdb --channels=3 --resize_mode=squash --shuffle --encoding=png"
digits.webapp: WARNING: Create DB (val) unrecognized output: WARNING: log_file config option not found - no log file is being saved
socketio: INFO: emitting event "task update" to 20170509-172108-d285 [/jobs]
digits.webapp: WARNING: Create DB (train) unrecognized output: WARNING: log_file config option not found - no log file is being saved
socketio: INFO: emitting event "task update" to 20170509-172108-d285 [/jobs]
digits.webapp: DEBUG: 6 images written to database
digits.webapp: DEBUG: 24 images written to database
socketio: INFO: emitting event "task update" to 20170509-172108-d285 [/jobs]
digits.webapp: INFO: Create DB (val) task completed.
socketio: INFO: emitting event "task update" to 20170509-172108-d285 [/jobs]
socketio: INFO: emitting event "job update" to job_management [/jobs]
socketio: INFO: emitting event "task update" to 20170509-172108-d285 [/jobs]
socketio: INFO: emitting event "job update" to 20170509-172108-d285 [/jobs]
socketio: INFO: emitting event "job update" to job_management [/jobs]
socketio: INFO: emitting event "server update" to job_management [/jobs]
socketio: INFO: emitting event "task update" to 20170509-172108-d285 [/jobs]
socketio: INFO: emitting event "task update" to 20170509-172108-d285 [/jobs]
digits.webapp: INFO: Create DB (train) task completed.
socketio: INFO: emitting event "task update" to 20170509-172108-d285 [/jobs]
socketio: INFO: emitting event "job update" to job_management [/jobs]
socketio: INFO: emitting event "task update" to 20170509-172108-d285 [/jobs]
socketio: INFO: emitting event "job update" to 20170509-172108-d285 [/jobs]
socketio: INFO: emitting event "job update" to job_management [/jobs]
socketio: INFO: emitting event "server update" to job_management [/jobs]
socketio: INFO: emitting event "job update" to job_management [/jobs]
socketio: INFO: emitting event "job update" to 20170509-172108-d285 [/jobs]
socketio: INFO: emitting event "job update" to job_management [/jobs]
digits: INFO: Job complete.
socketio: INFO: emitting event "job update" to job_management [/jobs]
socketio: INFO: emitting event "job update" to 20170509-172114-d063 [/jobs]
socketio: INFO: emitting event "job update" to job_management [/jobs]
socketio: INFO: emitting event "server update" to job_management [/jobs]
digits.webapp: INFO: Train Tensorflow Model task started.
socketio: INFO: emitting event "task update" to 20170509-172114-d063 [/jobs]
socketio: INFO: emitting event "job update" to 20170509-172114-d063 [/jobs]
socketio: INFO: emitting event "job update" to job_management [/jobs]
digits.webapp: INFO: Task subprocess args: "python2 /home/ethan/digits_GAN/digits/tools/tensorflow/main.py --network=network.py --epoch=2 --networkDirectory=/tmp/tmpX3R8Ve/20170509-172114-d063 --save=/tmp/tmpX3R8Ve/20170509-172114-d063 --snapshotPrefix=snapshot --snapshotInterval=1 --lr_base_rate=0.01 --lr_policy=step --batch_size=10 --mean=/tmp/tmpX3R8Ve/20170509-172108-d285/mean.binaryproto --labels_list=/tmp/tmpX3R8Ve/20170509-172108-d285/labels.txt --train_db=/tmp/tmpX3R8Ve/20170509-172108-d285/train_db --validation_db=/tmp/tmpX3R8Ve/20170509-172108-d285/val_db --lr_gamma=0.1 --lr_stepvalues=33 --subtractMean=image --seed=3405691582 --optimization=sgd --validation_interval=1 --log_runtime_stats_per_step=0 --augFlip=fliplrud --augNoise=0.03 --augContrast=0.1 --augWhitening=1 --augHSVh=0.02 --augHSVs=0.04 --augHSVv=0.06"
socketio: INFO: emitting event "task update" to 20170509-172114-d063 [/jobs]
digits.webapp: WARNING: Train Tensorflow Model unrecognized output: 2017-05-09 17:21:16.002396: W tensorflow/core/platform/cpu_feature_guard.cc:45] The TensorFlow library wasn't compiled to use SSE4.1 instructions, but these are available on your machine and could speed up CPU computations.
digits.webapp: WARNING: Train Tensorflow Model unrecognized output: 2017-05-09 17:21:16.002408: W tensorflow/core/platform/cpu_feature_guard.cc:45] The TensorFlow library wasn't compiled to use SSE4.2 instructions, but these are available on your machine and could speed up CPU computations.
digits.webapp: WARNING: Train Tensorflow Model unrecognized output: 2017-05-09 17:21:16.002413: W tensorflow/core/platform/cpu_feature_guard.cc:45] The TensorFlow library wasn't compiled to use AVX instructions, but these are available on your machine and could speed up CPU computations.
digits.webapp: WARNING: Train Tensorflow Model unrecognized output: 2017-05-09 17:21:16.125120: I tensorflow/stream_executor/cuda/cuda_gpu_executor.cc:901] successful NUMA node read from SysFS had negative value (-1), but there must be at least one NUMA node, so returning NUMA node zero
digits.webapp: WARNING: Train Tensorflow Model unrecognized output: 2017-05-09 17:21:16.125535: I tensorflow/core/common_runtime/gpu/gpu_device.cc:887] Found device 0 with properties:
digits.webapp: WARNING: Train Tensorflow Model unrecognized output: name: GeForce GTX TITAN X
digits.webapp: WARNING: Train Tensorflow Model unrecognized output: major: 5 minor: 2 memoryClockRate (GHz) 1.076
digits.webapp: WARNING: Train Tensorflow Model unrecognized output: pciBusID 0000:01:00.0
digits.webapp: WARNING: Train Tensorflow Model unrecognized output: Total memory: 11.92GiB
digits.webapp: WARNING: Train Tensorflow Model unrecognized output: Free memory: 10.24GiB
digits.webapp: WARNING: Train Tensorflow Model unrecognized output: 2017-05-09 17:21:16.125549: I tensorflow/core/common_runtime/gpu/gpu_device.cc:908] DMA: 0
digits.webapp: WARNING: Train Tensorflow Model unrecognized output: 2017-05-09 17:21:16.125554: I tensorflow/core/common_runtime/gpu/gpu_device.cc:918] 0:   Y
digits.webapp: WARNING: Train Tensorflow Model unrecognized output: 2017-05-09 17:21:16.125561: I tensorflow/core/common_runtime/gpu/gpu_device.cc:977] Creating TensorFlow device (/gpu:0) -> (device: 0, name: GeForce GTX TITAN X, pci bus id: 0000:01:00.0)
digits.webapp: WARNING: Train Tensorflow Model unrecognized output: 2017-05-09 17:21:16.226117: I tensorflow/core/common_runtime/gpu/gpu_device.cc:977] Creating TensorFlow device (/gpu:0) -> (device: 0, name: GeForce GTX TITAN X, pci bus id: 0000:01:00.0)
digits.webapp: WARNING: Train Tensorflow Model unrecognized output: 2017-05-09 17:21:16.232828: I tensorflow/core/common_runtime/gpu/gpu_device.cc:977] Creating TensorFlow device (/gpu:0) -> (device: 0, name: GeForce GTX TITAN X, pci bus id: 0000:01:00.0)
socketio: INFO: emitting event "task update" to 20170509-172114-d063 [/jobs]
digits.webapp: DEBUG: Network validation loss #0.0: 1.098612
digits.webapp: DEBUG: Validation (epoch 0): loss = 1.098612
socketio: INFO: emitting event "task update" to 20170509-172114-d063 [/jobs]
socketio: INFO: emitting event "job update" to job_management [/jobs]
digits.webapp: DEBUG: Training 20.0% complete.
socketio: INFO: emitting event "task update" to 20170509-172114-d063 [/jobs]
socketio: INFO: emitting event "task update" to job_management [/jobs]
digits.webapp: DEBUG: Training (epoch 0.4): loss = 1.098612, lr = 0.010000
socketio: INFO: emitting event "task update" to 20170509-172114-d063 [/jobs]
socketio: INFO: emitting event "job update" to job_management [/jobs]
digits.webapp: DEBUG: Training (epoch 0.8): loss = 0.379503, lr = 0.010000
socketio: INFO: emitting event "task update" to 20170509-172114-d063 [/jobs]
socketio: INFO: emitting event "job update" to job_management [/jobs]
digits.webapp: DEBUG: Training (epoch 1.3): loss = 0.181842, lr = 0.001000
socketio: INFO: emitting event "task update" to 20170509-172114-d063 [/jobs]
digits.webapp: DEBUG: Network validation loss #1.3: 0.0
digits.webapp: DEBUG: Validation (epoch 1.3): loss = 0.000000
digits.webapp: WARNING: Train Tensorflow Model unrecognized output: INFO:tensorflow:/tmp/tmpX3R8Ve/20170509-172114-d063/snapshot_1.ckpt is not in all_model_checkpoint_paths. Manually adding it.
socketio: INFO: emitting event "task update" to 20170509-172114-d063 [/jobs]
socketio: INFO: emitting event "task update" to 20170509-172114-d063 [/jobs]
socketio: INFO: emitting event "job update" to job_management [/jobs]
digits.webapp: DEBUG: Training (epoch 1.7): loss = 0.171687, lr = 0.001000
socketio: INFO: emitting event "task update" to 20170509-172114-d063 [/jobs]
socketio: INFO: emitting event "job update" to job_management [/jobs]
digits.webapp: DEBUG: Training (epoch 2.1): loss = 0.163367, lr = 0.000100
socketio: INFO: emitting event "task update" to 20170509-172114-d063 [/jobs]
digits.webapp: DEBUG: Network validation loss #2.1: 0.0
digits.webapp: DEBUG: Validation (epoch 2.1): loss = 0.000000
digits.webapp: WARNING: Train Tensorflow Model unrecognized output: INFO:tensorflow:/tmp/tmpX3R8Ve/20170509-172114-d063/snapshot_2.ckpt is not in all_model_checkpoint_paths. Manually adding it.
socketio: INFO: emitting event "task update" to 20170509-172114-d063 [/jobs]
digits.webapp: WARNING: Train Tensorflow Model unrecognized output: Training wall-time: 0.248252153397
digits.webapp: INFO: Train Tensorflow Model task completed.
socketio: INFO: emitting event "task update" to 20170509-172114-d063 [/jobs]
socketio: INFO: emitting event "job update" to job_management [/jobs]
socketio: INFO: emitting event "task update" to 20170509-172114-d063 [/jobs]
socketio: INFO: emitting event "job update" to 20170509-172114-d063 [/jobs]
socketio: INFO: emitting event "job update" to job_management [/jobs]
socketio: INFO: emitting event "server update" to job_management [/jobs]
socketio: INFO: emitting event "job update" to job_management [/jobs]
socketio: INFO: emitting event "job update" to 20170509-172114-d063 [/jobs]
socketio: INFO: emitting event "job update" to job_management [/jobs]
digits: INFO: Job complete.
socketio: INFO: emitting event "job update" to job_management [/jobs]
socketio: INFO: emitting event "job update" to 20170509-172117-f1c1 [/jobs]
socketio: INFO: emitting event "job update" to job_management [/jobs]
socketio: INFO: emitting event "server update" to job_management [/jobs]
socketio: INFO: emitting event "server update" to job_management [/jobs]
digits.webapp: INFO: Infer Model task started.
socketio: INFO: emitting event "task update" to 20170509-172117-f1c1 [/jobs]
socketio: INFO: emitting event "job update" to 20170509-172117-f1c1 [/jobs]
socketio: INFO: emitting event "job update" to job_management [/jobs]
digits.webapp: INFO: Task subprocess args: "/usr/bin/python2 /home/ethan/digits_GAN/digits/tools/inference.py /tmp/tmpX3R8Ve/20170509-172117-f1c1/tmpmyoZRC.txt /tmp/tmpX3R8Ve/20170509-172117-f1c1 20170509-172114-d063 --jobs_dir=/tmp/tmpX3R8Ve --layers=none --gpu=0"
socketio: INFO: emitting event "task update" to 20170509-172114-d063 [/jobs]
socketio: INFO: emitting event "task update" to 20170509-172114-d063 [/jobs]
socketio: INFO: emitting event "task update" to 20170509-172114-d063 [/jobs]
digits.webapp: WARNING: Infer Model unrecognized output: WARNING: log_file config option not found - no log file is being saved
digits.webapp: WARNING: Infer Model unrecognized output: 2017-05-09 17:21:19 [ERROR] InferenceError: Unable to find snapshot for epoch=-1.0
digits.webapp: WARNING: Infer Model unrecognized output: Traceback (most recent call last):
digits.webapp: WARNING: Infer Model unrecognized output: File "/home/ethan/digits_GAN/digits/tools/inference.py", line 293, in <module>
digits.webapp: WARNING: Infer Model unrecognized output: args['resize']
digits.webapp: WARNING: Infer Model unrecognized output: File "/home/ethan/digits_GAN/digits/tools/inference.py", line 79, in infer
digits.webapp: WARNING: Infer Model unrecognized output: raise InferenceError("Unable to find snapshot for epoch=%s" % repr(epoch))
digits.webapp: WARNING: Infer Model unrecognized output: digits.inference.errors.InferenceError: 'Unable to find snapshot for epoch=-1.0'
digits.webapp: ERROR: Infer Model task failed with error code 1
socketio: INFO: emitting event "task update" to 20170509-172117-f1c1 [/jobs]
socketio: INFO: emitting event "job update" to 20170509-172117-f1c1 [/jobs]
socketio: INFO: emitting event "job update" to job_management [/jobs]
socketio: INFO: emitting event "server update" to job_management [/jobs]
socketio: INFO: emitting event "server update" to job_management [/jobs]
socketio: INFO: emitting event "job update" to 20170509-172117-f1c1 [/jobs]
socketio: INFO: emitting event "job update" to job_management [/jobs]
digits: INFO: Job deleted.
socketio: INFO: emitting event "job update" to job_management [/jobs]
--------------------- >> end captured logging << ---------------------

======================================================================
FAIL: digits.model.images.classification.test_views.TestTensorflowCreatedDataAug.test_classify_many_from_folder
----------------------------------------------------------------------
Traceback (most recent call last):
  File "/home/ethan/.local/lib/python2.7/site-packages/nose/case.py", line 197, in runTest
    self.test(*self.arg)
  File "/home/ethan/digits_GAN/digits/model/images/classification/test_views.py", line 739, in test_classify_many_from_folder
    assert rv.status_code == 200, 'POST failed with %s\n\n%s' % (rv.status_code, body)
AssertionError: POST failed with 500

[<body>\n<div class="navbar navbar-inverse navbar-fixed-top">\n<div class="container">\n<div class="navbar-header">\n<a class="navbar-brand" href="/">DIGITS</a>\n</div>\n<ul class="nav navbar-nav">\n<li><a href="/models/20170509-172114-d063">test_model</a></li>\n<li class="active"><a>Classify Many</a></li>\n</ul>\n<ul class="nav navbar-nav navbar-right">\n<li>\n<p class="navbar-text">\n            digits-testsuite (<a class="navbar-link" href="/logout">Logout</a>)\n            </p>\n</li>\n<li class="dropdown">\n<a class="dropdown-toggle" data-toggle="dropdown" href="#">Info<span class="caret"></span></a>\n<ul class="dropdown-menu navbar-inverse">\n<li><span class="navbar-text">Server: ethan-computer</span></li>\n<li><span class="navbar-text">DIGITS version: <br> 5.1-dev</br></span></li>\n<li><span class="navbar-text">Caffe version: <br> 0.15.13</br></span></li>\n<li><span class="navbar-text">Caffe flavor: <br> NVIDIA</br></span></li>\n</ul>\n</li>\n<li class="dropdown">\n<a class="dropdown-toggle" data-toggle="dropdown" href="#">About<span class="caret"></span></a>\n<ul class="dropdown-menu about-menu navbar-inverse">\n<li><span class="navbar-text"><a href="https://developer.nvidia.com/digits" target="_blank">\n                        DIGITS on developer.nvidia.com\n                    </a></span></li>\n<li><span class="navbar-text"><a href="https://github.com/NVIDIA/DIGITS" target="_blank">\n                        DIGITS on GitHub\n                    </a></span></li>\n<li><span class="navbar-text"><a href="https://groups.google.com/d/forum/digits-users" target="_blank">\n                        DIGITS user group\n                    </a></span></li>\n<li><span class="navbar-text"><a href="mailto:digits@nvidia.com">\n                        digits@nvidia.com\n                    </a></span></li>\n</ul>\n</li>\n</ul>\n</div>\n</div>\n<div class="container">\n<div class="jumbotron">\n<div class="container">\n<div class="row">\n<div class="col-sm-12" id="show-job-name">\n<h2 style="display:inline;">Classify Many Images</h2>\n</div>\n<div class="col-sm-4" id="edit-job-name" style="display:none;">\n<script>\nfunction updateJobName() {\n    var newName = $("input[name=job-name]").val();\n    $.ajax("/jobs/20170509-172120-d72e",\n            {\n                type: "PUT",\n                data: {"job_name": newName}\n                }\n          )\n    .done(function() {\n            $("#show-job-name h2").html(newName);\n            $('#edit-job-name').hide(); $('#show-job-name').show();\n            })\n    .fail(function(data) { errorAlert(data); });\n    return false;\n}\n                </script>\n<input class="form-control" name="job-name" value="Classify Many Images"/>\n<a class="btn btn-primary" href="#" onclick="return updateJobName();">Update</a>\n<a class="btn btn-info" href="#" onclick="$('#edit-job-name').hide(); $('#show-job-name').show(); return false;">Cancel</a>\n</div>\n</div>\n<small>Owner: digits-testsuite</small>\n<div class="pull-right">\n<a class="btn btn-info" disabled="" id="clone-job">Clone Job</a>\n<a class="btn btn-warning hidden disabled" id="abort-job">Abort Job</a>\n<a class="btn btn-danger disabled" id="delete-job">Delete Job</a>\n</div>\n</div>\n<script>\n$('#abort-job').on('click', function(event) {\n        event.preventDefault();\n        bootbox.confirm(\n            'Are you sure you want to abort this job?',\n            function(result) {\n                if (result)\n                    $.ajax("/jobs/20170509-172120-d72e/abort",\n                        {type: "POST"})\n                    .done(function() {\n                        $("#abort-job").hide();\n                        })\n                    .fail(function(data) { errorAlert(data); });\n            });\n        });\n\n$('#delete-job').on('click', function(event) {\n        event.preventDefault();\n        bootbox.confirm(\n            'Are you sure you want to delete this job?<br><br>All related files will be permanently removed.',\n            function(result) {\n                if (result)\n                    $.ajax("/jobs/20170509-172120-d72e",\n                        {type: "DELETE"})\n                    .done(function() {\n                        window.location = "/";\n                        })\n                    .fail(function(data) { errorAlert(data); });\n            });\n        });\n    </script>\n</div>\n<div class="row">\n<!-- Job content -->\n<div class="col-sm-8">\n<div class="page-header">\n<h1>\n        test_model\n        <small>\n            Image Classification Model\n        </small>\n</h1>\n</div>\n<div class="alert alert-danger">\n<p>Classification failed, see job log</p>\n</div>\n</div>\n<!-- Tasks -->\n<div class="col-sm-4">\n<div class="panel-group">\n<div class="panel panel-danger" id="job-statuses">\n<div class="panel-heading">\n<h4 class="panel-title">\n                    Job Status\n                    <small>Error</small>\n</h4>\n</div>\n<div class="panel-collapse">\n<div class="panel-body">\n<div class="job-statuses">\n<ul>\n<li>\n<span class="text-warning">Initialized</span>\n        at 05:21:20 PM\n            <small>(0 seconds)</small>\n</li>\n<li>\n<span class="text-info">Running</span>\n        at 05:21:20 PM\n            <small>(2 seconds)</small>\n</li>\n<li>\n<span class="text-danger">Error</span>\n        at 05:21:23 PM\n            <br>\n<small>(Total - 2 seconds)</small>\n</br></li>\n</ul>\n</div>\n<div class="panel-group">\n<div class="panel panel-danger" id="task-140099490489360-status">\n<div class="panel-heading">\n<h4 class="panel-title">\n<a data-toggle="collapse" href="#task-140099490489360-status-collapse">\n                                            Infer Model\n                                            <small>Error</small>\n<span class="caret"></span>\n</a>\n</h4>\n</div>\n<div class="panel-collapse collapse in" id="task-140099490489360-status-collapse">\n<div class="panel-body">\n<div class="task-progress" style="display:none;">\n<div class="progress">\n<div class="progress-bar" style="width:0%">\n                                                    0%\n                                                </div>\n</div>\n                                            Estimated time remaining: <span class="task-eta">?</span>\n<br/>\n<br/>\n</div>\n<div class="task-statuses">\n<ul>\n<li>\n<span class="text-warning">Initialized</span>\n        at 05:21:20 PM\n            <small>(0 seconds)</small>\n</li>\n<li>\n<span class="text-info">Running</span>\n        at 05:21:20 PM\n            <small>(2 seconds)</small>\n</li>\n<li>\n<span class="text-danger">Error</span>\n        at 05:21:23 PM\n            <br>\n<small>(Total - 2 seconds)</small>\n</br></li>\n</ul>\n<h4 class="text-danger">ERROR: error code 1</h4>\n<pre>\nWARNING: log_file config option not found - no log file is being saved\n2017-05-09 17:21:22 [ERROR] InferenceError: Unable to find snapshot for epoch=-1.0\nTraceback (most recent call last):\nFile "/home/ethan/digits_GAN/digits/tools/inference.py", line 293, in &lt;module&gt;\nargs['resize']\nFile "/home/ethan/digits_GAN/digits/tools/inference.py", line 79, in infer\nraise InferenceError("Unable to find snapshot for epoch=%s" % repr(epoch))\ndigits.inference.errors.InferenceError: 'Unable to find snapshot for epoch=-1.0'\n        </pre>\n</div>\n</div>\n</div>\n</div>\n</div>\n</div>\n</div>\n</div>\n</div>\n<div class="gpu-utilization-info" style="display:none;"></div>\n<!-- Related jobs -->\n<div class="panel panel-default" id="notes-information">\n<div class="panel-heading">\n<h4>Notes</h4>\n</div>\n<div class="panel-body">\n<div class="col-sm-12" id="show-job-notes">\n<p style="display:inline;">None</p>\n</div>\n<div class="col-sm-12" id="edit-job-notes" style="display:none;">\n<script type="text/javascript">\n                        function updateJobNotes() {\n                        var newNotes = $("textarea[name=job-notes]").val();\n                        $.ajax("/jobs/20170509-172120-d72e",\n                                {\n                                    type: "PUT",\n                                    data: {"job_notes": newNotes}\n                                    }\n                              )\n                        .done(function() {\n                                $("#show-job-notes p").html(newNotes);\n                                $('#edit-job-notes').hide(); $('#show-job-notes').show();\n                                })\n                        .fail(function(data) { errorAlert(data); });\n                        return false;\n                    }\n                    </script>\n<textarea class="form-control" name="job-notes" placeholder="Enter notes" rows="5"></textarea>\n<a class="btn btn-primary" href="#" onclick="return updateJobNotes();">Update</a>\n<a class="btn btn-info" href="#" onclick="$('#edit-job-notes').hide(); $('#show-job-notes').show(); return false;">Cancel</a>\n</div>\n</div>\n</div>\n</div>\n</div>\n<div class="row">\n</div>\n</div>\n<script>\n$SCRIPT_ROOT = "";\n\n$(".explanation-tooltip").tooltip();\n\nwindow.onload = function () {\n    $('.autocomplete_path').autocomplete({\n       serviceUrl: '/autocomplete/path',\n       formatResult: function (suggestion, currentValue)\n       {\n            function baseName(str)\n            {\n               var base = new String(str).substring(str.lastIndexOf('/') + 1);\n               return base;\n            }\n            return baseName(suggestion.value);\n        },\n        minChars: 0\n    });\n    $(".autocomplete_path").removeAttr("autocomplete");\n};\n\n</script>\n<style>\n .about-menu {\n     width: 240px !important;\n }\n .brightness {\n     display: inline-block;\n }\n .brightness img:hover {\n     opacity: .75;\n }\n</style>\n</body>]
-------------------- >> begin captured logging << --------------------
socketio: INFO: emitting event "job update" to job_management [/jobs]
socketio: INFO: emitting event "job update" to 20170509-172120-d72e [/jobs]
socketio: INFO: emitting event "job update" to job_management [/jobs]
socketio: INFO: emitting event "server update" to job_management [/jobs]
socketio: INFO: emitting event "server update" to job_management [/jobs]
digits.webapp: INFO: Infer Model task started.
socketio: INFO: emitting event "task update" to 20170509-172120-d72e [/jobs]
socketio: INFO: emitting event "job update" to 20170509-172120-d72e [/jobs]
socketio: INFO: emitting event "job update" to job_management [/jobs]
digits.webapp: INFO: Task subprocess args: "/usr/bin/python2 /home/ethan/digits_GAN/digits/tools/inference.py /tmp/tmpX3R8Ve/20170509-172120-d72e/tmp1qKgax.txt /tmp/tmpX3R8Ve/20170509-172120-d72e 20170509-172114-d063 --jobs_dir=/tmp/tmpX3R8Ve --layers=none --gpu=0"
socketio: INFO: emitting event "task update" to 20170509-172114-d063 [/jobs]
socketio: INFO: emitting event "task update" to 20170509-172114-d063 [/jobs]
socketio: INFO: emitting event "task update" to 20170509-172114-d063 [/jobs]
digits.webapp: WARNING: Infer Model unrecognized output: WARNING: log_file config option not found - no log file is being saved
digits.webapp: WARNING: Infer Model unrecognized output: 2017-05-09 17:21:22 [ERROR] InferenceError: Unable to find snapshot for epoch=-1.0
digits.webapp: WARNING: Infer Model unrecognized output: Traceback (most recent call last):
digits.webapp: WARNING: Infer Model unrecognized output: File "/home/ethan/digits_GAN/digits/tools/inference.py", line 293, in <module>
digits.webapp: WARNING: Infer Model unrecognized output: args['resize']
digits.webapp: WARNING: Infer Model unrecognized output: File "/home/ethan/digits_GAN/digits/tools/inference.py", line 79, in infer
digits.webapp: WARNING: Infer Model unrecognized output: raise InferenceError("Unable to find snapshot for epoch=%s" % repr(epoch))
digits.webapp: WARNING: Infer Model unrecognized output: digits.inference.errors.InferenceError: 'Unable to find snapshot for epoch=-1.0'
digits.webapp: ERROR: Infer Model task failed with error code 1
socketio: INFO: emitting event "task update" to 20170509-172120-d72e [/jobs]
socketio: INFO: emitting event "job update" to 20170509-172120-d72e [/jobs]
socketio: INFO: emitting event "job update" to job_management [/jobs]
socketio: INFO: emitting event "server update" to job_management [/jobs]
socketio: INFO: emitting event "server update" to job_management [/jobs]
socketio: INFO: emitting event "job update" to 20170509-172120-d72e [/jobs]
socketio: INFO: emitting event "job update" to job_management [/jobs]
digits: INFO: Job deleted.
socketio: INFO: emitting event "job update" to job_management [/jobs]
--------------------- >> end captured logging << ---------------------

======================================================================
FAIL: digits.model.images.classification.test_views.TestTensorflowCreatedDataAug.test_classify_many_invalid_ground_truth
----------------------------------------------------------------------
Traceback (most recent call last):
  File "/home/ethan/.local/lib/python2.7/site-packages/nose/case.py", line 197, in runTest
    self.test(*self.arg)
  File "/home/ethan/digits_GAN/digits/model/images/classification/test_views.py", line 761, in test_classify_many_invalid_ground_truth
    assert rv.status_code == 200, 'POST failed with %s\n\n%s' % (rv.status_code, body)
AssertionError: POST failed with 500

[<body>\n<div class="navbar navbar-inverse navbar-fixed-top">\n<div class="container">\n<div class="navbar-header">\n<a class="navbar-brand" href="/">DIGITS</a>\n</div>\n<ul class="nav navbar-nav">\n<li><a href="/models/20170509-172114-d063">test_model</a></li>\n<li class="active"><a>Classify Many</a></li>\n</ul>\n<ul class="nav navbar-nav navbar-right">\n<li>\n<p class="navbar-text">\n            digits-testsuite (<a class="navbar-link" href="/logout">Logout</a>)\n            </p>\n</li>\n<li class="dropdown">\n<a class="dropdown-toggle" data-toggle="dropdown" href="#">Info<span class="caret"></span></a>\n<ul class="dropdown-menu navbar-inverse">\n<li><span class="navbar-text">Server: ethan-computer</span></li>\n<li><span class="navbar-text">DIGITS version: <br> 5.1-dev</br></span></li>\n<li><span class="navbar-text">Caffe version: <br> 0.15.13</br></span></li>\n<li><span class="navbar-text">Caffe flavor: <br> NVIDIA</br></span></li>\n</ul>\n</li>\n<li class="dropdown">\n<a class="dropdown-toggle" data-toggle="dropdown" href="#">About<span class="caret"></span></a>\n<ul class="dropdown-menu about-menu navbar-inverse">\n<li><span class="navbar-text"><a href="https://developer.nvidia.com/digits" target="_blank">\n                        DIGITS on developer.nvidia.com\n                    </a></span></li>\n<li><span class="navbar-text"><a href="https://github.com/NVIDIA/DIGITS" target="_blank">\n                        DIGITS on GitHub\n                    </a></span></li>\n<li><span class="navbar-text"><a href="https://groups.google.com/d/forum/digits-users" target="_blank">\n                        DIGITS user group\n                    </a></span></li>\n<li><span class="navbar-text"><a href="mailto:digits@nvidia.com">\n                        digits@nvidia.com\n                    </a></span></li>\n</ul>\n</li>\n</ul>\n</div>\n</div>\n<div class="container">\n<div class="jumbotron">\n<div class="container">\n<div class="row">\n<div class="col-sm-12" id="show-job-name">\n<h2 style="display:inline;">Classify Many Images</h2>\n</div>\n<div class="col-sm-4" id="edit-job-name" style="display:none;">\n<script>\nfunction updateJobName() {\n    var newName = $("input[name=job-name]").val();\n    $.ajax("/jobs/20170509-172123-1a8f",\n            {\n                type: "PUT",\n                data: {"job_name": newName}\n                }\n          )\n    .done(function() {\n            $("#show-job-name h2").html(newName);\n            $('#edit-job-name').hide(); $('#show-job-name').show();\n            })\n    .fail(function(data) { errorAlert(data); });\n    return false;\n}\n                </script>\n<input class="form-control" name="job-name" value="Classify Many Images"/>\n<a class="btn btn-primary" href="#" onclick="return updateJobName();">Update</a>\n<a class="btn btn-info" href="#" onclick="$('#edit-job-name').hide(); $('#show-job-name').show(); return false;">Cancel</a>\n</div>\n</div>\n<small>Owner: digits-testsuite</small>\n<div class="pull-right">\n<a class="btn btn-info" disabled="" id="clone-job">Clone Job</a>\n<a class="btn btn-warning hidden disabled" id="abort-job">Abort Job</a>\n<a class="btn btn-danger disabled" id="delete-job">Delete Job</a>\n</div>\n</div>\n<script>\n$('#abort-job').on('click', function(event) {\n        event.preventDefault();\n        bootbox.confirm(\n            'Are you sure you want to abort this job?',\n            function(result) {\n                if (result)\n                    $.ajax("/jobs/20170509-172123-1a8f/abort",\n                        {type: "POST"})\n                    .done(function() {\n                        $("#abort-job").hide();\n                        })\n                    .fail(function(data) { errorAlert(data); });\n            });\n        });\n\n$('#delete-job').on('click', function(event) {\n        event.preventDefault();\n        bootbox.confirm(\n            'Are you sure you want to delete this job?<br><br>All related files will be permanently removed.',\n            function(result) {\n                if (result)\n                    $.ajax("/jobs/20170509-172123-1a8f",\n                        {type: "DELETE"})\n                    .done(function() {\n                        window.location = "/";\n                        })\n                    .fail(function(data) { errorAlert(data); });\n            });\n        });\n    </script>\n</div>\n<div class="row">\n<!-- Job content -->\n<div class="col-sm-8">\n<div class="page-header">\n<h1>\n        test_model\n        <small>\n            Image Classification Model\n        </small>\n</h1>\n</div>\n<div class="alert alert-danger">\n<p>Classification failed, see job log</p>\n</div>\n</div>\n<!-- Tasks -->\n<div class="col-sm-4">\n<div class="panel-group">\n<div class="panel panel-danger" id="job-statuses">\n<div class="panel-heading">\n<h4 class="panel-title">\n                    Job Status\n                    <small>Error</small>\n</h4>\n</div>\n<div class="panel-collapse">\n<div class="panel-body">\n<div class="job-statuses">\n<ul>\n<li>\n<span class="text-warning">Initialized</span>\n        at 05:21:23 PM\n            <small>(0 seconds)</small>\n</li>\n<li>\n<span class="text-info">Running</span>\n        at 05:21:23 PM\n            <small>(3 seconds)</small>\n</li>\n<li>\n<span class="text-danger">Error</span>\n        at 05:21:26 PM\n            <br>\n<small>(Total - 3 seconds)</small>\n</br></li>\n</ul>\n</div>\n<div class="panel-group">\n<div class="panel panel-danger" id="task-140099490587472-status">\n<div class="panel-heading">\n<h4 class="panel-title">\n<a data-toggle="collapse" href="#task-140099490587472-status-collapse">\n                                            Infer Model\n                                            <small>Error</small>\n<span class="caret"></span>\n</a>\n</h4>\n</div>\n<div class="panel-collapse collapse in" id="task-140099490587472-status-collapse">\n<div class="panel-body">\n<div class="task-progress" style="display:none;">\n<div class="progress">\n<div class="progress-bar" style="width:0%">\n                                                    0%\n                                                </div>\n</div>\n                                            Estimated time remaining: <span class="task-eta">?</span>\n<br/>\n<br/>\n</div>\n<div class="task-statuses">\n<ul>\n<li>\n<span class="text-warning">Initialized</span>\n        at 05:21:23 PM\n            <small>(0 seconds)</small>\n</li>\n<li>\n<span class="text-info">Running</span>\n        at 05:21:23 PM\n            <small>(3 seconds)</small>\n</li>\n<li>\n<span class="text-danger">Error</span>\n        at 05:21:26 PM\n            <br>\n<small>(Total - 3 seconds)</small>\n</br></li>\n</ul>\n<h4 class="text-danger">ERROR: error code 1</h4>\n<pre>\nWARNING: log_file config option not found - no log file is being saved\n2017-05-09 17:21:25 [ERROR] InferenceError: Unable to find snapshot for epoch=-1.0\nTraceback (most recent call last):\nFile "/home/ethan/digits_GAN/digits/tools/inference.py", line 293, in &lt;module&gt;\nargs['resize']\nFile "/home/ethan/digits_GAN/digits/tools/inference.py", line 79, in infer\nraise InferenceError("Unable to find snapshot for epoch=%s" % repr(epoch))\ndigits.inference.errors.InferenceError: 'Unable to find snapshot for epoch=-1.0'\n        </pre>\n</div>\n</div>\n</div>\n</div>\n</div>\n</div>\n</div>\n</div>\n</div>\n<div class="gpu-utilization-info" style="display:none;"></div>\n<!-- Related jobs -->\n<div class="panel panel-default" id="notes-information">\n<div class="panel-heading">\n<h4>Notes</h4>\n</div>\n<div class="panel-body">\n<div class="col-sm-12" id="show-job-notes">\n<p style="display:inline;">None</p>\n</div>\n<div class="col-sm-12" id="edit-job-notes" style="display:none;">\n<script type="text/javascript">\n                        function updateJobNotes() {\n                        var newNotes = $("textarea[name=job-notes]").val();\n                        $.ajax("/jobs/20170509-172123-1a8f",\n                                {\n                                    type: "PUT",\n                                    data: {"job_notes": newNotes}\n                                    }\n                              )\n                        .done(function() {\n                                $("#show-job-notes p").html(newNotes);\n                                $('#edit-job-notes').hide(); $('#show-job-notes').show();\n                                })\n                        .fail(function(data) { errorAlert(data); });\n                        return false;\n                    }\n                    </script>\n<textarea class="form-control" name="job-notes" placeholder="Enter notes" rows="5"></textarea>\n<a class="btn btn-primary" href="#" onclick="return updateJobNotes();">Update</a>\n<a class="btn btn-info" href="#" onclick="$('#edit-job-notes').hide(); $('#show-job-notes').show(); return false;">Cancel</a>\n</div>\n</div>\n</div>\n</div>\n</div>\n<div class="row">\n</div>\n</div>\n<script>\n$SCRIPT_ROOT = "";\n\n$(".explanation-tooltip").tooltip();\n\nwindow.onload = function () {\n    $('.autocomplete_path').autocomplete({\n       serviceUrl: '/autocomplete/path',\n       formatResult: function (suggestion, currentValue)\n       {\n            function baseName(str)\n            {\n               var base = new String(str).substring(str.lastIndexOf('/') + 1);\n               return base;\n            }\n            return baseName(suggestion.value);\n        },\n        minChars: 0\n    });\n    $(".autocomplete_path").removeAttr("autocomplete");\n};\n\n</script>\n<style>\n .about-menu {\n     width: 240px !important;\n }\n .brightness {\n     display: inline-block;\n }\n .brightness img:hover {\n     opacity: .75;\n }\n</style>\n</body>]
-------------------- >> begin captured logging << --------------------
socketio: INFO: emitting event "job update" to job_management [/jobs]
socketio: INFO: emitting event "job update" to 20170509-172123-1a8f [/jobs]
socketio: INFO: emitting event "job update" to job_management [/jobs]
socketio: INFO: emitting event "server update" to job_management [/jobs]
socketio: INFO: emitting event "server update" to job_management [/jobs]
digits.webapp: INFO: Infer Model task started.
socketio: INFO: emitting event "task update" to 20170509-172123-1a8f [/jobs]
socketio: INFO: emitting event "job update" to 20170509-172123-1a8f [/jobs]
socketio: INFO: emitting event "job update" to job_management [/jobs]
digits.webapp: INFO: Task subprocess args: "/usr/bin/python2 /home/ethan/digits_GAN/digits/tools/inference.py /tmp/tmpX3R8Ve/20170509-172123-1a8f/tmpgzSL8l.txt /tmp/tmpX3R8Ve/20170509-172123-1a8f 20170509-172114-d063 --jobs_dir=/tmp/tmpX3R8Ve --layers=none --gpu=0"
socketio: INFO: emitting event "task update" to 20170509-172114-d063 [/jobs]
socketio: INFO: emitting event "task update" to 20170509-172114-d063 [/jobs]
socketio: INFO: emitting event "task update" to 20170509-172114-d063 [/jobs]
digits.webapp: WARNING: Infer Model unrecognized output: WARNING: log_file config option not found - no log file is being saved
digits.webapp: WARNING: Infer Model unrecognized output: 2017-05-09 17:21:25 [ERROR] InferenceError: Unable to find snapshot for epoch=-1.0
digits.webapp: WARNING: Infer Model unrecognized output: Traceback (most recent call last):
digits.webapp: WARNING: Infer Model unrecognized output: File "/home/ethan/digits_GAN/digits/tools/inference.py", line 293, in <module>
digits.webapp: WARNING: Infer Model unrecognized output: args['resize']
digits.webapp: WARNING: Infer Model unrecognized output: File "/home/ethan/digits_GAN/digits/tools/inference.py", line 79, in infer
digits.webapp: WARNING: Infer Model unrecognized output: raise InferenceError("Unable to find snapshot for epoch=%s" % repr(epoch))
digits.webapp: WARNING: Infer Model unrecognized output: digits.inference.errors.InferenceError: 'Unable to find snapshot for epoch=-1.0'
digits.webapp: ERROR: Infer Model task failed with error code 1
socketio: INFO: emitting event "task update" to 20170509-172123-1a8f [/jobs]
socketio: INFO: emitting event "job update" to 20170509-172123-1a8f [/jobs]
socketio: INFO: emitting event "job update" to job_management [/jobs]
socketio: INFO: emitting event "server update" to job_management [/jobs]
socketio: INFO: emitting event "server update" to job_management [/jobs]
socketio: INFO: emitting event "job update" to 20170509-172123-1a8f [/jobs]
socketio: INFO: emitting event "job update" to job_management [/jobs]
digits: INFO: Job deleted.
socketio: INFO: emitting event "job update" to job_management [/jobs]
--------------------- >> end captured logging << ---------------------

======================================================================
FAIL: digits.model.images.classification.test_views.TestTensorflowCreatedDataAug.test_classify_many_json
----------------------------------------------------------------------
Traceback (most recent call last):
  File "/home/ethan/.local/lib/python2.7/site-packages/nose/case.py", line 197, in runTest
    self.test(*self.arg)
  File "/home/ethan/digits_GAN/digits/model/images/classification/test_views.py", line 780, in test_classify_many_json
    assert rv.status_code == 200, 'POST failed with %s' % rv.status_code
AssertionError: POST failed with 500
-------------------- >> begin captured logging << --------------------
socketio: INFO: emitting event "job update" to job_management [/jobs]
socketio: INFO: emitting event "job update" to 20170509-172126-e73c [/jobs]
socketio: INFO: emitting event "job update" to job_management [/jobs]
socketio: INFO: emitting event "server update" to job_management [/jobs]
socketio: INFO: emitting event "server update" to job_management [/jobs]
digits.webapp: INFO: Infer Model task started.
socketio: INFO: emitting event "task update" to 20170509-172126-e73c [/jobs]
socketio: INFO: emitting event "job update" to 20170509-172126-e73c [/jobs]
socketio: INFO: emitting event "job update" to job_management [/jobs]
digits.webapp: INFO: Task subprocess args: "/usr/bin/python2 /home/ethan/digits_GAN/digits/tools/inference.py /tmp/tmpX3R8Ve/20170509-172126-e73c/tmpsXcHUB.txt /tmp/tmpX3R8Ve/20170509-172126-e73c 20170509-172114-d063 --jobs_dir=/tmp/tmpX3R8Ve --layers=none --gpu=0"
socketio: INFO: emitting event "task update" to 20170509-172114-d063 [/jobs]
socketio: INFO: emitting event "task update" to 20170509-172114-d063 [/jobs]
socketio: INFO: emitting event "task update" to 20170509-172114-d063 [/jobs]
digits.webapp: WARNING: Infer Model unrecognized output: WARNING: log_file config option not found - no log file is being saved
digits.webapp: WARNING: Infer Model unrecognized output: 2017-05-09 17:21:29 [ERROR] InferenceError: Unable to find snapshot for epoch=-1.0
digits.webapp: WARNING: Infer Model unrecognized output: Traceback (most recent call last):
digits.webapp: WARNING: Infer Model unrecognized output: File "/home/ethan/digits_GAN/digits/tools/inference.py", line 293, in <module>
digits.webapp: WARNING: Infer Model unrecognized output: args['resize']
digits.webapp: WARNING: Infer Model unrecognized output: File "/home/ethan/digits_GAN/digits/tools/inference.py", line 79, in infer
digits.webapp: WARNING: Infer Model unrecognized output: raise InferenceError("Unable to find snapshot for epoch=%s" % repr(epoch))
digits.webapp: WARNING: Infer Model unrecognized output: digits.inference.errors.InferenceError: 'Unable to find snapshot for epoch=-1.0'
digits.webapp: ERROR: Infer Model task failed with error code 1
socketio: INFO: emitting event "task update" to 20170509-172126-e73c [/jobs]
socketio: INFO: emitting event "job update" to 20170509-172126-e73c [/jobs]
socketio: INFO: emitting event "job update" to job_management [/jobs]
socketio: INFO: emitting event "server update" to job_management [/jobs]
socketio: INFO: emitting event "server update" to job_management [/jobs]
socketio: INFO: emitting event "job update" to 20170509-172126-e73c [/jobs]
socketio: INFO: emitting event "job update" to job_management [/jobs]
digits: INFO: Job deleted.
socketio: INFO: emitting event "job update" to job_management [/jobs]
--------------------- >> end captured logging << ---------------------

======================================================================
FAIL: digits.model.images.classification.test_views.TestTensorflowCreatedDataAug.test_classify_one
----------------------------------------------------------------------
Traceback (most recent call last):
  File "/home/ethan/.local/lib/python2.7/site-packages/nose/case.py", line 197, in runTest
    self.test(*self.arg)
  File "/home/ethan/digits_GAN/digits/model/images/classification/test_views.py", line 674, in test_classify_one
    assert rv.status_code == 200, 'POST failed with %s\n\n%s' % (rv.status_code, body)
AssertionError: POST failed with 500

[<body>\n<div class="navbar navbar-inverse navbar-fixed-top">\n<div class="container">\n<div class="navbar-header">\n<a class="navbar-brand" href="/">DIGITS</a>\n</div>\n<ul class="nav navbar-nav">\n<li><a href="/models/20170509-172114-d063">test_model</a></li>\n<li class="active"><a>Classify One</a></li>\n</ul>\n<ul class="nav navbar-nav navbar-right">\n<li>\n<p class="navbar-text">\n            digits-testsuite (<a class="navbar-link" href="/logout">Logout</a>)\n            </p>\n</li>\n<li class="dropdown">\n<a class="dropdown-toggle" data-toggle="dropdown" href="#">Info<span class="caret"></span></a>\n<ul class="dropdown-menu navbar-inverse">\n<li><span class="navbar-text">Server: ethan-computer</span></li>\n<li><span class="navbar-text">DIGITS version: <br> 5.1-dev</br></span></li>\n<li><span class="navbar-text">Caffe version: <br> 0.15.13</br></span></li>\n<li><span class="navbar-text">Caffe flavor: <br> NVIDIA</br></span></li>\n</ul>\n</li>\n<li class="dropdown">\n<a class="dropdown-toggle" data-toggle="dropdown" href="#">About<span class="caret"></span></a>\n<ul class="dropdown-menu about-menu navbar-inverse">\n<li><span class="navbar-text"><a href="https://developer.nvidia.com/digits" target="_blank">\n                        DIGITS on developer.nvidia.com\n                    </a></span></li>\n<li><span class="navbar-text"><a href="https://github.com/NVIDIA/DIGITS" target="_blank">\n                        DIGITS on GitHub\n                    </a></span></li>\n<li><span class="navbar-text"><a href="https://groups.google.com/d/forum/digits-users" target="_blank">\n                        DIGITS user group\n                    </a></span></li>\n<li><span class="navbar-text"><a href="mailto:digits@nvidia.com">\n                        digits@nvidia.com\n                    </a></span></li>\n</ul>\n</li>\n</ul>\n</div>\n</div>\n<div class="container">\n<div class="jumbotron">\n<div class="container">\n<div class="row">\n<div class="col-sm-12" id="show-job-name">\n<h2 style="display:inline;">Classify One Image</h2>\n</div>\n<div class="col-sm-4" id="edit-job-name" style="display:none;">\n<script>\nfunction updateJobName() {\n    var newName = $("input[name=job-name]").val();\n    $.ajax("/jobs/20170509-172129-22f6",\n            {\n                type: "PUT",\n                data: {"job_name": newName}\n                }\n          )\n    .done(function() {\n            $("#show-job-name h2").html(newName);\n            $('#edit-job-name').hide(); $('#show-job-name').show();\n            })\n    .fail(function(data) { errorAlert(data); });\n    return false;\n}\n                </script>\n<input class="form-control" name="job-name" value="Classify One Image"/>\n<a class="btn btn-primary" href="#" onclick="return updateJobName();">Update</a>\n<a class="btn btn-info" href="#" onclick="$('#edit-job-name').hide(); $('#show-job-name').show(); return false;">Cancel</a>\n</div>\n</div>\n<small>Owner: digits-testsuite</small>\n<div class="pull-right">\n<a class="btn btn-info" disabled="" id="clone-job">Clone Job</a>\n<a class="btn btn-warning hidden disabled" id="abort-job">Abort Job</a>\n<a class="btn btn-danger disabled" id="delete-job">Delete Job</a>\n</div>\n</div>\n<script>\n$('#abort-job').on('click', function(event) {\n        event.preventDefault();\n        bootbox.confirm(\n            'Are you sure you want to abort this job?',\n            function(result) {\n                if (result)\n                    $.ajax("/jobs/20170509-172129-22f6/abort",\n                        {type: "POST"})\n                    .done(function() {\n                        $("#abort-job").hide();\n                        })\n                    .fail(function(data) { errorAlert(data); });\n            });\n        });\n\n$('#delete-job').on('click', function(event) {\n        event.preventDefault();\n        bootbox.confirm(\n            'Are you sure you want to delete this job?<br><br>All related files will be permanently removed.',\n            function(result) {\n                if (result)\n                    $.ajax("/jobs/20170509-172129-22f6",\n                        {type: "DELETE"})\n                    .done(function() {\n                        window.location = "/";\n                        })\n                    .fail(function(data) { errorAlert(data); });\n            });\n        });\n    </script>\n</div>\n<div class="row">\n<!-- Job content -->\n<div class="col-sm-8">\n<script src="/static/js/3rdparty/jquery.elevateZoom-3.0.8.min.js?ver=4606b4a4404b87a591d409910710feb1"></script>\n<div class="page-header">\n<h1>\n        test_model\n        <small>\n            Image Classification Model\n        </small>\n</h1>\n</div>\n<div class="row">\n<div class="alert alert-danger">\n<p>Classification failed, see job log</p>\n</div>\n</div>\n</div>\n<!-- Tasks -->\n<div class="col-sm-4">\n<div class="panel-group">\n<div class="panel panel-danger" id="job-statuses">\n<div class="panel-heading">\n<h4 class="panel-title">\n                    Job Status\n                    <small>Error</small>\n</h4>\n</div>\n<div class="panel-collapse">\n<div class="panel-body">\n<div class="job-statuses">\n<ul>\n<li>\n<span class="text-warning">Initialized</span>\n        at 05:21:29 PM\n            <small>(0 seconds)</small>\n</li>\n<li>\n<span class="text-info">Running</span>\n        at 05:21:29 PM\n            <small>(3 seconds)</small>\n</li>\n<li>\n<span class="text-danger">Error</span>\n        at 05:21:32 PM\n            <br>\n<small>(Total - 3 seconds)</small>\n</br></li>\n</ul>\n</div>\n<div class="panel-group">\n<div class="panel panel-danger" id="task-140099490281168-status">\n<div class="panel-heading">\n<h4 class="panel-title">\n<a data-toggle="collapse" href="#task-140099490281168-status-collapse">\n                                            Infer Model\n                                            <small>Error</small>\n<span class="caret"></span>\n</a>\n</h4>\n</div>\n<div class="panel-collapse collapse in" id="task-140099490281168-status-collapse">\n<div class="panel-body">\n<div class="task-progress" style="display:none;">\n<div class="progress">\n<div class="progress-bar" style="width:0%">\n                                                    0%\n                                                </div>\n</div>\n                                            Estimated time remaining: <span class="task-eta">?</span>\n<br/>\n<br/>\n</div>\n<div class="task-statuses">\n<ul>\n<li>\n<span class="text-warning">Initialized</span>\n        at 05:21:29 PM\n            <small>(0 seconds)</small>\n</li>\n<li>\n<span class="text-info">Running</span>\n        at 05:21:29 PM\n            <small>(2 seconds)</small>\n</li>\n<li>\n<span class="text-danger">Error</span>\n        at 05:21:32 PM\n            <br>\n<small>(Total - 3 seconds)</small>\n</br></li>\n</ul>\n<h4 class="text-danger">ERROR: error code 1</h4>\n<pre>\nWARNING: log_file config option not found - no log file is being saved\n2017-05-09 17:21:32 [ERROR] InferenceError: Unable to find snapshot for epoch=-1.0\nTraceback (most recent call last):\nFile "/home/ethan/digits_GAN/digits/tools/inference.py", line 293, in &lt;module&gt;\nargs['resize']\nFile "/home/ethan/digits_GAN/digits/tools/inference.py", line 79, in infer\nraise InferenceError("Unable to find snapshot for epoch=%s" % repr(epoch))\ndigits.inference.errors.InferenceError: 'Unable to find snapshot for epoch=-1.0'\n        </pre>\n</div>\n</div>\n</div>\n</div>\n</div>\n</div>\n</div>\n</div>\n</div>\n<div class="gpu-utilization-info" style="display:none;"></div>\n<!-- Related jobs -->\n<div class="panel panel-default" id="notes-information">\n<div class="panel-heading">\n<h4>Notes</h4>\n</div>\n<div class="panel-body">\n<div class="col-sm-12" id="show-job-notes">\n<p style="display:inline;">None</p>\n</div>\n<div class="col-sm-12" id="edit-job-notes" style="display:none;">\n<script type="text/javascript">\n                        function updateJobNotes() {\n                        var newNotes = $("textarea[name=job-notes]").val();\n                        $.ajax("/jobs/20170509-172129-22f6",\n                                {\n                                    type: "PUT",\n                                    data: {"job_notes": newNotes}\n                                    }\n                              )\n                        .done(function() {\n                                $("#show-job-notes p").html(newNotes);\n                                $('#edit-job-notes').hide(); $('#show-job-notes').show();\n                                })\n                        .fail(function(data) { errorAlert(data); });\n                        return false;\n                    }\n                    </script>\n<textarea class="form-control" name="job-notes" placeholder="Enter notes" rows="5"></textarea>\n<a class="btn btn-primary" href="#" onclick="return updateJobNotes();">Update</a>\n<a class="btn btn-info" href="#" onclick="$('#edit-job-notes').hide(); $('#show-job-notes').show(); return false;">Cancel</a>\n</div>\n</div>\n</div>\n</div>\n</div>\n<div class="row">\n<script type="text/javascript">\n    function drawHistogram(id, data) {\n        c3.generate({\n            bindto: id,\n            size: {height: 200},\n            data: {\n                columns: [\n                    ['Count'].concat(data[0]),\n                    ['Value'].concat(data[1]),\n                ],\n                x: 'Value',\n                type: 'area-spline',\n            },\n            axis: {\n                x: {\n                    label: {\n                        text: 'Value',\n                        position: 'outer-center',\n                    },\n                    tick: {\n                        values: data[2],\n                        format: d3.format('.3g'),\n                    },\n                    padding: {left: 0},\n                },\n                y: {\n                    padding: {bottom: 0},\n                },\n            },\n            bar: {\n               width: {ratio: 0.2}\n            },\n            padding: {left: 20, right: 20},\n            legend: {hide: true},\n        });\n    }\n</script>\n<style>\n    div.histogram .c3-axis-y .tick {\n        display: none;\n    }\n</style>\n</div>\n</div>\n<script>\n$SCRIPT_ROOT = "";\n\n$(".explanation-tooltip").tooltip();\n\nwindow.onload = function () {\n    $('.autocomplete_path').autocomplete({\n       serviceUrl: '/autocomplete/path',\n       formatResult: function (suggestion, currentValue)\n       {\n            function baseName(str)\n            {\n               var base = new String(str).substring(str.lastIndexOf('/') + 1);\n               return base;\n            }\n            return baseName(suggestion.value);\n        },\n        minChars: 0\n    });\n    $(".autocomplete_path").removeAttr("autocomplete");\n};\n\n</script>\n<style>\n .about-menu {\n     width: 240px !important;\n }\n .brightness {\n     display: inline-block;\n }\n .brightness img:hover {\n     opacity: .75;\n }\n</style>\n</body>]
-------------------- >> begin captured stdout << ---------------------
task id=20170509-172114-d063

--------------------- >> end captured stdout << ----------------------
-------------------- >> begin captured logging << --------------------
socketio: INFO: emitting event "job update" to job_management [/jobs]
socketio: INFO: emitting event "job update" to 20170509-172129-22f6 [/jobs]
socketio: INFO: emitting event "job update" to job_management [/jobs]
socketio: INFO: emitting event "server update" to job_management [/jobs]
socketio: INFO: emitting event "server update" to job_management [/jobs]
digits.webapp: INFO: Infer Model task started.
socketio: INFO: emitting event "task update" to 20170509-172129-22f6 [/jobs]
socketio: INFO: emitting event "job update" to 20170509-172129-22f6 [/jobs]
socketio: INFO: emitting event "job update" to job_management [/jobs]
digits.webapp: INFO: Task subprocess args: "/usr/bin/python2 /home/ethan/digits_GAN/digits/tools/inference.py /tmp/tmpX3R8Ve/20170509-172129-22f6/tmp3QVU3v.txt /tmp/tmpX3R8Ve/20170509-172129-22f6 20170509-172114-d063 --jobs_dir=/tmp/tmpX3R8Ve --layers=all --gpu=0"
socketio: INFO: emitting event "task update" to 20170509-172114-d063 [/jobs]
socketio: INFO: emitting event "task update" to 20170509-172114-d063 [/jobs]
socketio: INFO: emitting event "task update" to 20170509-172114-d063 [/jobs]
digits.webapp: WARNING: Infer Model unrecognized output: WARNING: log_file config option not found - no log file is being saved
digits.webapp: WARNING: Infer Model unrecognized output: 2017-05-09 17:21:32 [ERROR] InferenceError: Unable to find snapshot for epoch=-1.0
digits.webapp: WARNING: Infer Model unrecognized output: Traceback (most recent call last):
digits.webapp: WARNING: Infer Model unrecognized output: File "/home/ethan/digits_GAN/digits/tools/inference.py", line 293, in <module>
digits.webapp: WARNING: Infer Model unrecognized output: args['resize']
digits.webapp: WARNING: Infer Model unrecognized output: File "/home/ethan/digits_GAN/digits/tools/inference.py", line 79, in infer
digits.webapp: WARNING: Infer Model unrecognized output: raise InferenceError("Unable to find snapshot for epoch=%s" % repr(epoch))
digits.webapp: WARNING: Infer Model unrecognized output: digits.inference.errors.InferenceError: 'Unable to find snapshot for epoch=-1.0'
digits.webapp: ERROR: Infer Model task failed with error code 1
socketio: INFO: emitting event "task update" to 20170509-172129-22f6 [/jobs]
socketio: INFO: emitting event "job update" to 20170509-172129-22f6 [/jobs]
socketio: INFO: emitting event "job update" to job_management [/jobs]
socketio: INFO: emitting event "server update" to job_management [/jobs]
socketio: INFO: emitting event "server update" to job_management [/jobs]
socketio: INFO: emitting event "job update" to 20170509-172129-22f6 [/jobs]
socketio: INFO: emitting event "job update" to job_management [/jobs]
digits: INFO: Job deleted.
socketio: INFO: emitting event "job update" to job_management [/jobs]
--------------------- >> end captured logging << ---------------------

======================================================================
FAIL: digits.model.images.classification.test_views.TestTensorflowCreatedDataAug.test_classify_one_json
----------------------------------------------------------------------
Traceback (most recent call last):
  File "/home/ethan/.local/lib/python2.7/site-packages/nose/case.py", line 197, in runTest
    self.test(*self.arg)
  File "/home/ethan/digits_GAN/digits/model/images/classification/test_views.py", line 695, in test_classify_one_json
    assert rv.status_code == 200, 'POST failed with %s' % rv.status_code
AssertionError: POST failed with 500
-------------------- >> begin captured logging << --------------------
socketio: INFO: emitting event "job update" to job_management [/jobs]
socketio: INFO: emitting event "job update" to 20170509-172132-5c34 [/jobs]
socketio: INFO: emitting event "job update" to job_management [/jobs]
socketio: INFO: emitting event "server update" to job_management [/jobs]
socketio: INFO: emitting event "server update" to job_management [/jobs]
digits.webapp: INFO: Infer Model task started.
socketio: INFO: emitting event "task update" to 20170509-172132-5c34 [/jobs]
socketio: INFO: emitting event "job update" to 20170509-172132-5c34 [/jobs]
socketio: INFO: emitting event "job update" to job_management [/jobs]
digits.webapp: INFO: Task subprocess args: "/usr/bin/python2 /home/ethan/digits_GAN/digits/tools/inference.py /tmp/tmpX3R8Ve/20170509-172132-5c34/tmpQ_QDeU.txt /tmp/tmpX3R8Ve/20170509-172132-5c34 20170509-172114-d063 --jobs_dir=/tmp/tmpX3R8Ve --layers=all --gpu=0"
socketio: INFO: emitting event "task update" to 20170509-172114-d063 [/jobs]
socketio: INFO: emitting event "task update" to 20170509-172114-d063 [/jobs]
socketio: INFO: emitting event "task update" to 20170509-172114-d063 [/jobs]
digits.webapp: WARNING: Infer Model unrecognized output: WARNING: log_file config option not found - no log file is being saved
digits.webapp: WARNING: Infer Model unrecognized output: 2017-05-09 17:21:35 [ERROR] InferenceError: Unable to find snapshot for epoch=-1.0
digits.webapp: WARNING: Infer Model unrecognized output: Traceback (most recent call last):
digits.webapp: WARNING: Infer Model unrecognized output: File "/home/ethan/digits_GAN/digits/tools/inference.py", line 293, in <module>
digits.webapp: WARNING: Infer Model unrecognized output: args['resize']
digits.webapp: WARNING: Infer Model unrecognized output: File "/home/ethan/digits_GAN/digits/tools/inference.py", line 79, in infer
digits.webapp: WARNING: Infer Model unrecognized output: raise InferenceError("Unable to find snapshot for epoch=%s" % repr(epoch))
digits.webapp: WARNING: Infer Model unrecognized output: digits.inference.errors.InferenceError: 'Unable to find snapshot for epoch=-1.0'
digits.webapp: ERROR: Infer Model task failed with error code 1
socketio: INFO: emitting event "task update" to 20170509-172132-5c34 [/jobs]
socketio: INFO: emitting event "job update" to 20170509-172132-5c34 [/jobs]
socketio: INFO: emitting event "job update" to job_management [/jobs]
socketio: INFO: emitting event "server update" to job_management [/jobs]
socketio: INFO: emitting event "server update" to job_management [/jobs]
socketio: INFO: emitting event "job update" to 20170509-172132-5c34 [/jobs]
socketio: INFO: emitting event "job update" to job_management [/jobs]
digits: INFO: Job deleted.
socketio: INFO: emitting event "job update" to job_management [/jobs]
--------------------- >> end captured logging << ---------------------

======================================================================
FAIL: digits.model.images.classification.test_views.TestTensorflowCreatedDataAug.test_download('tar',)
----------------------------------------------------------------------
Traceback (most recent call last):
  File "/home/ethan/.local/lib/python2.7/site-packages/nose/case.py", line 197, in runTest
    self.test(*self.arg)
  File "/home/ethan/digits_GAN/digits/model/images/classification/test_views.py", line 619, in check_download
    assert rv.status_code == 200, 'download "%s" failed with %s' % (url, rv.status_code)
AssertionError: download "/models/20170509-172114-d063/download.tar" failed with 500

======================================================================
FAIL: digits.model.images.classification.test_views.TestTensorflowCreatedDataAug.test_download('zip',)
----------------------------------------------------------------------
Traceback (most recent call last):
  File "/home/ethan/.local/lib/python2.7/site-packages/nose/case.py", line 197, in runTest
    self.test(*self.arg)
  File "/home/ethan/digits_GAN/digits/model/images/classification/test_views.py", line 619, in check_download
    assert rv.status_code == 200, 'download "%s" failed with %s' % (url, rv.status_code)
AssertionError: download "/models/20170509-172114-d063/download.zip" failed with 500

======================================================================
FAIL: digits.model.images.classification.test_views.TestTensorflowCreatedDataAug.test_download('tar.gz',)
----------------------------------------------------------------------
Traceback (most recent call last):
  File "/home/ethan/.local/lib/python2.7/site-packages/nose/case.py", line 197, in runTest
    self.test(*self.arg)
  File "/home/ethan/digits_GAN/digits/model/images/classification/test_views.py", line 619, in check_download
    assert rv.status_code == 200, 'download "%s" failed with %s' % (url, rv.status_code)
AssertionError: download "/models/20170509-172114-d063/download.tar.gz" failed with 500

======================================================================
FAIL: digits.model.images.classification.test_views.TestTensorflowCreatedDataAug.test_download('tar.bz2',)
----------------------------------------------------------------------
Traceback (most recent call last):
  File "/home/ethan/.local/lib/python2.7/site-packages/nose/case.py", line 197, in runTest
    self.test(*self.arg)
  File "/home/ethan/digits_GAN/digits/model/images/classification/test_views.py", line 619, in check_download
    assert rv.status_code == 200, 'download "%s" failed with %s' % (url, rv.status_code)
AssertionError: download "/models/20170509-172114-d063/download.tar.bz2" failed with 500

======================================================================
FAIL: digits.model.images.classification.test_views.TestTensorflowCreatedDataAug.test_inference_while_training
----------------------------------------------------------------------
Traceback (most recent call last):
  File "/home/ethan/.local/lib/python2.7/site-packages/nose/case.py", line 197, in runTest
    self.test(*self.arg)
  File "/home/ethan/digits_GAN/digits/model/images/classification/test_views.py", line 878, in test_inference_while_training
    assert rv.status_code == 200, 'POST failed with %s' % rv.status_code
AssertionError: POST failed with 500
-------------------- >> begin captured logging << --------------------
socketio: INFO: emitting event "job update" to job_management [/jobs]
socketio: INFO: emitting event "job update" to 20170509-172147-4505 [/jobs]
socketio: INFO: emitting event "job update" to job_management [/jobs]
socketio: INFO: emitting event "server update" to job_management [/jobs]
digits.webapp: INFO: Train Tensorflow Model task started.
socketio: INFO: emitting event "task update" to 20170509-172147-4505 [/jobs]
socketio: INFO: emitting event "job update" to 20170509-172147-4505 [/jobs]
socketio: INFO: emitting event "job update" to job_management [/jobs]
digits.webapp: INFO: Task subprocess args: "python2 /home/ethan/digits_GAN/digits/tools/tensorflow/main.py --network=network.py --epoch=1000 --networkDirectory=/tmp/tmpX3R8Ve/20170509-172147-4505 --save=/tmp/tmpX3R8Ve/20170509-172147-4505 --snapshotPrefix=snapshot --snapshotInterval=1 --lr_base_rate=0.01 --lr_policy=step --batch_size=10 --mean=/tmp/tmpX3R8Ve/20170509-172108-d285/mean.binaryproto --labels_list=/tmp/tmpX3R8Ve/20170509-172108-d285/labels.txt --train_db=/tmp/tmpX3R8Ve/20170509-172108-d285/train_db --validation_db=/tmp/tmpX3R8Ve/20170509-172108-d285/val_db --lr_gamma=0.1 --lr_stepvalues=33 --subtractMean=image --seed=3405691582 --optimization=sgd --validation_interval=1 --log_runtime_stats_per_step=0 --augFlip=fliplrud --augNoise=0.03 --augContrast=0.1 --augWhitening=1 --augHSVh=0.02 --augHSVs=0.04 --augHSVv=0.06"
socketio: INFO: emitting event "task update" to 20170509-172147-4505 [/jobs]
socketio: INFO: emitting event "job update" to job_management [/jobs]
socketio: INFO: emitting event "job update" to 20170509-172147-8c20 [/jobs]
socketio: INFO: emitting event "job update" to job_management [/jobs]
socketio: INFO: emitting event "server update" to job_management [/jobs]
digits.webapp: INFO: Infer Model task started.
socketio: INFO: emitting event "task update" to 20170509-172147-8c20 [/jobs]
socketio: INFO: emitting event "job update" to 20170509-172147-8c20 [/jobs]
socketio: INFO: emitting event "job update" to job_management [/jobs]
digits.webapp: INFO: Task subprocess args: "/usr/bin/python2 /home/ethan/digits_GAN/digits/tools/inference.py /tmp/tmpX3R8Ve/20170509-172147-8c20/tmpGlPK8v.txt /tmp/tmpX3R8Ve/20170509-172147-8c20 20170509-172114-d063 --jobs_dir=/tmp/tmpX3R8Ve --layers=none"
socketio: INFO: emitting event "task update" to 20170509-172114-d063 [/jobs]
socketio: INFO: emitting event "task update" to 20170509-172114-d063 [/jobs]
digits.webapp: WARNING: Train Tensorflow Model unrecognized output: 2017-05-09 17:21:48.697730: W tensorflow/core/platform/cpu_feature_guard.cc:45] The TensorFlow library wasn't compiled to use SSE4.1 instructions, but these are available on your machine and could speed up CPU computations.
digits.webapp: WARNING: Train Tensorflow Model unrecognized output: 2017-05-09 17:21:48.697743: W tensorflow/core/platform/cpu_feature_guard.cc:45] The TensorFlow library wasn't compiled to use SSE4.2 instructions, but these are available on your machine and could speed up CPU computations.
digits.webapp: WARNING: Train Tensorflow Model unrecognized output: 2017-05-09 17:21:48.697747: W tensorflow/core/platform/cpu_feature_guard.cc:45] The TensorFlow library wasn't compiled to use AVX instructions, but these are available on your machine and could speed up CPU computations.
digits.webapp: WARNING: Train Tensorflow Model unrecognized output: 2017-05-09 17:21:48.805504: I tensorflow/stream_executor/cuda/cuda_gpu_executor.cc:901] successful NUMA node read from SysFS had negative value (-1), but there must be at least one NUMA node, so returning NUMA node zero
digits.webapp: WARNING: Train Tensorflow Model unrecognized output: 2017-05-09 17:21:48.805917: I tensorflow/core/common_runtime/gpu/gpu_device.cc:887] Found device 0 with properties:
digits.webapp: WARNING: Train Tensorflow Model unrecognized output: name: GeForce GTX TITAN X
digits.webapp: WARNING: Train Tensorflow Model unrecognized output: major: 5 minor: 2 memoryClockRate (GHz) 1.076
digits.webapp: WARNING: Train Tensorflow Model unrecognized output: pciBusID 0000:01:00.0
digits.webapp: WARNING: Train Tensorflow Model unrecognized output: Total memory: 11.92GiB
digits.webapp: WARNING: Train Tensorflow Model unrecognized output: Free memory: 10.12GiB
digits.webapp: WARNING: Train Tensorflow Model unrecognized output: 2017-05-09 17:21:48.805930: I tensorflow/core/common_runtime/gpu/gpu_device.cc:908] DMA: 0
digits.webapp: WARNING: Train Tensorflow Model unrecognized output: 2017-05-09 17:21:48.805935: I tensorflow/core/common_runtime/gpu/gpu_device.cc:918] 0:   Y
digits.webapp: WARNING: Train Tensorflow Model unrecognized output: 2017-05-09 17:21:48.805942: I tensorflow/core/common_runtime/gpu/gpu_device.cc:977] Creating TensorFlow device (/gpu:0) -> (device: 0, name: GeForce GTX TITAN X, pci bus id: 0000:01:00.0)
digits.webapp: WARNING: Train Tensorflow Model unrecognized output: 2017-05-09 17:21:48.904766: I tensorflow/core/common_runtime/gpu/gpu_device.cc:977] Creating TensorFlow device (/gpu:0) -> (device: 0, name: GeForce GTX TITAN X, pci bus id: 0000:01:00.0)
digits.webapp: WARNING: Train Tensorflow Model unrecognized output: 2017-05-09 17:21:48.911119: I tensorflow/core/common_runtime/gpu/gpu_device.cc:977] Creating TensorFlow device (/gpu:0) -> (device: 0, name: GeForce GTX TITAN X, pci bus id: 0000:01:00.0)
socketio: INFO: emitting event "task update" to 20170509-172147-4505 [/jobs]
digits.webapp: DEBUG: Network validation loss #0.0: 1.098612
digits.webapp: DEBUG: Validation (epoch 0): loss = 1.098612
socketio: INFO: emitting event "task update" to 20170509-172147-4505 [/jobs]
socketio: INFO: emitting event "job update" to job_management [/jobs]
digits.webapp: DEBUG: Training 0.04% complete.
socketio: INFO: emitting event "task update" to 20170509-172147-4505 [/jobs]
socketio: INFO: emitting event "task update" to job_management [/jobs]
digits.webapp: DEBUG: Training (epoch 0.4): loss = 1.098612, lr = 0.010000
socketio: INFO: emitting event "task update" to 20170509-172147-4505 [/jobs]
socketio: INFO: emitting event "job update" to job_management [/jobs]
digits.webapp: DEBUG: Training (epoch 0.8): loss = 0.406227, lr = 0.010000
socketio: INFO: emitting event "task update" to 20170509-172147-4505 [/jobs]
socketio: INFO: emitting event "job update" to job_management [/jobs]
digits.webapp: DEBUG: Training (epoch 1.3): loss = 0.192933, lr = 0.010000
socketio: INFO: emitting event "task update" to 20170509-172147-4505 [/jobs]
digits.webapp: DEBUG: Network validation loss #1.3: 0.0
digits.webapp: DEBUG: Validation (epoch 1.3): loss = 0.000000
digits.webapp: WARNING: Train Tensorflow Model unrecognized output: INFO:tensorflow:/tmp/tmpX3R8Ve/20170509-172147-4505/snapshot_1.ckpt is not in all_model_checkpoint_paths. Manually adding it.
socketio: INFO: emitting event "task update" to 20170509-172147-4505 [/jobs]
socketio: INFO: emitting event "task update" to 20170509-172147-4505 [/jobs]
socketio: INFO: emitting event "job update" to job_management [/jobs]
digits.webapp: DEBUG: Training (epoch 1.7): loss = 0.120385, lr = 0.010000
socketio: INFO: emitting event "task update" to 20170509-172147-4505 [/jobs]
socketio: INFO: emitting event "job update" to job_management [/jobs]
digits.webapp: DEBUG: Training (epoch 2.1): loss = 0.086129, lr = 0.010000
socketio: INFO: emitting event "task update" to 20170509-172147-4505 [/jobs]
digits.webapp: DEBUG: Network validation loss #2.1: 0.0
digits.webapp: DEBUG: Validation (epoch 2.1): loss = 0.000000
digits.webapp: WARNING: Train Tensorflow Model unrecognized output: INFO:tensorflow:/tmp/tmpX3R8Ve/20170509-172147-4505/snapshot_2.ckpt is not in all_model_checkpoint_paths. Manually adding it.
socketio: INFO: emitting event "task update" to 20170509-172147-4505 [/jobs]
socketio: INFO: emitting event "task update" to 20170509-172147-4505 [/jobs]
socketio: INFO: emitting event "job update" to job_management [/jobs]
digits.webapp: DEBUG: Training (epoch 2.5): loss = 0.067450, lr = 0.010000
socketio: INFO: emitting event "task update" to 20170509-172147-4505 [/jobs]
socketio: INFO: emitting event "job update" to job_management [/jobs]
digits.webapp: DEBUG: Training (epoch 2.9): loss = 0.062697, lr = 0.010000
socketio: INFO: emitting event "task update" to 20170509-172147-4505 [/jobs]
socketio: INFO: emitting event "job update" to job_management [/jobs]
digits.webapp: DEBUG: Training (epoch 3.3): loss = 0.052709, lr = 0.010000
socketio: INFO: emitting event "task update" to 20170509-172147-4505 [/jobs]
digits.webapp: DEBUG: Network validation loss #3.3: 0.0
digits.webapp: DEBUG: Validation (epoch 3.3): loss = 0.000000
digits.webapp: WARNING: Train Tensorflow Model unrecognized output: INFO:tensorflow:/tmp/tmpX3R8Ve/20170509-172147-4505/snapshot_3.ckpt is not in all_model_checkpoint_paths. Manually adding it.
socketio: INFO: emitting event "task update" to 20170509-172147-4505 [/jobs]
socketio: INFO: emitting event "task update" to 20170509-172147-4505 [/jobs]
socketio: INFO: emitting event "job update" to job_management [/jobs]
digits.webapp: DEBUG: Training (epoch 3.8): loss = 0.049858, lr = 0.010000
socketio: INFO: emitting event "task update" to 20170509-172147-4505 [/jobs]
socketio: INFO: emitting event "job update" to job_management [/jobs]
digits.webapp: DEBUG: Training (epoch 4.2): loss = 0.041949, lr = 0.010000
socketio: INFO: emitting event "task update" to 20170509-172147-4505 [/jobs]
digits.webapp: DEBUG: Network validation loss #4.2: 0.0
digits.webapp: DEBUG: Validation (epoch 4.2): loss = 0.000000
digits.webapp: WARNING: Train Tensorflow Model unrecognized output: INFO:tensorflow:/tmp/tmpX3R8Ve/20170509-172147-4505/snapshot_4.ckpt is not in all_model_checkpoint_paths. Manually adding it.
socketio: INFO: emitting event "task update" to 20170509-172147-4505 [/jobs]
socketio: INFO: emitting event "task update" to 20170509-172147-4505 [/jobs]
socketio: INFO: emitting event "job update" to job_management [/jobs]
digits.webapp: DEBUG: Training (epoch 4.6): loss = 0.039270, lr = 0.010000
socketio: INFO: emitting event "task update" to 20170509-172147-4505 [/jobs]
socketio: INFO: emitting event "job update" to job_management [/jobs]
digits.webapp: DEBUG: Training (epoch 5.0): loss = 0.035557, lr = 0.010000
socketio: INFO: emitting event "task update" to 20170509-172147-4505 [/jobs]
digits.webapp: DEBUG: Network validation loss #5.0: 0.0
digits.webapp: DEBUG: Validation (epoch 5.0): loss = 0.000000
digits.webapp: WARNING: Train Tensorflow Model unrecognized output: INFO:tensorflow:/tmp/tmpX3R8Ve/20170509-172147-4505/snapshot_5.ckpt is not in all_model_checkpoint_paths. Manually adding it.
socketio: INFO: emitting event "task update" to 20170509-172147-4505 [/jobs]
socketio: INFO: emitting event "task update" to 20170509-172147-4505 [/jobs]
socketio: INFO: emitting event "job update" to job_management [/jobs]
digits.webapp: DEBUG: Training (epoch 5.4): loss = 0.032187, lr = 0.010000
socketio: INFO: emitting event "task update" to 20170509-172147-4505 [/jobs]
socketio: INFO: emitting event "job update" to job_management [/jobs]
digits.webapp: DEBUG: Training (epoch 5.8): loss = 0.029794, lr = 0.010000
socketio: INFO: emitting event "task update" to 20170509-172147-4505 [/jobs]
socketio: INFO: emitting event "job update" to job_management [/jobs]
digits.webapp: DEBUG: Training (epoch 6.3): loss = 0.028376, lr = 0.010000
socketio: INFO: emitting event "task update" to 20170509-172147-4505 [/jobs]
digits.webapp: DEBUG: Network validation loss #6.3: 0.0
digits.webapp: DEBUG: Validation (epoch 6.3): loss = 0.000000
digits.webapp: WARNING: Train Tensorflow Model unrecognized output: INFO:tensorflow:/tmp/tmpX3R8Ve/20170509-172147-4505/snapshot_6.ckpt is not in all_model_checkpoint_paths. Manually adding it.
socketio: INFO: emitting event "task update" to 20170509-172147-4505 [/jobs]
socketio: INFO: emitting event "task update" to 20170509-172147-4505 [/jobs]
socketio: INFO: emitting event "job update" to job_management [/jobs]
digits.webapp: DEBUG: Training (epoch 6.7): loss = 0.024766, lr = 0.010000
socketio: INFO: emitting event "task update" to 20170509-172147-4505 [/jobs]
socketio: INFO: emitting event "job update" to job_management [/jobs]
digits.webapp: DEBUG: Training (epoch 7.1): loss = 0.025451, lr = 0.010000
socketio: INFO: emitting event "task update" to 20170509-172147-4505 [/jobs]
digits.webapp: DEBUG: Network validation loss #7.1: 0.0
digits.webapp: DEBUG: Validation (epoch 7.1): loss = 0.000000
digits.webapp: WARNING: Train Tensorflow Model unrecognized output: INFO:tensorflow:/tmp/tmpX3R8Ve/20170509-172147-4505/snapshot_7.ckpt is not in all_model_checkpoint_paths. Manually adding it.
socketio: INFO: emitting event "task update" to 20170509-172147-4505 [/jobs]
socketio: INFO: emitting event "task update" to 20170509-172147-4505 [/jobs]
socketio: INFO: emitting event "job update" to job_management [/jobs]
digits.webapp: DEBUG: Training (epoch 7.5): loss = 0.023526, lr = 0.010000
socketio: INFO: emitting event "task update" to 20170509-172147-4505 [/jobs]
socketio: INFO: emitting event "job update" to job_management [/jobs]
digits.webapp: DEBUG: Training (epoch 7.9): loss = 0.022786, lr = 0.010000
socketio: INFO: emitting event "task update" to 20170509-172147-4505 [/jobs]
socketio: INFO: emitting event "job update" to job_management [/jobs]
digits.webapp: DEBUG: Training (epoch 8.3): loss = 0.019523, lr = 0.010000
socketio: INFO: emitting event "task update" to 20170509-172147-4505 [/jobs]
digits.webapp: DEBUG: Network validation loss #8.3: 0.0
digits.webapp: DEBUG: Validation (epoch 8.3): loss = 0.000000
digits.webapp: WARNING: Train Tensorflow Model unrecognized output: INFO:tensorflow:/tmp/tmpX3R8Ve/20170509-172147-4505/snapshot_8.ckpt is not in all_model_checkpoint_paths. Manually adding it.
socketio: INFO: emitting event "task update" to 20170509-172147-4505 [/jobs]
socketio: INFO: emitting event "task update" to 20170509-172147-4505 [/jobs]
socketio: INFO: emitting event "job update" to job_management [/jobs]
digits.webapp: DEBUG: Training (epoch 8.8): loss = 0.020082, lr = 0.010000
socketio: INFO: emitting event "task update" to 20170509-172147-4505 [/jobs]
socketio: INFO: emitting event "job update" to job_management [/jobs]
digits.webapp: DEBUG: Training (epoch 9.2): loss = 0.020079, lr = 0.010000
socketio: INFO: emitting event "task update" to 20170509-172147-4505 [/jobs]
digits.webapp: DEBUG: Network validation loss #9.2: 0.0
digits.webapp: DEBUG: Validation (epoch 9.2): loss = 0.000000
digits.webapp: WARNING: Train Tensorflow Model unrecognized output: INFO:tensorflow:/tmp/tmpX3R8Ve/20170509-172147-4505/snapshot_9.ckpt is not in all_model_checkpoint_paths. Manually adding it.
socketio: INFO: emitting event "task update" to 20170509-172147-4505 [/jobs]
socketio: INFO: emitting event "task update" to 20170509-172147-4505 [/jobs]
socketio: INFO: emitting event "job update" to job_management [/jobs]
digits.webapp: DEBUG: Training (epoch 9.6): loss = 0.017477, lr = 0.010000
socketio: INFO: emitting event "task update" to 20170509-172147-4505 [/jobs]
socketio: INFO: emitting event "job update" to job_management [/jobs]
digits.webapp: DEBUG: Training (epoch 10.0): loss = 0.018213, lr = 0.010000
socketio: INFO: emitting event "task update" to 20170509-172147-4505 [/jobs]
digits.webapp: DEBUG: Network validation loss #10.0: 0.0
digits.webapp: DEBUG: Validation (epoch 10.0): loss = 0.000000
digits.webapp: WARNING: Train Tensorflow Model unrecognized output: INFO:tensorflow:/tmp/tmpX3R8Ve/20170509-172147-4505/snapshot_10.ckpt is not in all_model_checkpoint_paths. Manually adding it.
socketio: INFO: emitting event "task update" to 20170509-172147-4505 [/jobs]
socketio: INFO: emitting event "task update" to 20170509-172147-4505 [/jobs]
socketio: INFO: emitting event "job update" to job_management [/jobs]
digits.webapp: DEBUG: Training (epoch 10.4): loss = 0.016368, lr = 0.010000
socketio: INFO: emitting event "task update" to 20170509-172147-4505 [/jobs]
socketio: INFO: emitting event "job update" to job_management [/jobs]
digits.webapp: DEBUG: Training (epoch 10.8): loss = 0.016565, lr = 0.010000
socketio: INFO: emitting event "task update" to 20170509-172147-4505 [/jobs]
socketio: INFO: emitting event "job update" to job_management [/jobs]
digits.webapp: DEBUG: Training (epoch 11.3): loss = 0.015259, lr = 0.010000
socketio: INFO: emitting event "task update" to 20170509-172147-4505 [/jobs]
digits.webapp: DEBUG: Network validation loss #11.3: 0.0
digits.webapp: DEBUG: Validation (epoch 11.3): loss = 0.000000
digits.webapp: WARNING: Train Tensorflow Model unrecognized output: INFO:tensorflow:/tmp/tmpX3R8Ve/20170509-172147-4505/snapshot_11.ckpt is not in all_model_checkpoint_paths. Manually adding it.
socketio: INFO: emitting event "task update" to 20170509-172147-4505 [/jobs]
socketio: INFO: emitting event "task update" to 20170509-172147-4505 [/jobs]
socketio: INFO: emitting event "job update" to job_management [/jobs]
digits.webapp: DEBUG: Training (epoch 11.7): loss = 0.015259, lr = 0.010000
socketio: INFO: emitting event "task update" to 20170509-172147-4505 [/jobs]
socketio: INFO: emitting event "job update" to job_management [/jobs]
digits.webapp: DEBUG: Training (epoch 12.1): loss = 0.014379, lr = 0.010000
socketio: INFO: emitting event "task update" to 20170509-172147-4505 [/jobs]
digits.webapp: DEBUG: Network validation loss #12.1: 0.0
digits.webapp: DEBUG: Validation (epoch 12.1): loss = 0.000000
digits.webapp: WARNING: Train Tensorflow Model unrecognized output: INFO:tensorflow:/tmp/tmpX3R8Ve/20170509-172147-4505/snapshot_12.ckpt is not in all_model_checkpoint_paths. Manually adding it.
socketio: INFO: emitting event "task update" to 20170509-172147-4505 [/jobs]
socketio: INFO: emitting event "task update" to 20170509-172147-4505 [/jobs]
socketio: INFO: emitting event "job update" to job_management [/jobs]
digits.webapp: DEBUG: Training (epoch 12.5): loss = 0.013811, lr = 0.010000
socketio: INFO: emitting event "task update" to 20170509-172114-d063 [/jobs]
socketio: INFO: emitting event "task update" to 20170509-172147-4505 [/jobs]
socketio: INFO: emitting event "job update" to job_management [/jobs]
digits.webapp: DEBUG: Training (epoch 12.9): loss = 0.013721, lr = 0.010000
socketio: INFO: emitting event "task update" to 20170509-172147-4505 [/jobs]
socketio: INFO: emitting event "job update" to job_management [/jobs]
digits.webapp: DEBUG: Training (epoch 13.3): loss = 0.013092, lr = 0.010000
socketio: INFO: emitting event "task update" to 20170509-172147-4505 [/jobs]
digits.webapp: DEBUG: Network validation loss #13.3: 0.0
digits.webapp: DEBUG: Validation (epoch 13.3): loss = 0.000000
digits.webapp: WARNING: Train Tensorflow Model unrecognized output: INFO:tensorflow:/tmp/tmpX3R8Ve/20170509-172147-4505/snapshot_13.ckpt is not in all_model_checkpoint_paths. Manually adding it.
socketio: INFO: emitting event "task update" to 20170509-172147-4505 [/jobs]
socketio: INFO: emitting event "task update" to 20170509-172147-4505 [/jobs]
socketio: INFO: emitting event "job update" to job_management [/jobs]
digits.webapp: DEBUG: Training (epoch 13.8): loss = 0.012792, lr = 0.010000
socketio: INFO: emitting event "task update" to 20170509-172147-4505 [/jobs]
socketio: INFO: emitting event "job update" to job_management [/jobs]
digits.webapp: DEBUG: Training (epoch 14.2): loss = 0.012829, lr = 0.010000
socketio: INFO: emitting event "task update" to 20170509-172147-4505 [/jobs]
digits.webapp: DEBUG: Network validation loss #14.2: 0.0
digits.webapp: DEBUG: Validation (epoch 14.2): loss = 0.000000
digits.webapp: WARNING: Train Tensorflow Model unrecognized output: INFO:tensorflow:/tmp/tmpX3R8Ve/20170509-172147-4505/snapshot_14.ckpt is not in all_model_checkpoint_paths. Manually adding it.
socketio: INFO: emitting event "task update" to 20170509-172147-4505 [/jobs]
socketio: INFO: emitting event "task update" to 20170509-172147-4505 [/jobs]
socketio: INFO: emitting event "job update" to job_management [/jobs]
digits.webapp: DEBUG: Training (epoch 14.6): loss = 0.011508, lr = 0.010000
socketio: INFO: emitting event "task update" to 20170509-172147-4505 [/jobs]
socketio: INFO: emitting event "job update" to job_management [/jobs]
digits.webapp: DEBUG: Training (epoch 15.0): loss = 0.011831, lr = 0.010000
socketio: INFO: emitting event "task update" to 20170509-172147-4505 [/jobs]
digits.webapp: DEBUG: Network validation loss #15.0: 0.0
digits.webapp: DEBUG: Validation (epoch 15.0): loss = 0.000000
digits.webapp: WARNING: Train Tensorflow Model unrecognized output: INFO:tensorflow:/tmp/tmpX3R8Ve/20170509-172147-4505/snapshot_15.ckpt is not in all_model_checkpoint_paths. Manually adding it.
socketio: INFO: emitting event "task update" to 20170509-172147-4505 [/jobs]
socketio: INFO: emitting event "task update" to 20170509-172147-4505 [/jobs]
socketio: INFO: emitting event "job update" to job_management [/jobs]
digits.webapp: DEBUG: Training (epoch 15.4): loss = 0.010943, lr = 0.010000
socketio: INFO: emitting event "task update" to 20170509-172147-4505 [/jobs]
socketio: INFO: emitting event "job update" to job_management [/jobs]
digits.webapp: DEBUG: Training (epoch 15.8): loss = 0.011670, lr = 0.010000
socketio: INFO: emitting event "task update" to 20170509-172147-4505 [/jobs]
socketio: INFO: emitting event "job update" to job_management [/jobs]
digits.webapp: DEBUG: Training (epoch 16.3): loss = 0.011699, lr = 0.010000
socketio: INFO: emitting event "task update" to 20170509-172147-4505 [/jobs]
digits.webapp: DEBUG: Network validation loss #16.3: 0.0
digits.webapp: DEBUG: Validation (epoch 16.3): loss = 0.000000
digits.webapp: WARNING: Train Tensorflow Model unrecognized output: INFO:tensorflow:/tmp/tmpX3R8Ve/20170509-172147-4505/snapshot_16.ckpt is not in all_model_checkpoint_paths. Manually adding it.
socketio: INFO: emitting event "task update" to 20170509-172147-4505 [/jobs]
socketio: INFO: emitting event "task update" to 20170509-172147-4505 [/jobs]
socketio: INFO: emitting event "job update" to job_management [/jobs]
digits.webapp: DEBUG: Training (epoch 16.7): loss = 0.010266, lr = 0.010000
socketio: INFO: emitting event "task update" to 20170509-172147-4505 [/jobs]
socketio: INFO: emitting event "job update" to job_management [/jobs]
digits.webapp: DEBUG: Training (epoch 17.1): loss = 0.009785, lr = 0.010000
socketio: INFO: emitting event "task update" to 20170509-172147-4505 [/jobs]
digits.webapp: DEBUG: Network validation loss #17.1: 0.0
digits.webapp: DEBUG: Validation (epoch 17.1): loss = 0.000000
digits.webapp: WARNING: Train Tensorflow Model unrecognized output: INFO:tensorflow:/tmp/tmpX3R8Ve/20170509-172147-4505/snapshot_17.ckpt is not in all_model_checkpoint_paths. Manually adding it.
socketio: INFO: emitting event "task update" to 20170509-172147-4505 [/jobs]
socketio: INFO: emitting event "task update" to 20170509-172147-4505 [/jobs]
socketio: INFO: emitting event "job update" to job_management [/jobs]
digits.webapp: DEBUG: Training (epoch 17.5): loss = 0.009276, lr = 0.010000
socketio: INFO: emitting event "task update" to 20170509-172147-4505 [/jobs]
socketio: INFO: emitting event "job update" to job_management [/jobs]
digits.webapp: DEBUG: Training (epoch 17.9): loss = 0.009622, lr = 0.010000
socketio: INFO: emitting event "task update" to 20170509-172147-4505 [/jobs]
socketio: INFO: emitting event "job update" to job_management [/jobs]
digits.webapp: DEBUG: Training (epoch 18.3): loss = 0.009385, lr = 0.010000
socketio: INFO: emitting event "task update" to 20170509-172147-4505 [/jobs]
digits.webapp: DEBUG: Network validation loss #18.3: 0.0
digits.webapp: DEBUG: Validation (epoch 18.3): loss = 0.000000
digits.webapp: WARNING: Train Tensorflow Model unrecognized output: INFO:tensorflow:/tmp/tmpX3R8Ve/20170509-172147-4505/snapshot_18.ckpt is not in all_model_checkpoint_paths. Manually adding it.
socketio: INFO: emitting event "task update" to 20170509-172147-4505 [/jobs]
socketio: INFO: emitting event "task update" to 20170509-172147-4505 [/jobs]
socketio: INFO: emitting event "job update" to job_management [/jobs]
digits.webapp: DEBUG: Training (epoch 18.8): loss = 0.009692, lr = 0.010000
socketio: INFO: emitting event "task update" to 20170509-172147-4505 [/jobs]
socketio: INFO: emitting event "job update" to job_management [/jobs]
digits.webapp: DEBUG: Training (epoch 19.2): loss = 0.009694, lr = 0.010000
socketio: INFO: emitting event "task update" to 20170509-172147-4505 [/jobs]
digits.webapp: DEBUG: Network validation loss #19.2: 0.0
digits.webapp: DEBUG: Validation (epoch 19.2): loss = 0.000000
digits.webapp: WARNING: Train Tensorflow Model unrecognized output: INFO:tensorflow:/tmp/tmpX3R8Ve/20170509-172147-4505/snapshot_19.ckpt is not in all_model_checkpoint_paths. Manually adding it.
socketio: INFO: emitting event "task update" to 20170509-172147-4505 [/jobs]
socketio: INFO: emitting event "task update" to 20170509-172147-4505 [/jobs]
socketio: INFO: emitting event "job update" to job_management [/jobs]
digits.webapp: DEBUG: Training (epoch 19.6): loss = 0.008454, lr = 0.010000
socketio: INFO: emitting event "task update" to 20170509-172147-4505 [/jobs]
socketio: INFO: emitting event "job update" to job_management [/jobs]
digits.webapp: DEBUG: Training (epoch 20.0): loss = 0.009210, lr = 0.010000
socketio: INFO: emitting event "task update" to 20170509-172147-4505 [/jobs]
digits.webapp: DEBUG: Network validation loss #20.0: 0.0
digits.webapp: DEBUG: Validation (epoch 20.0): loss = 0.000000
digits.webapp: WARNING: Train Tensorflow Model unrecognized output: INFO:tensorflow:/tmp/tmpX3R8Ve/20170509-172147-4505/snapshot_20.ckpt is not in all_model_checkpoint_paths. Manually adding it.
socketio: INFO: emitting event "task update" to 20170509-172147-4505 [/jobs]
socketio: INFO: emitting event "task update" to 20170509-172147-4505 [/jobs]
socketio: INFO: emitting event "job update" to job_management [/jobs]
digits.webapp: DEBUG: Training (epoch 20.4): loss = 0.007732, lr = 0.010000
socketio: INFO: emitting event "task update" to 20170509-172147-4505 [/jobs]
socketio: INFO: emitting event "job update" to job_management [/jobs]
digits.webapp: DEBUG: Training (epoch 20.8): loss = 0.008392, lr = 0.010000
socketio: INFO: emitting event "task update" to 20170509-172147-4505 [/jobs]
socketio: INFO: emitting event "job update" to job_management [/jobs]
digits.webapp: DEBUG: Training (epoch 21.3): loss = 0.008790, lr = 0.010000
socketio: INFO: emitting event "task update" to 20170509-172147-4505 [/jobs]
digits.webapp: DEBUG: Network validation loss #21.3: 0.0
digits.webapp: DEBUG: Validation (epoch 21.3): loss = 0.000000
digits.webapp: WARNING: Train Tensorflow Model unrecognized output: INFO:tensorflow:/tmp/tmpX3R8Ve/20170509-172147-4505/snapshot_21.ckpt is not in all_model_checkpoint_paths. Manually adding it.
socketio: INFO: emitting event "task update" to 20170509-172147-4505 [/jobs]
socketio: INFO: emitting event "task update" to 20170509-172147-4505 [/jobs]
socketio: INFO: emitting event "job update" to job_management [/jobs]
digits.webapp: DEBUG: Training (epoch 21.7): loss = 0.008029, lr = 0.010000
socketio: INFO: emitting event "task update" to 20170509-172147-4505 [/jobs]
socketio: INFO: emitting event "job update" to job_management [/jobs]
digits.webapp: DEBUG: Training (epoch 22.1): loss = 0.008083, lr = 0.010000
socketio: INFO: emitting event "task update" to 20170509-172147-4505 [/jobs]
digits.webapp: DEBUG: Network validation loss #22.1: 0.0
digits.webapp: DEBUG: Validation (epoch 22.1): loss = 0.000000
digits.webapp: WARNING: Train Tensorflow Model unrecognized output: INFO:tensorflow:/tmp/tmpX3R8Ve/20170509-172147-4505/snapshot_22.ckpt is not in all_model_checkpoint_paths. Manually adding it.
socketio: INFO: emitting event "task update" to 20170509-172147-4505 [/jobs]
socketio: INFO: emitting event "task update" to 20170509-172147-4505 [/jobs]
socketio: INFO: emitting event "job update" to job_management [/jobs]
digits.webapp: DEBUG: Training (epoch 22.5): loss = 0.007500, lr = 0.010000
socketio: INFO: emitting event "task update" to 20170509-172147-4505 [/jobs]
socketio: INFO: emitting event "job update" to job_management [/jobs]
digits.webapp: DEBUG: Training (epoch 22.9): loss = 0.007615, lr = 0.010000
socketio: INFO: emitting event "task update" to 20170509-172147-4505 [/jobs]
socketio: INFO: emitting event "job update" to job_management [/jobs]
digits.webapp: DEBUG: Training (epoch 23.3): loss = 0.007027, lr = 0.010000
socketio: INFO: emitting event "task update" to 20170509-172147-4505 [/jobs]
digits.webapp: DEBUG: Network validation loss #23.3: 0.0
digits.webapp: DEBUG: Validation (epoch 23.3): loss = 0.000000
digits.webapp: WARNING: Train Tensorflow Model unrecognized output: INFO:tensorflow:/tmp/tmpX3R8Ve/20170509-172147-4505/snapshot_23.ckpt is not in all_model_checkpoint_paths. Manually adding it.
socketio: INFO: emitting event "task update" to 20170509-172147-4505 [/jobs]
socketio: INFO: emitting event "task update" to 20170509-172147-4505 [/jobs]
socketio: INFO: emitting event "job update" to job_management [/jobs]
digits.webapp: DEBUG: Training (epoch 23.8): loss = 0.007685, lr = 0.010000
socketio: INFO: emitting event "task update" to 20170509-172147-4505 [/jobs]
socketio: INFO: emitting event "job update" to job_management [/jobs]
digits.webapp: DEBUG: Training (epoch 24.2): loss = 0.007073, lr = 0.010000
socketio: INFO: emitting event "task update" to 20170509-172147-4505 [/jobs]
digits.webapp: DEBUG: Network validation loss #24.2: 0.0
digits.webapp: DEBUG: Validation (epoch 24.2): loss = 0.000000
digits.webapp: WARNING: Train Tensorflow Model unrecognized output: INFO:tensorflow:/tmp/tmpX3R8Ve/20170509-172147-4505/snapshot_24.ckpt is not in all_model_checkpoint_paths. Manually adding it.
socketio: INFO: emitting event "task update" to 20170509-172147-4505 [/jobs]
socketio: INFO: emitting event "task update" to 20170509-172147-4505 [/jobs]
socketio: INFO: emitting event "job update" to job_management [/jobs]
digits.webapp: DEBUG: Training (epoch 24.6): loss = 0.006886, lr = 0.010000
socketio: INFO: emitting event "task update" to 20170509-172147-4505 [/jobs]
socketio: INFO: emitting event "job update" to job_management [/jobs]
digits.webapp: DEBUG: Training (epoch 25.0): loss = 0.007528, lr = 0.010000
socketio: INFO: emitting event "task update" to 20170509-172147-4505 [/jobs]
digits.webapp: DEBUG: Network validation loss #25.0: 0.0
digits.webapp: DEBUG: Validation (epoch 25.0): loss = 0.000000
digits.webapp: WARNING: Train Tensorflow Model unrecognized output: INFO:tensorflow:/tmp/tmpX3R8Ve/20170509-172147-4505/snapshot_25.ckpt is not in all_model_checkpoint_paths. Manually adding it.
socketio: INFO: emitting event "task update" to 20170509-172147-4505 [/jobs]
digits.webapp: WARNING: Infer Model unrecognized output: WARNING: log_file config option not found - no log file is being saved
digits.webapp: WARNING: Infer Model unrecognized output: 2017-05-09 17:21:50 [ERROR] InferenceError: Unable to find snapshot for epoch=-1.0
digits.webapp: WARNING: Infer Model unrecognized output: Traceback (most recent call last):
digits.webapp: WARNING: Infer Model unrecognized output: File "/home/ethan/digits_GAN/digits/tools/inference.py", line 293, in <module>
digits.webapp: WARNING: Infer Model unrecognized output: args['resize']
digits.webapp: WARNING: Infer Model unrecognized output: File "/home/ethan/digits_GAN/digits/tools/inference.py", line 79, in infer
digits.webapp: WARNING: Infer Model unrecognized output: raise InferenceError("Unable to find snapshot for epoch=%s" % repr(epoch))
digits.webapp: WARNING: Infer Model unrecognized output: digits.inference.errors.InferenceError: 'Unable to find snapshot for epoch=-1.0'
socketio: INFO: emitting event "task update" to 20170509-172147-4505 [/jobs]
socketio: INFO: emitting event "job update" to job_management [/jobs]
digits.webapp: DEBUG: Training (epoch 25.4): loss = 0.006816, lr = 0.010000
socketio: INFO: emitting event "task update" to 20170509-172147-4505 [/jobs]
socketio: INFO: emitting event "job update" to job_management [/jobs]
digits.webapp: DEBUG: Training (epoch 25.8): loss = 0.006956, lr = 0.010000
socketio: INFO: emitting event "task update" to 20170509-172147-4505 [/jobs]
socketio: INFO: emitting event "job update" to job_management [/jobs]
digits.webapp: DEBUG: Training (epoch 26.3): loss = 0.006659, lr = 0.010000
socketio: INFO: emitting event "task update" to 20170509-172147-4505 [/jobs]
digits.webapp: DEBUG: Network validation loss #26.3: 0.0
digits.webapp: DEBUG: Validation (epoch 26.3): loss = 0.000000
digits.webapp: WARNING: Train Tensorflow Model unrecognized output: INFO:tensorflow:/tmp/tmpX3R8Ve/20170509-172147-4505/snapshot_26.ckpt is not in all_model_checkpoint_paths. Manually adding it.
socketio: INFO: emitting event "task update" to 20170509-172147-4505 [/jobs]
socketio: INFO: emitting event "task update" to 20170509-172147-4505 [/jobs]
socketio: INFO: emitting event "job update" to job_management [/jobs]
digits.webapp: DEBUG: Training (epoch 26.7): loss = 0.007275, lr = 0.010000
socketio: INFO: emitting event "task update" to 20170509-172147-4505 [/jobs]
socketio: INFO: emitting event "job update" to job_management [/jobs]
digits.webapp: DEBUG: Training (epoch 27.1): loss = 0.006100, lr = 0.010000
socketio: INFO: emitting event "task update" to 20170509-172147-4505 [/jobs]
digits.webapp: DEBUG: Network validation loss #27.1: 0.0
digits.webapp: DEBUG: Validation (epoch 27.1): loss = 0.000000
digits.webapp: WARNING: Train Tensorflow Model unrecognized output: INFO:tensorflow:/tmp/tmpX3R8Ve/20170509-172147-4505/snapshot_27.ckpt is not in all_model_checkpoint_paths. Manually adding it.
socketio: INFO: emitting event "task update" to 20170509-172147-4505 [/jobs]
socketio: INFO: emitting event "task update" to 20170509-172147-4505 [/jobs]
socketio: INFO: emitting event "job update" to job_management [/jobs]
digits.webapp: DEBUG: Training (epoch 27.5): loss = 0.006251, lr = 0.010000
socketio: INFO: emitting event "task update" to 20170509-172147-4505 [/jobs]
socketio: INFO: emitting event "job update" to job_management [/jobs]
digits.webapp: DEBUG: Training (epoch 27.9): loss = 0.005903, lr = 0.010000
socketio: INFO: emitting event "task update" to 20170509-172147-4505 [/jobs]
socketio: INFO: emitting event "job update" to job_management [/jobs]
digits.webapp: DEBUG: Training (epoch 28.3): loss = 0.006049, lr = 0.010000
socketio: INFO: emitting event "task update" to 20170509-172147-4505 [/jobs]
digits.webapp: DEBUG: Network validation loss #28.3: 0.0
digits.webapp: DEBUG: Validation (epoch 28.3): loss = 0.000000
digits.webapp: WARNING: Train Tensorflow Model unrecognized output: INFO:tensorflow:/tmp/tmpX3R8Ve/20170509-172147-4505/snapshot_28.ckpt is not in all_model_checkpoint_paths. Manually adding it.
socketio: INFO: emitting event "task update" to 20170509-172147-4505 [/jobs]
digits.webapp: ERROR: Infer Model task failed with error code 1
socketio: INFO: emitting event "task update" to 20170509-172147-8c20 [/jobs]
socketio: INFO: emitting event "job update" to 20170509-172147-8c20 [/jobs]
socketio: INFO: emitting event "job update" to job_management [/jobs]
socketio: INFO: emitting event "server update" to job_management [/jobs]
socketio: INFO: emitting event "task update" to 20170509-172147-4505 [/jobs]
socketio: INFO: emitting event "job update" to job_management [/jobs]
digits.webapp: DEBUG: Training (epoch 28.8): loss = 0.006268, lr = 0.010000
socketio: INFO: emitting event "task update" to 20170509-172147-4505 [/jobs]
socketio: INFO: emitting event "job update" to job_management [/jobs]
digits.webapp: DEBUG: Training (epoch 29.2): loss = 0.006194, lr = 0.010000
socketio: INFO: emitting event "task update" to 20170509-172147-4505 [/jobs]
digits.webapp: DEBUG: Network validation loss #29.2: 0.0
digits.webapp: DEBUG: Validation (epoch 29.2): loss = 0.000000
digits.webapp: WARNING: Train Tensorflow Model unrecognized output: INFO:tensorflow:/tmp/tmpX3R8Ve/20170509-172147-4505/snapshot_29.ckpt is not in all_model_checkpoint_paths. Manually adding it.
socketio: INFO: emitting event "task update" to 20170509-172147-4505 [/jobs]
socketio: INFO: emitting event "task update" to 20170509-172147-4505 [/jobs]
socketio: INFO: emitting event "job update" to job_management [/jobs]
digits.webapp: DEBUG: Training (epoch 29.6): loss = 0.005838, lr = 0.010000
socketio: INFO: emitting event "task update" to 20170509-172147-4505 [/jobs]
socketio: INFO: emitting event "job update" to job_management [/jobs]
digits.webapp: DEBUG: Training (epoch 30.0): loss = 0.005839, lr = 0.010000
socketio: INFO: emitting event "task update" to 20170509-172147-4505 [/jobs]
digits.webapp: DEBUG: Network validation loss #30.0: 0.0
digits.webapp: DEBUG: Validation (epoch 30.0): loss = 0.000000
digits.webapp: WARNING: Train Tensorflow Model unrecognized output: INFO:tensorflow:/tmp/tmpX3R8Ve/20170509-172147-4505/snapshot_30.ckpt is not in all_model_checkpoint_paths. Manually adding it.
socketio: INFO: emitting event "task update" to 20170509-172147-4505 [/jobs]
socketio: INFO: emitting event "job update" to 20170509-172147-8c20 [/jobs]
socketio: INFO: emitting event "job update" to job_management [/jobs]
digits: INFO: Job deleted.
socketio: INFO: emitting event "job update" to job_management [/jobs]
socketio: INFO: emitting event "job update" to 20170509-172147-4505 [/jobs]
socketio: INFO: emitting event "job update" to job_management [/jobs]
digits: INFO: Job deleted.
socketio: INFO: emitting event "job update" to job_management [/jobs]
--------------------- >> end captured logging << ---------------------

======================================================================
FAIL: digits.model.images.classification.test_views.TestTensorflowCreatedDataAug.test_model_json
----------------------------------------------------------------------
Traceback (most recent call last):
  File "/home/ethan/.local/lib/python2.7/site-packages/nose/case.py", line 197, in runTest
    self.test(*self.arg)
  File "/home/ethan/digits_GAN/digits/model/images/classification/test_views.py", line 639, in test_model_json
    assert len(content['snapshots']) > 0, 'no snapshots in list'
AssertionError: no snapshots in list

======================================================================
FAIL: digits.model.images.classification.test_views.TestTensorflowCreatedDataAug.test_top_n
----------------------------------------------------------------------
Traceback (most recent call last):
  File "/home/ethan/.local/lib/python2.7/site-packages/nose/case.py", line 197, in runTest
    self.test(*self.arg)
  File "/home/ethan/digits_GAN/digits/model/images/classification/test_views.py", line 812, in test_top_n
    assert key in rv.data, '"%s" not found in the response'
AssertionError: "%s" not found in the response
-------------------- >> begin captured logging << --------------------
socketio: INFO: emitting event "job update" to job_management [/jobs]
socketio: INFO: emitting event "task update" to 20170509-172147-4505 [/jobs]
socketio: INFO: emitting event "job update" to 20170509-172150-e724 [/jobs]
socketio: INFO: emitting event "job update" to job_management [/jobs]
socketio: INFO: emitting event "server update" to job_management [/jobs]
digits.webapp: INFO: Infer Model task started.
socketio: INFO: emitting event "task update" to 20170509-172150-e724 [/jobs]
socketio: INFO: emitting event "job update" to 20170509-172150-e724 [/jobs]
socketio: INFO: emitting event "job update" to job_management [/jobs]
digits.webapp: INFO: Task subprocess args: "/usr/bin/python2 /home/ethan/digits_GAN/digits/tools/inference.py /tmp/tmpX3R8Ve/20170509-172150-e724/tmpDRYhw2.txt /tmp/tmpX3R8Ve/20170509-172150-e724 20170509-172114-d063 --jobs_dir=/tmp/tmpX3R8Ve --layers=none"
socketio: INFO: emitting event "server update" to job_management [/jobs]
socketio: INFO: emitting event "task update" to 20170509-172114-d063 [/jobs]
socketio: INFO: emitting event "task update" to 20170509-172147-4505 [/jobs]
socketio: INFO: emitting event "task update" to 20170509-172114-d063 [/jobs]
socketio: INFO: emitting event "task update" to 20170509-172147-4505 [/jobs]
socketio: INFO: emitting event "task update" to 20170509-172114-d063 [/jobs]
digits.webapp: WARNING: Infer Model unrecognized output: WARNING: log_file config option not found - no log file is being saved
digits.webapp: WARNING: Infer Model unrecognized output: 2017-05-09 17:21:53 [ERROR] InferenceError: Unable to find snapshot for epoch=-1.0
digits.webapp: WARNING: Infer Model unrecognized output: Traceback (most recent call last):
digits.webapp: WARNING: Infer Model unrecognized output: File "/home/ethan/digits_GAN/digits/tools/inference.py", line 293, in <module>
digits.webapp: WARNING: Infer Model unrecognized output: args['resize']
digits.webapp: WARNING: Infer Model unrecognized output: File "/home/ethan/digits_GAN/digits/tools/inference.py", line 79, in infer
digits.webapp: WARNING: Infer Model unrecognized output: raise InferenceError("Unable to find snapshot for epoch=%s" % repr(epoch))
digits.webapp: WARNING: Infer Model unrecognized output: digits.inference.errors.InferenceError: 'Unable to find snapshot for epoch=-1.0'
socketio: INFO: emitting event "task update" to 20170509-172147-4505 [/jobs]
digits.webapp: ERROR: Infer Model task failed with error code 1
socketio: INFO: emitting event "task update" to 20170509-172150-e724 [/jobs]
socketio: INFO: emitting event "job update" to 20170509-172150-e724 [/jobs]
socketio: INFO: emitting event "job update" to job_management [/jobs]
socketio: INFO: emitting event "server update" to job_management [/jobs]
socketio: INFO: emitting event "job update" to 20170509-172150-e724 [/jobs]
socketio: INFO: emitting event "job update" to job_management [/jobs]
digits: INFO: Job deleted.
socketio: INFO: emitting event "job update" to job_management [/jobs]
--------------------- >> end captured logging << ---------------------

======================================================================
FAIL: digits.model.images.classification.test_views.TestTensorflowCreatedDataAug.test_top_n_from_folder
----------------------------------------------------------------------
Traceback (most recent call last):
  File "/home/ethan/.local/lib/python2.7/site-packages/nose/case.py", line 197, in runTest
    self.test(*self.arg)
  File "/home/ethan/digits_GAN/digits/model/images/classification/test_views.py", line 836, in test_top_n_from_folder
    assert key in rv.data, '"%s" not found in the response'
AssertionError: "%s" not found in the response
-------------------- >> begin captured logging << --------------------
socketio: INFO: emitting event "job update" to job_management [/jobs]
socketio: INFO: emitting event "job update" to 20170509-172153-cd8a [/jobs]
socketio: INFO: emitting event "job update" to job_management [/jobs]
socketio: INFO: emitting event "server update" to job_management [/jobs]
socketio: INFO: emitting event "server update" to job_management [/jobs]
digits.webapp: INFO: Infer Model task started.
socketio: INFO: emitting event "task update" to 20170509-172153-cd8a [/jobs]
socketio: INFO: emitting event "job update" to 20170509-172153-cd8a [/jobs]
socketio: INFO: emitting event "job update" to job_management [/jobs]
digits.webapp: INFO: Task subprocess args: "/usr/bin/python2 /home/ethan/digits_GAN/digits/tools/inference.py /tmp/tmpX3R8Ve/20170509-172153-cd8a/tmpaTSguL.txt /tmp/tmpX3R8Ve/20170509-172153-cd8a 20170509-172114-d063 --jobs_dir=/tmp/tmpX3R8Ve --layers=none --gpu=0"
socketio: INFO: emitting event "task update" to 20170509-172114-d063 [/jobs]
socketio: INFO: emitting event "task update" to 20170509-172147-4505 [/jobs]
socketio: INFO: emitting event "task update" to 20170509-172114-d063 [/jobs]
socketio: INFO: emitting event "task update" to 20170509-172147-4505 [/jobs]
socketio: INFO: emitting event "task update" to 20170509-172114-d063 [/jobs]
digits.webapp: WARNING: Infer Model unrecognized output: WARNING: log_file config option not found - no log file is being saved
digits.webapp: WARNING: Infer Model unrecognized output: 2017-05-09 17:21:56 [ERROR] InferenceError: Unable to find snapshot for epoch=-1.0
digits.webapp: WARNING: Infer Model unrecognized output: Traceback (most recent call last):
digits.webapp: WARNING: Infer Model unrecognized output: File "/home/ethan/digits_GAN/digits/tools/inference.py", line 293, in <module>
digits.webapp: WARNING: Infer Model unrecognized output: args['resize']
digits.webapp: WARNING: Infer Model unrecognized output: File "/home/ethan/digits_GAN/digits/tools/inference.py", line 79, in infer
digits.webapp: WARNING: Infer Model unrecognized output: raise InferenceError("Unable to find snapshot for epoch=%s" % repr(epoch))
digits.webapp: WARNING: Infer Model unrecognized output: digits.inference.errors.InferenceError: 'Unable to find snapshot for epoch=-1.0'
socketio: INFO: emitting event "task update" to 20170509-172147-4505 [/jobs]
digits.webapp: ERROR: Infer Model task failed with error code 1
socketio: INFO: emitting event "task update" to 20170509-172153-cd8a [/jobs]
socketio: INFO: emitting event "job update" to 20170509-172153-cd8a [/jobs]
socketio: INFO: emitting event "job update" to job_management [/jobs]
socketio: INFO: emitting event "server update" to job_management [/jobs]
socketio: INFO: emitting event "server update" to job_management [/jobs]
socketio: INFO: emitting event "job update" to 20170509-172153-cd8a [/jobs]
socketio: INFO: emitting event "job update" to job_management [/jobs]
digits: INFO: Job deleted.
socketio: INFO: emitting event "job update" to job_management [/jobs]
--------------------- >> end captured logging << ---------------------

======================================================================
FAIL: digits.model.images.classification.test_views.TestTensorflowCreatedWideMultiStepLR.test_classify_many
----------------------------------------------------------------------
Traceback (most recent call last):
  File "/home/ethan/.local/lib/python2.7/site-packages/nose/case.py", line 197, in runTest
    self.test(*self.arg)
  File "/home/ethan/digits_GAN/digits/model/images/classification/test_views.py", line 718, in test_classify_many
    assert rv.status_code == 200, 'POST failed with %s\n\n%s' % (rv.status_code, body)
AssertionError: POST failed with 500

[<body>\n<div class="navbar navbar-inverse navbar-fixed-top">\n<div class="container">\n<div class="navbar-header">\n<a class="navbar-brand" href="/">DIGITS</a>\n</div>\n<ul class="nav navbar-nav">\n<li><a href="/models/20170509-172227-0156">test_model</a></li>\n<li class="active"><a>Classify Many</a></li>\n</ul>\n<ul class="nav navbar-nav navbar-right">\n<li>\n<p class="navbar-text">\n            digits-testsuite (<a class="navbar-link" href="/logout">Logout</a>)\n            </p>\n</li>\n<li class="dropdown">\n<a class="dropdown-toggle" data-toggle="dropdown" href="#">Info<span class="caret"></span></a>\n<ul class="dropdown-menu navbar-inverse">\n<li><span class="navbar-text">Server: ethan-computer</span></li>\n<li><span class="navbar-text">DIGITS version: <br> 5.1-dev</br></span></li>\n<li><span class="navbar-text">Caffe version: <br> 0.15.13</br></span></li>\n<li><span class="navbar-text">Caffe flavor: <br> NVIDIA</br></span></li>\n</ul>\n</li>\n<li class="dropdown">\n<a class="dropdown-toggle" data-toggle="dropdown" href="#">About<span class="caret"></span></a>\n<ul class="dropdown-menu about-menu navbar-inverse">\n<li><span class="navbar-text"><a href="https://developer.nvidia.com/digits" target="_blank">\n                        DIGITS on developer.nvidia.com\n                    </a></span></li>\n<li><span class="navbar-text"><a href="https://github.com/NVIDIA/DIGITS" target="_blank">\n                        DIGITS on GitHub\n                    </a></span></li>\n<li><span class="navbar-text"><a href="https://groups.google.com/d/forum/digits-users" target="_blank">\n                        DIGITS user group\n                    </a></span></li>\n<li><span class="navbar-text"><a href="mailto:digits@nvidia.com">\n                        digits@nvidia.com\n                    </a></span></li>\n</ul>\n</li>\n</ul>\n</div>\n</div>\n<div class="container">\n<div class="jumbotron">\n<div class="container">\n<div class="row">\n<div class="col-sm-12" id="show-job-name">\n<h2 style="display:inline;">Classify Many Images</h2>\n</div>\n<div class="col-sm-4" id="edit-job-name" style="display:none;">\n<script>\nfunction updateJobName() {\n    var newName = $("input[name=job-name]").val();\n    $.ajax("/jobs/20170509-172229-a3b9",\n            {\n                type: "PUT",\n                data: {"job_name": newName}\n                }\n          )\n    .done(function() {\n            $("#show-job-name h2").html(newName);\n            $('#edit-job-name').hide(); $('#show-job-name').show();\n            })\n    .fail(function(data) { errorAlert(data); });\n    return false;\n}\n                </script>\n<input class="form-control" name="job-name" value="Classify Many Images"/>\n<a class="btn btn-primary" href="#" onclick="return updateJobName();">Update</a>\n<a class="btn btn-info" href="#" onclick="$('#edit-job-name').hide(); $('#show-job-name').show(); return false;">Cancel</a>\n</div>\n</div>\n<small>Owner: digits-testsuite</small>\n<div class="pull-right">\n<a class="btn btn-info" disabled="" id="clone-job">Clone Job</a>\n<a class="btn btn-warning hidden disabled" id="abort-job">Abort Job</a>\n<a class="btn btn-danger disabled" id="delete-job">Delete Job</a>\n</div>\n</div>\n<script>\n$('#abort-job').on('click', function(event) {\n        event.preventDefault();\n        bootbox.confirm(\n            'Are you sure you want to abort this job?',\n            function(result) {\n                if (result)\n                    $.ajax("/jobs/20170509-172229-a3b9/abort",\n                        {type: "POST"})\n                    .done(function() {\n                        $("#abort-job").hide();\n                        })\n                    .fail(function(data) { errorAlert(data); });\n            });\n        });\n\n$('#delete-job').on('click', function(event) {\n        event.preventDefault();\n        bootbox.confirm(\n            'Are you sure you want to delete this job?<br><br>All related files will be permanently removed.',\n            function(result) {\n                if (result)\n                    $.ajax("/jobs/20170509-172229-a3b9",\n                        {type: "DELETE"})\n                    .done(function() {\n                        window.location = "/";\n                        })\n                    .fail(function(data) { errorAlert(data); });\n            });\n        });\n    </script>\n</div>\n<div class="row">\n<!-- Job content -->\n<div class="col-sm-8">\n<div class="page-header">\n<h1>\n        test_model\n        <small>\n            Image Classification Model\n        </small>\n</h1>\n</div>\n<div class="alert alert-danger">\n<p>Classification failed, see job log</p>\n</div>\n</div>\n<!-- Tasks -->\n<div class="col-sm-4">\n<div class="panel-group">\n<div class="panel panel-danger" id="job-statuses">\n<div class="panel-heading">\n<h4 class="panel-title">\n                    Job Status\n                    <small>Error</small>\n</h4>\n</div>\n<div class="panel-collapse">\n<div class="panel-body">\n<div class="job-statuses">\n<ul>\n<li>\n<span class="text-warning">Initialized</span>\n        at 05:22:29 PM\n            <small>(0 seconds)</small>\n</li>\n<li>\n<span class="text-info">Running</span>\n        at 05:22:29 PM\n            <small>(3 seconds)</small>\n</li>\n<li>\n<span class="text-danger">Error</span>\n        at 05:22:32 PM\n            <br>\n<small>(Total - 3 seconds)</small>\n</br></li>\n</ul>\n</div>\n<div class="panel-group">\n<div class="panel panel-danger" id="task-140099489056144-status">\n<div class="panel-heading">\n<h4 class="panel-title">\n<a data-toggle="collapse" href="#task-140099489056144-status-collapse">\n                                            Infer Model\n                                            <small>Error</small>\n<span class="caret"></span>\n</a>\n</h4>\n</div>\n<div class="panel-collapse collapse in" id="task-140099489056144-status-collapse">\n<div class="panel-body">\n<div class="task-progress" style="display:none;">\n<div class="progress">\n<div class="progress-bar" style="width:0%">\n                                                    0%\n                                                </div>\n</div>\n                                            Estimated time remaining: <span class="task-eta">?</span>\n<br/>\n<br/>\n</div>\n<div class="task-statuses">\n<ul>\n<li>\n<span class="text-warning">Initialized</span>\n        at 05:22:29 PM\n            <small>(0 seconds)</small>\n</li>\n<li>\n<span class="text-info">Running</span>\n        at 05:22:29 PM\n            <small>(3 seconds)</small>\n</li>\n<li>\n<span class="text-danger">Error</span>\n        at 05:22:32 PM\n            <br>\n<small>(Total - 3 seconds)</small>\n</br></li>\n</ul>\n<h4 class="text-danger">ERROR: error code 1</h4>\n<pre>\nWARNING: log_file config option not found - no log file is being saved\n2017-05-09 17:22:32 [ERROR] InferenceError: Unable to find snapshot for epoch=-1.0\nTraceback (most recent call last):\nFile "/home/ethan/digits_GAN/digits/tools/inference.py", line 293, in &lt;module&gt;\nargs['resize']\nFile "/home/ethan/digits_GAN/digits/tools/inference.py", line 79, in infer\nraise InferenceError("Unable to find snapshot for epoch=%s" % repr(epoch))\ndigits.inference.errors.InferenceError: 'Unable to find snapshot for epoch=-1.0'\n        </pre>\n</div>\n</div>\n</div>\n</div>\n</div>\n</div>\n</div>\n</div>\n</div>\n<div class="gpu-utilization-info" style="display:none;"></div>\n<!-- Related jobs -->\n<div class="panel panel-default" id="notes-information">\n<div class="panel-heading">\n<h4>Notes</h4>\n</div>\n<div class="panel-body">\n<div class="col-sm-12" id="show-job-notes">\n<p style="display:inline;">None</p>\n</div>\n<div class="col-sm-12" id="edit-job-notes" style="display:none;">\n<script type="text/javascript">\n                        function updateJobNotes() {\n                        var newNotes = $("textarea[name=job-notes]").val();\n                        $.ajax("/jobs/20170509-172229-a3b9",\n                                {\n                                    type: "PUT",\n                                    data: {"job_notes": newNotes}\n                                    }\n                              )\n                        .done(function() {\n                                $("#show-job-notes p").html(newNotes);\n                                $('#edit-job-notes').hide(); $('#show-job-notes').show();\n                                })\n                        .fail(function(data) { errorAlert(data); });\n                        return false;\n                    }\n                    </script>\n<textarea class="form-control" name="job-notes" placeholder="Enter notes" rows="5"></textarea>\n<a class="btn btn-primary" href="#" onclick="return updateJobNotes();">Update</a>\n<a class="btn btn-info" href="#" onclick="$('#edit-job-notes').hide(); $('#show-job-notes').show(); return false;">Cancel</a>\n</div>\n</div>\n</div>\n</div>\n</div>\n<div class="row">\n</div>\n</div>\n<script>\n$SCRIPT_ROOT = "";\n\n$(".explanation-tooltip").tooltip();\n\nwindow.onload = function () {\n    $('.autocomplete_path').autocomplete({\n       serviceUrl: '/autocomplete/path',\n       formatResult: function (suggestion, currentValue)\n       {\n            function baseName(str)\n            {\n               var base = new String(str).substring(str.lastIndexOf('/') + 1);\n               return base;\n            }\n            return baseName(suggestion.value);\n        },\n        minChars: 0\n    });\n    $(".autocomplete_path").removeAttr("autocomplete");\n};\n\n</script>\n<style>\n .about-menu {\n     width: 240px !important;\n }\n .brightness {\n     display: inline-block;\n }\n .brightness img:hover {\n     opacity: .75;\n }\n</style>\n</body>]
-------------------- >> begin captured logging << --------------------
digits: INFO: Job deleted.
socketio: INFO: emitting event "job update" to job_management [/jobs]
digits: INFO: Job deleted.
socketio: INFO: emitting event "job update" to job_management [/jobs]
socketio: INFO: emitting event "job update" to job_management [/jobs]
socketio: INFO: emitting event "job update" to 20170509-172156-e8ec [/jobs]
socketio: INFO: emitting event "job update" to job_management [/jobs]
socketio: INFO: emitting event "server update" to job_management [/jobs]
digits.webapp: INFO: Parse Folder (train/val) task started.
socketio: INFO: emitting event "task update" to 20170509-172156-e8ec [/jobs]
socketio: INFO: emitting event "job update" to 20170509-172156-e8ec [/jobs]
socketio: INFO: emitting event "job update" to job_management [/jobs]
digits.webapp: INFO: Task subprocess args: "/usr/bin/python2 /home/ethan/digits_GAN/digits/tools/parse_folder.py /tmp/tmpetNXwe /tmp/tmpX3R8Ve/20170509-172156-e8ec/labels.txt --min=2 --train_file=/tmp/tmpX3R8Ve/20170509-172156-e8ec/train.txt --val_file=/tmp/tmpX3R8Ve/20170509-172156-e8ec/val.txt --percent_val=25.0"
socketio: INFO: emitting event "task update" to 20170509-172114-d063 [/jobs]
socketio: INFO: emitting event "task update" to 20170509-172147-4505 [/jobs]
socketio: INFO: emitting event "task update" to 20170509-172114-d063 [/jobs]
socketio: INFO: emitting event "task update" to 20170509-172147-4505 [/jobs]
digits.webapp: WARNING: Parse Folder (train/val) unrecognized output: WARNING: log_file config option not found - no log file is being saved
socketio: INFO: emitting event "task update" to 20170509-172156-e8ec [/jobs]
socketio: INFO: emitting event "job update" to job_management [/jobs]
socketio: INFO: emitting event "task update" to 20170509-172156-e8ec [/jobs]
socketio: INFO: emitting event "job update" to job_management [/jobs]
socketio: INFO: emitting event "task update" to 20170509-172156-e8ec [/jobs]
socketio: INFO: emitting event "job update" to job_management [/jobs]
digits.webapp: INFO: Parse Folder (train/val) task completed.
socketio: INFO: emitting event "task update" to 20170509-172156-e8ec [/jobs]
socketio: INFO: emitting event "job update" to job_management [/jobs]
socketio: INFO: emitting event "task update" to 20170509-172156-e8ec [/jobs]
socketio: INFO: emitting event "job update" to 20170509-172156-e8ec [/jobs]
socketio: INFO: emitting event "job update" to job_management [/jobs]
socketio: INFO: emitting event "server update" to job_management [/jobs]
socketio: INFO: emitting event "server update" to job_management [/jobs]
socketio: INFO: emitting event "server update" to job_management [/jobs]
digits.webapp: INFO: Create DB (train) task started.
socketio: INFO: emitting event "task update" to 20170509-172156-e8ec [/jobs]
socketio: INFO: emitting event "job update" to 20170509-172156-e8ec [/jobs]
socketio: INFO: emitting event "job update" to job_management [/jobs]
digits.webapp: INFO: Task subprocess args: "/usr/bin/python2 /home/ethan/digits_GAN/digits/tools/create_db.py /tmp/tmpX3R8Ve/20170509-172156-e8ec/train.txt /tmp/tmpX3R8Ve/20170509-172156-e8ec/train_db 10 10 --backend=hdf5 --channels=3 --resize_mode=squash --mean_file=/tmp/tmpX3R8Ve/20170509-172156-e8ec/mean.binaryproto --mean_file=/tmp/tmpX3R8Ve/20170509-172156-e8ec/mean.jpg --shuffle --hdf5_dset_limit=2147483648"
digits.webapp: INFO: Create DB (val) task started.
socketio: INFO: emitting event "task update" to 20170509-172156-e8ec [/jobs]
socketio: INFO: emitting event "job update" to 20170509-172156-e8ec [/jobs]
socketio: INFO: emitting event "job update" to job_management [/jobs]
digits.webapp: INFO: Task subprocess args: "/usr/bin/python2 /home/ethan/digits_GAN/digits/tools/create_db.py /tmp/tmpX3R8Ve/20170509-172156-e8ec/val.txt /tmp/tmpX3R8Ve/20170509-172156-e8ec/val_db 10 10 --backend=hdf5 --channels=3 --resize_mode=squash --shuffle --hdf5_dset_limit=2147483648"
socketio: INFO: emitting event "task update" to 20170509-172114-d063 [/jobs]
socketio: INFO: emitting event "task update" to 20170509-172147-4505 [/jobs]
socketio: INFO: emitting event "task update" to 20170509-172114-d063 [/jobs]
socketio: INFO: emitting event "task update" to 20170509-172147-4505 [/jobs]
socketio: INFO: emitting event "task update" to 20170509-172114-d063 [/jobs]
socketio: INFO: emitting event "task update" to 20170509-172147-4505 [/jobs]
digits.webapp: WARNING: Create DB (train) unrecognized output: WARNING: log_file config option not found - no log file is being saved
socketio: INFO: emitting event "task update" to 20170509-172156-e8ec [/jobs]
digits.webapp: DEBUG: 24 images written to database
digits.webapp: WARNING: Create DB (val) unrecognized output: WARNING: log_file config option not found - no log file is being saved
socketio: INFO: emitting event "task update" to 20170509-172156-e8ec [/jobs]
socketio: INFO: emitting event "task update" to 20170509-172156-e8ec [/jobs]
digits.webapp: INFO: Create DB (train) task completed.
socketio: INFO: emitting event "task update" to 20170509-172156-e8ec [/jobs]
socketio: INFO: emitting event "job update" to job_management [/jobs]
socketio: INFO: emitting event "task update" to 20170509-172156-e8ec [/jobs]
socketio: INFO: emitting event "job update" to 20170509-172156-e8ec [/jobs]
socketio: INFO: emitting event "job update" to job_management [/jobs]
socketio: INFO: emitting event "server update" to job_management [/jobs]
digits.webapp: DEBUG: 6 images written to database
socketio: INFO: emitting event "task update" to 20170509-172114-d063 [/jobs]
digits.webapp: INFO: Create DB (val) task completed.
socketio: INFO: emitting event "task update" to 20170509-172156-e8ec [/jobs]
socketio: INFO: emitting event "job update" to job_management [/jobs]
socketio: INFO: emitting event "task update" to 20170509-172156-e8ec [/jobs]
socketio: INFO: emitting event "job update" to 20170509-172156-e8ec [/jobs]
socketio: INFO: emitting event "job update" to job_management [/jobs]
socketio: INFO: emitting event "server update" to job_management [/jobs]
socketio: INFO: emitting event "job update" to job_management [/jobs]
socketio: INFO: emitting event "job update" to 20170509-172156-e8ec [/jobs]
socketio: INFO: emitting event "job update" to job_management [/jobs]
digits: INFO: Job complete.
socketio: INFO: emitting event "job update" to job_management [/jobs]
socketio: INFO: emitting event "job update" to 20170509-172202-9230 [/jobs]
socketio: INFO: emitting event "job update" to job_management [/jobs]
socketio: INFO: emitting event "server update" to job_management [/jobs]
digits.webapp: INFO: Train Tensorflow Model task started.
socketio: INFO: emitting event "task update" to 20170509-172202-9230 [/jobs]
socketio: INFO: emitting event "job update" to 20170509-172202-9230 [/jobs]
socketio: INFO: emitting event "job update" to job_management [/jobs]
digits.webapp: INFO: Task subprocess args: "python2 /home/ethan/digits_GAN/digits/tools/tensorflow/main.py --network=network.py --epoch=1 --networkDirectory=/tmp/tmpX3R8Ve/20170509-172202-9230 --save=/tmp/tmpX3R8Ve/20170509-172202-9230 --snapshotPrefix=snapshot --snapshotInterval=1 --lr_base_rate=0.01 --lr_policy=step --batch_size=10 --mean=/tmp/tmpX3R8Ve/20170509-172156-e8ec/mean.binaryproto --labels_list=/tmp/tmpX3R8Ve/20170509-172156-e8ec/labels.txt --train_db=/tmp/tmpX3R8Ve/20170509-172156-e8ec/train_db --validation_db=/tmp/tmpX3R8Ve/20170509-172156-e8ec/val_db --lr_gamma=0.1 --lr_stepvalues=33 --subtractMean=image --seed=3405691582 --optimization=sgd --validation_interval=1 --log_runtime_stats_per_step=0 --augFlip=none --augHSVh=0 --augHSVs=0 --augHSVv=0"
socketio: INFO: emitting event "task update" to 20170509-172202-9230 [/jobs]
socketio: INFO: emitting event "task update" to 20170509-172147-4505 [/jobs]
socketio: INFO: emitting event "task update" to 20170509-172114-d063 [/jobs]
socketio: INFO: emitting event "task update" to 20170509-172147-4505 [/jobs]
digits.webapp: WARNING: Train Tensorflow Model unrecognized output: 2017-05-09 17:22:03.446355: W tensorflow/core/platform/cpu_feature_guard.cc:45] The TensorFlow library wasn't compiled to use SSE4.1 instructions, but these are available on your machine and could speed up CPU computations.
digits.webapp: WARNING: Train Tensorflow Model unrecognized output: 2017-05-09 17:22:03.446366: W tensorflow/core/platform/cpu_feature_guard.cc:45] The TensorFlow library wasn't compiled to use SSE4.2 instructions, but these are available on your machine and could speed up CPU computations.
digits.webapp: WARNING: Train Tensorflow Model unrecognized output: 2017-05-09 17:22:03.446370: W tensorflow/core/platform/cpu_feature_guard.cc:45] The TensorFlow library wasn't compiled to use AVX instructions, but these are available on your machine and could speed up CPU computations.
digits.webapp: WARNING: Train Tensorflow Model unrecognized output: 2017-05-09 17:22:03.569344: I tensorflow/stream_executor/cuda/cuda_gpu_executor.cc:901] successful NUMA node read from SysFS had negative value (-1), but there must be at least one NUMA node, so returning NUMA node zero
digits.webapp: WARNING: Train Tensorflow Model unrecognized output: 2017-05-09 17:22:03.569761: I tensorflow/core/common_runtime/gpu/gpu_device.cc:887] Found device 0 with properties:
digits.webapp: WARNING: Train Tensorflow Model unrecognized output: name: GeForce GTX TITAN X
digits.webapp: WARNING: Train Tensorflow Model unrecognized output: major: 5 minor: 2 memoryClockRate (GHz) 1.076
digits.webapp: WARNING: Train Tensorflow Model unrecognized output: pciBusID 0000:01:00.0
digits.webapp: WARNING: Train Tensorflow Model unrecognized output: Total memory: 11.92GiB
digits.webapp: WARNING: Train Tensorflow Model unrecognized output: Free memory: 10.24GiB
digits.webapp: WARNING: Train Tensorflow Model unrecognized output: 2017-05-09 17:22:03.569774: I tensorflow/core/common_runtime/gpu/gpu_device.cc:908] DMA: 0
digits.webapp: WARNING: Train Tensorflow Model unrecognized output: 2017-05-09 17:22:03.569779: I tensorflow/core/common_runtime/gpu/gpu_device.cc:918] 0:   Y
digits.webapp: WARNING: Train Tensorflow Model unrecognized output: 2017-05-09 17:22:03.569790: I tensorflow/core/common_runtime/gpu/gpu_device.cc:977] Creating TensorFlow device (/gpu:0) -> (device: 0, name: GeForce GTX TITAN X, pci bus id: 0000:01:00.0)
digits.webapp: WARNING: Train Tensorflow Model unrecognized output: 2017-05-09 17:22:03.671150: I tensorflow/core/common_runtime/gpu/gpu_device.cc:977] Creating TensorFlow device (/gpu:0) -> (device: 0, name: GeForce GTX TITAN X, pci bus id: 0000:01:00.0)
digits.webapp: WARNING: Train Tensorflow Model unrecognized output: 2017-05-09 17:22:03.677496: I tensorflow/core/common_runtime/gpu/gpu_device.cc:977] Creating TensorFlow device (/gpu:0) -> (device: 0, name: GeForce GTX TITAN X, pci bus id: 0000:01:00.0)
socketio: INFO: emitting event "task update" to 20170509-172114-d063 [/jobs]
digits.webapp: WARNING: Train Tensorflow Model unrecognized output: INFO:tensorflow:Error reported to Coordinator: <class 'tensorflow.python.framework.errors_impl.InvalidArgumentError'>, Incompatible shapes: [10,3,10] vs. [10,10,3]
digits.webapp: WARNING: Train Tensorflow Model unrecognized output: [[Node: val/data/mean_subtraction/sub = Sub[T=DT_FLOAT, _device="/job:localhost/replica:0/task:0/cpu:0"](val/data/transpose, Const_Mean_Image)]]
digits.webapp: WARNING: Train Tensorflow Model unrecognized output: Caused by op u'val/data/mean_subtraction/sub', defined at:
digits.webapp: WARNING: Train Tensorflow Model unrecognized output: File "/home/ethan/digits_GAN/digits/tools/tensorflow/main.py", line 692, in <module>
digits.webapp: WARNING: Train Tensorflow Model unrecognized output: tf.app.run()
digits.webapp: WARNING: Train Tensorflow Model unrecognized output: File "/home/ethan/.local/lib/python2.7/site-packages/tensorflow/python/platform/app.py", line 48, in run
digits.webapp: WARNING: Train Tensorflow Model unrecognized output: _sys.exit(main(_sys.argv[:1] + flags_passthrough))
digits.webapp: WARNING: Train Tensorflow Model unrecognized output: File "/home/ethan/digits_GAN/digits/tools/tensorflow/main.py", line 502, in main
digits.webapp: WARNING: Train Tensorflow Model unrecognized output: val_model.create_model(UserModel, stage_scope)  # noqa
digits.webapp: WARNING: Train Tensorflow Model unrecognized output: File "/home/ethan/digits_GAN/digits/tools/tensorflow/model.py", line 106, in create_model
digits.webapp: WARNING: Train Tensorflow Model unrecognized output: self.init_dataloader()
digits.webapp: WARNING: Train Tensorflow Model unrecognized output: File "/home/ethan/digits_GAN/digits/tools/tensorflow/model.py", line 102, in init_dataloader
digits.webapp: WARNING: Train Tensorflow Model unrecognized output: self.dataloader.create_input_pipeline()
digits.webapp: WARNING: Train Tensorflow Model unrecognized output: File "/home/ethan/digits_GAN/digits/tools/tensorflow/tf_data.py", line 317, in create_input_pipeline
digits.webapp: WARNING: Train Tensorflow Model unrecognized output: single_data = self.mean_loader.subtract_mean_op(single_data)
digits.webapp: WARNING: Train Tensorflow Model unrecognized output: File "/home/ethan/digits_GAN/digits/tools/tensorflow/tf_data.py", line 150, in subtract_mean_op
digits.webapp: WARNING: Train Tensorflow Model unrecognized output: return (tf_graph - self.tf_mean_image)
digits.webapp: WARNING: Train Tensorflow Model unrecognized output: File "/home/ethan/.local/lib/python2.7/site-packages/tensorflow/python/ops/math_ops.py", line 821, in binary_op_wrapper
digits.webapp: WARNING: Train Tensorflow Model unrecognized output: return func(x, y, name=name)
digits.webapp: WARNING: Train Tensorflow Model unrecognized output: File "/home/ethan/.local/lib/python2.7/site-packages/tensorflow/python/ops/gen_math_ops.py", line 2627, in _sub
digits.webapp: WARNING: Train Tensorflow Model unrecognized output: result = _op_def_lib.apply_op("Sub", x=x, y=y, name=name)
digits.webapp: WARNING: Train Tensorflow Model unrecognized output: File "/home/ethan/.local/lib/python2.7/site-packages/tensorflow/python/framework/op_def_library.py", line 768, in apply_op
digits.webapp: WARNING: Train Tensorflow Model unrecognized output: op_def=op_def)
digits.webapp: WARNING: Train Tensorflow Model unrecognized output: File "/home/ethan/.local/lib/python2.7/site-packages/tensorflow/python/framework/ops.py", line 2336, in create_op
digits.webapp: WARNING: Train Tensorflow Model unrecognized output: original_op=self._default_original_op, op_def=op_def)
digits.webapp: WARNING: Train Tensorflow Model unrecognized output: File "/home/ethan/.local/lib/python2.7/site-packages/tensorflow/python/framework/ops.py", line 1228, in __init__
digits.webapp: WARNING: Train Tensorflow Model unrecognized output: self._traceback = _extract_stack()
digits.webapp: WARNING: Train Tensorflow Model unrecognized output: InvalidArgumentError (see above for traceback): Incompatible shapes: [10,3,10] vs. [10,10,3]
digits.webapp: WARNING: Train Tensorflow Model unrecognized output: [[Node: val/data/mean_subtraction/sub = Sub[T=DT_FLOAT, _device="/job:localhost/replica:0/task:0/cpu:0"](val/data/transpose, Const_Mean_Image)]]
digits.webapp: WARNING: Train Tensorflow Model unrecognized output: [[Node: val/data/mean_subtraction/sub = Sub[T=DT_FLOAT, _device="/job:localhost/replica:0/task:0/cpu:0"](val/data/transpose, Const_Mean_Image)]]
socketio: INFO: emitting event "task update" to 20170509-172202-9230 [/jobs]
digits.webapp: WARNING: Train Tensorflow Model unrecognized output: Caused by op u'val/data/mean_subtraction/sub', defined at:
digits.webapp: WARNING: Train Tensorflow Model unrecognized output: File "/home/ethan/digits_GAN/digits/tools/tensorflow/main.py", line 692, in <module>
digits.webapp: WARNING: Train Tensorflow Model unrecognized output: tf.app.run()
digits.webapp: WARNING: Train Tensorflow Model unrecognized output: File "/home/ethan/.local/lib/python2.7/site-packages/tensorflow/python/platform/app.py", line 48, in run
digits.webapp: WARNING: Train Tensorflow Model unrecognized output: _sys.exit(main(_sys.argv[:1] + flags_passthrough))
digits.webapp: WARNING: Train Tensorflow Model unrecognized output: File "/home/ethan/digits_GAN/digits/tools/tensorflow/main.py", line 502, in main
digits.webapp: WARNING: Train Tensorflow Model unrecognized output: val_model.create_model(UserModel, stage_scope)  # noqa
digits.webapp: WARNING: Train Tensorflow Model unrecognized output: File "/home/ethan/digits_GAN/digits/tools/tensorflow/model.py", line 106, in create_model
digits.webapp: WARNING: Train Tensorflow Model unrecognized output: self.init_dataloader()
digits.webapp: WARNING: Train Tensorflow Model unrecognized output: File "/home/ethan/digits_GAN/digits/tools/tensorflow/model.py", line 102, in init_dataloader
digits.webapp: WARNING: Train Tensorflow Model unrecognized output: self.dataloader.create_input_pipeline()
digits.webapp: WARNING: Train Tensorflow Model unrecognized output: File "/home/ethan/digits_GAN/digits/tools/tensorflow/tf_data.py", line 317, in create_input_pipeline
digits.webapp: WARNING: Train Tensorflow Model unrecognized output: single_data = self.mean_loader.subtract_mean_op(single_data)
digits.webapp: WARNING: Train Tensorflow Model unrecognized output: File "/home/ethan/digits_GAN/digits/tools/tensorflow/tf_data.py", line 150, in subtract_mean_op
digits.webapp: WARNING: Train Tensorflow Model unrecognized output: return (tf_graph - self.tf_mean_image)
digits.webapp: WARNING: Train Tensorflow Model unrecognized output: File "/home/ethan/.local/lib/python2.7/site-packages/tensorflow/python/ops/math_ops.py", line 821, in binary_op_wrapper
digits.webapp: WARNING: Train Tensorflow Model unrecognized output: return func(x, y, name=name)
digits.webapp: WARNING: Train Tensorflow Model unrecognized output: File "/home/ethan/.local/lib/python2.7/site-packages/tensorflow/python/ops/gen_math_ops.py", line 2627, in _sub
digits.webapp: WARNING: Train Tensorflow Model unrecognized output: result = _op_def_lib.apply_op("Sub", x=x, y=y, name=name)
digits.webapp: WARNING: Train Tensorflow Model unrecognized output: File "/home/ethan/.local/lib/python2.7/site-packages/tensorflow/python/framework/op_def_library.py", line 768, in apply_op
digits.webapp: WARNING: Train Tensorflow Model unrecognized output: op_def=op_def)
digits.webapp: WARNING: Train Tensorflow Model unrecognized output: File "/home/ethan/.local/lib/python2.7/site-packages/tensorflow/python/framework/ops.py", line 2336, in create_op
digits.webapp: WARNING: Train Tensorflow Model unrecognized output: original_op=self._default_original_op, op_def=op_def)
digits.webapp: WARNING: Train Tensorflow Model unrecognized output: File "/home/ethan/.local/lib/python2.7/site-packages/tensorflow/python/framework/ops.py", line 1228, in __init__
digits.webapp: WARNING: Train Tensorflow Model unrecognized output: self._traceback = _extract_stack()
digits.webapp: WARNING: Train Tensorflow Model unrecognized output: InvalidArgumentError (see above for traceback): Incompatible shapes: [10,3,10] vs. [10,10,3]
digits.webapp: WARNING: Train Tensorflow Model unrecognized output: [[Node: val/data/mean_subtraction/sub = Sub[T=DT_FLOAT, _device="/job:localhost/replica:0/task:0/cpu:0"](val/data/transpose, Const_Mean_Image)]]
digits.webapp: WARNING: Train Tensorflow Model unrecognized output: Traceback (most recent call last):
digits.webapp: WARNING: Train Tensorflow Model unrecognized output: File "/home/ethan/digits_GAN/digits/tools/tensorflow/main.py", line 692, in <module>
digits.webapp: WARNING: Train Tensorflow Model unrecognized output: tf.app.run()
digits.webapp: WARNING: Train Tensorflow Model unrecognized output: File "/home/ethan/.local/lib/python2.7/site-packages/tensorflow/python/platform/app.py", line 48, in run
digits.webapp: WARNING: Train Tensorflow Model unrecognized output: _sys.exit(main(_sys.argv[:1] + flags_passthrough))
digits.webapp: WARNING: Train Tensorflow Model unrecognized output: File "/home/ethan/digits_GAN/digits/tools/tensorflow/main.py", line 561, in main
digits.webapp: WARNING: Train Tensorflow Model unrecognized output: Validation(sess, val_model, 0)
digits.webapp: WARNING: Train Tensorflow Model unrecognized output: File "/home/ethan/digits_GAN/digits/tools/tensorflow/main.py", line 373, in Validation
digits.webapp: WARNING: Train Tensorflow Model unrecognized output: summary_str = sess.run(model.summary)
digits.webapp: WARNING: Train Tensorflow Model unrecognized output: File "/home/ethan/.local/lib/python2.7/site-packages/tensorflow/python/client/session.py", line 778, in run
digits.webapp: WARNING: Train Tensorflow Model unrecognized output: run_metadata_ptr)
digits.webapp: WARNING: Train Tensorflow Model unrecognized output: File "/home/ethan/.local/lib/python2.7/site-packages/tensorflow/python/client/session.py", line 982, in _run
digits.webapp: WARNING: Train Tensorflow Model unrecognized output: feed_dict_string, options, run_metadata)
digits.webapp: WARNING: Train Tensorflow Model unrecognized output: File "/home/ethan/.local/lib/python2.7/site-packages/tensorflow/python/client/session.py", line 1032, in _do_run
digits.webapp: WARNING: Train Tensorflow Model unrecognized output: target_list, options, run_metadata)
digits.webapp: WARNING: Train Tensorflow Model unrecognized output: File "/home/ethan/.local/lib/python2.7/site-packages/tensorflow/python/client/session.py", line 1052, in _do_call
digits.webapp: WARNING: Train Tensorflow Model unrecognized output: raise type(e)(node_def, op, message)
digits.webapp: WARNING: Train Tensorflow Model unrecognized output: tensorflow.python.framework.errors_impl.OutOfRangeError: PaddingFIFOQueue '_1_val/data/batcher/padding_fifo_queue' is closed and has insufficient elements (requested 10, current size 0)
digits.webapp: WARNING: Train Tensorflow Model unrecognized output: [[Node: val/data/batcher = QueueDequeueUpToV2[component_types=[DT_INT32, DT_FLOAT, DT_INT64], timeout_ms=-1, _device="/job:localhost/replica:0/task:0/cpu:0"](val/data/batcher/padding_fifo_queue, val/data/batcher/n)]]
digits.webapp: WARNING: Train Tensorflow Model unrecognized output: [[Node: val/data/batcher/_7 = _Recv[client_terminated=false, recv_device="/job:localhost/replica:0/task:0/gpu:0", send_device="/job:localhost/replica:0/task:0/cpu:0", send_device_incarnation=1, tensor_name="edge_25_val/data/batcher", tensor_type=DT_INT64, _device="/job:localhost/replica:0/task:0/gpu:0"]()]]
socketio: INFO: emitting event "task update" to 20170509-172147-4505 [/jobs]
digits.webapp: WARNING: Train Tensorflow Model unrecognized output: Caused by op u'val/data/batcher', defined at:
digits.webapp: WARNING: Train Tensorflow Model unrecognized output: File "/home/ethan/digits_GAN/digits/tools/tensorflow/main.py", line 692, in <module>
digits.webapp: WARNING: Train Tensorflow Model unrecognized output: tf.app.run()
digits.webapp: WARNING: Train Tensorflow Model unrecognized output: File "/home/ethan/.local/lib/python2.7/site-packages/tensorflow/python/platform/app.py", line 48, in run
digits.webapp: WARNING: Train Tensorflow Model unrecognized output: _sys.exit(main(_sys.argv[:1] + flags_passthrough))
digits.webapp: WARNING: Train Tensorflow Model unrecognized output: File "/home/ethan/digits_GAN/digits/tools/tensorflow/main.py", line 502, in main
digits.webapp: WARNING: Train Tensorflow Model unrecognized output: val_model.create_model(UserModel, stage_scope)  # noqa
digits.webapp: WARNING: Train Tensorflow Model unrecognized output: File "/home/ethan/digits_GAN/digits/tools/tensorflow/model.py", line 106, in create_model
digits.webapp: WARNING: Train Tensorflow Model unrecognized output: self.init_dataloader()
digits.webapp: WARNING: Train Tensorflow Model unrecognized output: File "/home/ethan/digits_GAN/digits/tools/tensorflow/model.py", line 102, in init_dataloader
digits.webapp: WARNING: Train Tensorflow Model unrecognized output: self.dataloader.create_input_pipeline()
digits.webapp: WARNING: Train Tensorflow Model unrecognized output: File "/home/ethan/digits_GAN/digits/tools/tensorflow/tf_data.py", line 407, in create_input_pipeline
digits.webapp: WARNING: Train Tensorflow Model unrecognized output: name='batcher',
digits.webapp: WARNING: Train Tensorflow Model unrecognized output: File "/home/ethan/.local/lib/python2.7/site-packages/tensorflow/python/training/input.py", line 917, in batch
digits.webapp: WARNING: Train Tensorflow Model unrecognized output: name=name)
digits.webapp: WARNING: Train Tensorflow Model unrecognized output: File "/home/ethan/.local/lib/python2.7/site-packages/tensorflow/python/training/input.py", line 710, in _batch
digits.webapp: WARNING: Train Tensorflow Model unrecognized output: dequeued = queue.dequeue_up_to(batch_size, name=name)
digits.webapp: WARNING: Train Tensorflow Model unrecognized output: File "/home/ethan/.local/lib/python2.7/site-packages/tensorflow/python/ops/data_flow_ops.py", line 499, in dequeue_up_to
digits.webapp: WARNING: Train Tensorflow Model unrecognized output: self._queue_ref, n=n, component_types=self._dtypes, name=name)
digits.webapp: WARNING: Train Tensorflow Model unrecognized output: File "/home/ethan/.local/lib/python2.7/site-packages/tensorflow/python/ops/gen_data_flow_ops.py", line 1420, in _queue_dequeue_up_to_v2
digits.webapp: WARNING: Train Tensorflow Model unrecognized output: timeout_ms=timeout_ms, name=name)
digits.webapp: WARNING: Train Tensorflow Model unrecognized output: File "/home/ethan/.local/lib/python2.7/site-packages/tensorflow/python/framework/op_def_library.py", line 768, in apply_op
digits.webapp: WARNING: Train Tensorflow Model unrecognized output: op_def=op_def)
digits.webapp: WARNING: Train Tensorflow Model unrecognized output: File "/home/ethan/.local/lib/python2.7/site-packages/tensorflow/python/framework/ops.py", line 2336, in create_op
digits.webapp: WARNING: Train Tensorflow Model unrecognized output: original_op=self._default_original_op, op_def=op_def)
digits.webapp: WARNING: Train Tensorflow Model unrecognized output: File "/home/ethan/.local/lib/python2.7/site-packages/tensorflow/python/framework/ops.py", line 1228, in __init__
digits.webapp: WARNING: Train Tensorflow Model unrecognized output: self._traceback = _extract_stack()
digits.webapp: WARNING: Train Tensorflow Model unrecognized output: OutOfRangeError (see above for traceback): PaddingFIFOQueue '_1_val/data/batcher/padding_fifo_queue' is closed and has insufficient elements (requested 10, current size 0)
digits.webapp: WARNING: Train Tensorflow Model unrecognized output: [[Node: val/data/batcher = QueueDequeueUpToV2[component_types=[DT_INT32, DT_FLOAT, DT_INT64], timeout_ms=-1, _device="/job:localhost/replica:0/task:0/cpu:0"](val/data/batcher/padding_fifo_queue, val/data/batcher/n)]]
digits.webapp: WARNING: Train Tensorflow Model unrecognized output: [[Node: val/data/batcher/_7 = _Recv[client_terminated=false, recv_device="/job:localhost/replica:0/task:0/gpu:0", send_device="/job:localhost/replica:0/task:0/cpu:0", send_device_incarnation=1, tensor_name="edge_25_val/data/batcher", tensor_type=DT_INT64, _device="/job:localhost/replica:0/task:0/gpu:0"]()]]
digits.webapp: WARNING: Train Tensorflow Model unrecognized output: Exception tensorflow.python.framework.errors_impl.InvalidArgumentError: InvalidArgumentError() in <bound method Model.__del__ of <model.Model object at 0x7f5f95a36b10>> ignored
digits.webapp: ERROR: Train Tensorflow Model task failed with error code 1
socketio: INFO: emitting event "task update" to 20170509-172202-9230 [/jobs]
socketio: INFO: emitting event "job update" to 20170509-172202-9230 [/jobs]
socketio: INFO: emitting event "job update" to job_management [/jobs]
socketio: INFO: emitting event "server update" to job_management [/jobs]
socketio: INFO: emitting event "job update" to 20170509-172202-9230 [/jobs]
socketio: INFO: emitting event "job update" to job_management [/jobs]
socketio: INFO: emitting event "job update" to job_management [/jobs]
socketio: INFO: emitting event "job update" to 20170509-172204-9e30 [/jobs]
socketio: INFO: emitting event "job update" to job_management [/jobs]
socketio: INFO: emitting event "server update" to job_management [/jobs]
digits.webapp: INFO: Parse Folder (train/val) task started.
socketio: INFO: emitting event "task update" to 20170509-172204-9e30 [/jobs]
socketio: INFO: emitting event "job update" to 20170509-172204-9e30 [/jobs]
socketio: INFO: emitting event "job update" to job_management [/jobs]
digits.webapp: INFO: Task subprocess args: "/usr/bin/python2 /home/ethan/digits_GAN/digits/tools/parse_folder.py /tmp/tmpFny52q /tmp/tmpX3R8Ve/20170509-172204-9e30/labels.txt --min=2 --train_file=/tmp/tmpX3R8Ve/20170509-172204-9e30/train.txt --val_file=/tmp/tmpX3R8Ve/20170509-172204-9e30/val.txt --percent_val=25.0"
socketio: INFO: emitting event "task update" to 20170509-172114-d063 [/jobs]
socketio: INFO: emitting event "task update" to 20170509-172202-9230 [/jobs]
socketio: INFO: emitting event "task update" to 20170509-172147-4505 [/jobs]
socketio: INFO: emitting event "task update" to 20170509-172114-d063 [/jobs]
socketio: INFO: emitting event "task update" to 20170509-172202-9230 [/jobs]
socketio: INFO: emitting event "task update" to 20170509-172147-4505 [/jobs]
digits.webapp: WARNING: Parse Folder (train/val) unrecognized output: WARNING: log_file config option not found - no log file is being saved
socketio: INFO: emitting event "task update" to 20170509-172204-9e30 [/jobs]
socketio: INFO: emitting event "job update" to job_management [/jobs]
socketio: INFO: emitting event "task update" to 20170509-172204-9e30 [/jobs]
socketio: INFO: emitting event "job update" to job_management [/jobs]
socketio: INFO: emitting event "task update" to 20170509-172204-9e30 [/jobs]
socketio: INFO: emitting event "job update" to job_management [/jobs]
digits.webapp: INFO: Parse Folder (train/val) task completed.
socketio: INFO: emitting event "task update" to 20170509-172204-9e30 [/jobs]
socketio: INFO: emitting event "job update" to job_management [/jobs]
socketio: INFO: emitting event "task update" to 20170509-172204-9e30 [/jobs]
socketio: INFO: emitting event "job update" to 20170509-172204-9e30 [/jobs]
socketio: INFO: emitting event "job update" to job_management [/jobs]
socketio: INFO: emitting event "server update" to job_management [/jobs]
socketio: INFO: emitting event "task update" to 20170509-172114-d063 [/jobs]
socketio: INFO: emitting event "server update" to job_management [/jobs]
socketio: INFO: emitting event "server update" to job_management [/jobs]
digits.webapp: INFO: Create DB (train) task started.
socketio: INFO: emitting event "task update" to 20170509-172204-9e30 [/jobs]
socketio: INFO: emitting event "job update" to 20170509-172204-9e30 [/jobs]
socketio: INFO: emitting event "job update" to job_management [/jobs]
digits.webapp: INFO: Task subprocess args: "/usr/bin/python2 /home/ethan/digits_GAN/digits/tools/create_db.py /tmp/tmpX3R8Ve/20170509-172204-9e30/train.txt /tmp/tmpX3R8Ve/20170509-172204-9e30/train_db 10 20 --backend=hdf5 --channels=3 --resize_mode=squash --mean_file=/tmp/tmpX3R8Ve/20170509-172204-9e30/mean.binaryproto --mean_file=/tmp/tmpX3R8Ve/20170509-172204-9e30/mean.jpg --shuffle --hdf5_dset_limit=2147483648"
digits.webapp: INFO: Create DB (val) task started.
socketio: INFO: emitting event "task update" to 20170509-172204-9e30 [/jobs]
socketio: INFO: emitting event "job update" to 20170509-172204-9e30 [/jobs]
socketio: INFO: emitting event "job update" to job_management [/jobs]
digits.webapp: INFO: Task subprocess args: "/usr/bin/python2 /home/ethan/digits_GAN/digits/tools/create_db.py /tmp/tmpX3R8Ve/20170509-172204-9e30/val.txt /tmp/tmpX3R8Ve/20170509-172204-9e30/val_db 10 20 --backend=hdf5 --channels=3 --resize_mode=squash --shuffle --hdf5_dset_limit=2147483648"
socketio: INFO: emitting event "task update" to 20170509-172202-9230 [/jobs]
socketio: INFO: emitting event "task update" to 20170509-172147-4505 [/jobs]
socketio: INFO: emitting event "task update" to 20170509-172114-d063 [/jobs]
socketio: INFO: emitting event "task update" to 20170509-172202-9230 [/jobs]
socketio: INFO: emitting event "task update" to 20170509-172147-4505 [/jobs]
socketio: INFO: emitting event "task update" to 20170509-172114-d063 [/jobs]
socketio: INFO: emitting event "task update" to 20170509-172202-9230 [/jobs]
socketio: INFO: emitting event "task update" to 20170509-172147-4505 [/jobs]
digits.webapp: WARNING: Create DB (train) unrecognized output: WARNING: log_file config option not found - no log file is being saved
socketio: INFO: emitting event "task update" to 20170509-172204-9e30 [/jobs]
digits.webapp: WARNING: Create DB (val) unrecognized output: WARNING: log_file config option not found - no log file is being saved
socketio: INFO: emitting event "task update" to 20170509-172204-9e30 [/jobs]
socketio: INFO: emitting event "task update" to 20170509-172114-d063 [/jobs]
digits.webapp: DEBUG: 24 images written to database
digits.webapp: DEBUG: 6 images written to database
socketio: INFO: emitting event "task update" to 20170509-172204-9e30 [/jobs]
digits.webapp: INFO: Create DB (train) task completed.
socketio: INFO: emitting event "task update" to 20170509-172204-9e30 [/jobs]
socketio: INFO: emitting event "job update" to job_management [/jobs]
socketio: INFO: emitting event "task update" to 20170509-172204-9e30 [/jobs]
socketio: INFO: emitting event "job update" to 20170509-172204-9e30 [/jobs]
socketio: INFO: emitting event "job update" to job_management [/jobs]
socketio: INFO: emitting event "server update" to job_management [/jobs]
digits.webapp: INFO: Create DB (val) task completed.
socketio: INFO: emitting event "task update" to 20170509-172204-9e30 [/jobs]
socketio: INFO: emitting event "job update" to job_management [/jobs]
socketio: INFO: emitting event "task update" to 20170509-172204-9e30 [/jobs]
socketio: INFO: emitting event "job update" to 20170509-172204-9e30 [/jobs]
socketio: INFO: emitting event "job update" to job_management [/jobs]
socketio: INFO: emitting event "server update" to job_management [/jobs]
socketio: INFO: emitting event "job update" to job_management [/jobs]
socketio: INFO: emitting event "job update" to 20170509-172204-9e30 [/jobs]
socketio: INFO: emitting event "job update" to job_management [/jobs]
digits: INFO: Job complete.
socketio: INFO: emitting event "task update" to 20170509-172202-9230 [/jobs]
socketio: INFO: emitting event "job update" to job_management [/jobs]
socketio: INFO: emitting event "job update" to 20170509-172210-1907 [/jobs]
socketio: INFO: emitting event "job update" to job_management [/jobs]
socketio: INFO: emitting event "server update" to job_management [/jobs]
digits.webapp: INFO: Train Tensorflow Model task started.
socketio: INFO: emitting event "task update" to 20170509-172210-1907 [/jobs]
socketio: INFO: emitting event "job update" to 20170509-172210-1907 [/jobs]
socketio: INFO: emitting event "job update" to job_management [/jobs]
digits.webapp: INFO: Task subprocess args: "python2 /home/ethan/digits_GAN/digits/tools/tensorflow/main.py --network=network.py --epoch=1 --networkDirectory=/tmp/tmpX3R8Ve/20170509-172210-1907 --save=/tmp/tmpX3R8Ve/20170509-172210-1907 --snapshotPrefix=snapshot --snapshotInterval=1 --lr_base_rate=0.01 --lr_policy=step --batch_size=10 --mean=/tmp/tmpX3R8Ve/20170509-172204-9e30/mean.binaryproto --labels_list=/tmp/tmpX3R8Ve/20170509-172204-9e30/labels.txt --train_db=/tmp/tmpX3R8Ve/20170509-172204-9e30/train_db --validation_db=/tmp/tmpX3R8Ve/20170509-172204-9e30/val_db --lr_gamma=0.1 --lr_stepvalues=33 --shuffle=1 --subtractMean=image --seed=3405691582 --optimization=sgd --validation_interval=1 --log_runtime_stats_per_step=0 --augFlip=none --augHSVh=0 --augHSVs=0 --augHSVv=0"
socketio: INFO: emitting event "task update" to 20170509-172210-1907 [/jobs]
socketio: INFO: emitting event "task update" to 20170509-172147-4505 [/jobs]
socketio: INFO: emitting event "task update" to 20170509-172114-d063 [/jobs]
socketio: INFO: emitting event "task update" to 20170509-172202-9230 [/jobs]
socketio: INFO: emitting event "task update" to 20170509-172147-4505 [/jobs]
digits.webapp: WARNING: Train Tensorflow Model unrecognized output: 2017-05-09 17:22:11.641512: W tensorflow/core/platform/cpu_feature_guard.cc:45] The TensorFlow library wasn't compiled to use SSE4.1 instructions, but these are available on your machine and could speed up CPU computations.
digits.webapp: WARNING: Train Tensorflow Model unrecognized output: 2017-05-09 17:22:11.641523: W tensorflow/core/platform/cpu_feature_guard.cc:45] The TensorFlow library wasn't compiled to use SSE4.2 instructions, but these are available on your machine and could speed up CPU computations.
digits.webapp: WARNING: Train Tensorflow Model unrecognized output: 2017-05-09 17:22:11.641528: W tensorflow/core/platform/cpu_feature_guard.cc:45] The TensorFlow library wasn't compiled to use AVX instructions, but these are available on your machine and could speed up CPU computations.
socketio: INFO: emitting event "task update" to 20170509-172114-d063 [/jobs]
digits.webapp: WARNING: Train Tensorflow Model unrecognized output: 2017-05-09 17:22:11.748837: I tensorflow/stream_executor/cuda/cuda_gpu_executor.cc:901] successful NUMA node read from SysFS had negative value (-1), but there must be at least one NUMA node, so returning NUMA node zero
digits.webapp: WARNING: Train Tensorflow Model unrecognized output: 2017-05-09 17:22:11.749251: I tensorflow/core/common_runtime/gpu/gpu_device.cc:887] Found device 0 with properties:
digits.webapp: WARNING: Train Tensorflow Model unrecognized output: name: GeForce GTX TITAN X
digits.webapp: WARNING: Train Tensorflow Model unrecognized output: major: 5 minor: 2 memoryClockRate (GHz) 1.076
digits.webapp: WARNING: Train Tensorflow Model unrecognized output: pciBusID 0000:01:00.0
digits.webapp: WARNING: Train Tensorflow Model unrecognized output: Total memory: 11.92GiB
digits.webapp: WARNING: Train Tensorflow Model unrecognized output: Free memory: 10.24GiB
digits.webapp: WARNING: Train Tensorflow Model unrecognized output: 2017-05-09 17:22:11.749264: I tensorflow/core/common_runtime/gpu/gpu_device.cc:908] DMA: 0
digits.webapp: WARNING: Train Tensorflow Model unrecognized output: 2017-05-09 17:22:11.749269: I tensorflow/core/common_runtime/gpu/gpu_device.cc:918] 0:   Y
digits.webapp: WARNING: Train Tensorflow Model unrecognized output: 2017-05-09 17:22:11.749281: I tensorflow/core/common_runtime/gpu/gpu_device.cc:977] Creating TensorFlow device (/gpu:0) -> (device: 0, name: GeForce GTX TITAN X, pci bus id: 0000:01:00.0)
digits.webapp: WARNING: Train Tensorflow Model unrecognized output: 2017-05-09 17:22:11.851013: I tensorflow/core/common_runtime/gpu/gpu_device.cc:977] Creating TensorFlow device (/gpu:0) -> (device: 0, name: GeForce GTX TITAN X, pci bus id: 0000:01:00.0)
digits.webapp: WARNING: Train Tensorflow Model unrecognized output: 2017-05-09 17:22:11.857443: I tensorflow/core/common_runtime/gpu/gpu_device.cc:977] Creating TensorFlow device (/gpu:0) -> (device: 0, name: GeForce GTX TITAN X, pci bus id: 0000:01:00.0)
digits.webapp: WARNING: Train Tensorflow Model unrecognized output: INFO:tensorflow:Error reported to Coordinator: <class 'tensorflow.python.framework.errors_impl.InvalidArgumentError'>, Incompatible shapes: [10,3,20] vs. [20,10,3]
digits.webapp: WARNING: Train Tensorflow Model unrecognized output: [[Node: val/data/mean_subtraction/sub = Sub[T=DT_FLOAT, _device="/job:localhost/replica:0/task:0/cpu:0"](val/data/transpose, Const_Mean_Image)]]
socketio: INFO: emitting event "task update" to 20170509-172202-9230 [/jobs]
digits.webapp: WARNING: Train Tensorflow Model unrecognized output: Caused by op u'val/data/mean_subtraction/sub', defined at:
digits.webapp: WARNING: Train Tensorflow Model unrecognized output: File "/home/ethan/digits_GAN/digits/tools/tensorflow/main.py", line 692, in <module>
digits.webapp: WARNING: Train Tensorflow Model unrecognized output: tf.app.run()
digits.webapp: WARNING: Train Tensorflow Model unrecognized output: File "/home/ethan/.local/lib/python2.7/site-packages/tensorflow/python/platform/app.py", line 48, in run
digits.webapp: WARNING: Train Tensorflow Model unrecognized output: _sys.exit(main(_sys.argv[:1] + flags_passthrough))
digits.webapp: WARNING: Train Tensorflow Model unrecognized output: File "/home/ethan/digits_GAN/digits/tools/tensorflow/main.py", line 502, in main
digits.webapp: WARNING: Train Tensorflow Model unrecognized output: val_model.create_model(UserModel, stage_scope)  # noqa
digits.webapp: WARNING: Train Tensorflow Model unrecognized output: File "/home/ethan/digits_GAN/digits/tools/tensorflow/model.py", line 106, in create_model
digits.webapp: WARNING: Train Tensorflow Model unrecognized output: self.init_dataloader()
digits.webapp: WARNING: Train Tensorflow Model unrecognized output: File "/home/ethan/digits_GAN/digits/tools/tensorflow/model.py", line 102, in init_dataloader
digits.webapp: WARNING: Train Tensorflow Model unrecognized output: self.dataloader.create_input_pipeline()
digits.webapp: WARNING: Train Tensorflow Model unrecognized output: File "/home/ethan/digits_GAN/digits/tools/tensorflow/tf_data.py", line 317, in create_input_pipeline
digits.webapp: WARNING: Train Tensorflow Model unrecognized output: single_data = self.mean_loader.subtract_mean_op(single_data)
digits.webapp: WARNING: Train Tensorflow Model unrecognized output: File "/home/ethan/digits_GAN/digits/tools/tensorflow/tf_data.py", line 150, in subtract_mean_op
digits.webapp: WARNING: Train Tensorflow Model unrecognized output: return (tf_graph - self.tf_mean_image)
digits.webapp: WARNING: Train Tensorflow Model unrecognized output: File "/home/ethan/.local/lib/python2.7/site-packages/tensorflow/python/ops/math_ops.py", line 821, in binary_op_wrapper
digits.webapp: WARNING: Train Tensorflow Model unrecognized output: return func(x, y, name=name)
digits.webapp: WARNING: Train Tensorflow Model unrecognized output: File "/home/ethan/.local/lib/python2.7/site-packages/tensorflow/python/ops/gen_math_ops.py", line 2627, in _sub
digits.webapp: WARNING: Train Tensorflow Model unrecognized output: result = _op_def_lib.apply_op("Sub", x=x, y=y, name=name)
digits.webapp: WARNING: Train Tensorflow Model unrecognized output: File "/home/ethan/.local/lib/python2.7/site-packages/tensorflow/python/framework/op_def_library.py", line 768, in apply_op
digits.webapp: WARNING: Train Tensorflow Model unrecognized output: op_def=op_def)
digits.webapp: WARNING: Train Tensorflow Model unrecognized output: File "/home/ethan/.local/lib/python2.7/site-packages/tensorflow/python/framework/ops.py", line 2336, in create_op
digits.webapp: WARNING: Train Tensorflow Model unrecognized output: original_op=self._default_original_op, op_def=op_def)
digits.webapp: WARNING: Train Tensorflow Model unrecognized output: File "/home/ethan/.local/lib/python2.7/site-packages/tensorflow/python/framework/ops.py", line 1228, in __init__
digits.webapp: WARNING: Train Tensorflow Model unrecognized output: self._traceback = _extract_stack()
digits.webapp: WARNING: Train Tensorflow Model unrecognized output: InvalidArgumentError (see above for traceback): Incompatible shapes: [10,3,20] vs. [20,10,3]
digits.webapp: WARNING: Train Tensorflow Model unrecognized output: [[Node: val/data/mean_subtraction/sub = Sub[T=DT_FLOAT, _device="/job:localhost/replica:0/task:0/cpu:0"](val/data/transpose, Const_Mean_Image)]]
digits.webapp: WARNING: Train Tensorflow Model unrecognized output: [[Node: val/data/mean_subtraction/sub = Sub[T=DT_FLOAT, _device="/job:localhost/replica:0/task:0/cpu:0"](val/data/transpose, Const_Mean_Image)]]
socketio: INFO: emitting event "task update" to 20170509-172210-1907 [/jobs]
socketio: INFO: emitting event "task update" to 20170509-172147-4505 [/jobs]
digits.webapp: WARNING: Train Tensorflow Model unrecognized output: Caused by op u'val/data/mean_subtraction/sub', defined at:
digits.webapp: WARNING: Train Tensorflow Model unrecognized output: File "/home/ethan/digits_GAN/digits/tools/tensorflow/main.py", line 692, in <module>
digits.webapp: WARNING: Train Tensorflow Model unrecognized output: tf.app.run()
digits.webapp: WARNING: Train Tensorflow Model unrecognized output: File "/home/ethan/.local/lib/python2.7/site-packages/tensorflow/python/platform/app.py", line 48, in run
digits.webapp: WARNING: Train Tensorflow Model unrecognized output: _sys.exit(main(_sys.argv[:1] + flags_passthrough))
digits.webapp: WARNING: Train Tensorflow Model unrecognized output: File "/home/ethan/digits_GAN/digits/tools/tensorflow/main.py", line 502, in main
digits.webapp: WARNING: Train Tensorflow Model unrecognized output: val_model.create_model(UserModel, stage_scope)  # noqa
digits.webapp: WARNING: Train Tensorflow Model unrecognized output: File "/home/ethan/digits_GAN/digits/tools/tensorflow/model.py", line 106, in create_model
digits.webapp: WARNING: Train Tensorflow Model unrecognized output: self.init_dataloader()
digits.webapp: WARNING: Train Tensorflow Model unrecognized output: File "/home/ethan/digits_GAN/digits/tools/tensorflow/model.py", line 102, in init_dataloader
digits.webapp: WARNING: Train Tensorflow Model unrecognized output: self.dataloader.create_input_pipeline()
digits.webapp: WARNING: Train Tensorflow Model unrecognized output: File "/home/ethan/digits_GAN/digits/tools/tensorflow/tf_data.py", line 317, in create_input_pipeline
digits.webapp: WARNING: Train Tensorflow Model unrecognized output: single_data = self.mean_loader.subtract_mean_op(single_data)
digits.webapp: WARNING: Train Tensorflow Model unrecognized output: File "/home/ethan/digits_GAN/digits/tools/tensorflow/tf_data.py", line 150, in subtract_mean_op
digits.webapp: WARNING: Train Tensorflow Model unrecognized output: return (tf_graph - self.tf_mean_image)
digits.webapp: WARNING: Train Tensorflow Model unrecognized output: File "/home/ethan/.local/lib/python2.7/site-packages/tensorflow/python/ops/math_ops.py", line 821, in binary_op_wrapper
digits.webapp: WARNING: Train Tensorflow Model unrecognized output: return func(x, y, name=name)
digits.webapp: WARNING: Train Tensorflow Model unrecognized output: File "/home/ethan/.local/lib/python2.7/site-packages/tensorflow/python/ops/gen_math_ops.py", line 2627, in _sub
digits.webapp: WARNING: Train Tensorflow Model unrecognized output: result = _op_def_lib.apply_op("Sub", x=x, y=y, name=name)
digits.webapp: WARNING: Train Tensorflow Model unrecognized output: File "/home/ethan/.local/lib/python2.7/site-packages/tensorflow/python/framework/op_def_library.py", line 768, in apply_op
digits.webapp: WARNING: Train Tensorflow Model unrecognized output: op_def=op_def)
digits.webapp: WARNING: Train Tensorflow Model unrecognized output: File "/home/ethan/.local/lib/python2.7/site-packages/tensorflow/python/framework/ops.py", line 2336, in create_op
digits.webapp: WARNING: Train Tensorflow Model unrecognized output: original_op=self._default_original_op, op_def=op_def)
digits.webapp: WARNING: Train Tensorflow Model unrecognized output: File "/home/ethan/.local/lib/python2.7/site-packages/tensorflow/python/framework/ops.py", line 1228, in __init__
digits.webapp: WARNING: Train Tensorflow Model unrecognized output: self._traceback = _extract_stack()
digits.webapp: WARNING: Train Tensorflow Model unrecognized output: InvalidArgumentError (see above for traceback): Incompatible shapes: [10,3,20] vs. [20,10,3]
digits.webapp: WARNING: Train Tensorflow Model unrecognized output: [[Node: val/data/mean_subtraction/sub = Sub[T=DT_FLOAT, _device="/job:localhost/replica:0/task:0/cpu:0"](val/data/transpose, Const_Mean_Image)]]
digits.webapp: WARNING: Train Tensorflow Model unrecognized output: Traceback (most recent call last):
digits.webapp: WARNING: Train Tensorflow Model unrecognized output: File "/home/ethan/digits_GAN/digits/tools/tensorflow/main.py", line 692, in <module>
digits.webapp: WARNING: Train Tensorflow Model unrecognized output: tf.app.run()
digits.webapp: WARNING: Train Tensorflow Model unrecognized output: File "/home/ethan/.local/lib/python2.7/site-packages/tensorflow/python/platform/app.py", line 48, in run
digits.webapp: WARNING: Train Tensorflow Model unrecognized output: _sys.exit(main(_sys.argv[:1] + flags_passthrough))
digits.webapp: WARNING: Train Tensorflow Model unrecognized output: File "/home/ethan/digits_GAN/digits/tools/tensorflow/main.py", line 561, in main
digits.webapp: WARNING: Train Tensorflow Model unrecognized output: Validation(sess, val_model, 0)
digits.webapp: WARNING: Train Tensorflow Model unrecognized output: File "/home/ethan/digits_GAN/digits/tools/tensorflow/main.py", line 373, in Validation
digits.webapp: WARNING: Train Tensorflow Model unrecognized output: summary_str = sess.run(model.summary)
digits.webapp: WARNING: Train Tensorflow Model unrecognized output: File "/home/ethan/.local/lib/python2.7/site-packages/tensorflow/python/client/session.py", line 778, in run
digits.webapp: WARNING: Train Tensorflow Model unrecognized output: run_metadata_ptr)
digits.webapp: WARNING: Train Tensorflow Model unrecognized output: File "/home/ethan/.local/lib/python2.7/site-packages/tensorflow/python/client/session.py", line 982, in _run
digits.webapp: WARNING: Train Tensorflow Model unrecognized output: feed_dict_string, options, run_metadata)
digits.webapp: WARNING: Train Tensorflow Model unrecognized output: File "/home/ethan/.local/lib/python2.7/site-packages/tensorflow/python/client/session.py", line 1032, in _do_run
digits.webapp: WARNING: Train Tensorflow Model unrecognized output: target_list, options, run_metadata)
digits.webapp: WARNING: Train Tensorflow Model unrecognized output: File "/home/ethan/.local/lib/python2.7/site-packages/tensorflow/python/client/session.py", line 1052, in _do_call
digits.webapp: WARNING: Train Tensorflow Model unrecognized output: raise type(e)(node_def, op, message)
digits.webapp: WARNING: Train Tensorflow Model unrecognized output: tensorflow.python.framework.errors_impl.OutOfRangeError: PaddingFIFOQueue '_1_val/data/batcher/padding_fifo_queue' is closed and has insufficient elements (requested 10, current size 0)
digits.webapp: WARNING: Train Tensorflow Model unrecognized output: [[Node: val/data/batcher = QueueDequeueUpToV2[component_types=[DT_INT32, DT_FLOAT, DT_INT64], timeout_ms=-1, _device="/job:localhost/replica:0/task:0/cpu:0"](val/data/batcher/padding_fifo_queue, val/data/batcher/n)]]
digits.webapp: WARNING: Train Tensorflow Model unrecognized output: [[Node: val/data/batcher/_7 = _Recv[client_terminated=false, recv_device="/job:localhost/replica:0/task:0/gpu:0", send_device="/job:localhost/replica:0/task:0/cpu:0", send_device_incarnation=1, tensor_name="edge_25_val/data/batcher", tensor_type=DT_INT64, _device="/job:localhost/replica:0/task:0/gpu:0"]()]]
digits.webapp: WARNING: Train Tensorflow Model unrecognized output: Caused by op u'val/data/batcher', defined at:
digits.webapp: WARNING: Train Tensorflow Model unrecognized output: File "/home/ethan/digits_GAN/digits/tools/tensorflow/main.py", line 692, in <module>
digits.webapp: WARNING: Train Tensorflow Model unrecognized output: tf.app.run()
digits.webapp: WARNING: Train Tensorflow Model unrecognized output: File "/home/ethan/.local/lib/python2.7/site-packages/tensorflow/python/platform/app.py", line 48, in run
digits.webapp: WARNING: Train Tensorflow Model unrecognized output: _sys.exit(main(_sys.argv[:1] + flags_passthrough))
digits.webapp: WARNING: Train Tensorflow Model unrecognized output: File "/home/ethan/digits_GAN/digits/tools/tensorflow/main.py", line 502, in main
digits.webapp: WARNING: Train Tensorflow Model unrecognized output: val_model.create_model(UserModel, stage_scope)  # noqa
digits.webapp: WARNING: Train Tensorflow Model unrecognized output: File "/home/ethan/digits_GAN/digits/tools/tensorflow/model.py", line 106, in create_model
digits.webapp: WARNING: Train Tensorflow Model unrecognized output: self.init_dataloader()
digits.webapp: WARNING: Train Tensorflow Model unrecognized output: File "/home/ethan/digits_GAN/digits/tools/tensorflow/model.py", line 102, in init_dataloader
digits.webapp: WARNING: Train Tensorflow Model unrecognized output: self.dataloader.create_input_pipeline()
digits.webapp: WARNING: Train Tensorflow Model unrecognized output: File "/home/ethan/digits_GAN/digits/tools/tensorflow/tf_data.py", line 407, in create_input_pipeline
digits.webapp: WARNING: Train Tensorflow Model unrecognized output: name='batcher',
digits.webapp: WARNING: Train Tensorflow Model unrecognized output: File "/home/ethan/.local/lib/python2.7/site-packages/tensorflow/python/training/input.py", line 917, in batch
digits.webapp: WARNING: Train Tensorflow Model unrecognized output: name=name)
digits.webapp: WARNING: Train Tensorflow Model unrecognized output: File "/home/ethan/.local/lib/python2.7/site-packages/tensorflow/python/training/input.py", line 710, in _batch
digits.webapp: WARNING: Train Tensorflow Model unrecognized output: dequeued = queue.dequeue_up_to(batch_size, name=name)
digits.webapp: WARNING: Train Tensorflow Model unrecognized output: File "/home/ethan/.local/lib/python2.7/site-packages/tensorflow/python/ops/data_flow_ops.py", line 499, in dequeue_up_to
digits.webapp: WARNING: Train Tensorflow Model unrecognized output: self._queue_ref, n=n, component_types=self._dtypes, name=name)
digits.webapp: WARNING: Train Tensorflow Model unrecognized output: File "/home/ethan/.local/lib/python2.7/site-packages/tensorflow/python/ops/gen_data_flow_ops.py", line 1420, in _queue_dequeue_up_to_v2
digits.webapp: WARNING: Train Tensorflow Model unrecognized output: timeout_ms=timeout_ms, name=name)
digits.webapp: WARNING: Train Tensorflow Model unrecognized output: File "/home/ethan/.local/lib/python2.7/site-packages/tensorflow/python/framework/op_def_library.py", line 768, in apply_op
digits.webapp: WARNING: Train Tensorflow Model unrecognized output: op_def=op_def)
digits.webapp: WARNING: Train Tensorflow Model unrecognized output: File "/home/ethan/.local/lib/python2.7/site-packages/tensorflow/python/framework/ops.py", line 2336, in create_op
digits.webapp: WARNING: Train Tensorflow Model unrecognized output: original_op=self._default_original_op, op_def=op_def)
digits.webapp: WARNING: Train Tensorflow Model unrecognized output: File "/home/ethan/.local/lib/python2.7/site-packages/tensorflow/python/framework/ops.py", line 1228, in __init__
digits.webapp: WARNING: Train Tensorflow Model unrecognized output: self._traceback = _extract_stack()
digits.webapp: WARNING: Train Tensorflow Model unrecognized output: OutOfRangeError (see above for traceback): PaddingFIFOQueue '_1_val/data/batcher/padding_fifo_queue' is closed and has insufficient elements (requested 10, current size 0)
digits.webapp: WARNING: Train Tensorflow Model unrecognized output: [[Node: val/data/batcher = QueueDequeueUpToV2[component_types=[DT_INT32, DT_FLOAT, DT_INT64], timeout_ms=-1, _device="/job:localhost/replica:0/task:0/cpu:0"](val/data/batcher/padding_fifo_queue, val/data/batcher/n)]]
digits.webapp: WARNING: Train Tensorflow Model unrecognized output: [[Node: val/data/batcher/_7 = _Recv[client_terminated=false, recv_device="/job:localhost/replica:0/task:0/gpu:0", send_device="/job:localhost/replica:0/task:0/cpu:0", send_device_incarnation=1, tensor_name="edge_25_val/data/batcher", tensor_type=DT_INT64, _device="/job:localhost/replica:0/task:0/gpu:0"]()]]
digits.webapp: WARNING: Train Tensorflow Model unrecognized output: Exception tensorflow.python.framework.errors_impl.InvalidArgumentError: InvalidArgumentError() in <bound method Model.__del__ of <model.Model object at 0x7fbcf6736b10>> ignored
digits.webapp: ERROR: Train Tensorflow Model task failed with error code 1
socketio: INFO: emitting event "task update" to 20170509-172210-1907 [/jobs]
socketio: INFO: emitting event "job update" to 20170509-172210-1907 [/jobs]
socketio: INFO: emitting event "job update" to job_management [/jobs]
socketio: INFO: emitting event "server update" to job_management [/jobs]
socketio: INFO: emitting event "job update" to 20170509-172210-1907 [/jobs]
socketio: INFO: emitting event "job update" to job_management [/jobs]
socketio: INFO: emitting event "job update" to job_management [/jobs]
socketio: INFO: emitting event "task update" to 20170509-172114-d063 [/jobs]
socketio: INFO: emitting event "job update" to 20170509-172212-edce [/jobs]
socketio: INFO: emitting event "job update" to job_management [/jobs]
socketio: INFO: emitting event "server update" to job_management [/jobs]
digits.webapp: INFO: Parse Folder (train/val) task started.
socketio: INFO: emitting event "task update" to 20170509-172212-edce [/jobs]
socketio: INFO: emitting event "job update" to 20170509-172212-edce [/jobs]
socketio: INFO: emitting event "job update" to job_management [/jobs]
digits.webapp: INFO: Task subprocess args: "/usr/bin/python2 /home/ethan/digits_GAN/digits/tools/parse_folder.py /tmp/tmpsD8DcP /tmp/tmpX3R8Ve/20170509-172212-edce/labels.txt --min=2 --train_file=/tmp/tmpX3R8Ve/20170509-172212-edce/train.txt --val_file=/tmp/tmpX3R8Ve/20170509-172212-edce/val.txt --percent_val=25.0"
socketio: INFO: emitting event "task update" to 20170509-172202-9230 [/jobs]
socketio: INFO: emitting event "task update" to 20170509-172210-1907 [/jobs]
socketio: INFO: emitting event "task update" to 20170509-172147-4505 [/jobs]
socketio: INFO: emitting event "task update" to 20170509-172114-d063 [/jobs]
socketio: INFO: emitting event "task update" to 20170509-172202-9230 [/jobs]
socketio: INFO: emitting event "task update" to 20170509-172210-1907 [/jobs]
socketio: INFO: emitting event "task update" to 20170509-172147-4505 [/jobs]
socketio: INFO: emitting event "task update" to 20170509-172114-d063 [/jobs]
digits.webapp: WARNING: Parse Folder (train/val) unrecognized output: WARNING: log_file config option not found - no log file is being saved
socketio: INFO: emitting event "task update" to 20170509-172212-edce [/jobs]
socketio: INFO: emitting event "job update" to job_management [/jobs]
socketio: INFO: emitting event "task update" to 20170509-172212-edce [/jobs]
socketio: INFO: emitting event "job update" to job_management [/jobs]
socketio: INFO: emitting event "task update" to 20170509-172212-edce [/jobs]
socketio: INFO: emitting event "job update" to job_management [/jobs]
digits.webapp: INFO: Parse Folder (train/val) task completed.
socketio: INFO: emitting event "task update" to 20170509-172212-edce [/jobs]
socketio: INFO: emitting event "job update" to job_management [/jobs]
socketio: INFO: emitting event "task update" to 20170509-172212-edce [/jobs]
socketio: INFO: emitting event "job update" to 20170509-172212-edce [/jobs]
socketio: INFO: emitting event "job update" to job_management [/jobs]
socketio: INFO: emitting event "server update" to job_management [/jobs]
socketio: INFO: emitting event "server update" to job_management [/jobs]
socketio: INFO: emitting event "server update" to job_management [/jobs]
digits.webapp: INFO: Create DB (train) task started.
socketio: INFO: emitting event "task update" to 20170509-172212-edce [/jobs]
socketio: INFO: emitting event "job update" to 20170509-172212-edce [/jobs]
socketio: INFO: emitting event "job update" to job_management [/jobs]
digits.webapp: INFO: Task subprocess args: "/usr/bin/python2 /home/ethan/digits_GAN/digits/tools/create_db.py /tmp/tmpX3R8Ve/20170509-172212-edce/train.txt /tmp/tmpX3R8Ve/20170509-172212-edce/train_db 10 10 --backend=lmdb --channels=3 --resize_mode=squash --mean_file=/tmp/tmpX3R8Ve/20170509-172212-edce/mean.binaryproto --mean_file=/tmp/tmpX3R8Ve/20170509-172212-edce/mean.jpg --shuffle"
digits.webapp: INFO: Create DB (val) task started.
socketio: INFO: emitting event "task update" to 20170509-172212-edce [/jobs]
socketio: INFO: emitting event "job update" to 20170509-172212-edce [/jobs]
socketio: INFO: emitting event "job update" to job_management [/jobs]
digits.webapp: INFO: Task subprocess args: "/usr/bin/python2 /home/ethan/digits_GAN/digits/tools/create_db.py /tmp/tmpX3R8Ve/20170509-172212-edce/val.txt /tmp/tmpX3R8Ve/20170509-172212-edce/val_db 10 10 --backend=lmdb --channels=3 --resize_mode=squash --shuffle"
socketio: INFO: emitting event "task update" to 20170509-172202-9230 [/jobs]
socketio: INFO: emitting event "task update" to 20170509-172210-1907 [/jobs]
socketio: INFO: emitting event "task update" to 20170509-172147-4505 [/jobs]
socketio: INFO: emitting event "task update" to 20170509-172114-d063 [/jobs]
socketio: INFO: emitting event "task update" to 20170509-172202-9230 [/jobs]
socketio: INFO: emitting event "task update" to 20170509-172210-1907 [/jobs]
socketio: INFO: emitting event "task update" to 20170509-172147-4505 [/jobs]
socketio: INFO: emitting event "task update" to 20170509-172114-d063 [/jobs]
socketio: INFO: emitting event "task update" to 20170509-172202-9230 [/jobs]
socketio: INFO: emitting event "task update" to 20170509-172210-1907 [/jobs]
socketio: INFO: emitting event "task update" to 20170509-172147-4505 [/jobs]
digits.webapp: WARNING: Create DB (val) unrecognized output: WARNING: log_file config option not found - no log file is being saved
socketio: INFO: emitting event "task update" to 20170509-172212-edce [/jobs]
digits.webapp: WARNING: Create DB (train) unrecognized output: WARNING: log_file config option not found - no log file is being saved
socketio: INFO: emitting event "task update" to 20170509-172212-edce [/jobs]
socketio: INFO: emitting event "task update" to 20170509-172114-d063 [/jobs]
digits.webapp: DEBUG: 6 images written to database
digits.webapp: DEBUG: 24 images written to database
socketio: INFO: emitting event "task update" to 20170509-172202-9230 [/jobs]
socketio: INFO: emitting event "task update" to 20170509-172212-edce [/jobs]
digits.webapp: INFO: Create DB (val) task completed.
socketio: INFO: emitting event "task update" to 20170509-172212-edce [/jobs]
socketio: INFO: emitting event "job update" to job_management [/jobs]
socketio: INFO: emitting event "task update" to 20170509-172212-edce [/jobs]
socketio: INFO: emitting event "job update" to 20170509-172212-edce [/jobs]
socketio: INFO: emitting event "job update" to job_management [/jobs]
socketio: INFO: emitting event "server update" to job_management [/jobs]
socketio: INFO: emitting event "task update" to 20170509-172212-edce [/jobs]
socketio: INFO: emitting event "task update" to 20170509-172212-edce [/jobs]
digits.webapp: INFO: Create DB (train) task completed.
socketio: INFO: emitting event "task update" to 20170509-172212-edce [/jobs]
socketio: INFO: emitting event "job update" to job_management [/jobs]
socketio: INFO: emitting event "task update" to 20170509-172212-edce [/jobs]
socketio: INFO: emitting event "job update" to 20170509-172212-edce [/jobs]
socketio: INFO: emitting event "job update" to job_management [/jobs]
socketio: INFO: emitting event "server update" to job_management [/jobs]
socketio: INFO: emitting event "job update" to job_management [/jobs]
socketio: INFO: emitting event "job update" to 20170509-172212-edce [/jobs]
socketio: INFO: emitting event "job update" to job_management [/jobs]
digits: INFO: Job complete.
socketio: INFO: emitting event "task update" to 20170509-172210-1907 [/jobs]
socketio: INFO: emitting event "task update" to 20170509-172147-4505 [/jobs]
socketio: INFO: emitting event "job update" to job_management [/jobs]
socketio: INFO: emitting event "job update" to 20170509-172218-c9c0 [/jobs]
socketio: INFO: emitting event "job update" to job_management [/jobs]
socketio: INFO: emitting event "server update" to job_management [/jobs]
digits.webapp: INFO: Train Tensorflow Model task started.
socketio: INFO: emitting event "task update" to 20170509-172218-c9c0 [/jobs]
socketio: INFO: emitting event "job update" to 20170509-172218-c9c0 [/jobs]
socketio: INFO: emitting event "job update" to job_management [/jobs]
digits.webapp: INFO: Task subprocess args: "python2 /home/ethan/digits_GAN/digits/tools/tensorflow/main.py --network=network.py --epoch=1 --networkDirectory=/tmp/tmpX3R8Ve/20170509-172218-c9c0 --save=/tmp/tmpX3R8Ve/20170509-172218-c9c0 --snapshotPrefix=snapshot --snapshotInterval=1 --lr_base_rate=0.01 --lr_policy=step --batch_size=10 --mean=/tmp/tmpX3R8Ve/20170509-172212-edce/mean.binaryproto --labels_list=/tmp/tmpX3R8Ve/20170509-172212-edce/labels.txt --train_db=/tmp/tmpX3R8Ve/20170509-172212-edce/train_db --validation_db=/tmp/tmpX3R8Ve/20170509-172212-edce/val_db --lr_gamma=0.1 --lr_stepvalues=33 --shuffle=1 --subtractMean=image --seed=3405691582 --optimization=sgd --validation_interval=1 --log_runtime_stats_per_step=0 --augFlip=none --augHSVh=0 --augHSVs=0 --augHSVv=0"
socketio: INFO: emitting event "task update" to 20170509-172218-c9c0 [/jobs]
socketio: INFO: emitting event "task update" to 20170509-172114-d063 [/jobs]
socketio: INFO: emitting event "task update" to 20170509-172202-9230 [/jobs]
socketio: INFO: emitting event "task update" to 20170509-172210-1907 [/jobs]
socketio: INFO: emitting event "task update" to 20170509-172147-4505 [/jobs]
digits.webapp: WARNING: Train Tensorflow Model unrecognized output: 2017-05-09 17:22:19.748901: W tensorflow/core/platform/cpu_feature_guard.cc:45] The TensorFlow library wasn't compiled to use SSE4.1 instructions, but these are available on your machine and could speed up CPU computations.
digits.webapp: WARNING: Train Tensorflow Model unrecognized output: 2017-05-09 17:22:19.748912: W tensorflow/core/platform/cpu_feature_guard.cc:45] The TensorFlow library wasn't compiled to use SSE4.2 instructions, but these are available on your machine and could speed up CPU computations.
digits.webapp: WARNING: Train Tensorflow Model unrecognized output: 2017-05-09 17:22:19.748916: W tensorflow/core/platform/cpu_feature_guard.cc:45] The TensorFlow library wasn't compiled to use AVX instructions, but these are available on your machine and could speed up CPU computations.
socketio: INFO: emitting event "task update" to 20170509-172114-d063 [/jobs]
digits.webapp: WARNING: Train Tensorflow Model unrecognized output: 2017-05-09 17:22:19.856947: I tensorflow/stream_executor/cuda/cuda_gpu_executor.cc:901] successful NUMA node read from SysFS had negative value (-1), but there must be at least one NUMA node, so returning NUMA node zero
digits.webapp: WARNING: Train Tensorflow Model unrecognized output: 2017-05-09 17:22:19.857361: I tensorflow/core/common_runtime/gpu/gpu_device.cc:887] Found device 0 with properties:
digits.webapp: WARNING: Train Tensorflow Model unrecognized output: name: GeForce GTX TITAN X
digits.webapp: WARNING: Train Tensorflow Model unrecognized output: major: 5 minor: 2 memoryClockRate (GHz) 1.076
digits.webapp: WARNING: Train Tensorflow Model unrecognized output: pciBusID 0000:01:00.0
digits.webapp: WARNING: Train Tensorflow Model unrecognized output: Total memory: 11.92GiB
digits.webapp: WARNING: Train Tensorflow Model unrecognized output: Free memory: 10.24GiB
digits.webapp: WARNING: Train Tensorflow Model unrecognized output: 2017-05-09 17:22:19.857375: I tensorflow/core/common_runtime/gpu/gpu_device.cc:908] DMA: 0
digits.webapp: WARNING: Train Tensorflow Model unrecognized output: 2017-05-09 17:22:19.857379: I tensorflow/core/common_runtime/gpu/gpu_device.cc:918] 0:   Y
digits.webapp: WARNING: Train Tensorflow Model unrecognized output: 2017-05-09 17:22:19.857390: I tensorflow/core/common_runtime/gpu/gpu_device.cc:977] Creating TensorFlow device (/gpu:0) -> (device: 0, name: GeForce GTX TITAN X, pci bus id: 0000:01:00.0)
digits.webapp: WARNING: Train Tensorflow Model unrecognized output: 2017-05-09 17:22:19.969428: I tensorflow/core/common_runtime/gpu/gpu_device.cc:977] Creating TensorFlow device (/gpu:0) -> (device: 0, name: GeForce GTX TITAN X, pci bus id: 0000:01:00.0)
digits.webapp: WARNING: Train Tensorflow Model unrecognized output: 2017-05-09 17:22:19.976274: I tensorflow/core/common_runtime/gpu/gpu_device.cc:977] Creating TensorFlow device (/gpu:0) -> (device: 0, name: GeForce GTX TITAN X, pci bus id: 0000:01:00.0)
socketio: INFO: emitting event "task update" to 20170509-172202-9230 [/jobs]
socketio: INFO: emitting event "task update" to 20170509-172210-1907 [/jobs]
digits.webapp: WARNING: Train Tensorflow Model unrecognized output: INFO:tensorflow:Error reported to Coordinator: <class 'tensorflow.python.framework.errors_impl.InvalidArgumentError'>, 'axis'[0] = 3 is out of valid range [0, 2
digits.webapp: WARNING: Train Tensorflow Model unrecognized output: [[Node: val/data/ReverseV2 = ReverseV2[T=DT_UINT8, Tidx=DT_INT32, _device="/job:localhost/replica:0/task:0/cpu:0"](val/data/transpose, val/data/ReverseV2/axis)]]
socketio: INFO: emitting event "task update" to 20170509-172147-4505 [/jobs]
digits.webapp: WARNING: Train Tensorflow Model unrecognized output: Caused by op u'val/data/ReverseV2', defined at:
digits.webapp: WARNING: Train Tensorflow Model unrecognized output: File "/home/ethan/digits_GAN/digits/tools/tensorflow/main.py", line 692, in <module>
digits.webapp: WARNING: Train Tensorflow Model unrecognized output: tf.app.run()
digits.webapp: WARNING: Train Tensorflow Model unrecognized output: File "/home/ethan/.local/lib/python2.7/site-packages/tensorflow/python/platform/app.py", line 48, in run
digits.webapp: WARNING: Train Tensorflow Model unrecognized output: _sys.exit(main(_sys.argv[:1] + flags_passthrough))
digits.webapp: WARNING: Train Tensorflow Model unrecognized output: File "/home/ethan/digits_GAN/digits/tools/tensorflow/main.py", line 502, in main
digits.webapp: WARNING: Train Tensorflow Model unrecognized output: val_model.create_model(UserModel, stage_scope)  # noqa
digits.webapp: WARNING: Train Tensorflow Model unrecognized output: File "/home/ethan/digits_GAN/digits/tools/tensorflow/model.py", line 106, in create_model
digits.webapp: WARNING: Train Tensorflow Model unrecognized output: self.init_dataloader()
digits.webapp: WARNING: Train Tensorflow Model unrecognized output: File "/home/ethan/digits_GAN/digits/tools/tensorflow/model.py", line 102, in init_dataloader
digits.webapp: WARNING: Train Tensorflow Model unrecognized output: self.dataloader.create_input_pipeline()
digits.webapp: WARNING: Train Tensorflow Model unrecognized output: File "/home/ethan/digits_GAN/digits/tools/tensorflow/tf_data.py", line 306, in create_input_pipeline
digits.webapp: WARNING: Train Tensorflow Model unrecognized output: single_data = self.reshape_decode(single_data, single_data_shape)
digits.webapp: WARNING: Train Tensorflow Model unrecognized output: File "/home/ethan/digits_GAN/digits/tools/tensorflow/tf_data.py", line 266, in reshape_decode
digits.webapp: WARNING: Train Tensorflow Model unrecognized output: data = digits.bgr_to_rgb(data)
digits.webapp: WARNING: Train Tensorflow Model unrecognized output: File "/home/ethan/digits_GAN/digits/tools/tensorflow/utils.py", line 95, in bgr_to_rgb
digits.webapp: WARNING: Train Tensorflow Model unrecognized output: return tf.reverse(x, [3])
digits.webapp: WARNING: Train Tensorflow Model unrecognized output: File "/home/ethan/.local/lib/python2.7/site-packages/tensorflow/python/ops/array_ops.py", line 2312, in reverse
digits.webapp: WARNING: Train Tensorflow Model unrecognized output: return gen_array_ops.reverse_v2(tensor, axis, name)
digits.webapp: WARNING: Train Tensorflow Model unrecognized output: File "/home/ethan/.local/lib/python2.7/site-packages/tensorflow/python/ops/gen_array_ops.py", line 2724, in reverse_v2
digits.webapp: WARNING: Train Tensorflow Model unrecognized output: name=name)
digits.webapp: WARNING: Train Tensorflow Model unrecognized output: File "/home/ethan/.local/lib/python2.7/site-packages/tensorflow/python/framework/op_def_library.py", line 768, in apply_op
digits.webapp: WARNING: Train Tensorflow Model unrecognized output: op_def=op_def)
digits.webapp: WARNING: Train Tensorflow Model unrecognized output: File "/home/ethan/.local/lib/python2.7/site-packages/tensorflow/python/framework/ops.py", line 2336, in create_op
digits.webapp: WARNING: Train Tensorflow Model unrecognized output: original_op=self._default_original_op, op_def=op_def)
digits.webapp: WARNING: Train Tensorflow Model unrecognized output: File "/home/ethan/.local/lib/python2.7/site-packages/tensorflow/python/framework/ops.py", line 1228, in __init__
digits.webapp: WARNING: Train Tensorflow Model unrecognized output: self._traceback = _extract_stack()
socketio: INFO: emitting event "task update" to 20170509-172218-c9c0 [/jobs]
digits.webapp: WARNING: Train Tensorflow Model unrecognized output: InvalidArgumentError (see above for traceback): 'axis'[0] = 3 is out of valid range [0, 2
digits.webapp: WARNING: Train Tensorflow Model unrecognized output: [[Node: val/data/ReverseV2 = ReverseV2[T=DT_UINT8, Tidx=DT_INT32, _device="/job:localhost/replica:0/task:0/cpu:0"](val/data/transpose, val/data/ReverseV2/axis)]]
digits.webapp: WARNING: Train Tensorflow Model unrecognized output: [[Node: val/data/ReverseV2 = ReverseV2[T=DT_UINT8, Tidx=DT_INT32, _device="/job:localhost/replica:0/task:0/cpu:0"](val/data/transpose, val/data/ReverseV2/axis)]]
digits.webapp: WARNING: Train Tensorflow Model unrecognized output: Caused by op u'val/data/ReverseV2', defined at:
digits.webapp: WARNING: Train Tensorflow Model unrecognized output: File "/home/ethan/digits_GAN/digits/tools/tensorflow/main.py", line 692, in <module>
digits.webapp: WARNING: Train Tensorflow Model unrecognized output: tf.app.run()
digits.webapp: WARNING: Train Tensorflow Model unrecognized output: File "/home/ethan/.local/lib/python2.7/site-packages/tensorflow/python/platform/app.py", line 48, in run
digits.webapp: WARNING: Train Tensorflow Model unrecognized output: _sys.exit(main(_sys.argv[:1] + flags_passthrough))
digits.webapp: WARNING: Train Tensorflow Model unrecognized output: File "/home/ethan/digits_GAN/digits/tools/tensorflow/main.py", line 502, in main
digits.webapp: WARNING: Train Tensorflow Model unrecognized output: val_model.create_model(UserModel, stage_scope)  # noqa
digits.webapp: WARNING: Train Tensorflow Model unrecognized output: File "/home/ethan/digits_GAN/digits/tools/tensorflow/model.py", line 106, in create_model
digits.webapp: WARNING: Train Tensorflow Model unrecognized output: self.init_dataloader()
digits.webapp: WARNING: Train Tensorflow Model unrecognized output: File "/home/ethan/digits_GAN/digits/tools/tensorflow/model.py", line 102, in init_dataloader
digits.webapp: WARNING: Train Tensorflow Model unrecognized output: self.dataloader.create_input_pipeline()
digits.webapp: WARNING: Train Tensorflow Model unrecognized output: File "/home/ethan/digits_GAN/digits/tools/tensorflow/tf_data.py", line 306, in create_input_pipeline
digits.webapp: WARNING: Train Tensorflow Model unrecognized output: single_data = self.reshape_decode(single_data, single_data_shape)
digits.webapp: WARNING: Train Tensorflow Model unrecognized output: File "/home/ethan/digits_GAN/digits/tools/tensorflow/tf_data.py", line 266, in reshape_decode
digits.webapp: WARNING: Train Tensorflow Model unrecognized output: data = digits.bgr_to_rgb(data)
digits.webapp: WARNING: Train Tensorflow Model unrecognized output: File "/home/ethan/digits_GAN/digits/tools/tensorflow/utils.py", line 95, in bgr_to_rgb
digits.webapp: WARNING: Train Tensorflow Model unrecognized output: return tf.reverse(x, [3])
digits.webapp: WARNING: Train Tensorflow Model unrecognized output: File "/home/ethan/.local/lib/python2.7/site-packages/tensorflow/python/ops/array_ops.py", line 2312, in reverse
digits.webapp: WARNING: Train Tensorflow Model unrecognized output: return gen_array_ops.reverse_v2(tensor, axis, name)
digits.webapp: WARNING: Train Tensorflow Model unrecognized output: File "/home/ethan/.local/lib/python2.7/site-packages/tensorflow/python/ops/gen_array_ops.py", line 2724, in reverse_v2
digits.webapp: WARNING: Train Tensorflow Model unrecognized output: name=name)
digits.webapp: WARNING: Train Tensorflow Model unrecognized output: File "/home/ethan/.local/lib/python2.7/site-packages/tensorflow/python/framework/op_def_library.py", line 768, in apply_op
digits.webapp: WARNING: Train Tensorflow Model unrecognized output: op_def=op_def)
digits.webapp: WARNING: Train Tensorflow Model unrecognized output: File "/home/ethan/.local/lib/python2.7/site-packages/tensorflow/python/framework/ops.py", line 2336, in create_op
digits.webapp: WARNING: Train Tensorflow Model unrecognized output: original_op=self._default_original_op, op_def=op_def)
digits.webapp: WARNING: Train Tensorflow Model unrecognized output: File "/home/ethan/.local/lib/python2.7/site-packages/tensorflow/python/framework/ops.py", line 1228, in __init__
digits.webapp: WARNING: Train Tensorflow Model unrecognized output: self._traceback = _extract_stack()
digits.webapp: WARNING: Train Tensorflow Model unrecognized output: InvalidArgumentError (see above for traceback): 'axis'[0] = 3 is out of valid range [0, 2
digits.webapp: WARNING: Train Tensorflow Model unrecognized output: [[Node: val/data/ReverseV2 = ReverseV2[T=DT_UINT8, Tidx=DT_INT32, _device="/job:localhost/replica:0/task:0/cpu:0"](val/data/transpose, val/data/ReverseV2/axis)]]
digits.webapp: WARNING: Train Tensorflow Model unrecognized output: Traceback (most recent call last):
digits.webapp: WARNING: Train Tensorflow Model unrecognized output: File "/home/ethan/digits_GAN/digits/tools/tensorflow/main.py", line 692, in <module>
digits.webapp: WARNING: Train Tensorflow Model unrecognized output: tf.app.run()
digits.webapp: WARNING: Train Tensorflow Model unrecognized output: File "/home/ethan/.local/lib/python2.7/site-packages/tensorflow/python/platform/app.py", line 48, in run
digits.webapp: WARNING: Train Tensorflow Model unrecognized output: _sys.exit(main(_sys.argv[:1] + flags_passthrough))
digits.webapp: WARNING: Train Tensorflow Model unrecognized output: File "/home/ethan/digits_GAN/digits/tools/tensorflow/main.py", line 561, in main
digits.webapp: WARNING: Train Tensorflow Model unrecognized output: Validation(sess, val_model, 0)
digits.webapp: WARNING: Train Tensorflow Model unrecognized output: File "/home/ethan/digits_GAN/digits/tools/tensorflow/main.py", line 373, in Validation
digits.webapp: WARNING: Train Tensorflow Model unrecognized output: summary_str = sess.run(model.summary)
digits.webapp: WARNING: Train Tensorflow Model unrecognized output: File "/home/ethan/.local/lib/python2.7/site-packages/tensorflow/python/client/session.py", line 778, in run
digits.webapp: WARNING: Train Tensorflow Model unrecognized output: run_metadata_ptr)
digits.webapp: WARNING: Train Tensorflow Model unrecognized output: File "/home/ethan/.local/lib/python2.7/site-packages/tensorflow/python/client/session.py", line 982, in _run
digits.webapp: WARNING: Train Tensorflow Model unrecognized output: feed_dict_string, options, run_metadata)
digits.webapp: WARNING: Train Tensorflow Model unrecognized output: File "/home/ethan/.local/lib/python2.7/site-packages/tensorflow/python/client/session.py", line 1032, in _do_run
digits.webapp: WARNING: Train Tensorflow Model unrecognized output: target_list, options, run_metadata)
digits.webapp: WARNING: Train Tensorflow Model unrecognized output: File "/home/ethan/.local/lib/python2.7/site-packages/tensorflow/python/client/session.py", line 1052, in _do_call
digits.webapp: WARNING: Train Tensorflow Model unrecognized output: raise type(e)(node_def, op, message)
digits.webapp: WARNING: Train Tensorflow Model unrecognized output: tensorflow.python.framework.errors_impl.OutOfRangeError: PaddingFIFOQueue '_1_val/data/batcher/padding_fifo_queue' is closed and has insufficient elements (requested 10, current size 0)
digits.webapp: WARNING: Train Tensorflow Model unrecognized output: [[Node: val/data/batcher = QueueDequeueUpToV2[component_types=[DT_STRING, DT_FLOAT, DT_INT64], timeout_ms=-1, _device="/job:localhost/replica:0/task:0/cpu:0"](val/data/batcher/padding_fifo_queue, val/data/batcher/n)]]
digits.webapp: WARNING: Train Tensorflow Model unrecognized output: [[Node: val/data/batcher/_5 = _Recv[client_terminated=false, recv_device="/job:localhost/replica:0/task:0/gpu:0", send_device="/job:localhost/replica:0/task:0/cpu:0", send_device_incarnation=1, tensor_name="edge_30_val/data/batcher", tensor_type=DT_FLOAT, _device="/job:localhost/replica:0/task:0/gpu:0"]()]]
digits.webapp: WARNING: Train Tensorflow Model unrecognized output: Caused by op u'val/data/batcher', defined at:
digits.webapp: WARNING: Train Tensorflow Model unrecognized output: File "/home/ethan/digits_GAN/digits/tools/tensorflow/main.py", line 692, in <module>
digits.webapp: WARNING: Train Tensorflow Model unrecognized output: tf.app.run()
digits.webapp: WARNING: Train Tensorflow Model unrecognized output: File "/home/ethan/.local/lib/python2.7/site-packages/tensorflow/python/platform/app.py", line 48, in run
digits.webapp: WARNING: Train Tensorflow Model unrecognized output: _sys.exit(main(_sys.argv[:1] + flags_passthrough))
digits.webapp: WARNING: Train Tensorflow Model unrecognized output: File "/home/ethan/digits_GAN/digits/tools/tensorflow/main.py", line 502, in main
digits.webapp: WARNING: Train Tensorflow Model unrecognized output: val_model.create_model(UserModel, stage_scope)  # noqa
digits.webapp: WARNING: Train Tensorflow Model unrecognized output: File "/home/ethan/digits_GAN/digits/tools/tensorflow/model.py", line 106, in create_model
digits.webapp: WARNING: Train Tensorflow Model unrecognized output: self.init_dataloader()
digits.webapp: WARNING: Train Tensorflow Model unrecognized output: File "/home/ethan/digits_GAN/digits/tools/tensorflow/model.py", line 102, in init_dataloader
digits.webapp: WARNING: Train Tensorflow Model unrecognized output: self.dataloader.create_input_pipeline()
digits.webapp: WARNING: Train Tensorflow Model unrecognized output: File "/home/ethan/digits_GAN/digits/tools/tensorflow/tf_data.py", line 407, in create_input_pipeline
digits.webapp: WARNING: Train Tensorflow Model unrecognized output: name='batcher',
digits.webapp: WARNING: Train Tensorflow Model unrecognized output: File "/home/ethan/.local/lib/python2.7/site-packages/tensorflow/python/training/input.py", line 917, in batch
digits.webapp: WARNING: Train Tensorflow Model unrecognized output: name=name)
digits.webapp: WARNING: Train Tensorflow Model unrecognized output: File "/home/ethan/.local/lib/python2.7/site-packages/tensorflow/python/training/input.py", line 710, in _batch
digits.webapp: WARNING: Train Tensorflow Model unrecognized output: dequeued = queue.dequeue_up_to(batch_size, name=name)
digits.webapp: WARNING: Train Tensorflow Model unrecognized output: File "/home/ethan/.local/lib/python2.7/site-packages/tensorflow/python/ops/data_flow_ops.py", line 499, in dequeue_up_to
digits.webapp: WARNING: Train Tensorflow Model unrecognized output: self._queue_ref, n=n, component_types=self._dtypes, name=name)
digits.webapp: WARNING: Train Tensorflow Model unrecognized output: File "/home/ethan/.local/lib/python2.7/site-packages/tensorflow/python/ops/gen_data_flow_ops.py", line 1420, in _queue_dequeue_up_to_v2
digits.webapp: WARNING: Train Tensorflow Model unrecognized output: timeout_ms=timeout_ms, name=name)
digits.webapp: WARNING: Train Tensorflow Model unrecognized output: File "/home/ethan/.local/lib/python2.7/site-packages/tensorflow/python/framework/op_def_library.py", line 768, in apply_op
digits.webapp: WARNING: Train Tensorflow Model unrecognized output: op_def=op_def)
digits.webapp: WARNING: Train Tensorflow Model unrecognized output: File "/home/ethan/.local/lib/python2.7/site-packages/tensorflow/python/framework/ops.py", line 2336, in create_op
digits.webapp: WARNING: Train Tensorflow Model unrecognized output: original_op=self._default_original_op, op_def=op_def)
digits.webapp: WARNING: Train Tensorflow Model unrecognized output: File "/home/ethan/.local/lib/python2.7/site-packages/tensorflow/python/framework/ops.py", line 1228, in __init__
digits.webapp: WARNING: Train Tensorflow Model unrecognized output: self._traceback = _extract_stack()
digits.webapp: WARNING: Train Tensorflow Model unrecognized output: OutOfRangeError (see above for traceback): PaddingFIFOQueue '_1_val/data/batcher/padding_fifo_queue' is closed and has insufficient elements (requested 10, current size 0)
digits.webapp: WARNING: Train Tensorflow Model unrecognized output: [[Node: val/data/batcher = QueueDequeueUpToV2[component_types=[DT_STRING, DT_FLOAT, DT_INT64], timeout_ms=-1, _device="/job:localhost/replica:0/task:0/cpu:0"](val/data/batcher/padding_fifo_queue, val/data/batcher/n)]]
digits.webapp: WARNING: Train Tensorflow Model unrecognized output: [[Node: val/data/batcher/_5 = _Recv[client_terminated=false, recv_device="/job:localhost/replica:0/task:0/gpu:0", send_device="/job:localhost/replica:0/task:0/cpu:0", send_device_incarnation=1, tensor_name="edge_30_val/data/batcher", tensor_type=DT_FLOAT, _device="/job:localhost/replica:0/task:0/gpu:0"]()]]
digits.webapp: WARNING: Train Tensorflow Model unrecognized output: Exception tensorflow.python.framework.errors_impl.InvalidArgumentError: InvalidArgumentError() in <bound method Model.__del__ of <model.Model object at 0x7f482b036c90>> ignored
digits.webapp: ERROR: Train Tensorflow Model task failed with error code 1
socketio: INFO: emitting event "task update" to 20170509-172218-c9c0 [/jobs]
socketio: INFO: emitting event "job update" to 20170509-172218-c9c0 [/jobs]
socketio: INFO: emitting event "job update" to job_management [/jobs]
socketio: INFO: emitting event "server update" to job_management [/jobs]
socketio: INFO: emitting event "task update" to 20170509-172114-d063 [/jobs]
socketio: INFO: emitting event "job update" to 20170509-172218-c9c0 [/jobs]
socketio: INFO: emitting event "job update" to job_management [/jobs]
socketio: INFO: emitting event "task update" to 20170509-172202-9230 [/jobs]
socketio: INFO: emitting event "task update" to 20170509-172210-1907 [/jobs]
socketio: INFO: emitting event "task update" to 20170509-172147-4505 [/jobs]
socketio: INFO: emitting event "job update" to job_management [/jobs]
socketio: INFO: emitting event "job update" to 20170509-172221-0d9d [/jobs]
socketio: INFO: emitting event "job update" to job_management [/jobs]
socketio: INFO: emitting event "server update" to job_management [/jobs]
socketio: INFO: emitting event "task update" to 20170509-172218-c9c0 [/jobs]
digits.webapp: INFO: Parse Folder (train/val) task started.
socketio: INFO: emitting event "task update" to 20170509-172221-0d9d [/jobs]
socketio: INFO: emitting event "job update" to 20170509-172221-0d9d [/jobs]
socketio: INFO: emitting event "job update" to job_management [/jobs]
digits.webapp: INFO: Task subprocess args: "/usr/bin/python2 /home/ethan/digits_GAN/digits/tools/parse_folder.py /tmp/tmpGTG2lV /tmp/tmpX3R8Ve/20170509-172221-0d9d/labels.txt --min=2 --train_file=/tmp/tmpX3R8Ve/20170509-172221-0d9d/train.txt --val_file=/tmp/tmpX3R8Ve/20170509-172221-0d9d/val.txt --percent_val=25.0"
socketio: INFO: emitting event "task update" to 20170509-172114-d063 [/jobs]
socketio: INFO: emitting event "task update" to 20170509-172202-9230 [/jobs]
socketio: INFO: emitting event "task update" to 20170509-172210-1907 [/jobs]
socketio: INFO: emitting event "task update" to 20170509-172147-4505 [/jobs]
socketio: INFO: emitting event "task update" to 20170509-172218-c9c0 [/jobs]
socketio: INFO: emitting event "task update" to 20170509-172114-d063 [/jobs]
socketio: INFO: emitting event "task update" to 20170509-172202-9230 [/jobs]
socketio: INFO: emitting event "task update" to 20170509-172210-1907 [/jobs]
socketio: INFO: emitting event "task update" to 20170509-172147-4505 [/jobs]
socketio: INFO: emitting event "task update" to 20170509-172218-c9c0 [/jobs]
digits.webapp: WARNING: Parse Folder (train/val) unrecognized output: WARNING: log_file config option not found - no log file is being saved
socketio: INFO: emitting event "task update" to 20170509-172221-0d9d [/jobs]
socketio: INFO: emitting event "job update" to job_management [/jobs]
socketio: INFO: emitting event "task update" to 20170509-172221-0d9d [/jobs]
socketio: INFO: emitting event "job update" to job_management [/jobs]
socketio: INFO: emitting event "task update" to 20170509-172221-0d9d [/jobs]
socketio: INFO: emitting event "job update" to job_management [/jobs]
digits.webapp: INFO: Parse Folder (train/val) task completed.
socketio: INFO: emitting event "task update" to 20170509-172221-0d9d [/jobs]
socketio: INFO: emitting event "job update" to job_management [/jobs]
socketio: INFO: emitting event "task update" to 20170509-172221-0d9d [/jobs]
socketio: INFO: emitting event "job update" to 20170509-172221-0d9d [/jobs]
socketio: INFO: emitting event "job update" to job_management [/jobs]
socketio: INFO: emitting event "server update" to job_management [/jobs]
socketio: INFO: emitting event "server update" to job_management [/jobs]
socketio: INFO: emitting event "server update" to job_management [/jobs]
digits.webapp: INFO: Create DB (train) task started.
socketio: INFO: emitting event "task update" to 20170509-172221-0d9d [/jobs]
socketio: INFO: emitting event "job update" to 20170509-172221-0d9d [/jobs]
socketio: INFO: emitting event "job update" to job_management [/jobs]
digits.webapp: INFO: Task subprocess args: "/usr/bin/python2 /home/ethan/digits_GAN/digits/tools/create_db.py /tmp/tmpX3R8Ve/20170509-172221-0d9d/train.txt /tmp/tmpX3R8Ve/20170509-172221-0d9d/train_db 20 10 --backend=lmdb --channels=3 --resize_mode=squash --mean_file=/tmp/tmpX3R8Ve/20170509-172221-0d9d/mean.binaryproto --mean_file=/tmp/tmpX3R8Ve/20170509-172221-0d9d/mean.jpg --shuffle --encoding=png"
digits.webapp: INFO: Create DB (val) task started.
socketio: INFO: emitting event "task update" to 20170509-172221-0d9d [/jobs]
socketio: INFO: emitting event "job update" to 20170509-172221-0d9d [/jobs]
socketio: INFO: emitting event "job update" to job_management [/jobs]
digits.webapp: INFO: Task subprocess args: "/usr/bin/python2 /home/ethan/digits_GAN/digits/tools/create_db.py /tmp/tmpX3R8Ve/20170509-172221-0d9d/val.txt /tmp/tmpX3R8Ve/20170509-172221-0d9d/val_db 20 10 --backend=lmdb --channels=3 --resize_mode=squash --shuffle --encoding=png"
socketio: INFO: emitting event "task update" to 20170509-172114-d063 [/jobs]
socketio: INFO: emitting event "task update" to 20170509-172202-9230 [/jobs]
socketio: INFO: emitting event "task update" to 20170509-172210-1907 [/jobs]
socketio: INFO: emitting event "task update" to 20170509-172147-4505 [/jobs]
socketio: INFO: emitting event "task update" to 20170509-172218-c9c0 [/jobs]
socketio: INFO: emitting event "task update" to 20170509-172114-d063 [/jobs]
socketio: INFO: emitting event "task update" to 20170509-172202-9230 [/jobs]
socketio: INFO: emitting event "task update" to 20170509-172210-1907 [/jobs]
socketio: INFO: emitting event "task update" to 20170509-172147-4505 [/jobs]
socketio: INFO: emitting event "task update" to 20170509-172218-c9c0 [/jobs]
socketio: INFO: emitting event "task update" to 20170509-172114-d063 [/jobs]
socketio: INFO: emitting event "task update" to 20170509-172202-9230 [/jobs]
socketio: INFO: emitting event "task update" to 20170509-172210-1907 [/jobs]
socketio: INFO: emitting event "task update" to 20170509-172147-4505 [/jobs]
digits.webapp: WARNING: Create DB (train) unrecognized output: WARNING: log_file config option not found - no log file is being saved
socketio: INFO: emitting event "task update" to 20170509-172221-0d9d [/jobs]
digits.webapp: WARNING: Create DB (val) unrecognized output: WARNING: log_file config option not found - no log file is being saved
socketio: INFO: emitting event "task update" to 20170509-172221-0d9d [/jobs]
socketio: INFO: emitting event "task update" to 20170509-172218-c9c0 [/jobs]
digits.webapp: DEBUG: 6 images written to database
digits.webapp: DEBUG: 24 images written to database
socketio: INFO: emitting event "task update" to 20170509-172221-0d9d [/jobs]
digits.webapp: INFO: Create DB (val) task completed.
socketio: INFO: emitting event "task update" to 20170509-172221-0d9d [/jobs]
socketio: INFO: emitting event "job update" to job_management [/jobs]
socketio: INFO: emitting event "task update" to 20170509-172221-0d9d [/jobs]
socketio: INFO: emitting event "job update" to 20170509-172221-0d9d [/jobs]
socketio: INFO: emitting event "job update" to job_management [/jobs]
socketio: INFO: emitting event "server update" to job_management [/jobs]
socketio: INFO: emitting event "task update" to 20170509-172221-0d9d [/jobs]
socketio: INFO: emitting event "task update" to 20170509-172221-0d9d [/jobs]
digits.webapp: INFO: Create DB (train) task completed.
socketio: INFO: emitting event "task update" to 20170509-172221-0d9d [/jobs]
socketio: INFO: emitting event "job update" to job_management [/jobs]
socketio: INFO: emitting event "task update" to 20170509-172221-0d9d [/jobs]
socketio: INFO: emitting event "job update" to 20170509-172221-0d9d [/jobs]
socketio: INFO: emitting event "job update" to job_management [/jobs]
socketio: INFO: emitting event "server update" to job_management [/jobs]
socketio: INFO: emitting event "job update" to job_management [/jobs]
socketio: INFO: emitting event "job update" to 20170509-172221-0d9d [/jobs]
socketio: INFO: emitting event "job update" to job_management [/jobs]
digits: INFO: Job complete.
socketio: INFO: emitting event "task update" to 20170509-172114-d063 [/jobs]
socketio: INFO: emitting event "job update" to job_management [/jobs]
socketio: INFO: emitting event "job update" to 20170509-172227-0156 [/jobs]
socketio: INFO: emitting event "job update" to job_management [/jobs]
socketio: INFO: emitting event "server update" to job_management [/jobs]
digits.webapp: INFO: Train Tensorflow Model task started.
socketio: INFO: emitting event "task update" to 20170509-172227-0156 [/jobs]
socketio: INFO: emitting event "job update" to 20170509-172227-0156 [/jobs]
socketio: INFO: emitting event "job update" to job_management [/jobs]
digits.webapp: INFO: Task subprocess args: "python2 /home/ethan/digits_GAN/digits/tools/tensorflow/main.py --network=network.py --epoch=1 --networkDirectory=/tmp/tmpX3R8Ve/20170509-172227-0156 --save=/tmp/tmpX3R8Ve/20170509-172227-0156 --snapshotPrefix=snapshot --snapshotInterval=1 --lr_base_rate=0.01 --lr_policy=multistep --batch_size=10 --mean=/tmp/tmpX3R8Ve/20170509-172221-0d9d/mean.binaryproto --labels_list=/tmp/tmpX3R8Ve/20170509-172221-0d9d/labels.txt --train_db=/tmp/tmpX3R8Ve/20170509-172221-0d9d/train_db --validation_db=/tmp/tmpX3R8Ve/20170509-172221-0d9d/val_db --lr_stepvalues=50,75,90 --lr_gamma=0.5 --subtractMean=image --seed=3405691582 --optimization=sgd --validation_interval=1 --log_runtime_stats_per_step=0 --augFlip=none --augHSVh=0 --augHSVs=0 --augHSVv=0"
socketio: INFO: emitting event "task update" to 20170509-172227-0156 [/jobs]
socketio: INFO: emitting event "task update" to 20170509-172202-9230 [/jobs]
socketio: INFO: emitting event "task update" to 20170509-172210-1907 [/jobs]
socketio: INFO: emitting event "task update" to 20170509-172147-4505 [/jobs]
socketio: INFO: emitting event "task update" to 20170509-172218-c9c0 [/jobs]
socketio: INFO: emitting event "task update" to 20170509-172114-d063 [/jobs]
socketio: INFO: emitting event "task update" to 20170509-172202-9230 [/jobs]
socketio: INFO: emitting event "task update" to 20170509-172210-1907 [/jobs]
socketio: INFO: emitting event "task update" to 20170509-172147-4505 [/jobs]
socketio: INFO: emitting event "task update" to 20170509-172218-c9c0 [/jobs]
digits.webapp: WARNING: Train Tensorflow Model unrecognized output: 2017-05-09 17:22:28.485786: W tensorflow/core/platform/cpu_feature_guard.cc:45] The TensorFlow library wasn't compiled to use SSE4.1 instructions, but these are available on your machine and could speed up CPU computations.
digits.webapp: WARNING: Train Tensorflow Model unrecognized output: 2017-05-09 17:22:28.485797: W tensorflow/core/platform/cpu_feature_guard.cc:45] The TensorFlow library wasn't compiled to use SSE4.2 instructions, but these are available on your machine and could speed up CPU computations.
digits.webapp: WARNING: Train Tensorflow Model unrecognized output: 2017-05-09 17:22:28.485801: W tensorflow/core/platform/cpu_feature_guard.cc:45] The TensorFlow library wasn't compiled to use AVX instructions, but these are available on your machine and could speed up CPU computations.
digits.webapp: WARNING: Train Tensorflow Model unrecognized output: 2017-05-09 17:22:28.610055: I tensorflow/stream_executor/cuda/cuda_gpu_executor.cc:901] successful NUMA node read from SysFS had negative value (-1), but there must be at least one NUMA node, so returning NUMA node zero
digits.webapp: WARNING: Train Tensorflow Model unrecognized output: 2017-05-09 17:22:28.610473: I tensorflow/core/common_runtime/gpu/gpu_device.cc:887] Found device 0 with properties:
digits.webapp: WARNING: Train Tensorflow Model unrecognized output: name: GeForce GTX TITAN X
digits.webapp: WARNING: Train Tensorflow Model unrecognized output: major: 5 minor: 2 memoryClockRate (GHz) 1.076
digits.webapp: WARNING: Train Tensorflow Model unrecognized output: pciBusID 0000:01:00.0
digits.webapp: WARNING: Train Tensorflow Model unrecognized output: Total memory: 11.92GiB
digits.webapp: WARNING: Train Tensorflow Model unrecognized output: Free memory: 10.24GiB
digits.webapp: WARNING: Train Tensorflow Model unrecognized output: 2017-05-09 17:22:28.610487: I tensorflow/core/common_runtime/gpu/gpu_device.cc:908] DMA: 0
digits.webapp: WARNING: Train Tensorflow Model unrecognized output: 2017-05-09 17:22:28.610491: I tensorflow/core/common_runtime/gpu/gpu_device.cc:918] 0:   Y
digits.webapp: WARNING: Train Tensorflow Model unrecognized output: 2017-05-09 17:22:28.610498: I tensorflow/core/common_runtime/gpu/gpu_device.cc:977] Creating TensorFlow device (/gpu:0) -> (device: 0, name: GeForce GTX TITAN X, pci bus id: 0000:01:00.0)
digits.webapp: WARNING: Train Tensorflow Model unrecognized output: 2017-05-09 17:22:28.711298: I tensorflow/core/common_runtime/gpu/gpu_device.cc:977] Creating TensorFlow device (/gpu:0) -> (device: 0, name: GeForce GTX TITAN X, pci bus id: 0000:01:00.0)
digits.webapp: WARNING: Train Tensorflow Model unrecognized output: 2017-05-09 17:22:28.717553: I tensorflow/core/common_runtime/gpu/gpu_device.cc:977] Creating TensorFlow device (/gpu:0) -> (device: 0, name: GeForce GTX TITAN X, pci bus id: 0000:01:00.0)
socketio: INFO: emitting event "task update" to 20170509-172114-d063 [/jobs]
digits.webapp: DEBUG: Network validation loss #0.0: 1.098612
digits.webapp: DEBUG: Validation (epoch 0): loss = 1.098612
socketio: INFO: emitting event "task update" to 20170509-172227-0156 [/jobs]
socketio: INFO: emitting event "job update" to job_management [/jobs]
digits.webapp: DEBUG: Training 40.0% complete.
socketio: INFO: emitting event "task update" to 20170509-172227-0156 [/jobs]
socketio: INFO: emitting event "task update" to job_management [/jobs]
digits.webapp: DEBUG: Training (epoch 0.4): loss = 1.098612, lr = 0.010000
socketio: INFO: emitting event "task update" to 20170509-172227-0156 [/jobs]
socketio: INFO: emitting event "job update" to job_management [/jobs]
digits.webapp: DEBUG: Training (epoch 0.8): loss = 0.000000, lr = 0.005000
socketio: INFO: emitting event "task update" to 20170509-172227-0156 [/jobs]
socketio: INFO: emitting event "job update" to job_management [/jobs]
digits.webapp: DEBUG: Training (epoch 1.3): loss = 0.000000, lr = 0.002500
socketio: INFO: emitting event "task update" to 20170509-172227-0156 [/jobs]
digits.webapp: DEBUG: Network validation loss #1.3: 0.0
digits.webapp: DEBUG: Validation (epoch 1.3): loss = 0.000000
socketio: INFO: emitting event "task update" to 20170509-172227-0156 [/jobs]
digits.webapp: WARNING: Train Tensorflow Model unrecognized output: INFO:tensorflow:/tmp/tmpX3R8Ve/20170509-172227-0156/snapshot_1.ckpt is not in all_model_checkpoint_paths. Manually adding it.
socketio: INFO: emitting event "task update" to 20170509-172227-0156 [/jobs]
digits.webapp: WARNING: Train Tensorflow Model unrecognized output: 2017-05-09 17:22:29.104774: W tensorflow/core/framework/op_kernel.cc:1152] Out of range: PaddingFIFOQueue '_3_train/data/batcher/padding_fifo_queue' is closed and has insufficient elements (requested 10, current size 0)
digits.webapp: WARNING: Train Tensorflow Model unrecognized output: [[Node: train/data/batcher = QueueDequeueUpToV2[component_types=[DT_STRING, DT_FLOAT, DT_INT64], timeout_ms=-1, _device="/job:localhost/replica:0/task:0/cpu:0"](train/data/batcher/padding_fifo_queue, train/data/batcher/n)]]
digits.webapp: WARNING: Train Tensorflow Model unrecognized output: Training wall-time: 0.197973966599
socketio: INFO: emitting event "task update" to 20170509-172202-9230 [/jobs]
socketio: INFO: emitting event "task update" to 20170509-172210-1907 [/jobs]
socketio: INFO: emitting event "task update" to 20170509-172147-4505 [/jobs]
digits.webapp: INFO: Train Tensorflow Model task completed.
socketio: INFO: emitting event "task update" to 20170509-172227-0156 [/jobs]
socketio: INFO: emitting event "job update" to job_management [/jobs]
socketio: INFO: emitting event "task update" to 20170509-172227-0156 [/jobs]
socketio: INFO: emitting event "job update" to 20170509-172227-0156 [/jobs]
socketio: INFO: emitting event "job update" to job_management [/jobs]
socketio: INFO: emitting event "server update" to job_management [/jobs]
socketio: INFO: emitting event "job update" to job_management [/jobs]
socketio: INFO: emitting event "job update" to 20170509-172227-0156 [/jobs]
socketio: INFO: emitting event "job update" to job_management [/jobs]
digits: INFO: Job complete.
socketio: INFO: emitting event "task update" to 20170509-172218-c9c0 [/jobs]
socketio: INFO: emitting event "job update" to job_management [/jobs]
socketio: INFO: emitting event "job update" to 20170509-172229-a3b9 [/jobs]
socketio: INFO: emitting event "job update" to job_management [/jobs]
socketio: INFO: emitting event "server update" to job_management [/jobs]
socketio: INFO: emitting event "server update" to job_management [/jobs]
digits.webapp: INFO: Infer Model task started.
socketio: INFO: emitting event "task update" to 20170509-172229-a3b9 [/jobs]
socketio: INFO: emitting event "job update" to 20170509-172229-a3b9 [/jobs]
socketio: INFO: emitting event "job update" to job_management [/jobs]
digits.webapp: INFO: Task subprocess args: "/usr/bin/python2 /home/ethan/digits_GAN/digits/tools/inference.py /tmp/tmpX3R8Ve/20170509-172229-a3b9/tmp6167XK.txt /tmp/tmpX3R8Ve/20170509-172229-a3b9 20170509-172227-0156 --jobs_dir=/tmp/tmpX3R8Ve --layers=none --gpu=0"
socketio: INFO: emitting event "task update" to 20170509-172114-d063 [/jobs]
socketio: INFO: emitting event "task update" to 20170509-172227-0156 [/jobs]
socketio: INFO: emitting event "task update" to 20170509-172202-9230 [/jobs]
socketio: INFO: emitting event "task update" to 20170509-172210-1907 [/jobs]
socketio: INFO: emitting event "task update" to 20170509-172147-4505 [/jobs]
socketio: INFO: emitting event "task update" to 20170509-172218-c9c0 [/jobs]
socketio: INFO: emitting event "task update" to 20170509-172114-d063 [/jobs]
socketio: INFO: emitting event "task update" to 20170509-172227-0156 [/jobs]
socketio: INFO: emitting event "task update" to 20170509-172202-9230 [/jobs]
socketio: INFO: emitting event "task update" to 20170509-172210-1907 [/jobs]
socketio: INFO: emitting event "task update" to 20170509-172147-4505 [/jobs]
socketio: INFO: emitting event "task update" to 20170509-172218-c9c0 [/jobs]
socketio: INFO: emitting event "task update" to 20170509-172114-d063 [/jobs]
socketio: INFO: emitting event "task update" to 20170509-172227-0156 [/jobs]
socketio: INFO: emitting event "task update" to 20170509-172202-9230 [/jobs]
socketio: INFO: emitting event "task update" to 20170509-172210-1907 [/jobs]
socketio: INFO: emitting event "task update" to 20170509-172147-4505 [/jobs]
socketio: INFO: emitting event "task update" to 20170509-172218-c9c0 [/jobs]
digits.webapp: WARNING: Infer Model unrecognized output: WARNING: log_file config option not found - no log file is being saved
digits.webapp: WARNING: Infer Model unrecognized output: 2017-05-09 17:22:32 [ERROR] InferenceError: Unable to find snapshot for epoch=-1.0
digits.webapp: WARNING: Infer Model unrecognized output: Traceback (most recent call last):
digits.webapp: WARNING: Infer Model unrecognized output: File "/home/ethan/digits_GAN/digits/tools/inference.py", line 293, in <module>
digits.webapp: WARNING: Infer Model unrecognized output: args['resize']
digits.webapp: WARNING: Infer Model unrecognized output: File "/home/ethan/digits_GAN/digits/tools/inference.py", line 79, in infer
digits.webapp: WARNING: Infer Model unrecognized output: raise InferenceError("Unable to find snapshot for epoch=%s" % repr(epoch))
digits.webapp: WARNING: Infer Model unrecognized output: digits.inference.errors.InferenceError: 'Unable to find snapshot for epoch=-1.0'
digits.webapp: ERROR: Infer Model task failed with error code 1
socketio: INFO: emitting event "task update" to 20170509-172229-a3b9 [/jobs]
socketio: INFO: emitting event "job update" to 20170509-172229-a3b9 [/jobs]
socketio: INFO: emitting event "job update" to job_management [/jobs]
socketio: INFO: emitting event "server update" to job_management [/jobs]
socketio: INFO: emitting event "server update" to job_management [/jobs]
socketio: INFO: emitting event "job update" to 20170509-172229-a3b9 [/jobs]
socketio: INFO: emitting event "job update" to job_management [/jobs]
digits: INFO: Job deleted.
socketio: INFO: emitting event "job update" to job_management [/jobs]
--------------------- >> end captured logging << ---------------------

======================================================================
FAIL: digits.model.images.classification.test_views.TestTensorflowCreatedWideMultiStepLR.test_classify_many_from_folder
----------------------------------------------------------------------
Traceback (most recent call last):
  File "/home/ethan/.local/lib/python2.7/site-packages/nose/case.py", line 197, in runTest
    self.test(*self.arg)
  File "/home/ethan/digits_GAN/digits/model/images/classification/test_views.py", line 739, in test_classify_many_from_folder
    assert rv.status_code == 200, 'POST failed with %s\n\n%s' % (rv.status_code, body)
AssertionError: POST failed with 500

[<body>\n<div class="navbar navbar-inverse navbar-fixed-top">\n<div class="container">\n<div class="navbar-header">\n<a class="navbar-brand" href="/">DIGITS</a>\n</div>\n<ul class="nav navbar-nav">\n<li><a href="/models/20170509-172227-0156">test_model</a></li>\n<li class="active"><a>Classify Many</a></li>\n</ul>\n<ul class="nav navbar-nav navbar-right">\n<li>\n<p class="navbar-text">\n            digits-testsuite (<a class="navbar-link" href="/logout">Logout</a>)\n            </p>\n</li>\n<li class="dropdown">\n<a class="dropdown-toggle" data-toggle="dropdown" href="#">Info<span class="caret"></span></a>\n<ul class="dropdown-menu navbar-inverse">\n<li><span class="navbar-text">Server: ethan-computer</span></li>\n<li><span class="navbar-text">DIGITS version: <br> 5.1-dev</br></span></li>\n<li><span class="navbar-text">Caffe version: <br> 0.15.13</br></span></li>\n<li><span class="navbar-text">Caffe flavor: <br> NVIDIA</br></span></li>\n</ul>\n</li>\n<li class="dropdown">\n<a class="dropdown-toggle" data-toggle="dropdown" href="#">About<span class="caret"></span></a>\n<ul class="dropdown-menu about-menu navbar-inverse">\n<li><span class="navbar-text"><a href="https://developer.nvidia.com/digits" target="_blank">\n                        DIGITS on developer.nvidia.com\n                    </a></span></li>\n<li><span class="navbar-text"><a href="https://github.com/NVIDIA/DIGITS" target="_blank">\n                        DIGITS on GitHub\n                    </a></span></li>\n<li><span class="navbar-text"><a href="https://groups.google.com/d/forum/digits-users" target="_blank">\n                        DIGITS user group\n                    </a></span></li>\n<li><span class="navbar-text"><a href="mailto:digits@nvidia.com">\n                        digits@nvidia.com\n                    </a></span></li>\n</ul>\n</li>\n</ul>\n</div>\n</div>\n<div class="container">\n<div class="jumbotron">\n<div class="container">\n<div class="row">\n<div class="col-sm-12" id="show-job-name">\n<h2 style="display:inline;">Classify Many Images</h2>\n</div>\n<div class="col-sm-4" id="edit-job-name" style="display:none;">\n<script>\nfunction updateJobName() {\n    var newName = $("input[name=job-name]").val();\n    $.ajax("/jobs/20170509-172232-232b",\n            {\n                type: "PUT",\n                data: {"job_name": newName}\n                }\n          )\n    .done(function() {\n            $("#show-job-name h2").html(newName);\n            $('#edit-job-name').hide(); $('#show-job-name').show();\n            })\n    .fail(function(data) { errorAlert(data); });\n    return false;\n}\n                </script>\n<input class="form-control" name="job-name" value="Classify Many Images"/>\n<a class="btn btn-primary" href="#" onclick="return updateJobName();">Update</a>\n<a class="btn btn-info" href="#" onclick="$('#edit-job-name').hide(); $('#show-job-name').show(); return false;">Cancel</a>\n</div>\n</div>\n<small>Owner: digits-testsuite</small>\n<div class="pull-right">\n<a class="btn btn-info" disabled="" id="clone-job">Clone Job</a>\n<a class="btn btn-warning hidden disabled" id="abort-job">Abort Job</a>\n<a class="btn btn-danger disabled" id="delete-job">Delete Job</a>\n</div>\n</div>\n<script>\n$('#abort-job').on('click', function(event) {\n        event.preventDefault();\n        bootbox.confirm(\n            'Are you sure you want to abort this job?',\n            function(result) {\n                if (result)\n                    $.ajax("/jobs/20170509-172232-232b/abort",\n                        {type: "POST"})\n                    .done(function() {\n                        $("#abort-job").hide();\n                        })\n                    .fail(function(data) { errorAlert(data); });\n            });\n        });\n\n$('#delete-job').on('click', function(event) {\n        event.preventDefault();\n        bootbox.confirm(\n            'Are you sure you want to delete this job?<br><br>All related files will be permanently removed.',\n            function(result) {\n                if (result)\n                    $.ajax("/jobs/20170509-172232-232b",\n                        {type: "DELETE"})\n                    .done(function() {\n                        window.location = "/";\n                        })\n                    .fail(function(data) { errorAlert(data); });\n            });\n        });\n    </script>\n</div>\n<div class="row">\n<!-- Job content -->\n<div class="col-sm-8">\n<div class="page-header">\n<h1>\n        test_model\n        <small>\n            Image Classification Model\n        </small>\n</h1>\n</div>\n<div class="alert alert-danger">\n<p>Classification failed, see job log</p>\n</div>\n</div>\n<!-- Tasks -->\n<div class="col-sm-4">\n<div class="panel-group">\n<div class="panel panel-danger" id="job-statuses">\n<div class="panel-heading">\n<h4 class="panel-title">\n                    Job Status\n                    <small>Error</small>\n</h4>\n</div>\n<div class="panel-collapse">\n<div class="panel-body">\n<div class="job-statuses">\n<ul>\n<li>\n<span class="text-warning">Initialized</span>\n        at 05:22:32 PM\n            <small>(0 seconds)</small>\n</li>\n<li>\n<span class="text-info">Running</span>\n        at 05:22:32 PM\n            <small>(2 seconds)</small>\n</li>\n<li>\n<span class="text-danger">Error</span>\n        at 05:22:35 PM\n            <br>\n<small>(Total - 2 seconds)</small>\n</br></li>\n</ul>\n</div>\n<div class="panel-group">\n<div class="panel panel-danger" id="task-140099490078992-status">\n<div class="panel-heading">\n<h4 class="panel-title">\n<a data-toggle="collapse" href="#task-140099490078992-status-collapse">\n                                            Infer Model\n                                            <small>Error</small>\n<span class="caret"></span>\n</a>\n</h4>\n</div>\n<div class="panel-collapse collapse in" id="task-140099490078992-status-collapse">\n<div class="panel-body">\n<div class="task-progress" style="display:none;">\n<div class="progress">\n<div class="progress-bar" style="width:0%">\n                                                    0%\n                                                </div>\n</div>\n                                            Estimated time remaining: <span class="task-eta">?</span>\n<br/>\n<br/>\n</div>\n<div class="task-statuses">\n<ul>\n<li>\n<span class="text-warning">Initialized</span>\n        at 05:22:32 PM\n            <small>(0 seconds)</small>\n</li>\n<li>\n<span class="text-info">Running</span>\n        at 05:22:32 PM\n            <small>(2 seconds)</small>\n</li>\n<li>\n<span class="text-danger">Error</span>\n        at 05:22:35 PM\n            <br>\n<small>(Total - 2 seconds)</small>\n</br></li>\n</ul>\n<h4 class="text-danger">ERROR: error code 1</h4>\n<pre>\nWARNING: log_file config option not found - no log file is being saved\n2017-05-09 17:22:35 [ERROR] InferenceError: Unable to find snapshot for epoch=-1.0\nTraceback (most recent call last):\nFile "/home/ethan/digits_GAN/digits/tools/inference.py", line 293, in &lt;module&gt;\nargs['resize']\nFile "/home/ethan/digits_GAN/digits/tools/inference.py", line 79, in infer\nraise InferenceError("Unable to find snapshot for epoch=%s" % repr(epoch))\ndigits.inference.errors.InferenceError: 'Unable to find snapshot for epoch=-1.0'\n        </pre>\n</div>\n</div>\n</div>\n</div>\n</div>\n</div>\n</div>\n</div>\n</div>\n<div class="gpu-utilization-info" style="display:none;"></div>\n<!-- Related jobs -->\n<div class="panel panel-default" id="notes-information">\n<div class="panel-heading">\n<h4>Notes</h4>\n</div>\n<div class="panel-body">\n<div class="col-sm-12" id="show-job-notes">\n<p style="display:inline;">None</p>\n</div>\n<div class="col-sm-12" id="edit-job-notes" style="display:none;">\n<script type="text/javascript">\n                        function updateJobNotes() {\n                        var newNotes = $("textarea[name=job-notes]").val();\n                        $.ajax("/jobs/20170509-172232-232b",\n                                {\n                                    type: "PUT",\n                                    data: {"job_notes": newNotes}\n                                    }\n                              )\n                        .done(function() {\n                                $("#show-job-notes p").html(newNotes);\n                                $('#edit-job-notes').hide(); $('#show-job-notes').show();\n                                })\n                        .fail(function(data) { errorAlert(data); });\n                        return false;\n                    }\n                    </script>\n<textarea class="form-control" name="job-notes" placeholder="Enter notes" rows="5"></textarea>\n<a class="btn btn-primary" href="#" onclick="return updateJobNotes();">Update</a>\n<a class="btn btn-info" href="#" onclick="$('#edit-job-notes').hide(); $('#show-job-notes').show(); return false;">Cancel</a>\n</div>\n</div>\n</div>\n</div>\n</div>\n<div class="row">\n</div>\n</div>\n<script>\n$SCRIPT_ROOT = "";\n\n$(".explanation-tooltip").tooltip();\n\nwindow.onload = function () {\n    $('.autocomplete_path').autocomplete({\n       serviceUrl: '/autocomplete/path',\n       formatResult: function (suggestion, currentValue)\n       {\n            function baseName(str)\n            {\n               var base = new String(str).substring(str.lastIndexOf('/') + 1);\n               return base;\n            }\n            return baseName(suggestion.value);\n        },\n        minChars: 0\n    });\n    $(".autocomplete_path").removeAttr("autocomplete");\n};\n\n</script>\n<style>\n .about-menu {\n     width: 240px !important;\n }\n .brightness {\n     display: inline-block;\n }\n .brightness img:hover {\n     opacity: .75;\n }\n</style>\n</body>]
-------------------- >> begin captured logging << --------------------
socketio: INFO: emitting event "job update" to job_management [/jobs]
socketio: INFO: emitting event "job update" to 20170509-172232-232b [/jobs]
socketio: INFO: emitting event "job update" to job_management [/jobs]
socketio: INFO: emitting event "server update" to job_management [/jobs]
socketio: INFO: emitting event "server update" to job_management [/jobs]
digits.webapp: INFO: Infer Model task started.
socketio: INFO: emitting event "task update" to 20170509-172232-232b [/jobs]
socketio: INFO: emitting event "job update" to 20170509-172232-232b [/jobs]
socketio: INFO: emitting event "job update" to job_management [/jobs]
digits.webapp: INFO: Task subprocess args: "/usr/bin/python2 /home/ethan/digits_GAN/digits/tools/inference.py /tmp/tmpX3R8Ve/20170509-172232-232b/tmpZYF9HT.txt /tmp/tmpX3R8Ve/20170509-172232-232b 20170509-172227-0156 --jobs_dir=/tmp/tmpX3R8Ve --layers=none --gpu=0"
socketio: INFO: emitting event "task update" to 20170509-172114-d063 [/jobs]
socketio: INFO: emitting event "task update" to 20170509-172227-0156 [/jobs]
socketio: INFO: emitting event "task update" to 20170509-172202-9230 [/jobs]
socketio: INFO: emitting event "task update" to 20170509-172210-1907 [/jobs]
socketio: INFO: emitting event "task update" to 20170509-172147-4505 [/jobs]
socketio: INFO: emitting event "task update" to 20170509-172218-c9c0 [/jobs]
socketio: INFO: emitting event "task update" to 20170509-172114-d063 [/jobs]
socketio: INFO: emitting event "task update" to 20170509-172227-0156 [/jobs]
socketio: INFO: emitting event "task update" to 20170509-172202-9230 [/jobs]
socketio: INFO: emitting event "task update" to 20170509-172210-1907 [/jobs]
socketio: INFO: emitting event "task update" to 20170509-172147-4505 [/jobs]
socketio: INFO: emitting event "task update" to 20170509-172218-c9c0 [/jobs]
socketio: INFO: emitting event "task update" to 20170509-172114-d063 [/jobs]
socketio: INFO: emitting event "task update" to 20170509-172227-0156 [/jobs]
socketio: INFO: emitting event "task update" to 20170509-172202-9230 [/jobs]
socketio: INFO: emitting event "task update" to 20170509-172210-1907 [/jobs]
socketio: INFO: emitting event "task update" to 20170509-172147-4505 [/jobs]
socketio: INFO: emitting event "task update" to 20170509-172218-c9c0 [/jobs]
digits.webapp: WARNING: Infer Model unrecognized output: WARNING: log_file config option not found - no log file is being saved
digits.webapp: WARNING: Infer Model unrecognized output: 2017-05-09 17:22:35 [ERROR] InferenceError: Unable to find snapshot for epoch=-1.0
digits.webapp: WARNING: Infer Model unrecognized output: Traceback (most recent call last):
digits.webapp: WARNING: Infer Model unrecognized output: File "/home/ethan/digits_GAN/digits/tools/inference.py", line 293, in <module>
digits.webapp: WARNING: Infer Model unrecognized output: args['resize']
digits.webapp: WARNING: Infer Model unrecognized output: File "/home/ethan/digits_GAN/digits/tools/inference.py", line 79, in infer
digits.webapp: WARNING: Infer Model unrecognized output: raise InferenceError("Unable to find snapshot for epoch=%s" % repr(epoch))
digits.webapp: WARNING: Infer Model unrecognized output: digits.inference.errors.InferenceError: 'Unable to find snapshot for epoch=-1.0'
digits.webapp: ERROR: Infer Model task failed with error code 1
socketio: INFO: emitting event "task update" to 20170509-172232-232b [/jobs]
socketio: INFO: emitting event "job update" to 20170509-172232-232b [/jobs]
socketio: INFO: emitting event "job update" to job_management [/jobs]
socketio: INFO: emitting event "server update" to job_management [/jobs]
socketio: INFO: emitting event "server update" to job_management [/jobs]
socketio: INFO: emitting event "job update" to 20170509-172232-232b [/jobs]
socketio: INFO: emitting event "job update" to job_management [/jobs]
digits: INFO: Job deleted.
socketio: INFO: emitting event "job update" to job_management [/jobs]
--------------------- >> end captured logging << ---------------------

======================================================================
FAIL: digits.model.images.classification.test_views.TestTensorflowCreatedWideMultiStepLR.test_classify_many_invalid_ground_truth
----------------------------------------------------------------------
Traceback (most recent call last):
  File "/home/ethan/.local/lib/python2.7/site-packages/nose/case.py", line 197, in runTest
    self.test(*self.arg)
  File "/home/ethan/digits_GAN/digits/model/images/classification/test_views.py", line 761, in test_classify_many_invalid_ground_truth
    assert rv.status_code == 200, 'POST failed with %s\n\n%s' % (rv.status_code, body)
AssertionError: POST failed with 500

[<body>\n<div class="navbar navbar-inverse navbar-fixed-top">\n<div class="container">\n<div class="navbar-header">\n<a class="navbar-brand" href="/">DIGITS</a>\n</div>\n<ul class="nav navbar-nav">\n<li><a href="/models/20170509-172227-0156">test_model</a></li>\n<li class="active"><a>Classify Many</a></li>\n</ul>\n<ul class="nav navbar-nav navbar-right">\n<li>\n<p class="navbar-text">\n            digits-testsuite (<a class="navbar-link" href="/logout">Logout</a>)\n            </p>\n</li>\n<li class="dropdown">\n<a class="dropdown-toggle" data-toggle="dropdown" href="#">Info<span class="caret"></span></a>\n<ul class="dropdown-menu navbar-inverse">\n<li><span class="navbar-text">Server: ethan-computer</span></li>\n<li><span class="navbar-text">DIGITS version: <br> 5.1-dev</br></span></li>\n<li><span class="navbar-text">Caffe version: <br> 0.15.13</br></span></li>\n<li><span class="navbar-text">Caffe flavor: <br> NVIDIA</br></span></li>\n</ul>\n</li>\n<li class="dropdown">\n<a class="dropdown-toggle" data-toggle="dropdown" href="#">About<span class="caret"></span></a>\n<ul class="dropdown-menu about-menu navbar-inverse">\n<li><span class="navbar-text"><a href="https://developer.nvidia.com/digits" target="_blank">\n                        DIGITS on developer.nvidia.com\n                    </a></span></li>\n<li><span class="navbar-text"><a href="https://github.com/NVIDIA/DIGITS" target="_blank">\n                        DIGITS on GitHub\n                    </a></span></li>\n<li><span class="navbar-text"><a href="https://groups.google.com/d/forum/digits-users" target="_blank">\n                        DIGITS user group\n                    </a></span></li>\n<li><span class="navbar-text"><a href="mailto:digits@nvidia.com">\n                        digits@nvidia.com\n                    </a></span></li>\n</ul>\n</li>\n</ul>\n</div>\n</div>\n<div class="container">\n<div class="jumbotron">\n<div class="container">\n<div class="row">\n<div class="col-sm-12" id="show-job-name">\n<h2 style="display:inline;">Classify Many Images</h2>\n</div>\n<div class="col-sm-4" id="edit-job-name" style="display:none;">\n<script>\nfunction updateJobName() {\n    var newName = $("input[name=job-name]").val();\n    $.ajax("/jobs/20170509-172235-fe53",\n            {\n                type: "PUT",\n                data: {"job_name": newName}\n                }\n          )\n    .done(function() {\n            $("#show-job-name h2").html(newName);\n            $('#edit-job-name').hide(); $('#show-job-name').show();\n            })\n    .fail(function(data) { errorAlert(data); });\n    return false;\n}\n                </script>\n<input class="form-control" name="job-name" value="Classify Many Images"/>\n<a class="btn btn-primary" href="#" onclick="return updateJobName();">Update</a>\n<a class="btn btn-info" href="#" onclick="$('#edit-job-name').hide(); $('#show-job-name').show(); return false;">Cancel</a>\n</div>\n</div>\n<small>Owner: digits-testsuite</small>\n<div class="pull-right">\n<a class="btn btn-info" disabled="" id="clone-job">Clone Job</a>\n<a class="btn btn-warning hidden disabled" id="abort-job">Abort Job</a>\n<a class="btn btn-danger disabled" id="delete-job">Delete Job</a>\n</div>\n</div>\n<script>\n$('#abort-job').on('click', function(event) {\n        event.preventDefault();\n        bootbox.confirm(\n            'Are you sure you want to abort this job?',\n            function(result) {\n                if (result)\n                    $.ajax("/jobs/20170509-172235-fe53/abort",\n                        {type: "POST"})\n                    .done(function() {\n                        $("#abort-job").hide();\n                        })\n                    .fail(function(data) { errorAlert(data); });\n            });\n        });\n\n$('#delete-job').on('click', function(event) {\n        event.preventDefault();\n        bootbox.confirm(\n            'Are you sure you want to delete this job?<br><br>All related files will be permanently removed.',\n            function(result) {\n                if (result)\n                    $.ajax("/jobs/20170509-172235-fe53",\n                        {type: "DELETE"})\n                    .done(function() {\n                        window.location = "/";\n                        })\n                    .fail(function(data) { errorAlert(data); });\n            });\n        });\n    </script>\n</div>\n<div class="row">\n<!-- Job content -->\n<div class="col-sm-8">\n<div class="page-header">\n<h1>\n        test_model\n        <small>\n            Image Classification Model\n        </small>\n</h1>\n</div>\n<div class="alert alert-danger">\n<p>Classification failed, see job log</p>\n</div>\n</div>\n<!-- Tasks -->\n<div class="col-sm-4">\n<div class="panel-group">\n<div class="panel panel-danger" id="job-statuses">\n<div class="panel-heading">\n<h4 class="panel-title">\n                    Job Status\n                    <small>Error</small>\n</h4>\n</div>\n<div class="panel-collapse">\n<div class="panel-body">\n<div class="job-statuses">\n<ul>\n<li>\n<span class="text-warning">Initialized</span>\n        at 05:22:35 PM\n            <small>(0 seconds)</small>\n</li>\n<li>\n<span class="text-info">Running</span>\n        at 05:22:35 PM\n            <small>(2 seconds)</small>\n</li>\n<li>\n<span class="text-danger">Error</span>\n        at 05:22:38 PM\n            <br>\n<small>(Total - 2 seconds)</small>\n</br></li>\n</ul>\n</div>\n<div class="panel-group">\n<div class="panel panel-danger" id="task-140099488910416-status">\n<div class="panel-heading">\n<h4 class="panel-title">\n<a data-toggle="collapse" href="#task-140099488910416-status-collapse">\n                                            Infer Model\n                                            <small>Error</small>\n<span class="caret"></span>\n</a>\n</h4>\n</div>\n<div class="panel-collapse collapse in" id="task-140099488910416-status-collapse">\n<div class="panel-body">\n<div class="task-progress" style="display:none;">\n<div class="progress">\n<div class="progress-bar" style="width:0%">\n                                                    0%\n                                                </div>\n</div>\n                                            Estimated time remaining: <span class="task-eta">?</span>\n<br/>\n<br/>\n</div>\n<div class="task-statuses">\n<ul>\n<li>\n<span class="text-warning">Initialized</span>\n        at 05:22:35 PM\n            <small>(0 seconds)</small>\n</li>\n<li>\n<span class="text-info">Running</span>\n        at 05:22:35 PM\n            <small>(2 seconds)</small>\n</li>\n<li>\n<span class="text-danger">Error</span>\n        at 05:22:38 PM\n            <br>\n<small>(Total - 2 seconds)</small>\n</br></li>\n</ul>\n<h4 class="text-danger">ERROR: error code 1</h4>\n<pre>\nWARNING: log_file config option not found - no log file is being saved\n2017-05-09 17:22:38 [ERROR] InferenceError: Unable to find snapshot for epoch=-1.0\nTraceback (most recent call last):\nFile "/home/ethan/digits_GAN/digits/tools/inference.py", line 293, in &lt;module&gt;\nargs['resize']\nFile "/home/ethan/digits_GAN/digits/tools/inference.py", line 79, in infer\nraise InferenceError("Unable to find snapshot for epoch=%s" % repr(epoch))\ndigits.inference.errors.InferenceError: 'Unable to find snapshot for epoch=-1.0'\n        </pre>\n</div>\n</div>\n</div>\n</div>\n</div>\n</div>\n</div>\n</div>\n</div>\n<div class="gpu-utilization-info" style="display:none;"></div>\n<!-- Related jobs -->\n<div class="panel panel-default" id="notes-information">\n<div class="panel-heading">\n<h4>Notes</h4>\n</div>\n<div class="panel-body">\n<div class="col-sm-12" id="show-job-notes">\n<p style="display:inline;">None</p>\n</div>\n<div class="col-sm-12" id="edit-job-notes" style="display:none;">\n<script type="text/javascript">\n                        function updateJobNotes() {\n                        var newNotes = $("textarea[name=job-notes]").val();\n                        $.ajax("/jobs/20170509-172235-fe53",\n                                {\n                                    type: "PUT",\n                                    data: {"job_notes": newNotes}\n                                    }\n                              )\n                        .done(function() {\n                                $("#show-job-notes p").html(newNotes);\n                                $('#edit-job-notes').hide(); $('#show-job-notes').show();\n                                })\n                        .fail(function(data) { errorAlert(data); });\n                        return false;\n                    }\n                    </script>\n<textarea class="form-control" name="job-notes" placeholder="Enter notes" rows="5"></textarea>\n<a class="btn btn-primary" href="#" onclick="return updateJobNotes();">Update</a>\n<a class="btn btn-info" href="#" onclick="$('#edit-job-notes').hide(); $('#show-job-notes').show(); return false;">Cancel</a>\n</div>\n</div>\n</div>\n</div>\n</div>\n<div class="row">\n</div>\n</div>\n<script>\n$SCRIPT_ROOT = "";\n\n$(".explanation-tooltip").tooltip();\n\nwindow.onload = function () {\n    $('.autocomplete_path').autocomplete({\n       serviceUrl: '/autocomplete/path',\n       formatResult: function (suggestion, currentValue)\n       {\n            function baseName(str)\n            {\n               var base = new String(str).substring(str.lastIndexOf('/') + 1);\n               return base;\n            }\n            return baseName(suggestion.value);\n        },\n        minChars: 0\n    });\n    $(".autocomplete_path").removeAttr("autocomplete");\n};\n\n</script>\n<style>\n .about-menu {\n     width: 240px !important;\n }\n .brightness {\n     display: inline-block;\n }\n .brightness img:hover {\n     opacity: .75;\n }\n</style>\n</body>]
-------------------- >> begin captured logging << --------------------
socketio: INFO: emitting event "job update" to job_management [/jobs]
socketio: INFO: emitting event "job update" to 20170509-172235-fe53 [/jobs]
socketio: INFO: emitting event "job update" to job_management [/jobs]
socketio: INFO: emitting event "server update" to job_management [/jobs]
socketio: INFO: emitting event "server update" to job_management [/jobs]
digits.webapp: INFO: Infer Model task started.
socketio: INFO: emitting event "task update" to 20170509-172235-fe53 [/jobs]
socketio: INFO: emitting event "job update" to 20170509-172235-fe53 [/jobs]
socketio: INFO: emitting event "job update" to job_management [/jobs]
digits.webapp: INFO: Task subprocess args: "/usr/bin/python2 /home/ethan/digits_GAN/digits/tools/inference.py /tmp/tmpX3R8Ve/20170509-172235-fe53/tmp21XtQu.txt /tmp/tmpX3R8Ve/20170509-172235-fe53 20170509-172227-0156 --jobs_dir=/tmp/tmpX3R8Ve --layers=none --gpu=0"
socketio: INFO: emitting event "task update" to 20170509-172114-d063 [/jobs]
socketio: INFO: emitting event "task update" to 20170509-172227-0156 [/jobs]
socketio: INFO: emitting event "task update" to 20170509-172202-9230 [/jobs]
socketio: INFO: emitting event "task update" to 20170509-172210-1907 [/jobs]
socketio: INFO: emitting event "task update" to 20170509-172147-4505 [/jobs]
socketio: INFO: emitting event "task update" to 20170509-172218-c9c0 [/jobs]
socketio: INFO: emitting event "task update" to 20170509-172114-d063 [/jobs]
socketio: INFO: emitting event "task update" to 20170509-172227-0156 [/jobs]
socketio: INFO: emitting event "task update" to 20170509-172202-9230 [/jobs]
socketio: INFO: emitting event "task update" to 20170509-172210-1907 [/jobs]
socketio: INFO: emitting event "task update" to 20170509-172147-4505 [/jobs]
socketio: INFO: emitting event "task update" to 20170509-172218-c9c0 [/jobs]
socketio: INFO: emitting event "task update" to 20170509-172114-d063 [/jobs]
socketio: INFO: emitting event "task update" to 20170509-172227-0156 [/jobs]
socketio: INFO: emitting event "task update" to 20170509-172202-9230 [/jobs]
socketio: INFO: emitting event "task update" to 20170509-172210-1907 [/jobs]
socketio: INFO: emitting event "task update" to 20170509-172147-4505 [/jobs]
socketio: INFO: emitting event "task update" to 20170509-172218-c9c0 [/jobs]
digits.webapp: WARNING: Infer Model unrecognized output: WARNING: log_file config option not found - no log file is being saved
digits.webapp: WARNING: Infer Model unrecognized output: 2017-05-09 17:22:38 [ERROR] InferenceError: Unable to find snapshot for epoch=-1.0
digits.webapp: WARNING: Infer Model unrecognized output: Traceback (most recent call last):
digits.webapp: WARNING: Infer Model unrecognized output: File "/home/ethan/digits_GAN/digits/tools/inference.py", line 293, in <module>
digits.webapp: WARNING: Infer Model unrecognized output: args['resize']
digits.webapp: WARNING: Infer Model unrecognized output: File "/home/ethan/digits_GAN/digits/tools/inference.py", line 79, in infer
digits.webapp: WARNING: Infer Model unrecognized output: raise InferenceError("Unable to find snapshot for epoch=%s" % repr(epoch))
digits.webapp: WARNING: Infer Model unrecognized output: digits.inference.errors.InferenceError: 'Unable to find snapshot for epoch=-1.0'
digits.webapp: ERROR: Infer Model task failed with error code 1
socketio: INFO: emitting event "task update" to 20170509-172235-fe53 [/jobs]
socketio: INFO: emitting event "job update" to 20170509-172235-fe53 [/jobs]
socketio: INFO: emitting event "job update" to job_management [/jobs]
socketio: INFO: emitting event "server update" to job_management [/jobs]
socketio: INFO: emitting event "server update" to job_management [/jobs]
socketio: INFO: emitting event "job update" to 20170509-172235-fe53 [/jobs]
socketio: INFO: emitting event "job update" to job_management [/jobs]
digits: INFO: Job deleted.
socketio: INFO: emitting event "job update" to job_management [/jobs]
--------------------- >> end captured logging << ---------------------

======================================================================
FAIL: digits.model.images.classification.test_views.TestTensorflowCreatedWideMultiStepLR.test_classify_many_json
----------------------------------------------------------------------
Traceback (most recent call last):
  File "/home/ethan/.local/lib/python2.7/site-packages/nose/case.py", line 197, in runTest
    self.test(*self.arg)
  File "/home/ethan/digits_GAN/digits/model/images/classification/test_views.py", line 780, in test_classify_many_json
    assert rv.status_code == 200, 'POST failed with %s' % rv.status_code
AssertionError: POST failed with 500
-------------------- >> begin captured logging << --------------------
socketio: INFO: emitting event "job update" to job_management [/jobs]
socketio: INFO: emitting event "job update" to 20170509-172238-39d8 [/jobs]
socketio: INFO: emitting event "job update" to job_management [/jobs]
socketio: INFO: emitting event "server update" to job_management [/jobs]
socketio: INFO: emitting event "server update" to job_management [/jobs]
digits.webapp: INFO: Infer Model task started.
socketio: INFO: emitting event "task update" to 20170509-172238-39d8 [/jobs]
socketio: INFO: emitting event "job update" to 20170509-172238-39d8 [/jobs]
socketio: INFO: emitting event "job update" to job_management [/jobs]
digits.webapp: INFO: Task subprocess args: "/usr/bin/python2 /home/ethan/digits_GAN/digits/tools/inference.py /tmp/tmpX3R8Ve/20170509-172238-39d8/tmp7rojBa.txt /tmp/tmpX3R8Ve/20170509-172238-39d8 20170509-172227-0156 --jobs_dir=/tmp/tmpX3R8Ve --layers=none --gpu=0"
socketio: INFO: emitting event "task update" to 20170509-172114-d063 [/jobs]
socketio: INFO: emitting event "task update" to 20170509-172227-0156 [/jobs]
socketio: INFO: emitting event "task update" to 20170509-172202-9230 [/jobs]
socketio: INFO: emitting event "task update" to 20170509-172210-1907 [/jobs]
socketio: INFO: emitting event "task update" to 20170509-172147-4505 [/jobs]
socketio: INFO: emitting event "task update" to 20170509-172218-c9c0 [/jobs]
socketio: INFO: emitting event "task update" to 20170509-172114-d063 [/jobs]
socketio: INFO: emitting event "task update" to 20170509-172227-0156 [/jobs]
socketio: INFO: emitting event "task update" to 20170509-172202-9230 [/jobs]
socketio: INFO: emitting event "task update" to 20170509-172210-1907 [/jobs]
socketio: INFO: emitting event "task update" to 20170509-172147-4505 [/jobs]
socketio: INFO: emitting event "task update" to 20170509-172218-c9c0 [/jobs]
socketio: INFO: emitting event "task update" to 20170509-172114-d063 [/jobs]
socketio: INFO: emitting event "task update" to 20170509-172227-0156 [/jobs]
socketio: INFO: emitting event "task update" to 20170509-172202-9230 [/jobs]
socketio: INFO: emitting event "task update" to 20170509-172210-1907 [/jobs]
socketio: INFO: emitting event "task update" to 20170509-172147-4505 [/jobs]
socketio: INFO: emitting event "task update" to 20170509-172218-c9c0 [/jobs]
digits.webapp: WARNING: Infer Model unrecognized output: WARNING: log_file config option not found - no log file is being saved
digits.webapp: WARNING: Infer Model unrecognized output: 2017-05-09 17:22:41 [ERROR] InferenceError: Unable to find snapshot for epoch=-1.0
digits.webapp: WARNING: Infer Model unrecognized output: Traceback (most recent call last):
digits.webapp: WARNING: Infer Model unrecognized output: File "/home/ethan/digits_GAN/digits/tools/inference.py", line 293, in <module>
digits.webapp: WARNING: Infer Model unrecognized output: args['resize']
digits.webapp: WARNING: Infer Model unrecognized output: File "/home/ethan/digits_GAN/digits/tools/inference.py", line 79, in infer
digits.webapp: WARNING: Infer Model unrecognized output: raise InferenceError("Unable to find snapshot for epoch=%s" % repr(epoch))
digits.webapp: WARNING: Infer Model unrecognized output: digits.inference.errors.InferenceError: 'Unable to find snapshot for epoch=-1.0'
digits.webapp: ERROR: Infer Model task failed with error code 1
socketio: INFO: emitting event "task update" to 20170509-172238-39d8 [/jobs]
socketio: INFO: emitting event "job update" to 20170509-172238-39d8 [/jobs]
socketio: INFO: emitting event "job update" to job_management [/jobs]
socketio: INFO: emitting event "server update" to job_management [/jobs]
socketio: INFO: emitting event "server update" to job_management [/jobs]
socketio: INFO: emitting event "job update" to 20170509-172238-39d8 [/jobs]
socketio: INFO: emitting event "job update" to job_management [/jobs]
digits: INFO: Job deleted.
socketio: INFO: emitting event "job update" to job_management [/jobs]
--------------------- >> end captured logging << ---------------------

======================================================================
FAIL: digits.model.images.classification.test_views.TestTensorflowCreatedWideMultiStepLR.test_classify_one
----------------------------------------------------------------------
Traceback (most recent call last):
  File "/home/ethan/.local/lib/python2.7/site-packages/nose/case.py", line 197, in runTest
    self.test(*self.arg)
  File "/home/ethan/digits_GAN/digits/model/images/classification/test_views.py", line 674, in test_classify_one
    assert rv.status_code == 200, 'POST failed with %s\n\n%s' % (rv.status_code, body)
AssertionError: POST failed with 500

[<body>\n<div class="navbar navbar-inverse navbar-fixed-top">\n<div class="container">\n<div class="navbar-header">\n<a class="navbar-brand" href="/">DIGITS</a>\n</div>\n<ul class="nav navbar-nav">\n<li><a href="/models/20170509-172227-0156">test_model</a></li>\n<li class="active"><a>Classify One</a></li>\n</ul>\n<ul class="nav navbar-nav navbar-right">\n<li>\n<p class="navbar-text">\n            digits-testsuite (<a class="navbar-link" href="/logout">Logout</a>)\n            </p>\n</li>\n<li class="dropdown">\n<a class="dropdown-toggle" data-toggle="dropdown" href="#">Info<span class="caret"></span></a>\n<ul class="dropdown-menu navbar-inverse">\n<li><span class="navbar-text">Server: ethan-computer</span></li>\n<li><span class="navbar-text">DIGITS version: <br> 5.1-dev</br></span></li>\n<li><span class="navbar-text">Caffe version: <br> 0.15.13</br></span></li>\n<li><span class="navbar-text">Caffe flavor: <br> NVIDIA</br></span></li>\n</ul>\n</li>\n<li class="dropdown">\n<a class="dropdown-toggle" data-toggle="dropdown" href="#">About<span class="caret"></span></a>\n<ul class="dropdown-menu about-menu navbar-inverse">\n<li><span class="navbar-text"><a href="https://developer.nvidia.com/digits" target="_blank">\n                        DIGITS on developer.nvidia.com\n                    </a></span></li>\n<li><span class="navbar-text"><a href="https://github.com/NVIDIA/DIGITS" target="_blank">\n                        DIGITS on GitHub\n                    </a></span></li>\n<li><span class="navbar-text"><a href="https://groups.google.com/d/forum/digits-users" target="_blank">\n                        DIGITS user group\n                    </a></span></li>\n<li><span class="navbar-text"><a href="mailto:digits@nvidia.com">\n                        digits@nvidia.com\n                    </a></span></li>\n</ul>\n</li>\n</ul>\n</div>\n</div>\n<div class="container">\n<div class="jumbotron">\n<div class="container">\n<div class="row">\n<div class="col-sm-12" id="show-job-name">\n<h2 style="display:inline;">Classify One Image</h2>\n</div>\n<div class="col-sm-4" id="edit-job-name" style="display:none;">\n<script>\nfunction updateJobName() {\n    var newName = $("input[name=job-name]").val();\n    $.ajax("/jobs/20170509-172241-2e14",\n            {\n                type: "PUT",\n                data: {"job_name": newName}\n                }\n          )\n    .done(function() {\n            $("#show-job-name h2").html(newName);\n            $('#edit-job-name').hide(); $('#show-job-name').show();\n            })\n    .fail(function(data) { errorAlert(data); });\n    return false;\n}\n                </script>\n<input class="form-control" name="job-name" value="Classify One Image"/>\n<a class="btn btn-primary" href="#" onclick="return updateJobName();">Update</a>\n<a class="btn btn-info" href="#" onclick="$('#edit-job-name').hide(); $('#show-job-name').show(); return false;">Cancel</a>\n</div>\n</div>\n<small>Owner: digits-testsuite</small>\n<div class="pull-right">\n<a class="btn btn-info" disabled="" id="clone-job">Clone Job</a>\n<a class="btn btn-warning hidden disabled" id="abort-job">Abort Job</a>\n<a class="btn btn-danger disabled" id="delete-job">Delete Job</a>\n</div>\n</div>\n<script>\n$('#abort-job').on('click', function(event) {\n        event.preventDefault();\n        bootbox.confirm(\n            'Are you sure you want to abort this job?',\n            function(result) {\n                if (result)\n                    $.ajax("/jobs/20170509-172241-2e14/abort",\n                        {type: "POST"})\n                    .done(function() {\n                        $("#abort-job").hide();\n                        })\n                    .fail(function(data) { errorAlert(data); });\n            });\n        });\n\n$('#delete-job').on('click', function(event) {\n        event.preventDefault();\n        bootbox.confirm(\n            'Are you sure you want to delete this job?<br><br>All related files will be permanently removed.',\n            function(result) {\n                if (result)\n                    $.ajax("/jobs/20170509-172241-2e14",\n                        {type: "DELETE"})\n                    .done(function() {\n                        window.location = "/";\n                        })\n                    .fail(function(data) { errorAlert(data); });\n            });\n        });\n    </script>\n</div>\n<div class="row">\n<!-- Job content -->\n<div class="col-sm-8">\n<script src="/static/js/3rdparty/jquery.elevateZoom-3.0.8.min.js?ver=4606b4a4404b87a591d409910710feb1"></script>\n<div class="page-header">\n<h1>\n        test_model\n        <small>\n            Image Classification Model\n        </small>\n</h1>\n</div>\n<div class="row">\n<div class="alert alert-danger">\n<p>Classification failed, see job log</p>\n</div>\n</div>\n</div>\n<!-- Tasks -->\n<div class="col-sm-4">\n<div class="panel-group">\n<div class="panel panel-danger" id="job-statuses">\n<div class="panel-heading">\n<h4 class="panel-title">\n                    Job Status\n                    <small>Error</small>\n</h4>\n</div>\n<div class="panel-collapse">\n<div class="panel-body">\n<div class="job-statuses">\n<ul>\n<li>\n<span class="text-warning">Initialized</span>\n        at 05:22:41 PM\n            <small>(0 seconds)</small>\n</li>\n<li>\n<span class="text-info">Running</span>\n        at 05:22:41 PM\n            <small>(3 seconds)</small>\n</li>\n<li>\n<span class="text-danger">Error</span>\n        at 05:22:45 PM\n            <br>\n<small>(Total - 3 seconds)</small>\n</br></li>\n</ul>\n</div>\n<div class="panel-group">\n<div class="panel panel-danger" id="task-140099488635024-status">\n<div class="panel-heading">\n<h4 class="panel-title">\n<a data-toggle="collapse" href="#task-140099488635024-status-collapse">\n                                            Infer Model\n                                            <small>Error</small>\n<span class="caret"></span>\n</a>\n</h4>\n</div>\n<div class="panel-collapse collapse in" id="task-140099488635024-status-collapse">\n<div class="panel-body">\n<div class="task-progress" style="display:none;">\n<div class="progress">\n<div class="progress-bar" style="width:0%">\n                                                    0%\n                                                </div>\n</div>\n                                            Estimated time remaining: <span class="task-eta">?</span>\n<br/>\n<br/>\n</div>\n<div class="task-statuses">\n<ul>\n<li>\n<span class="text-warning">Initialized</span>\n        at 05:22:41 PM\n            <small>(0 seconds)</small>\n</li>\n<li>\n<span class="text-info">Running</span>\n        at 05:22:41 PM\n            <small>(3 seconds)</small>\n</li>\n<li>\n<span class="text-danger">Error</span>\n        at 05:22:45 PM\n            <br>\n<small>(Total - 3 seconds)</small>\n</br></li>\n</ul>\n<h4 class="text-danger">ERROR: error code 1</h4>\n<pre>\nWARNING: log_file config option not found - no log file is being saved\n2017-05-09 17:22:44 [ERROR] InferenceError: Unable to find snapshot for epoch=-1.0\nTraceback (most recent call last):\nFile "/home/ethan/digits_GAN/digits/tools/inference.py", line 293, in &lt;module&gt;\nargs['resize']\nFile "/home/ethan/digits_GAN/digits/tools/inference.py", line 79, in infer\nraise InferenceError("Unable to find snapshot for epoch=%s" % repr(epoch))\ndigits.inference.errors.InferenceError: 'Unable to find snapshot for epoch=-1.0'\n        </pre>\n</div>\n</div>\n</div>\n</div>\n</div>\n</div>\n</div>\n</div>\n</div>\n<div class="gpu-utilization-info" style="display:none;"></div>\n<!-- Related jobs -->\n<div class="panel panel-default" id="notes-information">\n<div class="panel-heading">\n<h4>Notes</h4>\n</div>\n<div class="panel-body">\n<div class="col-sm-12" id="show-job-notes">\n<p style="display:inline;">None</p>\n</div>\n<div class="col-sm-12" id="edit-job-notes" style="display:none;">\n<script type="text/javascript">\n                        function updateJobNotes() {\n                        var newNotes = $("textarea[name=job-notes]").val();\n                        $.ajax("/jobs/20170509-172241-2e14",\n                                {\n                                    type: "PUT",\n                                    data: {"job_notes": newNotes}\n                                    }\n                              )\n                        .done(function() {\n                                $("#show-job-notes p").html(newNotes);\n                                $('#edit-job-notes').hide(); $('#show-job-notes').show();\n                                })\n                        .fail(function(data) { errorAlert(data); });\n                        return false;\n                    }\n                    </script>\n<textarea class="form-control" name="job-notes" placeholder="Enter notes" rows="5"></textarea>\n<a class="btn btn-primary" href="#" onclick="return updateJobNotes();">Update</a>\n<a class="btn btn-info" href="#" onclick="$('#edit-job-notes').hide(); $('#show-job-notes').show(); return false;">Cancel</a>\n</div>\n</div>\n</div>\n</div>\n</div>\n<div class="row">\n<script type="text/javascript">\n    function drawHistogram(id, data) {\n        c3.generate({\n            bindto: id,\n            size: {height: 200},\n            data: {\n                columns: [\n                    ['Count'].concat(data[0]),\n                    ['Value'].concat(data[1]),\n                ],\n                x: 'Value',\n                type: 'area-spline',\n            },\n            axis: {\n                x: {\n                    label: {\n                        text: 'Value',\n                        position: 'outer-center',\n                    },\n                    tick: {\n                        values: data[2],\n                        format: d3.format('.3g'),\n                    },\n                    padding: {left: 0},\n                },\n                y: {\n                    padding: {bottom: 0},\n                },\n            },\n            bar: {\n               width: {ratio: 0.2}\n            },\n            padding: {left: 20, right: 20},\n            legend: {hide: true},\n        });\n    }\n</script>\n<style>\n    div.histogram .c3-axis-y .tick {\n        display: none;\n    }\n</style>\n</div>\n</div>\n<script>\n$SCRIPT_ROOT = "";\n\n$(".explanation-tooltip").tooltip();\n\nwindow.onload = function () {\n    $('.autocomplete_path').autocomplete({\n       serviceUrl: '/autocomplete/path',\n       formatResult: function (suggestion, currentValue)\n       {\n            function baseName(str)\n            {\n               var base = new String(str).substring(str.lastIndexOf('/') + 1);\n               return base;\n            }\n            return baseName(suggestion.value);\n        },\n        minChars: 0\n    });\n    $(".autocomplete_path").removeAttr("autocomplete");\n};\n\n</script>\n<style>\n .about-menu {\n     width: 240px !important;\n }\n .brightness {\n     display: inline-block;\n }\n .brightness img:hover {\n     opacity: .75;\n }\n</style>\n</body>]
-------------------- >> begin captured stdout << ---------------------
task id=20170509-172227-0156

--------------------- >> end captured stdout << ----------------------
-------------------- >> begin captured logging << --------------------
socketio: INFO: emitting event "job update" to job_management [/jobs]
socketio: INFO: emitting event "job update" to 20170509-172241-2e14 [/jobs]
socketio: INFO: emitting event "job update" to job_management [/jobs]
socketio: INFO: emitting event "server update" to job_management [/jobs]
socketio: INFO: emitting event "server update" to job_management [/jobs]
digits.webapp: INFO: Infer Model task started.
socketio: INFO: emitting event "task update" to 20170509-172241-2e14 [/jobs]
socketio: INFO: emitting event "job update" to 20170509-172241-2e14 [/jobs]
socketio: INFO: emitting event "job update" to job_management [/jobs]
digits.webapp: INFO: Task subprocess args: "/usr/bin/python2 /home/ethan/digits_GAN/digits/tools/inference.py /tmp/tmpX3R8Ve/20170509-172241-2e14/tmpFz7_Qn.txt /tmp/tmpX3R8Ve/20170509-172241-2e14 20170509-172227-0156 --jobs_dir=/tmp/tmpX3R8Ve --layers=all --gpu=0"
socketio: INFO: emitting event "task update" to 20170509-172114-d063 [/jobs]
socketio: INFO: emitting event "task update" to 20170509-172227-0156 [/jobs]
socketio: INFO: emitting event "task update" to 20170509-172202-9230 [/jobs]
socketio: INFO: emitting event "task update" to 20170509-172210-1907 [/jobs]
socketio: INFO: emitting event "task update" to 20170509-172147-4505 [/jobs]
socketio: INFO: emitting event "task update" to 20170509-172218-c9c0 [/jobs]
socketio: INFO: emitting event "task update" to 20170509-172114-d063 [/jobs]
socketio: INFO: emitting event "task update" to 20170509-172227-0156 [/jobs]
socketio: INFO: emitting event "task update" to 20170509-172202-9230 [/jobs]
socketio: INFO: emitting event "task update" to 20170509-172210-1907 [/jobs]
socketio: INFO: emitting event "task update" to 20170509-172147-4505 [/jobs]
socketio: INFO: emitting event "task update" to 20170509-172218-c9c0 [/jobs]
socketio: INFO: emitting event "task update" to 20170509-172114-d063 [/jobs]
socketio: INFO: emitting event "task update" to 20170509-172227-0156 [/jobs]
socketio: INFO: emitting event "task update" to 20170509-172202-9230 [/jobs]
socketio: INFO: emitting event "task update" to 20170509-172210-1907 [/jobs]
socketio: INFO: emitting event "task update" to 20170509-172147-4505 [/jobs]
socketio: INFO: emitting event "task update" to 20170509-172218-c9c0 [/jobs]
digits.webapp: WARNING: Infer Model unrecognized output: WARNING: log_file config option not found - no log file is being saved
digits.webapp: WARNING: Infer Model unrecognized output: 2017-05-09 17:22:44 [ERROR] InferenceError: Unable to find snapshot for epoch=-1.0
digits.webapp: WARNING: Infer Model unrecognized output: Traceback (most recent call last):
digits.webapp: WARNING: Infer Model unrecognized output: File "/home/ethan/digits_GAN/digits/tools/inference.py", line 293, in <module>
digits.webapp: WARNING: Infer Model unrecognized output: args['resize']
digits.webapp: WARNING: Infer Model unrecognized output: File "/home/ethan/digits_GAN/digits/tools/inference.py", line 79, in infer
digits.webapp: WARNING: Infer Model unrecognized output: raise InferenceError("Unable to find snapshot for epoch=%s" % repr(epoch))
digits.webapp: WARNING: Infer Model unrecognized output: digits.inference.errors.InferenceError: 'Unable to find snapshot for epoch=-1.0'
socketio: INFO: emitting event "task update" to 20170509-172114-d063 [/jobs]
digits.webapp: ERROR: Infer Model task failed with error code 1
socketio: INFO: emitting event "task update" to 20170509-172241-2e14 [/jobs]
socketio: INFO: emitting event "job update" to 20170509-172241-2e14 [/jobs]
socketio: INFO: emitting event "job update" to job_management [/jobs]
socketio: INFO: emitting event "server update" to job_management [/jobs]
socketio: INFO: emitting event "server update" to job_management [/jobs]
socketio: INFO: emitting event "job update" to 20170509-172241-2e14 [/jobs]
socketio: INFO: emitting event "job update" to job_management [/jobs]
digits: INFO: Job deleted.
socketio: INFO: emitting event "job update" to job_management [/jobs]
--------------------- >> end captured logging << ---------------------

======================================================================
FAIL: digits.model.images.classification.test_views.TestTensorflowCreatedWideMultiStepLR.test_classify_one_json
----------------------------------------------------------------------
Traceback (most recent call last):
  File "/home/ethan/.local/lib/python2.7/site-packages/nose/case.py", line 197, in runTest
    self.test(*self.arg)
  File "/home/ethan/digits_GAN/digits/model/images/classification/test_views.py", line 695, in test_classify_one_json
    assert rv.status_code == 200, 'POST failed with %s' % rv.status_code
AssertionError: POST failed with 500
-------------------- >> begin captured logging << --------------------
socketio: INFO: emitting event "job update" to job_management [/jobs]
socketio: INFO: emitting event "job update" to 20170509-172245-74be [/jobs]
socketio: INFO: emitting event "job update" to job_management [/jobs]
socketio: INFO: emitting event "server update" to job_management [/jobs]
socketio: INFO: emitting event "server update" to job_management [/jobs]
digits.webapp: INFO: Infer Model task started.
socketio: INFO: emitting event "task update" to 20170509-172245-74be [/jobs]
socketio: INFO: emitting event "job update" to 20170509-172245-74be [/jobs]
socketio: INFO: emitting event "job update" to job_management [/jobs]
digits.webapp: INFO: Task subprocess args: "/usr/bin/python2 /home/ethan/digits_GAN/digits/tools/inference.py /tmp/tmpX3R8Ve/20170509-172245-74be/tmpzic1GU.txt /tmp/tmpX3R8Ve/20170509-172245-74be 20170509-172227-0156 --jobs_dir=/tmp/tmpX3R8Ve --layers=all --gpu=0"
socketio: INFO: emitting event "task update" to 20170509-172227-0156 [/jobs]
socketio: INFO: emitting event "task update" to 20170509-172202-9230 [/jobs]
socketio: INFO: emitting event "task update" to 20170509-172210-1907 [/jobs]
socketio: INFO: emitting event "task update" to 20170509-172147-4505 [/jobs]
socketio: INFO: emitting event "task update" to 20170509-172218-c9c0 [/jobs]
socketio: INFO: emitting event "task update" to 20170509-172114-d063 [/jobs]
socketio: INFO: emitting event "task update" to 20170509-172227-0156 [/jobs]
socketio: INFO: emitting event "task update" to 20170509-172202-9230 [/jobs]
socketio: INFO: emitting event "task update" to 20170509-172210-1907 [/jobs]
socketio: INFO: emitting event "task update" to 20170509-172147-4505 [/jobs]
socketio: INFO: emitting event "task update" to 20170509-172218-c9c0 [/jobs]
socketio: INFO: emitting event "task update" to 20170509-172114-d063 [/jobs]
socketio: INFO: emitting event "task update" to 20170509-172227-0156 [/jobs]
socketio: INFO: emitting event "task update" to 20170509-172202-9230 [/jobs]
socketio: INFO: emitting event "task update" to 20170509-172210-1907 [/jobs]
socketio: INFO: emitting event "task update" to 20170509-172147-4505 [/jobs]
socketio: INFO: emitting event "task update" to 20170509-172218-c9c0 [/jobs]
socketio: INFO: emitting event "task update" to 20170509-172114-d063 [/jobs]
digits.webapp: WARNING: Infer Model unrecognized output: WARNING: log_file config option not found - no log file is being saved
digits.webapp: WARNING: Infer Model unrecognized output: 2017-05-09 17:22:47 [ERROR] InferenceError: Unable to find snapshot for epoch=-1.0
digits.webapp: WARNING: Infer Model unrecognized output: Traceback (most recent call last):
digits.webapp: WARNING: Infer Model unrecognized output: File "/home/ethan/digits_GAN/digits/tools/inference.py", line 293, in <module>
digits.webapp: WARNING: Infer Model unrecognized output: args['resize']
digits.webapp: WARNING: Infer Model unrecognized output: File "/home/ethan/digits_GAN/digits/tools/inference.py", line 79, in infer
digits.webapp: WARNING: Infer Model unrecognized output: raise InferenceError("Unable to find snapshot for epoch=%s" % repr(epoch))
digits.webapp: WARNING: Infer Model unrecognized output: digits.inference.errors.InferenceError: 'Unable to find snapshot for epoch=-1.0'
socketio: INFO: emitting event "task update" to 20170509-172227-0156 [/jobs]
digits.webapp: ERROR: Infer Model task failed with error code 1
socketio: INFO: emitting event "task update" to 20170509-172245-74be [/jobs]
socketio: INFO: emitting event "job update" to 20170509-172245-74be [/jobs]
socketio: INFO: emitting event "job update" to job_management [/jobs]
socketio: INFO: emitting event "server update" to job_management [/jobs]
socketio: INFO: emitting event "server update" to job_management [/jobs]
socketio: INFO: emitting event "job update" to 20170509-172245-74be [/jobs]
socketio: INFO: emitting event "job update" to job_management [/jobs]
digits: INFO: Job deleted.
socketio: INFO: emitting event "job update" to job_management [/jobs]
--------------------- >> end captured logging << ---------------------

======================================================================
FAIL: digits.model.images.classification.test_views.TestTensorflowCreatedWideMultiStepLR.test_download('tar',)
----------------------------------------------------------------------
Traceback (most recent call last):
  File "/home/ethan/.local/lib/python2.7/site-packages/nose/case.py", line 197, in runTest
    self.test(*self.arg)
  File "/home/ethan/digits_GAN/digits/model/images/classification/test_views.py", line 619, in check_download
    assert rv.status_code == 200, 'download "%s" failed with %s' % (url, rv.status_code)
AssertionError: download "/models/20170509-172227-0156/download.tar" failed with 500

======================================================================
FAIL: digits.model.images.classification.test_views.TestTensorflowCreatedWideMultiStepLR.test_download('zip',)
----------------------------------------------------------------------
Traceback (most recent call last):
  File "/home/ethan/.local/lib/python2.7/site-packages/nose/case.py", line 197, in runTest
    self.test(*self.arg)
  File "/home/ethan/digits_GAN/digits/model/images/classification/test_views.py", line 619, in check_download
    assert rv.status_code == 200, 'download "%s" failed with %s' % (url, rv.status_code)
AssertionError: download "/models/20170509-172227-0156/download.zip" failed with 500

======================================================================
FAIL: digits.model.images.classification.test_views.TestTensorflowCreatedWideMultiStepLR.test_download('tar.gz',)
----------------------------------------------------------------------
Traceback (most recent call last):
  File "/home/ethan/.local/lib/python2.7/site-packages/nose/case.py", line 197, in runTest
    self.test(*self.arg)
  File "/home/ethan/digits_GAN/digits/model/images/classification/test_views.py", line 619, in check_download
    assert rv.status_code == 200, 'download "%s" failed with %s' % (url, rv.status_code)
AssertionError: download "/models/20170509-172227-0156/download.tar.gz" failed with 500

======================================================================
FAIL: digits.model.images.classification.test_views.TestTensorflowCreatedWideMultiStepLR.test_download('tar.bz2',)
----------------------------------------------------------------------
Traceback (most recent call last):
  File "/home/ethan/.local/lib/python2.7/site-packages/nose/case.py", line 197, in runTest
    self.test(*self.arg)
  File "/home/ethan/digits_GAN/digits/model/images/classification/test_views.py", line 619, in check_download
    assert rv.status_code == 200, 'download "%s" failed with %s' % (url, rv.status_code)
AssertionError: download "/models/20170509-172227-0156/download.tar.bz2" failed with 500

======================================================================
FAIL: digits.model.images.classification.test_views.TestTensorflowCreatedWideMultiStepLR.test_inference_while_training
----------------------------------------------------------------------
Traceback (most recent call last):
  File "/home/ethan/.local/lib/python2.7/site-packages/nose/case.py", line 197, in runTest
    self.test(*self.arg)
  File "/home/ethan/digits_GAN/digits/model/images/classification/test_views.py", line 878, in test_inference_while_training
    assert rv.status_code == 200, 'POST failed with %s' % rv.status_code
AssertionError: POST failed with 500
-------------------- >> begin captured logging << --------------------
socketio: INFO: emitting event "job update" to job_management [/jobs]
socketio: INFO: emitting event "job update" to 20170509-172259-8252 [/jobs]
socketio: INFO: emitting event "job update" to job_management [/jobs]
socketio: INFO: emitting event "server update" to job_management [/jobs]
digits.webapp: INFO: Train Tensorflow Model task started.
socketio: INFO: emitting event "task update" to 20170509-172259-8252 [/jobs]
socketio: INFO: emitting event "job update" to 20170509-172259-8252 [/jobs]
socketio: INFO: emitting event "job update" to job_management [/jobs]
digits.webapp: INFO: Task subprocess args: "python2 /home/ethan/digits_GAN/digits/tools/tensorflow/main.py --network=network.py --epoch=1000 --networkDirectory=/tmp/tmpX3R8Ve/20170509-172259-8252 --save=/tmp/tmpX3R8Ve/20170509-172259-8252 --snapshotPrefix=snapshot --snapshotInterval=1 --lr_base_rate=0.01 --lr_policy=multistep --batch_size=10 --mean=/tmp/tmpX3R8Ve/20170509-172221-0d9d/mean.binaryproto --labels_list=/tmp/tmpX3R8Ve/20170509-172221-0d9d/labels.txt --train_db=/tmp/tmpX3R8Ve/20170509-172221-0d9d/train_db --validation_db=/tmp/tmpX3R8Ve/20170509-172221-0d9d/val_db --lr_stepvalues=50,75,90 --lr_gamma=0.5 --subtractMean=image --seed=3405691582 --optimization=sgd --validation_interval=1 --log_runtime_stats_per_step=0 --augFlip=none --augHSVh=0 --augHSVs=0 --augHSVv=0"
socketio: INFO: emitting event "task update" to 20170509-172259-8252 [/jobs]
socketio: INFO: emitting event "job update" to job_management [/jobs]
socketio: INFO: emitting event "job update" to 20170509-172259-2383 [/jobs]
socketio: INFO: emitting event "job update" to job_management [/jobs]
socketio: INFO: emitting event "server update" to job_management [/jobs]
digits.webapp: INFO: Infer Model task started.
socketio: INFO: emitting event "task update" to 20170509-172259-2383 [/jobs]
socketio: INFO: emitting event "job update" to 20170509-172259-2383 [/jobs]
socketio: INFO: emitting event "job update" to job_management [/jobs]
digits.webapp: INFO: Task subprocess args: "/usr/bin/python2 /home/ethan/digits_GAN/digits/tools/inference.py /tmp/tmpX3R8Ve/20170509-172259-2383/tmp2dGg7P.txt /tmp/tmpX3R8Ve/20170509-172259-2383 20170509-172227-0156 --jobs_dir=/tmp/tmpX3R8Ve --layers=none"
socketio: INFO: emitting event "task update" to 20170509-172114-d063 [/jobs]
socketio: INFO: emitting event "task update" to 20170509-172227-0156 [/jobs]
socketio: INFO: emitting event "task update" to 20170509-172202-9230 [/jobs]
socketio: INFO: emitting event "task update" to 20170509-172210-1907 [/jobs]
socketio: INFO: emitting event "task update" to 20170509-172147-4505 [/jobs]
socketio: INFO: emitting event "task update" to 20170509-172218-c9c0 [/jobs]
socketio: INFO: emitting event "task update" to 20170509-172114-d063 [/jobs]
socketio: INFO: emitting event "task update" to 20170509-172227-0156 [/jobs]
socketio: INFO: emitting event "task update" to 20170509-172202-9230 [/jobs]
digits.webapp: WARNING: Train Tensorflow Model unrecognized output: 2017-05-09 17:23:01.374866: W tensorflow/core/platform/cpu_feature_guard.cc:45] The TensorFlow library wasn't compiled to use SSE4.1 instructions, but these are available on your machine and could speed up CPU computations.
digits.webapp: WARNING: Train Tensorflow Model unrecognized output: 2017-05-09 17:23:01.374881: W tensorflow/core/platform/cpu_feature_guard.cc:45] The TensorFlow library wasn't compiled to use SSE4.2 instructions, but these are available on your machine and could speed up CPU computations.
digits.webapp: WARNING: Train Tensorflow Model unrecognized output: 2017-05-09 17:23:01.374885: W tensorflow/core/platform/cpu_feature_guard.cc:45] The TensorFlow library wasn't compiled to use AVX instructions, but these are available on your machine and could speed up CPU computations.
socketio: INFO: emitting event "task update" to 20170509-172210-1907 [/jobs]
socketio: INFO: emitting event "task update" to 20170509-172147-4505 [/jobs]
digits.webapp: WARNING: Train Tensorflow Model unrecognized output: 2017-05-09 17:23:01.483542: I tensorflow/stream_executor/cuda/cuda_gpu_executor.cc:901] successful NUMA node read from SysFS had negative value (-1), but there must be at least one NUMA node, so returning NUMA node zero
digits.webapp: WARNING: Train Tensorflow Model unrecognized output: 2017-05-09 17:23:01.483956: I tensorflow/core/common_runtime/gpu/gpu_device.cc:887] Found device 0 with properties:
digits.webapp: WARNING: Train Tensorflow Model unrecognized output: name: GeForce GTX TITAN X
digits.webapp: WARNING: Train Tensorflow Model unrecognized output: major: 5 minor: 2 memoryClockRate (GHz) 1.076
digits.webapp: WARNING: Train Tensorflow Model unrecognized output: pciBusID 0000:01:00.0
digits.webapp: WARNING: Train Tensorflow Model unrecognized output: Total memory: 11.92GiB
digits.webapp: WARNING: Train Tensorflow Model unrecognized output: Free memory: 10.14GiB
digits.webapp: WARNING: Train Tensorflow Model unrecognized output: 2017-05-09 17:23:01.483970: I tensorflow/core/common_runtime/gpu/gpu_device.cc:908] DMA: 0
digits.webapp: WARNING: Train Tensorflow Model unrecognized output: 2017-05-09 17:23:01.483975: I tensorflow/core/common_runtime/gpu/gpu_device.cc:918] 0:   Y
digits.webapp: WARNING: Train Tensorflow Model unrecognized output: 2017-05-09 17:23:01.483982: I tensorflow/core/common_runtime/gpu/gpu_device.cc:977] Creating TensorFlow device (/gpu:0) -> (device: 0, name: GeForce GTX TITAN X, pci bus id: 0000:01:00.0)
digits.webapp: WARNING: Train Tensorflow Model unrecognized output: 2017-05-09 17:23:01.584271: I tensorflow/core/common_runtime/gpu/gpu_device.cc:977] Creating TensorFlow device (/gpu:0) -> (device: 0, name: GeForce GTX TITAN X, pci bus id: 0000:01:00.0)
digits.webapp: WARNING: Train Tensorflow Model unrecognized output: 2017-05-09 17:23:01.590782: I tensorflow/core/common_runtime/gpu/gpu_device.cc:977] Creating TensorFlow device (/gpu:0) -> (device: 0, name: GeForce GTX TITAN X, pci bus id: 0000:01:00.0)
socketio: INFO: emitting event "task update" to 20170509-172218-c9c0 [/jobs]
digits.webapp: DEBUG: Network validation loss #0.0: 1.098612
digits.webapp: DEBUG: Validation (epoch 0): loss = 1.098612
socketio: INFO: emitting event "task update" to 20170509-172259-8252 [/jobs]
socketio: INFO: emitting event "task update" to 20170509-172259-8252 [/jobs]
socketio: INFO: emitting event "job update" to job_management [/jobs]
digits.webapp: DEBUG: Training 0.04% complete.
socketio: INFO: emitting event "task update" to 20170509-172259-8252 [/jobs]
socketio: INFO: emitting event "task update" to job_management [/jobs]
digits.webapp: DEBUG: Training (epoch 0.4): loss = 1.098612, lr = 0.010000
socketio: INFO: emitting event "task update" to 20170509-172259-8252 [/jobs]
socketio: INFO: emitting event "job update" to job_management [/jobs]
digits.webapp: DEBUG: Training (epoch 0.8): loss = 0.000000, lr = 0.010000
socketio: INFO: emitting event "task update" to 20170509-172259-8252 [/jobs]
socketio: INFO: emitting event "job update" to job_management [/jobs]
digits.webapp: DEBUG: Training (epoch 1.3): loss = 0.000000, lr = 0.010000
socketio: INFO: emitting event "task update" to 20170509-172259-8252 [/jobs]
digits.webapp: DEBUG: Network validation loss #1.3: 0.0
digits.webapp: DEBUG: Validation (epoch 1.3): loss = 0.000000
digits.webapp: WARNING: Train Tensorflow Model unrecognized output: INFO:tensorflow:/tmp/tmpX3R8Ve/20170509-172259-8252/snapshot_1.ckpt is not in all_model_checkpoint_paths. Manually adding it.
socketio: INFO: emitting event "task update" to 20170509-172259-8252 [/jobs]
socketio: INFO: emitting event "task update" to 20170509-172259-8252 [/jobs]
socketio: INFO: emitting event "job update" to job_management [/jobs]
digits.webapp: DEBUG: Training (epoch 1.7): loss = 0.000000, lr = 0.010000
socketio: INFO: emitting event "task update" to 20170509-172259-8252 [/jobs]
socketio: INFO: emitting event "job update" to job_management [/jobs]
digits.webapp: DEBUG: Training (epoch 2.1): loss = 0.000000, lr = 0.010000
socketio: INFO: emitting event "task update" to 20170509-172259-8252 [/jobs]
digits.webapp: DEBUG: Network validation loss #2.1: 0.0
digits.webapp: DEBUG: Validation (epoch 2.1): loss = 0.000000
digits.webapp: WARNING: Train Tensorflow Model unrecognized output: INFO:tensorflow:/tmp/tmpX3R8Ve/20170509-172259-8252/snapshot_2.ckpt is not in all_model_checkpoint_paths. Manually adding it.
socketio: INFO: emitting event "task update" to 20170509-172259-8252 [/jobs]
socketio: INFO: emitting event "task update" to 20170509-172259-8252 [/jobs]
socketio: INFO: emitting event "job update" to job_management [/jobs]
digits.webapp: DEBUG: Training (epoch 2.5): loss = 0.000000, lr = 0.010000
socketio: INFO: emitting event "task update" to 20170509-172114-d063 [/jobs]
socketio: INFO: emitting event "task update" to 20170509-172259-8252 [/jobs]
socketio: INFO: emitting event "job update" to job_management [/jobs]
digits.webapp: DEBUG: Training (epoch 2.9): loss = 0.000000, lr = 0.010000
socketio: INFO: emitting event "task update" to 20170509-172259-8252 [/jobs]
socketio: INFO: emitting event "job update" to job_management [/jobs]
digits.webapp: DEBUG: Training (epoch 3.3): loss = 0.000000, lr = 0.010000
socketio: INFO: emitting event "task update" to 20170509-172259-8252 [/jobs]
digits.webapp: DEBUG: Network validation loss #3.3: 0.0
digits.webapp: DEBUG: Validation (epoch 3.3): loss = 0.000000
digits.webapp: WARNING: Train Tensorflow Model unrecognized output: INFO:tensorflow:/tmp/tmpX3R8Ve/20170509-172259-8252/snapshot_3.ckpt is not in all_model_checkpoint_paths. Manually adding it.
socketio: INFO: emitting event "task update" to 20170509-172259-8252 [/jobs]
socketio: INFO: emitting event "task update" to 20170509-172259-8252 [/jobs]
socketio: INFO: emitting event "job update" to job_management [/jobs]
digits.webapp: DEBUG: Training (epoch 3.8): loss = 0.000000, lr = 0.010000
socketio: INFO: emitting event "task update" to 20170509-172259-8252 [/jobs]
socketio: INFO: emitting event "job update" to job_management [/jobs]
digits.webapp: DEBUG: Training (epoch 4.2): loss = 0.000000, lr = 0.010000
socketio: INFO: emitting event "task update" to 20170509-172259-8252 [/jobs]
digits.webapp: DEBUG: Network validation loss #4.2: 0.0
digits.webapp: DEBUG: Validation (epoch 4.2): loss = 0.000000
digits.webapp: WARNING: Train Tensorflow Model unrecognized output: INFO:tensorflow:/tmp/tmpX3R8Ve/20170509-172259-8252/snapshot_4.ckpt is not in all_model_checkpoint_paths. Manually adding it.
socketio: INFO: emitting event "task update" to 20170509-172259-8252 [/jobs]
socketio: INFO: emitting event "task update" to 20170509-172259-8252 [/jobs]
socketio: INFO: emitting event "job update" to job_management [/jobs]
digits.webapp: DEBUG: Training (epoch 4.6): loss = 0.000000, lr = 0.010000
socketio: INFO: emitting event "task update" to 20170509-172259-8252 [/jobs]
socketio: INFO: emitting event "job update" to job_management [/jobs]
digits.webapp: DEBUG: Training (epoch 5.0): loss = 0.000000, lr = 0.010000
socketio: INFO: emitting event "task update" to 20170509-172259-8252 [/jobs]
digits.webapp: DEBUG: Network validation loss #5.0: 0.0
digits.webapp: DEBUG: Validation (epoch 5.0): loss = 0.000000
digits.webapp: WARNING: Train Tensorflow Model unrecognized output: INFO:tensorflow:/tmp/tmpX3R8Ve/20170509-172259-8252/snapshot_5.ckpt is not in all_model_checkpoint_paths. Manually adding it.
socketio: INFO: emitting event "task update" to 20170509-172259-8252 [/jobs]
socketio: INFO: emitting event "task update" to 20170509-172259-8252 [/jobs]
socketio: INFO: emitting event "job update" to job_management [/jobs]
digits.webapp: DEBUG: Training (epoch 5.4): loss = 0.000000, lr = 0.010000
socketio: INFO: emitting event "task update" to 20170509-172259-8252 [/jobs]
socketio: INFO: emitting event "job update" to job_management [/jobs]
digits.webapp: DEBUG: Training (epoch 5.8): loss = 0.000000, lr = 0.010000
socketio: INFO: emitting event "task update" to 20170509-172259-8252 [/jobs]
socketio: INFO: emitting event "job update" to job_management [/jobs]
digits.webapp: DEBUG: Training (epoch 6.3): loss = 0.000000, lr = 0.010000
socketio: INFO: emitting event "task update" to 20170509-172259-8252 [/jobs]
digits.webapp: DEBUG: Network validation loss #6.3: 0.0
digits.webapp: DEBUG: Validation (epoch 6.3): loss = 0.000000
digits.webapp: WARNING: Train Tensorflow Model unrecognized output: INFO:tensorflow:/tmp/tmpX3R8Ve/20170509-172259-8252/snapshot_6.ckpt is not in all_model_checkpoint_paths. Manually adding it.
socketio: INFO: emitting event "task update" to 20170509-172259-8252 [/jobs]
socketio: INFO: emitting event "task update" to 20170509-172259-8252 [/jobs]
socketio: INFO: emitting event "job update" to job_management [/jobs]
digits.webapp: DEBUG: Training (epoch 6.7): loss = 0.000000, lr = 0.010000
socketio: INFO: emitting event "task update" to 20170509-172259-8252 [/jobs]
socketio: INFO: emitting event "job update" to job_management [/jobs]
digits.webapp: DEBUG: Training (epoch 7.1): loss = 0.000000, lr = 0.010000
socketio: INFO: emitting event "task update" to 20170509-172259-8252 [/jobs]
digits.webapp: DEBUG: Network validation loss #7.1: 0.0
digits.webapp: DEBUG: Validation (epoch 7.1): loss = 0.000000
digits.webapp: WARNING: Train Tensorflow Model unrecognized output: INFO:tensorflow:/tmp/tmpX3R8Ve/20170509-172259-8252/snapshot_7.ckpt is not in all_model_checkpoint_paths. Manually adding it.
socketio: INFO: emitting event "task update" to 20170509-172259-8252 [/jobs]
socketio: INFO: emitting event "task update" to 20170509-172259-8252 [/jobs]
socketio: INFO: emitting event "job update" to job_management [/jobs]
digits.webapp: DEBUG: Training (epoch 7.5): loss = 0.000000, lr = 0.010000
socketio: INFO: emitting event "task update" to 20170509-172259-8252 [/jobs]
socketio: INFO: emitting event "job update" to job_management [/jobs]
digits.webapp: DEBUG: Training (epoch 7.9): loss = 0.000000, lr = 0.010000
socketio: INFO: emitting event "task update" to 20170509-172259-8252 [/jobs]
socketio: INFO: emitting event "job update" to job_management [/jobs]
digits.webapp: DEBUG: Training (epoch 8.3): loss = 0.000000, lr = 0.010000
socketio: INFO: emitting event "task update" to 20170509-172259-8252 [/jobs]
digits.webapp: DEBUG: Network validation loss #8.3: 0.0
digits.webapp: DEBUG: Validation (epoch 8.3): loss = 0.000000
digits.webapp: WARNING: Train Tensorflow Model unrecognized output: INFO:tensorflow:/tmp/tmpX3R8Ve/20170509-172259-8252/snapshot_8.ckpt is not in all_model_checkpoint_paths. Manually adding it.
socketio: INFO: emitting event "task update" to 20170509-172259-8252 [/jobs]
socketio: INFO: emitting event "task update" to 20170509-172259-8252 [/jobs]
socketio: INFO: emitting event "job update" to job_management [/jobs]
digits.webapp: DEBUG: Training (epoch 8.8): loss = 0.000000, lr = 0.010000
socketio: INFO: emitting event "task update" to 20170509-172259-8252 [/jobs]
socketio: INFO: emitting event "job update" to job_management [/jobs]
digits.webapp: DEBUG: Training (epoch 9.2): loss = 0.000000, lr = 0.010000
socketio: INFO: emitting event "task update" to 20170509-172259-8252 [/jobs]
digits.webapp: DEBUG: Network validation loss #9.2: 0.0
digits.webapp: DEBUG: Validation (epoch 9.2): loss = 0.000000
digits.webapp: WARNING: Train Tensorflow Model unrecognized output: INFO:tensorflow:/tmp/tmpX3R8Ve/20170509-172259-8252/snapshot_9.ckpt is not in all_model_checkpoint_paths. Manually adding it.
socketio: INFO: emitting event "task update" to 20170509-172259-8252 [/jobs]
socketio: INFO: emitting event "task update" to 20170509-172259-8252 [/jobs]
socketio: INFO: emitting event "job update" to job_management [/jobs]
digits.webapp: DEBUG: Training (epoch 9.6): loss = 0.000000, lr = 0.010000
socketio: INFO: emitting event "task update" to 20170509-172259-8252 [/jobs]
socketio: INFO: emitting event "job update" to job_management [/jobs]
digits.webapp: DEBUG: Training (epoch 10.0): loss = 0.000000, lr = 0.010000
socketio: INFO: emitting event "task update" to 20170509-172259-8252 [/jobs]
digits.webapp: DEBUG: Network validation loss #10.0: 0.0
digits.webapp: DEBUG: Validation (epoch 10.0): loss = 0.000000
socketio: INFO: emitting event "task update" to 20170509-172227-0156 [/jobs]
digits.webapp: WARNING: Train Tensorflow Model unrecognized output: INFO:tensorflow:/tmp/tmpX3R8Ve/20170509-172259-8252/snapshot_10.ckpt is not in all_model_checkpoint_paths. Manually adding it.
socketio: INFO: emitting event "task update" to 20170509-172259-8252 [/jobs]
socketio: INFO: emitting event "task update" to 20170509-172259-8252 [/jobs]
socketio: INFO: emitting event "job update" to job_management [/jobs]
digits.webapp: DEBUG: Training (epoch 10.4): loss = 0.000000, lr = 0.010000
socketio: INFO: emitting event "task update" to 20170509-172259-8252 [/jobs]
socketio: INFO: emitting event "job update" to job_management [/jobs]
digits.webapp: DEBUG: Training (epoch 10.8): loss = 0.000000, lr = 0.010000
socketio: INFO: emitting event "task update" to 20170509-172259-8252 [/jobs]
socketio: INFO: emitting event "job update" to job_management [/jobs]
digits.webapp: DEBUG: Training (epoch 11.3): loss = 0.000000, lr = 0.010000
socketio: INFO: emitting event "task update" to 20170509-172259-8252 [/jobs]
digits.webapp: DEBUG: Network validation loss #11.3: 0.0
digits.webapp: DEBUG: Validation (epoch 11.3): loss = 0.000000
digits.webapp: WARNING: Train Tensorflow Model unrecognized output: INFO:tensorflow:/tmp/tmpX3R8Ve/20170509-172259-8252/snapshot_11.ckpt is not in all_model_checkpoint_paths. Manually adding it.
socketio: INFO: emitting event "task update" to 20170509-172259-8252 [/jobs]
socketio: INFO: emitting event "task update" to 20170509-172259-8252 [/jobs]
socketio: INFO: emitting event "job update" to job_management [/jobs]
digits.webapp: DEBUG: Training (epoch 11.7): loss = 0.000000, lr = 0.010000
socketio: INFO: emitting event "task update" to 20170509-172259-8252 [/jobs]
socketio: INFO: emitting event "job update" to job_management [/jobs]
digits.webapp: DEBUG: Training (epoch 12.1): loss = 0.000000, lr = 0.010000
socketio: INFO: emitting event "task update" to 20170509-172259-8252 [/jobs]
digits.webapp: DEBUG: Network validation loss #12.1: 0.0
digits.webapp: DEBUG: Validation (epoch 12.1): loss = 0.000000
digits.webapp: WARNING: Train Tensorflow Model unrecognized output: INFO:tensorflow:/tmp/tmpX3R8Ve/20170509-172259-8252/snapshot_12.ckpt is not in all_model_checkpoint_paths. Manually adding it.
socketio: INFO: emitting event "task update" to 20170509-172259-8252 [/jobs]
socketio: INFO: emitting event "task update" to 20170509-172259-8252 [/jobs]
socketio: INFO: emitting event "job update" to job_management [/jobs]
digits.webapp: DEBUG: Training (epoch 12.5): loss = 0.000000, lr = 0.010000
socketio: INFO: emitting event "task update" to 20170509-172259-8252 [/jobs]
socketio: INFO: emitting event "job update" to job_management [/jobs]
digits.webapp: DEBUG: Training (epoch 12.9): loss = 0.000000, lr = 0.010000
socketio: INFO: emitting event "task update" to 20170509-172259-8252 [/jobs]
socketio: INFO: emitting event "job update" to job_management [/jobs]
digits.webapp: DEBUG: Training (epoch 13.3): loss = 0.000000, lr = 0.010000
socketio: INFO: emitting event "task update" to 20170509-172259-8252 [/jobs]
digits.webapp: DEBUG: Network validation loss #13.3: 0.0
digits.webapp: DEBUG: Validation (epoch 13.3): loss = 0.000000
digits.webapp: WARNING: Train Tensorflow Model unrecognized output: INFO:tensorflow:/tmp/tmpX3R8Ve/20170509-172259-8252/snapshot_13.ckpt is not in all_model_checkpoint_paths. Manually adding it.
socketio: INFO: emitting event "task update" to 20170509-172259-8252 [/jobs]
socketio: INFO: emitting event "task update" to 20170509-172259-8252 [/jobs]
socketio: INFO: emitting event "job update" to job_management [/jobs]
digits.webapp: DEBUG: Training (epoch 13.8): loss = 0.000000, lr = 0.010000
socketio: INFO: emitting event "task update" to 20170509-172259-8252 [/jobs]
socketio: INFO: emitting event "job update" to job_management [/jobs]
digits.webapp: DEBUG: Training (epoch 14.2): loss = 0.000000, lr = 0.010000
socketio: INFO: emitting event "task update" to 20170509-172259-8252 [/jobs]
digits.webapp: DEBUG: Network validation loss #14.2: 0.0
digits.webapp: DEBUG: Validation (epoch 14.2): loss = 0.000000
digits.webapp: WARNING: Train Tensorflow Model unrecognized output: INFO:tensorflow:/tmp/tmpX3R8Ve/20170509-172259-8252/snapshot_14.ckpt is not in all_model_checkpoint_paths. Manually adding it.
socketio: INFO: emitting event "task update" to 20170509-172259-8252 [/jobs]
socketio: INFO: emitting event "task update" to 20170509-172259-8252 [/jobs]
socketio: INFO: emitting event "job update" to job_management [/jobs]
digits.webapp: DEBUG: Training (epoch 14.6): loss = 0.000000, lr = 0.010000
socketio: INFO: emitting event "task update" to 20170509-172259-8252 [/jobs]
socketio: INFO: emitting event "job update" to job_management [/jobs]
digits.webapp: DEBUG: Training (epoch 15.0): loss = 0.000000, lr = 0.010000
socketio: INFO: emitting event "task update" to 20170509-172259-8252 [/jobs]
digits.webapp: DEBUG: Network validation loss #15.0: 0.0
digits.webapp: DEBUG: Validation (epoch 15.0): loss = 0.000000
digits.webapp: WARNING: Train Tensorflow Model unrecognized output: INFO:tensorflow:/tmp/tmpX3R8Ve/20170509-172259-8252/snapshot_15.ckpt is not in all_model_checkpoint_paths. Manually adding it.
socketio: INFO: emitting event "task update" to 20170509-172259-8252 [/jobs]
socketio: INFO: emitting event "task update" to 20170509-172259-8252 [/jobs]
socketio: INFO: emitting event "job update" to job_management [/jobs]
digits.webapp: DEBUG: Training (epoch 15.4): loss = 0.000000, lr = 0.010000
socketio: INFO: emitting event "task update" to 20170509-172259-8252 [/jobs]
socketio: INFO: emitting event "job update" to job_management [/jobs]
digits.webapp: DEBUG: Training (epoch 15.8): loss = 0.000000, lr = 0.010000
socketio: INFO: emitting event "task update" to 20170509-172259-8252 [/jobs]
socketio: INFO: emitting event "job update" to job_management [/jobs]
digits.webapp: DEBUG: Training (epoch 16.3): loss = 0.000000, lr = 0.010000
socketio: INFO: emitting event "task update" to 20170509-172259-8252 [/jobs]
digits.webapp: DEBUG: Network validation loss #16.3: 0.0
digits.webapp: DEBUG: Validation (epoch 16.3): loss = 0.000000
digits.webapp: WARNING: Train Tensorflow Model unrecognized output: INFO:tensorflow:/tmp/tmpX3R8Ve/20170509-172259-8252/snapshot_16.ckpt is not in all_model_checkpoint_paths. Manually adding it.
socketio: INFO: emitting event "task update" to 20170509-172259-8252 [/jobs]
socketio: INFO: emitting event "task update" to 20170509-172259-8252 [/jobs]
socketio: INFO: emitting event "job update" to job_management [/jobs]
digits.webapp: DEBUG: Training (epoch 16.7): loss = 0.000000, lr = 0.010000
socketio: INFO: emitting event "task update" to 20170509-172259-8252 [/jobs]
socketio: INFO: emitting event "job update" to job_management [/jobs]
digits.webapp: DEBUG: Training (epoch 17.1): loss = 0.000000, lr = 0.010000
socketio: INFO: emitting event "task update" to 20170509-172259-8252 [/jobs]
digits.webapp: DEBUG: Network validation loss #17.1: 0.0
digits.webapp: DEBUG: Validation (epoch 17.1): loss = 0.000000
digits.webapp: WARNING: Train Tensorflow Model unrecognized output: INFO:tensorflow:/tmp/tmpX3R8Ve/20170509-172259-8252/snapshot_17.ckpt is not in all_model_checkpoint_paths. Manually adding it.
socketio: INFO: emitting event "task update" to 20170509-172259-8252 [/jobs]
socketio: INFO: emitting event "task update" to 20170509-172202-9230 [/jobs]
socketio: INFO: emitting event "task update" to 20170509-172259-8252 [/jobs]
socketio: INFO: emitting event "job update" to job_management [/jobs]
digits.webapp: DEBUG: Training (epoch 17.5): loss = 0.000000, lr = 0.010000
socketio: INFO: emitting event "task update" to 20170509-172259-8252 [/jobs]
socketio: INFO: emitting event "job update" to job_management [/jobs]
digits.webapp: DEBUG: Training (epoch 17.9): loss = 0.000000, lr = 0.010000
socketio: INFO: emitting event "task update" to 20170509-172259-8252 [/jobs]
socketio: INFO: emitting event "job update" to job_management [/jobs]
digits.webapp: DEBUG: Training (epoch 18.3): loss = 0.000000, lr = 0.010000
socketio: INFO: emitting event "task update" to 20170509-172259-8252 [/jobs]
digits.webapp: DEBUG: Network validation loss #18.3: 0.0
digits.webapp: DEBUG: Validation (epoch 18.3): loss = 0.000000
digits.webapp: WARNING: Train Tensorflow Model unrecognized output: INFO:tensorflow:/tmp/tmpX3R8Ve/20170509-172259-8252/snapshot_18.ckpt is not in all_model_checkpoint_paths. Manually adding it.
socketio: INFO: emitting event "task update" to 20170509-172259-8252 [/jobs]
socketio: INFO: emitting event "task update" to 20170509-172259-8252 [/jobs]
socketio: INFO: emitting event "job update" to job_management [/jobs]
digits.webapp: DEBUG: Training (epoch 18.8): loss = 0.000000, lr = 0.010000
socketio: INFO: emitting event "task update" to 20170509-172259-8252 [/jobs]
socketio: INFO: emitting event "job update" to job_management [/jobs]
digits.webapp: DEBUG: Training (epoch 19.2): loss = 0.000000, lr = 0.010000
socketio: INFO: emitting event "task update" to 20170509-172259-8252 [/jobs]
digits.webapp: DEBUG: Network validation loss #19.2: 0.0
digits.webapp: DEBUG: Validation (epoch 19.2): loss = 0.000000
digits.webapp: WARNING: Train Tensorflow Model unrecognized output: INFO:tensorflow:/tmp/tmpX3R8Ve/20170509-172259-8252/snapshot_19.ckpt is not in all_model_checkpoint_paths. Manually adding it.
socketio: INFO: emitting event "task update" to 20170509-172259-8252 [/jobs]
socketio: INFO: emitting event "task update" to 20170509-172259-8252 [/jobs]
socketio: INFO: emitting event "job update" to job_management [/jobs]
digits.webapp: DEBUG: Training (epoch 19.6): loss = 0.000000, lr = 0.010000
socketio: INFO: emitting event "task update" to 20170509-172259-8252 [/jobs]
socketio: INFO: emitting event "job update" to job_management [/jobs]
digits.webapp: DEBUG: Training (epoch 20.0): loss = 0.000000, lr = 0.010000
socketio: INFO: emitting event "task update" to 20170509-172259-8252 [/jobs]
digits.webapp: DEBUG: Network validation loss #20.0: 0.0
digits.webapp: DEBUG: Validation (epoch 20.0): loss = 0.000000
digits.webapp: WARNING: Train Tensorflow Model unrecognized output: INFO:tensorflow:/tmp/tmpX3R8Ve/20170509-172259-8252/snapshot_20.ckpt is not in all_model_checkpoint_paths. Manually adding it.
socketio: INFO: emitting event "task update" to 20170509-172259-8252 [/jobs]
socketio: INFO: emitting event "task update" to 20170509-172259-8252 [/jobs]
socketio: INFO: emitting event "job update" to job_management [/jobs]
digits.webapp: DEBUG: Training (epoch 20.4): loss = 0.000000, lr = 0.010000
socketio: INFO: emitting event "task update" to 20170509-172259-8252 [/jobs]
socketio: INFO: emitting event "job update" to job_management [/jobs]
digits.webapp: DEBUG: Training (epoch 20.8): loss = 0.000000, lr = 0.010000
socketio: INFO: emitting event "task update" to 20170509-172259-8252 [/jobs]
socketio: INFO: emitting event "job update" to job_management [/jobs]
digits.webapp: DEBUG: Training (epoch 21.3): loss = 0.000000, lr = 0.010000
socketio: INFO: emitting event "task update" to 20170509-172259-8252 [/jobs]
digits.webapp: DEBUG: Network validation loss #21.3: 0.0
digits.webapp: DEBUG: Validation (epoch 21.3): loss = 0.000000
digits.webapp: WARNING: Train Tensorflow Model unrecognized output: INFO:tensorflow:/tmp/tmpX3R8Ve/20170509-172259-8252/snapshot_21.ckpt is not in all_model_checkpoint_paths. Manually adding it.
socketio: INFO: emitting event "task update" to 20170509-172259-8252 [/jobs]
socketio: INFO: emitting event "task update" to 20170509-172259-8252 [/jobs]
socketio: INFO: emitting event "job update" to job_management [/jobs]
digits.webapp: DEBUG: Training (epoch 21.7): loss = 0.000000, lr = 0.010000
socketio: INFO: emitting event "task update" to 20170509-172259-8252 [/jobs]
socketio: INFO: emitting event "job update" to job_management [/jobs]
digits.webapp: DEBUG: Training (epoch 22.1): loss = 0.000000, lr = 0.010000
socketio: INFO: emitting event "task update" to 20170509-172259-8252 [/jobs]
digits.webapp: DEBUG: Network validation loss #22.1: 0.0
digits.webapp: DEBUG: Validation (epoch 22.1): loss = 0.000000
digits.webapp: WARNING: Train Tensorflow Model unrecognized output: INFO:tensorflow:/tmp/tmpX3R8Ve/20170509-172259-8252/snapshot_22.ckpt is not in all_model_checkpoint_paths. Manually adding it.
socketio: INFO: emitting event "task update" to 20170509-172259-8252 [/jobs]
socketio: INFO: emitting event "task update" to 20170509-172210-1907 [/jobs]
socketio: INFO: emitting event "task update" to 20170509-172147-4505 [/jobs]
socketio: INFO: emitting event "task update" to 20170509-172259-8252 [/jobs]
socketio: INFO: emitting event "job update" to job_management [/jobs]
digits.webapp: DEBUG: Training (epoch 22.5): loss = 0.000000, lr = 0.010000
socketio: INFO: emitting event "task update" to 20170509-172259-8252 [/jobs]
socketio: INFO: emitting event "job update" to job_management [/jobs]
digits.webapp: DEBUG: Training (epoch 22.9): loss = 0.000000, lr = 0.010000
socketio: INFO: emitting event "task update" to 20170509-172259-8252 [/jobs]
socketio: INFO: emitting event "job update" to job_management [/jobs]
digits.webapp: DEBUG: Training (epoch 23.3): loss = 0.000000, lr = 0.010000
socketio: INFO: emitting event "task update" to 20170509-172259-8252 [/jobs]
digits.webapp: DEBUG: Network validation loss #23.3: 0.0
digits.webapp: DEBUG: Validation (epoch 23.3): loss = 0.000000
digits.webapp: WARNING: Train Tensorflow Model unrecognized output: INFO:tensorflow:/tmp/tmpX3R8Ve/20170509-172259-8252/snapshot_23.ckpt is not in all_model_checkpoint_paths. Manually adding it.
socketio: INFO: emitting event "task update" to 20170509-172259-8252 [/jobs]
socketio: INFO: emitting event "task update" to 20170509-172259-8252 [/jobs]
socketio: INFO: emitting event "job update" to job_management [/jobs]
digits.webapp: DEBUG: Training (epoch 23.8): loss = 0.000000, lr = 0.010000
socketio: INFO: emitting event "task update" to 20170509-172259-8252 [/jobs]
socketio: INFO: emitting event "job update" to job_management [/jobs]
digits.webapp: DEBUG: Training (epoch 24.2): loss = 0.000000, lr = 0.010000
socketio: INFO: emitting event "task update" to 20170509-172259-8252 [/jobs]
digits.webapp: DEBUG: Network validation loss #24.2: 0.0
digits.webapp: DEBUG: Validation (epoch 24.2): loss = 0.000000
digits.webapp: WARNING: Train Tensorflow Model unrecognized output: INFO:tensorflow:/tmp/tmpX3R8Ve/20170509-172259-8252/snapshot_24.ckpt is not in all_model_checkpoint_paths. Manually adding it.
socketio: INFO: emitting event "task update" to 20170509-172259-8252 [/jobs]
socketio: INFO: emitting event "task update" to 20170509-172259-8252 [/jobs]
socketio: INFO: emitting event "job update" to job_management [/jobs]
digits.webapp: DEBUG: Training (epoch 24.6): loss = 0.000000, lr = 0.010000
socketio: INFO: emitting event "task update" to 20170509-172259-8252 [/jobs]
socketio: INFO: emitting event "job update" to job_management [/jobs]
digits.webapp: DEBUG: Training (epoch 25.0): loss = 0.000000, lr = 0.010000
socketio: INFO: emitting event "task update" to 20170509-172259-8252 [/jobs]
digits.webapp: DEBUG: Network validation loss #25.0: 0.0
digits.webapp: DEBUG: Validation (epoch 25.0): loss = 0.000000
digits.webapp: WARNING: Train Tensorflow Model unrecognized output: INFO:tensorflow:/tmp/tmpX3R8Ve/20170509-172259-8252/snapshot_25.ckpt is not in all_model_checkpoint_paths. Manually adding it.
socketio: INFO: emitting event "task update" to 20170509-172259-8252 [/jobs]
socketio: INFO: emitting event "task update" to 20170509-172259-8252 [/jobs]
socketio: INFO: emitting event "job update" to job_management [/jobs]
digits.webapp: DEBUG: Training (epoch 25.4): loss = 0.000000, lr = 0.010000
socketio: INFO: emitting event "task update" to 20170509-172259-8252 [/jobs]
socketio: INFO: emitting event "job update" to job_management [/jobs]
digits.webapp: DEBUG: Training (epoch 25.8): loss = 0.000000, lr = 0.010000
socketio: INFO: emitting event "task update" to 20170509-172259-8252 [/jobs]
socketio: INFO: emitting event "job update" to job_management [/jobs]
digits.webapp: DEBUG: Training (epoch 26.3): loss = 0.000000, lr = 0.010000
socketio: INFO: emitting event "task update" to 20170509-172259-8252 [/jobs]
digits.webapp: DEBUG: Network validation loss #26.3: 0.0
digits.webapp: DEBUG: Validation (epoch 26.3): loss = 0.000000
digits.webapp: WARNING: Train Tensorflow Model unrecognized output: INFO:tensorflow:/tmp/tmpX3R8Ve/20170509-172259-8252/snapshot_26.ckpt is not in all_model_checkpoint_paths. Manually adding it.
socketio: INFO: emitting event "task update" to 20170509-172259-8252 [/jobs]
socketio: INFO: emitting event "task update" to 20170509-172259-8252 [/jobs]
socketio: INFO: emitting event "job update" to job_management [/jobs]
digits.webapp: DEBUG: Training (epoch 26.7): loss = 0.000000, lr = 0.010000
socketio: INFO: emitting event "task update" to 20170509-172259-8252 [/jobs]
socketio: INFO: emitting event "job update" to job_management [/jobs]
digits.webapp: DEBUG: Training (epoch 27.1): loss = 0.000000, lr = 0.010000
socketio: INFO: emitting event "task update" to 20170509-172259-8252 [/jobs]
digits.webapp: DEBUG: Network validation loss #27.1: 0.0
digits.webapp: DEBUG: Validation (epoch 27.1): loss = 0.000000
digits.webapp: WARNING: Train Tensorflow Model unrecognized output: INFO:tensorflow:/tmp/tmpX3R8Ve/20170509-172259-8252/snapshot_27.ckpt is not in all_model_checkpoint_paths. Manually adding it.
socketio: INFO: emitting event "task update" to 20170509-172259-8252 [/jobs]
socketio: INFO: emitting event "task update" to 20170509-172259-8252 [/jobs]
socketio: INFO: emitting event "job update" to job_management [/jobs]
digits.webapp: DEBUG: Training (epoch 27.5): loss = 0.000000, lr = 0.010000
socketio: INFO: emitting event "task update" to 20170509-172259-8252 [/jobs]
socketio: INFO: emitting event "job update" to job_management [/jobs]
digits.webapp: DEBUG: Training (epoch 27.9): loss = 0.000000, lr = 0.010000
socketio: INFO: emitting event "task update" to 20170509-172259-8252 [/jobs]
socketio: INFO: emitting event "job update" to job_management [/jobs]
digits.webapp: DEBUG: Training (epoch 28.3): loss = 0.000000, lr = 0.010000
socketio: INFO: emitting event "task update" to 20170509-172259-8252 [/jobs]
digits.webapp: DEBUG: Network validation loss #28.3: 0.0
digits.webapp: DEBUG: Validation (epoch 28.3): loss = 0.000000
digits.webapp: WARNING: Train Tensorflow Model unrecognized output: INFO:tensorflow:/tmp/tmpX3R8Ve/20170509-172259-8252/snapshot_28.ckpt is not in all_model_checkpoint_paths. Manually adding it.
socketio: INFO: emitting event "task update" to 20170509-172259-8252 [/jobs]
socketio: INFO: emitting event "task update" to 20170509-172259-8252 [/jobs]
socketio: INFO: emitting event "job update" to job_management [/jobs]
digits.webapp: DEBUG: Training (epoch 28.8): loss = 0.000000, lr = 0.010000
socketio: INFO: emitting event "task update" to 20170509-172259-8252 [/jobs]
socketio: INFO: emitting event "job update" to job_management [/jobs]
digits.webapp: DEBUG: Training (epoch 29.2): loss = 0.000000, lr = 0.010000
socketio: INFO: emitting event "task update" to 20170509-172259-8252 [/jobs]
digits.webapp: DEBUG: Network validation loss #29.2: 0.0
digits.webapp: DEBUG: Validation (epoch 29.2): loss = 0.000000
digits.webapp: WARNING: Train Tensorflow Model unrecognized output: INFO:tensorflow:/tmp/tmpX3R8Ve/20170509-172259-8252/snapshot_29.ckpt is not in all_model_checkpoint_paths. Manually adding it.
socketio: INFO: emitting event "task update" to 20170509-172259-8252 [/jobs]
socketio: INFO: emitting event "task update" to 20170509-172218-c9c0 [/jobs]
socketio: INFO: emitting event "task update" to 20170509-172259-8252 [/jobs]
socketio: INFO: emitting event "job update" to job_management [/jobs]
digits.webapp: DEBUG: Training (epoch 29.6): loss = 0.000000, lr = 0.010000
socketio: INFO: emitting event "task update" to 20170509-172259-8252 [/jobs]
socketio: INFO: emitting event "job update" to job_management [/jobs]
digits.webapp: DEBUG: Training (epoch 30.0): loss = 0.000000, lr = 0.010000
socketio: INFO: emitting event "task update" to 20170509-172259-8252 [/jobs]
digits.webapp: DEBUG: Network validation loss #30.0: 0.0
digits.webapp: DEBUG: Validation (epoch 30.0): loss = 0.000000
digits.webapp: WARNING: Train Tensorflow Model unrecognized output: INFO:tensorflow:/tmp/tmpX3R8Ve/20170509-172259-8252/snapshot_30.ckpt is not in all_model_checkpoint_paths. Manually adding it.
socketio: INFO: emitting event "task update" to 20170509-172259-8252 [/jobs]
socketio: INFO: emitting event "task update" to 20170509-172259-8252 [/jobs]
socketio: INFO: emitting event "job update" to job_management [/jobs]
digits.webapp: DEBUG: Training (epoch 30.4): loss = 0.000000, lr = 0.010000
socketio: INFO: emitting event "task update" to 20170509-172259-8252 [/jobs]
socketio: INFO: emitting event "job update" to job_management [/jobs]
digits.webapp: DEBUG: Training (epoch 30.8): loss = 0.000000, lr = 0.010000
socketio: INFO: emitting event "task update" to 20170509-172259-8252 [/jobs]
socketio: INFO: emitting event "job update" to job_management [/jobs]
digits.webapp: DEBUG: Training (epoch 31.3): loss = 0.000000, lr = 0.010000
socketio: INFO: emitting event "task update" to 20170509-172259-8252 [/jobs]
digits.webapp: DEBUG: Network validation loss #31.3: 0.0
digits.webapp: DEBUG: Validation (epoch 31.3): loss = 0.000000
digits.webapp: WARNING: Train Tensorflow Model unrecognized output: INFO:tensorflow:/tmp/tmpX3R8Ve/20170509-172259-8252/snapshot_31.ckpt is not in all_model_checkpoint_paths. Manually adding it.
socketio: INFO: emitting event "task update" to 20170509-172259-8252 [/jobs]
socketio: INFO: emitting event "task update" to 20170509-172259-8252 [/jobs]
socketio: INFO: emitting event "job update" to job_management [/jobs]
digits.webapp: DEBUG: Training (epoch 31.7): loss = 0.000000, lr = 0.010000
socketio: INFO: emitting event "task update" to 20170509-172259-8252 [/jobs]
socketio: INFO: emitting event "job update" to job_management [/jobs]
digits.webapp: DEBUG: Training (epoch 32.1): loss = 0.000000, lr = 0.010000
socketio: INFO: emitting event "task update" to 20170509-172259-8252 [/jobs]
digits.webapp: DEBUG: Network validation loss #32.1: 0.0
digits.webapp: DEBUG: Validation (epoch 32.1): loss = 0.000000
digits.webapp: WARNING: Train Tensorflow Model unrecognized output: INFO:tensorflow:/tmp/tmpX3R8Ve/20170509-172259-8252/snapshot_32.ckpt is not in all_model_checkpoint_paths. Manually adding it.
socketio: INFO: emitting event "task update" to 20170509-172259-8252 [/jobs]
socketio: INFO: emitting event "task update" to 20170509-172259-8252 [/jobs]
socketio: INFO: emitting event "job update" to job_management [/jobs]
digits.webapp: DEBUG: Training (epoch 32.5): loss = 0.000000, lr = 0.010000
socketio: INFO: emitting event "task update" to 20170509-172259-8252 [/jobs]
socketio: INFO: emitting event "job update" to job_management [/jobs]
digits.webapp: DEBUG: Training (epoch 32.9): loss = 0.000000, lr = 0.010000
socketio: INFO: emitting event "task update" to 20170509-172259-8252 [/jobs]
socketio: INFO: emitting event "job update" to job_management [/jobs]
digits.webapp: DEBUG: Training (epoch 33.3): loss = 0.000000, lr = 0.010000
socketio: INFO: emitting event "task update" to 20170509-172259-8252 [/jobs]
digits.webapp: DEBUG: Network validation loss #33.3: 0.0
digits.webapp: DEBUG: Validation (epoch 33.3): loss = 0.000000
digits.webapp: WARNING: Train Tensorflow Model unrecognized output: INFO:tensorflow:/tmp/tmpX3R8Ve/20170509-172259-8252/snapshot_33.ckpt is not in all_model_checkpoint_paths. Manually adding it.
socketio: INFO: emitting event "task update" to 20170509-172259-8252 [/jobs]
socketio: INFO: emitting event "task update" to 20170509-172259-8252 [/jobs]
socketio: INFO: emitting event "job update" to job_management [/jobs]
digits.webapp: DEBUG: Training (epoch 33.8): loss = 0.000000, lr = 0.010000
socketio: INFO: emitting event "task update" to 20170509-172259-8252 [/jobs]
socketio: INFO: emitting event "job update" to job_management [/jobs]
digits.webapp: DEBUG: Training (epoch 34.2): loss = 0.000000, lr = 0.010000
socketio: INFO: emitting event "task update" to 20170509-172259-8252 [/jobs]
digits.webapp: DEBUG: Network validation loss #34.2: 0.0
digits.webapp: DEBUG: Validation (epoch 34.2): loss = 0.000000
digits.webapp: WARNING: Train Tensorflow Model unrecognized output: INFO:tensorflow:/tmp/tmpX3R8Ve/20170509-172259-8252/snapshot_34.ckpt is not in all_model_checkpoint_paths. Manually adding it.
socketio: INFO: emitting event "task update" to 20170509-172259-8252 [/jobs]
socketio: INFO: emitting event "task update" to 20170509-172259-8252 [/jobs]
socketio: INFO: emitting event "job update" to job_management [/jobs]
digits.webapp: DEBUG: Training (epoch 34.6): loss = 0.000000, lr = 0.010000
socketio: INFO: emitting event "task update" to 20170509-172259-8252 [/jobs]
socketio: INFO: emitting event "job update" to job_management [/jobs]
digits.webapp: DEBUG: Training (epoch 35.0): loss = 0.000000, lr = 0.010000
socketio: INFO: emitting event "task update" to 20170509-172259-8252 [/jobs]
digits.webapp: DEBUG: Network validation loss #35.0: 0.0
digits.webapp: DEBUG: Validation (epoch 35.0): loss = 0.000000
digits.webapp: WARNING: Train Tensorflow Model unrecognized output: INFO:tensorflow:/tmp/tmpX3R8Ve/20170509-172259-8252/snapshot_35.ckpt is not in all_model_checkpoint_paths. Manually adding it.
socketio: INFO: emitting event "task update" to 20170509-172259-8252 [/jobs]
socketio: INFO: emitting event "task update" to 20170509-172259-8252 [/jobs]
socketio: INFO: emitting event "job update" to job_management [/jobs]
digits.webapp: DEBUG: Training (epoch 35.4): loss = 0.000000, lr = 0.010000
socketio: INFO: emitting event "task update" to 20170509-172259-8252 [/jobs]
socketio: INFO: emitting event "job update" to job_management [/jobs]
digits.webapp: DEBUG: Training (epoch 35.8): loss = 0.000000, lr = 0.010000
socketio: INFO: emitting event "task update" to 20170509-172259-8252 [/jobs]
socketio: INFO: emitting event "job update" to job_management [/jobs]
digits.webapp: DEBUG: Training (epoch 36.3): loss = 0.000000, lr = 0.010000
socketio: INFO: emitting event "task update" to 20170509-172259-8252 [/jobs]
digits.webapp: DEBUG: Network validation loss #36.3: 0.0
digits.webapp: DEBUG: Validation (epoch 36.3): loss = 0.000000
digits.webapp: WARNING: Train Tensorflow Model unrecognized output: INFO:tensorflow:/tmp/tmpX3R8Ve/20170509-172259-8252/snapshot_36.ckpt is not in all_model_checkpoint_paths. Manually adding it.
socketio: INFO: emitting event "task update" to 20170509-172259-8252 [/jobs]
socketio: INFO: emitting event "task update" to 20170509-172259-8252 [/jobs]
socketio: INFO: emitting event "job update" to job_management [/jobs]
digits.webapp: DEBUG: Training (epoch 36.7): loss = 0.000000, lr = 0.010000
socketio: INFO: emitting event "task update" to 20170509-172259-8252 [/jobs]
socketio: INFO: emitting event "job update" to job_management [/jobs]
digits.webapp: DEBUG: Training (epoch 37.1): loss = 0.000000, lr = 0.010000
socketio: INFO: emitting event "task update" to 20170509-172259-8252 [/jobs]
digits.webapp: DEBUG: Network validation loss #37.1: 0.0
digits.webapp: DEBUG: Validation (epoch 37.1): loss = 0.000000
digits.webapp: WARNING: Train Tensorflow Model unrecognized output: INFO:tensorflow:/tmp/tmpX3R8Ve/20170509-172259-8252/snapshot_37.ckpt is not in all_model_checkpoint_paths. Manually adding it.
socketio: INFO: emitting event "task update" to 20170509-172259-8252 [/jobs]
socketio: INFO: emitting event "task update" to 20170509-172259-8252 [/jobs]
socketio: INFO: emitting event "job update" to job_management [/jobs]
digits.webapp: DEBUG: Training (epoch 37.5): loss = 0.000000, lr = 0.010000
socketio: INFO: emitting event "task update" to 20170509-172259-8252 [/jobs]
socketio: INFO: emitting event "job update" to job_management [/jobs]
digits.webapp: DEBUG: Training (epoch 37.9): loss = 0.000000, lr = 0.010000
socketio: INFO: emitting event "task update" to 20170509-172259-8252 [/jobs]
socketio: INFO: emitting event "job update" to job_management [/jobs]
digits.webapp: DEBUG: Training (epoch 38.3): loss = 0.000000, lr = 0.010000
socketio: INFO: emitting event "task update" to 20170509-172259-8252 [/jobs]
digits.webapp: DEBUG: Network validation loss #38.3: 0.0
digits.webapp: DEBUG: Validation (epoch 38.3): loss = 0.000000
digits.webapp: WARNING: Train Tensorflow Model unrecognized output: INFO:tensorflow:/tmp/tmpX3R8Ve/20170509-172259-8252/snapshot_38.ckpt is not in all_model_checkpoint_paths. Manually adding it.
socketio: INFO: emitting event "task update" to 20170509-172259-8252 [/jobs]
socketio: INFO: emitting event "task update" to 20170509-172259-8252 [/jobs]
socketio: INFO: emitting event "job update" to job_management [/jobs]
digits.webapp: DEBUG: Training (epoch 38.8): loss = 0.000000, lr = 0.010000
socketio: INFO: emitting event "task update" to 20170509-172259-8252 [/jobs]
socketio: INFO: emitting event "job update" to job_management [/jobs]
digits.webapp: DEBUG: Training (epoch 39.2): loss = 0.000000, lr = 0.010000
socketio: INFO: emitting event "task update" to 20170509-172259-8252 [/jobs]
digits.webapp: DEBUG: Network validation loss #39.2: 0.0
digits.webapp: DEBUG: Validation (epoch 39.2): loss = 0.000000
digits.webapp: WARNING: Train Tensorflow Model unrecognized output: INFO:tensorflow:/tmp/tmpX3R8Ve/20170509-172259-8252/snapshot_39.ckpt is not in all_model_checkpoint_paths. Manually adding it.
socketio: INFO: emitting event "task update" to 20170509-172259-8252 [/jobs]
digits.webapp: WARNING: Infer Model unrecognized output: WARNING: log_file config option not found - no log file is being saved
digits.webapp: WARNING: Infer Model unrecognized output: 2017-05-09 17:23:02 [ERROR] InferenceError: Unable to find snapshot for epoch=-1.0
digits.webapp: WARNING: Infer Model unrecognized output: Traceback (most recent call last):
digits.webapp: WARNING: Infer Model unrecognized output: File "/home/ethan/digits_GAN/digits/tools/inference.py", line 293, in <module>
digits.webapp: WARNING: Infer Model unrecognized output: args['resize']
digits.webapp: WARNING: Infer Model unrecognized output: File "/home/ethan/digits_GAN/digits/tools/inference.py", line 79, in infer
digits.webapp: WARNING: Infer Model unrecognized output: raise InferenceError("Unable to find snapshot for epoch=%s" % repr(epoch))
digits.webapp: WARNING: Infer Model unrecognized output: digits.inference.errors.InferenceError: 'Unable to find snapshot for epoch=-1.0'
socketio: INFO: emitting event "task update" to 20170509-172259-8252 [/jobs]
socketio: INFO: emitting event "job update" to job_management [/jobs]
digits.webapp: DEBUG: Training (epoch 39.6): loss = 0.000000, lr = 0.010000
socketio: INFO: emitting event "task update" to 20170509-172259-8252 [/jobs]
socketio: INFO: emitting event "job update" to job_management [/jobs]
digits.webapp: DEBUG: Training (epoch 40.0): loss = 0.000000, lr = 0.010000
socketio: INFO: emitting event "task update" to 20170509-172259-8252 [/jobs]
digits.webapp: DEBUG: Network validation loss #40.0: 0.0
digits.webapp: DEBUG: Validation (epoch 40.0): loss = 0.000000
digits.webapp: WARNING: Train Tensorflow Model unrecognized output: INFO:tensorflow:/tmp/tmpX3R8Ve/20170509-172259-8252/snapshot_40.ckpt is not in all_model_checkpoint_paths. Manually adding it.
socketio: INFO: emitting event "task update" to 20170509-172259-8252 [/jobs]
socketio: INFO: emitting event "task update" to 20170509-172259-8252 [/jobs]
socketio: INFO: emitting event "job update" to job_management [/jobs]
digits.webapp: DEBUG: Training (epoch 40.4): loss = 0.000000, lr = 0.010000
socketio: INFO: emitting event "task update" to 20170509-172259-8252 [/jobs]
socketio: INFO: emitting event "job update" to job_management [/jobs]
digits.webapp: DEBUG: Training (epoch 40.8): loss = 0.000000, lr = 0.010000
socketio: INFO: emitting event "task update" to 20170509-172259-8252 [/jobs]
socketio: INFO: emitting event "job update" to job_management [/jobs]
digits.webapp: DEBUG: Training (epoch 41.3): loss = 0.000000, lr = 0.010000
socketio: INFO: emitting event "task update" to 20170509-172259-8252 [/jobs]
digits.webapp: DEBUG: Network validation loss #41.3: 0.0
digits.webapp: DEBUG: Validation (epoch 41.3): loss = 0.000000
digits.webapp: WARNING: Train Tensorflow Model unrecognized output: INFO:tensorflow:/tmp/tmpX3R8Ve/20170509-172259-8252/snapshot_41.ckpt is not in all_model_checkpoint_paths. Manually adding it.
socketio: INFO: emitting event "task update" to 20170509-172259-8252 [/jobs]
socketio: INFO: emitting event "task update" to 20170509-172259-8252 [/jobs]
socketio: INFO: emitting event "job update" to job_management [/jobs]
digits.webapp: DEBUG: Training (epoch 41.7): loss = 0.000000, lr = 0.010000
socketio: INFO: emitting event "task update" to 20170509-172259-8252 [/jobs]
socketio: INFO: emitting event "job update" to job_management [/jobs]
digits.webapp: DEBUG: Training (epoch 42.1): loss = 0.000000, lr = 0.010000
socketio: INFO: emitting event "task update" to 20170509-172259-8252 [/jobs]
digits.webapp: DEBUG: Network validation loss #42.1: 0.0
digits.webapp: DEBUG: Validation (epoch 42.1): loss = 0.000000
digits.webapp: WARNING: Train Tensorflow Model unrecognized output: INFO:tensorflow:/tmp/tmpX3R8Ve/20170509-172259-8252/snapshot_42.ckpt is not in all_model_checkpoint_paths. Manually adding it.
socketio: INFO: emitting event "task update" to 20170509-172259-8252 [/jobs]
socketio: INFO: emitting event "task update" to 20170509-172259-8252 [/jobs]
socketio: INFO: emitting event "job update" to job_management [/jobs]
digits.webapp: DEBUG: Training (epoch 42.5): loss = 0.000000, lr = 0.010000
socketio: INFO: emitting event "task update" to 20170509-172259-8252 [/jobs]
socketio: INFO: emitting event "job update" to job_management [/jobs]
digits.webapp: DEBUG: Training (epoch 42.9): loss = 0.000000, lr = 0.010000
socketio: INFO: emitting event "task update" to 20170509-172259-8252 [/jobs]
socketio: INFO: emitting event "job update" to job_management [/jobs]
digits.webapp: DEBUG: Training (epoch 43.3): loss = 0.000000, lr = 0.010000
socketio: INFO: emitting event "task update" to 20170509-172259-8252 [/jobs]
digits.webapp: DEBUG: Network validation loss #43.3: 0.0
digits.webapp: DEBUG: Validation (epoch 43.3): loss = 0.000000
digits.webapp: WARNING: Train Tensorflow Model unrecognized output: INFO:tensorflow:/tmp/tmpX3R8Ve/20170509-172259-8252/snapshot_43.ckpt is not in all_model_checkpoint_paths. Manually adding it.
socketio: INFO: emitting event "task update" to 20170509-172259-8252 [/jobs]
digits.webapp: ERROR: Infer Model task failed with error code 1
socketio: INFO: emitting event "task update" to 20170509-172259-2383 [/jobs]
socketio: INFO: emitting event "job update" to 20170509-172259-2383 [/jobs]
socketio: INFO: emitting event "job update" to job_management [/jobs]
socketio: INFO: emitting event "server update" to job_management [/jobs]
socketio: INFO: emitting event "task update" to 20170509-172114-d063 [/jobs]
socketio: INFO: emitting event "task update" to 20170509-172259-8252 [/jobs]
socketio: INFO: emitting event "job update" to job_management [/jobs]
digits.webapp: DEBUG: Training (epoch 43.8): loss = 0.000000, lr = 0.010000
socketio: INFO: emitting event "task update" to 20170509-172259-8252 [/jobs]
socketio: INFO: emitting event "job update" to job_management [/jobs]
digits.webapp: DEBUG: Training (epoch 44.2): loss = 0.000000, lr = 0.010000
socketio: INFO: emitting event "task update" to 20170509-172259-8252 [/jobs]
digits.webapp: DEBUG: Network validation loss #44.2: 0.0
digits.webapp: DEBUG: Validation (epoch 44.2): loss = 0.000000
digits.webapp: WARNING: Train Tensorflow Model unrecognized output: INFO:tensorflow:/tmp/tmpX3R8Ve/20170509-172259-8252/snapshot_44.ckpt is not in all_model_checkpoint_paths. Manually adding it.
socketio: INFO: emitting event "task update" to 20170509-172259-8252 [/jobs]
socketio: INFO: emitting event "task update" to 20170509-172259-8252 [/jobs]
socketio: INFO: emitting event "job update" to job_management [/jobs]
digits.webapp: DEBUG: Training (epoch 44.6): loss = 0.000000, lr = 0.010000
socketio: INFO: emitting event "task update" to 20170509-172259-8252 [/jobs]
socketio: INFO: emitting event "job update" to job_management [/jobs]
digits.webapp: DEBUG: Training (epoch 45.0): loss = 0.000000, lr = 0.010000
socketio: INFO: emitting event "task update" to 20170509-172259-8252 [/jobs]
digits.webapp: DEBUG: Network validation loss #45.0: 0.0
digits.webapp: DEBUG: Validation (epoch 45.0): loss = 0.000000
digits.webapp: WARNING: Train Tensorflow Model unrecognized output: INFO:tensorflow:/tmp/tmpX3R8Ve/20170509-172259-8252/snapshot_45.ckpt is not in all_model_checkpoint_paths. Manually adding it.
socketio: INFO: emitting event "task update" to 20170509-172259-8252 [/jobs]
socketio: INFO: emitting event "task update" to 20170509-172259-8252 [/jobs]
socketio: INFO: emitting event "job update" to job_management [/jobs]
digits.webapp: DEBUG: Training (epoch 45.4): loss = 0.000000, lr = 0.010000
socketio: INFO: emitting event "task update" to 20170509-172259-8252 [/jobs]
socketio: INFO: emitting event "job update" to job_management [/jobs]
digits.webapp: DEBUG: Training (epoch 45.8): loss = 0.000000, lr = 0.010000
socketio: INFO: emitting event "task update" to 20170509-172259-8252 [/jobs]
socketio: INFO: emitting event "job update" to job_management [/jobs]
digits.webapp: DEBUG: Training (epoch 46.3): loss = 0.000000, lr = 0.010000
socketio: INFO: emitting event "task update" to 20170509-172259-8252 [/jobs]
digits.webapp: DEBUG: Network validation loss #46.3: 0.0
digits.webapp: DEBUG: Validation (epoch 46.3): loss = 0.000000
digits.webapp: WARNING: Train Tensorflow Model unrecognized output: INFO:tensorflow:/tmp/tmpX3R8Ve/20170509-172259-8252/snapshot_46.ckpt is not in all_model_checkpoint_paths. Manually adding it.
socketio: INFO: emitting event "task update" to 20170509-172259-8252 [/jobs]
socketio: INFO: emitting event "job update" to 20170509-172259-2383 [/jobs]
socketio: INFO: emitting event "job update" to job_management [/jobs]
digits: INFO: Job deleted.
socketio: INFO: emitting event "job update" to job_management [/jobs]
socketio: INFO: emitting event "job update" to 20170509-172259-8252 [/jobs]
socketio: INFO: emitting event "job update" to job_management [/jobs]
digits: INFO: Job deleted.
socketio: INFO: emitting event "job update" to job_management [/jobs]
--------------------- >> end captured logging << ---------------------

======================================================================
FAIL: digits.model.images.classification.test_views.TestTensorflowCreatedWideMultiStepLR.test_model_json
----------------------------------------------------------------------
Traceback (most recent call last):
  File "/home/ethan/.local/lib/python2.7/site-packages/nose/case.py", line 197, in runTest
    self.test(*self.arg)
  File "/home/ethan/digits_GAN/digits/model/images/classification/test_views.py", line 639, in test_model_json
    assert len(content['snapshots']) > 0, 'no snapshots in list'
AssertionError: no snapshots in list

======================================================================
FAIL: digits.model.images.classification.test_views.TestTensorflowCreatedWideMultiStepLR.test_top_n
----------------------------------------------------------------------
Traceback (most recent call last):
  File "/home/ethan/.local/lib/python2.7/site-packages/nose/case.py", line 197, in runTest
    self.test(*self.arg)
  File "/home/ethan/digits_GAN/digits/model/images/classification/test_views.py", line 812, in test_top_n
    assert key in rv.data, '"%s" not found in the response'
AssertionError: "%s" not found in the response
-------------------- >> begin captured logging << --------------------
socketio: INFO: emitting event "job update" to job_management [/jobs]
socketio: INFO: emitting event "task update" to 20170509-172259-8252 [/jobs]
socketio: INFO: emitting event "job update" to 20170509-172303-cbbd [/jobs]
socketio: INFO: emitting event "job update" to job_management [/jobs]
socketio: INFO: emitting event "server update" to job_management [/jobs]
digits.webapp: INFO: Infer Model task started.
socketio: INFO: emitting event "task update" to 20170509-172303-cbbd [/jobs]
socketio: INFO: emitting event "job update" to 20170509-172303-cbbd [/jobs]
socketio: INFO: emitting event "job update" to job_management [/jobs]
digits.webapp: INFO: Task subprocess args: "/usr/bin/python2 /home/ethan/digits_GAN/digits/tools/inference.py /tmp/tmpX3R8Ve/20170509-172303-cbbd/tmpBSd5u2.txt /tmp/tmpX3R8Ve/20170509-172303-cbbd 20170509-172227-0156 --jobs_dir=/tmp/tmpX3R8Ve --layers=none"
socketio: INFO: emitting event "server update" to job_management [/jobs]
socketio: INFO: emitting event "task update" to 20170509-172227-0156 [/jobs]
socketio: INFO: emitting event "task update" to 20170509-172202-9230 [/jobs]
socketio: INFO: emitting event "task update" to 20170509-172210-1907 [/jobs]
socketio: INFO: emitting event "task update" to 20170509-172147-4505 [/jobs]
socketio: INFO: emitting event "task update" to 20170509-172218-c9c0 [/jobs]
socketio: INFO: emitting event "task update" to 20170509-172259-8252 [/jobs]
socketio: INFO: emitting event "task update" to 20170509-172114-d063 [/jobs]
socketio: INFO: emitting event "task update" to 20170509-172227-0156 [/jobs]
socketio: INFO: emitting event "task update" to 20170509-172202-9230 [/jobs]
socketio: INFO: emitting event "task update" to 20170509-172210-1907 [/jobs]
socketio: INFO: emitting event "task update" to 20170509-172147-4505 [/jobs]
socketio: INFO: emitting event "task update" to 20170509-172218-c9c0 [/jobs]
socketio: INFO: emitting event "task update" to 20170509-172259-8252 [/jobs]
socketio: INFO: emitting event "task update" to 20170509-172114-d063 [/jobs]
socketio: INFO: emitting event "task update" to 20170509-172227-0156 [/jobs]
socketio: INFO: emitting event "task update" to 20170509-172202-9230 [/jobs]
socketio: INFO: emitting event "task update" to 20170509-172210-1907 [/jobs]
socketio: INFO: emitting event "task update" to 20170509-172147-4505 [/jobs]
socketio: INFO: emitting event "task update" to 20170509-172218-c9c0 [/jobs]
digits.webapp: WARNING: Infer Model unrecognized output: WARNING: log_file config option not found - no log file is being saved
digits.webapp: WARNING: Infer Model unrecognized output: 2017-05-09 17:23:05 [ERROR] InferenceError: Unable to find snapshot for epoch=-1.0
digits.webapp: WARNING: Infer Model unrecognized output: Traceback (most recent call last):
digits.webapp: WARNING: Infer Model unrecognized output: File "/home/ethan/digits_GAN/digits/tools/inference.py", line 293, in <module>
digits.webapp: WARNING: Infer Model unrecognized output: args['resize']
digits.webapp: WARNING: Infer Model unrecognized output: File "/home/ethan/digits_GAN/digits/tools/inference.py", line 79, in infer
digits.webapp: WARNING: Infer Model unrecognized output: raise InferenceError("Unable to find snapshot for epoch=%s" % repr(epoch))
digits.webapp: WARNING: Infer Model unrecognized output: digits.inference.errors.InferenceError: 'Unable to find snapshot for epoch=-1.0'
socketio: INFO: emitting event "task update" to 20170509-172259-8252 [/jobs]
digits.webapp: ERROR: Infer Model task failed with error code 1
socketio: INFO: emitting event "task update" to 20170509-172303-cbbd [/jobs]
socketio: INFO: emitting event "job update" to 20170509-172303-cbbd [/jobs]
socketio: INFO: emitting event "job update" to job_management [/jobs]
socketio: INFO: emitting event "server update" to job_management [/jobs]
socketio: INFO: emitting event "task update" to 20170509-172114-d063 [/jobs]
socketio: INFO: emitting event "job update" to 20170509-172303-cbbd [/jobs]
socketio: INFO: emitting event "job update" to job_management [/jobs]
digits: INFO: Job deleted.
socketio: INFO: emitting event "job update" to job_management [/jobs]
--------------------- >> end captured logging << ---------------------

======================================================================
FAIL: digits.model.images.classification.test_views.TestTensorflowCreatedWideMultiStepLR.test_top_n_from_folder
----------------------------------------------------------------------
Traceback (most recent call last):
  File "/home/ethan/.local/lib/python2.7/site-packages/nose/case.py", line 197, in runTest
    self.test(*self.arg)
  File "/home/ethan/digits_GAN/digits/model/images/classification/test_views.py", line 836, in test_top_n_from_folder
    assert key in rv.data, '"%s" not found in the response'
AssertionError: "%s" not found in the response
-------------------- >> begin captured logging << --------------------
socketio: INFO: emitting event "job update" to job_management [/jobs]
socketio: INFO: emitting event "job update" to 20170509-172306-f88a [/jobs]
socketio: INFO: emitting event "job update" to job_management [/jobs]
socketio: INFO: emitting event "server update" to job_management [/jobs]
socketio: INFO: emitting event "server update" to job_management [/jobs]
digits.webapp: INFO: Infer Model task started.
socketio: INFO: emitting event "task update" to 20170509-172306-f88a [/jobs]
socketio: INFO: emitting event "job update" to 20170509-172306-f88a [/jobs]
socketio: INFO: emitting event "job update" to job_management [/jobs]
digits.webapp: INFO: Task subprocess args: "/usr/bin/python2 /home/ethan/digits_GAN/digits/tools/inference.py /tmp/tmpX3R8Ve/20170509-172306-f88a/tmpDAzDTv.txt /tmp/tmpX3R8Ve/20170509-172306-f88a 20170509-172227-0156 --jobs_dir=/tmp/tmpX3R8Ve --layers=none --gpu=0"
socketio: INFO: emitting event "task update" to 20170509-172227-0156 [/jobs]
socketio: INFO: emitting event "task update" to 20170509-172202-9230 [/jobs]
socketio: INFO: emitting event "task update" to 20170509-172210-1907 [/jobs]
socketio: INFO: emitting event "task update" to 20170509-172147-4505 [/jobs]
socketio: INFO: emitting event "task update" to 20170509-172218-c9c0 [/jobs]
socketio: INFO: emitting event "task update" to 20170509-172259-8252 [/jobs]
socketio: INFO: emitting event "task update" to 20170509-172114-d063 [/jobs]
socketio: INFO: emitting event "task update" to 20170509-172227-0156 [/jobs]
socketio: INFO: emitting event "task update" to 20170509-172202-9230 [/jobs]
socketio: INFO: emitting event "task update" to 20170509-172210-1907 [/jobs]
socketio: INFO: emitting event "task update" to 20170509-172147-4505 [/jobs]
socketio: INFO: emitting event "task update" to 20170509-172218-c9c0 [/jobs]
socketio: INFO: emitting event "task update" to 20170509-172259-8252 [/jobs]
socketio: INFO: emitting event "task update" to 20170509-172114-d063 [/jobs]
socketio: INFO: emitting event "task update" to 20170509-172227-0156 [/jobs]
socketio: INFO: emitting event "task update" to 20170509-172202-9230 [/jobs]
socketio: INFO: emitting event "task update" to 20170509-172210-1907 [/jobs]
socketio: INFO: emitting event "task update" to 20170509-172147-4505 [/jobs]
socketio: INFO: emitting event "task update" to 20170509-172218-c9c0 [/jobs]
digits.webapp: WARNING: Infer Model unrecognized output: WARNING: log_file config option not found - no log file is being saved
digits.webapp: WARNING: Infer Model unrecognized output: 2017-05-09 17:23:08 [ERROR] InferenceError: Unable to find snapshot for epoch=-1.0
digits.webapp: WARNING: Infer Model unrecognized output: Traceback (most recent call last):
digits.webapp: WARNING: Infer Model unrecognized output: File "/home/ethan/digits_GAN/digits/tools/inference.py", line 293, in <module>
digits.webapp: WARNING: Infer Model unrecognized output: args['resize']
digits.webapp: WARNING: Infer Model unrecognized output: File "/home/ethan/digits_GAN/digits/tools/inference.py", line 79, in infer
digits.webapp: WARNING: Infer Model unrecognized output: raise InferenceError("Unable to find snapshot for epoch=%s" % repr(epoch))
digits.webapp: WARNING: Infer Model unrecognized output: digits.inference.errors.InferenceError: 'Unable to find snapshot for epoch=-1.0'
socketio: INFO: emitting event "task update" to 20170509-172259-8252 [/jobs]
socketio: INFO: emitting event "task update" to 20170509-172114-d063 [/jobs]
digits.webapp: ERROR: Infer Model task failed with error code 1
socketio: INFO: emitting event "task update" to 20170509-172306-f88a [/jobs]
socketio: INFO: emitting event "job update" to 20170509-172306-f88a [/jobs]
socketio: INFO: emitting event "job update" to job_management [/jobs]
socketio: INFO: emitting event "server update" to job_management [/jobs]
socketio: INFO: emitting event "server update" to job_management [/jobs]
socketio: INFO: emitting event "job update" to 20170509-172306-f88a [/jobs]
socketio: INFO: emitting event "job update" to job_management [/jobs]
digits: INFO: Job deleted.
socketio: INFO: emitting event "job update" to job_management [/jobs]
--------------------- >> end captured logging << ---------------------

======================================================================
FAIL: digits.model.images.classification.test_views.TestTensorflowCreation.test_classify_one_mean_image
----------------------------------------------------------------------
Traceback (most recent call last):
  File "/home/ethan/.local/lib/python2.7/site-packages/nose/case.py", line 197, in runTest
    self.test(*self.arg)
  File "/home/ethan/digits_GAN/digits/model/images/classification/test_views.py", line 433, in test_classify_one_mean_image
    self.classify_one_for_job(job_id)
  File "/home/ethan/digits_GAN/digits/model/images/classification/test_views.py", line 423, in classify_one_for_job
    assert rv.status_code == 200, 'POST failed with %s\n\n%s' % (rv.status_code, body)
AssertionError: POST failed with 500

[<body>\n<div class="navbar navbar-inverse navbar-fixed-top">\n<div class="container">\n<div class="navbar-header">\n<a class="navbar-brand" href="/">DIGITS</a>\n</div>\n<ul class="nav navbar-nav">\n<li><a href="/models/20170509-172317-7da8">test_model</a></li>\n<li class="active"><a>Classify One</a></li>\n</ul>\n<ul class="nav navbar-nav navbar-right">\n<li>\n<p class="navbar-text">\n            digits-testsuite (<a class="navbar-link" href="/logout">Logout</a>)\n            </p>\n</li>\n<li class="dropdown">\n<a class="dropdown-toggle" data-toggle="dropdown" href="#">Info<span class="caret"></span></a>\n<ul class="dropdown-menu navbar-inverse">\n<li><span class="navbar-text">Server: ethan-computer</span></li>\n<li><span class="navbar-text">DIGITS version: <br> 5.1-dev</br></span></li>\n<li><span class="navbar-text">Caffe version: <br> 0.15.13</br></span></li>\n<li><span class="navbar-text">Caffe flavor: <br> NVIDIA</br></span></li>\n</ul>\n</li>\n<li class="dropdown">\n<a class="dropdown-toggle" data-toggle="dropdown" href="#">About<span class="caret"></span></a>\n<ul class="dropdown-menu about-menu navbar-inverse">\n<li><span class="navbar-text"><a href="https://developer.nvidia.com/digits" target="_blank">\n                        DIGITS on developer.nvidia.com\n                    </a></span></li>\n<li><span class="navbar-text"><a href="https://github.com/NVIDIA/DIGITS" target="_blank">\n                        DIGITS on GitHub\n                    </a></span></li>\n<li><span class="navbar-text"><a href="https://groups.google.com/d/forum/digits-users" target="_blank">\n                        DIGITS user group\n                    </a></span></li>\n<li><span class="navbar-text"><a href="mailto:digits@nvidia.com">\n                        digits@nvidia.com\n                    </a></span></li>\n</ul>\n</li>\n</ul>\n</div>\n</div>\n<div class="container">\n<div class="jumbotron">\n<div class="container">\n<div class="row">\n<div class="col-sm-12" id="show-job-name">\n<h2 style="display:inline;">Classify One Image</h2>\n</div>\n<div class="col-sm-4" id="edit-job-name" style="display:none;">\n<script>\nfunction updateJobName() {\n    var newName = $("input[name=job-name]").val();\n    $.ajax("/jobs/20170509-172319-d92d",\n            {\n                type: "PUT",\n                data: {"job_name": newName}\n                }\n          )\n    .done(function() {\n            $("#show-job-name h2").html(newName);\n            $('#edit-job-name').hide(); $('#show-job-name').show();\n            })\n    .fail(function(data) { errorAlert(data); });\n    return false;\n}\n                </script>\n<input class="form-control" name="job-name" value="Classify One Image"/>\n<a class="btn btn-primary" href="#" onclick="return updateJobName();">Update</a>\n<a class="btn btn-info" href="#" onclick="$('#edit-job-name').hide(); $('#show-job-name').show(); return false;">Cancel</a>\n</div>\n</div>\n<small>Owner: digits-testsuite</small>\n<div class="pull-right">\n<a class="btn btn-info" disabled="" id="clone-job">Clone Job</a>\n<a class="btn btn-warning hidden disabled" id="abort-job">Abort Job</a>\n<a class="btn btn-danger disabled" id="delete-job">Delete Job</a>\n</div>\n</div>\n<script>\n$('#abort-job').on('click', function(event) {\n        event.preventDefault();\n        bootbox.confirm(\n            'Are you sure you want to abort this job?',\n            function(result) {\n                if (result)\n                    $.ajax("/jobs/20170509-172319-d92d/abort",\n                        {type: "POST"})\n                    .done(function() {\n                        $("#abort-job").hide();\n                        })\n                    .fail(function(data) { errorAlert(data); });\n            });\n        });\n\n$('#delete-job').on('click', function(event) {\n        event.preventDefault();\n        bootbox.confirm(\n            'Are you sure you want to delete this job?<br><br>All related files will be permanently removed.',\n            function(result) {\n                if (result)\n                    $.ajax("/jobs/20170509-172319-d92d",\n                        {type: "DELETE"})\n                    .done(function() {\n                        window.location = "/";\n                        })\n                    .fail(function(data) { errorAlert(data); });\n            });\n        });\n    </script>\n</div>\n<div class="row">\n<!-- Job content -->\n<div class="col-sm-8">\n<script src="/static/js/3rdparty/jquery.elevateZoom-3.0.8.min.js?ver=4606b4a4404b87a591d409910710feb1"></script>\n<div class="page-header">\n<h1>\n        test_model\n        <small>\n            Image Classification Model\n        </small>\n</h1>\n</div>\n<div class="row">\n<div class="alert alert-danger">\n<p>Classification failed, see job log</p>\n</div>\n</div>\n</div>\n<!-- Tasks -->\n<div class="col-sm-4">\n<div class="panel-group">\n<div class="panel panel-danger" id="job-statuses">\n<div class="panel-heading">\n<h4 class="panel-title">\n                    Job Status\n                    <small>Error</small>\n</h4>\n</div>\n<div class="panel-collapse">\n<div class="panel-body">\n<div class="job-statuses">\n<ul>\n<li>\n<span class="text-warning">Initialized</span>\n        at 05:23:20 PM\n            <small>(0 seconds)</small>\n</li>\n<li>\n<span class="text-info">Running</span>\n        at 05:23:20 PM\n            <small>(3 seconds)</small>\n</li>\n<li>\n<span class="text-danger">Error</span>\n        at 05:23:23 PM\n            <br>\n<small>(Total - 3 seconds)</small>\n</br></li>\n</ul>\n</div>\n<div class="panel-group">\n<div class="panel panel-danger" id="task-140099488392912-status">\n<div class="panel-heading">\n<h4 class="panel-title">\n<a data-toggle="collapse" href="#task-140099488392912-status-collapse">\n                                            Infer Model\n                                            <small>Error</small>\n<span class="caret"></span>\n</a>\n</h4>\n</div>\n<div class="panel-collapse collapse in" id="task-140099488392912-status-collapse">\n<div class="panel-body">\n<div class="task-progress" style="display:none;">\n<div class="progress">\n<div class="progress-bar" style="width:0%">\n                                                    0%\n                                                </div>\n</div>\n                                            Estimated time remaining: <span class="task-eta">?</span>\n<br/>\n<br/>\n</div>\n<div class="task-statuses">\n<ul>\n<li>\n<span class="text-warning">Initialized</span>\n        at 05:23:20 PM\n            <small>(0 seconds)</small>\n</li>\n<li>\n<span class="text-info">Running</span>\n        at 05:23:20 PM\n            <small>(3 seconds)</small>\n</li>\n<li>\n<span class="text-danger">Error</span>\n        at 05:23:23 PM\n            <br>\n<small>(Total - 3 seconds)</small>\n</br></li>\n</ul>\n<h4 class="text-danger">ERROR: error code 1</h4>\n<pre>\nWARNING: log_file config option not found - no log file is being saved\n2017-05-09 17:23:22 [ERROR] InferenceError: Unable to find snapshot for epoch=-1.0\nTraceback (most recent call last):\nFile "/home/ethan/digits_GAN/digits/tools/inference.py", line 293, in &lt;module&gt;\nargs['resize']\nFile "/home/ethan/digits_GAN/digits/tools/inference.py", line 79, in infer\nraise InferenceError("Unable to find snapshot for epoch=%s" % repr(epoch))\ndigits.inference.errors.InferenceError: 'Unable to find snapshot for epoch=-1.0'\n        </pre>\n</div>\n</div>\n</div>\n</div>\n</div>\n</div>\n</div>\n</div>\n</div>\n<div class="gpu-utilization-info" style="display:none;"></div>\n<!-- Related jobs -->\n<div class="panel panel-default" id="notes-information">\n<div class="panel-heading">\n<h4>Notes</h4>\n</div>\n<div class="panel-body">\n<div class="col-sm-12" id="show-job-notes">\n<p style="display:inline;">None</p>\n</div>\n<div class="col-sm-12" id="edit-job-notes" style="display:none;">\n<script type="text/javascript">\n                        function updateJobNotes() {\n                        var newNotes = $("textarea[name=job-notes]").val();\n                        $.ajax("/jobs/20170509-172319-d92d",\n                                {\n                                    type: "PUT",\n                                    data: {"job_notes": newNotes}\n                                    }\n                              )\n                        .done(function() {\n                                $("#show-job-notes p").html(newNotes);\n                                $('#edit-job-notes').hide(); $('#show-job-notes').show();\n                                })\n                        .fail(function(data) { errorAlert(data); });\n                        return false;\n                    }\n                    </script>\n<textarea class="form-control" name="job-notes" placeholder="Enter notes" rows="5"></textarea>\n<a class="btn btn-primary" href="#" onclick="return updateJobNotes();">Update</a>\n<a class="btn btn-info" href="#" onclick="$('#edit-job-notes').hide(); $('#show-job-notes').show(); return false;">Cancel</a>\n</div>\n</div>\n</div>\n</div>\n</div>\n<div class="row">\n<script type="text/javascript">\n    function drawHistogram(id, data) {\n        c3.generate({\n            bindto: id,\n            size: {height: 200},\n            data: {\n                columns: [\n                    ['Count'].concat(data[0]),\n                    ['Value'].concat(data[1]),\n                ],\n                x: 'Value',\n                type: 'area-spline',\n            },\n            axis: {\n                x: {\n                    label: {\n                        text: 'Value',\n                        position: 'outer-center',\n                    },\n                    tick: {\n                        values: data[2],\n                        format: d3.format('.3g'),\n                    },\n                    padding: {left: 0},\n                },\n                y: {\n                    padding: {bottom: 0},\n                },\n            },\n            bar: {\n               width: {ratio: 0.2}\n            },\n            padding: {left: 20, right: 20},\n            legend: {hide: true},\n        });\n    }\n</script>\n<style>\n    div.histogram .c3-axis-y .tick {\n        display: none;\n    }\n</style>\n</div>\n</div>\n<script>\n$SCRIPT_ROOT = "";\n\n$(".explanation-tooltip").tooltip();\n\nwindow.onload = function () {\n    $('.autocomplete_path').autocomplete({\n       serviceUrl: '/autocomplete/path',\n       formatResult: function (suggestion, currentValue)\n       {\n            function baseName(str)\n            {\n               var base = new String(str).substring(str.lastIndexOf('/') + 1);\n               return base;\n            }\n            return baseName(suggestion.value);\n        },\n        minChars: 0\n    });\n    $(".autocomplete_path").removeAttr("autocomplete");\n};\n\n</script>\n<style>\n .about-menu {\n     width: 240px !important;\n }\n .brightness {\n     display: inline-block;\n }\n .brightness img:hover {\n     opacity: .75;\n }\n</style>\n</body>]
-------------------- >> begin captured logging << --------------------
socketio: INFO: emitting event "job update" to job_management [/jobs]
socketio: INFO: emitting event "job update" to 20170509-172317-7da8 [/jobs]
socketio: INFO: emitting event "job update" to job_management [/jobs]
socketio: INFO: emitting event "server update" to job_management [/jobs]
socketio: INFO: emitting event "task update" to 20170509-172315-d38b [/jobs]
socketio: INFO: emitting event "task update" to 20170509-172202-9230 [/jobs]
digits.webapp: INFO: Train Tensorflow Model task started.
socketio: INFO: emitting event "task update" to 20170509-172317-7da8 [/jobs]
socketio: INFO: emitting event "job update" to 20170509-172317-7da8 [/jobs]
socketio: INFO: emitting event "job update" to job_management [/jobs]
digits.webapp: INFO: Task subprocess args: "python2 /home/ethan/digits_GAN/digits/tools/tensorflow/main.py --network=network.py --epoch=1 --networkDirectory=/tmp/tmpX3R8Ve/20170509-172317-7da8 --save=/tmp/tmpX3R8Ve/20170509-172317-7da8 --snapshotPrefix=snapshot --snapshotInterval=1 --lr_base_rate=0.01 --lr_policy=step --batch_size=10 --mean=/tmp/tmpX3R8Ve/20170509-172309-8ab8/mean.binaryproto --labels_list=/tmp/tmpX3R8Ve/20170509-172309-8ab8/labels.txt --train_db=/tmp/tmpX3R8Ve/20170509-172309-8ab8/train_db --validation_db=/tmp/tmpX3R8Ve/20170509-172309-8ab8/val_db --lr_gamma=0.1 --lr_stepvalues=33 --subtractMean=image --seed=3405691582 --optimization=sgd --validation_interval=1 --log_runtime_stats_per_step=0 --augFlip=none --augHSVh=0 --augHSVs=0 --augHSVv=0"
socketio: INFO: emitting event "task update" to 20170509-172317-7da8 [/jobs]
socketio: INFO: emitting event "task update" to 20170509-172210-1907 [/jobs]
socketio: INFO: emitting event "task update" to 20170509-172147-4505 [/jobs]
socketio: INFO: emitting event "task update" to 20170509-172218-c9c0 [/jobs]
socketio: INFO: emitting event "task update" to 20170509-172259-8252 [/jobs]
socketio: INFO: emitting event "task update" to 20170509-172114-d063 [/jobs]
socketio: INFO: emitting event "task update" to 20170509-172227-0156 [/jobs]
socketio: INFO: emitting event "task update" to 20170509-172315-d38b [/jobs]
socketio: INFO: emitting event "task update" to 20170509-172202-9230 [/jobs]
socketio: INFO: emitting event "task update" to 20170509-172210-1907 [/jobs]
socketio: INFO: emitting event "task update" to 20170509-172147-4505 [/jobs]
socketio: INFO: emitting event "task update" to 20170509-172218-c9c0 [/jobs]
digits.webapp: WARNING: Train Tensorflow Model unrecognized output: 2017-05-09 17:23:18.916544: W tensorflow/core/platform/cpu_feature_guard.cc:45] The TensorFlow library wasn't compiled to use SSE4.1 instructions, but these are available on your machine and could speed up CPU computations.
digits.webapp: WARNING: Train Tensorflow Model unrecognized output: 2017-05-09 17:23:18.916554: W tensorflow/core/platform/cpu_feature_guard.cc:45] The TensorFlow library wasn't compiled to use SSE4.2 instructions, but these are available on your machine and could speed up CPU computations.
digits.webapp: WARNING: Train Tensorflow Model unrecognized output: 2017-05-09 17:23:18.916559: W tensorflow/core/platform/cpu_feature_guard.cc:45] The TensorFlow library wasn't compiled to use AVX instructions, but these are available on your machine and could speed up CPU computations.
digits.webapp: WARNING: Train Tensorflow Model unrecognized output: 2017-05-09 17:23:19.025257: I tensorflow/stream_executor/cuda/cuda_gpu_executor.cc:901] successful NUMA node read from SysFS had negative value (-1), but there must be at least one NUMA node, so returning NUMA node zero
digits.webapp: WARNING: Train Tensorflow Model unrecognized output: 2017-05-09 17:23:19.025669: I tensorflow/core/common_runtime/gpu/gpu_device.cc:887] Found device 0 with properties:
digits.webapp: WARNING: Train Tensorflow Model unrecognized output: name: GeForce GTX TITAN X
digits.webapp: WARNING: Train Tensorflow Model unrecognized output: major: 5 minor: 2 memoryClockRate (GHz) 1.076
digits.webapp: WARNING: Train Tensorflow Model unrecognized output: pciBusID 0000:01:00.0
digits.webapp: WARNING: Train Tensorflow Model unrecognized output: Total memory: 11.92GiB
digits.webapp: WARNING: Train Tensorflow Model unrecognized output: Free memory: 10.25GiB
digits.webapp: WARNING: Train Tensorflow Model unrecognized output: 2017-05-09 17:23:19.025683: I tensorflow/core/common_runtime/gpu/gpu_device.cc:908] DMA: 0
digits.webapp: WARNING: Train Tensorflow Model unrecognized output: 2017-05-09 17:23:19.025687: I tensorflow/core/common_runtime/gpu/gpu_device.cc:918] 0:   Y
digits.webapp: WARNING: Train Tensorflow Model unrecognized output: 2017-05-09 17:23:19.025699: I tensorflow/core/common_runtime/gpu/gpu_device.cc:977] Creating TensorFlow device (/gpu:0) -> (device: 0, name: GeForce GTX TITAN X, pci bus id: 0000:01:00.0)
socketio: INFO: emitting event "task update" to 20170509-172259-8252 [/jobs]
socketio: INFO: emitting event "task update" to 20170509-172114-d063 [/jobs]
digits.webapp: WARNING: Train Tensorflow Model unrecognized output: 2017-05-09 17:23:19.126805: I tensorflow/core/common_runtime/gpu/gpu_device.cc:977] Creating TensorFlow device (/gpu:0) -> (device: 0, name: GeForce GTX TITAN X, pci bus id: 0000:01:00.0)
digits.webapp: WARNING: Train Tensorflow Model unrecognized output: 2017-05-09 17:23:19.133543: I tensorflow/core/common_runtime/gpu/gpu_device.cc:977] Creating TensorFlow device (/gpu:0) -> (device: 0, name: GeForce GTX TITAN X, pci bus id: 0000:01:00.0)
socketio: INFO: emitting event "task update" to 20170509-172227-0156 [/jobs]
socketio: INFO: emitting event "task update" to 20170509-172315-d38b [/jobs]
socketio: INFO: emitting event "task update" to 20170509-172202-9230 [/jobs]
socketio: INFO: emitting event "task update" to 20170509-172317-7da8 [/jobs]
digits.webapp: DEBUG: Network validation loss #0.0: 1.098612
digits.webapp: DEBUG: Validation (epoch 0): loss = 1.098612
socketio: INFO: emitting event "task update" to 20170509-172317-7da8 [/jobs]
socketio: INFO: emitting event "job update" to job_management [/jobs]
digits.webapp: DEBUG: Training 40.0% complete.
socketio: INFO: emitting event "task update" to 20170509-172317-7da8 [/jobs]
socketio: INFO: emitting event "task update" to job_management [/jobs]
digits.webapp: DEBUG: Training (epoch 0.4): loss = 1.098612, lr = 0.010000
socketio: INFO: emitting event "task update" to 20170509-172317-7da8 [/jobs]
socketio: INFO: emitting event "job update" to job_management [/jobs]
digits.webapp: DEBUG: Training (epoch 0.8): loss = 0.000000, lr = 0.001000
socketio: INFO: emitting event "task update" to 20170509-172317-7da8 [/jobs]
socketio: INFO: emitting event "job update" to job_management [/jobs]
digits.webapp: DEBUG: Training (epoch 1.3): loss = 0.000000, lr = 0.000100
socketio: INFO: emitting event "task update" to 20170509-172317-7da8 [/jobs]
digits.webapp: DEBUG: Network validation loss #1.3: 0.0
digits.webapp: DEBUG: Validation (epoch 1.3): loss = 0.000000
digits.webapp: WARNING: Train Tensorflow Model unrecognized output: INFO:tensorflow:/tmp/tmpX3R8Ve/20170509-172317-7da8/snapshot_1.ckpt is not in all_model_checkpoint_paths. Manually adding it.
socketio: INFO: emitting event "task update" to 20170509-172317-7da8 [/jobs]
socketio: INFO: emitting event "task update" to 20170509-172210-1907 [/jobs]
socketio: INFO: emitting event "task update" to 20170509-172147-4505 [/jobs]
digits.webapp: WARNING: Train Tensorflow Model unrecognized output: 2017-05-09 17:23:19.531444: W tensorflow/core/framework/op_kernel.cc:1152] Out of range: PaddingFIFOQueue '_3_train/data/batcher/padding_fifo_queue' is closed and has insufficient elements (requested 10, current size 0)
digits.webapp: WARNING: Train Tensorflow Model unrecognized output: [[Node: train/data/batcher = QueueDequeueUpToV2[component_types=[DT_STRING, DT_FLOAT, DT_INT64], timeout_ms=-1, _device="/job:localhost/replica:0/task:0/cpu:0"](train/data/batcher/padding_fifo_queue, train/data/batcher/n)]]
digits.webapp: WARNING: Train Tensorflow Model unrecognized output: Training wall-time: 0.206654071808
socketio: INFO: emitting event "task update" to 20170509-172218-c9c0 [/jobs]
digits.webapp: INFO: Train Tensorflow Model task completed.
socketio: INFO: emitting event "task update" to 20170509-172317-7da8 [/jobs]
socketio: INFO: emitting event "job update" to job_management [/jobs]
socketio: INFO: emitting event "task update" to 20170509-172317-7da8 [/jobs]
socketio: INFO: emitting event "job update" to 20170509-172317-7da8 [/jobs]
socketio: INFO: emitting event "job update" to job_management [/jobs]
socketio: INFO: emitting event "server update" to job_management [/jobs]
socketio: INFO: emitting event "job update" to job_management [/jobs]
socketio: INFO: emitting event "job update" to 20170509-172317-7da8 [/jobs]
socketio: INFO: emitting event "job update" to job_management [/jobs]
digits: INFO: Job complete.
socketio: INFO: emitting event "job update" to job_management [/jobs]
socketio: INFO: emitting event "job update" to 20170509-172319-d92d [/jobs]
socketio: INFO: emitting event "job update" to job_management [/jobs]
socketio: INFO: emitting event "server update" to job_management [/jobs]
socketio: INFO: emitting event "server update" to job_management [/jobs]
digits.webapp: INFO: Infer Model task started.
socketio: INFO: emitting event "task update" to 20170509-172319-d92d [/jobs]
socketio: INFO: emitting event "job update" to 20170509-172319-d92d [/jobs]
socketio: INFO: emitting event "job update" to job_management [/jobs]
digits.webapp: INFO: Task subprocess args: "/usr/bin/python2 /home/ethan/digits_GAN/digits/tools/inference.py /tmp/tmpX3R8Ve/20170509-172319-d92d/tmp5RqXbb.txt /tmp/tmpX3R8Ve/20170509-172319-d92d 20170509-172317-7da8 --jobs_dir=/tmp/tmpX3R8Ve --layers=none --gpu=0"
socketio: INFO: emitting event "task update" to 20170509-172259-8252 [/jobs]
socketio: INFO: emitting event "task update" to 20170509-172114-d063 [/jobs]
socketio: INFO: emitting event "task update" to 20170509-172227-0156 [/jobs]
socketio: INFO: emitting event "task update" to 20170509-172315-d38b [/jobs]
socketio: INFO: emitting event "task update" to 20170509-172202-9230 [/jobs]
socketio: INFO: emitting event "task update" to 20170509-172317-7da8 [/jobs]
socketio: INFO: emitting event "task update" to 20170509-172210-1907 [/jobs]
socketio: INFO: emitting event "task update" to 20170509-172147-4505 [/jobs]
socketio: INFO: emitting event "task update" to 20170509-172218-c9c0 [/jobs]
socketio: INFO: emitting event "task update" to 20170509-172259-8252 [/jobs]
socketio: INFO: emitting event "task update" to 20170509-172114-d063 [/jobs]
socketio: INFO: emitting event "task update" to 20170509-172227-0156 [/jobs]
socketio: INFO: emitting event "task update" to 20170509-172315-d38b [/jobs]
socketio: INFO: emitting event "task update" to 20170509-172202-9230 [/jobs]
socketio: INFO: emitting event "task update" to 20170509-172317-7da8 [/jobs]
socketio: INFO: emitting event "task update" to 20170509-172210-1907 [/jobs]
socketio: INFO: emitting event "task update" to 20170509-172147-4505 [/jobs]
socketio: INFO: emitting event "task update" to 20170509-172218-c9c0 [/jobs]
socketio: INFO: emitting event "task update" to 20170509-172259-8252 [/jobs]
socketio: INFO: emitting event "task update" to 20170509-172114-d063 [/jobs]
socketio: INFO: emitting event "task update" to 20170509-172227-0156 [/jobs]
socketio: INFO: emitting event "task update" to 20170509-172315-d38b [/jobs]
socketio: INFO: emitting event "task update" to 20170509-172202-9230 [/jobs]
socketio: INFO: emitting event "task update" to 20170509-172317-7da8 [/jobs]
socketio: INFO: emitting event "task update" to 20170509-172210-1907 [/jobs]
socketio: INFO: emitting event "task update" to 20170509-172147-4505 [/jobs]
socketio: INFO: emitting event "task update" to 20170509-172218-c9c0 [/jobs]
digits.webapp: WARNING: Infer Model unrecognized output: WARNING: log_file config option not found - no log file is being saved
digits.webapp: WARNING: Infer Model unrecognized output: 2017-05-09 17:23:22 [ERROR] InferenceError: Unable to find snapshot for epoch=-1.0
digits.webapp: WARNING: Infer Model unrecognized output: Traceback (most recent call last):
digits.webapp: WARNING: Infer Model unrecognized output: File "/home/ethan/digits_GAN/digits/tools/inference.py", line 293, in <module>
digits.webapp: WARNING: Infer Model unrecognized output: args['resize']
digits.webapp: WARNING: Infer Model unrecognized output: File "/home/ethan/digits_GAN/digits/tools/inference.py", line 79, in infer
digits.webapp: WARNING: Infer Model unrecognized output: raise InferenceError("Unable to find snapshot for epoch=%s" % repr(epoch))
digits.webapp: WARNING: Infer Model unrecognized output: digits.inference.errors.InferenceError: 'Unable to find snapshot for epoch=-1.0'
digits.webapp: ERROR: Infer Model task failed with error code 1
socketio: INFO: emitting event "task update" to 20170509-172319-d92d [/jobs]
socketio: INFO: emitting event "job update" to 20170509-172319-d92d [/jobs]
socketio: INFO: emitting event "job update" to job_management [/jobs]
socketio: INFO: emitting event "server update" to job_management [/jobs]
socketio: INFO: emitting event "server update" to job_management [/jobs]
socketio: INFO: emitting event "job update" to 20170509-172319-d92d [/jobs]
socketio: INFO: emitting event "job update" to job_management [/jobs]
digits: INFO: Job deleted.
socketio: INFO: emitting event "job update" to job_management [/jobs]
--------------------- >> end captured logging << ---------------------

======================================================================
FAIL: digits.model.images.classification.test_views.TestTensorflowCreation.test_classify_one_mean_none
----------------------------------------------------------------------
Traceback (most recent call last):
  File "/home/ethan/.local/lib/python2.7/site-packages/nose/case.py", line 197, in runTest
    self.test(*self.arg)
  File "/home/ethan/digits_GAN/digits/model/images/classification/test_views.py", line 445, in test_classify_one_mean_none
    self.classify_one_for_job(job_id, False)
  File "/home/ethan/digits_GAN/digits/model/images/classification/test_views.py", line 423, in classify_one_for_job
    assert rv.status_code == 200, 'POST failed with %s\n\n%s' % (rv.status_code, body)
AssertionError: POST failed with 500

[<body>\n<div class="navbar navbar-inverse navbar-fixed-top">\n<div class="container">\n<div class="navbar-header">\n<a class="navbar-brand" href="/">DIGITS</a>\n</div>\n<ul class="nav navbar-nav">\n<li><a href="/models/20170509-172323-89b4">test_model</a></li>\n<li class="active"><a>Classify One</a></li>\n</ul>\n<ul class="nav navbar-nav navbar-right">\n<li>\n<p class="navbar-text">\n            digits-testsuite (<a class="navbar-link" href="/logout">Logout</a>)\n            </p>\n</li>\n<li class="dropdown">\n<a class="dropdown-toggle" data-toggle="dropdown" href="#">Info<span class="caret"></span></a>\n<ul class="dropdown-menu navbar-inverse">\n<li><span class="navbar-text">Server: ethan-computer</span></li>\n<li><span class="navbar-text">DIGITS version: <br> 5.1-dev</br></span></li>\n<li><span class="navbar-text">Caffe version: <br> 0.15.13</br></span></li>\n<li><span class="navbar-text">Caffe flavor: <br> NVIDIA</br></span></li>\n</ul>\n</li>\n<li class="dropdown">\n<a class="dropdown-toggle" data-toggle="dropdown" href="#">About<span class="caret"></span></a>\n<ul class="dropdown-menu about-menu navbar-inverse">\n<li><span class="navbar-text"><a href="https://developer.nvidia.com/digits" target="_blank">\n                        DIGITS on developer.nvidia.com\n                    </a></span></li>\n<li><span class="navbar-text"><a href="https://github.com/NVIDIA/DIGITS" target="_blank">\n                        DIGITS on GitHub\n                    </a></span></li>\n<li><span class="navbar-text"><a href="https://groups.google.com/d/forum/digits-users" target="_blank">\n                        DIGITS user group\n                    </a></span></li>\n<li><span class="navbar-text"><a href="mailto:digits@nvidia.com">\n                        digits@nvidia.com\n                    </a></span></li>\n</ul>\n</li>\n</ul>\n</div>\n</div>\n<div class="container">\n<div class="jumbotron">\n<div class="container">\n<div class="row">\n<div class="col-sm-12" id="show-job-name">\n<h2 style="display:inline;">Classify One Image</h2>\n</div>\n<div class="col-sm-4" id="edit-job-name" style="display:none;">\n<script>\nfunction updateJobName() {\n    var newName = $("input[name=job-name]").val();\n    $.ajax("/jobs/20170509-172325-b3a4",\n            {\n                type: "PUT",\n                data: {"job_name": newName}\n                }\n          )\n    .done(function() {\n            $("#show-job-name h2").html(newName);\n            $('#edit-job-name').hide(); $('#show-job-name').show();\n            })\n    .fail(function(data) { errorAlert(data); });\n    return false;\n}\n                </script>\n<input class="form-control" name="job-name" value="Classify One Image"/>\n<a class="btn btn-primary" href="#" onclick="return updateJobName();">Update</a>\n<a class="btn btn-info" href="#" onclick="$('#edit-job-name').hide(); $('#show-job-name').show(); return false;">Cancel</a>\n</div>\n</div>\n<small>Owner: digits-testsuite</small>\n<div class="pull-right">\n<a class="btn btn-info" disabled="" id="clone-job">Clone Job</a>\n<a class="btn btn-warning hidden disabled" id="abort-job">Abort Job</a>\n<a class="btn btn-danger disabled" id="delete-job">Delete Job</a>\n</div>\n</div>\n<script>\n$('#abort-job').on('click', function(event) {\n        event.preventDefault();\n        bootbox.confirm(\n            'Are you sure you want to abort this job?',\n            function(result) {\n                if (result)\n                    $.ajax("/jobs/20170509-172325-b3a4/abort",\n                        {type: "POST"})\n                    .done(function() {\n                        $("#abort-job").hide();\n                        })\n                    .fail(function(data) { errorAlert(data); });\n            });\n        });\n\n$('#delete-job').on('click', function(event) {\n        event.preventDefault();\n        bootbox.confirm(\n            'Are you sure you want to delete this job?<br><br>All related files will be permanently removed.',\n            function(result) {\n                if (result)\n                    $.ajax("/jobs/20170509-172325-b3a4",\n                        {type: "DELETE"})\n                    .done(function() {\n                        window.location = "/";\n                        })\n                    .fail(function(data) { errorAlert(data); });\n            });\n        });\n    </script>\n</div>\n<div class="row">\n<!-- Job content -->\n<div class="col-sm-8">\n<script src="/static/js/3rdparty/jquery.elevateZoom-3.0.8.min.js?ver=4606b4a4404b87a591d409910710feb1"></script>\n<div class="page-header">\n<h1>\n        test_model\n        <small>\n            Image Classification Model\n        </small>\n</h1>\n</div>\n<div class="row">\n<div class="alert alert-danger">\n<p>Classification failed, see job log</p>\n</div>\n</div>\n</div>\n<!-- Tasks -->\n<div class="col-sm-4">\n<div class="panel-group">\n<div class="panel panel-danger" id="job-statuses">\n<div class="panel-heading">\n<h4 class="panel-title">\n                    Job Status\n                    <small>Error</small>\n</h4>\n</div>\n<div class="panel-collapse">\n<div class="panel-body">\n<div class="job-statuses">\n<ul>\n<li>\n<span class="text-warning">Initialized</span>\n        at 05:23:25 PM\n            <small>(0 seconds)</small>\n</li>\n<li>\n<span class="text-info">Running</span>\n        at 05:23:25 PM\n            <small>(2 seconds)</small>\n</li>\n<li>\n<span class="text-danger">Error</span>\n        at 05:23:28 PM\n            <br>\n<small>(Total - 2 seconds)</small>\n</br></li>\n</ul>\n</div>\n<div class="panel-group">\n<div class="panel panel-danger" id="task-140099490515984-status">\n<div class="panel-heading">\n<h4 class="panel-title">\n<a data-toggle="collapse" href="#task-140099490515984-status-collapse">\n                                            Infer Model\n                                            <small>Error</small>\n<span class="caret"></span>\n</a>\n</h4>\n</div>\n<div class="panel-collapse collapse in" id="task-140099490515984-status-collapse">\n<div class="panel-body">\n<div class="task-progress" style="display:none;">\n<div class="progress">\n<div class="progress-bar" style="width:0%">\n                                                    0%\n                                                </div>\n</div>\n                                            Estimated time remaining: <span class="task-eta">?</span>\n<br/>\n<br/>\n</div>\n<div class="task-statuses">\n<ul>\n<li>\n<span class="text-warning">Initialized</span>\n        at 05:23:25 PM\n            <small>(0 seconds)</small>\n</li>\n<li>\n<span class="text-info">Running</span>\n        at 05:23:25 PM\n            <small>(2 seconds)</small>\n</li>\n<li>\n<span class="text-danger">Error</span>\n        at 05:23:28 PM\n            <br>\n<small>(Total - 2 seconds)</small>\n</br></li>\n</ul>\n<h4 class="text-danger">ERROR: error code 1</h4>\n<pre>\nWARNING: log_file config option not found - no log file is being saved\n2017-05-09 17:23:28 [ERROR] InferenceError: Unable to find snapshot for epoch=-1.0\nTraceback (most recent call last):\nFile "/home/ethan/digits_GAN/digits/tools/inference.py", line 293, in &lt;module&gt;\nargs['resize']\nFile "/home/ethan/digits_GAN/digits/tools/inference.py", line 79, in infer\nraise InferenceError("Unable to find snapshot for epoch=%s" % repr(epoch))\ndigits.inference.errors.InferenceError: 'Unable to find snapshot for epoch=-1.0'\n        </pre>\n</div>\n</div>\n</div>\n</div>\n</div>\n</div>\n</div>\n</div>\n</div>\n<div class="gpu-utilization-info" style="display:none;"></div>\n<!-- Related jobs -->\n<div class="panel panel-default" id="notes-information">\n<div class="panel-heading">\n<h4>Notes</h4>\n</div>\n<div class="panel-body">\n<div class="col-sm-12" id="show-job-notes">\n<p style="display:inline;">None</p>\n</div>\n<div class="col-sm-12" id="edit-job-notes" style="display:none;">\n<script type="text/javascript">\n                        function updateJobNotes() {\n                        var newNotes = $("textarea[name=job-notes]").val();\n                        $.ajax("/jobs/20170509-172325-b3a4",\n                                {\n                                    type: "PUT",\n                                    data: {"job_notes": newNotes}\n                                    }\n                              )\n                        .done(function() {\n                                $("#show-job-notes p").html(newNotes);\n                                $('#edit-job-notes').hide(); $('#show-job-notes').show();\n                                })\n                        .fail(function(data) { errorAlert(data); });\n                        return false;\n                    }\n                    </script>\n<textarea class="form-control" name="job-notes" placeholder="Enter notes" rows="5"></textarea>\n<a class="btn btn-primary" href="#" onclick="return updateJobNotes();">Update</a>\n<a class="btn btn-info" href="#" onclick="$('#edit-job-notes').hide(); $('#show-job-notes').show(); return false;">Cancel</a>\n</div>\n</div>\n</div>\n</div>\n</div>\n<div class="row">\n<script type="text/javascript">\n    function drawHistogram(id, data) {\n        c3.generate({\n            bindto: id,\n            size: {height: 200},\n            data: {\n                columns: [\n                    ['Count'].concat(data[0]),\n                    ['Value'].concat(data[1]),\n                ],\n                x: 'Value',\n                type: 'area-spline',\n            },\n            axis: {\n                x: {\n                    label: {\n                        text: 'Value',\n                        position: 'outer-center',\n                    },\n                    tick: {\n                        values: data[2],\n                        format: d3.format('.3g'),\n                    },\n                    padding: {left: 0},\n                },\n                y: {\n                    padding: {bottom: 0},\n                },\n            },\n            bar: {\n               width: {ratio: 0.2}\n            },\n            padding: {left: 20, right: 20},\n            legend: {hide: true},\n        });\n    }\n</script>\n<style>\n    div.histogram .c3-axis-y .tick {\n        display: none;\n    }\n</style>\n</div>\n</div>\n<script>\n$SCRIPT_ROOT = "";\n\n$(".explanation-tooltip").tooltip();\n\nwindow.onload = function () {\n    $('.autocomplete_path').autocomplete({\n       serviceUrl: '/autocomplete/path',\n       formatResult: function (suggestion, currentValue)\n       {\n            function baseName(str)\n            {\n               var base = new String(str).substring(str.lastIndexOf('/') + 1);\n               return base;\n            }\n            return baseName(suggestion.value);\n        },\n        minChars: 0\n    });\n    $(".autocomplete_path").removeAttr("autocomplete");\n};\n\n</script>\n<style>\n .about-menu {\n     width: 240px !important;\n }\n .brightness {\n     display: inline-block;\n }\n .brightness img:hover {\n     opacity: .75;\n }\n</style>\n</body>]
-------------------- >> begin captured logging << --------------------
socketio: INFO: emitting event "job update" to job_management [/jobs]
socketio: INFO: emitting event "job update" to 20170509-172323-89b4 [/jobs]
socketio: INFO: emitting event "job update" to job_management [/jobs]
socketio: INFO: emitting event "server update" to job_management [/jobs]
socketio: INFO: emitting event "task update" to 20170509-172259-8252 [/jobs]
socketio: INFO: emitting event "task update" to 20170509-172114-d063 [/jobs]
digits.webapp: INFO: Train Tensorflow Model task started.
socketio: INFO: emitting event "task update" to 20170509-172323-89b4 [/jobs]
socketio: INFO: emitting event "job update" to 20170509-172323-89b4 [/jobs]
socketio: INFO: emitting event "job update" to job_management [/jobs]
digits.webapp: INFO: Task subprocess args: "python2 /home/ethan/digits_GAN/digits/tools/tensorflow/main.py --network=network.py --epoch=1 --networkDirectory=/tmp/tmpX3R8Ve/20170509-172323-89b4 --save=/tmp/tmpX3R8Ve/20170509-172323-89b4 --snapshotPrefix=snapshot --snapshotInterval=1 --lr_base_rate=0.01 --lr_policy=step --batch_size=10 --labels_list=/tmp/tmpX3R8Ve/20170509-172309-8ab8/labels.txt --train_db=/tmp/tmpX3R8Ve/20170509-172309-8ab8/train_db --validation_db=/tmp/tmpX3R8Ve/20170509-172309-8ab8/val_db --lr_gamma=0.1 --lr_stepvalues=33 --subtractMean=none --seed=3405691582 --optimization=sgd --validation_interval=1 --log_runtime_stats_per_step=0 --augFlip=none --augHSVh=0 --augHSVs=0 --augHSVv=0"
socketio: INFO: emitting event "task update" to 20170509-172323-89b4 [/jobs]
socketio: INFO: emitting event "task update" to 20170509-172227-0156 [/jobs]
socketio: INFO: emitting event "task update" to 20170509-172315-d38b [/jobs]
socketio: INFO: emitting event "task update" to 20170509-172202-9230 [/jobs]
socketio: INFO: emitting event "task update" to 20170509-172317-7da8 [/jobs]
socketio: INFO: emitting event "task update" to 20170509-172210-1907 [/jobs]
socketio: INFO: emitting event "task update" to 20170509-172147-4505 [/jobs]
socketio: INFO: emitting event "task update" to 20170509-172218-c9c0 [/jobs]
socketio: INFO: emitting event "task update" to 20170509-172259-8252 [/jobs]
socketio: INFO: emitting event "task update" to 20170509-172114-d063 [/jobs]
socketio: INFO: emitting event "task update" to 20170509-172227-0156 [/jobs]
socketio: INFO: emitting event "task update" to 20170509-172315-d38b [/jobs]
socketio: INFO: emitting event "task update" to 20170509-172202-9230 [/jobs]
socketio: INFO: emitting event "task update" to 20170509-172317-7da8 [/jobs]
socketio: INFO: emitting event "task update" to 20170509-172210-1907 [/jobs]
socketio: INFO: emitting event "task update" to 20170509-172147-4505 [/jobs]
digits.webapp: WARNING: Train Tensorflow Model unrecognized output: 2017-05-09 17:23:24.641917: W tensorflow/core/platform/cpu_feature_guard.cc:45] The TensorFlow library wasn't compiled to use SSE4.1 instructions, but these are available on your machine and could speed up CPU computations.
digits.webapp: WARNING: Train Tensorflow Model unrecognized output: 2017-05-09 17:23:24.641928: W tensorflow/core/platform/cpu_feature_guard.cc:45] The TensorFlow library wasn't compiled to use SSE4.2 instructions, but these are available on your machine and could speed up CPU computations.
digits.webapp: WARNING: Train Tensorflow Model unrecognized output: 2017-05-09 17:23:24.641932: W tensorflow/core/platform/cpu_feature_guard.cc:45] The TensorFlow library wasn't compiled to use AVX instructions, but these are available on your machine and could speed up CPU computations.
socketio: INFO: emitting event "task update" to 20170509-172218-c9c0 [/jobs]
digits.webapp: WARNING: Train Tensorflow Model unrecognized output: 2017-05-09 17:23:24.752094: I tensorflow/stream_executor/cuda/cuda_gpu_executor.cc:901] successful NUMA node read from SysFS had negative value (-1), but there must be at least one NUMA node, so returning NUMA node zero
digits.webapp: WARNING: Train Tensorflow Model unrecognized output: 2017-05-09 17:23:24.752510: I tensorflow/core/common_runtime/gpu/gpu_device.cc:887] Found device 0 with properties:
digits.webapp: WARNING: Train Tensorflow Model unrecognized output: name: GeForce GTX TITAN X
digits.webapp: WARNING: Train Tensorflow Model unrecognized output: major: 5 minor: 2 memoryClockRate (GHz) 1.076
digits.webapp: WARNING: Train Tensorflow Model unrecognized output: pciBusID 0000:01:00.0
digits.webapp: WARNING: Train Tensorflow Model unrecognized output: Total memory: 11.92GiB
digits.webapp: WARNING: Train Tensorflow Model unrecognized output: Free memory: 10.25GiB
digits.webapp: WARNING: Train Tensorflow Model unrecognized output: 2017-05-09 17:23:24.752524: I tensorflow/core/common_runtime/gpu/gpu_device.cc:908] DMA: 0
digits.webapp: WARNING: Train Tensorflow Model unrecognized output: 2017-05-09 17:23:24.752529: I tensorflow/core/common_runtime/gpu/gpu_device.cc:918] 0:   Y
digits.webapp: WARNING: Train Tensorflow Model unrecognized output: 2017-05-09 17:23:24.752540: I tensorflow/core/common_runtime/gpu/gpu_device.cc:977] Creating TensorFlow device (/gpu:0) -> (device: 0, name: GeForce GTX TITAN X, pci bus id: 0000:01:00.0)
digits.webapp: WARNING: Train Tensorflow Model unrecognized output: 2017-05-09 17:23:24.852642: I tensorflow/core/common_runtime/gpu/gpu_device.cc:977] Creating TensorFlow device (/gpu:0) -> (device: 0, name: GeForce GTX TITAN X, pci bus id: 0000:01:00.0)
digits.webapp: WARNING: Train Tensorflow Model unrecognized output: 2017-05-09 17:23:24.859169: I tensorflow/core/common_runtime/gpu/gpu_device.cc:977] Creating TensorFlow device (/gpu:0) -> (device: 0, name: GeForce GTX TITAN X, pci bus id: 0000:01:00.0)
socketio: INFO: emitting event "task update" to 20170509-172259-8252 [/jobs]
socketio: INFO: emitting event "task update" to 20170509-172114-d063 [/jobs]
socketio: INFO: emitting event "task update" to 20170509-172323-89b4 [/jobs]
digits.webapp: DEBUG: Network validation loss #0.0: 1.098612
digits.webapp: DEBUG: Validation (epoch 0): loss = 1.098612
socketio: INFO: emitting event "task update" to 20170509-172323-89b4 [/jobs]
socketio: INFO: emitting event "job update" to job_management [/jobs]
digits.webapp: DEBUG: Training 40.0% complete.
socketio: INFO: emitting event "task update" to 20170509-172323-89b4 [/jobs]
socketio: INFO: emitting event "task update" to job_management [/jobs]
digits.webapp: DEBUG: Training (epoch 0.4): loss = 1.098612, lr = 0.010000
socketio: INFO: emitting event "task update" to 20170509-172323-89b4 [/jobs]
socketio: INFO: emitting event "job update" to job_management [/jobs]
digits.webapp: DEBUG: Training (epoch 0.8): loss = 0.000000, lr = 0.001000
socketio: INFO: emitting event "task update" to 20170509-172323-89b4 [/jobs]
socketio: INFO: emitting event "job update" to job_management [/jobs]
digits.webapp: DEBUG: Training (epoch 1.3): loss = 0.000000, lr = 0.000100
socketio: INFO: emitting event "task update" to 20170509-172323-89b4 [/jobs]
digits.webapp: DEBUG: Network validation loss #1.3: 0.0
digits.webapp: DEBUG: Validation (epoch 1.3): loss = 0.000000
digits.webapp: WARNING: Train Tensorflow Model unrecognized output: INFO:tensorflow:/tmp/tmpX3R8Ve/20170509-172323-89b4/snapshot_1.ckpt is not in all_model_checkpoint_paths. Manually adding it.
socketio: INFO: emitting event "task update" to 20170509-172323-89b4 [/jobs]
digits.webapp: WARNING: Train Tensorflow Model unrecognized output: 2017-05-09 17:23:25.286058: W tensorflow/core/framework/op_kernel.cc:1152] Out of range: PaddingFIFOQueue '_3_train/data/batcher/padding_fifo_queue' is closed and has insufficient elements (requested 10, current size 0)
digits.webapp: WARNING: Train Tensorflow Model unrecognized output: [[Node: train/data/batcher = QueueDequeueUpToV2[component_types=[DT_STRING, DT_FLOAT, DT_INT64], timeout_ms=-1, _device="/job:localhost/replica:0/task:0/cpu:0"](train/data/batcher/padding_fifo_queue, train/data/batcher/n)]]
digits.webapp: WARNING: Train Tensorflow Model unrecognized output: Training wall-time: 0.198791980743
socketio: INFO: emitting event "task update" to 20170509-172227-0156 [/jobs]
socketio: INFO: emitting event "task update" to 20170509-172315-d38b [/jobs]
socketio: INFO: emitting event "task update" to 20170509-172202-9230 [/jobs]
socketio: INFO: emitting event "task update" to 20170509-172317-7da8 [/jobs]
digits.webapp: INFO: Train Tensorflow Model task completed.
socketio: INFO: emitting event "task update" to 20170509-172323-89b4 [/jobs]
socketio: INFO: emitting event "job update" to job_management [/jobs]
socketio: INFO: emitting event "task update" to 20170509-172323-89b4 [/jobs]
socketio: INFO: emitting event "job update" to 20170509-172323-89b4 [/jobs]
socketio: INFO: emitting event "job update" to job_management [/jobs]
socketio: INFO: emitting event "server update" to job_management [/jobs]
socketio: INFO: emitting event "task update" to 20170509-172210-1907 [/jobs]
socketio: INFO: emitting event "task update" to 20170509-172147-4505 [/jobs]
socketio: INFO: emitting event "job update" to job_management [/jobs]
socketio: INFO: emitting event "job update" to 20170509-172323-89b4 [/jobs]
socketio: INFO: emitting event "job update" to job_management [/jobs]
digits: INFO: Job complete.
socketio: INFO: emitting event "job update" to job_management [/jobs]
socketio: INFO: emitting event "job update" to 20170509-172325-b3a4 [/jobs]
socketio: INFO: emitting event "job update" to job_management [/jobs]
socketio: INFO: emitting event "server update" to job_management [/jobs]
socketio: INFO: emitting event "server update" to job_management [/jobs]
socketio: INFO: emitting event "task update" to 20170509-172218-c9c0 [/jobs]
digits.webapp: INFO: Infer Model task started.
socketio: INFO: emitting event "task update" to 20170509-172325-b3a4 [/jobs]
socketio: INFO: emitting event "job update" to 20170509-172325-b3a4 [/jobs]
socketio: INFO: emitting event "job update" to job_management [/jobs]
digits.webapp: INFO: Task subprocess args: "/usr/bin/python2 /home/ethan/digits_GAN/digits/tools/inference.py /tmp/tmpX3R8Ve/20170509-172325-b3a4/tmpaAiFHF.txt /tmp/tmpX3R8Ve/20170509-172325-b3a4 20170509-172323-89b4 --jobs_dir=/tmp/tmpX3R8Ve --layers=none --gpu=0"
socketio: INFO: emitting event "task update" to 20170509-172259-8252 [/jobs]
socketio: INFO: emitting event "task update" to 20170509-172114-d063 [/jobs]
socketio: INFO: emitting event "task update" to 20170509-172323-89b4 [/jobs]
socketio: INFO: emitting event "task update" to 20170509-172227-0156 [/jobs]
socketio: INFO: emitting event "task update" to 20170509-172315-d38b [/jobs]
socketio: INFO: emitting event "task update" to 20170509-172202-9230 [/jobs]
socketio: INFO: emitting event "task update" to 20170509-172317-7da8 [/jobs]
socketio: INFO: emitting event "task update" to 20170509-172210-1907 [/jobs]
socketio: INFO: emitting event "task update" to 20170509-172147-4505 [/jobs]
socketio: INFO: emitting event "task update" to 20170509-172218-c9c0 [/jobs]
socketio: INFO: emitting event "task update" to 20170509-172259-8252 [/jobs]
socketio: INFO: emitting event "task update" to 20170509-172114-d063 [/jobs]
socketio: INFO: emitting event "task update" to 20170509-172323-89b4 [/jobs]
socketio: INFO: emitting event "task update" to 20170509-172227-0156 [/jobs]
socketio: INFO: emitting event "task update" to 20170509-172315-d38b [/jobs]
socketio: INFO: emitting event "task update" to 20170509-172202-9230 [/jobs]
socketio: INFO: emitting event "task update" to 20170509-172317-7da8 [/jobs]
socketio: INFO: emitting event "task update" to 20170509-172210-1907 [/jobs]
socketio: INFO: emitting event "task update" to 20170509-172147-4505 [/jobs]
socketio: INFO: emitting event "task update" to 20170509-172218-c9c0 [/jobs]
socketio: INFO: emitting event "task update" to 20170509-172259-8252 [/jobs]
socketio: INFO: emitting event "task update" to 20170509-172114-d063 [/jobs]
socketio: INFO: emitting event "task update" to 20170509-172323-89b4 [/jobs]
socketio: INFO: emitting event "task update" to 20170509-172227-0156 [/jobs]
socketio: INFO: emitting event "task update" to 20170509-172315-d38b [/jobs]
digits.webapp: WARNING: Infer Model unrecognized output: WARNING: log_file config option not found - no log file is being saved
digits.webapp: WARNING: Infer Model unrecognized output: 2017-05-09 17:23:28 [ERROR] InferenceError: Unable to find snapshot for epoch=-1.0
digits.webapp: WARNING: Infer Model unrecognized output: Traceback (most recent call last):
digits.webapp: WARNING: Infer Model unrecognized output: File "/home/ethan/digits_GAN/digits/tools/inference.py", line 293, in <module>
digits.webapp: WARNING: Infer Model unrecognized output: args['resize']
digits.webapp: WARNING: Infer Model unrecognized output: File "/home/ethan/digits_GAN/digits/tools/inference.py", line 79, in infer
digits.webapp: WARNING: Infer Model unrecognized output: raise InferenceError("Unable to find snapshot for epoch=%s" % repr(epoch))
digits.webapp: WARNING: Infer Model unrecognized output: digits.inference.errors.InferenceError: 'Unable to find snapshot for epoch=-1.0'
socketio: INFO: emitting event "task update" to 20170509-172202-9230 [/jobs]
socketio: INFO: emitting event "task update" to 20170509-172317-7da8 [/jobs]
socketio: INFO: emitting event "task update" to 20170509-172210-1907 [/jobs]
socketio: INFO: emitting event "task update" to 20170509-172147-4505 [/jobs]
digits.webapp: ERROR: Infer Model task failed with error code 1
socketio: INFO: emitting event "task update" to 20170509-172325-b3a4 [/jobs]
socketio: INFO: emitting event "job update" to 20170509-172325-b3a4 [/jobs]
socketio: INFO: emitting event "job update" to job_management [/jobs]
socketio: INFO: emitting event "server update" to job_management [/jobs]
socketio: INFO: emitting event "server update" to job_management [/jobs]
socketio: INFO: emitting event "job update" to 20170509-172325-b3a4 [/jobs]
socketio: INFO: emitting event "job update" to job_management [/jobs]
digits: INFO: Job deleted.
socketio: INFO: emitting event "job update" to job_management [/jobs]
--------------------- >> end captured logging << ---------------------

======================================================================
FAIL: digits.model.images.classification.test_views.TestTensorflowCreation.test_classify_one_mean_pixel
----------------------------------------------------------------------
Traceback (most recent call last):
  File "/home/ethan/.local/lib/python2.7/site-packages/nose/case.py", line 197, in runTest
    self.test(*self.arg)
  File "/home/ethan/digits_GAN/digits/model/images/classification/test_views.py", line 439, in test_classify_one_mean_pixel
    self.classify_one_for_job(job_id)
  File "/home/ethan/digits_GAN/digits/model/images/classification/test_views.py", line 423, in classify_one_for_job
    assert rv.status_code == 200, 'POST failed with %s\n\n%s' % (rv.status_code, body)
AssertionError: POST failed with 500

[<body>\n<div class="navbar navbar-inverse navbar-fixed-top">\n<div class="container">\n<div class="navbar-header">\n<a class="navbar-brand" href="/">DIGITS</a>\n</div>\n<ul class="nav navbar-nav">\n<li><a href="/models/20170509-172328-6826">test_model</a></li>\n<li class="active"><a>Classify One</a></li>\n</ul>\n<ul class="nav navbar-nav navbar-right">\n<li>\n<p class="navbar-text">\n            digits-testsuite (<a class="navbar-link" href="/logout">Logout</a>)\n            </p>\n</li>\n<li class="dropdown">\n<a class="dropdown-toggle" data-toggle="dropdown" href="#">Info<span class="caret"></span></a>\n<ul class="dropdown-menu navbar-inverse">\n<li><span class="navbar-text">Server: ethan-computer</span></li>\n<li><span class="navbar-text">DIGITS version: <br> 5.1-dev</br></span></li>\n<li><span class="navbar-text">Caffe version: <br> 0.15.13</br></span></li>\n<li><span class="navbar-text">Caffe flavor: <br> NVIDIA</br></span></li>\n</ul>\n</li>\n<li class="dropdown">\n<a class="dropdown-toggle" data-toggle="dropdown" href="#">About<span class="caret"></span></a>\n<ul class="dropdown-menu about-menu navbar-inverse">\n<li><span class="navbar-text"><a href="https://developer.nvidia.com/digits" target="_blank">\n                        DIGITS on developer.nvidia.com\n                    </a></span></li>\n<li><span class="navbar-text"><a href="https://github.com/NVIDIA/DIGITS" target="_blank">\n                        DIGITS on GitHub\n                    </a></span></li>\n<li><span class="navbar-text"><a href="https://groups.google.com/d/forum/digits-users" target="_blank">\n                        DIGITS user group\n                    </a></span></li>\n<li><span class="navbar-text"><a href="mailto:digits@nvidia.com">\n                        digits@nvidia.com\n                    </a></span></li>\n</ul>\n</li>\n</ul>\n</div>\n</div>\n<div class="container">\n<div class="jumbotron">\n<div class="container">\n<div class="row">\n<div class="col-sm-12" id="show-job-name">\n<h2 style="display:inline;">Classify One Image</h2>\n</div>\n<div class="col-sm-4" id="edit-job-name" style="display:none;">\n<script>\nfunction updateJobName() {\n    var newName = $("input[name=job-name]").val();\n    $.ajax("/jobs/20170509-172331-c2b7",\n            {\n                type: "PUT",\n                data: {"job_name": newName}\n                }\n          )\n    .done(function() {\n            $("#show-job-name h2").html(newName);\n            $('#edit-job-name').hide(); $('#show-job-name').show();\n            })\n    .fail(function(data) { errorAlert(data); });\n    return false;\n}\n                </script>\n<input class="form-control" name="job-name" value="Classify One Image"/>\n<a class="btn btn-primary" href="#" onclick="return updateJobName();">Update</a>\n<a class="btn btn-info" href="#" onclick="$('#edit-job-name').hide(); $('#show-job-name').show(); return false;">Cancel</a>\n</div>\n</div>\n<small>Owner: digits-testsuite</small>\n<div class="pull-right">\n<a class="btn btn-info" disabled="" id="clone-job">Clone Job</a>\n<a class="btn btn-warning hidden disabled" id="abort-job">Abort Job</a>\n<a class="btn btn-danger disabled" id="delete-job">Delete Job</a>\n</div>\n</div>\n<script>\n$('#abort-job').on('click', function(event) {\n        event.preventDefault();\n        bootbox.confirm(\n            'Are you sure you want to abort this job?',\n            function(result) {\n                if (result)\n                    $.ajax("/jobs/20170509-172331-c2b7/abort",\n                        {type: "POST"})\n                    .done(function() {\n                        $("#abort-job").hide();\n                        })\n                    .fail(function(data) { errorAlert(data); });\n            });\n        });\n\n$('#delete-job').on('click', function(event) {\n        event.preventDefault();\n        bootbox.confirm(\n            'Are you sure you want to delete this job?<br><br>All related files will be permanently removed.',\n            function(result) {\n                if (result)\n                    $.ajax("/jobs/20170509-172331-c2b7",\n                        {type: "DELETE"})\n                    .done(function() {\n                        window.location = "/";\n                        })\n                    .fail(function(data) { errorAlert(data); });\n            });\n        });\n    </script>\n</div>\n<div class="row">\n<!-- Job content -->\n<div class="col-sm-8">\n<script src="/static/js/3rdparty/jquery.elevateZoom-3.0.8.min.js?ver=4606b4a4404b87a591d409910710feb1"></script>\n<div class="page-header">\n<h1>\n        test_model\n        <small>\n            Image Classification Model\n        </small>\n</h1>\n</div>\n<div class="row">\n<div class="alert alert-danger">\n<p>Classification failed, see job log</p>\n</div>\n</div>\n</div>\n<!-- Tasks -->\n<div class="col-sm-4">\n<div class="panel-group">\n<div class="panel panel-danger" id="job-statuses">\n<div class="panel-heading">\n<h4 class="panel-title">\n                    Job Status\n                    <small>Error</small>\n</h4>\n</div>\n<div class="panel-collapse">\n<div class="panel-body">\n<div class="job-statuses">\n<ul>\n<li>\n<span class="text-warning">Initialized</span>\n        at 05:23:31 PM\n            <small>(0 seconds)</small>\n</li>\n<li>\n<span class="text-info">Running</span>\n        at 05:23:31 PM\n            <small>(2 seconds)</small>\n</li>\n<li>\n<span class="text-danger">Error</span>\n        at 05:23:34 PM\n            <br>\n<small>(Total - 2 seconds)</small>\n</br></li>\n</ul>\n</div>\n<div class="panel-group">\n<div class="panel panel-danger" id="task-140099490778448-status">\n<div class="panel-heading">\n<h4 class="panel-title">\n<a data-toggle="collapse" href="#task-140099490778448-status-collapse">\n                                            Infer Model\n                                            <small>Error</small>\n<span class="caret"></span>\n</a>\n</h4>\n</div>\n<div class="panel-collapse collapse in" id="task-140099490778448-status-collapse">\n<div class="panel-body">\n<div class="task-progress" style="display:none;">\n<div class="progress">\n<div class="progress-bar" style="width:0%">\n                                                    0%\n                                                </div>\n</div>\n                                            Estimated time remaining: <span class="task-eta">?</span>\n<br/>\n<br/>\n</div>\n<div class="task-statuses">\n<ul>\n<li>\n<span class="text-warning">Initialized</span>\n        at 05:23:31 PM\n            <small>(0 seconds)</small>\n</li>\n<li>\n<span class="text-info">Running</span>\n        at 05:23:31 PM\n            <small>(2 seconds)</small>\n</li>\n<li>\n<span class="text-danger">Error</span>\n        at 05:23:34 PM\n            <br>\n<small>(Total - 2 seconds)</small>\n</br></li>\n</ul>\n<h4 class="text-danger">ERROR: error code 1</h4>\n<pre>\nWARNING: log_file config option not found - no log file is being saved\n2017-05-09 17:23:34 [ERROR] InferenceError: Unable to find snapshot for epoch=-1.0\nTraceback (most recent call last):\nFile "/home/ethan/digits_GAN/digits/tools/inference.py", line 293, in &lt;module&gt;\nargs['resize']\nFile "/home/ethan/digits_GAN/digits/tools/inference.py", line 79, in infer\nraise InferenceError("Unable to find snapshot for epoch=%s" % repr(epoch))\ndigits.inference.errors.InferenceError: 'Unable to find snapshot for epoch=-1.0'\n        </pre>\n</div>\n</div>\n</div>\n</div>\n</div>\n</div>\n</div>\n</div>\n</div>\n<div class="gpu-utilization-info" style="display:none;"></div>\n<!-- Related jobs -->\n<div class="panel panel-default" id="notes-information">\n<div class="panel-heading">\n<h4>Notes</h4>\n</div>\n<div class="panel-body">\n<div class="col-sm-12" id="show-job-notes">\n<p style="display:inline;">None</p>\n</div>\n<div class="col-sm-12" id="edit-job-notes" style="display:none;">\n<script type="text/javascript">\n                        function updateJobNotes() {\n                        var newNotes = $("textarea[name=job-notes]").val();\n                        $.ajax("/jobs/20170509-172331-c2b7",\n                                {\n                                    type: "PUT",\n                                    data: {"job_notes": newNotes}\n                                    }\n                              )\n                        .done(function() {\n                                $("#show-job-notes p").html(newNotes);\n                                $('#edit-job-notes').hide(); $('#show-job-notes').show();\n                                })\n                        .fail(function(data) { errorAlert(data); });\n                        return false;\n                    }\n                    </script>\n<textarea class="form-control" name="job-notes" placeholder="Enter notes" rows="5"></textarea>\n<a class="btn btn-primary" href="#" onclick="return updateJobNotes();">Update</a>\n<a class="btn btn-info" href="#" onclick="$('#edit-job-notes').hide(); $('#show-job-notes').show(); return false;">Cancel</a>\n</div>\n</div>\n</div>\n</div>\n</div>\n<div class="row">\n<script type="text/javascript">\n    function drawHistogram(id, data) {\n        c3.generate({\n            bindto: id,\n            size: {height: 200},\n            data: {\n                columns: [\n                    ['Count'].concat(data[0]),\n                    ['Value'].concat(data[1]),\n                ],\n                x: 'Value',\n                type: 'area-spline',\n            },\n            axis: {\n                x: {\n                    label: {\n                        text: 'Value',\n                        position: 'outer-center',\n                    },\n                    tick: {\n                        values: data[2],\n                        format: d3.format('.3g'),\n                    },\n                    padding: {left: 0},\n                },\n                y: {\n                    padding: {bottom: 0},\n                },\n            },\n            bar: {\n               width: {ratio: 0.2}\n            },\n            padding: {left: 20, right: 20},\n            legend: {hide: true},\n        });\n    }\n</script>\n<style>\n    div.histogram .c3-axis-y .tick {\n        display: none;\n    }\n</style>\n</div>\n</div>\n<script>\n$SCRIPT_ROOT = "";\n\n$(".explanation-tooltip").tooltip();\n\nwindow.onload = function () {\n    $('.autocomplete_path').autocomplete({\n       serviceUrl: '/autocomplete/path',\n       formatResult: function (suggestion, currentValue)\n       {\n            function baseName(str)\n            {\n               var base = new String(str).substring(str.lastIndexOf('/') + 1);\n               return base;\n            }\n            return baseName(suggestion.value);\n        },\n        minChars: 0\n    });\n    $(".autocomplete_path").removeAttr("autocomplete");\n};\n\n</script>\n<style>\n .about-menu {\n     width: 240px !important;\n }\n .brightness {\n     display: inline-block;\n }\n .brightness img:hover {\n     opacity: .75;\n }\n</style>\n</body>]
-------------------- >> begin captured logging << --------------------
socketio: INFO: emitting event "job update" to job_management [/jobs]
socketio: INFO: emitting event "task update" to 20170509-172218-c9c0 [/jobs]
socketio: INFO: emitting event "job update" to 20170509-172328-6826 [/jobs]
socketio: INFO: emitting event "job update" to job_management [/jobs]
socketio: INFO: emitting event "server update" to job_management [/jobs]
digits.webapp: INFO: Train Tensorflow Model task started.
socketio: INFO: emitting event "task update" to 20170509-172328-6826 [/jobs]
socketio: INFO: emitting event "job update" to 20170509-172328-6826 [/jobs]
socketio: INFO: emitting event "job update" to job_management [/jobs]
digits.webapp: INFO: Task subprocess args: "python2 /home/ethan/digits_GAN/digits/tools/tensorflow/main.py --network=network.py --epoch=1 --networkDirectory=/tmp/tmpX3R8Ve/20170509-172328-6826 --save=/tmp/tmpX3R8Ve/20170509-172328-6826 --snapshotPrefix=snapshot --snapshotInterval=1 --lr_base_rate=0.01 --lr_policy=step --batch_size=10 --mean=/tmp/tmpX3R8Ve/20170509-172309-8ab8/mean.binaryproto --labels_list=/tmp/tmpX3R8Ve/20170509-172309-8ab8/labels.txt --train_db=/tmp/tmpX3R8Ve/20170509-172309-8ab8/train_db --validation_db=/tmp/tmpX3R8Ve/20170509-172309-8ab8/val_db --lr_gamma=0.1 --lr_stepvalues=33 --subtractMean=pixel --seed=3405691582 --optimization=sgd --validation_interval=1 --log_runtime_stats_per_step=0 --augFlip=none --augHSVh=0 --augHSVs=0 --augHSVv=0"
socketio: INFO: emitting event "task update" to 20170509-172328-6826 [/jobs]
socketio: INFO: emitting event "task update" to 20170509-172259-8252 [/jobs]
socketio: INFO: emitting event "task update" to 20170509-172114-d063 [/jobs]
socketio: INFO: emitting event "task update" to 20170509-172323-89b4 [/jobs]
socketio: INFO: emitting event "task update" to 20170509-172227-0156 [/jobs]
socketio: INFO: emitting event "task update" to 20170509-172315-d38b [/jobs]
socketio: INFO: emitting event "task update" to 20170509-172202-9230 [/jobs]
socketio: INFO: emitting event "task update" to 20170509-172317-7da8 [/jobs]
socketio: INFO: emitting event "task update" to 20170509-172210-1907 [/jobs]
socketio: INFO: emitting event "task update" to 20170509-172147-4505 [/jobs]
socketio: INFO: emitting event "task update" to 20170509-172218-c9c0 [/jobs]
socketio: INFO: emitting event "task update" to 20170509-172259-8252 [/jobs]
socketio: INFO: emitting event "task update" to 20170509-172114-d063 [/jobs]
socketio: INFO: emitting event "task update" to 20170509-172323-89b4 [/jobs]
digits.webapp: WARNING: Train Tensorflow Model unrecognized output: 2017-05-09 17:23:30.242605: W tensorflow/core/platform/cpu_feature_guard.cc:45] The TensorFlow library wasn't compiled to use SSE4.1 instructions, but these are available on your machine and could speed up CPU computations.
digits.webapp: WARNING: Train Tensorflow Model unrecognized output: 2017-05-09 17:23:30.242617: W tensorflow/core/platform/cpu_feature_guard.cc:45] The TensorFlow library wasn't compiled to use SSE4.2 instructions, but these are available on your machine and could speed up CPU computations.
digits.webapp: WARNING: Train Tensorflow Model unrecognized output: 2017-05-09 17:23:30.242621: W tensorflow/core/platform/cpu_feature_guard.cc:45] The TensorFlow library wasn't compiled to use AVX instructions, but these are available on your machine and could speed up CPU computations.
socketio: INFO: emitting event "task update" to 20170509-172227-0156 [/jobs]
digits.webapp: WARNING: Train Tensorflow Model unrecognized output: 2017-05-09 17:23:30.364598: I tensorflow/stream_executor/cuda/cuda_gpu_executor.cc:901] successful NUMA node read from SysFS had negative value (-1), but there must be at least one NUMA node, so returning NUMA node zero
digits.webapp: WARNING: Train Tensorflow Model unrecognized output: 2017-05-09 17:23:30.365016: I tensorflow/core/common_runtime/gpu/gpu_device.cc:887] Found device 0 with properties:
digits.webapp: WARNING: Train Tensorflow Model unrecognized output: name: GeForce GTX TITAN X
digits.webapp: WARNING: Train Tensorflow Model unrecognized output: major: 5 minor: 2 memoryClockRate (GHz) 1.076
digits.webapp: WARNING: Train Tensorflow Model unrecognized output: pciBusID 0000:01:00.0
digits.webapp: WARNING: Train Tensorflow Model unrecognized output: Total memory: 11.92GiB
digits.webapp: WARNING: Train Tensorflow Model unrecognized output: Free memory: 10.25GiB
digits.webapp: WARNING: Train Tensorflow Model unrecognized output: 2017-05-09 17:23:30.365030: I tensorflow/core/common_runtime/gpu/gpu_device.cc:908] DMA: 0
digits.webapp: WARNING: Train Tensorflow Model unrecognized output: 2017-05-09 17:23:30.365035: I tensorflow/core/common_runtime/gpu/gpu_device.cc:918] 0:   Y
digits.webapp: WARNING: Train Tensorflow Model unrecognized output: 2017-05-09 17:23:30.365046: I tensorflow/core/common_runtime/gpu/gpu_device.cc:977] Creating TensorFlow device (/gpu:0) -> (device: 0, name: GeForce GTX TITAN X, pci bus id: 0000:01:00.0)
digits.webapp: WARNING: Train Tensorflow Model unrecognized output: 2017-05-09 17:23:30.465093: I tensorflow/core/common_runtime/gpu/gpu_device.cc:977] Creating TensorFlow device (/gpu:0) -> (device: 0, name: GeForce GTX TITAN X, pci bus id: 0000:01:00.0)
digits.webapp: WARNING: Train Tensorflow Model unrecognized output: 2017-05-09 17:23:30.471495: I tensorflow/core/common_runtime/gpu/gpu_device.cc:977] Creating TensorFlow device (/gpu:0) -> (device: 0, name: GeForce GTX TITAN X, pci bus id: 0000:01:00.0)
socketio: INFO: emitting event "task update" to 20170509-172315-d38b [/jobs]
socketio: INFO: emitting event "task update" to 20170509-172202-9230 [/jobs]
socketio: INFO: emitting event "task update" to 20170509-172317-7da8 [/jobs]
socketio: INFO: emitting event "task update" to 20170509-172210-1907 [/jobs]
socketio: INFO: emitting event "task update" to 20170509-172147-4505 [/jobs]
socketio: INFO: emitting event "task update" to 20170509-172218-c9c0 [/jobs]
socketio: INFO: emitting event "task update" to 20170509-172328-6826 [/jobs]
digits.webapp: DEBUG: Network validation loss #0.0: 1.098612
digits.webapp: DEBUG: Validation (epoch 0): loss = 1.098612
socketio: INFO: emitting event "task update" to 20170509-172328-6826 [/jobs]
socketio: INFO: emitting event "job update" to job_management [/jobs]
digits.webapp: DEBUG: Training 40.0% complete.
socketio: INFO: emitting event "task update" to 20170509-172328-6826 [/jobs]
socketio: INFO: emitting event "task update" to job_management [/jobs]
digits.webapp: DEBUG: Training (epoch 0.4): loss = 1.098612, lr = 0.010000
socketio: INFO: emitting event "task update" to 20170509-172328-6826 [/jobs]
socketio: INFO: emitting event "job update" to job_management [/jobs]
digits.webapp: DEBUG: Training (epoch 0.8): loss = 0.000000, lr = 0.001000
socketio: INFO: emitting event "task update" to 20170509-172328-6826 [/jobs]
socketio: INFO: emitting event "job update" to job_management [/jobs]
digits.webapp: DEBUG: Training (epoch 1.3): loss = 0.000000, lr = 0.000100
socketio: INFO: emitting event "task update" to 20170509-172328-6826 [/jobs]
digits.webapp: DEBUG: Network validation loss #1.3: 0.0
digits.webapp: DEBUG: Validation (epoch 1.3): loss = 0.000000
digits.webapp: WARNING: Train Tensorflow Model unrecognized output: INFO:tensorflow:/tmp/tmpX3R8Ve/20170509-172328-6826/snapshot_1.ckpt is not in all_model_checkpoint_paths. Manually adding it.
socketio: INFO: emitting event "task update" to 20170509-172328-6826 [/jobs]
digits.webapp: WARNING: Train Tensorflow Model unrecognized output: 2017-05-09 17:23:30.858719: W tensorflow/core/framework/op_kernel.cc:1152] Out of range: PaddingFIFOQueue '_3_train/data/batcher/padding_fifo_queue' is closed and has insufficient elements (requested 10, current size 0)
digits.webapp: WARNING: Train Tensorflow Model unrecognized output: [[Node: train/data/batcher = QueueDequeueUpToV2[component_types=[DT_STRING, DT_FLOAT, DT_INT64], timeout_ms=-1, _device="/job:localhost/replica:0/task:0/cpu:0"](train/data/batcher/padding_fifo_queue, train/data/batcher/n)]]
digits.webapp: WARNING: Train Tensorflow Model unrecognized output: Training wall-time: 0.198147058487
digits.webapp: INFO: Train Tensorflow Model task completed.
socketio: INFO: emitting event "task update" to 20170509-172328-6826 [/jobs]
socketio: INFO: emitting event "job update" to job_management [/jobs]
socketio: INFO: emitting event "task update" to 20170509-172328-6826 [/jobs]
socketio: INFO: emitting event "job update" to 20170509-172328-6826 [/jobs]
socketio: INFO: emitting event "job update" to job_management [/jobs]
socketio: INFO: emitting event "server update" to job_management [/jobs]
socketio: INFO: emitting event "job update" to job_management [/jobs]
socketio: INFO: emitting event "job update" to 20170509-172328-6826 [/jobs]
socketio: INFO: emitting event "job update" to job_management [/jobs]
digits: INFO: Job complete.
socketio: INFO: emitting event "task update" to 20170509-172259-8252 [/jobs]
socketio: INFO: emitting event "task update" to 20170509-172114-d063 [/jobs]
socketio: INFO: emitting event "task update" to 20170509-172323-89b4 [/jobs]
socketio: INFO: emitting event "job update" to job_management [/jobs]
socketio: INFO: emitting event "job update" to 20170509-172331-c2b7 [/jobs]
socketio: INFO: emitting event "job update" to job_management [/jobs]
socketio: INFO: emitting event "server update" to job_management [/jobs]
socketio: INFO: emitting event "server update" to job_management [/jobs]
digits.webapp: INFO: Infer Model task started.
socketio: INFO: emitting event "task update" to 20170509-172331-c2b7 [/jobs]
socketio: INFO: emitting event "job update" to 20170509-172331-c2b7 [/jobs]
socketio: INFO: emitting event "job update" to job_management [/jobs]
digits.webapp: INFO: Task subprocess args: "/usr/bin/python2 /home/ethan/digits_GAN/digits/tools/inference.py /tmp/tmpX3R8Ve/20170509-172331-c2b7/tmpdBuzBF.txt /tmp/tmpX3R8Ve/20170509-172331-c2b7 20170509-172328-6826 --jobs_dir=/tmp/tmpX3R8Ve --layers=none --gpu=0"
socketio: INFO: emitting event "task update" to 20170509-172227-0156 [/jobs]
socketio: INFO: emitting event "task update" to 20170509-172315-d38b [/jobs]
socketio: INFO: emitting event "task update" to 20170509-172202-9230 [/jobs]
socketio: INFO: emitting event "task update" to 20170509-172317-7da8 [/jobs]
socketio: INFO: emitting event "task update" to 20170509-172210-1907 [/jobs]
socketio: INFO: emitting event "task update" to 20170509-172147-4505 [/jobs]
socketio: INFO: emitting event "task update" to 20170509-172218-c9c0 [/jobs]
socketio: INFO: emitting event "task update" to 20170509-172328-6826 [/jobs]
socketio: INFO: emitting event "task update" to 20170509-172259-8252 [/jobs]
socketio: INFO: emitting event "task update" to 20170509-172114-d063 [/jobs]
socketio: INFO: emitting event "task update" to 20170509-172323-89b4 [/jobs]
socketio: INFO: emitting event "task update" to 20170509-172227-0156 [/jobs]
socketio: INFO: emitting event "task update" to 20170509-172315-d38b [/jobs]
socketio: INFO: emitting event "task update" to 20170509-172202-9230 [/jobs]
socketio: INFO: emitting event "task update" to 20170509-172317-7da8 [/jobs]
socketio: INFO: emitting event "task update" to 20170509-172210-1907 [/jobs]
socketio: INFO: emitting event "task update" to 20170509-172147-4505 [/jobs]
socketio: INFO: emitting event "task update" to 20170509-172218-c9c0 [/jobs]
socketio: INFO: emitting event "task update" to 20170509-172328-6826 [/jobs]
socketio: INFO: emitting event "task update" to 20170509-172259-8252 [/jobs]
socketio: INFO: emitting event "task update" to 20170509-172114-d063 [/jobs]
socketio: INFO: emitting event "task update" to 20170509-172323-89b4 [/jobs]
socketio: INFO: emitting event "task update" to 20170509-172227-0156 [/jobs]
socketio: INFO: emitting event "task update" to 20170509-172315-d38b [/jobs]
socketio: INFO: emitting event "task update" to 20170509-172202-9230 [/jobs]
socketio: INFO: emitting event "task update" to 20170509-172317-7da8 [/jobs]
socketio: INFO: emitting event "task update" to 20170509-172210-1907 [/jobs]
socketio: INFO: emitting event "task update" to 20170509-172147-4505 [/jobs]
socketio: INFO: emitting event "task update" to 20170509-172218-c9c0 [/jobs]
socketio: INFO: emitting event "task update" to 20170509-172328-6826 [/jobs]
digits.webapp: WARNING: Infer Model unrecognized output: WARNING: log_file config option not found - no log file is being saved
digits.webapp: WARNING: Infer Model unrecognized output: 2017-05-09 17:23:34 [ERROR] InferenceError: Unable to find snapshot for epoch=-1.0
digits.webapp: WARNING: Infer Model unrecognized output: Traceback (most recent call last):
digits.webapp: WARNING: Infer Model unrecognized output: File "/home/ethan/digits_GAN/digits/tools/inference.py", line 293, in <module>
digits.webapp: WARNING: Infer Model unrecognized output: args['resize']
digits.webapp: WARNING: Infer Model unrecognized output: File "/home/ethan/digits_GAN/digits/tools/inference.py", line 79, in infer
digits.webapp: WARNING: Infer Model unrecognized output: raise InferenceError("Unable to find snapshot for epoch=%s" % repr(epoch))
digits.webapp: WARNING: Infer Model unrecognized output: digits.inference.errors.InferenceError: 'Unable to find snapshot for epoch=-1.0'
socketio: INFO: emitting event "task update" to 20170509-172259-8252 [/jobs]
socketio: INFO: emitting event "task update" to 20170509-172114-d063 [/jobs]
socketio: INFO: emitting event "task update" to 20170509-172323-89b4 [/jobs]
digits.webapp: ERROR: Infer Model task failed with error code 1
socketio: INFO: emitting event "task update" to 20170509-172331-c2b7 [/jobs]
socketio: INFO: emitting event "job update" to 20170509-172331-c2b7 [/jobs]
socketio: INFO: emitting event "job update" to job_management [/jobs]
socketio: INFO: emitting event "server update" to job_management [/jobs]
socketio: INFO: emitting event "server update" to job_management [/jobs]
socketio: INFO: emitting event "job update" to 20170509-172331-c2b7 [/jobs]
socketio: INFO: emitting event "job update" to job_management [/jobs]
digits: INFO: Job deleted.
socketio: INFO: emitting event "job update" to job_management [/jobs]
--------------------- >> end captured logging << ---------------------

======================================================================
FAIL: digits.model.images.classification.test_views.TestTensorflowCreation.test_retrain
----------------------------------------------------------------------
Traceback (most recent call last):
  File "/home/ethan/.local/lib/python2.7/site-packages/nose/case.py", line 197, in runTest
    self.test(*self.arg)
  File "/home/ethan/digits_GAN/digits/model/images/classification/test_views.py", line 453, in test_retrain
    assert len(content['snapshots']), 'should have at least snapshot'
AssertionError: should have at least snapshot
-------------------- >> begin captured logging << --------------------
socketio: INFO: emitting event "job update" to job_management [/jobs]
socketio: INFO: emitting event "job update" to 20170509-172342-e0ef [/jobs]
socketio: INFO: emitting event "job update" to job_management [/jobs]
socketio: INFO: emitting event "server update" to job_management [/jobs]
socketio: INFO: emitting event "task update" to 20170509-172259-8252 [/jobs]
socketio: INFO: emitting event "task update" to 20170509-172114-d063 [/jobs]
socketio: INFO: emitting event "task update" to 20170509-172323-89b4 [/jobs]
digits.webapp: INFO: Train Tensorflow Model task started.
socketio: INFO: emitting event "task update" to 20170509-172342-e0ef [/jobs]
socketio: INFO: emitting event "job update" to 20170509-172342-e0ef [/jobs]
socketio: INFO: emitting event "job update" to job_management [/jobs]
digits.webapp: INFO: Task subprocess args: "python2 /home/ethan/digits_GAN/digits/tools/tensorflow/main.py --network=network.py --epoch=1 --networkDirectory=/tmp/tmpX3R8Ve/20170509-172342-e0ef --save=/tmp/tmpX3R8Ve/20170509-172342-e0ef --snapshotPrefix=snapshot --snapshotInterval=1 --lr_base_rate=0.01 --lr_policy=step --batch_size=10 --mean=/tmp/tmpX3R8Ve/20170509-172309-8ab8/mean.binaryproto --labels_list=/tmp/tmpX3R8Ve/20170509-172309-8ab8/labels.txt --train_db=/tmp/tmpX3R8Ve/20170509-172309-8ab8/train_db --validation_db=/tmp/tmpX3R8Ve/20170509-172309-8ab8/val_db --lr_gamma=0.1 --lr_stepvalues=33 --subtractMean=image --seed=3405691582 --optimization=sgd --validation_interval=1 --log_runtime_stats_per_step=0 --augFlip=none --augHSVh=0 --augHSVs=0 --augHSVv=0"
socketio: INFO: emitting event "task update" to 20170509-172342-e0ef [/jobs]
socketio: INFO: emitting event "task update" to 20170509-172227-0156 [/jobs]
socketio: INFO: emitting event "task update" to 20170509-172334-9d18 [/jobs]
socketio: INFO: emitting event "task update" to 20170509-172315-d38b [/jobs]
socketio: INFO: emitting event "task update" to 20170509-172202-9230 [/jobs]
socketio: INFO: emitting event "task update" to 20170509-172317-7da8 [/jobs]
socketio: INFO: emitting event "task update" to 20170509-172210-1907 [/jobs]
socketio: INFO: emitting event "task update" to 20170509-172147-4505 [/jobs]
socketio: INFO: emitting event "task update" to 20170509-172339-dc52 [/jobs]
socketio: INFO: emitting event "task update" to 20170509-172218-c9c0 [/jobs]
socketio: INFO: emitting event "task update" to 20170509-172328-6826 [/jobs]
socketio: INFO: emitting event "task update" to 20170509-172337-f1aa [/jobs]
socketio: INFO: emitting event "task update" to 20170509-172259-8252 [/jobs]
socketio: INFO: emitting event "task update" to 20170509-172114-d063 [/jobs]
socketio: INFO: emitting event "task update" to 20170509-172323-89b4 [/jobs]
socketio: INFO: emitting event "task update" to 20170509-172227-0156 [/jobs]
socketio: INFO: emitting event "task update" to 20170509-172334-9d18 [/jobs]
socketio: INFO: emitting event "task update" to 20170509-172315-d38b [/jobs]
socketio: INFO: emitting event "task update" to 20170509-172202-9230 [/jobs]
socketio: INFO: emitting event "task update" to 20170509-172317-7da8 [/jobs]
socketio: INFO: emitting event "task update" to 20170509-172210-1907 [/jobs]
socketio: INFO: emitting event "task update" to 20170509-172147-4505 [/jobs]
socketio: INFO: emitting event "task update" to 20170509-172339-dc52 [/jobs]
digits.webapp: WARNING: Train Tensorflow Model unrecognized output: 2017-05-09 17:23:43.796622: W tensorflow/core/platform/cpu_feature_guard.cc:45] The TensorFlow library wasn't compiled to use SSE4.1 instructions, but these are available on your machine and could speed up CPU computations.
digits.webapp: WARNING: Train Tensorflow Model unrecognized output: 2017-05-09 17:23:43.796633: W tensorflow/core/platform/cpu_feature_guard.cc:45] The TensorFlow library wasn't compiled to use SSE4.2 instructions, but these are available on your machine and could speed up CPU computations.
digits.webapp: WARNING: Train Tensorflow Model unrecognized output: 2017-05-09 17:23:43.796637: W tensorflow/core/platform/cpu_feature_guard.cc:45] The TensorFlow library wasn't compiled to use AVX instructions, but these are available on your machine and could speed up CPU computations.
socketio: INFO: emitting event "task update" to 20170509-172218-c9c0 [/jobs]
socketio: INFO: emitting event "task update" to 20170509-172328-6826 [/jobs]
digits.webapp: WARNING: Train Tensorflow Model unrecognized output: 2017-05-09 17:23:43.905933: I tensorflow/stream_executor/cuda/cuda_gpu_executor.cc:901] successful NUMA node read from SysFS had negative value (-1), but there must be at least one NUMA node, so returning NUMA node zero
digits.webapp: WARNING: Train Tensorflow Model unrecognized output: 2017-05-09 17:23:43.906348: I tensorflow/core/common_runtime/gpu/gpu_device.cc:887] Found device 0 with properties:
digits.webapp: WARNING: Train Tensorflow Model unrecognized output: name: GeForce GTX TITAN X
digits.webapp: WARNING: Train Tensorflow Model unrecognized output: major: 5 minor: 2 memoryClockRate (GHz) 1.076
digits.webapp: WARNING: Train Tensorflow Model unrecognized output: pciBusID 0000:01:00.0
digits.webapp: WARNING: Train Tensorflow Model unrecognized output: Total memory: 11.92GiB
digits.webapp: WARNING: Train Tensorflow Model unrecognized output: Free memory: 10.25GiB
digits.webapp: WARNING: Train Tensorflow Model unrecognized output: 2017-05-09 17:23:43.906361: I tensorflow/core/common_runtime/gpu/gpu_device.cc:908] DMA: 0
digits.webapp: WARNING: Train Tensorflow Model unrecognized output: 2017-05-09 17:23:43.906366: I tensorflow/core/common_runtime/gpu/gpu_device.cc:918] 0:   Y
digits.webapp: WARNING: Train Tensorflow Model unrecognized output: 2017-05-09 17:23:43.906377: I tensorflow/core/common_runtime/gpu/gpu_device.cc:977] Creating TensorFlow device (/gpu:0) -> (device: 0, name: GeForce GTX TITAN X, pci bus id: 0000:01:00.0)
digits.webapp: WARNING: Train Tensorflow Model unrecognized output: 2017-05-09 17:23:44.007383: I tensorflow/core/common_runtime/gpu/gpu_device.cc:977] Creating TensorFlow device (/gpu:0) -> (device: 0, name: GeForce GTX TITAN X, pci bus id: 0000:01:00.0)
digits.webapp: WARNING: Train Tensorflow Model unrecognized output: 2017-05-09 17:23:44.013876: I tensorflow/core/common_runtime/gpu/gpu_device.cc:977] Creating TensorFlow device (/gpu:0) -> (device: 0, name: GeForce GTX TITAN X, pci bus id: 0000:01:00.0)
socketio: INFO: emitting event "task update" to 20170509-172337-f1aa [/jobs]
socketio: INFO: emitting event "task update" to 20170509-172259-8252 [/jobs]
socketio: INFO: emitting event "task update" to 20170509-172114-d063 [/jobs]
socketio: INFO: emitting event "task update" to 20170509-172323-89b4 [/jobs]
socketio: INFO: emitting event "task update" to 20170509-172342-e0ef [/jobs]
digits.webapp: DEBUG: Network validation loss #0.0: 1.098612
digits.webapp: DEBUG: Validation (epoch 0): loss = 1.098612
socketio: INFO: emitting event "task update" to 20170509-172342-e0ef [/jobs]
socketio: INFO: emitting event "job update" to job_management [/jobs]
digits.webapp: DEBUG: Training 40.0% complete.
socketio: INFO: emitting event "task update" to 20170509-172342-e0ef [/jobs]
socketio: INFO: emitting event "task update" to job_management [/jobs]
digits.webapp: DEBUG: Training (epoch 0.4): loss = 1.098612, lr = 0.010000
socketio: INFO: emitting event "task update" to 20170509-172342-e0ef [/jobs]
socketio: INFO: emitting event "job update" to job_management [/jobs]
digits.webapp: DEBUG: Training (epoch 0.8): loss = 0.000000, lr = 0.001000
socketio: INFO: emitting event "task update" to 20170509-172342-e0ef [/jobs]
socketio: INFO: emitting event "job update" to job_management [/jobs]
digits.webapp: DEBUG: Training (epoch 1.3): loss = 0.000000, lr = 0.000100
socketio: INFO: emitting event "task update" to 20170509-172342-e0ef [/jobs]
digits.webapp: DEBUG: Network validation loss #1.3: 0.0
digits.webapp: DEBUG: Validation (epoch 1.3): loss = 0.000000
digits.webapp: WARNING: Train Tensorflow Model unrecognized output: INFO:tensorflow:/tmp/tmpX3R8Ve/20170509-172342-e0ef/snapshot_1.ckpt is not in all_model_checkpoint_paths. Manually adding it.
socketio: INFO: emitting event "task update" to 20170509-172342-e0ef [/jobs]
digits.webapp: WARNING: Train Tensorflow Model unrecognized output: 2017-05-09 17:23:44.403088: W tensorflow/core/framework/op_kernel.cc:1152] Out of range: PaddingFIFOQueue '_3_train/data/batcher/padding_fifo_queue' is closed and has insufficient elements (requested 10, current size 0)
digits.webapp: WARNING: Train Tensorflow Model unrecognized output: [[Node: train/data/batcher = QueueDequeueUpToV2[component_types=[DT_STRING, DT_FLOAT, DT_INT64], timeout_ms=-1, _device="/job:localhost/replica:0/task:0/cpu:0"](train/data/batcher/padding_fifo_queue, train/data/batcher/n)]]
digits.webapp: WARNING: Train Tensorflow Model unrecognized output: Training wall-time: 0.198889017105
socketio: INFO: emitting event "task update" to 20170509-172227-0156 [/jobs]
socketio: INFO: emitting event "task update" to 20170509-172334-9d18 [/jobs]
socketio: INFO: emitting event "task update" to 20170509-172315-d38b [/jobs]
digits.webapp: INFO: Train Tensorflow Model task completed.
socketio: INFO: emitting event "task update" to 20170509-172342-e0ef [/jobs]
socketio: INFO: emitting event "job update" to job_management [/jobs]
socketio: INFO: emitting event "task update" to 20170509-172342-e0ef [/jobs]
socketio: INFO: emitting event "job update" to 20170509-172342-e0ef [/jobs]
socketio: INFO: emitting event "job update" to job_management [/jobs]
socketio: INFO: emitting event "server update" to job_management [/jobs]
socketio: INFO: emitting event "job update" to job_management [/jobs]
socketio: INFO: emitting event "job update" to 20170509-172342-e0ef [/jobs]
socketio: INFO: emitting event "job update" to job_management [/jobs]
digits: INFO: Job complete.
socketio: INFO: emitting event "task update" to 20170509-172202-9230 [/jobs]
socketio: INFO: emitting event "task update" to 20170509-172317-7da8 [/jobs]
socketio: INFO: emitting event "task update" to 20170509-172210-1907 [/jobs]
socketio: INFO: emitting event "task update" to 20170509-172147-4505 [/jobs]
socketio: INFO: emitting event "task update" to 20170509-172339-dc52 [/jobs]
--------------------- >> end captured logging << ---------------------

======================================================================
FAIL: digits.model.images.classification.test_views.TestTensorflowCreation.test_retrain_twice
----------------------------------------------------------------------
Traceback (most recent call last):
  File "/home/ethan/.local/lib/python2.7/site-packages/nose/case.py", line 197, in runTest
    self.test(*self.arg)
  File "/home/ethan/digits_GAN/digits/model/images/classification/test_views.py", line 471, in test_retrain_twice
    assert len(content['snapshots']), 'should have at least snapshot'
AssertionError: should have at least snapshot
-------------------- >> begin captured logging << --------------------
socketio: INFO: emitting event "job update" to job_management [/jobs]
socketio: INFO: emitting event "job update" to 20170509-172344-9606 [/jobs]
socketio: INFO: emitting event "job update" to job_management [/jobs]
socketio: INFO: emitting event "server update" to job_management [/jobs]
socketio: INFO: emitting event "task update" to 20170509-172218-c9c0 [/jobs]
socketio: INFO: emitting event "task update" to 20170509-172328-6826 [/jobs]
digits.webapp: INFO: Train Tensorflow Model task started.
socketio: INFO: emitting event "task update" to 20170509-172344-9606 [/jobs]
socketio: INFO: emitting event "job update" to 20170509-172344-9606 [/jobs]
socketio: INFO: emitting event "job update" to job_management [/jobs]
digits.webapp: INFO: Task subprocess args: "python2 /home/ethan/digits_GAN/digits/tools/tensorflow/main.py --network=network.py --epoch=1 --networkDirectory=/tmp/tmpX3R8Ve/20170509-172344-9606 --save=/tmp/tmpX3R8Ve/20170509-172344-9606 --snapshotPrefix=snapshot --snapshotInterval=1 --lr_base_rate=0.01 --lr_policy=step --batch_size=10 --mean=/tmp/tmpX3R8Ve/20170509-172309-8ab8/mean.binaryproto --labels_list=/tmp/tmpX3R8Ve/20170509-172309-8ab8/labels.txt --train_db=/tmp/tmpX3R8Ve/20170509-172309-8ab8/train_db --validation_db=/tmp/tmpX3R8Ve/20170509-172309-8ab8/val_db --lr_gamma=0.1 --lr_stepvalues=33 --subtractMean=image --seed=3405691582 --optimization=sgd --validation_interval=1 --log_runtime_stats_per_step=0 --augFlip=none --augHSVh=0 --augHSVs=0 --augHSVv=0"
socketio: INFO: emitting event "task update" to 20170509-172344-9606 [/jobs]
socketio: INFO: emitting event "task update" to 20170509-172337-f1aa [/jobs]
socketio: INFO: emitting event "task update" to 20170509-172259-8252 [/jobs]
socketio: INFO: emitting event "task update" to 20170509-172114-d063 [/jobs]
socketio: INFO: emitting event "task update" to 20170509-172323-89b4 [/jobs]
socketio: INFO: emitting event "task update" to 20170509-172342-e0ef [/jobs]
socketio: INFO: emitting event "task update" to 20170509-172227-0156 [/jobs]
socketio: INFO: emitting event "task update" to 20170509-172334-9d18 [/jobs]
socketio: INFO: emitting event "task update" to 20170509-172315-d38b [/jobs]
socketio: INFO: emitting event "task update" to 20170509-172202-9230 [/jobs]
socketio: INFO: emitting event "task update" to 20170509-172317-7da8 [/jobs]
socketio: INFO: emitting event "task update" to 20170509-172210-1907 [/jobs]
socketio: INFO: emitting event "task update" to 20170509-172147-4505 [/jobs]
socketio: INFO: emitting event "task update" to 20170509-172339-dc52 [/jobs]
socketio: INFO: emitting event "task update" to 20170509-172218-c9c0 [/jobs]
socketio: INFO: emitting event "task update" to 20170509-172328-6826 [/jobs]
socketio: INFO: emitting event "task update" to 20170509-172337-f1aa [/jobs]
socketio: INFO: emitting event "task update" to 20170509-172259-8252 [/jobs]
socketio: INFO: emitting event "task update" to 20170509-172114-d063 [/jobs]
socketio: INFO: emitting event "task update" to 20170509-172323-89b4 [/jobs]
socketio: INFO: emitting event "task update" to 20170509-172342-e0ef [/jobs]
digits.webapp: WARNING: Train Tensorflow Model unrecognized output: 2017-05-09 17:23:46.364487: W tensorflow/core/platform/cpu_feature_guard.cc:45] The TensorFlow library wasn't compiled to use SSE4.1 instructions, but these are available on your machine and could speed up CPU computations.
digits.webapp: WARNING: Train Tensorflow Model unrecognized output: 2017-05-09 17:23:46.364500: W tensorflow/core/platform/cpu_feature_guard.cc:45] The TensorFlow library wasn't compiled to use SSE4.2 instructions, but these are available on your machine and could speed up CPU computations.
digits.webapp: WARNING: Train Tensorflow Model unrecognized output: 2017-05-09 17:23:46.364505: W tensorflow/core/platform/cpu_feature_guard.cc:45] The TensorFlow library wasn't compiled to use AVX instructions, but these are available on your machine and could speed up CPU computations.
socketio: INFO: emitting event "task update" to 20170509-172227-0156 [/jobs]
socketio: INFO: emitting event "task update" to 20170509-172334-9d18 [/jobs]
digits.webapp: WARNING: Train Tensorflow Model unrecognized output: 2017-05-09 17:23:46.487708: I tensorflow/stream_executor/cuda/cuda_gpu_executor.cc:901] successful NUMA node read from SysFS had negative value (-1), but there must be at least one NUMA node, so returning NUMA node zero
digits.webapp: WARNING: Train Tensorflow Model unrecognized output: 2017-05-09 17:23:46.488133: I tensorflow/core/common_runtime/gpu/gpu_device.cc:887] Found device 0 with properties:
digits.webapp: WARNING: Train Tensorflow Model unrecognized output: name: GeForce GTX TITAN X
digits.webapp: WARNING: Train Tensorflow Model unrecognized output: major: 5 minor: 2 memoryClockRate (GHz) 1.076
digits.webapp: WARNING: Train Tensorflow Model unrecognized output: pciBusID 0000:01:00.0
digits.webapp: WARNING: Train Tensorflow Model unrecognized output: Total memory: 11.92GiB
digits.webapp: WARNING: Train Tensorflow Model unrecognized output: Free memory: 10.25GiB
digits.webapp: WARNING: Train Tensorflow Model unrecognized output: 2017-05-09 17:23:46.488147: I tensorflow/core/common_runtime/gpu/gpu_device.cc:908] DMA: 0
digits.webapp: WARNING: Train Tensorflow Model unrecognized output: 2017-05-09 17:23:46.488151: I tensorflow/core/common_runtime/gpu/gpu_device.cc:918] 0:   Y
digits.webapp: WARNING: Train Tensorflow Model unrecognized output: 2017-05-09 17:23:46.488163: I tensorflow/core/common_runtime/gpu/gpu_device.cc:977] Creating TensorFlow device (/gpu:0) -> (device: 0, name: GeForce GTX TITAN X, pci bus id: 0000:01:00.0)
socketio: INFO: emitting event "task update" to 20170509-172315-d38b [/jobs]
digits.webapp: WARNING: Train Tensorflow Model unrecognized output: 2017-05-09 17:23:46.588754: I tensorflow/core/common_runtime/gpu/gpu_device.cc:977] Creating TensorFlow device (/gpu:0) -> (device: 0, name: GeForce GTX TITAN X, pci bus id: 0000:01:00.0)
digits.webapp: WARNING: Train Tensorflow Model unrecognized output: 2017-05-09 17:23:46.595202: I tensorflow/core/common_runtime/gpu/gpu_device.cc:977] Creating TensorFlow device (/gpu:0) -> (device: 0, name: GeForce GTX TITAN X, pci bus id: 0000:01:00.0)
socketio: INFO: emitting event "task update" to 20170509-172202-9230 [/jobs]
socketio: INFO: emitting event "task update" to 20170509-172317-7da8 [/jobs]
socketio: INFO: emitting event "task update" to 20170509-172210-1907 [/jobs]
socketio: INFO: emitting event "task update" to 20170509-172147-4505 [/jobs]
socketio: INFO: emitting event "task update" to 20170509-172339-dc52 [/jobs]
socketio: INFO: emitting event "task update" to 20170509-172218-c9c0 [/jobs]
socketio: INFO: emitting event "task update" to 20170509-172328-6826 [/jobs]
socketio: INFO: emitting event "task update" to 20170509-172344-9606 [/jobs]
digits.webapp: DEBUG: Network validation loss #0.0: 1.098612
digits.webapp: DEBUG: Validation (epoch 0): loss = 1.098612
socketio: INFO: emitting event "task update" to 20170509-172344-9606 [/jobs]
socketio: INFO: emitting event "job update" to job_management [/jobs]
digits.webapp: DEBUG: Training 40.0% complete.
socketio: INFO: emitting event "task update" to 20170509-172344-9606 [/jobs]
socketio: INFO: emitting event "task update" to job_management [/jobs]
digits.webapp: DEBUG: Training (epoch 0.4): loss = 1.098612, lr = 0.010000
socketio: INFO: emitting event "task update" to 20170509-172344-9606 [/jobs]
socketio: INFO: emitting event "job update" to job_management [/jobs]
digits.webapp: DEBUG: Training (epoch 0.8): loss = 0.000000, lr = 0.001000
socketio: INFO: emitting event "task update" to 20170509-172344-9606 [/jobs]
socketio: INFO: emitting event "job update" to job_management [/jobs]
digits.webapp: DEBUG: Training (epoch 1.3): loss = 0.000000, lr = 0.000100
socketio: INFO: emitting event "task update" to 20170509-172344-9606 [/jobs]
digits.webapp: DEBUG: Network validation loss #1.3: 0.0
digits.webapp: DEBUG: Validation (epoch 1.3): loss = 0.000000
digits.webapp: WARNING: Train Tensorflow Model unrecognized output: INFO:tensorflow:/tmp/tmpX3R8Ve/20170509-172344-9606/snapshot_1.ckpt is not in all_model_checkpoint_paths. Manually adding it.
socketio: INFO: emitting event "task update" to 20170509-172344-9606 [/jobs]
digits.webapp: WARNING: Train Tensorflow Model unrecognized output: 2017-05-09 17:23:46.981612: W tensorflow/core/framework/op_kernel.cc:1152] Out of range: PaddingFIFOQueue '_3_train/data/batcher/padding_fifo_queue' is closed and has insufficient elements (requested 10, current size 0)
digits.webapp: WARNING: Train Tensorflow Model unrecognized output: [[Node: train/data/batcher = QueueDequeueUpToV2[component_types=[DT_STRING, DT_FLOAT, DT_INT64], timeout_ms=-1, _device="/job:localhost/replica:0/task:0/cpu:0"](train/data/batcher/padding_fifo_queue, train/data/batcher/n)]]
digits.webapp: WARNING: Train Tensorflow Model unrecognized output: Training wall-time: 0.202867984772
socketio: INFO: emitting event "task update" to 20170509-172337-f1aa [/jobs]
digits.webapp: INFO: Train Tensorflow Model task completed.
socketio: INFO: emitting event "task update" to 20170509-172344-9606 [/jobs]
socketio: INFO: emitting event "job update" to job_management [/jobs]
socketio: INFO: emitting event "task update" to 20170509-172344-9606 [/jobs]
socketio: INFO: emitting event "job update" to 20170509-172344-9606 [/jobs]
socketio: INFO: emitting event "job update" to job_management [/jobs]
socketio: INFO: emitting event "server update" to job_management [/jobs]
socketio: INFO: emitting event "job update" to job_management [/jobs]
socketio: INFO: emitting event "job update" to 20170509-172344-9606 [/jobs]
socketio: INFO: emitting event "job update" to job_management [/jobs]
digits: INFO: Job complete.
socketio: INFO: emitting event "task update" to 20170509-172259-8252 [/jobs]
socketio: INFO: emitting event "task update" to 20170509-172114-d063 [/jobs]
socketio: INFO: emitting event "task update" to 20170509-172323-89b4 [/jobs]
socketio: INFO: emitting event "task update" to 20170509-172342-e0ef [/jobs]
--------------------- >> end captured logging << ---------------------

======================================================================
FAIL: digits.model.images.classification.test_views.TestTensorflowCreation.test_snapshot_interval_0_5
----------------------------------------------------------------------
Traceback (most recent call last):
  File "/home/ethan/.local/lib/python2.7/site-packages/nose/case.py", line 197, in runTest
    self.test(*self.arg)
  File "/home/ethan/digits_GAN/digits/model/images/classification/test_views.py", line 367, in test_snapshot_interval_0_5
    assert len(content['snapshots']) == 2, 'should take 2 snapshots'
AssertionError: should take 2 snapshots
-------------------- >> begin captured logging << --------------------
socketio: INFO: emitting event "job update" to job_management [/jobs]
socketio: INFO: emitting event "job update" to 20170509-172350-6fcd [/jobs]
socketio: INFO: emitting event "job update" to job_management [/jobs]
socketio: INFO: emitting event "server update" to job_management [/jobs]
socketio: INFO: emitting event "task update" to 20170509-172337-f1aa [/jobs]
digits.webapp: INFO: Train Tensorflow Model task started.
socketio: INFO: emitting event "task update" to 20170509-172350-6fcd [/jobs]
socketio: INFO: emitting event "job update" to 20170509-172350-6fcd [/jobs]
socketio: INFO: emitting event "job update" to job_management [/jobs]
digits.webapp: INFO: Task subprocess args: "python2 /home/ethan/digits_GAN/digits/tools/tensorflow/main.py --network=network.py --epoch=4 --networkDirectory=/tmp/tmpX3R8Ve/20170509-172350-6fcd --save=/tmp/tmpX3R8Ve/20170509-172350-6fcd --snapshotPrefix=snapshot --snapshotInterval=2.0 --lr_base_rate=0.01 --lr_policy=step --batch_size=10 --mean=/tmp/tmpX3R8Ve/20170509-172309-8ab8/mean.binaryproto --labels_list=/tmp/tmpX3R8Ve/20170509-172309-8ab8/labels.txt --train_db=/tmp/tmpX3R8Ve/20170509-172309-8ab8/train_db --validation_db=/tmp/tmpX3R8Ve/20170509-172309-8ab8/val_db --lr_gamma=0.1 --lr_stepvalues=33 --subtractMean=image --seed=3405691582 --optimization=sgd --validation_interval=1 --log_runtime_stats_per_step=0 --augFlip=none --augHSVh=0 --augHSVs=0 --augHSVv=0"
socketio: INFO: emitting event "task update" to 20170509-172350-6fcd [/jobs]
socketio: INFO: emitting event "task update" to 20170509-172259-8252 [/jobs]
socketio: INFO: emitting event "task update" to 20170509-172114-d063 [/jobs]
socketio: INFO: emitting event "task update" to 20170509-172323-89b4 [/jobs]
socketio: INFO: emitting event "task update" to 20170509-172342-e0ef [/jobs]
socketio: INFO: emitting event "task update" to 20170509-172227-0156 [/jobs]
socketio: INFO: emitting event "task update" to 20170509-172334-9d18 [/jobs]
socketio: INFO: emitting event "task update" to 20170509-172347-b92a [/jobs]
socketio: INFO: emitting event "task update" to 20170509-172315-d38b [/jobs]
socketio: INFO: emitting event "task update" to 20170509-172202-9230 [/jobs]
socketio: INFO: emitting event "task update" to 20170509-172317-7da8 [/jobs]
socketio: INFO: emitting event "task update" to 20170509-172210-1907 [/jobs]
socketio: INFO: emitting event "task update" to 20170509-172147-4505 [/jobs]
socketio: INFO: emitting event "task update" to 20170509-172339-dc52 [/jobs]
socketio: INFO: emitting event "task update" to 20170509-172218-c9c0 [/jobs]
socketio: INFO: emitting event "task update" to 20170509-172328-6826 [/jobs]
socketio: INFO: emitting event "task update" to 20170509-172344-9606 [/jobs]
socketio: INFO: emitting event "task update" to 20170509-172337-f1aa [/jobs]
socketio: INFO: emitting event "task update" to 20170509-172259-8252 [/jobs]
socketio: INFO: emitting event "task update" to 20170509-172114-d063 [/jobs]
socketio: INFO: emitting event "task update" to 20170509-172323-89b4 [/jobs]
socketio: INFO: emitting event "task update" to 20170509-172342-e0ef [/jobs]
socketio: INFO: emitting event "task update" to 20170509-172227-0156 [/jobs]
socketio: INFO: emitting event "task update" to 20170509-172334-9d18 [/jobs]
socketio: INFO: emitting event "task update" to 20170509-172347-b92a [/jobs]
socketio: INFO: emitting event "task update" to 20170509-172315-d38b [/jobs]
digits.webapp: WARNING: Train Tensorflow Model unrecognized output: 2017-05-09 17:23:51.578833: W tensorflow/core/platform/cpu_feature_guard.cc:45] The TensorFlow library wasn't compiled to use SSE4.1 instructions, but these are available on your machine and could speed up CPU computations.
digits.webapp: WARNING: Train Tensorflow Model unrecognized output: 2017-05-09 17:23:51.578845: W tensorflow/core/platform/cpu_feature_guard.cc:45] The TensorFlow library wasn't compiled to use SSE4.2 instructions, but these are available on your machine and could speed up CPU computations.
digits.webapp: WARNING: Train Tensorflow Model unrecognized output: 2017-05-09 17:23:51.578849: W tensorflow/core/platform/cpu_feature_guard.cc:45] The TensorFlow library wasn't compiled to use AVX instructions, but these are available on your machine and could speed up CPU computations.
digits.webapp: WARNING: Train Tensorflow Model unrecognized output: 2017-05-09 17:23:51.702284: I tensorflow/stream_executor/cuda/cuda_gpu_executor.cc:901] successful NUMA node read from SysFS had negative value (-1), but there must be at least one NUMA node, so returning NUMA node zero
digits.webapp: WARNING: Train Tensorflow Model unrecognized output: 2017-05-09 17:23:51.702699: I tensorflow/core/common_runtime/gpu/gpu_device.cc:887] Found device 0 with properties:
digits.webapp: WARNING: Train Tensorflow Model unrecognized output: name: GeForce GTX TITAN X
digits.webapp: WARNING: Train Tensorflow Model unrecognized output: major: 5 minor: 2 memoryClockRate (GHz) 1.076
digits.webapp: WARNING: Train Tensorflow Model unrecognized output: pciBusID 0000:01:00.0
digits.webapp: WARNING: Train Tensorflow Model unrecognized output: Total memory: 11.92GiB
digits.webapp: WARNING: Train Tensorflow Model unrecognized output: Free memory: 10.25GiB
digits.webapp: WARNING: Train Tensorflow Model unrecognized output: 2017-05-09 17:23:51.702712: I tensorflow/core/common_runtime/gpu/gpu_device.cc:908] DMA: 0
digits.webapp: WARNING: Train Tensorflow Model unrecognized output: 2017-05-09 17:23:51.702717: I tensorflow/core/common_runtime/gpu/gpu_device.cc:918] 0:   Y
digits.webapp: WARNING: Train Tensorflow Model unrecognized output: 2017-05-09 17:23:51.702724: I tensorflow/core/common_runtime/gpu/gpu_device.cc:977] Creating TensorFlow device (/gpu:0) -> (device: 0, name: GeForce GTX TITAN X, pci bus id: 0000:01:00.0)
socketio: INFO: emitting event "task update" to 20170509-172202-9230 [/jobs]
socketio: INFO: emitting event "task update" to 20170509-172317-7da8 [/jobs]
digits.webapp: WARNING: Train Tensorflow Model unrecognized output: 2017-05-09 17:23:51.804251: I tensorflow/core/common_runtime/gpu/gpu_device.cc:977] Creating TensorFlow device (/gpu:0) -> (device: 0, name: GeForce GTX TITAN X, pci bus id: 0000:01:00.0)
digits.webapp: WARNING: Train Tensorflow Model unrecognized output: 2017-05-09 17:23:51.811102: I tensorflow/core/common_runtime/gpu/gpu_device.cc:977] Creating TensorFlow device (/gpu:0) -> (device: 0, name: GeForce GTX TITAN X, pci bus id: 0000:01:00.0)
socketio: INFO: emitting event "task update" to 20170509-172210-1907 [/jobs]
socketio: INFO: emitting event "task update" to 20170509-172147-4505 [/jobs]
socketio: INFO: emitting event "task update" to 20170509-172339-dc52 [/jobs]
socketio: INFO: emitting event "task update" to 20170509-172218-c9c0 [/jobs]
socketio: INFO: emitting event "task update" to 20170509-172328-6826 [/jobs]
socketio: INFO: emitting event "task update" to 20170509-172344-9606 [/jobs]
socketio: INFO: emitting event "task update" to 20170509-172337-f1aa [/jobs]
socketio: INFO: emitting event "task update" to 20170509-172350-6fcd [/jobs]
digits.webapp: DEBUG: Network validation loss #0.0: 1.098612
digits.webapp: DEBUG: Validation (epoch 0): loss = 1.098612
socketio: INFO: emitting event "task update" to 20170509-172350-6fcd [/jobs]
socketio: INFO: emitting event "job update" to job_management [/jobs]
digits.webapp: DEBUG: Training 10.0% complete.
socketio: INFO: emitting event "task update" to 20170509-172350-6fcd [/jobs]
socketio: INFO: emitting event "task update" to job_management [/jobs]
digits.webapp: DEBUG: Training (epoch 0.4): loss = 1.098612, lr = 0.010000
socketio: INFO: emitting event "task update" to 20170509-172350-6fcd [/jobs]
socketio: INFO: emitting event "job update" to job_management [/jobs]
digits.webapp: DEBUG: Training (epoch 0.8): loss = 0.000000, lr = 0.010000
socketio: INFO: emitting event "task update" to 20170509-172350-6fcd [/jobs]
socketio: INFO: emitting event "job update" to job_management [/jobs]
digits.webapp: DEBUG: Training (epoch 1.3): loss = 0.000000, lr = 0.010000
socketio: INFO: emitting event "task update" to 20170509-172350-6fcd [/jobs]
digits.webapp: DEBUG: Network validation loss #1.3: 0.0
digits.webapp: DEBUG: Validation (epoch 1.3): loss = 0.000000
socketio: INFO: emitting event "task update" to 20170509-172350-6fcd [/jobs]
socketio: INFO: emitting event "job update" to job_management [/jobs]
digits.webapp: DEBUG: Training (epoch 1.7): loss = 0.000000, lr = 0.001000
socketio: INFO: emitting event "task update" to 20170509-172350-6fcd [/jobs]
socketio: INFO: emitting event "job update" to job_management [/jobs]
digits.webapp: DEBUG: Training (epoch 2.1): loss = 0.000000, lr = 0.001000
socketio: INFO: emitting event "task update" to 20170509-172350-6fcd [/jobs]
digits.webapp: DEBUG: Network validation loss #2.1: 0.0
digits.webapp: DEBUG: Validation (epoch 2.1): loss = 0.000000
digits.webapp: WARNING: Train Tensorflow Model unrecognized output: INFO:tensorflow:/tmp/tmpX3R8Ve/20170509-172350-6fcd/snapshot_2.ckpt is not in all_model_checkpoint_paths. Manually adding it.
socketio: INFO: emitting event "task update" to 20170509-172350-6fcd [/jobs]
socketio: INFO: emitting event "task update" to 20170509-172350-6fcd [/jobs]
socketio: INFO: emitting event "job update" to job_management [/jobs]
digits.webapp: DEBUG: Training (epoch 2.5): loss = 0.000000, lr = 0.001000
socketio: INFO: emitting event "task update" to 20170509-172350-6fcd [/jobs]
socketio: INFO: emitting event "job update" to job_management [/jobs]
digits.webapp: DEBUG: Training (epoch 2.9): loss = 0.000000, lr = 0.000100
socketio: INFO: emitting event "task update" to 20170509-172350-6fcd [/jobs]
socketio: INFO: emitting event "job update" to job_management [/jobs]
digits.webapp: DEBUG: Training (epoch 3.3): loss = 0.000000, lr = 0.000100
socketio: INFO: emitting event "task update" to 20170509-172350-6fcd [/jobs]
digits.webapp: DEBUG: Network validation loss #3.3: 0.0
digits.webapp: DEBUG: Validation (epoch 3.3): loss = 0.000000
socketio: INFO: emitting event "task update" to 20170509-172350-6fcd [/jobs]
socketio: INFO: emitting event "job update" to job_management [/jobs]
digits.webapp: DEBUG: Training (epoch 3.8): loss = 0.000000, lr = 0.000100
socketio: INFO: emitting event "task update" to 20170509-172350-6fcd [/jobs]
socketio: INFO: emitting event "job update" to job_management [/jobs]
digits.webapp: DEBUG: Training (epoch 4.2): loss = 0.000000, lr = 0.000010
socketio: INFO: emitting event "task update" to 20170509-172350-6fcd [/jobs]
digits.webapp: DEBUG: Network validation loss #4.2: 0.0
digits.webapp: DEBUG: Validation (epoch 4.2): loss = 0.000000
digits.webapp: WARNING: Train Tensorflow Model unrecognized output: INFO:tensorflow:/tmp/tmpX3R8Ve/20170509-172350-6fcd/snapshot_4.ckpt is not in all_model_checkpoint_paths. Manually adding it.
socketio: INFO: emitting event "task update" to 20170509-172350-6fcd [/jobs]
digits.webapp: WARNING: Train Tensorflow Model unrecognized output: 2017-05-09 17:23:52.231358: W tensorflow/core/framework/op_kernel.cc:1152] Out of range: PaddingFIFOQueue '_3_train/data/batcher/padding_fifo_queue' is closed and has insufficient elements (requested 10, current size 0)
digits.webapp: WARNING: Train Tensorflow Model unrecognized output: [[Node: train/data/batcher = QueueDequeueUpToV2[component_types=[DT_STRING, DT_FLOAT, DT_INT64], timeout_ms=-1, _device="/job:localhost/replica:0/task:0/cpu:0"](train/data/batcher/padding_fifo_queue, train/data/batcher/n)]]
digits.webapp: WARNING: Train Tensorflow Model unrecognized output: 2017-05-09 17:23:52.231442: W tensorflow/core/framework/op_kernel.cc:1152] Out of range: PaddingFIFOQueue '_3_train/data/batcher/padding_fifo_queue' is closed and has insufficient elements (requested 10, current size 0)
digits.webapp: WARNING: Train Tensorflow Model unrecognized output: [[Node: train/data/batcher = QueueDequeueUpToV2[component_types=[DT_STRING, DT_FLOAT, DT_INT64], timeout_ms=-1, _device="/job:localhost/replica:0/task:0/cpu:0"](train/data/batcher/padding_fifo_queue, train/data/batcher/n)]]
digits.webapp: WARNING: Train Tensorflow Model unrecognized output: Training wall-time: 0.235233068466
socketio: INFO: emitting event "task update" to 20170509-172259-8252 [/jobs]
socketio: INFO: emitting event "task update" to 20170509-172114-d063 [/jobs]
socketio: INFO: emitting event "task update" to 20170509-172323-89b4 [/jobs]
socketio: INFO: emitting event "task update" to 20170509-172342-e0ef [/jobs]
digits.webapp: INFO: Train Tensorflow Model task completed.
socketio: INFO: emitting event "task update" to 20170509-172350-6fcd [/jobs]
socketio: INFO: emitting event "job update" to job_management [/jobs]
socketio: INFO: emitting event "task update" to 20170509-172350-6fcd [/jobs]
socketio: INFO: emitting event "job update" to 20170509-172350-6fcd [/jobs]
socketio: INFO: emitting event "job update" to job_management [/jobs]
socketio: INFO: emitting event "server update" to job_management [/jobs]
socketio: INFO: emitting event "job update" to job_management [/jobs]
socketio: INFO: emitting event "job update" to 20170509-172350-6fcd [/jobs]
socketio: INFO: emitting event "job update" to job_management [/jobs]
digits: INFO: Job complete.
socketio: INFO: emitting event "task update" to 20170509-172227-0156 [/jobs]
socketio: INFO: emitting event "task update" to 20170509-172334-9d18 [/jobs]
socketio: INFO: emitting event "task update" to 20170509-172347-b92a [/jobs]
socketio: INFO: emitting event "task update" to 20170509-172315-d38b [/jobs]
--------------------- >> end captured logging << ---------------------

======================================================================
FAIL: digits.model.images.classification.test_views.TestTensorflowCreation.test_snapshot_interval_2
----------------------------------------------------------------------
Traceback (most recent call last):
  File "/home/ethan/.local/lib/python2.7/site-packages/nose/case.py", line 197, in runTest
    self.test(*self.arg)
  File "/home/ethan/digits_GAN/digits/model/images/classification/test_views.py", line 359, in test_snapshot_interval_2
    assert len(content['snapshots']) > 1, 'should take >1 snapshot'
AssertionError: should take >1 snapshot
-------------------- >> begin captured logging << --------------------
socketio: INFO: emitting event "job update" to job_management [/jobs]
socketio: INFO: emitting event "job update" to 20170509-172352-bfdd [/jobs]
socketio: INFO: emitting event "job update" to job_management [/jobs]
socketio: INFO: emitting event "server update" to job_management [/jobs]
digits.webapp: INFO: Train Tensorflow Model task started.
socketio: INFO: emitting event "task update" to 20170509-172352-bfdd [/jobs]
socketio: INFO: emitting event "job update" to 20170509-172352-bfdd [/jobs]
socketio: INFO: emitting event "job update" to job_management [/jobs]
digits.webapp: INFO: Task subprocess args: "python2 /home/ethan/digits_GAN/digits/tools/tensorflow/main.py --network=network.py --epoch=1 --networkDirectory=/tmp/tmpX3R8Ve/20170509-172352-bfdd --save=/tmp/tmpX3R8Ve/20170509-172352-bfdd --snapshotPrefix=snapshot --snapshotInterval=0.5 --lr_base_rate=0.01 --lr_policy=step --batch_size=10 --mean=/tmp/tmpX3R8Ve/20170509-172309-8ab8/mean.binaryproto --labels_list=/tmp/tmpX3R8Ve/20170509-172309-8ab8/labels.txt --train_db=/tmp/tmpX3R8Ve/20170509-172309-8ab8/train_db --validation_db=/tmp/tmpX3R8Ve/20170509-172309-8ab8/val_db --lr_gamma=0.1 --lr_stepvalues=33 --subtractMean=image --seed=3405691582 --optimization=sgd --validation_interval=1 --log_runtime_stats_per_step=0 --augFlip=none --augHSVh=0 --augHSVs=0 --augHSVv=0"
socketio: INFO: emitting event "task update" to 20170509-172352-bfdd [/jobs]
socketio: INFO: emitting event "task update" to 20170509-172202-9230 [/jobs]
socketio: INFO: emitting event "task update" to 20170509-172317-7da8 [/jobs]
socketio: INFO: emitting event "task update" to 20170509-172210-1907 [/jobs]
socketio: INFO: emitting event "task update" to 20170509-172147-4505 [/jobs]
socketio: INFO: emitting event "task update" to 20170509-172339-dc52 [/jobs]
socketio: INFO: emitting event "task update" to 20170509-172218-c9c0 [/jobs]
socketio: INFO: emitting event "task update" to 20170509-172328-6826 [/jobs]
socketio: INFO: emitting event "task update" to 20170509-172344-9606 [/jobs]
socketio: INFO: emitting event "task update" to 20170509-172337-f1aa [/jobs]
socketio: INFO: emitting event "task update" to 20170509-172350-6fcd [/jobs]
socketio: INFO: emitting event "task update" to 20170509-172259-8252 [/jobs]
socketio: INFO: emitting event "task update" to 20170509-172114-d063 [/jobs]
socketio: INFO: emitting event "task update" to 20170509-172323-89b4 [/jobs]
socketio: INFO: emitting event "task update" to 20170509-172342-e0ef [/jobs]
socketio: INFO: emitting event "task update" to 20170509-172227-0156 [/jobs]
socketio: INFO: emitting event "task update" to 20170509-172334-9d18 [/jobs]
socketio: INFO: emitting event "task update" to 20170509-172347-b92a [/jobs]
socketio: INFO: emitting event "task update" to 20170509-172315-d38b [/jobs]
socketio: INFO: emitting event "task update" to 20170509-172202-9230 [/jobs]
socketio: INFO: emitting event "task update" to 20170509-172317-7da8 [/jobs]
socketio: INFO: emitting event "task update" to 20170509-172210-1907 [/jobs]
socketio: INFO: emitting event "task update" to 20170509-172147-4505 [/jobs]
socketio: INFO: emitting event "task update" to 20170509-172339-dc52 [/jobs]
socketio: INFO: emitting event "task update" to 20170509-172218-c9c0 [/jobs]
socketio: INFO: emitting event "task update" to 20170509-172328-6826 [/jobs]
socketio: INFO: emitting event "task update" to 20170509-172344-9606 [/jobs]
socketio: INFO: emitting event "task update" to 20170509-172337-f1aa [/jobs]
socketio: INFO: emitting event "task update" to 20170509-172350-6fcd [/jobs]
digits.webapp: WARNING: Train Tensorflow Model unrecognized output: 2017-05-09 17:23:54.181375: W tensorflow/core/platform/cpu_feature_guard.cc:45] The TensorFlow library wasn't compiled to use SSE4.1 instructions, but these are available on your machine and could speed up CPU computations.
digits.webapp: WARNING: Train Tensorflow Model unrecognized output: 2017-05-09 17:23:54.181388: W tensorflow/core/platform/cpu_feature_guard.cc:45] The TensorFlow library wasn't compiled to use SSE4.2 instructions, but these are available on your machine and could speed up CPU computations.
digits.webapp: WARNING: Train Tensorflow Model unrecognized output: 2017-05-09 17:23:54.181392: W tensorflow/core/platform/cpu_feature_guard.cc:45] The TensorFlow library wasn't compiled to use AVX instructions, but these are available on your machine and could speed up CPU computations.
digits.webapp: WARNING: Train Tensorflow Model unrecognized output: 2017-05-09 17:23:54.299328: I tensorflow/stream_executor/cuda/cuda_gpu_executor.cc:901] successful NUMA node read from SysFS had negative value (-1), but there must be at least one NUMA node, so returning NUMA node zero
digits.webapp: WARNING: Train Tensorflow Model unrecognized output: 2017-05-09 17:23:54.299744: I tensorflow/core/common_runtime/gpu/gpu_device.cc:887] Found device 0 with properties:
digits.webapp: WARNING: Train Tensorflow Model unrecognized output: name: GeForce GTX TITAN X
digits.webapp: WARNING: Train Tensorflow Model unrecognized output: major: 5 minor: 2 memoryClockRate (GHz) 1.076
digits.webapp: WARNING: Train Tensorflow Model unrecognized output: pciBusID 0000:01:00.0
digits.webapp: WARNING: Train Tensorflow Model unrecognized output: Total memory: 11.92GiB
digits.webapp: WARNING: Train Tensorflow Model unrecognized output: Free memory: 10.25GiB
digits.webapp: WARNING: Train Tensorflow Model unrecognized output: 2017-05-09 17:23:54.299757: I tensorflow/core/common_runtime/gpu/gpu_device.cc:908] DMA: 0
digits.webapp: WARNING: Train Tensorflow Model unrecognized output: 2017-05-09 17:23:54.299762: I tensorflow/core/common_runtime/gpu/gpu_device.cc:918] 0:   Y
digits.webapp: WARNING: Train Tensorflow Model unrecognized output: 2017-05-09 17:23:54.299769: I tensorflow/core/common_runtime/gpu/gpu_device.cc:977] Creating TensorFlow device (/gpu:0) -> (device: 0, name: GeForce GTX TITAN X, pci bus id: 0000:01:00.0)
socketio: INFO: emitting event "task update" to 20170509-172259-8252 [/jobs]
digits.webapp: WARNING: Train Tensorflow Model unrecognized output: 2017-05-09 17:23:54.400446: I tensorflow/core/common_runtime/gpu/gpu_device.cc:977] Creating TensorFlow device (/gpu:0) -> (device: 0, name: GeForce GTX TITAN X, pci bus id: 0000:01:00.0)
digits.webapp: WARNING: Train Tensorflow Model unrecognized output: 2017-05-09 17:23:54.407008: I tensorflow/core/common_runtime/gpu/gpu_device.cc:977] Creating TensorFlow device (/gpu:0) -> (device: 0, name: GeForce GTX TITAN X, pci bus id: 0000:01:00.0)
socketio: INFO: emitting event "task update" to 20170509-172114-d063 [/jobs]
socketio: INFO: emitting event "task update" to 20170509-172323-89b4 [/jobs]
socketio: INFO: emitting event "task update" to 20170509-172342-e0ef [/jobs]
socketio: INFO: emitting event "task update" to 20170509-172227-0156 [/jobs]
socketio: INFO: emitting event "task update" to 20170509-172334-9d18 [/jobs]
socketio: INFO: emitting event "task update" to 20170509-172347-b92a [/jobs]
socketio: INFO: emitting event "task update" to 20170509-172315-d38b [/jobs]
digits.webapp: DEBUG: Network validation loss #0.0: 1.098612
digits.webapp: DEBUG: Validation (epoch 0): loss = 1.098612
socketio: INFO: emitting event "task update" to 20170509-172352-bfdd [/jobs]
socketio: INFO: emitting event "job update" to job_management [/jobs]
digits.webapp: DEBUG: Training 40.0% complete.
socketio: INFO: emitting event "task update" to 20170509-172352-bfdd [/jobs]
socketio: INFO: emitting event "task update" to job_management [/jobs]
digits.webapp: DEBUG: Training (epoch 0.4): loss = 1.098612, lr = 0.010000
socketio: INFO: emitting event "task update" to 20170509-172352-bfdd [/jobs]
socketio: INFO: emitting event "job update" to job_management [/jobs]
digits.webapp: DEBUG: Training (epoch 0.8): loss = 0.000000, lr = 0.001000
digits.webapp: WARNING: Train Tensorflow Model unrecognized output: INFO:tensorflow:/tmp/tmpX3R8Ve/20170509-172352-bfdd/snapshot_0.80000.ckpt is not in all_model_checkpoint_paths. Manually adding it.
socketio: INFO: emitting event "task update" to 20170509-172352-bfdd [/jobs]
socketio: INFO: emitting event "task update" to 20170509-172352-bfdd [/jobs]
socketio: INFO: emitting event "task update" to 20170509-172202-9230 [/jobs]
socketio: INFO: emitting event "task update" to 20170509-172317-7da8 [/jobs]
socketio: INFO: emitting event "task update" to 20170509-172352-bfdd [/jobs]
socketio: INFO: emitting event "job update" to job_management [/jobs]
digits.webapp: DEBUG: Training (epoch 1.3): loss = 0.000000, lr = 0.000100
socketio: INFO: emitting event "task update" to 20170509-172352-bfdd [/jobs]
digits.webapp: DEBUG: Network validation loss #1.3: 0.0
digits.webapp: DEBUG: Validation (epoch 1.3): loss = 0.000000
digits.webapp: WARNING: Train Tensorflow Model unrecognized output: 2017-05-09 17:23:54.805118: W tensorflow/core/framework/op_kernel.cc:1152] Out of range: PaddingFIFOQueue '_3_train/data/batcher/padding_fifo_queue' is closed and has insufficient elements (requested 10, current size 0)
digits.webapp: WARNING: Train Tensorflow Model unrecognized output: [[Node: train/data/batcher = QueueDequeueUpToV2[component_types=[DT_STRING, DT_FLOAT, DT_INT64], timeout_ms=-1, _device="/job:localhost/replica:0/task:0/cpu:0"](train/data/batcher/padding_fifo_queue, train/data/batcher/n)]]
digits.webapp: WARNING: Train Tensorflow Model unrecognized output: INFO:tensorflow:/tmp/tmpX3R8Ve/20170509-172352-bfdd/snapshot_1.00000.ckpt is not in all_model_checkpoint_paths. Manually adding it.
socketio: INFO: emitting event "task update" to 20170509-172352-bfdd [/jobs]
digits.webapp: WARNING: Train Tensorflow Model unrecognized output: Training wall-time: 0.215185880661
socketio: INFO: emitting event "task update" to 20170509-172210-1907 [/jobs]
socketio: INFO: emitting event "task update" to 20170509-172147-4505 [/jobs]
socketio: INFO: emitting event "task update" to 20170509-172339-dc52 [/jobs]
socketio: INFO: emitting event "task update" to 20170509-172218-c9c0 [/jobs]
socketio: INFO: emitting event "task update" to 20170509-172328-6826 [/jobs]
socketio: INFO: emitting event "task update" to 20170509-172344-9606 [/jobs]
digits.webapp: INFO: Train Tensorflow Model task completed.
socketio: INFO: emitting event "task update" to 20170509-172352-bfdd [/jobs]
socketio: INFO: emitting event "job update" to job_management [/jobs]
socketio: INFO: emitting event "task update" to 20170509-172352-bfdd [/jobs]
socketio: INFO: emitting event "job update" to 20170509-172352-bfdd [/jobs]
socketio: INFO: emitting event "job update" to job_management [/jobs]
socketio: INFO: emitting event "server update" to job_management [/jobs]
socketio: INFO: emitting event "job update" to job_management [/jobs]
socketio: INFO: emitting event "job update" to 20170509-172352-bfdd [/jobs]
socketio: INFO: emitting event "job update" to job_management [/jobs]
digits: INFO: Job complete.
socketio: INFO: emitting event "task update" to 20170509-172337-f1aa [/jobs]
socketio: INFO: emitting event "task update" to 20170509-172350-6fcd [/jobs]
--------------------- >> end captured logging << ---------------------

======================================================================
FAIL: digits.model.images.classification.test_views.TestTensorflowLeNet.test_classify_many
----------------------------------------------------------------------
Traceback (most recent call last):
  File "/home/ethan/.local/lib/python2.7/site-packages/nose/case.py", line 197, in runTest
    self.test(*self.arg)
  File "/home/ethan/digits_GAN/digits/model/images/classification/test_views.py", line 718, in test_classify_many
    assert rv.status_code == 200, 'POST failed with %s\n\n%s' % (rv.status_code, body)
AssertionError: POST failed with 500

[<body>\n<div class="navbar navbar-inverse navbar-fixed-top">\n<div class="container">\n<div class="navbar-header">\n<a class="navbar-brand" href="/">DIGITS</a>\n</div>\n<ul class="nav navbar-nav">\n<li><a href="/models/20170509-172430-a33c">test_model</a></li>\n<li class="active"><a>Classify Many</a></li>\n</ul>\n<ul class="nav navbar-nav navbar-right">\n<li>\n<p class="navbar-text">\n            digits-testsuite (<a class="navbar-link" href="/logout">Logout</a>)\n            </p>\n</li>\n<li class="dropdown">\n<a class="dropdown-toggle" data-toggle="dropdown" href="#">Info<span class="caret"></span></a>\n<ul class="dropdown-menu navbar-inverse">\n<li><span class="navbar-text">Server: ethan-computer</span></li>\n<li><span class="navbar-text">DIGITS version: <br> 5.1-dev</br></span></li>\n<li><span class="navbar-text">Caffe version: <br> 0.15.13</br></span></li>\n<li><span class="navbar-text">Caffe flavor: <br> NVIDIA</br></span></li>\n</ul>\n</li>\n<li class="dropdown">\n<a class="dropdown-toggle" data-toggle="dropdown" href="#">About<span class="caret"></span></a>\n<ul class="dropdown-menu about-menu navbar-inverse">\n<li><span class="navbar-text"><a href="https://developer.nvidia.com/digits" target="_blank">\n                        DIGITS on developer.nvidia.com\n                    </a></span></li>\n<li><span class="navbar-text"><a href="https://github.com/NVIDIA/DIGITS" target="_blank">\n                        DIGITS on GitHub\n                    </a></span></li>\n<li><span class="navbar-text"><a href="https://groups.google.com/d/forum/digits-users" target="_blank">\n                        DIGITS user group\n                    </a></span></li>\n<li><span class="navbar-text"><a href="mailto:digits@nvidia.com">\n                        digits@nvidia.com\n                    </a></span></li>\n</ul>\n</li>\n</ul>\n</div>\n</div>\n<div class="container">\n<div class="jumbotron">\n<div class="container">\n<div class="row">\n<div class="col-sm-12" id="show-job-name">\n<h2 style="display:inline;">Classify Many Images</h2>\n</div>\n<div class="col-sm-4" id="edit-job-name" style="display:none;">\n<script>\nfunction updateJobName() {\n    var newName = $("input[name=job-name]").val();\n    $.ajax("/jobs/20170509-172434-401a",\n            {\n                type: "PUT",\n                data: {"job_name": newName}\n                }\n          )\n    .done(function() {\n            $("#show-job-name h2").html(newName);\n            $('#edit-job-name').hide(); $('#show-job-name').show();\n            })\n    .fail(function(data) { errorAlert(data); });\n    return false;\n}\n                </script>\n<input class="form-control" name="job-name" value="Classify Many Images"/>\n<a class="btn btn-primary" href="#" onclick="return updateJobName();">Update</a>\n<a class="btn btn-info" href="#" onclick="$('#edit-job-name').hide(); $('#show-job-name').show(); return false;">Cancel</a>\n</div>\n</div>\n<small>Owner: digits-testsuite</small>\n<div class="pull-right">\n<a class="btn btn-info" disabled="" id="clone-job">Clone Job</a>\n<a class="btn btn-warning hidden disabled" id="abort-job">Abort Job</a>\n<a class="btn btn-danger disabled" id="delete-job">Delete Job</a>\n</div>\n</div>\n<script>\n$('#abort-job').on('click', function(event) {\n        event.preventDefault();\n        bootbox.confirm(\n            'Are you sure you want to abort this job?',\n            function(result) {\n                if (result)\n                    $.ajax("/jobs/20170509-172434-401a/abort",\n                        {type: "POST"})\n                    .done(function() {\n                        $("#abort-job").hide();\n                        })\n                    .fail(function(data) { errorAlert(data); });\n            });\n        });\n\n$('#delete-job').on('click', function(event) {\n        event.preventDefault();\n        bootbox.confirm(\n            'Are you sure you want to delete this job?<br><br>All related files will be permanently removed.',\n            function(result) {\n                if (result)\n                    $.ajax("/jobs/20170509-172434-401a",\n                        {type: "DELETE"})\n                    .done(function() {\n                        window.location = "/";\n                        })\n                    .fail(function(data) { errorAlert(data); });\n            });\n        });\n    </script>\n</div>\n<div class="row">\n<!-- Job content -->\n<div class="col-sm-8">\n<div class="page-header">\n<h1>\n        test_model\n        <small>\n            Image Classification Model\n        </small>\n</h1>\n</div>\n<div class="alert alert-danger">\n<p>Classification failed, see job log</p>\n</div>\n</div>\n<!-- Tasks -->\n<div class="col-sm-4">\n<div class="panel-group">\n<div class="panel panel-danger" id="job-statuses">\n<div class="panel-heading">\n<h4 class="panel-title">\n                    Job Status\n                    <small>Error</small>\n</h4>\n</div>\n<div class="panel-collapse">\n<div class="panel-body">\n<div class="job-statuses">\n<ul>\n<li>\n<span class="text-warning">Initialized</span>\n        at 05:24:34 PM\n            <small>(0 seconds)</small>\n</li>\n<li>\n<span class="text-info">Running</span>\n        at 05:24:34 PM\n            <small>(3 seconds)</small>\n</li>\n<li>\n<span class="text-danger">Error</span>\n        at 05:24:37 PM\n            <br>\n<small>(Total - 3 seconds)</small>\n</br></li>\n</ul>\n</div>\n<div class="panel-group">\n<div class="panel panel-danger" id="task-140099490813712-status">\n<div class="panel-heading">\n<h4 class="panel-title">\n<a data-toggle="collapse" href="#task-140099490813712-status-collapse">\n                                            Infer Model\n                                            <small>Error</small>\n<span class="caret"></span>\n</a>\n</h4>\n</div>\n<div class="panel-collapse collapse in" id="task-140099490813712-status-collapse">\n<div class="panel-body">\n<div class="task-progress" style="display:none;">\n<div class="progress">\n<div class="progress-bar" style="width:0%">\n                                                    0%\n                                                </div>\n</div>\n                                            Estimated time remaining: <span class="task-eta">?</span>\n<br/>\n<br/>\n</div>\n<div class="task-statuses">\n<ul>\n<li>\n<span class="text-warning">Initialized</span>\n        at 05:24:34 PM\n            <small>(0 seconds)</small>\n</li>\n<li>\n<span class="text-info">Running</span>\n        at 05:24:34 PM\n            <small>(3 seconds)</small>\n</li>\n<li>\n<span class="text-danger">Error</span>\n        at 05:24:37 PM\n            <br>\n<small>(Total - 3 seconds)</small>\n</br></li>\n</ul>\n<h4 class="text-danger">ERROR: error code 1</h4>\n<pre>\nWARNING: log_file config option not found - no log file is being saved\n2017-05-09 17:24:37 [ERROR] InferenceError: Unable to find snapshot for epoch=-1.0\nTraceback (most recent call last):\nFile "/home/ethan/digits_GAN/digits/tools/inference.py", line 293, in &lt;module&gt;\nargs['resize']\nFile "/home/ethan/digits_GAN/digits/tools/inference.py", line 79, in infer\nraise InferenceError("Unable to find snapshot for epoch=%s" % repr(epoch))\ndigits.inference.errors.InferenceError: 'Unable to find snapshot for epoch=-1.0'\n        </pre>\n</div>\n</div>\n</div>\n</div>\n</div>\n</div>\n</div>\n</div>\n</div>\n<div class="gpu-utilization-info" style="display:none;"></div>\n<!-- Related jobs -->\n<div class="panel panel-default" id="notes-information">\n<div class="panel-heading">\n<h4>Notes</h4>\n</div>\n<div class="panel-body">\n<div class="col-sm-12" id="show-job-notes">\n<p style="display:inline;">None</p>\n</div>\n<div class="col-sm-12" id="edit-job-notes" style="display:none;">\n<script type="text/javascript">\n                        function updateJobNotes() {\n                        var newNotes = $("textarea[name=job-notes]").val();\n                        $.ajax("/jobs/20170509-172434-401a",\n                                {\n                                    type: "PUT",\n                                    data: {"job_notes": newNotes}\n                                    }\n                              )\n                        .done(function() {\n                                $("#show-job-notes p").html(newNotes);\n                                $('#edit-job-notes').hide(); $('#show-job-notes').show();\n                                })\n                        .fail(function(data) { errorAlert(data); });\n                        return false;\n                    }\n                    </script>\n<textarea class="form-control" name="job-notes" placeholder="Enter notes" rows="5"></textarea>\n<a class="btn btn-primary" href="#" onclick="return updateJobNotes();">Update</a>\n<a class="btn btn-info" href="#" onclick="$('#edit-job-notes').hide(); $('#show-job-notes').show(); return false;">Cancel</a>\n</div>\n</div>\n</div>\n</div>\n</div>\n<div class="row">\n</div>\n</div>\n<script>\n$SCRIPT_ROOT = "";\n\n$(".explanation-tooltip").tooltip();\n\nwindow.onload = function () {\n    $('.autocomplete_path').autocomplete({\n       serviceUrl: '/autocomplete/path',\n       formatResult: function (suggestion, currentValue)\n       {\n            function baseName(str)\n            {\n               var base = new String(str).substring(str.lastIndexOf('/') + 1);\n               return base;\n            }\n            return baseName(suggestion.value);\n        },\n        minChars: 0\n    });\n    $(".autocomplete_path").removeAttr("autocomplete");\n};\n\n</script>\n<style>\n .about-menu {\n     width: 240px !important;\n }\n .brightness {\n     display: inline-block;\n }\n .brightness img:hover {\n     opacity: .75;\n }\n</style>\n</body>]
-------------------- >> begin captured logging << --------------------
digits: INFO: Job deleted.
socketio: INFO: emitting event "job update" to job_management [/jobs]
digits: INFO: Job deleted.
socketio: INFO: emitting event "job update" to job_management [/jobs]
digits: INFO: Job deleted.
socketio: INFO: emitting event "job update" to job_management [/jobs]
digits: INFO: Job deleted.
socketio: INFO: emitting event "job update" to job_management [/jobs]
digits: INFO: Job deleted.
socketio: INFO: emitting event "job update" to job_management [/jobs]
digits: INFO: Job deleted.
socketio: INFO: emitting event "job update" to job_management [/jobs]
digits: INFO: Job deleted.
socketio: INFO: emitting event "job update" to job_management [/jobs]
digits: INFO: Job deleted.
socketio: INFO: emitting event "job update" to job_management [/jobs]
socketio: INFO: emitting event "job update" to job_management [/jobs]
socketio: INFO: emitting event "task update" to 20170509-172342-e0ef [/jobs]
socketio: INFO: emitting event "job update" to 20170509-172424-ec72 [/jobs]
socketio: INFO: emitting event "job update" to job_management [/jobs]
socketio: INFO: emitting event "server update" to job_management [/jobs]
socketio: INFO: emitting event "task update" to 20170509-172419-2d22 [/jobs]
digits.webapp: INFO: Parse Folder (train/val) task started.
socketio: INFO: emitting event "task update" to 20170509-172424-ec72 [/jobs]
socketio: INFO: emitting event "job update" to 20170509-172424-ec72 [/jobs]
socketio: INFO: emitting event "job update" to job_management [/jobs]
digits.webapp: INFO: Task subprocess args: "/usr/bin/python2 /home/ethan/digits_GAN/digits/tools/parse_folder.py /tmp/tmpE8XTfV /tmp/tmpX3R8Ve/20170509-172424-ec72/labels.txt --min=2 --train_file=/tmp/tmpX3R8Ve/20170509-172424-ec72/train.txt --val_file=/tmp/tmpX3R8Ve/20170509-172424-ec72/val.txt --percent_val=25.0"
socketio: INFO: emitting event "task update" to 20170509-172227-0156 [/jobs]
socketio: INFO: emitting event "task update" to 20170509-172334-9d18 [/jobs]
socketio: INFO: emitting event "server update" to job_management [/jobs]
socketio: INFO: emitting event "task update" to 20170509-172347-b92a [/jobs]
socketio: INFO: emitting event "task update" to 20170509-172315-d38b [/jobs]
socketio: INFO: emitting event "task update" to 20170509-172352-bfdd [/jobs]
socketio: INFO: emitting event "task update" to 20170509-172412-e6f0 [/jobs]
socketio: INFO: emitting event "task update" to 20170509-172202-9230 [/jobs]
socketio: INFO: emitting event "task update" to 20170509-172317-7da8 [/jobs]
socketio: INFO: emitting event "task update" to 20170509-172210-1907 [/jobs]
socketio: INFO: emitting event "task update" to 20170509-172147-4505 [/jobs]
socketio: INFO: emitting event "task update" to 20170509-172339-dc52 [/jobs]
socketio: INFO: emitting event "task update" to 20170509-172218-c9c0 [/jobs]
socketio: INFO: emitting event "task update" to 20170509-172328-6826 [/jobs]
socketio: INFO: emitting event "task update" to 20170509-172344-9606 [/jobs]
socketio: INFO: emitting event "task update" to 20170509-172419-2d22 [/jobs]
socketio: INFO: emitting event "task update" to 20170509-172337-f1aa [/jobs]
socketio: INFO: emitting event "task update" to 20170509-172350-6fcd [/jobs]
socketio: INFO: emitting event "task update" to 20170509-172259-8252 [/jobs]
socketio: INFO: emitting event "task update" to 20170509-172114-d063 [/jobs]
socketio: INFO: emitting event "task update" to 20170509-172323-89b4 [/jobs]
socketio: INFO: emitting event "task update" to 20170509-172342-e0ef [/jobs]
socketio: INFO: emitting event "task update" to 20170509-172227-0156 [/jobs]
socketio: INFO: emitting event "task update" to 20170509-172334-9d18 [/jobs]
socketio: INFO: emitting event "task update" to 20170509-172347-b92a [/jobs]
socketio: INFO: emitting event "task update" to 20170509-172315-d38b [/jobs]
socketio: INFO: emitting event "task update" to 20170509-172352-bfdd [/jobs]
socketio: INFO: emitting event "task update" to 20170509-172412-e6f0 [/jobs]
socketio: INFO: emitting event "task update" to 20170509-172202-9230 [/jobs]
socketio: INFO: emitting event "task update" to 20170509-172317-7da8 [/jobs]
socketio: INFO: emitting event "task update" to 20170509-172210-1907 [/jobs]
socketio: INFO: emitting event "task update" to 20170509-172147-4505 [/jobs]
socketio: INFO: emitting event "task update" to 20170509-172339-dc52 [/jobs]
socketio: INFO: emitting event "task update" to 20170509-172218-c9c0 [/jobs]
socketio: INFO: emitting event "task update" to 20170509-172328-6826 [/jobs]
socketio: INFO: emitting event "task update" to 20170509-172344-9606 [/jobs]
socketio: INFO: emitting event "task update" to 20170509-172419-2d22 [/jobs]
socketio: INFO: emitting event "task update" to 20170509-172337-f1aa [/jobs]
socketio: INFO: emitting event "task update" to 20170509-172350-6fcd [/jobs]
socketio: INFO: emitting event "task update" to 20170509-172259-8252 [/jobs]
socketio: INFO: emitting event "task update" to 20170509-172114-d063 [/jobs]
socketio: INFO: emitting event "task update" to 20170509-172323-89b4 [/jobs]
digits.webapp: WARNING: Parse Folder (train/val) unrecognized output: WARNING: log_file config option not found - no log file is being saved
socketio: INFO: emitting event "task update" to 20170509-172424-ec72 [/jobs]
socketio: INFO: emitting event "job update" to job_management [/jobs]
socketio: INFO: emitting event "task update" to 20170509-172424-ec72 [/jobs]
socketio: INFO: emitting event "job update" to job_management [/jobs]
socketio: INFO: emitting event "task update" to 20170509-172424-ec72 [/jobs]
socketio: INFO: emitting event "job update" to job_management [/jobs]
socketio: INFO: emitting event "task update" to 20170509-172342-e0ef [/jobs]
digits.webapp: INFO: Parse Folder (train/val) task completed.
socketio: INFO: emitting event "task update" to 20170509-172424-ec72 [/jobs]
socketio: INFO: emitting event "job update" to job_management [/jobs]
socketio: INFO: emitting event "task update" to 20170509-172424-ec72 [/jobs]
socketio: INFO: emitting event "job update" to 20170509-172424-ec72 [/jobs]
socketio: INFO: emitting event "job update" to job_management [/jobs]
socketio: INFO: emitting event "server update" to job_management [/jobs]
socketio: INFO: emitting event "task update" to 20170509-172227-0156 [/jobs]
socketio: INFO: emitting event "server update" to job_management [/jobs]
socketio: INFO: emitting event "server update" to job_management [/jobs]
digits.webapp: INFO: Create DB (train) task started.
socketio: INFO: emitting event "task update" to 20170509-172424-ec72 [/jobs]
socketio: INFO: emitting event "job update" to 20170509-172424-ec72 [/jobs]
socketio: INFO: emitting event "job update" to job_management [/jobs]
digits.webapp: INFO: Task subprocess args: "/usr/bin/python2 /home/ethan/digits_GAN/digits/tools/create_db.py /tmp/tmpX3R8Ve/20170509-172424-ec72/train.txt /tmp/tmpX3R8Ve/20170509-172424-ec72/train_db 28 28 --backend=lmdb --channels=3 --resize_mode=squash --mean_file=/tmp/tmpX3R8Ve/20170509-172424-ec72/mean.binaryproto --mean_file=/tmp/tmpX3R8Ve/20170509-172424-ec72/mean.jpg --shuffle --encoding=png"
digits.webapp: INFO: Create DB (val) task started.
socketio: INFO: emitting event "task update" to 20170509-172424-ec72 [/jobs]
socketio: INFO: emitting event "job update" to 20170509-172424-ec72 [/jobs]
socketio: INFO: emitting event "job update" to job_management [/jobs]
digits.webapp: INFO: Task subprocess args: "/usr/bin/python2 /home/ethan/digits_GAN/digits/tools/create_db.py /tmp/tmpX3R8Ve/20170509-172424-ec72/val.txt /tmp/tmpX3R8Ve/20170509-172424-ec72/val_db 28 28 --backend=lmdb --channels=3 --resize_mode=squash --shuffle --encoding=png"
socketio: INFO: emitting event "task update" to 20170509-172334-9d18 [/jobs]
socketio: INFO: emitting event "task update" to 20170509-172347-b92a [/jobs]
socketio: INFO: emitting event "task update" to 20170509-172315-d38b [/jobs]
socketio: INFO: emitting event "task update" to 20170509-172352-bfdd [/jobs]
socketio: INFO: emitting event "task update" to 20170509-172412-e6f0 [/jobs]
socketio: INFO: emitting event "task update" to 20170509-172202-9230 [/jobs]
socketio: INFO: emitting event "task update" to 20170509-172317-7da8 [/jobs]
socketio: INFO: emitting event "task update" to 20170509-172210-1907 [/jobs]
socketio: INFO: emitting event "task update" to 20170509-172147-4505 [/jobs]
socketio: INFO: emitting event "task update" to 20170509-172339-dc52 [/jobs]
socketio: INFO: emitting event "task update" to 20170509-172218-c9c0 [/jobs]
socketio: INFO: emitting event "task update" to 20170509-172328-6826 [/jobs]
socketio: INFO: emitting event "task update" to 20170509-172344-9606 [/jobs]
socketio: INFO: emitting event "task update" to 20170509-172419-2d22 [/jobs]
socketio: INFO: emitting event "task update" to 20170509-172337-f1aa [/jobs]
socketio: INFO: emitting event "task update" to 20170509-172350-6fcd [/jobs]
socketio: INFO: emitting event "task update" to 20170509-172259-8252 [/jobs]
socketio: INFO: emitting event "task update" to 20170509-172114-d063 [/jobs]
socketio: INFO: emitting event "task update" to 20170509-172323-89b4 [/jobs]
socketio: INFO: emitting event "task update" to 20170509-172342-e0ef [/jobs]
socketio: INFO: emitting event "task update" to 20170509-172227-0156 [/jobs]
socketio: INFO: emitting event "task update" to 20170509-172334-9d18 [/jobs]
socketio: INFO: emitting event "task update" to 20170509-172347-b92a [/jobs]
socketio: INFO: emitting event "task update" to 20170509-172315-d38b [/jobs]
socketio: INFO: emitting event "task update" to 20170509-172352-bfdd [/jobs]
socketio: INFO: emitting event "task update" to 20170509-172412-e6f0 [/jobs]
socketio: INFO: emitting event "task update" to 20170509-172202-9230 [/jobs]
socketio: INFO: emitting event "task update" to 20170509-172317-7da8 [/jobs]
socketio: INFO: emitting event "task update" to 20170509-172210-1907 [/jobs]
socketio: INFO: emitting event "task update" to 20170509-172147-4505 [/jobs]
socketio: INFO: emitting event "task update" to 20170509-172339-dc52 [/jobs]
socketio: INFO: emitting event "task update" to 20170509-172218-c9c0 [/jobs]
socketio: INFO: emitting event "task update" to 20170509-172328-6826 [/jobs]
socketio: INFO: emitting event "task update" to 20170509-172344-9606 [/jobs]
socketio: INFO: emitting event "task update" to 20170509-172419-2d22 [/jobs]
socketio: INFO: emitting event "task update" to 20170509-172337-f1aa [/jobs]
socketio: INFO: emitting event "task update" to 20170509-172350-6fcd [/jobs]
socketio: INFO: emitting event "task update" to 20170509-172259-8252 [/jobs]
socketio: INFO: emitting event "task update" to 20170509-172114-d063 [/jobs]
socketio: INFO: emitting event "task update" to 20170509-172323-89b4 [/jobs]
socketio: INFO: emitting event "task update" to 20170509-172342-e0ef [/jobs]
socketio: INFO: emitting event "task update" to 20170509-172227-0156 [/jobs]
socketio: INFO: emitting event "task update" to 20170509-172334-9d18 [/jobs]
socketio: INFO: emitting event "task update" to 20170509-172347-b92a [/jobs]
socketio: INFO: emitting event "task update" to 20170509-172315-d38b [/jobs]
socketio: INFO: emitting event "task update" to 20170509-172352-bfdd [/jobs]
socketio: INFO: emitting event "task update" to 20170509-172412-e6f0 [/jobs]
socketio: INFO: emitting event "task update" to 20170509-172202-9230 [/jobs]
socketio: INFO: emitting event "task update" to 20170509-172317-7da8 [/jobs]
socketio: INFO: emitting event "task update" to 20170509-172210-1907 [/jobs]
socketio: INFO: emitting event "task update" to 20170509-172147-4505 [/jobs]
socketio: INFO: emitting event "task update" to 20170509-172339-dc52 [/jobs]
socketio: INFO: emitting event "task update" to 20170509-172218-c9c0 [/jobs]
socketio: INFO: emitting event "task update" to 20170509-172328-6826 [/jobs]
socketio: INFO: emitting event "task update" to 20170509-172344-9606 [/jobs]
socketio: INFO: emitting event "task update" to 20170509-172419-2d22 [/jobs]
digits.webapp: WARNING: Create DB (train) unrecognized output: WARNING: log_file config option not found - no log file is being saved
socketio: INFO: emitting event "task update" to 20170509-172424-ec72 [/jobs]
socketio: INFO: emitting event "task update" to 20170509-172337-f1aa [/jobs]
digits.webapp: WARNING: Create DB (val) unrecognized output: WARNING: log_file config option not found - no log file is being saved
socketio: INFO: emitting event "task update" to 20170509-172424-ec72 [/jobs]
socketio: INFO: emitting event "task update" to 20170509-172350-6fcd [/jobs]
socketio: INFO: emitting event "task update" to 20170509-172259-8252 [/jobs]
socketio: INFO: emitting event "task update" to 20170509-172114-d063 [/jobs]
socketio: INFO: emitting event "task update" to 20170509-172323-89b4 [/jobs]
digits.webapp: DEBUG: 24 images written to database
digits.webapp: DEBUG: 6 images written to database
socketio: INFO: emitting event "task update" to 20170509-172342-e0ef [/jobs]
socketio: INFO: emitting event "task update" to 20170509-172227-0156 [/jobs]
socketio: INFO: emitting event "task update" to 20170509-172334-9d18 [/jobs]
socketio: INFO: emitting event "task update" to 20170509-172347-b92a [/jobs]
socketio: INFO: emitting event "task update" to 20170509-172315-d38b [/jobs]
socketio: INFO: emitting event "task update" to 20170509-172352-bfdd [/jobs]
socketio: INFO: emitting event "task update" to 20170509-172424-ec72 [/jobs]
socketio: INFO: emitting event "task update" to 20170509-172424-ec72 [/jobs]
digits.webapp: INFO: Create DB (train) task completed.
socketio: INFO: emitting event "task update" to 20170509-172424-ec72 [/jobs]
socketio: INFO: emitting event "job update" to job_management [/jobs]
socketio: INFO: emitting event "task update" to 20170509-172424-ec72 [/jobs]
socketio: INFO: emitting event "job update" to 20170509-172424-ec72 [/jobs]
socketio: INFO: emitting event "job update" to job_management [/jobs]
socketio: INFO: emitting event "server update" to job_management [/jobs]
socketio: INFO: emitting event "task update" to 20170509-172424-ec72 [/jobs]
digits.webapp: INFO: Create DB (val) task completed.
socketio: INFO: emitting event "task update" to 20170509-172424-ec72 [/jobs]
socketio: INFO: emitting event "job update" to job_management [/jobs]
socketio: INFO: emitting event "task update" to 20170509-172424-ec72 [/jobs]
socketio: INFO: emitting event "job update" to 20170509-172424-ec72 [/jobs]
socketio: INFO: emitting event "job update" to job_management [/jobs]
socketio: INFO: emitting event "server update" to job_management [/jobs]
socketio: INFO: emitting event "task update" to 20170509-172412-e6f0 [/jobs]
socketio: INFO: emitting event "task update" to 20170509-172202-9230 [/jobs]
socketio: INFO: emitting event "task update" to 20170509-172317-7da8 [/jobs]
socketio: INFO: emitting event "job update" to job_management [/jobs]
socketio: INFO: emitting event "job update" to 20170509-172424-ec72 [/jobs]
socketio: INFO: emitting event "job update" to job_management [/jobs]
digits: INFO: Job complete.
socketio: INFO: emitting event "task update" to 20170509-172210-1907 [/jobs]
socketio: INFO: emitting event "task update" to 20170509-172147-4505 [/jobs]
socketio: INFO: emitting event "task update" to 20170509-172339-dc52 [/jobs]
socketio: INFO: emitting event "task update" to 20170509-172218-c9c0 [/jobs]
socketio: INFO: emitting event "task update" to 20170509-172328-6826 [/jobs]
socketio: INFO: emitting event "task update" to 20170509-172344-9606 [/jobs]
socketio: INFO: emitting event "job update" to job_management [/jobs]
socketio: INFO: emitting event "job update" to 20170509-172430-a33c [/jobs]
socketio: INFO: emitting event "job update" to job_management [/jobs]
socketio: INFO: emitting event "server update" to job_management [/jobs]
digits.webapp: INFO: Train Tensorflow Model task started.
socketio: INFO: emitting event "task update" to 20170509-172430-a33c [/jobs]
socketio: INFO: emitting event "job update" to 20170509-172430-a33c [/jobs]
socketio: INFO: emitting event "job update" to job_management [/jobs]
digits.webapp: INFO: Task subprocess args: "python2 /home/ethan/digits_GAN/digits/tools/tensorflow/main.py --network=network.py --epoch=20 --networkDirectory=/tmp/tmpX3R8Ve/20170509-172430-a33c --save=/tmp/tmpX3R8Ve/20170509-172430-a33c --snapshotPrefix=snapshot --snapshotInterval=1 --lr_base_rate=0.01 --lr_policy=step --batch_size=10 --mean=/tmp/tmpX3R8Ve/20170509-172424-ec72/mean.binaryproto --labels_list=/tmp/tmpX3R8Ve/20170509-172424-ec72/labels.txt --train_db=/tmp/tmpX3R8Ve/20170509-172424-ec72/train_db --validation_db=/tmp/tmpX3R8Ve/20170509-172424-ec72/val_db --lr_gamma=0.1 --lr_stepvalues=33 --subtractMean=image --seed=3405691582 --optimization=sgd --validation_interval=1 --log_runtime_stats_per_step=0 --augFlip=none --augHSVh=0 --augHSVs=0 --augHSVv=0"
socketio: INFO: emitting event "task update" to 20170509-172430-a33c [/jobs]
socketio: INFO: emitting event "task update" to 20170509-172419-2d22 [/jobs]
socketio: INFO: emitting event "task update" to 20170509-172337-f1aa [/jobs]
socketio: INFO: emitting event "task update" to 20170509-172350-6fcd [/jobs]
socketio: INFO: emitting event "task update" to 20170509-172259-8252 [/jobs]
socketio: INFO: emitting event "task update" to 20170509-172114-d063 [/jobs]
socketio: INFO: emitting event "task update" to 20170509-172323-89b4 [/jobs]
socketio: INFO: emitting event "task update" to 20170509-172342-e0ef [/jobs]
socketio: INFO: emitting event "task update" to 20170509-172227-0156 [/jobs]
socketio: INFO: emitting event "task update" to 20170509-172334-9d18 [/jobs]
socketio: INFO: emitting event "task update" to 20170509-172347-b92a [/jobs]
socketio: INFO: emitting event "task update" to 20170509-172315-d38b [/jobs]
socketio: INFO: emitting event "task update" to 20170509-172352-bfdd [/jobs]
socketio: INFO: emitting event "task update" to 20170509-172412-e6f0 [/jobs]
socketio: INFO: emitting event "task update" to 20170509-172202-9230 [/jobs]
socketio: INFO: emitting event "task update" to 20170509-172317-7da8 [/jobs]
socketio: INFO: emitting event "task update" to 20170509-172210-1907 [/jobs]
socketio: INFO: emitting event "task update" to 20170509-172147-4505 [/jobs]
socketio: INFO: emitting event "task update" to 20170509-172339-dc52 [/jobs]
socketio: INFO: emitting event "task update" to 20170509-172218-c9c0 [/jobs]
socketio: INFO: emitting event "task update" to 20170509-172328-6826 [/jobs]
socketio: INFO: emitting event "task update" to 20170509-172344-9606 [/jobs]
socketio: INFO: emitting event "task update" to 20170509-172419-2d22 [/jobs]
socketio: INFO: emitting event "task update" to 20170509-172337-f1aa [/jobs]
socketio: INFO: emitting event "task update" to 20170509-172350-6fcd [/jobs]
socketio: INFO: emitting event "task update" to 20170509-172259-8252 [/jobs]
socketio: INFO: emitting event "task update" to 20170509-172114-d063 [/jobs]
socketio: INFO: emitting event "task update" to 20170509-172323-89b4 [/jobs]
socketio: INFO: emitting event "task update" to 20170509-172342-e0ef [/jobs]
socketio: INFO: emitting event "task update" to 20170509-172227-0156 [/jobs]
digits.webapp: WARNING: Train Tensorflow Model unrecognized output: 2017-05-09 17:24:31.782844: W tensorflow/core/platform/cpu_feature_guard.cc:45] The TensorFlow library wasn't compiled to use SSE4.1 instructions, but these are available on your machine and could speed up CPU computations.
digits.webapp: WARNING: Train Tensorflow Model unrecognized output: 2017-05-09 17:24:31.782856: W tensorflow/core/platform/cpu_feature_guard.cc:45] The TensorFlow library wasn't compiled to use SSE4.2 instructions, but these are available on your machine and could speed up CPU computations.
digits.webapp: WARNING: Train Tensorflow Model unrecognized output: 2017-05-09 17:24:31.782861: W tensorflow/core/platform/cpu_feature_guard.cc:45] The TensorFlow library wasn't compiled to use AVX instructions, but these are available on your machine and could speed up CPU computations.
socketio: INFO: emitting event "task update" to 20170509-172334-9d18 [/jobs]
socketio: INFO: emitting event "task update" to 20170509-172347-b92a [/jobs]
socketio: INFO: emitting event "task update" to 20170509-172315-d38b [/jobs]
digits.webapp: WARNING: Train Tensorflow Model unrecognized output: 2017-05-09 17:24:31.909853: I tensorflow/stream_executor/cuda/cuda_gpu_executor.cc:901] successful NUMA node read from SysFS had negative value (-1), but there must be at least one NUMA node, so returning NUMA node zero
digits.webapp: WARNING: Train Tensorflow Model unrecognized output: 2017-05-09 17:24:31.910271: I tensorflow/core/common_runtime/gpu/gpu_device.cc:887] Found device 0 with properties:
digits.webapp: WARNING: Train Tensorflow Model unrecognized output: name: GeForce GTX TITAN X
digits.webapp: WARNING: Train Tensorflow Model unrecognized output: major: 5 minor: 2 memoryClockRate (GHz) 1.076
digits.webapp: WARNING: Train Tensorflow Model unrecognized output: pciBusID 0000:01:00.0
digits.webapp: WARNING: Train Tensorflow Model unrecognized output: Total memory: 11.92GiB
digits.webapp: WARNING: Train Tensorflow Model unrecognized output: Free memory: 10.25GiB
digits.webapp: WARNING: Train Tensorflow Model unrecognized output: 2017-05-09 17:24:31.910284: I tensorflow/core/common_runtime/gpu/gpu_device.cc:908] DMA: 0
digits.webapp: WARNING: Train Tensorflow Model unrecognized output: 2017-05-09 17:24:31.910289: I tensorflow/core/common_runtime/gpu/gpu_device.cc:918] 0:   Y
digits.webapp: WARNING: Train Tensorflow Model unrecognized output: 2017-05-09 17:24:31.910296: I tensorflow/core/common_runtime/gpu/gpu_device.cc:977] Creating TensorFlow device (/gpu:0) -> (device: 0, name: GeForce GTX TITAN X, pci bus id: 0000:01:00.0)
socketio: INFO: emitting event "task update" to 20170509-172352-bfdd [/jobs]
socketio: INFO: emitting event "task update" to 20170509-172412-e6f0 [/jobs]
socketio: INFO: emitting event "task update" to 20170509-172202-9230 [/jobs]
socketio: INFO: emitting event "task update" to 20170509-172317-7da8 [/jobs]
socketio: INFO: emitting event "task update" to 20170509-172210-1907 [/jobs]
socketio: INFO: emitting event "task update" to 20170509-172147-4505 [/jobs]
socketio: INFO: emitting event "task update" to 20170509-172339-dc52 [/jobs]
digits.webapp: WARNING: Train Tensorflow Model unrecognized output: 2017-05-09 17:24:32.087114: I tensorflow/core/common_runtime/gpu/gpu_device.cc:977] Creating TensorFlow device (/gpu:0) -> (device: 0, name: GeForce GTX TITAN X, pci bus id: 0000:01:00.0)
digits.webapp: WARNING: Train Tensorflow Model unrecognized output: 2017-05-09 17:24:32.102703: I tensorflow/core/common_runtime/gpu/gpu_device.cc:977] Creating TensorFlow device (/gpu:0) -> (device: 0, name: GeForce GTX TITAN X, pci bus id: 0000:01:00.0)
socketio: INFO: emitting event "task update" to 20170509-172218-c9c0 [/jobs]
socketio: INFO: emitting event "task update" to 20170509-172328-6826 [/jobs]
socketio: INFO: emitting event "task update" to 20170509-172344-9606 [/jobs]
socketio: INFO: emitting event "task update" to 20170509-172430-a33c [/jobs]
socketio: INFO: emitting event "task update" to 20170509-172419-2d22 [/jobs]
socketio: INFO: emitting event "task update" to 20170509-172337-f1aa [/jobs]
socketio: INFO: emitting event "task update" to 20170509-172350-6fcd [/jobs]
socketio: INFO: emitting event "task update" to 20170509-172259-8252 [/jobs]
socketio: INFO: emitting event "task update" to 20170509-172114-d063 [/jobs]
socketio: INFO: emitting event "task update" to 20170509-172323-89b4 [/jobs]
socketio: INFO: emitting event "task update" to 20170509-172342-e0ef [/jobs]
socketio: INFO: emitting event "task update" to 20170509-172227-0156 [/jobs]
digits.webapp: DEBUG: Network validation loss #0.0: 1.206834
digits.webapp: DEBUG: Network validation accuracy #0.0: 0.0
digits.webapp: DEBUG: Validation (epoch 0): loss = 1.206834, accuracy = 0.000000
socketio: INFO: emitting event "task update" to 20170509-172334-9d18 [/jobs]
socketio: INFO: emitting event "task update" to 20170509-172347-b92a [/jobs]
socketio: INFO: emitting event "task update" to 20170509-172315-d38b [/jobs]
socketio: INFO: emitting event "task update" to 20170509-172430-a33c [/jobs]
socketio: INFO: emitting event "job update" to job_management [/jobs]
digits.webapp: DEBUG: Training 2.0% complete.
socketio: INFO: emitting event "task update" to 20170509-172430-a33c [/jobs]
socketio: INFO: emitting event "task update" to job_management [/jobs]
digits.webapp: DEBUG: Training (epoch 0.4): loss = 1.162071, lr = 0.010000, accuracy = 0.300000
socketio: INFO: emitting event "task update" to 20170509-172430-a33c [/jobs]
socketio: INFO: emitting event "job update" to job_management [/jobs]
digits.webapp: DEBUG: Training (epoch 0.8): loss = 1.056077, lr = 0.010000, accuracy = 0.500000
socketio: INFO: emitting event "task update" to 20170509-172430-a33c [/jobs]
socketio: INFO: emitting event "job update" to job_management [/jobs]
digits.webapp: DEBUG: Training (epoch 1.3): loss = 0.826977, lr = 0.010000, accuracy = 0.700000
digits.webapp: DEBUG: Network validation loss #1.3: 0.85641
socketio: INFO: emitting event "task update" to 20170509-172430-a33c [/jobs]
digits.webapp: DEBUG: Network validation accuracy #1.3: 1.0
digits.webapp: DEBUG: Validation (epoch 1.3): loss = 0.856410, accuracy = 1.000000
digits.webapp: WARNING: Train Tensorflow Model unrecognized output: INFO:tensorflow:/tmp/tmpX3R8Ve/20170509-172430-a33c/snapshot_1.ckpt is not in all_model_checkpoint_paths. Manually adding it.
socketio: INFO: emitting event "task update" to 20170509-172430-a33c [/jobs]
socketio: INFO: emitting event "task update" to 20170509-172430-a33c [/jobs]
socketio: INFO: emitting event "job update" to job_management [/jobs]
digits.webapp: DEBUG: Training (epoch 1.7): loss = 0.835080, lr = 0.010000, accuracy = 0.800000
socketio: INFO: emitting event "task update" to 20170509-172430-a33c [/jobs]
socketio: INFO: emitting event "job update" to job_management [/jobs]
digits.webapp: DEBUG: Training (epoch 2.1): loss = 0.790610, lr = 0.010000, accuracy = 1.000000
digits.webapp: DEBUG: Network validation loss #2.1: 0.684263
socketio: INFO: emitting event "task update" to 20170509-172430-a33c [/jobs]
digits.webapp: DEBUG: Network validation accuracy #2.1: 1.0
digits.webapp: DEBUG: Validation (epoch 2.1): loss = 0.684263, accuracy = 1.000000
digits.webapp: WARNING: Train Tensorflow Model unrecognized output: INFO:tensorflow:/tmp/tmpX3R8Ve/20170509-172430-a33c/snapshot_2.ckpt is not in all_model_checkpoint_paths. Manually adding it.
socketio: INFO: emitting event "task update" to 20170509-172430-a33c [/jobs]
socketio: INFO: emitting event "task update" to 20170509-172430-a33c [/jobs]
socketio: INFO: emitting event "job update" to job_management [/jobs]
digits.webapp: DEBUG: Training (epoch 2.5): loss = 0.756304, lr = 0.010000, accuracy = 1.000000
socketio: INFO: emitting event "task update" to 20170509-172430-a33c [/jobs]
socketio: INFO: emitting event "job update" to job_management [/jobs]
digits.webapp: DEBUG: Training (epoch 2.9): loss = 0.646311, lr = 0.010000, accuracy = 1.000000
socketio: INFO: emitting event "task update" to 20170509-172430-a33c [/jobs]
socketio: INFO: emitting event "job update" to job_management [/jobs]
digits.webapp: DEBUG: Training (epoch 3.3): loss = 0.491797, lr = 0.010000, accuracy = 1.000000
digits.webapp: DEBUG: Network validation loss #3.3: 0.604908
socketio: INFO: emitting event "task update" to 20170509-172430-a33c [/jobs]
digits.webapp: DEBUG: Network validation accuracy #3.3: 1.0
digits.webapp: DEBUG: Validation (epoch 3.3): loss = 0.604908, accuracy = 1.000000
digits.webapp: WARNING: Train Tensorflow Model unrecognized output: INFO:tensorflow:/tmp/tmpX3R8Ve/20170509-172430-a33c/snapshot_3.ckpt is not in all_model_checkpoint_paths. Manually adding it.
socketio: INFO: emitting event "task update" to 20170509-172430-a33c [/jobs]
socketio: INFO: emitting event "task update" to 20170509-172430-a33c [/jobs]
socketio: INFO: emitting event "job update" to job_management [/jobs]
digits.webapp: DEBUG: Training (epoch 3.8): loss = 0.546397, lr = 0.010000, accuracy = 1.000000
socketio: INFO: emitting event "task update" to 20170509-172430-a33c [/jobs]
socketio: INFO: emitting event "job update" to job_management [/jobs]
digits.webapp: DEBUG: Training (epoch 4.2): loss = 0.619381, lr = 0.010000, accuracy = 0.900000
digits.webapp: DEBUG: Network validation loss #4.2: 0.40774
socketio: INFO: emitting event "task update" to 20170509-172430-a33c [/jobs]
digits.webapp: DEBUG: Network validation accuracy #4.2: 1.0
digits.webapp: DEBUG: Validation (epoch 4.2): loss = 0.407740, accuracy = 1.000000
digits.webapp: WARNING: Train Tensorflow Model unrecognized output: INFO:tensorflow:/tmp/tmpX3R8Ve/20170509-172430-a33c/snapshot_4.ckpt is not in all_model_checkpoint_paths. Manually adding it.
socketio: INFO: emitting event "task update" to 20170509-172430-a33c [/jobs]
socketio: INFO: emitting event "task update" to 20170509-172352-bfdd [/jobs]
socketio: INFO: emitting event "task update" to 20170509-172412-e6f0 [/jobs]
socketio: INFO: emitting event "task update" to 20170509-172202-9230 [/jobs]
socketio: INFO: emitting event "task update" to 20170509-172430-a33c [/jobs]
socketio: INFO: emitting event "job update" to job_management [/jobs]
digits.webapp: DEBUG: Training (epoch 4.6): loss = 0.360079, lr = 0.010000, accuracy = 1.000000
socketio: INFO: emitting event "task update" to 20170509-172430-a33c [/jobs]
socketio: INFO: emitting event "job update" to job_management [/jobs]
digits.webapp: DEBUG: Training (epoch 5.0): loss = 0.457820, lr = 0.010000, accuracy = 1.000000
digits.webapp: DEBUG: Network validation loss #5.0: 0.322717
socketio: INFO: emitting event "task update" to 20170509-172430-a33c [/jobs]
digits.webapp: DEBUG: Network validation accuracy #5.0: 1.0
digits.webapp: DEBUG: Validation (epoch 5.0): loss = 0.322717, accuracy = 1.000000
digits.webapp: WARNING: Train Tensorflow Model unrecognized output: INFO:tensorflow:/tmp/tmpX3R8Ve/20170509-172430-a33c/snapshot_5.ckpt is not in all_model_checkpoint_paths. Manually adding it.
socketio: INFO: emitting event "task update" to 20170509-172430-a33c [/jobs]
socketio: INFO: emitting event "task update" to 20170509-172317-7da8 [/jobs]
socketio: INFO: emitting event "task update" to 20170509-172210-1907 [/jobs]
socketio: INFO: emitting event "task update" to 20170509-172147-4505 [/jobs]
socketio: INFO: emitting event "task update" to 20170509-172339-dc52 [/jobs]
socketio: INFO: emitting event "task update" to 20170509-172430-a33c [/jobs]
socketio: INFO: emitting event "job update" to job_management [/jobs]
digits.webapp: DEBUG: Training (epoch 5.4): loss = 0.359747, lr = 0.010000, accuracy = 1.000000
socketio: INFO: emitting event "task update" to 20170509-172430-a33c [/jobs]
socketio: INFO: emitting event "job update" to job_management [/jobs]
digits.webapp: DEBUG: Training (epoch 5.8): loss = 0.364136, lr = 0.010000, accuracy = 1.000000
socketio: INFO: emitting event "task update" to 20170509-172430-a33c [/jobs]
socketio: INFO: emitting event "job update" to job_management [/jobs]
digits.webapp: DEBUG: Training (epoch 6.3): loss = 0.289220, lr = 0.010000, accuracy = 1.000000
digits.webapp: DEBUG: Network validation loss #6.3: 0.238477
socketio: INFO: emitting event "task update" to 20170509-172430-a33c [/jobs]
digits.webapp: DEBUG: Network validation accuracy #6.3: 1.0
digits.webapp: DEBUG: Validation (epoch 6.3): loss = 0.238477, accuracy = 1.000000
digits.webapp: WARNING: Train Tensorflow Model unrecognized output: INFO:tensorflow:/tmp/tmpX3R8Ve/20170509-172430-a33c/snapshot_6.ckpt is not in all_model_checkpoint_paths. Manually adding it.
socketio: INFO: emitting event "task update" to 20170509-172430-a33c [/jobs]
socketio: INFO: emitting event "task update" to 20170509-172430-a33c [/jobs]
socketio: INFO: emitting event "job update" to job_management [/jobs]
digits.webapp: DEBUG: Training (epoch 6.7): loss = 0.251765, lr = 0.010000, accuracy = 1.000000
socketio: INFO: emitting event "task update" to 20170509-172430-a33c [/jobs]
socketio: INFO: emitting event "job update" to job_management [/jobs]
digits.webapp: DEBUG: Training (epoch 7.1): loss = 0.311701, lr = 0.001000, accuracy = 1.000000
digits.webapp: DEBUG: Network validation loss #7.1: 0.202783
socketio: INFO: emitting event "task update" to 20170509-172430-a33c [/jobs]
digits.webapp: DEBUG: Network validation accuracy #7.1: 1.0
digits.webapp: DEBUG: Validation (epoch 7.1): loss = 0.202783, accuracy = 1.000000
digits.webapp: WARNING: Train Tensorflow Model unrecognized output: INFO:tensorflow:/tmp/tmpX3R8Ve/20170509-172430-a33c/snapshot_7.ckpt is not in all_model_checkpoint_paths. Manually adding it.
socketio: INFO: emitting event "task update" to 20170509-172430-a33c [/jobs]
socketio: INFO: emitting event "task update" to 20170509-172430-a33c [/jobs]
socketio: INFO: emitting event "job update" to job_management [/jobs]
digits.webapp: DEBUG: Training (epoch 7.5): loss = 0.239835, lr = 0.001000, accuracy = 1.000000
socketio: INFO: emitting event "task update" to 20170509-172430-a33c [/jobs]
socketio: INFO: emitting event "job update" to job_management [/jobs]
digits.webapp: DEBUG: Training (epoch 7.9): loss = 0.207829, lr = 0.001000, accuracy = 1.000000
socketio: INFO: emitting event "task update" to 20170509-172430-a33c [/jobs]
socketio: INFO: emitting event "job update" to job_management [/jobs]
digits.webapp: DEBUG: Training (epoch 8.3): loss = 0.122850, lr = 0.001000, accuracy = 1.000000
digits.webapp: DEBUG: Network validation loss #8.3: 0.179172
socketio: INFO: emitting event "task update" to 20170509-172430-a33c [/jobs]
digits.webapp: DEBUG: Network validation accuracy #8.3: 1.0
digits.webapp: DEBUG: Validation (epoch 8.3): loss = 0.179172, accuracy = 1.000000
digits.webapp: WARNING: Train Tensorflow Model unrecognized output: INFO:tensorflow:/tmp/tmpX3R8Ve/20170509-172430-a33c/snapshot_8.ckpt is not in all_model_checkpoint_paths. Manually adding it.
socketio: INFO: emitting event "task update" to 20170509-172430-a33c [/jobs]
socketio: INFO: emitting event "task update" to 20170509-172218-c9c0 [/jobs]
socketio: INFO: emitting event "task update" to 20170509-172328-6826 [/jobs]
socketio: INFO: emitting event "task update" to 20170509-172430-a33c [/jobs]
socketio: INFO: emitting event "job update" to job_management [/jobs]
digits.webapp: DEBUG: Training (epoch 8.8): loss = 0.217909, lr = 0.001000, accuracy = 1.000000
socketio: INFO: emitting event "task update" to 20170509-172430-a33c [/jobs]
socketio: INFO: emitting event "job update" to job_management [/jobs]
digits.webapp: DEBUG: Training (epoch 9.2): loss = 0.253817, lr = 0.001000, accuracy = 1.000000
digits.webapp: DEBUG: Network validation loss #9.2: 0.209552
socketio: INFO: emitting event "task update" to 20170509-172430-a33c [/jobs]
digits.webapp: DEBUG: Network validation accuracy #9.2: 1.0
digits.webapp: DEBUG: Validation (epoch 9.2): loss = 0.209552, accuracy = 1.000000
digits.webapp: WARNING: Train Tensorflow Model unrecognized output: INFO:tensorflow:/tmp/tmpX3R8Ve/20170509-172430-a33c/snapshot_9.ckpt is not in all_model_checkpoint_paths. Manually adding it.
socketio: INFO: emitting event "task update" to 20170509-172430-a33c [/jobs]
socketio: INFO: emitting event "task update" to 20170509-172430-a33c [/jobs]
socketio: INFO: emitting event "job update" to job_management [/jobs]
digits.webapp: DEBUG: Training (epoch 9.6): loss = 0.187074, lr = 0.001000, accuracy = 1.000000
socketio: INFO: emitting event "task update" to 20170509-172430-a33c [/jobs]
socketio: INFO: emitting event "job update" to job_management [/jobs]
digits.webapp: DEBUG: Training (epoch 10.0): loss = 0.259000, lr = 0.001000, accuracy = 1.000000
digits.webapp: DEBUG: Network validation loss #10.0: 0.164645
socketio: INFO: emitting event "task update" to 20170509-172430-a33c [/jobs]
digits.webapp: DEBUG: Network validation accuracy #10.0: 1.0
digits.webapp: DEBUG: Validation (epoch 10.0): loss = 0.164645, accuracy = 1.000000
socketio: INFO: emitting event "task update" to 20170509-172344-9606 [/jobs]
digits.webapp: WARNING: Train Tensorflow Model unrecognized output: INFO:tensorflow:/tmp/tmpX3R8Ve/20170509-172430-a33c/snapshot_10.ckpt is not in all_model_checkpoint_paths. Manually adding it.
socketio: INFO: emitting event "task update" to 20170509-172430-a33c [/jobs]
socketio: INFO: emitting event "task update" to 20170509-172430-a33c [/jobs]
socketio: INFO: emitting event "job update" to job_management [/jobs]
digits.webapp: DEBUG: Training (epoch 10.4): loss = 0.212700, lr = 0.001000, accuracy = 1.000000
socketio: INFO: emitting event "task update" to 20170509-172430-a33c [/jobs]
socketio: INFO: emitting event "job update" to job_management [/jobs]
digits.webapp: DEBUG: Training (epoch 10.8): loss = 0.244328, lr = 0.001000, accuracy = 1.000000
socketio: INFO: emitting event "task update" to 20170509-172430-a33c [/jobs]
socketio: INFO: emitting event "job update" to job_management [/jobs]
digits.webapp: DEBUG: Training (epoch 11.3): loss = 0.197537, lr = 0.001000, accuracy = 1.000000
digits.webapp: DEBUG: Network validation loss #11.3: 0.162202
socketio: INFO: emitting event "task update" to 20170509-172430-a33c [/jobs]
digits.webapp: DEBUG: Network validation accuracy #11.3: 1.0
digits.webapp: DEBUG: Validation (epoch 11.3): loss = 0.162202, accuracy = 1.000000
digits.webapp: WARNING: Train Tensorflow Model unrecognized output: INFO:tensorflow:/tmp/tmpX3R8Ve/20170509-172430-a33c/snapshot_11.ckpt is not in all_model_checkpoint_paths. Manually adding it.
socketio: INFO: emitting event "task update" to 20170509-172430-a33c [/jobs]
socketio: INFO: emitting event "task update" to 20170509-172430-a33c [/jobs]
socketio: INFO: emitting event "job update" to job_management [/jobs]
digits.webapp: DEBUG: Training (epoch 11.7): loss = 0.242006, lr = 0.001000, accuracy = 1.000000
socketio: INFO: emitting event "task update" to 20170509-172430-a33c [/jobs]
socketio: INFO: emitting event "job update" to job_management [/jobs]
digits.webapp: DEBUG: Training (epoch 12.1): loss = 0.167385, lr = 0.001000, accuracy = 1.000000
digits.webapp: DEBUG: Network validation loss #12.1: 0.18983
socketio: INFO: emitting event "task update" to 20170509-172430-a33c [/jobs]
digits.webapp: DEBUG: Network validation accuracy #12.1: 1.0
digits.webapp: DEBUG: Validation (epoch 12.1): loss = 0.189830, accuracy = 1.000000
digits.webapp: WARNING: Train Tensorflow Model unrecognized output: INFO:tensorflow:/tmp/tmpX3R8Ve/20170509-172430-a33c/snapshot_12.ckpt is not in all_model_checkpoint_paths. Manually adding it.
socketio: INFO: emitting event "task update" to 20170509-172430-a33c [/jobs]
socketio: INFO: emitting event "task update" to 20170509-172430-a33c [/jobs]
socketio: INFO: emitting event "job update" to job_management [/jobs]
digits.webapp: DEBUG: Training (epoch 12.5): loss = 0.167225, lr = 0.001000, accuracy = 1.000000
socketio: INFO: emitting event "task update" to 20170509-172430-a33c [/jobs]
socketio: INFO: emitting event "job update" to job_management [/jobs]
digits.webapp: DEBUG: Training (epoch 12.9): loss = 0.180343, lr = 0.001000, accuracy = 1.000000
socketio: INFO: emitting event "task update" to 20170509-172430-a33c [/jobs]
socketio: INFO: emitting event "job update" to job_management [/jobs]
digits.webapp: DEBUG: Training (epoch 13.3): loss = 0.133478, lr = 0.001000, accuracy = 1.000000
digits.webapp: DEBUG: Network validation loss #13.3: 0.147948
socketio: INFO: emitting event "task update" to 20170509-172430-a33c [/jobs]
digits.webapp: DEBUG: Network validation accuracy #13.3: 1.0
digits.webapp: DEBUG: Validation (epoch 13.3): loss = 0.147948, accuracy = 1.000000
digits.webapp: WARNING: Train Tensorflow Model unrecognized output: INFO:tensorflow:/tmp/tmpX3R8Ve/20170509-172430-a33c/snapshot_13.ckpt is not in all_model_checkpoint_paths. Manually adding it.
socketio: INFO: emitting event "task update" to 20170509-172430-a33c [/jobs]
socketio: INFO: emitting event "task update" to 20170509-172430-a33c [/jobs]
socketio: INFO: emitting event "job update" to job_management [/jobs]
digits.webapp: DEBUG: Training (epoch 13.8): loss = 0.205857, lr = 0.000100, accuracy = 1.000000
socketio: INFO: emitting event "task update" to 20170509-172430-a33c [/jobs]
socketio: INFO: emitting event "job update" to job_management [/jobs]
digits.webapp: DEBUG: Training (epoch 14.2): loss = 0.162954, lr = 0.000100, accuracy = 1.000000
digits.webapp: DEBUG: Network validation loss #14.2: 0.151726
socketio: INFO: emitting event "task update" to 20170509-172430-a33c [/jobs]
digits.webapp: DEBUG: Network validation accuracy #14.2: 1.0
digits.webapp: DEBUG: Validation (epoch 14.2): loss = 0.151726, accuracy = 1.000000
digits.webapp: WARNING: Train Tensorflow Model unrecognized output: INFO:tensorflow:/tmp/tmpX3R8Ve/20170509-172430-a33c/snapshot_14.ckpt is not in all_model_checkpoint_paths. Manually adding it.
socketio: INFO: emitting event "task update" to 20170509-172430-a33c [/jobs]
socketio: INFO: emitting event "task update" to 20170509-172430-a33c [/jobs]
socketio: INFO: emitting event "job update" to job_management [/jobs]
digits.webapp: DEBUG: Training (epoch 14.6): loss = 0.143828, lr = 0.000100, accuracy = 1.000000
socketio: INFO: emitting event "task update" to 20170509-172430-a33c [/jobs]
socketio: INFO: emitting event "job update" to job_management [/jobs]
digits.webapp: DEBUG: Training (epoch 15.0): loss = 0.271500, lr = 0.000100, accuracy = 1.000000
digits.webapp: DEBUG: Network validation loss #15.0: 0.182136
socketio: INFO: emitting event "task update" to 20170509-172430-a33c [/jobs]
digits.webapp: DEBUG: Network validation accuracy #15.0: 1.0
digits.webapp: DEBUG: Validation (epoch 15.0): loss = 0.182136, accuracy = 1.000000
digits.webapp: WARNING: Train Tensorflow Model unrecognized output: INFO:tensorflow:/tmp/tmpX3R8Ve/20170509-172430-a33c/snapshot_15.ckpt is not in all_model_checkpoint_paths. Manually adding it.
socketio: INFO: emitting event "task update" to 20170509-172430-a33c [/jobs]
socketio: INFO: emitting event "task update" to 20170509-172430-a33c [/jobs]
socketio: INFO: emitting event "job update" to job_management [/jobs]
digits.webapp: DEBUG: Training (epoch 15.4): loss = 0.185072, lr = 0.000100, accuracy = 1.000000
socketio: INFO: emitting event "task update" to 20170509-172430-a33c [/jobs]
socketio: INFO: emitting event "job update" to job_management [/jobs]
digits.webapp: DEBUG: Training (epoch 15.8): loss = 0.175919, lr = 0.000100, accuracy = 1.000000
socketio: INFO: emitting event "task update" to 20170509-172430-a33c [/jobs]
socketio: INFO: emitting event "job update" to job_management [/jobs]
digits.webapp: DEBUG: Training (epoch 16.3): loss = 0.147743, lr = 0.000100, accuracy = 1.000000
digits.webapp: DEBUG: Network validation loss #16.3: 0.146526
socketio: INFO: emitting event "task update" to 20170509-172430-a33c [/jobs]
digits.webapp: DEBUG: Network validation accuracy #16.3: 1.0
digits.webapp: DEBUG: Validation (epoch 16.3): loss = 0.146526, accuracy = 1.000000
digits.webapp: WARNING: Train Tensorflow Model unrecognized output: INFO:tensorflow:/tmp/tmpX3R8Ve/20170509-172430-a33c/snapshot_16.ckpt is not in all_model_checkpoint_paths. Manually adding it.
socketio: INFO: emitting event "task update" to 20170509-172430-a33c [/jobs]
socketio: INFO: emitting event "task update" to 20170509-172419-2d22 [/jobs]
socketio: INFO: emitting event "task update" to 20170509-172430-a33c [/jobs]
socketio: INFO: emitting event "job update" to job_management [/jobs]
digits.webapp: DEBUG: Training (epoch 16.7): loss = 0.180048, lr = 0.000100, accuracy = 1.000000
socketio: INFO: emitting event "task update" to 20170509-172430-a33c [/jobs]
socketio: INFO: emitting event "job update" to job_management [/jobs]
digits.webapp: DEBUG: Training (epoch 17.1): loss = 0.190019, lr = 0.000100, accuracy = 1.000000
digits.webapp: DEBUG: Network validation loss #17.1: 0.167742
socketio: INFO: emitting event "task update" to 20170509-172430-a33c [/jobs]
digits.webapp: DEBUG: Network validation accuracy #17.1: 1.0
digits.webapp: DEBUG: Validation (epoch 17.1): loss = 0.167742, accuracy = 1.000000
digits.webapp: WARNING: Train Tensorflow Model unrecognized output: INFO:tensorflow:/tmp/tmpX3R8Ve/20170509-172430-a33c/snapshot_17.ckpt is not in all_model_checkpoint_paths. Manually adding it.
socketio: INFO: emitting event "task update" to 20170509-172430-a33c [/jobs]
socketio: INFO: emitting event "task update" to 20170509-172430-a33c [/jobs]
socketio: INFO: emitting event "job update" to job_management [/jobs]
digits.webapp: DEBUG: Training (epoch 17.5): loss = 0.171265, lr = 0.000100, accuracy = 1.000000
socketio: INFO: emitting event "task update" to 20170509-172430-a33c [/jobs]
socketio: INFO: emitting event "job update" to job_management [/jobs]
digits.webapp: DEBUG: Training (epoch 17.9): loss = 0.173294, lr = 0.000100, accuracy = 1.000000
socketio: INFO: emitting event "task update" to 20170509-172430-a33c [/jobs]
socketio: INFO: emitting event "job update" to job_management [/jobs]
digits.webapp: DEBUG: Training (epoch 18.3): loss = 0.175589, lr = 0.000100, accuracy = 1.000000
digits.webapp: DEBUG: Network validation loss #18.3: 0.162866
socketio: INFO: emitting event "task update" to 20170509-172430-a33c [/jobs]
digits.webapp: DEBUG: Network validation accuracy #18.3: 1.0
digits.webapp: DEBUG: Validation (epoch 18.3): loss = 0.162866, accuracy = 1.000000
digits.webapp: WARNING: Train Tensorflow Model unrecognized output: INFO:tensorflow:/tmp/tmpX3R8Ve/20170509-172430-a33c/snapshot_18.ckpt is not in all_model_checkpoint_paths. Manually adding it.
socketio: INFO: emitting event "task update" to 20170509-172430-a33c [/jobs]
socketio: INFO: emitting event "task update" to 20170509-172337-f1aa [/jobs]
socketio: INFO: emitting event "task update" to 20170509-172350-6fcd [/jobs]
socketio: INFO: emitting event "task update" to 20170509-172430-a33c [/jobs]
socketio: INFO: emitting event "job update" to job_management [/jobs]
digits.webapp: DEBUG: Training (epoch 18.8): loss = 0.219915, lr = 0.000100, accuracy = 1.000000
socketio: INFO: emitting event "task update" to 20170509-172430-a33c [/jobs]
socketio: INFO: emitting event "job update" to job_management [/jobs]
digits.webapp: DEBUG: Training (epoch 19.2): loss = 0.152293, lr = 0.000100, accuracy = 1.000000
digits.webapp: DEBUG: Network validation loss #19.2: 0.145141
socketio: INFO: emitting event "task update" to 20170509-172430-a33c [/jobs]
digits.webapp: DEBUG: Network validation accuracy #19.2: 1.0
digits.webapp: DEBUG: Validation (epoch 19.2): loss = 0.145141, accuracy = 1.000000
digits.webapp: WARNING: Train Tensorflow Model unrecognized output: INFO:tensorflow:/tmp/tmpX3R8Ve/20170509-172430-a33c/snapshot_19.ckpt is not in all_model_checkpoint_paths. Manually adding it.
socketio: INFO: emitting event "task update" to 20170509-172430-a33c [/jobs]
socketio: INFO: emitting event "task update" to 20170509-172430-a33c [/jobs]
socketio: INFO: emitting event "job update" to job_management [/jobs]
digits.webapp: DEBUG: Training (epoch 19.6): loss = 0.195010, lr = 0.000100, accuracy = 1.000000
socketio: INFO: emitting event "task update" to 20170509-172430-a33c [/jobs]
socketio: INFO: emitting event "job update" to job_management [/jobs]
digits.webapp: DEBUG: Training (epoch 20.0): loss = 0.248191, lr = 0.000100, accuracy = 1.000000
digits.webapp: DEBUG: Network validation loss #20.0: 0.148889
socketio: INFO: emitting event "task update" to 20170509-172430-a33c [/jobs]
digits.webapp: DEBUG: Network validation accuracy #20.0: 1.0
digits.webapp: DEBUG: Validation (epoch 20.0): loss = 0.148889, accuracy = 1.000000
digits.webapp: WARNING: Train Tensorflow Model unrecognized output: INFO:tensorflow:/tmp/tmpX3R8Ve/20170509-172430-a33c/snapshot_20.ckpt is not in all_model_checkpoint_paths. Manually adding it.
socketio: INFO: emitting event "task update" to 20170509-172430-a33c [/jobs]
socketio: INFO: emitting event "task update" to 20170509-172259-8252 [/jobs]
socketio: INFO: emitting event "task update" to 20170509-172114-d063 [/jobs]
socketio: INFO: emitting event "task update" to 20170509-172323-89b4 [/jobs]
digits.webapp: WARNING: Train Tensorflow Model unrecognized output: 2017-05-09 17:24:33.613964: W tensorflow/core/framework/op_kernel.cc:1152] Out of range: PaddingFIFOQueue '_3_train/data/batcher/padding_fifo_queue' is closed and has insufficient elements (requested 10, current size 0)
digits.webapp: WARNING: Train Tensorflow Model unrecognized output: [[Node: train/data/batcher = QueueDequeueUpToV2[component_types=[DT_STRING, DT_FLOAT, DT_INT64], timeout_ms=-1, _device="/job:localhost/replica:0/task:0/cpu:0"](train/data/batcher/padding_fifo_queue, train/data/batcher/n)]]
digits.webapp: WARNING: Train Tensorflow Model unrecognized output: Training wall-time: 1.2182328701
socketio: INFO: emitting event "task update" to 20170509-172342-e0ef [/jobs]
socketio: INFO: emitting event "task update" to 20170509-172227-0156 [/jobs]
socketio: INFO: emitting event "task update" to 20170509-172334-9d18 [/jobs]
socketio: INFO: emitting event "task update" to 20170509-172347-b92a [/jobs]
socketio: INFO: emitting event "task update" to 20170509-172315-d38b [/jobs]
digits.webapp: INFO: Train Tensorflow Model task completed.
socketio: INFO: emitting event "task update" to 20170509-172430-a33c [/jobs]
socketio: INFO: emitting event "job update" to job_management [/jobs]
socketio: INFO: emitting event "task update" to 20170509-172430-a33c [/jobs]
socketio: INFO: emitting event "job update" to 20170509-172430-a33c [/jobs]
socketio: INFO: emitting event "job update" to job_management [/jobs]
socketio: INFO: emitting event "server update" to job_management [/jobs]
socketio: INFO: emitting event "job update" to job_management [/jobs]
socketio: INFO: emitting event "job update" to 20170509-172430-a33c [/jobs]
socketio: INFO: emitting event "job update" to job_management [/jobs]
digits: INFO: Job complete.
socketio: INFO: emitting event "task update" to 20170509-172352-bfdd [/jobs]
socketio: INFO: emitting event "task update" to 20170509-172412-e6f0 [/jobs]
socketio: INFO: emitting event "task update" to 20170509-172202-9230 [/jobs]
socketio: INFO: emitting event "task update" to 20170509-172317-7da8 [/jobs]
socketio: INFO: emitting event "task update" to 20170509-172210-1907 [/jobs]
socketio: INFO: emitting event "task update" to 20170509-172147-4505 [/jobs]
socketio: INFO: emitting event "task update" to 20170509-172339-dc52 [/jobs]
socketio: INFO: emitting event "task update" to 20170509-172218-c9c0 [/jobs]
socketio: INFO: emitting event "task update" to 20170509-172328-6826 [/jobs]
socketio: INFO: emitting event "task update" to 20170509-172344-9606 [/jobs]
socketio: INFO: emitting event "job update" to job_management [/jobs]
socketio: INFO: emitting event "task update" to 20170509-172430-a33c [/jobs]
socketio: INFO: emitting event "job update" to 20170509-172434-401a [/jobs]
socketio: INFO: emitting event "job update" to job_management [/jobs]
socketio: INFO: emitting event "server update" to job_management [/jobs]
socketio: INFO: emitting event "server update" to job_management [/jobs]
digits.webapp: INFO: Infer Model task started.
socketio: INFO: emitting event "task update" to 20170509-172434-401a [/jobs]
socketio: INFO: emitting event "job update" to 20170509-172434-401a [/jobs]
socketio: INFO: emitting event "job update" to job_management [/jobs]
digits.webapp: INFO: Task subprocess args: "/usr/bin/python2 /home/ethan/digits_GAN/digits/tools/inference.py /tmp/tmpX3R8Ve/20170509-172434-401a/tmp5oyMN_.txt /tmp/tmpX3R8Ve/20170509-172434-401a 20170509-172430-a33c --jobs_dir=/tmp/tmpX3R8Ve --layers=none --gpu=0"
socketio: INFO: emitting event "task update" to 20170509-172419-2d22 [/jobs]
socketio: INFO: emitting event "task update" to 20170509-172337-f1aa [/jobs]
socketio: INFO: emitting event "task update" to 20170509-172350-6fcd [/jobs]
socketio: INFO: emitting event "task update" to 20170509-172259-8252 [/jobs]
socketio: INFO: emitting event "task update" to 20170509-172114-d063 [/jobs]
socketio: INFO: emitting event "task update" to 20170509-172323-89b4 [/jobs]
socketio: INFO: emitting event "task update" to 20170509-172342-e0ef [/jobs]
socketio: INFO: emitting event "task update" to 20170509-172227-0156 [/jobs]
socketio: INFO: emitting event "task update" to 20170509-172334-9d18 [/jobs]
socketio: INFO: emitting event "task update" to 20170509-172347-b92a [/jobs]
socketio: INFO: emitting event "task update" to 20170509-172315-d38b [/jobs]
socketio: INFO: emitting event "task update" to 20170509-172352-bfdd [/jobs]
socketio: INFO: emitting event "task update" to 20170509-172412-e6f0 [/jobs]
socketio: INFO: emitting event "task update" to 20170509-172202-9230 [/jobs]
socketio: INFO: emitting event "task update" to 20170509-172317-7da8 [/jobs]
socketio: INFO: emitting event "task update" to 20170509-172210-1907 [/jobs]
socketio: INFO: emitting event "task update" to 20170509-172147-4505 [/jobs]
socketio: INFO: emitting event "task update" to 20170509-172339-dc52 [/jobs]
socketio: INFO: emitting event "task update" to 20170509-172218-c9c0 [/jobs]
socketio: INFO: emitting event "task update" to 20170509-172328-6826 [/jobs]
socketio: INFO: emitting event "task update" to 20170509-172344-9606 [/jobs]
socketio: INFO: emitting event "task update" to 20170509-172430-a33c [/jobs]
socketio: INFO: emitting event "task update" to 20170509-172419-2d22 [/jobs]
socketio: INFO: emitting event "task update" to 20170509-172337-f1aa [/jobs]
socketio: INFO: emitting event "task update" to 20170509-172350-6fcd [/jobs]
socketio: INFO: emitting event "task update" to 20170509-172259-8252 [/jobs]
socketio: INFO: emitting event "task update" to 20170509-172114-d063 [/jobs]
socketio: INFO: emitting event "task update" to 20170509-172323-89b4 [/jobs]
socketio: INFO: emitting event "task update" to 20170509-172342-e0ef [/jobs]
socketio: INFO: emitting event "task update" to 20170509-172227-0156 [/jobs]
socketio: INFO: emitting event "task update" to 20170509-172334-9d18 [/jobs]
socketio: INFO: emitting event "task update" to 20170509-172347-b92a [/jobs]
socketio: INFO: emitting event "task update" to 20170509-172315-d38b [/jobs]
socketio: INFO: emitting event "task update" to 20170509-172352-bfdd [/jobs]
socketio: INFO: emitting event "task update" to 20170509-172412-e6f0 [/jobs]
socketio: INFO: emitting event "task update" to 20170509-172202-9230 [/jobs]
socketio: INFO: emitting event "task update" to 20170509-172317-7da8 [/jobs]
socketio: INFO: emitting event "task update" to 20170509-172210-1907 [/jobs]
socketio: INFO: emitting event "task update" to 20170509-172147-4505 [/jobs]
socketio: INFO: emitting event "task update" to 20170509-172339-dc52 [/jobs]
socketio: INFO: emitting event "task update" to 20170509-172218-c9c0 [/jobs]
socketio: INFO: emitting event "task update" to 20170509-172328-6826 [/jobs]
socketio: INFO: emitting event "task update" to 20170509-172344-9606 [/jobs]
socketio: INFO: emitting event "task update" to 20170509-172430-a33c [/jobs]
socketio: INFO: emitting event "task update" to 20170509-172419-2d22 [/jobs]
socketio: INFO: emitting event "task update" to 20170509-172337-f1aa [/jobs]
socketio: INFO: emitting event "task update" to 20170509-172350-6fcd [/jobs]
socketio: INFO: emitting event "task update" to 20170509-172259-8252 [/jobs]
socketio: INFO: emitting event "task update" to 20170509-172114-d063 [/jobs]
socketio: INFO: emitting event "task update" to 20170509-172323-89b4 [/jobs]
socketio: INFO: emitting event "task update" to 20170509-172342-e0ef [/jobs]
socketio: INFO: emitting event "task update" to 20170509-172227-0156 [/jobs]
socketio: INFO: emitting event "task update" to 20170509-172334-9d18 [/jobs]
socketio: INFO: emitting event "task update" to 20170509-172347-b92a [/jobs]
socketio: INFO: emitting event "task update" to 20170509-172315-d38b [/jobs]
socketio: INFO: emitting event "task update" to 20170509-172352-bfdd [/jobs]
socketio: INFO: emitting event "task update" to 20170509-172412-e6f0 [/jobs]
socketio: INFO: emitting event "task update" to 20170509-172202-9230 [/jobs]
socketio: INFO: emitting event "task update" to 20170509-172317-7da8 [/jobs]
socketio: INFO: emitting event "task update" to 20170509-172210-1907 [/jobs]
socketio: INFO: emitting event "task update" to 20170509-172147-4505 [/jobs]
socketio: INFO: emitting event "task update" to 20170509-172339-dc52 [/jobs]
socketio: INFO: emitting event "task update" to 20170509-172218-c9c0 [/jobs]
socketio: INFO: emitting event "task update" to 20170509-172328-6826 [/jobs]
socketio: INFO: emitting event "task update" to 20170509-172344-9606 [/jobs]
digits.webapp: WARNING: Infer Model unrecognized output: WARNING: log_file config option not found - no log file is being saved
digits.webapp: WARNING: Infer Model unrecognized output: 2017-05-09 17:24:37 [ERROR] InferenceError: Unable to find snapshot for epoch=-1.0
digits.webapp: WARNING: Infer Model unrecognized output: Traceback (most recent call last):
digits.webapp: WARNING: Infer Model unrecognized output: File "/home/ethan/digits_GAN/digits/tools/inference.py", line 293, in <module>
digits.webapp: WARNING: Infer Model unrecognized output: args['resize']
digits.webapp: WARNING: Infer Model unrecognized output: File "/home/ethan/digits_GAN/digits/tools/inference.py", line 79, in infer
digits.webapp: WARNING: Infer Model unrecognized output: raise InferenceError("Unable to find snapshot for epoch=%s" % repr(epoch))
digits.webapp: WARNING: Infer Model unrecognized output: digits.inference.errors.InferenceError: 'Unable to find snapshot for epoch=-1.0'
socketio: INFO: emitting event "task update" to 20170509-172430-a33c [/jobs]
digits.webapp: ERROR: Infer Model task failed with error code 1
socketio: INFO: emitting event "task update" to 20170509-172434-401a [/jobs]
socketio: INFO: emitting event "job update" to 20170509-172434-401a [/jobs]
socketio: INFO: emitting event "job update" to job_management [/jobs]
socketio: INFO: emitting event "server update" to job_management [/jobs]
socketio: INFO: emitting event "server update" to job_management [/jobs]
socketio: INFO: emitting event "job update" to 20170509-172434-401a [/jobs]
socketio: INFO: emitting event "job update" to job_management [/jobs]
digits: INFO: Job deleted.
socketio: INFO: emitting event "job update" to job_management [/jobs]
--------------------- >> end captured logging << ---------------------

======================================================================
FAIL: digits.model.images.classification.test_views.TestTensorflowLeNet.test_classify_many_from_folder
----------------------------------------------------------------------
Traceback (most recent call last):
  File "/home/ethan/.local/lib/python2.7/site-packages/nose/case.py", line 197, in runTest
    self.test(*self.arg)
  File "/home/ethan/digits_GAN/digits/model/images/classification/test_views.py", line 739, in test_classify_many_from_folder
    assert rv.status_code == 200, 'POST failed with %s\n\n%s' % (rv.status_code, body)
AssertionError: POST failed with 500

[<body>\n<div class="navbar navbar-inverse navbar-fixed-top">\n<div class="container">\n<div class="navbar-header">\n<a class="navbar-brand" href="/">DIGITS</a>\n</div>\n<ul class="nav navbar-nav">\n<li><a href="/models/20170509-172430-a33c">test_model</a></li>\n<li class="active"><a>Classify Many</a></li>\n</ul>\n<ul class="nav navbar-nav navbar-right">\n<li>\n<p class="navbar-text">\n            digits-testsuite (<a class="navbar-link" href="/logout">Logout</a>)\n            </p>\n</li>\n<li class="dropdown">\n<a class="dropdown-toggle" data-toggle="dropdown" href="#">Info<span class="caret"></span></a>\n<ul class="dropdown-menu navbar-inverse">\n<li><span class="navbar-text">Server: ethan-computer</span></li>\n<li><span class="navbar-text">DIGITS version: <br> 5.1-dev</br></span></li>\n<li><span class="navbar-text">Caffe version: <br> 0.15.13</br></span></li>\n<li><span class="navbar-text">Caffe flavor: <br> NVIDIA</br></span></li>\n</ul>\n</li>\n<li class="dropdown">\n<a class="dropdown-toggle" data-toggle="dropdown" href="#">About<span class="caret"></span></a>\n<ul class="dropdown-menu about-menu navbar-inverse">\n<li><span class="navbar-text"><a href="https://developer.nvidia.com/digits" target="_blank">\n                        DIGITS on developer.nvidia.com\n                    </a></span></li>\n<li><span class="navbar-text"><a href="https://github.com/NVIDIA/DIGITS" target="_blank">\n                        DIGITS on GitHub\n                    </a></span></li>\n<li><span class="navbar-text"><a href="https://groups.google.com/d/forum/digits-users" target="_blank">\n                        DIGITS user group\n                    </a></span></li>\n<li><span class="navbar-text"><a href="mailto:digits@nvidia.com">\n                        digits@nvidia.com\n                    </a></span></li>\n</ul>\n</li>\n</ul>\n</div>\n</div>\n<div class="container">\n<div class="jumbotron">\n<div class="container">\n<div class="row">\n<div class="col-sm-12" id="show-job-name">\n<h2 style="display:inline;">Classify Many Images</h2>\n</div>\n<div class="col-sm-4" id="edit-job-name" style="display:none;">\n<script>\nfunction updateJobName() {\n    var newName = $("input[name=job-name]").val();\n    $.ajax("/jobs/20170509-172437-fc87",\n            {\n                type: "PUT",\n                data: {"job_name": newName}\n                }\n          )\n    .done(function() {\n            $("#show-job-name h2").html(newName);\n            $('#edit-job-name').hide(); $('#show-job-name').show();\n            })\n    .fail(function(data) { errorAlert(data); });\n    return false;\n}\n                </script>\n<input class="form-control" name="job-name" value="Classify Many Images"/>\n<a class="btn btn-primary" href="#" onclick="return updateJobName();">Update</a>\n<a class="btn btn-info" href="#" onclick="$('#edit-job-name').hide(); $('#show-job-name').show(); return false;">Cancel</a>\n</div>\n</div>\n<small>Owner: digits-testsuite</small>\n<div class="pull-right">\n<a class="btn btn-info" disabled="" id="clone-job">Clone Job</a>\n<a class="btn btn-warning hidden disabled" id="abort-job">Abort Job</a>\n<a class="btn btn-danger disabled" id="delete-job">Delete Job</a>\n</div>\n</div>\n<script>\n$('#abort-job').on('click', function(event) {\n        event.preventDefault();\n        bootbox.confirm(\n            'Are you sure you want to abort this job?',\n            function(result) {\n                if (result)\n                    $.ajax("/jobs/20170509-172437-fc87/abort",\n                        {type: "POST"})\n                    .done(function() {\n                        $("#abort-job").hide();\n                        })\n                    .fail(function(data) { errorAlert(data); });\n            });\n        });\n\n$('#delete-job').on('click', function(event) {\n        event.preventDefault();\n        bootbox.confirm(\n            'Are you sure you want to delete this job?<br><br>All related files will be permanently removed.',\n            function(result) {\n                if (result)\n                    $.ajax("/jobs/20170509-172437-fc87",\n                        {type: "DELETE"})\n                    .done(function() {\n                        window.location = "/";\n                        })\n                    .fail(function(data) { errorAlert(data); });\n            });\n        });\n    </script>\n</div>\n<div class="row">\n<!-- Job content -->\n<div class="col-sm-8">\n<div class="page-header">\n<h1>\n        test_model\n        <small>\n            Image Classification Model\n        </small>\n</h1>\n</div>\n<div class="alert alert-danger">\n<p>Classification failed, see job log</p>\n</div>\n</div>\n<!-- Tasks -->\n<div class="col-sm-4">\n<div class="panel-group">\n<div class="panel panel-danger" id="job-statuses">\n<div class="panel-heading">\n<h4 class="panel-title">\n                    Job Status\n                    <small>Error</small>\n</h4>\n</div>\n<div class="panel-collapse">\n<div class="panel-body">\n<div class="job-statuses">\n<ul>\n<li>\n<span class="text-warning">Initialized</span>\n        at 05:24:37 PM\n            <small>(0 seconds)</small>\n</li>\n<li>\n<span class="text-info">Running</span>\n        at 05:24:37 PM\n            <small>(2 seconds)</small>\n</li>\n<li>\n<span class="text-danger">Error</span>\n        at 05:24:40 PM\n            <br>\n<small>(Total - 2 seconds)</small>\n</br></li>\n</ul>\n</div>\n<div class="panel-group">\n<div class="panel panel-danger" id="task-140099490527440-status">\n<div class="panel-heading">\n<h4 class="panel-title">\n<a data-toggle="collapse" href="#task-140099490527440-status-collapse">\n                                            Infer Model\n                                            <small>Error</small>\n<span class="caret"></span>\n</a>\n</h4>\n</div>\n<div class="panel-collapse collapse in" id="task-140099490527440-status-collapse">\n<div class="panel-body">\n<div class="task-progress" style="display:none;">\n<div class="progress">\n<div class="progress-bar" style="width:0%">\n                                                    0%\n                                                </div>\n</div>\n                                            Estimated time remaining: <span class="task-eta">?</span>\n<br/>\n<br/>\n</div>\n<div class="task-statuses">\n<ul>\n<li>\n<span class="text-warning">Initialized</span>\n        at 05:24:37 PM\n            <small>(0 seconds)</small>\n</li>\n<li>\n<span class="text-info">Running</span>\n        at 05:24:37 PM\n            <small>(2 seconds)</small>\n</li>\n<li>\n<span class="text-danger">Error</span>\n        at 05:24:40 PM\n            <br>\n<small>(Total - 2 seconds)</small>\n</br></li>\n</ul>\n<h4 class="text-danger">ERROR: error code 1</h4>\n<pre>\nWARNING: log_file config option not found - no log file is being saved\n2017-05-09 17:24:40 [ERROR] InferenceError: Unable to find snapshot for epoch=-1.0\nTraceback (most recent call last):\nFile "/home/ethan/digits_GAN/digits/tools/inference.py", line 293, in &lt;module&gt;\nargs['resize']\nFile "/home/ethan/digits_GAN/digits/tools/inference.py", line 79, in infer\nraise InferenceError("Unable to find snapshot for epoch=%s" % repr(epoch))\ndigits.inference.errors.InferenceError: 'Unable to find snapshot for epoch=-1.0'\n        </pre>\n</div>\n</div>\n</div>\n</div>\n</div>\n</div>\n</div>\n</div>\n</div>\n<div class="gpu-utilization-info" style="display:none;"></div>\n<!-- Related jobs -->\n<div class="panel panel-default" id="notes-information">\n<div class="panel-heading">\n<h4>Notes</h4>\n</div>\n<div class="panel-body">\n<div class="col-sm-12" id="show-job-notes">\n<p style="display:inline;">None</p>\n</div>\n<div class="col-sm-12" id="edit-job-notes" style="display:none;">\n<script type="text/javascript">\n                        function updateJobNotes() {\n                        var newNotes = $("textarea[name=job-notes]").val();\n                        $.ajax("/jobs/20170509-172437-fc87",\n                                {\n                                    type: "PUT",\n                                    data: {"job_notes": newNotes}\n                                    }\n                              )\n                        .done(function() {\n                                $("#show-job-notes p").html(newNotes);\n                                $('#edit-job-notes').hide(); $('#show-job-notes').show();\n                                })\n                        .fail(function(data) { errorAlert(data); });\n                        return false;\n                    }\n                    </script>\n<textarea class="form-control" name="job-notes" placeholder="Enter notes" rows="5"></textarea>\n<a class="btn btn-primary" href="#" onclick="return updateJobNotes();">Update</a>\n<a class="btn btn-info" href="#" onclick="$('#edit-job-notes').hide(); $('#show-job-notes').show(); return false;">Cancel</a>\n</div>\n</div>\n</div>\n</div>\n</div>\n<div class="row">\n</div>\n</div>\n<script>\n$SCRIPT_ROOT = "";\n\n$(".explanation-tooltip").tooltip();\n\nwindow.onload = function () {\n    $('.autocomplete_path').autocomplete({\n       serviceUrl: '/autocomplete/path',\n       formatResult: function (suggestion, currentValue)\n       {\n            function baseName(str)\n            {\n               var base = new String(str).substring(str.lastIndexOf('/') + 1);\n               return base;\n            }\n            return baseName(suggestion.value);\n        },\n        minChars: 0\n    });\n    $(".autocomplete_path").removeAttr("autocomplete");\n};\n\n</script>\n<style>\n .about-menu {\n     width: 240px !important;\n }\n .brightness {\n     display: inline-block;\n }\n .brightness img:hover {\n     opacity: .75;\n }\n</style>\n</body>]
-------------------- >> begin captured logging << --------------------
socketio: INFO: emitting event "job update" to job_management [/jobs]
socketio: INFO: emitting event "task update" to 20170509-172419-2d22 [/jobs]
socketio: INFO: emitting event "job update" to 20170509-172437-fc87 [/jobs]
socketio: INFO: emitting event "job update" to job_management [/jobs]
socketio: INFO: emitting event "server update" to job_management [/jobs]
socketio: INFO: emitting event "server update" to job_management [/jobs]
digits.webapp: INFO: Infer Model task started.
socketio: INFO: emitting event "task update" to 20170509-172437-fc87 [/jobs]
socketio: INFO: emitting event "job update" to 20170509-172437-fc87 [/jobs]
socketio: INFO: emitting event "job update" to job_management [/jobs]
digits.webapp: INFO: Task subprocess args: "/usr/bin/python2 /home/ethan/digits_GAN/digits/tools/inference.py /tmp/tmpX3R8Ve/20170509-172437-fc87/tmpVPzzpy.txt /tmp/tmpX3R8Ve/20170509-172437-fc87 20170509-172430-a33c --jobs_dir=/tmp/tmpX3R8Ve --layers=none --gpu=0"
socketio: INFO: emitting event "task update" to 20170509-172337-f1aa [/jobs]
socketio: INFO: emitting event "task update" to 20170509-172350-6fcd [/jobs]
socketio: INFO: emitting event "task update" to 20170509-172259-8252 [/jobs]
socketio: INFO: emitting event "task update" to 20170509-172114-d063 [/jobs]
socketio: INFO: emitting event "task update" to 20170509-172323-89b4 [/jobs]
socketio: INFO: emitting event "task update" to 20170509-172342-e0ef [/jobs]
socketio: INFO: emitting event "task update" to 20170509-172227-0156 [/jobs]
socketio: INFO: emitting event "task update" to 20170509-172334-9d18 [/jobs]
socketio: INFO: emitting event "task update" to 20170509-172347-b92a [/jobs]
socketio: INFO: emitting event "task update" to 20170509-172315-d38b [/jobs]
socketio: INFO: emitting event "task update" to 20170509-172352-bfdd [/jobs]
socketio: INFO: emitting event "task update" to 20170509-172412-e6f0 [/jobs]
socketio: INFO: emitting event "task update" to 20170509-172202-9230 [/jobs]
socketio: INFO: emitting event "task update" to 20170509-172317-7da8 [/jobs]
socketio: INFO: emitting event "task update" to 20170509-172210-1907 [/jobs]
socketio: INFO: emitting event "task update" to 20170509-172147-4505 [/jobs]
socketio: INFO: emitting event "task update" to 20170509-172339-dc52 [/jobs]
socketio: INFO: emitting event "task update" to 20170509-172218-c9c0 [/jobs]
socketio: INFO: emitting event "task update" to 20170509-172328-6826 [/jobs]
socketio: INFO: emitting event "task update" to 20170509-172344-9606 [/jobs]
socketio: INFO: emitting event "task update" to 20170509-172430-a33c [/jobs]
socketio: INFO: emitting event "task update" to 20170509-172419-2d22 [/jobs]
socketio: INFO: emitting event "task update" to 20170509-172337-f1aa [/jobs]
socketio: INFO: emitting event "task update" to 20170509-172350-6fcd [/jobs]
socketio: INFO: emitting event "task update" to 20170509-172259-8252 [/jobs]
socketio: INFO: emitting event "task update" to 20170509-172114-d063 [/jobs]
socketio: INFO: emitting event "task update" to 20170509-172323-89b4 [/jobs]
socketio: INFO: emitting event "task update" to 20170509-172342-e0ef [/jobs]
socketio: INFO: emitting event "task update" to 20170509-172227-0156 [/jobs]
socketio: INFO: emitting event "task update" to 20170509-172334-9d18 [/jobs]
socketio: INFO: emitting event "task update" to 20170509-172347-b92a [/jobs]
socketio: INFO: emitting event "task update" to 20170509-172315-d38b [/jobs]
socketio: INFO: emitting event "task update" to 20170509-172352-bfdd [/jobs]
socketio: INFO: emitting event "task update" to 20170509-172412-e6f0 [/jobs]
socketio: INFO: emitting event "task update" to 20170509-172202-9230 [/jobs]
socketio: INFO: emitting event "task update" to 20170509-172317-7da8 [/jobs]
socketio: INFO: emitting event "task update" to 20170509-172210-1907 [/jobs]
socketio: INFO: emitting event "task update" to 20170509-172147-4505 [/jobs]
socketio: INFO: emitting event "task update" to 20170509-172339-dc52 [/jobs]
socketio: INFO: emitting event "task update" to 20170509-172218-c9c0 [/jobs]
socketio: INFO: emitting event "task update" to 20170509-172328-6826 [/jobs]
socketio: INFO: emitting event "task update" to 20170509-172344-9606 [/jobs]
socketio: INFO: emitting event "task update" to 20170509-172430-a33c [/jobs]
socketio: INFO: emitting event "task update" to 20170509-172419-2d22 [/jobs]
socketio: INFO: emitting event "task update" to 20170509-172337-f1aa [/jobs]
socketio: INFO: emitting event "task update" to 20170509-172350-6fcd [/jobs]
socketio: INFO: emitting event "task update" to 20170509-172259-8252 [/jobs]
socketio: INFO: emitting event "task update" to 20170509-172114-d063 [/jobs]
socketio: INFO: emitting event "task update" to 20170509-172323-89b4 [/jobs]
socketio: INFO: emitting event "task update" to 20170509-172342-e0ef [/jobs]
socketio: INFO: emitting event "task update" to 20170509-172227-0156 [/jobs]
socketio: INFO: emitting event "task update" to 20170509-172334-9d18 [/jobs]
socketio: INFO: emitting event "task update" to 20170509-172347-b92a [/jobs]
socketio: INFO: emitting event "task update" to 20170509-172315-d38b [/jobs]
socketio: INFO: emitting event "task update" to 20170509-172352-bfdd [/jobs]
socketio: INFO: emitting event "task update" to 20170509-172412-e6f0 [/jobs]
socketio: INFO: emitting event "task update" to 20170509-172202-9230 [/jobs]
socketio: INFO: emitting event "task update" to 20170509-172317-7da8 [/jobs]
socketio: INFO: emitting event "task update" to 20170509-172210-1907 [/jobs]
socketio: INFO: emitting event "task update" to 20170509-172147-4505 [/jobs]
socketio: INFO: emitting event "task update" to 20170509-172339-dc52 [/jobs]
socketio: INFO: emitting event "task update" to 20170509-172218-c9c0 [/jobs]
socketio: INFO: emitting event "task update" to 20170509-172328-6826 [/jobs]
socketio: INFO: emitting event "task update" to 20170509-172344-9606 [/jobs]
digits.webapp: WARNING: Infer Model unrecognized output: WARNING: log_file config option not found - no log file is being saved
digits.webapp: WARNING: Infer Model unrecognized output: 2017-05-09 17:24:40 [ERROR] InferenceError: Unable to find snapshot for epoch=-1.0
digits.webapp: WARNING: Infer Model unrecognized output: Traceback (most recent call last):
digits.webapp: WARNING: Infer Model unrecognized output: File "/home/ethan/digits_GAN/digits/tools/inference.py", line 293, in <module>
digits.webapp: WARNING: Infer Model unrecognized output: args['resize']
digits.webapp: WARNING: Infer Model unrecognized output: File "/home/ethan/digits_GAN/digits/tools/inference.py", line 79, in infer
digits.webapp: WARNING: Infer Model unrecognized output: raise InferenceError("Unable to find snapshot for epoch=%s" % repr(epoch))
digits.webapp: WARNING: Infer Model unrecognized output: digits.inference.errors.InferenceError: 'Unable to find snapshot for epoch=-1.0'
socketio: INFO: emitting event "task update" to 20170509-172430-a33c [/jobs]
digits.webapp: ERROR: Infer Model task failed with error code 1
socketio: INFO: emitting event "task update" to 20170509-172437-fc87 [/jobs]
socketio: INFO: emitting event "job update" to 20170509-172437-fc87 [/jobs]
socketio: INFO: emitting event "job update" to job_management [/jobs]
socketio: INFO: emitting event "server update" to job_management [/jobs]
socketio: INFO: emitting event "server update" to job_management [/jobs]
socketio: INFO: emitting event "job update" to 20170509-172437-fc87 [/jobs]
socketio: INFO: emitting event "job update" to job_management [/jobs]
digits: INFO: Job deleted.
socketio: INFO: emitting event "job update" to job_management [/jobs]
--------------------- >> end captured logging << ---------------------

======================================================================
FAIL: digits.model.images.classification.test_views.TestTensorflowLeNet.test_classify_many_invalid_ground_truth
----------------------------------------------------------------------
Traceback (most recent call last):
  File "/home/ethan/.local/lib/python2.7/site-packages/nose/case.py", line 197, in runTest
    self.test(*self.arg)
  File "/home/ethan/digits_GAN/digits/model/images/classification/test_views.py", line 761, in test_classify_many_invalid_ground_truth
    assert rv.status_code == 200, 'POST failed with %s\n\n%s' % (rv.status_code, body)
AssertionError: POST failed with 500

[<body>\n<div class="navbar navbar-inverse navbar-fixed-top">\n<div class="container">\n<div class="navbar-header">\n<a class="navbar-brand" href="/">DIGITS</a>\n</div>\n<ul class="nav navbar-nav">\n<li><a href="/models/20170509-172430-a33c">test_model</a></li>\n<li class="active"><a>Classify Many</a></li>\n</ul>\n<ul class="nav navbar-nav navbar-right">\n<li>\n<p class="navbar-text">\n            digits-testsuite (<a class="navbar-link" href="/logout">Logout</a>)\n            </p>\n</li>\n<li class="dropdown">\n<a class="dropdown-toggle" data-toggle="dropdown" href="#">Info<span class="caret"></span></a>\n<ul class="dropdown-menu navbar-inverse">\n<li><span class="navbar-text">Server: ethan-computer</span></li>\n<li><span class="navbar-text">DIGITS version: <br> 5.1-dev</br></span></li>\n<li><span class="navbar-text">Caffe version: <br> 0.15.13</br></span></li>\n<li><span class="navbar-text">Caffe flavor: <br> NVIDIA</br></span></li>\n</ul>\n</li>\n<li class="dropdown">\n<a class="dropdown-toggle" data-toggle="dropdown" href="#">About<span class="caret"></span></a>\n<ul class="dropdown-menu about-menu navbar-inverse">\n<li><span class="navbar-text"><a href="https://developer.nvidia.com/digits" target="_blank">\n                        DIGITS on developer.nvidia.com\n                    </a></span></li>\n<li><span class="navbar-text"><a href="https://github.com/NVIDIA/DIGITS" target="_blank">\n                        DIGITS on GitHub\n                    </a></span></li>\n<li><span class="navbar-text"><a href="https://groups.google.com/d/forum/digits-users" target="_blank">\n                        DIGITS user group\n                    </a></span></li>\n<li><span class="navbar-text"><a href="mailto:digits@nvidia.com">\n                        digits@nvidia.com\n                    </a></span></li>\n</ul>\n</li>\n</ul>\n</div>\n</div>\n<div class="container">\n<div class="jumbotron">\n<div class="container">\n<div class="row">\n<div class="col-sm-12" id="show-job-name">\n<h2 style="display:inline;">Classify Many Images</h2>\n</div>\n<div class="col-sm-4" id="edit-job-name" style="display:none;">\n<script>\nfunction updateJobName() {\n    var newName = $("input[name=job-name]").val();\n    $.ajax("/jobs/20170509-172440-7c92",\n            {\n                type: "PUT",\n                data: {"job_name": newName}\n                }\n          )\n    .done(function() {\n            $("#show-job-name h2").html(newName);\n            $('#edit-job-name').hide(); $('#show-job-name').show();\n            })\n    .fail(function(data) { errorAlert(data); });\n    return false;\n}\n                </script>\n<input class="form-control" name="job-name" value="Classify Many Images"/>\n<a class="btn btn-primary" href="#" onclick="return updateJobName();">Update</a>\n<a class="btn btn-info" href="#" onclick="$('#edit-job-name').hide(); $('#show-job-name').show(); return false;">Cancel</a>\n</div>\n</div>\n<small>Owner: digits-testsuite</small>\n<div class="pull-right">\n<a class="btn btn-info" disabled="" id="clone-job">Clone Job</a>\n<a class="btn btn-warning hidden disabled" id="abort-job">Abort Job</a>\n<a class="btn btn-danger disabled" id="delete-job">Delete Job</a>\n</div>\n</div>\n<script>\n$('#abort-job').on('click', function(event) {\n        event.preventDefault();\n        bootbox.confirm(\n            'Are you sure you want to abort this job?',\n            function(result) {\n                if (result)\n                    $.ajax("/jobs/20170509-172440-7c92/abort",\n                        {type: "POST"})\n                    .done(function() {\n                        $("#abort-job").hide();\n                        })\n                    .fail(function(data) { errorAlert(data); });\n            });\n        });\n\n$('#delete-job').on('click', function(event) {\n        event.preventDefault();\n        bootbox.confirm(\n            'Are you sure you want to delete this job?<br><br>All related files will be permanently removed.',\n            function(result) {\n                if (result)\n                    $.ajax("/jobs/20170509-172440-7c92",\n                        {type: "DELETE"})\n                    .done(function() {\n                        window.location = "/";\n                        })\n                    .fail(function(data) { errorAlert(data); });\n            });\n        });\n    </script>\n</div>\n<div class="row">\n<!-- Job content -->\n<div class="col-sm-8">\n<div class="page-header">\n<h1>\n        test_model\n        <small>\n            Image Classification Model\n        </small>\n</h1>\n</div>\n<div class="alert alert-danger">\n<p>Classification failed, see job log</p>\n</div>\n</div>\n<!-- Tasks -->\n<div class="col-sm-4">\n<div class="panel-group">\n<div class="panel panel-danger" id="job-statuses">\n<div class="panel-heading">\n<h4 class="panel-title">\n                    Job Status\n                    <small>Error</small>\n</h4>\n</div>\n<div class="panel-collapse">\n<div class="panel-body">\n<div class="job-statuses">\n<ul>\n<li>\n<span class="text-warning">Initialized</span>\n        at 05:24:40 PM\n            <small>(0 seconds)</small>\n</li>\n<li>\n<span class="text-info">Running</span>\n        at 05:24:40 PM\n            <small>(3 seconds)</small>\n</li>\n<li>\n<span class="text-danger">Error</span>\n        at 05:24:43 PM\n            <br>\n<small>(Total - 3 seconds)</small>\n</br></li>\n</ul>\n</div>\n<div class="panel-group">\n<div class="panel panel-danger" id="task-140099491821264-status">\n<div class="panel-heading">\n<h4 class="panel-title">\n<a data-toggle="collapse" href="#task-140099491821264-status-collapse">\n                                            Infer Model\n                                            <small>Error</small>\n<span class="caret"></span>\n</a>\n</h4>\n</div>\n<div class="panel-collapse collapse in" id="task-140099491821264-status-collapse">\n<div class="panel-body">\n<div class="task-progress" style="display:none;">\n<div class="progress">\n<div class="progress-bar" style="width:0%">\n                                                    0%\n                                                </div>\n</div>\n                                            Estimated time remaining: <span class="task-eta">?</span>\n<br/>\n<br/>\n</div>\n<div class="task-statuses">\n<ul>\n<li>\n<span class="text-warning">Initialized</span>\n        at 05:24:40 PM\n            <small>(0 seconds)</small>\n</li>\n<li>\n<span class="text-info">Running</span>\n        at 05:24:40 PM\n            <small>(3 seconds)</small>\n</li>\n<li>\n<span class="text-danger">Error</span>\n        at 05:24:43 PM\n            <br>\n<small>(Total - 3 seconds)</small>\n</br></li>\n</ul>\n<h4 class="text-danger">ERROR: error code 1</h4>\n<pre>\nWARNING: log_file config option not found - no log file is being saved\n2017-05-09 17:24:43 [ERROR] InferenceError: Unable to find snapshot for epoch=-1.0\nTraceback (most recent call last):\nFile "/home/ethan/digits_GAN/digits/tools/inference.py", line 293, in &lt;module&gt;\nargs['resize']\nFile "/home/ethan/digits_GAN/digits/tools/inference.py", line 79, in infer\nraise InferenceError("Unable to find snapshot for epoch=%s" % repr(epoch))\ndigits.inference.errors.InferenceError: 'Unable to find snapshot for epoch=-1.0'\n        </pre>\n</div>\n</div>\n</div>\n</div>\n</div>\n</div>\n</div>\n</div>\n</div>\n<div class="gpu-utilization-info" style="display:none;"></div>\n<!-- Related jobs -->\n<div class="panel panel-default" id="notes-information">\n<div class="panel-heading">\n<h4>Notes</h4>\n</div>\n<div class="panel-body">\n<div class="col-sm-12" id="show-job-notes">\n<p style="display:inline;">None</p>\n</div>\n<div class="col-sm-12" id="edit-job-notes" style="display:none;">\n<script type="text/javascript">\n                        function updateJobNotes() {\n                        var newNotes = $("textarea[name=job-notes]").val();\n                        $.ajax("/jobs/20170509-172440-7c92",\n                                {\n                                    type: "PUT",\n                                    data: {"job_notes": newNotes}\n                                    }\n                              )\n                        .done(function() {\n                                $("#show-job-notes p").html(newNotes);\n                                $('#edit-job-notes').hide(); $('#show-job-notes').show();\n                                })\n                        .fail(function(data) { errorAlert(data); });\n                        return false;\n                    }\n                    </script>\n<textarea class="form-control" name="job-notes" placeholder="Enter notes" rows="5"></textarea>\n<a class="btn btn-primary" href="#" onclick="return updateJobNotes();">Update</a>\n<a class="btn btn-info" href="#" onclick="$('#edit-job-notes').hide(); $('#show-job-notes').show(); return false;">Cancel</a>\n</div>\n</div>\n</div>\n</div>\n</div>\n<div class="row">\n</div>\n</div>\n<script>\n$SCRIPT_ROOT = "";\n\n$(".explanation-tooltip").tooltip();\n\nwindow.onload = function () {\n    $('.autocomplete_path').autocomplete({\n       serviceUrl: '/autocomplete/path',\n       formatResult: function (suggestion, currentValue)\n       {\n            function baseName(str)\n            {\n               var base = new String(str).substring(str.lastIndexOf('/') + 1);\n               return base;\n            }\n            return baseName(suggestion.value);\n        },\n        minChars: 0\n    });\n    $(".autocomplete_path").removeAttr("autocomplete");\n};\n\n</script>\n<style>\n .about-menu {\n     width: 240px !important;\n }\n .brightness {\n     display: inline-block;\n }\n .brightness img:hover {\n     opacity: .75;\n }\n</style>\n</body>]
-------------------- >> begin captured logging << --------------------
socketio: INFO: emitting event "job update" to job_management [/jobs]
socketio: INFO: emitting event "task update" to 20170509-172419-2d22 [/jobs]
socketio: INFO: emitting event "job update" to 20170509-172440-7c92 [/jobs]
socketio: INFO: emitting event "job update" to job_management [/jobs]
socketio: INFO: emitting event "server update" to job_management [/jobs]
socketio: INFO: emitting event "server update" to job_management [/jobs]
digits.webapp: INFO: Infer Model task started.
socketio: INFO: emitting event "task update" to 20170509-172440-7c92 [/jobs]
socketio: INFO: emitting event "job update" to 20170509-172440-7c92 [/jobs]
socketio: INFO: emitting event "job update" to job_management [/jobs]
digits.webapp: INFO: Task subprocess args: "/usr/bin/python2 /home/ethan/digits_GAN/digits/tools/inference.py /tmp/tmpX3R8Ve/20170509-172440-7c92/tmpxtNLdC.txt /tmp/tmpX3R8Ve/20170509-172440-7c92 20170509-172430-a33c --jobs_dir=/tmp/tmpX3R8Ve --layers=none --gpu=0"
socketio: INFO: emitting event "task update" to 20170509-172337-f1aa [/jobs]
socketio: INFO: emitting event "task update" to 20170509-172350-6fcd [/jobs]
socketio: INFO: emitting event "task update" to 20170509-172259-8252 [/jobs]
socketio: INFO: emitting event "task update" to 20170509-172114-d063 [/jobs]
socketio: INFO: emitting event "task update" to 20170509-172323-89b4 [/jobs]
socketio: INFO: emitting event "task update" to 20170509-172342-e0ef [/jobs]
socketio: INFO: emitting event "task update" to 20170509-172227-0156 [/jobs]
socketio: INFO: emitting event "task update" to 20170509-172334-9d18 [/jobs]
socketio: INFO: emitting event "task update" to 20170509-172347-b92a [/jobs]
socketio: INFO: emitting event "task update" to 20170509-172315-d38b [/jobs]
socketio: INFO: emitting event "task update" to 20170509-172352-bfdd [/jobs]
socketio: INFO: emitting event "task update" to 20170509-172412-e6f0 [/jobs]
socketio: INFO: emitting event "task update" to 20170509-172202-9230 [/jobs]
socketio: INFO: emitting event "task update" to 20170509-172317-7da8 [/jobs]
socketio: INFO: emitting event "task update" to 20170509-172210-1907 [/jobs]
socketio: INFO: emitting event "task update" to 20170509-172147-4505 [/jobs]
socketio: INFO: emitting event "task update" to 20170509-172339-dc52 [/jobs]
socketio: INFO: emitting event "task update" to 20170509-172218-c9c0 [/jobs]
socketio: INFO: emitting event "task update" to 20170509-172328-6826 [/jobs]
socketio: INFO: emitting event "task update" to 20170509-172344-9606 [/jobs]
socketio: INFO: emitting event "task update" to 20170509-172430-a33c [/jobs]
socketio: INFO: emitting event "task update" to 20170509-172419-2d22 [/jobs]
socketio: INFO: emitting event "task update" to 20170509-172337-f1aa [/jobs]
socketio: INFO: emitting event "task update" to 20170509-172350-6fcd [/jobs]
socketio: INFO: emitting event "task update" to 20170509-172259-8252 [/jobs]
socketio: INFO: emitting event "task update" to 20170509-172114-d063 [/jobs]
socketio: INFO: emitting event "task update" to 20170509-172323-89b4 [/jobs]
socketio: INFO: emitting event "task update" to 20170509-172342-e0ef [/jobs]
socketio: INFO: emitting event "task update" to 20170509-172227-0156 [/jobs]
socketio: INFO: emitting event "task update" to 20170509-172334-9d18 [/jobs]
socketio: INFO: emitting event "task update" to 20170509-172347-b92a [/jobs]
socketio: INFO: emitting event "task update" to 20170509-172315-d38b [/jobs]
socketio: INFO: emitting event "task update" to 20170509-172352-bfdd [/jobs]
socketio: INFO: emitting event "task update" to 20170509-172412-e6f0 [/jobs]
socketio: INFO: emitting event "task update" to 20170509-172202-9230 [/jobs]
socketio: INFO: emitting event "task update" to 20170509-172317-7da8 [/jobs]
socketio: INFO: emitting event "task update" to 20170509-172210-1907 [/jobs]
socketio: INFO: emitting event "task update" to 20170509-172147-4505 [/jobs]
socketio: INFO: emitting event "task update" to 20170509-172339-dc52 [/jobs]
socketio: INFO: emitting event "task update" to 20170509-172218-c9c0 [/jobs]
socketio: INFO: emitting event "task update" to 20170509-172328-6826 [/jobs]
socketio: INFO: emitting event "task update" to 20170509-172344-9606 [/jobs]
socketio: INFO: emitting event "task update" to 20170509-172430-a33c [/jobs]
socketio: INFO: emitting event "task update" to 20170509-172419-2d22 [/jobs]
socketio: INFO: emitting event "task update" to 20170509-172337-f1aa [/jobs]
socketio: INFO: emitting event "task update" to 20170509-172350-6fcd [/jobs]
socketio: INFO: emitting event "task update" to 20170509-172259-8252 [/jobs]
socketio: INFO: emitting event "task update" to 20170509-172114-d063 [/jobs]
socketio: INFO: emitting event "task update" to 20170509-172323-89b4 [/jobs]
socketio: INFO: emitting event "task update" to 20170509-172342-e0ef [/jobs]
socketio: INFO: emitting event "task update" to 20170509-172227-0156 [/jobs]
socketio: INFO: emitting event "task update" to 20170509-172334-9d18 [/jobs]
socketio: INFO: emitting event "task update" to 20170509-172347-b92a [/jobs]
socketio: INFO: emitting event "task update" to 20170509-172315-d38b [/jobs]
socketio: INFO: emitting event "task update" to 20170509-172352-bfdd [/jobs]
socketio: INFO: emitting event "task update" to 20170509-172412-e6f0 [/jobs]
socketio: INFO: emitting event "task update" to 20170509-172202-9230 [/jobs]
socketio: INFO: emitting event "task update" to 20170509-172317-7da8 [/jobs]
socketio: INFO: emitting event "task update" to 20170509-172210-1907 [/jobs]
socketio: INFO: emitting event "task update" to 20170509-172147-4505 [/jobs]
socketio: INFO: emitting event "task update" to 20170509-172339-dc52 [/jobs]
socketio: INFO: emitting event "task update" to 20170509-172218-c9c0 [/jobs]
socketio: INFO: emitting event "task update" to 20170509-172328-6826 [/jobs]
socketio: INFO: emitting event "task update" to 20170509-172344-9606 [/jobs]
digits.webapp: WARNING: Infer Model unrecognized output: WARNING: log_file config option not found - no log file is being saved
digits.webapp: WARNING: Infer Model unrecognized output: 2017-05-09 17:24:43 [ERROR] InferenceError: Unable to find snapshot for epoch=-1.0
digits.webapp: WARNING: Infer Model unrecognized output: Traceback (most recent call last):
digits.webapp: WARNING: Infer Model unrecognized output: File "/home/ethan/digits_GAN/digits/tools/inference.py", line 293, in <module>
digits.webapp: WARNING: Infer Model unrecognized output: args['resize']
digits.webapp: WARNING: Infer Model unrecognized output: File "/home/ethan/digits_GAN/digits/tools/inference.py", line 79, in infer
digits.webapp: WARNING: Infer Model unrecognized output: raise InferenceError("Unable to find snapshot for epoch=%s" % repr(epoch))
digits.webapp: WARNING: Infer Model unrecognized output: digits.inference.errors.InferenceError: 'Unable to find snapshot for epoch=-1.0'
socketio: INFO: emitting event "task update" to 20170509-172430-a33c [/jobs]
socketio: INFO: emitting event "task update" to 20170509-172419-2d22 [/jobs]
digits.webapp: ERROR: Infer Model task failed with error code 1
socketio: INFO: emitting event "task update" to 20170509-172440-7c92 [/jobs]
socketio: INFO: emitting event "job update" to 20170509-172440-7c92 [/jobs]
socketio: INFO: emitting event "job update" to job_management [/jobs]
socketio: INFO: emitting event "server update" to job_management [/jobs]
socketio: INFO: emitting event "server update" to job_management [/jobs]
socketio: INFO: emitting event "job update" to 20170509-172440-7c92 [/jobs]
socketio: INFO: emitting event "job update" to job_management [/jobs]
digits: INFO: Job deleted.
socketio: INFO: emitting event "job update" to job_management [/jobs]
--------------------- >> end captured logging << ---------------------

======================================================================
FAIL: digits.model.images.classification.test_views.TestTensorflowLeNet.test_classify_many_json
----------------------------------------------------------------------
Traceback (most recent call last):
  File "/home/ethan/.local/lib/python2.7/site-packages/nose/case.py", line 197, in runTest
    self.test(*self.arg)
  File "/home/ethan/digits_GAN/digits/model/images/classification/test_views.py", line 780, in test_classify_many_json
    assert rv.status_code == 200, 'POST failed with %s' % rv.status_code
AssertionError: POST failed with 500
-------------------- >> begin captured logging << --------------------
socketio: INFO: emitting event "job update" to job_management [/jobs]
socketio: INFO: emitting event "task update" to 20170509-172337-f1aa [/jobs]
socketio: INFO: emitting event "task update" to 20170509-172350-6fcd [/jobs]
socketio: INFO: emitting event "job update" to 20170509-172443-7a12 [/jobs]
socketio: INFO: emitting event "job update" to job_management [/jobs]
socketio: INFO: emitting event "server update" to job_management [/jobs]
socketio: INFO: emitting event "server update" to job_management [/jobs]
digits.webapp: INFO: Infer Model task started.
socketio: INFO: emitting event "task update" to 20170509-172443-7a12 [/jobs]
socketio: INFO: emitting event "job update" to 20170509-172443-7a12 [/jobs]
socketio: INFO: emitting event "job update" to job_management [/jobs]
digits.webapp: INFO: Task subprocess args: "/usr/bin/python2 /home/ethan/digits_GAN/digits/tools/inference.py /tmp/tmpX3R8Ve/20170509-172443-7a12/tmpICIUnB.txt /tmp/tmpX3R8Ve/20170509-172443-7a12 20170509-172430-a33c --jobs_dir=/tmp/tmpX3R8Ve --layers=none --gpu=0"
socketio: INFO: emitting event "task update" to 20170509-172259-8252 [/jobs]
socketio: INFO: emitting event "task update" to 20170509-172114-d063 [/jobs]
socketio: INFO: emitting event "task update" to 20170509-172323-89b4 [/jobs]
socketio: INFO: emitting event "task update" to 20170509-172342-e0ef [/jobs]
socketio: INFO: emitting event "task update" to 20170509-172227-0156 [/jobs]
socketio: INFO: emitting event "task update" to 20170509-172334-9d18 [/jobs]
socketio: INFO: emitting event "task update" to 20170509-172347-b92a [/jobs]
socketio: INFO: emitting event "task update" to 20170509-172315-d38b [/jobs]
socketio: INFO: emitting event "task update" to 20170509-172352-bfdd [/jobs]
socketio: INFO: emitting event "task update" to 20170509-172412-e6f0 [/jobs]
socketio: INFO: emitting event "task update" to 20170509-172202-9230 [/jobs]
socketio: INFO: emitting event "task update" to 20170509-172317-7da8 [/jobs]
socketio: INFO: emitting event "task update" to 20170509-172210-1907 [/jobs]
socketio: INFO: emitting event "task update" to 20170509-172147-4505 [/jobs]
socketio: INFO: emitting event "task update" to 20170509-172339-dc52 [/jobs]
socketio: INFO: emitting event "task update" to 20170509-172218-c9c0 [/jobs]
socketio: INFO: emitting event "task update" to 20170509-172328-6826 [/jobs]
socketio: INFO: emitting event "task update" to 20170509-172344-9606 [/jobs]
socketio: INFO: emitting event "task update" to 20170509-172430-a33c [/jobs]
socketio: INFO: emitting event "task update" to 20170509-172419-2d22 [/jobs]
socketio: INFO: emitting event "task update" to 20170509-172337-f1aa [/jobs]
socketio: INFO: emitting event "task update" to 20170509-172350-6fcd [/jobs]
socketio: INFO: emitting event "task update" to 20170509-172259-8252 [/jobs]
socketio: INFO: emitting event "task update" to 20170509-172114-d063 [/jobs]
socketio: INFO: emitting event "task update" to 20170509-172323-89b4 [/jobs]
socketio: INFO: emitting event "task update" to 20170509-172342-e0ef [/jobs]
socketio: INFO: emitting event "task update" to 20170509-172227-0156 [/jobs]
socketio: INFO: emitting event "task update" to 20170509-172334-9d18 [/jobs]
socketio: INFO: emitting event "task update" to 20170509-172347-b92a [/jobs]
socketio: INFO: emitting event "task update" to 20170509-172315-d38b [/jobs]
socketio: INFO: emitting event "task update" to 20170509-172352-bfdd [/jobs]
socketio: INFO: emitting event "task update" to 20170509-172412-e6f0 [/jobs]
socketio: INFO: emitting event "task update" to 20170509-172202-9230 [/jobs]
socketio: INFO: emitting event "task update" to 20170509-172317-7da8 [/jobs]
socketio: INFO: emitting event "task update" to 20170509-172210-1907 [/jobs]
socketio: INFO: emitting event "task update" to 20170509-172147-4505 [/jobs]
socketio: INFO: emitting event "task update" to 20170509-172339-dc52 [/jobs]
socketio: INFO: emitting event "task update" to 20170509-172218-c9c0 [/jobs]
socketio: INFO: emitting event "task update" to 20170509-172328-6826 [/jobs]
socketio: INFO: emitting event "task update" to 20170509-172344-9606 [/jobs]
socketio: INFO: emitting event "task update" to 20170509-172430-a33c [/jobs]
socketio: INFO: emitting event "task update" to 20170509-172419-2d22 [/jobs]
socketio: INFO: emitting event "task update" to 20170509-172337-f1aa [/jobs]
socketio: INFO: emitting event "task update" to 20170509-172350-6fcd [/jobs]
socketio: INFO: emitting event "task update" to 20170509-172259-8252 [/jobs]
socketio: INFO: emitting event "task update" to 20170509-172114-d063 [/jobs]
socketio: INFO: emitting event "task update" to 20170509-172323-89b4 [/jobs]
socketio: INFO: emitting event "task update" to 20170509-172342-e0ef [/jobs]
socketio: INFO: emitting event "task update" to 20170509-172227-0156 [/jobs]
socketio: INFO: emitting event "task update" to 20170509-172334-9d18 [/jobs]
socketio: INFO: emitting event "task update" to 20170509-172347-b92a [/jobs]
socketio: INFO: emitting event "task update" to 20170509-172315-d38b [/jobs]
socketio: INFO: emitting event "task update" to 20170509-172352-bfdd [/jobs]
socketio: INFO: emitting event "task update" to 20170509-172412-e6f0 [/jobs]
socketio: INFO: emitting event "task update" to 20170509-172202-9230 [/jobs]
socketio: INFO: emitting event "task update" to 20170509-172317-7da8 [/jobs]
socketio: INFO: emitting event "task update" to 20170509-172210-1907 [/jobs]
socketio: INFO: emitting event "task update" to 20170509-172147-4505 [/jobs]
socketio: INFO: emitting event "task update" to 20170509-172339-dc52 [/jobs]
socketio: INFO: emitting event "task update" to 20170509-172218-c9c0 [/jobs]
socketio: INFO: emitting event "task update" to 20170509-172328-6826 [/jobs]
socketio: INFO: emitting event "task update" to 20170509-172344-9606 [/jobs]
digits.webapp: WARNING: Infer Model unrecognized output: WARNING: log_file config option not found - no log file is being saved
digits.webapp: WARNING: Infer Model unrecognized output: 2017-05-09 17:24:46 [ERROR] InferenceError: Unable to find snapshot for epoch=-1.0
digits.webapp: WARNING: Infer Model unrecognized output: Traceback (most recent call last):
digits.webapp: WARNING: Infer Model unrecognized output: File "/home/ethan/digits_GAN/digits/tools/inference.py", line 293, in <module>
digits.webapp: WARNING: Infer Model unrecognized output: args['resize']
digits.webapp: WARNING: Infer Model unrecognized output: File "/home/ethan/digits_GAN/digits/tools/inference.py", line 79, in infer
digits.webapp: WARNING: Infer Model unrecognized output: raise InferenceError("Unable to find snapshot for epoch=%s" % repr(epoch))
digits.webapp: WARNING: Infer Model unrecognized output: digits.inference.errors.InferenceError: 'Unable to find snapshot for epoch=-1.0'
socketio: INFO: emitting event "task update" to 20170509-172430-a33c [/jobs]
socketio: INFO: emitting event "task update" to 20170509-172419-2d22 [/jobs]
digits.webapp: ERROR: Infer Model task failed with error code 1
socketio: INFO: emitting event "task update" to 20170509-172443-7a12 [/jobs]
socketio: INFO: emitting event "job update" to 20170509-172443-7a12 [/jobs]
socketio: INFO: emitting event "job update" to job_management [/jobs]
socketio: INFO: emitting event "server update" to job_management [/jobs]
socketio: INFO: emitting event "server update" to job_management [/jobs]
socketio: INFO: emitting event "task update" to 20170509-172337-f1aa [/jobs]
socketio: INFO: emitting event "task update" to 20170509-172350-6fcd [/jobs]
socketio: INFO: emitting event "job update" to 20170509-172443-7a12 [/jobs]
socketio: INFO: emitting event "job update" to job_management [/jobs]
digits: INFO: Job deleted.
socketio: INFO: emitting event "job update" to job_management [/jobs]
--------------------- >> end captured logging << ---------------------

======================================================================
FAIL: digits.model.images.classification.test_views.TestTensorflowLeNet.test_classify_one
----------------------------------------------------------------------
Traceback (most recent call last):
  File "/home/ethan/.local/lib/python2.7/site-packages/nose/case.py", line 197, in runTest
    self.test(*self.arg)
  File "/home/ethan/digits_GAN/digits/model/images/classification/test_views.py", line 674, in test_classify_one
    assert rv.status_code == 200, 'POST failed with %s\n\n%s' % (rv.status_code, body)
AssertionError: POST failed with 500

[<body>\n<div class="navbar navbar-inverse navbar-fixed-top">\n<div class="container">\n<div class="navbar-header">\n<a class="navbar-brand" href="/">DIGITS</a>\n</div>\n<ul class="nav navbar-nav">\n<li><a href="/models/20170509-172430-a33c">test_model</a></li>\n<li class="active"><a>Classify One</a></li>\n</ul>\n<ul class="nav navbar-nav navbar-right">\n<li>\n<p class="navbar-text">\n            digits-testsuite (<a class="navbar-link" href="/logout">Logout</a>)\n            </p>\n</li>\n<li class="dropdown">\n<a class="dropdown-toggle" data-toggle="dropdown" href="#">Info<span class="caret"></span></a>\n<ul class="dropdown-menu navbar-inverse">\n<li><span class="navbar-text">Server: ethan-computer</span></li>\n<li><span class="navbar-text">DIGITS version: <br> 5.1-dev</br></span></li>\n<li><span class="navbar-text">Caffe version: <br> 0.15.13</br></span></li>\n<li><span class="navbar-text">Caffe flavor: <br> NVIDIA</br></span></li>\n</ul>\n</li>\n<li class="dropdown">\n<a class="dropdown-toggle" data-toggle="dropdown" href="#">About<span class="caret"></span></a>\n<ul class="dropdown-menu about-menu navbar-inverse">\n<li><span class="navbar-text"><a href="https://developer.nvidia.com/digits" target="_blank">\n                        DIGITS on developer.nvidia.com\n                    </a></span></li>\n<li><span class="navbar-text"><a href="https://github.com/NVIDIA/DIGITS" target="_blank">\n                        DIGITS on GitHub\n                    </a></span></li>\n<li><span class="navbar-text"><a href="https://groups.google.com/d/forum/digits-users" target="_blank">\n                        DIGITS user group\n                    </a></span></li>\n<li><span class="navbar-text"><a href="mailto:digits@nvidia.com">\n                        digits@nvidia.com\n                    </a></span></li>\n</ul>\n</li>\n</ul>\n</div>\n</div>\n<div class="container">\n<div class="jumbotron">\n<div class="container">\n<div class="row">\n<div class="col-sm-12" id="show-job-name">\n<h2 style="display:inline;">Classify One Image</h2>\n</div>\n<div class="col-sm-4" id="edit-job-name" style="display:none;">\n<script>\nfunction updateJobName() {\n    var newName = $("input[name=job-name]").val();\n    $.ajax("/jobs/20170509-172446-dcd5",\n            {\n                type: "PUT",\n                data: {"job_name": newName}\n                }\n          )\n    .done(function() {\n            $("#show-job-name h2").html(newName);\n            $('#edit-job-name').hide(); $('#show-job-name').show();\n            })\n    .fail(function(data) { errorAlert(data); });\n    return false;\n}\n                </script>\n<input class="form-control" name="job-name" value="Classify One Image"/>\n<a class="btn btn-primary" href="#" onclick="return updateJobName();">Update</a>\n<a class="btn btn-info" href="#" onclick="$('#edit-job-name').hide(); $('#show-job-name').show(); return false;">Cancel</a>\n</div>\n</div>\n<small>Owner: digits-testsuite</small>\n<div class="pull-right">\n<a class="btn btn-info" disabled="" id="clone-job">Clone Job</a>\n<a class="btn btn-warning hidden disabled" id="abort-job">Abort Job</a>\n<a class="btn btn-danger disabled" id="delete-job">Delete Job</a>\n</div>\n</div>\n<script>\n$('#abort-job').on('click', function(event) {\n        event.preventDefault();\n        bootbox.confirm(\n            'Are you sure you want to abort this job?',\n            function(result) {\n                if (result)\n                    $.ajax("/jobs/20170509-172446-dcd5/abort",\n                        {type: "POST"})\n                    .done(function() {\n                        $("#abort-job").hide();\n                        })\n                    .fail(function(data) { errorAlert(data); });\n            });\n        });\n\n$('#delete-job').on('click', function(event) {\n        event.preventDefault();\n        bootbox.confirm(\n            'Are you sure you want to delete this job?<br><br>All related files will be permanently removed.',\n            function(result) {\n                if (result)\n                    $.ajax("/jobs/20170509-172446-dcd5",\n                        {type: "DELETE"})\n                    .done(function() {\n                        window.location = "/";\n                        })\n                    .fail(function(data) { errorAlert(data); });\n            });\n        });\n    </script>\n</div>\n<div class="row">\n<!-- Job content -->\n<div class="col-sm-8">\n<script src="/static/js/3rdparty/jquery.elevateZoom-3.0.8.min.js?ver=4606b4a4404b87a591d409910710feb1"></script>\n<div class="page-header">\n<h1>\n        test_model\n        <small>\n            Image Classification Model\n        </small>\n</h1>\n</div>\n<div class="row">\n<div class="alert alert-danger">\n<p>Classification failed, see job log</p>\n</div>\n</div>\n</div>\n<!-- Tasks -->\n<div class="col-sm-4">\n<div class="panel-group">\n<div class="panel panel-danger" id="job-statuses">\n<div class="panel-heading">\n<h4 class="panel-title">\n                    Job Status\n                    <small>Error</small>\n</h4>\n</div>\n<div class="panel-collapse">\n<div class="panel-body">\n<div class="job-statuses">\n<ul>\n<li>\n<span class="text-warning">Initialized</span>\n        at 05:24:46 PM\n            <small>(0 seconds)</small>\n</li>\n<li>\n<span class="text-info">Running</span>\n        at 05:24:46 PM\n            <small>(2 seconds)</small>\n</li>\n<li>\n<span class="text-danger">Error</span>\n        at 05:24:49 PM\n            <br>\n<small>(Total - 2 seconds)</small>\n</br></li>\n</ul>\n</div>\n<div class="panel-group">\n<div class="panel panel-danger" id="task-140099490918608-status">\n<div class="panel-heading">\n<h4 class="panel-title">\n<a data-toggle="collapse" href="#task-140099490918608-status-collapse">\n                                            Infer Model\n                                            <small>Error</small>\n<span class="caret"></span>\n</a>\n</h4>\n</div>\n<div class="panel-collapse collapse in" id="task-140099490918608-status-collapse">\n<div class="panel-body">\n<div class="task-progress" style="display:none;">\n<div class="progress">\n<div class="progress-bar" style="width:0%">\n                                                    0%\n                                                </div>\n</div>\n                                            Estimated time remaining: <span class="task-eta">?</span>\n<br/>\n<br/>\n</div>\n<div class="task-statuses">\n<ul>\n<li>\n<span class="text-warning">Initialized</span>\n        at 05:24:46 PM\n            <small>(0 seconds)</small>\n</li>\n<li>\n<span class="text-info">Running</span>\n        at 05:24:46 PM\n            <small>(2 seconds)</small>\n</li>\n<li>\n<span class="text-danger">Error</span>\n        at 05:24:49 PM\n            <br>\n<small>(Total - 2 seconds)</small>\n</br></li>\n</ul>\n<h4 class="text-danger">ERROR: error code 1</h4>\n<pre>\nWARNING: log_file config option not found - no log file is being saved\n2017-05-09 17:24:49 [ERROR] InferenceError: Unable to find snapshot for epoch=-1.0\nTraceback (most recent call last):\nFile "/home/ethan/digits_GAN/digits/tools/inference.py", line 293, in &lt;module&gt;\nargs['resize']\nFile "/home/ethan/digits_GAN/digits/tools/inference.py", line 79, in infer\nraise InferenceError("Unable to find snapshot for epoch=%s" % repr(epoch))\ndigits.inference.errors.InferenceError: 'Unable to find snapshot for epoch=-1.0'\n        </pre>\n</div>\n</div>\n</div>\n</div>\n</div>\n</div>\n</div>\n</div>\n</div>\n<div class="gpu-utilization-info" style="display:none;"></div>\n<!-- Related jobs -->\n<div class="panel panel-default" id="notes-information">\n<div class="panel-heading">\n<h4>Notes</h4>\n</div>\n<div class="panel-body">\n<div class="col-sm-12" id="show-job-notes">\n<p style="display:inline;">None</p>\n</div>\n<div class="col-sm-12" id="edit-job-notes" style="display:none;">\n<script type="text/javascript">\n                        function updateJobNotes() {\n                        var newNotes = $("textarea[name=job-notes]").val();\n                        $.ajax("/jobs/20170509-172446-dcd5",\n                                {\n                                    type: "PUT",\n                                    data: {"job_notes": newNotes}\n                                    }\n                              )\n                        .done(function() {\n                                $("#show-job-notes p").html(newNotes);\n                                $('#edit-job-notes').hide(); $('#show-job-notes').show();\n                                })\n                        .fail(function(data) { errorAlert(data); });\n                        return false;\n                    }\n                    </script>\n<textarea class="form-control" name="job-notes" placeholder="Enter notes" rows="5"></textarea>\n<a class="btn btn-primary" href="#" onclick="return updateJobNotes();">Update</a>\n<a class="btn btn-info" href="#" onclick="$('#edit-job-notes').hide(); $('#show-job-notes').show(); return false;">Cancel</a>\n</div>\n</div>\n</div>\n</div>\n</div>\n<div class="row">\n<script type="text/javascript">\n    function drawHistogram(id, data) {\n        c3.generate({\n            bindto: id,\n            size: {height: 200},\n            data: {\n                columns: [\n                    ['Count'].concat(data[0]),\n                    ['Value'].concat(data[1]),\n                ],\n                x: 'Value',\n                type: 'area-spline',\n            },\n            axis: {\n                x: {\n                    label: {\n                        text: 'Value',\n                        position: 'outer-center',\n                    },\n                    tick: {\n                        values: data[2],\n                        format: d3.format('.3g'),\n                    },\n                    padding: {left: 0},\n                },\n                y: {\n                    padding: {bottom: 0},\n                },\n            },\n            bar: {\n               width: {ratio: 0.2}\n            },\n            padding: {left: 20, right: 20},\n            legend: {hide: true},\n        });\n    }\n</script>\n<style>\n    div.histogram .c3-axis-y .tick {\n        display: none;\n    }\n</style>\n</div>\n</div>\n<script>\n$SCRIPT_ROOT = "";\n\n$(".explanation-tooltip").tooltip();\n\nwindow.onload = function () {\n    $('.autocomplete_path').autocomplete({\n       serviceUrl: '/autocomplete/path',\n       formatResult: function (suggestion, currentValue)\n       {\n            function baseName(str)\n            {\n               var base = new String(str).substring(str.lastIndexOf('/') + 1);\n               return base;\n            }\n            return baseName(suggestion.value);\n        },\n        minChars: 0\n    });\n    $(".autocomplete_path").removeAttr("autocomplete");\n};\n\n</script>\n<style>\n .about-menu {\n     width: 240px !important;\n }\n .brightness {\n     display: inline-block;\n }\n .brightness img:hover {\n     opacity: .75;\n }\n</style>\n</body>]
-------------------- >> begin captured stdout << ---------------------
task id=20170509-172430-a33c

--------------------- >> end captured stdout << ----------------------
-------------------- >> begin captured logging << --------------------
socketio: INFO: emitting event "job update" to job_management [/jobs]
socketio: INFO: emitting event "task update" to 20170509-172259-8252 [/jobs]
socketio: INFO: emitting event "task update" to 20170509-172114-d063 [/jobs]
socketio: INFO: emitting event "task update" to 20170509-172323-89b4 [/jobs]
socketio: INFO: emitting event "job update" to 20170509-172446-dcd5 [/jobs]
socketio: INFO: emitting event "job update" to job_management [/jobs]
socketio: INFO: emitting event "server update" to job_management [/jobs]
socketio: INFO: emitting event "server update" to job_management [/jobs]
digits.webapp: INFO: Infer Model task started.
socketio: INFO: emitting event "task update" to 20170509-172446-dcd5 [/jobs]
socketio: INFO: emitting event "job update" to 20170509-172446-dcd5 [/jobs]
socketio: INFO: emitting event "job update" to job_management [/jobs]
digits.webapp: INFO: Task subprocess args: "/usr/bin/python2 /home/ethan/digits_GAN/digits/tools/inference.py /tmp/tmpX3R8Ve/20170509-172446-dcd5/tmpIa0Tj2.txt /tmp/tmpX3R8Ve/20170509-172446-dcd5 20170509-172430-a33c --jobs_dir=/tmp/tmpX3R8Ve --layers=all --gpu=0"
socketio: INFO: emitting event "task update" to 20170509-172342-e0ef [/jobs]
socketio: INFO: emitting event "task update" to 20170509-172227-0156 [/jobs]
socketio: INFO: emitting event "task update" to 20170509-172334-9d18 [/jobs]
socketio: INFO: emitting event "task update" to 20170509-172347-b92a [/jobs]
socketio: INFO: emitting event "task update" to 20170509-172315-d38b [/jobs]
socketio: INFO: emitting event "task update" to 20170509-172352-bfdd [/jobs]
socketio: INFO: emitting event "task update" to 20170509-172412-e6f0 [/jobs]
socketio: INFO: emitting event "task update" to 20170509-172202-9230 [/jobs]
socketio: INFO: emitting event "task update" to 20170509-172317-7da8 [/jobs]
socketio: INFO: emitting event "task update" to 20170509-172210-1907 [/jobs]
socketio: INFO: emitting event "task update" to 20170509-172147-4505 [/jobs]
socketio: INFO: emitting event "task update" to 20170509-172339-dc52 [/jobs]
socketio: INFO: emitting event "task update" to 20170509-172218-c9c0 [/jobs]
socketio: INFO: emitting event "task update" to 20170509-172328-6826 [/jobs]
socketio: INFO: emitting event "task update" to 20170509-172344-9606 [/jobs]
socketio: INFO: emitting event "task update" to 20170509-172430-a33c [/jobs]
socketio: INFO: emitting event "task update" to 20170509-172419-2d22 [/jobs]
socketio: INFO: emitting event "task update" to 20170509-172337-f1aa [/jobs]
socketio: INFO: emitting event "task update" to 20170509-172350-6fcd [/jobs]
socketio: INFO: emitting event "task update" to 20170509-172259-8252 [/jobs]
socketio: INFO: emitting event "task update" to 20170509-172114-d063 [/jobs]
socketio: INFO: emitting event "task update" to 20170509-172323-89b4 [/jobs]
socketio: INFO: emitting event "task update" to 20170509-172342-e0ef [/jobs]
socketio: INFO: emitting event "task update" to 20170509-172227-0156 [/jobs]
socketio: INFO: emitting event "task update" to 20170509-172334-9d18 [/jobs]
socketio: INFO: emitting event "task update" to 20170509-172347-b92a [/jobs]
socketio: INFO: emitting event "task update" to 20170509-172315-d38b [/jobs]
socketio: INFO: emitting event "task update" to 20170509-172352-bfdd [/jobs]
socketio: INFO: emitting event "task update" to 20170509-172412-e6f0 [/jobs]
socketio: INFO: emitting event "task update" to 20170509-172202-9230 [/jobs]
socketio: INFO: emitting event "task update" to 20170509-172317-7da8 [/jobs]
socketio: INFO: emitting event "task update" to 20170509-172210-1907 [/jobs]
socketio: INFO: emitting event "task update" to 20170509-172147-4505 [/jobs]
socketio: INFO: emitting event "task update" to 20170509-172339-dc52 [/jobs]
socketio: INFO: emitting event "task update" to 20170509-172218-c9c0 [/jobs]
socketio: INFO: emitting event "task update" to 20170509-172328-6826 [/jobs]
socketio: INFO: emitting event "task update" to 20170509-172344-9606 [/jobs]
socketio: INFO: emitting event "task update" to 20170509-172430-a33c [/jobs]
socketio: INFO: emitting event "task update" to 20170509-172419-2d22 [/jobs]
socketio: INFO: emitting event "task update" to 20170509-172337-f1aa [/jobs]
socketio: INFO: emitting event "task update" to 20170509-172350-6fcd [/jobs]
socketio: INFO: emitting event "task update" to 20170509-172259-8252 [/jobs]
socketio: INFO: emitting event "task update" to 20170509-172114-d063 [/jobs]
socketio: INFO: emitting event "task update" to 20170509-172323-89b4 [/jobs]
socketio: INFO: emitting event "task update" to 20170509-172342-e0ef [/jobs]
socketio: INFO: emitting event "task update" to 20170509-172227-0156 [/jobs]
socketio: INFO: emitting event "task update" to 20170509-172334-9d18 [/jobs]
socketio: INFO: emitting event "task update" to 20170509-172347-b92a [/jobs]
socketio: INFO: emitting event "task update" to 20170509-172315-d38b [/jobs]
socketio: INFO: emitting event "task update" to 20170509-172352-bfdd [/jobs]
socketio: INFO: emitting event "task update" to 20170509-172412-e6f0 [/jobs]
socketio: INFO: emitting event "task update" to 20170509-172202-9230 [/jobs]
socketio: INFO: emitting event "task update" to 20170509-172317-7da8 [/jobs]
socketio: INFO: emitting event "task update" to 20170509-172210-1907 [/jobs]
socketio: INFO: emitting event "task update" to 20170509-172147-4505 [/jobs]
socketio: INFO: emitting event "task update" to 20170509-172339-dc52 [/jobs]
socketio: INFO: emitting event "task update" to 20170509-172218-c9c0 [/jobs]
socketio: INFO: emitting event "task update" to 20170509-172328-6826 [/jobs]
socketio: INFO: emitting event "task update" to 20170509-172344-9606 [/jobs]
digits.webapp: WARNING: Infer Model unrecognized output: WARNING: log_file config option not found - no log file is being saved
digits.webapp: WARNING: Infer Model unrecognized output: 2017-05-09 17:24:49 [ERROR] InferenceError: Unable to find snapshot for epoch=-1.0
digits.webapp: WARNING: Infer Model unrecognized output: Traceback (most recent call last):
digits.webapp: WARNING: Infer Model unrecognized output: File "/home/ethan/digits_GAN/digits/tools/inference.py", line 293, in <module>
digits.webapp: WARNING: Infer Model unrecognized output: args['resize']
digits.webapp: WARNING: Infer Model unrecognized output: File "/home/ethan/digits_GAN/digits/tools/inference.py", line 79, in infer
digits.webapp: WARNING: Infer Model unrecognized output: raise InferenceError("Unable to find snapshot for epoch=%s" % repr(epoch))
digits.webapp: WARNING: Infer Model unrecognized output: digits.inference.errors.InferenceError: 'Unable to find snapshot for epoch=-1.0'
socketio: INFO: emitting event "task update" to 20170509-172430-a33c [/jobs]
digits.webapp: ERROR: Infer Model task failed with error code 1
socketio: INFO: emitting event "task update" to 20170509-172446-dcd5 [/jobs]
socketio: INFO: emitting event "job update" to 20170509-172446-dcd5 [/jobs]
socketio: INFO: emitting event "job update" to job_management [/jobs]
socketio: INFO: emitting event "server update" to job_management [/jobs]
socketio: INFO: emitting event "server update" to job_management [/jobs]
socketio: INFO: emitting event "job update" to 20170509-172446-dcd5 [/jobs]
socketio: INFO: emitting event "job update" to job_management [/jobs]
digits: INFO: Job deleted.
socketio: INFO: emitting event "job update" to job_management [/jobs]
--------------------- >> end captured logging << ---------------------

======================================================================
FAIL: digits.model.images.classification.test_views.TestTensorflowLeNet.test_classify_one_json
----------------------------------------------------------------------
Traceback (most recent call last):
  File "/home/ethan/.local/lib/python2.7/site-packages/nose/case.py", line 197, in runTest
    self.test(*self.arg)
  File "/home/ethan/digits_GAN/digits/model/images/classification/test_views.py", line 695, in test_classify_one_json
    assert rv.status_code == 200, 'POST failed with %s' % rv.status_code
AssertionError: POST failed with 500
-------------------- >> begin captured logging << --------------------
socketio: INFO: emitting event "job update" to job_management [/jobs]
socketio: INFO: emitting event "task update" to 20170509-172419-2d22 [/jobs]
socketio: INFO: emitting event "job update" to 20170509-172449-a3dd [/jobs]
socketio: INFO: emitting event "job update" to job_management [/jobs]
socketio: INFO: emitting event "server update" to job_management [/jobs]
socketio: INFO: emitting event "server update" to job_management [/jobs]
digits.webapp: INFO: Infer Model task started.
socketio: INFO: emitting event "task update" to 20170509-172449-a3dd [/jobs]
socketio: INFO: emitting event "job update" to 20170509-172449-a3dd [/jobs]
socketio: INFO: emitting event "job update" to job_management [/jobs]
digits.webapp: INFO: Task subprocess args: "/usr/bin/python2 /home/ethan/digits_GAN/digits/tools/inference.py /tmp/tmpX3R8Ve/20170509-172449-a3dd/tmpOEDtTf.txt /tmp/tmpX3R8Ve/20170509-172449-a3dd 20170509-172430-a33c --jobs_dir=/tmp/tmpX3R8Ve --layers=all --gpu=0"
socketio: INFO: emitting event "task update" to 20170509-172337-f1aa [/jobs]
socketio: INFO: emitting event "task update" to 20170509-172350-6fcd [/jobs]
socketio: INFO: emitting event "task update" to 20170509-172259-8252 [/jobs]
socketio: INFO: emitting event "task update" to 20170509-172114-d063 [/jobs]
socketio: INFO: emitting event "task update" to 20170509-172323-89b4 [/jobs]
socketio: INFO: emitting event "task update" to 20170509-172342-e0ef [/jobs]
socketio: INFO: emitting event "task update" to 20170509-172227-0156 [/jobs]
socketio: INFO: emitting event "task update" to 20170509-172334-9d18 [/jobs]
socketio: INFO: emitting event "task update" to 20170509-172347-b92a [/jobs]
socketio: INFO: emitting event "task update" to 20170509-172315-d38b [/jobs]
socketio: INFO: emitting event "task update" to 20170509-172352-bfdd [/jobs]
socketio: INFO: emitting event "task update" to 20170509-172412-e6f0 [/jobs]
socketio: INFO: emitting event "task update" to 20170509-172202-9230 [/jobs]
socketio: INFO: emitting event "task update" to 20170509-172317-7da8 [/jobs]
socketio: INFO: emitting event "task update" to 20170509-172210-1907 [/jobs]
socketio: INFO: emitting event "task update" to 20170509-172147-4505 [/jobs]
socketio: INFO: emitting event "task update" to 20170509-172339-dc52 [/jobs]
socketio: INFO: emitting event "task update" to 20170509-172218-c9c0 [/jobs]
socketio: INFO: emitting event "task update" to 20170509-172328-6826 [/jobs]
socketio: INFO: emitting event "task update" to 20170509-172344-9606 [/jobs]
socketio: INFO: emitting event "task update" to 20170509-172430-a33c [/jobs]
socketio: INFO: emitting event "task update" to 20170509-172419-2d22 [/jobs]
socketio: INFO: emitting event "task update" to 20170509-172337-f1aa [/jobs]
socketio: INFO: emitting event "task update" to 20170509-172350-6fcd [/jobs]
socketio: INFO: emitting event "task update" to 20170509-172259-8252 [/jobs]
socketio: INFO: emitting event "task update" to 20170509-172114-d063 [/jobs]
socketio: INFO: emitting event "task update" to 20170509-172323-89b4 [/jobs]
socketio: INFO: emitting event "task update" to 20170509-172342-e0ef [/jobs]
socketio: INFO: emitting event "task update" to 20170509-172227-0156 [/jobs]
socketio: INFO: emitting event "task update" to 20170509-172334-9d18 [/jobs]
socketio: INFO: emitting event "task update" to 20170509-172347-b92a [/jobs]
socketio: INFO: emitting event "task update" to 20170509-172315-d38b [/jobs]
socketio: INFO: emitting event "task update" to 20170509-172352-bfdd [/jobs]
socketio: INFO: emitting event "task update" to 20170509-172412-e6f0 [/jobs]
socketio: INFO: emitting event "task update" to 20170509-172202-9230 [/jobs]
socketio: INFO: emitting event "task update" to 20170509-172317-7da8 [/jobs]
socketio: INFO: emitting event "task update" to 20170509-172210-1907 [/jobs]
socketio: INFO: emitting event "task update" to 20170509-172147-4505 [/jobs]
socketio: INFO: emitting event "task update" to 20170509-172339-dc52 [/jobs]
socketio: INFO: emitting event "task update" to 20170509-172218-c9c0 [/jobs]
socketio: INFO: emitting event "task update" to 20170509-172328-6826 [/jobs]
socketio: INFO: emitting event "task update" to 20170509-172344-9606 [/jobs]
socketio: INFO: emitting event "task update" to 20170509-172430-a33c [/jobs]
socketio: INFO: emitting event "task update" to 20170509-172419-2d22 [/jobs]
socketio: INFO: emitting event "task update" to 20170509-172337-f1aa [/jobs]
socketio: INFO: emitting event "task update" to 20170509-172350-6fcd [/jobs]
socketio: INFO: emitting event "task update" to 20170509-172259-8252 [/jobs]
socketio: INFO: emitting event "task update" to 20170509-172114-d063 [/jobs]
socketio: INFO: emitting event "task update" to 20170509-172323-89b4 [/jobs]
socketio: INFO: emitting event "task update" to 20170509-172342-e0ef [/jobs]
socketio: INFO: emitting event "task update" to 20170509-172227-0156 [/jobs]
socketio: INFO: emitting event "task update" to 20170509-172334-9d18 [/jobs]
socketio: INFO: emitting event "task update" to 20170509-172347-b92a [/jobs]
socketio: INFO: emitting event "task update" to 20170509-172315-d38b [/jobs]
socketio: INFO: emitting event "task update" to 20170509-172352-bfdd [/jobs]
socketio: INFO: emitting event "task update" to 20170509-172412-e6f0 [/jobs]
socketio: INFO: emitting event "task update" to 20170509-172202-9230 [/jobs]
socketio: INFO: emitting event "task update" to 20170509-172317-7da8 [/jobs]
socketio: INFO: emitting event "task update" to 20170509-172210-1907 [/jobs]
socketio: INFO: emitting event "task update" to 20170509-172147-4505 [/jobs]
socketio: INFO: emitting event "task update" to 20170509-172339-dc52 [/jobs]
socketio: INFO: emitting event "task update" to 20170509-172218-c9c0 [/jobs]
socketio: INFO: emitting event "task update" to 20170509-172328-6826 [/jobs]
socketio: INFO: emitting event "task update" to 20170509-172344-9606 [/jobs]
digits.webapp: WARNING: Infer Model unrecognized output: WARNING: log_file config option not found - no log file is being saved
digits.webapp: WARNING: Infer Model unrecognized output: 2017-05-09 17:24:52 [ERROR] InferenceError: Unable to find snapshot for epoch=-1.0
digits.webapp: WARNING: Infer Model unrecognized output: Traceback (most recent call last):
digits.webapp: WARNING: Infer Model unrecognized output: File "/home/ethan/digits_GAN/digits/tools/inference.py", line 293, in <module>
digits.webapp: WARNING: Infer Model unrecognized output: args['resize']
digits.webapp: WARNING: Infer Model unrecognized output: File "/home/ethan/digits_GAN/digits/tools/inference.py", line 79, in infer
digits.webapp: WARNING: Infer Model unrecognized output: raise InferenceError("Unable to find snapshot for epoch=%s" % repr(epoch))
digits.webapp: WARNING: Infer Model unrecognized output: digits.inference.errors.InferenceError: 'Unable to find snapshot for epoch=-1.0'
digits.webapp: ERROR: Infer Model task failed with error code 1
socketio: INFO: emitting event "task update" to 20170509-172449-a3dd [/jobs]
socketio: INFO: emitting event "job update" to 20170509-172449-a3dd [/jobs]
socketio: INFO: emitting event "job update" to job_management [/jobs]
socketio: INFO: emitting event "server update" to job_management [/jobs]
socketio: INFO: emitting event "server update" to job_management [/jobs]
socketio: INFO: emitting event "task update" to 20170509-172430-a33c [/jobs]
socketio: INFO: emitting event "job update" to 20170509-172449-a3dd [/jobs]
socketio: INFO: emitting event "job update" to job_management [/jobs]
digits: INFO: Job deleted.
socketio: INFO: emitting event "job update" to job_management [/jobs]
--------------------- >> end captured logging << ---------------------

======================================================================
FAIL: digits.model.images.classification.test_views.TestTensorflowLeNet.test_download('tar',)
----------------------------------------------------------------------
Traceback (most recent call last):
  File "/home/ethan/.local/lib/python2.7/site-packages/nose/case.py", line 197, in runTest
    self.test(*self.arg)
  File "/home/ethan/digits_GAN/digits/model/images/classification/test_views.py", line 619, in check_download
    assert rv.status_code == 200, 'download "%s" failed with %s' % (url, rv.status_code)
AssertionError: download "/models/20170509-172430-a33c/download.tar" failed with 500

======================================================================
FAIL: digits.model.images.classification.test_views.TestTensorflowLeNet.test_download('zip',)
----------------------------------------------------------------------
Traceback (most recent call last):
  File "/home/ethan/.local/lib/python2.7/site-packages/nose/case.py", line 197, in runTest
    self.test(*self.arg)
  File "/home/ethan/digits_GAN/digits/model/images/classification/test_views.py", line 619, in check_download
    assert rv.status_code == 200, 'download "%s" failed with %s' % (url, rv.status_code)
AssertionError: download "/models/20170509-172430-a33c/download.zip" failed with 500

======================================================================
FAIL: digits.model.images.classification.test_views.TestTensorflowLeNet.test_download('tar.gz',)
----------------------------------------------------------------------
Traceback (most recent call last):
  File "/home/ethan/.local/lib/python2.7/site-packages/nose/case.py", line 197, in runTest
    self.test(*self.arg)
  File "/home/ethan/digits_GAN/digits/model/images/classification/test_views.py", line 619, in check_download
    assert rv.status_code == 200, 'download "%s" failed with %s' % (url, rv.status_code)
AssertionError: download "/models/20170509-172430-a33c/download.tar.gz" failed with 500

======================================================================
FAIL: digits.model.images.classification.test_views.TestTensorflowLeNet.test_download('tar.bz2',)
----------------------------------------------------------------------
Traceback (most recent call last):
  File "/home/ethan/.local/lib/python2.7/site-packages/nose/case.py", line 197, in runTest
    self.test(*self.arg)
  File "/home/ethan/digits_GAN/digits/model/images/classification/test_views.py", line 619, in check_download
    assert rv.status_code == 200, 'download "%s" failed with %s' % (url, rv.status_code)
AssertionError: download "/models/20170509-172430-a33c/download.tar.bz2" failed with 500

======================================================================
FAIL: digits.model.images.classification.test_views.TestTensorflowLeNet.test_model_json
----------------------------------------------------------------------
Traceback (most recent call last):
  File "/home/ethan/.local/lib/python2.7/site-packages/nose/case.py", line 197, in runTest
    self.test(*self.arg)
  File "/home/ethan/digits_GAN/digits/model/images/classification/test_views.py", line 639, in test_model_json
    assert len(content['snapshots']) > 0, 'no snapshots in list'
AssertionError: no snapshots in list

======================================================================
FAIL: digits.model.images.classification.test_views.TestTensorflowLeNet.test_top_n
----------------------------------------------------------------------
Traceback (most recent call last):
  File "/home/ethan/.local/lib/python2.7/site-packages/nose/case.py", line 197, in runTest
    self.test(*self.arg)
  File "/home/ethan/digits_GAN/digits/model/images/classification/test_views.py", line 812, in test_top_n
    assert key in rv.data, '"%s" not found in the response'
AssertionError: "%s" not found in the response
-------------------- >> begin captured logging << --------------------
socketio: INFO: emitting event "job update" to job_management [/jobs]
socketio: INFO: emitting event "task update" to 20170509-172339-dc52 [/jobs]
socketio: INFO: emitting event "job update" to 20170509-172504-9ce5 [/jobs]
socketio: INFO: emitting event "job update" to job_management [/jobs]
socketio: INFO: emitting event "server update" to job_management [/jobs]
socketio: INFO: emitting event "server update" to job_management [/jobs]
socketio: INFO: emitting event "task update" to 20170509-172218-c9c0 [/jobs]
socketio: INFO: emitting event "task update" to 20170509-172328-6826 [/jobs]
socketio: INFO: emitting event "task update" to 20170509-172344-9606 [/jobs]
digits.webapp: INFO: Infer Model task started.
socketio: INFO: emitting event "task update" to 20170509-172504-9ce5 [/jobs]
socketio: INFO: emitting event "job update" to 20170509-172504-9ce5 [/jobs]
socketio: INFO: emitting event "job update" to job_management [/jobs]
digits.webapp: INFO: Task subprocess args: "/usr/bin/python2 /home/ethan/digits_GAN/digits/tools/inference.py /tmp/tmpX3R8Ve/20170509-172504-9ce5/tmpUvOiEm.txt /tmp/tmpX3R8Ve/20170509-172504-9ce5 20170509-172430-a33c --jobs_dir=/tmp/tmpX3R8Ve --layers=none --gpu=0"
socketio: INFO: emitting event "task update" to 20170509-172430-a33c [/jobs]
socketio: INFO: emitting event "task update" to 20170509-172419-2d22 [/jobs]
socketio: INFO: emitting event "task update" to 20170509-172337-f1aa [/jobs]
socketio: INFO: emitting event "task update" to 20170509-172350-6fcd [/jobs]
socketio: INFO: emitting event "task update" to 20170509-172259-8252 [/jobs]
socketio: INFO: emitting event "task update" to 20170509-172114-d063 [/jobs]
socketio: INFO: emitting event "task update" to 20170509-172323-89b4 [/jobs]
socketio: INFO: emitting event "task update" to 20170509-172342-e0ef [/jobs]
socketio: INFO: emitting event "task update" to 20170509-172227-0156 [/jobs]
socketio: INFO: emitting event "task update" to 20170509-172334-9d18 [/jobs]
socketio: INFO: emitting event "task update" to 20170509-172347-b92a [/jobs]
socketio: INFO: emitting event "task update" to 20170509-172315-d38b [/jobs]
socketio: INFO: emitting event "task update" to 20170509-172352-bfdd [/jobs]
socketio: INFO: emitting event "task update" to 20170509-172412-e6f0 [/jobs]
socketio: INFO: emitting event "task update" to 20170509-172202-9230 [/jobs]
socketio: INFO: emitting event "task update" to 20170509-172317-7da8 [/jobs]
socketio: INFO: emitting event "task update" to 20170509-172210-1907 [/jobs]
socketio: INFO: emitting event "task update" to 20170509-172147-4505 [/jobs]
socketio: INFO: emitting event "task update" to 20170509-172339-dc52 [/jobs]
socketio: INFO: emitting event "task update" to 20170509-172218-c9c0 [/jobs]
socketio: INFO: emitting event "task update" to 20170509-172328-6826 [/jobs]
socketio: INFO: emitting event "task update" to 20170509-172344-9606 [/jobs]
socketio: INFO: emitting event "task update" to 20170509-172430-a33c [/jobs]
socketio: INFO: emitting event "task update" to 20170509-172419-2d22 [/jobs]
socketio: INFO: emitting event "task update" to 20170509-172337-f1aa [/jobs]
socketio: INFO: emitting event "task update" to 20170509-172350-6fcd [/jobs]
socketio: INFO: emitting event "task update" to 20170509-172259-8252 [/jobs]
socketio: INFO: emitting event "task update" to 20170509-172114-d063 [/jobs]
socketio: INFO: emitting event "task update" to 20170509-172323-89b4 [/jobs]
socketio: INFO: emitting event "task update" to 20170509-172342-e0ef [/jobs]
socketio: INFO: emitting event "task update" to 20170509-172227-0156 [/jobs]
socketio: INFO: emitting event "task update" to 20170509-172334-9d18 [/jobs]
socketio: INFO: emitting event "task update" to 20170509-172347-b92a [/jobs]
socketio: INFO: emitting event "task update" to 20170509-172315-d38b [/jobs]
socketio: INFO: emitting event "task update" to 20170509-172352-bfdd [/jobs]
socketio: INFO: emitting event "task update" to 20170509-172412-e6f0 [/jobs]
socketio: INFO: emitting event "task update" to 20170509-172202-9230 [/jobs]
socketio: INFO: emitting event "task update" to 20170509-172317-7da8 [/jobs]
socketio: INFO: emitting event "task update" to 20170509-172210-1907 [/jobs]
socketio: INFO: emitting event "task update" to 20170509-172147-4505 [/jobs]
socketio: INFO: emitting event "task update" to 20170509-172339-dc52 [/jobs]
socketio: INFO: emitting event "task update" to 20170509-172218-c9c0 [/jobs]
socketio: INFO: emitting event "task update" to 20170509-172328-6826 [/jobs]
socketio: INFO: emitting event "task update" to 20170509-172344-9606 [/jobs]
socketio: INFO: emitting event "task update" to 20170509-172430-a33c [/jobs]
socketio: INFO: emitting event "task update" to 20170509-172419-2d22 [/jobs]
socketio: INFO: emitting event "task update" to 20170509-172337-f1aa [/jobs]
socketio: INFO: emitting event "task update" to 20170509-172350-6fcd [/jobs]
socketio: INFO: emitting event "task update" to 20170509-172259-8252 [/jobs]
socketio: INFO: emitting event "task update" to 20170509-172114-d063 [/jobs]
socketio: INFO: emitting event "task update" to 20170509-172323-89b4 [/jobs]
socketio: INFO: emitting event "task update" to 20170509-172342-e0ef [/jobs]
socketio: INFO: emitting event "task update" to 20170509-172227-0156 [/jobs]
socketio: INFO: emitting event "task update" to 20170509-172334-9d18 [/jobs]
socketio: INFO: emitting event "task update" to 20170509-172347-b92a [/jobs]
socketio: INFO: emitting event "task update" to 20170509-172315-d38b [/jobs]
socketio: INFO: emitting event "task update" to 20170509-172352-bfdd [/jobs]
digits.webapp: WARNING: Infer Model unrecognized output: WARNING: log_file config option not found - no log file is being saved
digits.webapp: WARNING: Infer Model unrecognized output: 2017-05-09 17:25:07 [ERROR] InferenceError: Unable to find snapshot for epoch=-1.0
digits.webapp: WARNING: Infer Model unrecognized output: Traceback (most recent call last):
digits.webapp: WARNING: Infer Model unrecognized output: File "/home/ethan/digits_GAN/digits/tools/inference.py", line 293, in <module>
digits.webapp: WARNING: Infer Model unrecognized output: args['resize']
digits.webapp: WARNING: Infer Model unrecognized output: File "/home/ethan/digits_GAN/digits/tools/inference.py", line 79, in infer
digits.webapp: WARNING: Infer Model unrecognized output: raise InferenceError("Unable to find snapshot for epoch=%s" % repr(epoch))
digits.webapp: WARNING: Infer Model unrecognized output: digits.inference.errors.InferenceError: 'Unable to find snapshot for epoch=-1.0'
socketio: INFO: emitting event "task update" to 20170509-172412-e6f0 [/jobs]
socketio: INFO: emitting event "task update" to 20170509-172202-9230 [/jobs]
socketio: INFO: emitting event "task update" to 20170509-172317-7da8 [/jobs]
socketio: INFO: emitting event "task update" to 20170509-172210-1907 [/jobs]
socketio: INFO: emitting event "task update" to 20170509-172147-4505 [/jobs]
digits.webapp: ERROR: Infer Model task failed with error code 1
socketio: INFO: emitting event "task update" to 20170509-172504-9ce5 [/jobs]
socketio: INFO: emitting event "job update" to 20170509-172504-9ce5 [/jobs]
socketio: INFO: emitting event "job update" to job_management [/jobs]
socketio: INFO: emitting event "server update" to job_management [/jobs]
socketio: INFO: emitting event "server update" to job_management [/jobs]
socketio: INFO: emitting event "job update" to 20170509-172504-9ce5 [/jobs]
socketio: INFO: emitting event "job update" to job_management [/jobs]
digits: INFO: Job deleted.
socketio: INFO: emitting event "job update" to job_management [/jobs]
--------------------- >> end captured logging << ---------------------

======================================================================
FAIL: digits.model.images.classification.test_views.TestTensorflowLeNet.test_top_n_from_folder
----------------------------------------------------------------------
Traceback (most recent call last):
  File "/home/ethan/.local/lib/python2.7/site-packages/nose/case.py", line 197, in runTest
    self.test(*self.arg)
  File "/home/ethan/digits_GAN/digits/model/images/classification/test_views.py", line 836, in test_top_n_from_folder
    assert key in rv.data, '"%s" not found in the response'
AssertionError: "%s" not found in the response
-------------------- >> begin captured logging << --------------------
socketio: INFO: emitting event "job update" to job_management [/jobs]
socketio: INFO: emitting event "task update" to 20170509-172339-dc52 [/jobs]
socketio: INFO: emitting event "task update" to 20170509-172218-c9c0 [/jobs]
socketio: INFO: emitting event "task update" to 20170509-172328-6826 [/jobs]
socketio: INFO: emitting event "task update" to 20170509-172344-9606 [/jobs]
socketio: INFO: emitting event "job update" to 20170509-172507-2af2 [/jobs]
socketio: INFO: emitting event "job update" to job_management [/jobs]
socketio: INFO: emitting event "server update" to job_management [/jobs]
socketio: INFO: emitting event "server update" to job_management [/jobs]
digits.webapp: INFO: Infer Model task started.
socketio: INFO: emitting event "task update" to 20170509-172507-2af2 [/jobs]
socketio: INFO: emitting event "job update" to 20170509-172507-2af2 [/jobs]
socketio: INFO: emitting event "job update" to job_management [/jobs]
digits.webapp: INFO: Task subprocess args: "/usr/bin/python2 /home/ethan/digits_GAN/digits/tools/inference.py /tmp/tmpX3R8Ve/20170509-172507-2af2/tmpxZ8stY.txt /tmp/tmpX3R8Ve/20170509-172507-2af2 20170509-172430-a33c --jobs_dir=/tmp/tmpX3R8Ve --layers=none --gpu=0"
socketio: INFO: emitting event "task update" to 20170509-172430-a33c [/jobs]
socketio: INFO: emitting event "task update" to 20170509-172419-2d22 [/jobs]
socketio: INFO: emitting event "task update" to 20170509-172337-f1aa [/jobs]
socketio: INFO: emitting event "task update" to 20170509-172350-6fcd [/jobs]
socketio: INFO: emitting event "task update" to 20170509-172259-8252 [/jobs]
socketio: INFO: emitting event "task update" to 20170509-172114-d063 [/jobs]
socketio: INFO: emitting event "task update" to 20170509-172323-89b4 [/jobs]
socketio: INFO: emitting event "task update" to 20170509-172342-e0ef [/jobs]
socketio: INFO: emitting event "task update" to 20170509-172227-0156 [/jobs]
socketio: INFO: emitting event "task update" to 20170509-172334-9d18 [/jobs]
socketio: INFO: emitting event "task update" to 20170509-172347-b92a [/jobs]
socketio: INFO: emitting event "task update" to 20170509-172315-d38b [/jobs]
socketio: INFO: emitting event "task update" to 20170509-172352-bfdd [/jobs]
socketio: INFO: emitting event "task update" to 20170509-172412-e6f0 [/jobs]
socketio: INFO: emitting event "task update" to 20170509-172202-9230 [/jobs]
socketio: INFO: emitting event "task update" to 20170509-172317-7da8 [/jobs]
socketio: INFO: emitting event "task update" to 20170509-172210-1907 [/jobs]
socketio: INFO: emitting event "task update" to 20170509-172147-4505 [/jobs]
socketio: INFO: emitting event "task update" to 20170509-172339-dc52 [/jobs]
socketio: INFO: emitting event "task update" to 20170509-172218-c9c0 [/jobs]
socketio: INFO: emitting event "task update" to 20170509-172328-6826 [/jobs]
socketio: INFO: emitting event "task update" to 20170509-172344-9606 [/jobs]
socketio: INFO: emitting event "task update" to 20170509-172430-a33c [/jobs]
socketio: INFO: emitting event "task update" to 20170509-172419-2d22 [/jobs]
socketio: INFO: emitting event "task update" to 20170509-172337-f1aa [/jobs]
socketio: INFO: emitting event "task update" to 20170509-172350-6fcd [/jobs]
socketio: INFO: emitting event "task update" to 20170509-172259-8252 [/jobs]
socketio: INFO: emitting event "task update" to 20170509-172114-d063 [/jobs]
socketio: INFO: emitting event "task update" to 20170509-172323-89b4 [/jobs]
socketio: INFO: emitting event "task update" to 20170509-172342-e0ef [/jobs]
socketio: INFO: emitting event "task update" to 20170509-172227-0156 [/jobs]
socketio: INFO: emitting event "task update" to 20170509-172334-9d18 [/jobs]
socketio: INFO: emitting event "task update" to 20170509-172347-b92a [/jobs]
socketio: INFO: emitting event "task update" to 20170509-172315-d38b [/jobs]
socketio: INFO: emitting event "task update" to 20170509-172352-bfdd [/jobs]
socketio: INFO: emitting event "task update" to 20170509-172412-e6f0 [/jobs]
socketio: INFO: emitting event "task update" to 20170509-172202-9230 [/jobs]
socketio: INFO: emitting event "task update" to 20170509-172317-7da8 [/jobs]
socketio: INFO: emitting event "task update" to 20170509-172210-1907 [/jobs]
socketio: INFO: emitting event "task update" to 20170509-172147-4505 [/jobs]
socketio: INFO: emitting event "task update" to 20170509-172339-dc52 [/jobs]
socketio: INFO: emitting event "task update" to 20170509-172218-c9c0 [/jobs]
socketio: INFO: emitting event "task update" to 20170509-172328-6826 [/jobs]
socketio: INFO: emitting event "task update" to 20170509-172344-9606 [/jobs]
socketio: INFO: emitting event "task update" to 20170509-172430-a33c [/jobs]
socketio: INFO: emitting event "task update" to 20170509-172419-2d22 [/jobs]
socketio: INFO: emitting event "task update" to 20170509-172337-f1aa [/jobs]
socketio: INFO: emitting event "task update" to 20170509-172350-6fcd [/jobs]
socketio: INFO: emitting event "task update" to 20170509-172259-8252 [/jobs]
socketio: INFO: emitting event "task update" to 20170509-172114-d063 [/jobs]
socketio: INFO: emitting event "task update" to 20170509-172323-89b4 [/jobs]
socketio: INFO: emitting event "task update" to 20170509-172342-e0ef [/jobs]
socketio: INFO: emitting event "task update" to 20170509-172227-0156 [/jobs]
socketio: INFO: emitting event "task update" to 20170509-172334-9d18 [/jobs]
socketio: INFO: emitting event "task update" to 20170509-172347-b92a [/jobs]
socketio: INFO: emitting event "task update" to 20170509-172315-d38b [/jobs]
socketio: INFO: emitting event "task update" to 20170509-172352-bfdd [/jobs]
socketio: INFO: emitting event "task update" to 20170509-172412-e6f0 [/jobs]
socketio: INFO: emitting event "task update" to 20170509-172202-9230 [/jobs]
digits.webapp: WARNING: Infer Model unrecognized output: WARNING: log_file config option not found - no log file is being saved
digits.webapp: WARNING: Infer Model unrecognized output: 2017-05-09 17:25:10 [ERROR] InferenceError: Unable to find snapshot for epoch=-1.0
digits.webapp: WARNING: Infer Model unrecognized output: Traceback (most recent call last):
digits.webapp: WARNING: Infer Model unrecognized output: File "/home/ethan/digits_GAN/digits/tools/inference.py", line 293, in <module>
digits.webapp: WARNING: Infer Model unrecognized output: args['resize']
digits.webapp: WARNING: Infer Model unrecognized output: File "/home/ethan/digits_GAN/digits/tools/inference.py", line 79, in infer
digits.webapp: WARNING: Infer Model unrecognized output: raise InferenceError("Unable to find snapshot for epoch=%s" % repr(epoch))
digits.webapp: WARNING: Infer Model unrecognized output: digits.inference.errors.InferenceError: 'Unable to find snapshot for epoch=-1.0'
socketio: INFO: emitting event "task update" to 20170509-172317-7da8 [/jobs]
socketio: INFO: emitting event "task update" to 20170509-172210-1907 [/jobs]
socketio: INFO: emitting event "task update" to 20170509-172147-4505 [/jobs]
digits.webapp: ERROR: Infer Model task failed with error code 1
socketio: INFO: emitting event "task update" to 20170509-172507-2af2 [/jobs]
socketio: INFO: emitting event "job update" to 20170509-172507-2af2 [/jobs]
socketio: INFO: emitting event "job update" to job_management [/jobs]
socketio: INFO: emitting event "server update" to job_management [/jobs]
socketio: INFO: emitting event "server update" to job_management [/jobs]
socketio: INFO: emitting event "task update" to 20170509-172339-dc52 [/jobs]
socketio: INFO: emitting event "task update" to 20170509-172218-c9c0 [/jobs]
socketio: INFO: emitting event "task update" to 20170509-172328-6826 [/jobs]
socketio: INFO: emitting event "job update" to 20170509-172507-2af2 [/jobs]
socketio: INFO: emitting event "job update" to job_management [/jobs]
socketio: INFO: emitting event "task update" to 20170509-172344-9606 [/jobs]
digits: INFO: Job deleted.
socketio: INFO: emitting event "job update" to job_management [/jobs]
--------------------- >> end captured logging << ---------------------

======================================================================
FAIL: digits.model.images.generic.test_views.TestTensorflowCreated.test_download('tar',)
----------------------------------------------------------------------
Traceback (most recent call last):
  File "/home/ethan/.local/lib/python2.7/site-packages/nose/case.py", line 197, in runTest
    self.test(*self.arg)
  File "/home/ethan/digits_GAN/digits/model/images/generic/test_views.py", line 544, in check_download
    assert rv.status_code == 200, 'download "%s" failed with %s' % (url, rv.status_code)
AssertionError: download "/models/20170509-174313-cb2c/download.tar" failed with 500
-------------------- >> begin captured logging << --------------------
socketio: INFO: emitting event "job update" to job_management [/jobs]
socketio: INFO: emitting event "task update" to 20170509-172210-1907 [/jobs]
socketio: INFO: emitting event "task update" to 20170509-173333-e98b [/jobs]
socketio: INFO: emitting event "task update" to 20170509-172825-84c5 [/jobs]
socketio: INFO: emitting event "task update" to 20170509-173335-6067 [/jobs]
socketio: INFO: emitting event "task update" to 20170509-172147-4505 [/jobs]
socketio: INFO: emitting event "task update" to 20170509-173337-8532 [/jobs]
socketio: INFO: emitting event "task update" to 20170509-172907-6ffa [/jobs]
socketio: INFO: emitting event "task update" to 20170509-172339-dc52 [/jobs]
socketio: INFO: emitting event "task update" to 20170509-172625-e177 [/jobs]
socketio: INFO: emitting event "task update" to 20170509-173316-5f8a [/jobs]
socketio: INFO: emitting event "task update" to 20170509-173318-416e [/jobs]
socketio: INFO: emitting event "task update" to 20170509-173415-8046 [/jobs]
socketio: INFO: emitting event "task update" to 20170509-173027-0946 [/jobs]
socketio: INFO: emitting event "task update" to 20170509-172218-c9c0 [/jobs]
socketio: INFO: emitting event "task update" to 20170509-172328-6826 [/jobs]
socketio: INFO: emitting event "task update" to 20170509-173403-2593 [/jobs]
socketio: INFO: emitting event "job update" to 20170509-174310-3434 [/jobs]
socketio: INFO: emitting event "job update" to job_management [/jobs]
socketio: INFO: emitting event "server update" to job_management [/jobs]
socketio: INFO: emitting event "server update" to job_management [/jobs]
socketio: INFO: emitting event "server update" to job_management [/jobs]
socketio: INFO: emitting event "server update" to job_management [/jobs]
digits.webapp: INFO: Analyze DB (Training Images) task started.
socketio: INFO: emitting event "task update" to 20170509-174310-3434 [/jobs]
socketio: INFO: emitting event "job update" to 20170509-174310-3434 [/jobs]
socketio: INFO: emitting event "job update" to job_management [/jobs]
digits.webapp: INFO: Task subprocess args: "/usr/bin/python2 /home/ethan/digits_GAN/digits/tools/analyze_db.py /tmp/tmpwfitKK/train_images --force-same-shape"
digits.webapp: INFO: Analyze DB (Training Labels) task started.
socketio: INFO: emitting event "task update" to 20170509-174310-3434 [/jobs]
socketio: INFO: emitting event "job update" to 20170509-174310-3434 [/jobs]
socketio: INFO: emitting event "job update" to job_management [/jobs]
digits.webapp: INFO: Task subprocess args: "/usr/bin/python2 /home/ethan/digits_GAN/digits/tools/analyze_db.py /tmp/tmpwfitKK/train_labels --force-same-shape"
digits.webapp: INFO: Analyze DB (Validation Images) task started.
socketio: INFO: emitting event "task update" to 20170509-174310-3434 [/jobs]
socketio: INFO: emitting event "job update" to 20170509-174310-3434 [/jobs]
socketio: INFO: emitting event "job update" to job_management [/jobs]
digits.webapp: INFO: Task subprocess args: "/usr/bin/python2 /home/ethan/digits_GAN/digits/tools/analyze_db.py /tmp/tmpwfitKK/val_images --force-same-shape"
digits.webapp: INFO: Analyze DB (Validation Labels) task started.
socketio: INFO: emitting event "task update" to 20170509-174310-3434 [/jobs]
socketio: INFO: emitting event "job update" to 20170509-174310-3434 [/jobs]
socketio: INFO: emitting event "job update" to job_management [/jobs]
digits.webapp: INFO: Task subprocess args: "/usr/bin/python2 /home/ethan/digits_GAN/digits/tools/analyze_db.py /tmp/tmpwfitKK/val_labels --force-same-shape"
socketio: INFO: emitting event "task update" to 20170509-172344-9606 [/jobs]
socketio: INFO: emitting event "task update" to 20170509-172430-a33c [/jobs]
socketio: INFO: emitting event "task update" to 20170509-172605-0fd8 [/jobs]
socketio: INFO: emitting event "task update" to 20170509-172706-cfe6 [/jobs]
socketio: INFO: emitting event "task update" to 20170509-173209-48ad [/jobs]
socketio: INFO: emitting event "task update" to 20170509-173320-66e3 [/jobs]
socketio: INFO: emitting event "task update" to 20170509-172927-67d2 [/jobs]
socketio: INFO: emitting event "task update" to 20170509-173515-e8bf [/jobs]
socketio: INFO: emitting event "task update" to 20170509-172524-d7c0 [/jobs]
socketio: INFO: emitting event "task update" to 20170509-172419-2d22 [/jobs]
socketio: INFO: emitting event "task update" to 20170509-172337-f1aa [/jobs]
socketio: INFO: emitting event "task update" to 20170509-173228-acad [/jobs]
socketio: INFO: emitting event "task update" to 20170509-172350-6fcd [/jobs]
socketio: INFO: emitting event "task update" to 20170509-173357-1ed1 [/jobs]
socketio: INFO: emitting event "task update" to 20170509-172259-8252 [/jobs]
socketio: INFO: emitting event "task update" to 20170509-173322-0807 [/jobs]
socketio: INFO: emitting event "task update" to 20170509-172114-d063 [/jobs]
socketio: INFO: emitting event "task update" to 20170509-172323-89b4 [/jobs]
socketio: INFO: emitting event "task update" to 20170509-173300-0377 [/jobs]
socketio: INFO: emitting event "task update" to 20170509-173245-3417 [/jobs]
socketio: INFO: emitting event "task update" to 20170509-173324-49b0 [/jobs]
socketio: INFO: emitting event "task update" to 20170509-172342-e0ef [/jobs]
socketio: INFO: emitting event "task update" to 20170509-173108-a6ff [/jobs]
socketio: INFO: emitting event "task update" to 20170509-172725-6a13 [/jobs]
socketio: INFO: emitting event "task update" to 20170509-172806-b5bc [/jobs]
socketio: INFO: emitting event "task update" to 20170509-172227-0156 [/jobs]
socketio: INFO: emitting event "task update" to 20170509-172334-9d18 [/jobs]
socketio: INFO: emitting event "task update" to 20170509-173128-33ce [/jobs]
socketio: INFO: emitting event "task update" to 20170509-172347-b92a [/jobs]
socketio: INFO: emitting event "task update" to 20170509-173326-3e6f [/jobs]
socketio: INFO: emitting event "task update" to 20170509-172315-d38b [/jobs]
socketio: INFO: emitting event "task update" to 20170509-172516-8f4b [/jobs]
socketio: INFO: emitting event "task update" to 20170509-172352-bfdd [/jobs]
socketio: INFO: emitting event "task update" to 20170509-172412-e6f0 [/jobs]
socketio: INFO: emitting event "task update" to 20170509-173329-1cea [/jobs]
socketio: INFO: emitting event "task update" to 20170509-173229-c795 [/jobs]
socketio: INFO: emitting event "task update" to 20170509-172202-9230 [/jobs]
socketio: INFO: emitting event "task update" to 20170509-173331-d237 [/jobs]
socketio: INFO: emitting event "task update" to 20170509-172317-7da8 [/jobs]
socketio: INFO: emitting event "task update" to 20170509-173008-ee07 [/jobs]
socketio: INFO: emitting event "task update" to 20170509-172210-1907 [/jobs]
socketio: INFO: emitting event "task update" to 20170509-173333-e98b [/jobs]
socketio: INFO: emitting event "task update" to 20170509-172825-84c5 [/jobs]
socketio: INFO: emitting event "task update" to 20170509-173335-6067 [/jobs]
socketio: INFO: emitting event "task update" to 20170509-172147-4505 [/jobs]
socketio: INFO: emitting event "task update" to 20170509-173337-8532 [/jobs]
socketio: INFO: emitting event "task update" to 20170509-172907-6ffa [/jobs]
socketio: INFO: emitting event "task update" to 20170509-172339-dc52 [/jobs]
socketio: INFO: emitting event "task update" to 20170509-172625-e177 [/jobs]
socketio: INFO: emitting event "task update" to 20170509-173316-5f8a [/jobs]
socketio: INFO: emitting event "task update" to 20170509-173318-416e [/jobs]
socketio: INFO: emitting event "task update" to 20170509-173415-8046 [/jobs]
socketio: INFO: emitting event "task update" to 20170509-173027-0946 [/jobs]
socketio: INFO: emitting event "task update" to 20170509-172218-c9c0 [/jobs]
socketio: INFO: emitting event "task update" to 20170509-172328-6826 [/jobs]
socketio: INFO: emitting event "task update" to 20170509-173403-2593 [/jobs]
socketio: INFO: emitting event "task update" to 20170509-172344-9606 [/jobs]
socketio: INFO: emitting event "task update" to 20170509-172430-a33c [/jobs]
socketio: INFO: emitting event "task update" to 20170509-172605-0fd8 [/jobs]
socketio: INFO: emitting event "task update" to 20170509-172706-cfe6 [/jobs]
socketio: INFO: emitting event "task update" to 20170509-173209-48ad [/jobs]
socketio: INFO: emitting event "task update" to 20170509-173320-66e3 [/jobs]
socketio: INFO: emitting event "task update" to 20170509-172927-67d2 [/jobs]
socketio: INFO: emitting event "task update" to 20170509-173515-e8bf [/jobs]
socketio: INFO: emitting event "task update" to 20170509-172524-d7c0 [/jobs]
socketio: INFO: emitting event "task update" to 20170509-172419-2d22 [/jobs]
socketio: INFO: emitting event "task update" to 20170509-172337-f1aa [/jobs]
socketio: INFO: emitting event "task update" to 20170509-173228-acad [/jobs]
socketio: INFO: emitting event "task update" to 20170509-172350-6fcd [/jobs]
socketio: INFO: emitting event "task update" to 20170509-173357-1ed1 [/jobs]
socketio: INFO: emitting event "task update" to 20170509-172259-8252 [/jobs]
socketio: INFO: emitting event "task update" to 20170509-173322-0807 [/jobs]
socketio: INFO: emitting event "task update" to 20170509-172114-d063 [/jobs]
socketio: INFO: emitting event "task update" to 20170509-172323-89b4 [/jobs]
socketio: INFO: emitting event "task update" to 20170509-173300-0377 [/jobs]
socketio: INFO: emitting event "task update" to 20170509-173245-3417 [/jobs]
socketio: INFO: emitting event "task update" to 20170509-173324-49b0 [/jobs]
socketio: INFO: emitting event "task update" to 20170509-172342-e0ef [/jobs]
socketio: INFO: emitting event "task update" to 20170509-173108-a6ff [/jobs]
socketio: INFO: emitting event "task update" to 20170509-172725-6a13 [/jobs]
socketio: INFO: emitting event "task update" to 20170509-172806-b5bc [/jobs]
socketio: INFO: emitting event "task update" to 20170509-172227-0156 [/jobs]
socketio: INFO: emitting event "task update" to 20170509-172334-9d18 [/jobs]
socketio: INFO: emitting event "task update" to 20170509-173128-33ce [/jobs]
socketio: INFO: emitting event "task update" to 20170509-172347-b92a [/jobs]
socketio: INFO: emitting event "task update" to 20170509-173326-3e6f [/jobs]
socketio: INFO: emitting event "task update" to 20170509-172315-d38b [/jobs]
socketio: INFO: emitting event "task update" to 20170509-172516-8f4b [/jobs]
socketio: INFO: emitting event "task update" to 20170509-172352-bfdd [/jobs]
socketio: INFO: emitting event "task update" to 20170509-172412-e6f0 [/jobs]
socketio: INFO: emitting event "task update" to 20170509-173329-1cea [/jobs]
socketio: INFO: emitting event "task update" to 20170509-173229-c795 [/jobs]
socketio: INFO: emitting event "task update" to 20170509-172202-9230 [/jobs]
socketio: INFO: emitting event "task update" to 20170509-173331-d237 [/jobs]
socketio: INFO: emitting event "task update" to 20170509-172317-7da8 [/jobs]
socketio: INFO: emitting event "task update" to 20170509-173008-ee07 [/jobs]
socketio: INFO: emitting event "task update" to 20170509-172210-1907 [/jobs]
socketio: INFO: emitting event "task update" to 20170509-173333-e98b [/jobs]
socketio: INFO: emitting event "task update" to 20170509-172825-84c5 [/jobs]
socketio: INFO: emitting event "task update" to 20170509-173335-6067 [/jobs]
socketio: INFO: emitting event "task update" to 20170509-172147-4505 [/jobs]
socketio: INFO: emitting event "task update" to 20170509-173337-8532 [/jobs]
socketio: INFO: emitting event "task update" to 20170509-172907-6ffa [/jobs]
socketio: INFO: emitting event "task update" to 20170509-172339-dc52 [/jobs]
socketio: INFO: emitting event "task update" to 20170509-172625-e177 [/jobs]
socketio: INFO: emitting event "task update" to 20170509-173316-5f8a [/jobs]
socketio: INFO: emitting event "task update" to 20170509-173318-416e [/jobs]
socketio: INFO: emitting event "task update" to 20170509-173415-8046 [/jobs]
socketio: INFO: emitting event "task update" to 20170509-173027-0946 [/jobs]
socketio: INFO: emitting event "task update" to 20170509-172218-c9c0 [/jobs]
socketio: INFO: emitting event "task update" to 20170509-172328-6826 [/jobs]
socketio: INFO: emitting event "task update" to 20170509-173403-2593 [/jobs]
socketio: INFO: emitting event "task update" to 20170509-172344-9606 [/jobs]
socketio: INFO: emitting event "task update" to 20170509-172430-a33c [/jobs]
digits.webapp: WARNING: Analyze DB (Training Images) unrecognized output: WARNING: log_file config option not found - no log file is being saved
socketio: INFO: emitting event "task update" to 20170509-174310-3434 [/jobs]
socketio: INFO: emitting event "job update" to job_management [/jobs]
digits.webapp: DEBUG: Images are 10x10x1
digits.webapp: WARNING: Analyze DB (Training Labels) unrecognized output: WARNING: log_file config option not found - no log file is being saved
socketio: INFO: emitting event "task update" to 20170509-174310-3434 [/jobs]
socketio: INFO: emitting event "job update" to job_management [/jobs]
digits.webapp: DEBUG: Images are 2x1x1
socketio: INFO: emitting event "task update" to 20170509-172605-0fd8 [/jobs]
socketio: INFO: emitting event "task update" to 20170509-172706-cfe6 [/jobs]
digits.webapp: INFO: Analyze DB (Training Images) task completed.
socketio: INFO: emitting event "task update" to 20170509-174310-3434 [/jobs]
socketio: INFO: emitting event "job update" to job_management [/jobs]
socketio: INFO: emitting event "task update" to 20170509-174310-3434 [/jobs]
socketio: INFO: emitting event "job update" to 20170509-174310-3434 [/jobs]
socketio: INFO: emitting event "job update" to job_management [/jobs]
socketio: INFO: emitting event "server update" to job_management [/jobs]
socketio: INFO: emitting event "task update" to 20170509-173209-48ad [/jobs]
socketio: INFO: emitting event "task update" to 20170509-173320-66e3 [/jobs]
socketio: INFO: emitting event "task update" to 20170509-172927-67d2 [/jobs]
socketio: INFO: emitting event "task update" to 20170509-173515-e8bf [/jobs]
socketio: INFO: emitting event "task update" to 20170509-172524-d7c0 [/jobs]
digits.webapp: INFO: Analyze DB (Training Labels) task completed.
socketio: INFO: emitting event "task update" to 20170509-174310-3434 [/jobs]
socketio: INFO: emitting event "job update" to job_management [/jobs]
socketio: INFO: emitting event "task update" to 20170509-174310-3434 [/jobs]
socketio: INFO: emitting event "job update" to 20170509-174310-3434 [/jobs]
socketio: INFO: emitting event "job update" to job_management [/jobs]
socketio: INFO: emitting event "server update" to job_management [/jobs]
socketio: INFO: emitting event "task update" to 20170509-172419-2d22 [/jobs]
socketio: INFO: emitting event "task update" to 20170509-172337-f1aa [/jobs]
digits.webapp: WARNING: Analyze DB (Validation Images) unrecognized output: WARNING: log_file config option not found - no log file is being saved
socketio: INFO: emitting event "task update" to 20170509-174310-3434 [/jobs]
socketio: INFO: emitting event "job update" to job_management [/jobs]
digits.webapp: DEBUG: Images are 10x10x1
digits.webapp: WARNING: Analyze DB (Validation Labels) unrecognized output: WARNING: log_file config option not found - no log file is being saved
socketio: INFO: emitting event "task update" to 20170509-174310-3434 [/jobs]
socketio: INFO: emitting event "job update" to job_management [/jobs]
digits.webapp: DEBUG: Images are 2x1x1
socketio: INFO: emitting event "task update" to 20170509-173228-acad [/jobs]
socketio: INFO: emitting event "task update" to 20170509-172350-6fcd [/jobs]
socketio: INFO: emitting event "task update" to 20170509-173357-1ed1 [/jobs]
socketio: INFO: emitting event "task update" to 20170509-172259-8252 [/jobs]
socketio: INFO: emitting event "task update" to 20170509-173322-0807 [/jobs]
socketio: INFO: emitting event "task update" to 20170509-172114-d063 [/jobs]
socketio: INFO: emitting event "task update" to 20170509-172323-89b4 [/jobs]
digits.webapp: INFO: Analyze DB (Validation Labels) task completed.
socketio: INFO: emitting event "task update" to 20170509-174310-3434 [/jobs]
socketio: INFO: emitting event "job update" to job_management [/jobs]
socketio: INFO: emitting event "task update" to 20170509-174310-3434 [/jobs]
socketio: INFO: emitting event "job update" to 20170509-174310-3434 [/jobs]
socketio: INFO: emitting event "job update" to job_management [/jobs]
socketio: INFO: emitting event "server update" to job_management [/jobs]
digits.webapp: INFO: Analyze DB (Validation Images) task completed.
socketio: INFO: emitting event "task update" to 20170509-174310-3434 [/jobs]
socketio: INFO: emitting event "job update" to job_management [/jobs]
socketio: INFO: emitting event "task update" to 20170509-174310-3434 [/jobs]
socketio: INFO: emitting event "job update" to 20170509-174310-3434 [/jobs]
socketio: INFO: emitting event "job update" to job_management [/jobs]
socketio: INFO: emitting event "server update" to job_management [/jobs]
socketio: INFO: emitting event "job update" to job_management [/jobs]
socketio: INFO: emitting event "job update" to 20170509-174310-3434 [/jobs]
socketio: INFO: emitting event "job update" to job_management [/jobs]
digits: INFO: Job complete.
socketio: INFO: emitting event "task update" to 20170509-173300-0377 [/jobs]
socketio: INFO: emitting event "task update" to 20170509-173245-3417 [/jobs]
socketio: INFO: emitting event "task update" to 20170509-173324-49b0 [/jobs]
socketio: INFO: emitting event "task update" to 20170509-172342-e0ef [/jobs]
socketio: INFO: emitting event "task update" to 20170509-173108-a6ff [/jobs]
socketio: INFO: emitting event "task update" to 20170509-172725-6a13 [/jobs]
socketio: INFO: emitting event "task update" to 20170509-172806-b5bc [/jobs]
socketio: INFO: emitting event "task update" to 20170509-172227-0156 [/jobs]
socketio: INFO: emitting event "task update" to 20170509-172334-9d18 [/jobs]
socketio: INFO: emitting event "task update" to 20170509-173128-33ce [/jobs]
socketio: INFO: emitting event "task update" to 20170509-172347-b92a [/jobs]
socketio: INFO: emitting event "task update" to 20170509-173326-3e6f [/jobs]
socketio: INFO: emitting event "task update" to 20170509-172315-d38b [/jobs]
socketio: INFO: emitting event "task update" to 20170509-172516-8f4b [/jobs]
socketio: INFO: emitting event "task update" to 20170509-172352-bfdd [/jobs]
socketio: INFO: emitting event "task update" to 20170509-172412-e6f0 [/jobs]
socketio: INFO: emitting event "task update" to 20170509-173329-1cea [/jobs]
socketio: INFO: emitting event "task update" to 20170509-173229-c795 [/jobs]
socketio: INFO: emitting event "task update" to 20170509-172202-9230 [/jobs]
socketio: INFO: emitting event "task update" to 20170509-173331-d237 [/jobs]
socketio: INFO: emitting event "task update" to 20170509-172317-7da8 [/jobs]
socketio: INFO: emitting event "task update" to 20170509-173008-ee07 [/jobs]
socketio: INFO: emitting event "task update" to 20170509-172210-1907 [/jobs]
socketio: INFO: emitting event "task update" to 20170509-173333-e98b [/jobs]
socketio: INFO: emitting event "task update" to 20170509-172825-84c5 [/jobs]
socketio: INFO: emitting event "task update" to 20170509-173335-6067 [/jobs]
socketio: INFO: emitting event "task update" to 20170509-172147-4505 [/jobs]
socketio: INFO: emitting event "task update" to 20170509-173337-8532 [/jobs]
socketio: INFO: emitting event "job update" to job_management [/jobs]
socketio: INFO: emitting event "task update" to 20170509-172907-6ffa [/jobs]
socketio: INFO: emitting event "job update" to 20170509-174313-cb2c [/jobs]
socketio: INFO: emitting event "job update" to job_management [/jobs]
socketio: INFO: emitting event "server update" to job_management [/jobs]
socketio: INFO: emitting event "task update" to 20170509-172339-dc52 [/jobs]
socketio: INFO: emitting event "task update" to 20170509-172625-e177 [/jobs]
socketio: INFO: emitting event "task update" to 20170509-173316-5f8a [/jobs]
socketio: INFO: emitting event "task update" to 20170509-173318-416e [/jobs]
socketio: INFO: emitting event "task update" to 20170509-173415-8046 [/jobs]
socketio: INFO: emitting event "task update" to 20170509-173027-0946 [/jobs]
socketio: INFO: emitting event "task update" to 20170509-172218-c9c0 [/jobs]
socketio: INFO: emitting event "task update" to 20170509-172328-6826 [/jobs]
socketio: INFO: emitting event "task update" to 20170509-173403-2593 [/jobs]
digits.webapp: INFO: Train Tensorflow Model task started.
socketio: INFO: emitting event "task update" to 20170509-174313-cb2c [/jobs]
socketio: INFO: emitting event "job update" to 20170509-174313-cb2c [/jobs]
socketio: INFO: emitting event "job update" to job_management [/jobs]
digits.webapp: INFO: Task subprocess args: "python2 /home/ethan/digits_GAN/digits/tools/tensorflow/main.py --network=network.py --epoch=3 --networkDirectory=/tmp/tmpX3R8Ve/20170509-174313-cb2c --save=/tmp/tmpX3R8Ve/20170509-174313-cb2c --snapshotPrefix=snapshot --snapshotInterval=1 --lr_base_rate=0.01 --lr_policy=step --batch_size=10 --mean=/tmp/tmpwfitKK/train_mean.binaryproto --train_db=/tmp/tmpwfitKK/train_images --train_labels=/tmp/tmpwfitKK/train_labels --validation_db=/tmp/tmpwfitKK/val_images --validation_labels=/tmp/tmpwfitKK/val_labels --lr_gamma=0.1 --lr_stepvalues=33 --subtractMean=image --seed=3405691582 --optimization=sgd --validation_interval=1 --log_runtime_stats_per_step=0 --augFlip=none --augHSVh=0 --augHSVs=0 --augHSVv=0"
socketio: INFO: emitting event "task update" to 20170509-174313-cb2c [/jobs]
socketio: INFO: emitting event "task update" to 20170509-172344-9606 [/jobs]
socketio: INFO: emitting event "task update" to 20170509-172430-a33c [/jobs]
socketio: INFO: emitting event "task update" to 20170509-172605-0fd8 [/jobs]
socketio: INFO: emitting event "task update" to 20170509-172706-cfe6 [/jobs]
socketio: INFO: emitting event "task update" to 20170509-173209-48ad [/jobs]
socketio: INFO: emitting event "task update" to 20170509-173320-66e3 [/jobs]
socketio: INFO: emitting event "task update" to 20170509-172927-67d2 [/jobs]
socketio: INFO: emitting event "task update" to 20170509-173515-e8bf [/jobs]
socketio: INFO: emitting event "task update" to 20170509-172524-d7c0 [/jobs]
socketio: INFO: emitting event "task update" to 20170509-172419-2d22 [/jobs]
socketio: INFO: emitting event "task update" to 20170509-172337-f1aa [/jobs]
socketio: INFO: emitting event "task update" to 20170509-173228-acad [/jobs]
socketio: INFO: emitting event "task update" to 20170509-172350-6fcd [/jobs]
socketio: INFO: emitting event "task update" to 20170509-173357-1ed1 [/jobs]
socketio: INFO: emitting event "task update" to 20170509-172259-8252 [/jobs]
socketio: INFO: emitting event "task update" to 20170509-173322-0807 [/jobs]
socketio: INFO: emitting event "task update" to 20170509-172114-d063 [/jobs]
socketio: INFO: emitting event "task update" to 20170509-172323-89b4 [/jobs]
socketio: INFO: emitting event "task update" to 20170509-173300-0377 [/jobs]
socketio: INFO: emitting event "task update" to 20170509-173245-3417 [/jobs]
socketio: INFO: emitting event "task update" to 20170509-173324-49b0 [/jobs]
socketio: INFO: emitting event "task update" to 20170509-172342-e0ef [/jobs]
socketio: INFO: emitting event "task update" to 20170509-173108-a6ff [/jobs]
socketio: INFO: emitting event "task update" to 20170509-172725-6a13 [/jobs]
socketio: INFO: emitting event "task update" to 20170509-172806-b5bc [/jobs]
socketio: INFO: emitting event "task update" to 20170509-172227-0156 [/jobs]
socketio: INFO: emitting event "task update" to 20170509-172334-9d18 [/jobs]
socketio: INFO: emitting event "task update" to 20170509-173128-33ce [/jobs]
socketio: INFO: emitting event "task update" to 20170509-172347-b92a [/jobs]
socketio: INFO: emitting event "task update" to 20170509-173326-3e6f [/jobs]
socketio: INFO: emitting event "task update" to 20170509-172315-d38b [/jobs]
socketio: INFO: emitting event "task update" to 20170509-172516-8f4b [/jobs]
socketio: INFO: emitting event "task update" to 20170509-172352-bfdd [/jobs]
socketio: INFO: emitting event "task update" to 20170509-172412-e6f0 [/jobs]
socketio: INFO: emitting event "task update" to 20170509-173329-1cea [/jobs]
socketio: INFO: emitting event "task update" to 20170509-173229-c795 [/jobs]
socketio: INFO: emitting event "task update" to 20170509-172202-9230 [/jobs]
socketio: INFO: emitting event "task update" to 20170509-173331-d237 [/jobs]
socketio: INFO: emitting event "task update" to 20170509-172317-7da8 [/jobs]
socketio: INFO: emitting event "task update" to 20170509-173008-ee07 [/jobs]
socketio: INFO: emitting event "task update" to 20170509-172210-1907 [/jobs]
socketio: INFO: emitting event "task update" to 20170509-173333-e98b [/jobs]
socketio: INFO: emitting event "task update" to 20170509-172825-84c5 [/jobs]
socketio: INFO: emitting event "task update" to 20170509-173335-6067 [/jobs]
socketio: INFO: emitting event "task update" to 20170509-172147-4505 [/jobs]
socketio: INFO: emitting event "task update" to 20170509-173337-8532 [/jobs]
socketio: INFO: emitting event "task update" to 20170509-172907-6ffa [/jobs]
socketio: INFO: emitting event "task update" to 20170509-172339-dc52 [/jobs]
socketio: INFO: emitting event "task update" to 20170509-172625-e177 [/jobs]
socketio: INFO: emitting event "task update" to 20170509-173316-5f8a [/jobs]
socketio: INFO: emitting event "task update" to 20170509-173318-416e [/jobs]
socketio: INFO: emitting event "task update" to 20170509-173415-8046 [/jobs]
socketio: INFO: emitting event "task update" to 20170509-173027-0946 [/jobs]
socketio: INFO: emitting event "task update" to 20170509-172218-c9c0 [/jobs]
socketio: INFO: emitting event "task update" to 20170509-172328-6826 [/jobs]
socketio: INFO: emitting event "task update" to 20170509-173403-2593 [/jobs]
socketio: INFO: emitting event "task update" to 20170509-172344-9606 [/jobs]
socketio: INFO: emitting event "task update" to 20170509-172430-a33c [/jobs]
socketio: INFO: emitting event "task update" to 20170509-172605-0fd8 [/jobs]
socketio: INFO: emitting event "task update" to 20170509-172706-cfe6 [/jobs]
socketio: INFO: emitting event "task update" to 20170509-173209-48ad [/jobs]
socketio: INFO: emitting event "task update" to 20170509-173320-66e3 [/jobs]
socketio: INFO: emitting event "task update" to 20170509-172927-67d2 [/jobs]
socketio: INFO: emitting event "task update" to 20170509-173515-e8bf [/jobs]
socketio: INFO: emitting event "task update" to 20170509-172524-d7c0 [/jobs]
socketio: INFO: emitting event "task update" to 20170509-172419-2d22 [/jobs]
socketio: INFO: emitting event "task update" to 20170509-172337-f1aa [/jobs]
socketio: INFO: emitting event "task update" to 20170509-173228-acad [/jobs]
socketio: INFO: emitting event "task update" to 20170509-172350-6fcd [/jobs]
socketio: INFO: emitting event "task update" to 20170509-173357-1ed1 [/jobs]
socketio: INFO: emitting event "task update" to 20170509-172259-8252 [/jobs]
socketio: INFO: emitting event "task update" to 20170509-173322-0807 [/jobs]
socketio: INFO: emitting event "task update" to 20170509-172114-d063 [/jobs]
digits.webapp: WARNING: Train Tensorflow Model unrecognized output: 2017-05-09 17:43:14.967616: W tensorflow/core/platform/cpu_feature_guard.cc:45] The TensorFlow library wasn't compiled to use SSE4.1 instructions, but these are available on your machine and could speed up CPU computations.
digits.webapp: WARNING: Train Tensorflow Model unrecognized output: 2017-05-09 17:43:14.967629: W tensorflow/core/platform/cpu_feature_guard.cc:45] The TensorFlow library wasn't compiled to use SSE4.2 instructions, but these are available on your machine and could speed up CPU computations.
digits.webapp: WARNING: Train Tensorflow Model unrecognized output: 2017-05-09 17:43:14.967633: W tensorflow/core/platform/cpu_feature_guard.cc:45] The TensorFlow library wasn't compiled to use AVX instructions, but these are available on your machine and could speed up CPU computations.
socketio: INFO: emitting event "task update" to 20170509-172323-89b4 [/jobs]
socketio: INFO: emitting event "task update" to 20170509-173300-0377 [/jobs]
digits.webapp: WARNING: Train Tensorflow Model unrecognized output: 2017-05-09 17:43:15.091317: I tensorflow/stream_executor/cuda/cuda_gpu_executor.cc:901] successful NUMA node read from SysFS had negative value (-1), but there must be at least one NUMA node, so returning NUMA node zero
digits.webapp: WARNING: Train Tensorflow Model unrecognized output: 2017-05-09 17:43:15.091730: I tensorflow/core/common_runtime/gpu/gpu_device.cc:887] Found device 0 with properties:
digits.webapp: WARNING: Train Tensorflow Model unrecognized output: name: GeForce GTX TITAN X
digits.webapp: WARNING: Train Tensorflow Model unrecognized output: major: 5 minor: 2 memoryClockRate (GHz) 1.076
digits.webapp: WARNING: Train Tensorflow Model unrecognized output: pciBusID 0000:01:00.0
digits.webapp: WARNING: Train Tensorflow Model unrecognized output: Total memory: 11.92GiB
digits.webapp: WARNING: Train Tensorflow Model unrecognized output: Free memory: 10.21GiB
digits.webapp: WARNING: Train Tensorflow Model unrecognized output: 2017-05-09 17:43:15.091743: I tensorflow/core/common_runtime/gpu/gpu_device.cc:908] DMA: 0
digits.webapp: WARNING: Train Tensorflow Model unrecognized output: 2017-05-09 17:43:15.091748: I tensorflow/core/common_runtime/gpu/gpu_device.cc:918] 0:   Y
digits.webapp: WARNING: Train Tensorflow Model unrecognized output: 2017-05-09 17:43:15.091755: I tensorflow/core/common_runtime/gpu/gpu_device.cc:977] Creating TensorFlow device (/gpu:0) -> (device: 0, name: GeForce GTX TITAN X, pci bus id: 0000:01:00.0)
socketio: INFO: emitting event "task update" to 20170509-173245-3417 [/jobs]
socketio: INFO: emitting event "task update" to 20170509-173324-49b0 [/jobs]
socketio: INFO: emitting event "task update" to 20170509-172342-e0ef [/jobs]
socketio: INFO: emitting event "task update" to 20170509-173108-a6ff [/jobs]
socketio: INFO: emitting event "task update" to 20170509-172725-6a13 [/jobs]
socketio: INFO: emitting event "task update" to 20170509-172806-b5bc [/jobs]
digits.webapp: WARNING: Train Tensorflow Model unrecognized output: 2017-05-09 17:43:15.200550: I tensorflow/core/common_runtime/gpu/gpu_device.cc:977] Creating TensorFlow device (/gpu:0) -> (device: 0, name: GeForce GTX TITAN X, pci bus id: 0000:01:00.0)
digits.webapp: WARNING: Train Tensorflow Model unrecognized output: 2017-05-09 17:43:15.208640: I tensorflow/core/common_runtime/gpu/gpu_device.cc:977] Creating TensorFlow device (/gpu:0) -> (device: 0, name: GeForce GTX TITAN X, pci bus id: 0000:01:00.0)
socketio: INFO: emitting event "task update" to 20170509-172227-0156 [/jobs]
socketio: INFO: emitting event "task update" to 20170509-172334-9d18 [/jobs]
socketio: INFO: emitting event "task update" to 20170509-173128-33ce [/jobs]
socketio: INFO: emitting event "task update" to 20170509-172347-b92a [/jobs]
socketio: INFO: emitting event "task update" to 20170509-173326-3e6f [/jobs]
socketio: INFO: emitting event "task update" to 20170509-172315-d38b [/jobs]
socketio: INFO: emitting event "task update" to 20170509-172516-8f4b [/jobs]
socketio: INFO: emitting event "task update" to 20170509-172352-bfdd [/jobs]
socketio: INFO: emitting event "task update" to 20170509-172412-e6f0 [/jobs]
socketio: INFO: emitting event "task update" to 20170509-173329-1cea [/jobs]
socketio: INFO: emitting event "task update" to 20170509-173229-c795 [/jobs]
socketio: INFO: emitting event "task update" to 20170509-172202-9230 [/jobs]
socketio: INFO: emitting event "task update" to 20170509-173331-d237 [/jobs]
socketio: INFO: emitting event "task update" to 20170509-172317-7da8 [/jobs]
socketio: INFO: emitting event "task update" to 20170509-173008-ee07 [/jobs]
socketio: INFO: emitting event "task update" to 20170509-172210-1907 [/jobs]
socketio: INFO: emitting event "task update" to 20170509-173333-e98b [/jobs]
socketio: INFO: emitting event "task update" to 20170509-172825-84c5 [/jobs]
socketio: INFO: emitting event "task update" to 20170509-173335-6067 [/jobs]
socketio: INFO: emitting event "task update" to 20170509-172147-4505 [/jobs]
socketio: INFO: emitting event "task update" to 20170509-173337-8532 [/jobs]
socketio: INFO: emitting event "task update" to 20170509-172907-6ffa [/jobs]
socketio: INFO: emitting event "task update" to 20170509-172339-dc52 [/jobs]
socketio: INFO: emitting event "task update" to 20170509-172625-e177 [/jobs]
socketio: INFO: emitting event "task update" to 20170509-173316-5f8a [/jobs]
socketio: INFO: emitting event "task update" to 20170509-173318-416e [/jobs]
socketio: INFO: emitting event "task update" to 20170509-173415-8046 [/jobs]
socketio: INFO: emitting event "task update" to 20170509-173027-0946 [/jobs]
socketio: INFO: emitting event "task update" to 20170509-172218-c9c0 [/jobs]
socketio: INFO: emitting event "task update" to 20170509-172328-6826 [/jobs]
socketio: INFO: emitting event "task update" to 20170509-173403-2593 [/jobs]
digits.webapp: DEBUG: Network validation loss #0.0: 0.10929
digits.webapp: DEBUG: Validation (epoch 0): loss = 0.109290
socketio: INFO: emitting event "task update" to 20170509-174313-cb2c [/jobs]
socketio: INFO: emitting event "job update" to job_management [/jobs]
digits.webapp: DEBUG: Training 6.67% complete.
socketio: INFO: emitting event "task update" to 20170509-174313-cb2c [/jobs]
socketio: INFO: emitting event "task update" to job_management [/jobs]
digits.webapp: DEBUG: Training (epoch 0.2): loss = 0.092844, lr = 0.010000
socketio: INFO: emitting event "task update" to 20170509-174313-cb2c [/jobs]
socketio: INFO: emitting event "job update" to job_management [/jobs]
digits.webapp: DEBUG: Training (epoch 0.4): loss = 0.077561, lr = 0.010000
socketio: INFO: emitting event "task update" to 20170509-174313-cb2c [/jobs]
socketio: INFO: emitting event "job update" to job_management [/jobs]
digits.webapp: DEBUG: Training (epoch 0.6): loss = 0.080841, lr = 0.010000
socketio: INFO: emitting event "task update" to 20170509-174313-cb2c [/jobs]
socketio: INFO: emitting event "job update" to job_management [/jobs]
digits.webapp: DEBUG: Training (epoch 0.8): loss = 0.073176, lr = 0.010000
socketio: INFO: emitting event "task update" to 20170509-174313-cb2c [/jobs]
socketio: INFO: emitting event "job update" to job_management [/jobs]
digits.webapp: DEBUG: Training (epoch 1.0): loss = 0.071999, lr = 0.010000
socketio: INFO: emitting event "task update" to 20170509-174313-cb2c [/jobs]
digits.webapp: DEBUG: Network validation loss #1.0: 0.091459
digits.webapp: DEBUG: Validation (epoch 1.0): loss = 0.091459
socketio: INFO: emitting event "task update" to 20170509-174313-cb2c [/jobs]
socketio: INFO: emitting event "task update" to 20170509-172344-9606 [/jobs]
socketio: INFO: emitting event "task update" to 20170509-172430-a33c [/jobs]
digits.webapp: WARNING: Train Tensorflow Model unrecognized output: INFO:tensorflow:/tmp/tmpX3R8Ve/20170509-174313-cb2c/snapshot_1.ckpt is not in all_model_checkpoint_paths. Manually adding it.
socketio: INFO: emitting event "task update" to 20170509-174313-cb2c [/jobs]
socketio: INFO: emitting event "task update" to 20170509-174313-cb2c [/jobs]
socketio: INFO: emitting event "job update" to job_management [/jobs]
digits.webapp: DEBUG: Training (epoch 1.2): loss = 0.080390, lr = 0.001000
socketio: INFO: emitting event "task update" to 20170509-174313-cb2c [/jobs]
socketio: INFO: emitting event "job update" to job_management [/jobs]
digits.webapp: DEBUG: Training (epoch 1.4): loss = 0.069111, lr = 0.001000
socketio: INFO: emitting event "task update" to 20170509-174313-cb2c [/jobs]
socketio: INFO: emitting event "job update" to job_management [/jobs]
digits.webapp: DEBUG: Training (epoch 1.6): loss = 0.074912, lr = 0.001000
socketio: INFO: emitting event "task update" to 20170509-174313-cb2c [/jobs]
socketio: INFO: emitting event "job update" to job_management [/jobs]
digits.webapp: DEBUG: Training (epoch 1.8): loss = 0.067862, lr = 0.001000
socketio: INFO: emitting event "task update" to 20170509-174313-cb2c [/jobs]
socketio: INFO: emitting event "job update" to job_management [/jobs]
digits.webapp: DEBUG: Training (epoch 2.0): loss = 0.070775, lr = 0.001000
socketio: INFO: emitting event "task update" to 20170509-174313-cb2c [/jobs]
digits.webapp: DEBUG: Network validation loss #2.0: 0.091372
digits.webapp: DEBUG: Validation (epoch 2.0): loss = 0.091372
digits.webapp: WARNING: Train Tensorflow Model unrecognized output: INFO:tensorflow:/tmp/tmpX3R8Ve/20170509-174313-cb2c/snapshot_2.ckpt is not in all_model_checkpoint_paths. Manually adding it.
socketio: INFO: emitting event "task update" to 20170509-174313-cb2c [/jobs]
socketio: INFO: emitting event "task update" to 20170509-174313-cb2c [/jobs]
socketio: INFO: emitting event "job update" to job_management [/jobs]
digits.webapp: DEBUG: Training (epoch 2.2): loss = 0.077830, lr = 0.000100
socketio: INFO: emitting event "task update" to 20170509-174313-cb2c [/jobs]
socketio: INFO: emitting event "job update" to job_management [/jobs]
digits.webapp: DEBUG: Training (epoch 2.4): loss = 0.068468, lr = 0.000100
socketio: INFO: emitting event "task update" to 20170509-174313-cb2c [/jobs]
socketio: INFO: emitting event "job update" to job_management [/jobs]
digits.webapp: DEBUG: Training (epoch 2.6): loss = 0.074684, lr = 0.000100
socketio: INFO: emitting event "task update" to 20170509-174313-cb2c [/jobs]
socketio: INFO: emitting event "job update" to job_management [/jobs]
digits.webapp: DEBUG: Training (epoch 2.8): loss = 0.072691, lr = 0.000100
socketio: INFO: emitting event "task update" to 20170509-174313-cb2c [/jobs]
socketio: INFO: emitting event "job update" to job_management [/jobs]
digits.webapp: DEBUG: Training (epoch 3.0): loss = 0.063268, lr = 0.000100
socketio: INFO: emitting event "task update" to 20170509-174313-cb2c [/jobs]
digits.webapp: DEBUG: Network validation loss #3.0: 0.091236
digits.webapp: DEBUG: Validation (epoch 3.0): loss = 0.091236
digits.webapp: WARNING: Train Tensorflow Model unrecognized output: INFO:tensorflow:/tmp/tmpX3R8Ve/20170509-174313-cb2c/snapshot_3.ckpt is not in all_model_checkpoint_paths. Manually adding it.
socketio: INFO: emitting event "task update" to 20170509-174313-cb2c [/jobs]
socketio: INFO: emitting event "task update" to 20170509-172605-0fd8 [/jobs]
socketio: INFO: emitting event "task update" to 20170509-172706-cfe6 [/jobs]
socketio: INFO: emitting event "task update" to 20170509-173209-48ad [/jobs]
digits.webapp: WARNING: Train Tensorflow Model unrecognized output: Training wall-time: 0.31528711319
socketio: INFO: emitting event "task update" to 20170509-173320-66e3 [/jobs]
socketio: INFO: emitting event "task update" to 20170509-172927-67d2 [/jobs]
socketio: INFO: emitting event "task update" to 20170509-173515-e8bf [/jobs]
socketio: INFO: emitting event "task update" to 20170509-172524-d7c0 [/jobs]
socketio: INFO: emitting event "task update" to 20170509-172419-2d22 [/jobs]
socketio: INFO: emitting event "task update" to 20170509-172337-f1aa [/jobs]
socketio: INFO: emitting event "task update" to 20170509-173228-acad [/jobs]
socketio: INFO: emitting event "task update" to 20170509-172350-6fcd [/jobs]
socketio: INFO: emitting event "task update" to 20170509-173357-1ed1 [/jobs]
digits.webapp: INFO: Train Tensorflow Model task completed.
socketio: INFO: emitting event "task update" to 20170509-174313-cb2c [/jobs]
socketio: INFO: emitting event "job update" to job_management [/jobs]
socketio: INFO: emitting event "task update" to 20170509-174313-cb2c [/jobs]
socketio: INFO: emitting event "job update" to 20170509-174313-cb2c [/jobs]
socketio: INFO: emitting event "job update" to job_management [/jobs]
socketio: INFO: emitting event "server update" to job_management [/jobs]
socketio: INFO: emitting event "task update" to 20170509-172259-8252 [/jobs]
socketio: INFO: emitting event "task update" to 20170509-173322-0807 [/jobs]
socketio: INFO: emitting event "task update" to 20170509-172114-d063 [/jobs]
socketio: INFO: emitting event "job update" to job_management [/jobs]
socketio: INFO: emitting event "job update" to 20170509-174313-cb2c [/jobs]
socketio: INFO: emitting event "job update" to job_management [/jobs]
digits: INFO: Job complete.
socketio: INFO: emitting event "task update" to 20170509-172323-89b4 [/jobs]
--------------------- >> end captured logging << ---------------------

======================================================================
FAIL: digits.model.images.generic.test_views.TestTensorflowCreated.test_download('zip',)
----------------------------------------------------------------------
Traceback (most recent call last):
  File "/home/ethan/.local/lib/python2.7/site-packages/nose/case.py", line 197, in runTest
    self.test(*self.arg)
  File "/home/ethan/digits_GAN/digits/model/images/generic/test_views.py", line 544, in check_download
    assert rv.status_code == 200, 'download "%s" failed with %s' % (url, rv.status_code)
AssertionError: download "/models/20170509-174313-cb2c/download.zip" failed with 500

======================================================================
FAIL: digits.model.images.generic.test_views.TestTensorflowCreated.test_download('tar.gz',)
----------------------------------------------------------------------
Traceback (most recent call last):
  File "/home/ethan/.local/lib/python2.7/site-packages/nose/case.py", line 197, in runTest
    self.test(*self.arg)
  File "/home/ethan/digits_GAN/digits/model/images/generic/test_views.py", line 544, in check_download
    assert rv.status_code == 200, 'download "%s" failed with %s' % (url, rv.status_code)
AssertionError: download "/models/20170509-174313-cb2c/download.tar.gz" failed with 500

======================================================================
FAIL: digits.model.images.generic.test_views.TestTensorflowCreated.test_download('tar.bz2',)
----------------------------------------------------------------------
Traceback (most recent call last):
  File "/home/ethan/.local/lib/python2.7/site-packages/nose/case.py", line 197, in runTest
    self.test(*self.arg)
  File "/home/ethan/digits_GAN/digits/model/images/generic/test_views.py", line 544, in check_download
    assert rv.status_code == 200, 'download "%s" failed with %s' % (url, rv.status_code)
AssertionError: download "/models/20170509-174313-cb2c/download.tar.bz2" failed with 500

======================================================================
FAIL: digits.model.images.generic.test_views.TestTensorflowCreated.test_infer_db
----------------------------------------------------------------------
Traceback (most recent call last):
  File "/home/ethan/.local/lib/python2.7/site-packages/nose/case.py", line 197, in runTest
    self.test(*self.arg)
  File "/home/ethan/digits_GAN/digits/model/images/generic/test_views.py", line 639, in test_infer_db
    assert rv.status_code == 200, 'POST failed with %s\n\n%s' % (rv.status_code, body)
AssertionError: POST failed with 500

[<body>\n<div class="navbar navbar-inverse navbar-fixed-top">\n<div class="container">\n<div class="navbar-header">\n<a class="navbar-brand" href="/">DIGITS</a>\n</div>\n<ul class="nav navbar-nav">\n<li><a href="/models/20170509-174313-cb2c">test_model</a></li>\n<li class="active"><a>Test Many</a></li>\n</ul>\n<ul class="nav navbar-nav navbar-right">\n<li>\n<p class="navbar-text">\n            digits-testsuite (<a class="navbar-link" href="/logout">Logout</a>)\n            </p>\n</li>\n<li class="dropdown">\n<a class="dropdown-toggle" data-toggle="dropdown" href="#">Info<span class="caret"></span></a>\n<ul class="dropdown-menu navbar-inverse">\n<li><span class="navbar-text">Server: ethan-computer</span></li>\n<li><span class="navbar-text">DIGITS version: <br> 5.1-dev</br></span></li>\n<li><span class="navbar-text">Caffe version: <br> 0.15.13</br></span></li>\n<li><span class="navbar-text">Caffe flavor: <br> NVIDIA</br></span></li>\n</ul>\n</li>\n<li class="dropdown">\n<a class="dropdown-toggle" data-toggle="dropdown" href="#">About<span class="caret"></span></a>\n<ul class="dropdown-menu about-menu navbar-inverse">\n<li><span class="navbar-text"><a href="https://developer.nvidia.com/digits" target="_blank">\n                        DIGITS on developer.nvidia.com\n                    </a></span></li>\n<li><span class="navbar-text"><a href="https://github.com/NVIDIA/DIGITS" target="_blank">\n                        DIGITS on GitHub\n                    </a></span></li>\n<li><span class="navbar-text"><a href="https://groups.google.com/d/forum/digits-users" target="_blank">\n                        DIGITS user group\n                    </a></span></li>\n<li><span class="navbar-text"><a href="mailto:digits@nvidia.com">\n                        digits@nvidia.com\n                    </a></span></li>\n</ul>\n</li>\n</ul>\n</div>\n</div>\n<div class="container">\n<div class="jumbotron">\n<div class="container">\n<div class="row">\n<div class="col-sm-12" id="show-job-name">\n<h2 style="display:inline;">Infer Many Images</h2>\n</div>\n<div class="col-sm-4" id="edit-job-name" style="display:none;">\n<script>\nfunction updateJobName() {\n    var newName = $("input[name=job-name]").val();\n    $.ajax("/jobs/20170509-174316-be0e",\n            {\n                type: "PUT",\n                data: {"job_name": newName}\n                }\n          )\n    .done(function() {\n            $("#show-job-name h2").html(newName);\n            $('#edit-job-name').hide(); $('#show-job-name').show();\n            })\n    .fail(function(data) { errorAlert(data); });\n    return false;\n}\n                </script>\n<input class="form-control" name="job-name" value="Infer Many Images"/>\n<a class="btn btn-primary" href="#" onclick="return updateJobName();">Update</a>\n<a class="btn btn-info" href="#" onclick="$('#edit-job-name').hide(); $('#show-job-name').show(); return false;">Cancel</a>\n</div>\n</div>\n<small>Owner: digits-testsuite</small>\n<div class="pull-right">\n<a class="btn btn-info" disabled="" id="clone-job">Clone Job</a>\n<a class="btn btn-warning hidden disabled" id="abort-job">Abort Job</a>\n<a class="btn btn-danger disabled" id="delete-job">Delete Job</a>\n</div>\n</div>\n<script>\n$('#abort-job').on('click', function(event) {\n        event.preventDefault();\n        bootbox.confirm(\n            'Are you sure you want to abort this job?',\n            function(result) {\n                if (result)\n                    $.ajax("/jobs/20170509-174316-be0e/abort",\n                        {type: "POST"})\n                    .done(function() {\n                        $("#abort-job").hide();\n                        })\n                    .fail(function(data) { errorAlert(data); });\n            });\n        });\n\n$('#delete-job').on('click', function(event) {\n        event.preventDefault();\n        bootbox.confirm(\n            'Are you sure you want to delete this job?<br><br>All related files will be permanently removed.',\n            function(result) {\n                if (result)\n                    $.ajax("/jobs/20170509-174316-be0e",\n                        {type: "DELETE"})\n                    .done(function() {\n                        window.location = "/";\n                        })\n                    .fail(function(data) { errorAlert(data); });\n            });\n        });\n    </script>\n</div>\n<div class="row">\n<!-- Job content -->\n<div class="col-sm-8">\n<div class="page-header">\n<h1>\n        test_model\n        <small>\n            Image Inference\n        </small>\n</h1>\n</div>\n<div class="alert alert-danger">\n<p>Inference failed, see job log</p>\n</div>\n</div>\n<!-- Tasks -->\n<div class="col-sm-4">\n<div class="panel-group">\n<div class="panel panel-danger" id="job-statuses">\n<div class="panel-heading">\n<h4 class="panel-title">\n                    Job Status\n                    <small>Error</small>\n</h4>\n</div>\n<div class="panel-collapse">\n<div class="panel-body">\n<div class="job-statuses">\n<ul>\n<li>\n<span class="text-warning">Initialized</span>\n        at 05:43:16 PM\n            <small>(0 seconds)</small>\n</li>\n<li>\n<span class="text-info">Running</span>\n        at 05:43:16 PM\n            <small>(3 seconds)</small>\n</li>\n<li>\n<span class="text-danger">Error</span>\n        at 05:43:19 PM\n            <br>\n<small>(Total - 3 seconds)</small>\n</br></li>\n</ul>\n</div>\n<div class="panel-group">\n<div class="panel panel-danger" id="task-140099411078544-status">\n<div class="panel-heading">\n<h4 class="panel-title">\n<a data-toggle="collapse" href="#task-140099411078544-status-collapse">\n                                            Infer Model\n                                            <small>Error</small>\n<span class="caret"></span>\n</a>\n</h4>\n</div>\n<div class="panel-collapse collapse in" id="task-140099411078544-status-collapse">\n<div class="panel-body">\n<div class="task-progress" style="display:none;">\n<div class="progress">\n<div class="progress-bar" style="width:0%">\n                                                    0%\n                                                </div>\n</div>\n                                            Estimated time remaining: <span class="task-eta">?</span>\n<br/>\n<br/>\n</div>\n<div class="task-statuses">\n<ul>\n<li>\n<span class="text-warning">Initialized</span>\n        at 05:43:16 PM\n            <small>(0 seconds)</small>\n</li>\n<li>\n<span class="text-info">Running</span>\n        at 05:43:16 PM\n            <small>(2 seconds)</small>\n</li>\n<li>\n<span class="text-danger">Error</span>\n        at 05:43:19 PM\n            <br>\n<small>(Total - 2 seconds)</small>\n</br></li>\n</ul>\n<h4 class="text-danger">ERROR: error code 1</h4>\n<pre>\nWARNING: log_file config option not found - no log file is being saved\n2017-05-09 17:43:18 [ERROR] InferenceError: Unable to find snapshot for epoch=-1.0\nTraceback (most recent call last):\nFile "/home/ethan/digits_GAN/digits/tools/inference.py", line 293, in &lt;module&gt;\nargs['resize']\nFile "/home/ethan/digits_GAN/digits/tools/inference.py", line 79, in infer\nraise InferenceError("Unable to find snapshot for epoch=%s" % repr(epoch))\ndigits.inference.errors.InferenceError: 'Unable to find snapshot for epoch=-1.0'\n        </pre>\n</div>\n</div>\n</div>\n</div>\n</div>\n</div>\n</div>\n</div>\n</div>\n<div class="gpu-utilization-info" style="display:none;"></div>\n<!-- Related jobs -->\n<div class="panel panel-default" id="notes-information">\n<div class="panel-heading">\n<h4>Notes</h4>\n</div>\n<div class="panel-body">\n<div class="col-sm-12" id="show-job-notes">\n<p style="display:inline;">None</p>\n</div>\n<div class="col-sm-12" id="edit-job-notes" style="display:none;">\n<script type="text/javascript">\n                        function updateJobNotes() {\n                        var newNotes = $("textarea[name=job-notes]").val();\n                        $.ajax("/jobs/20170509-174316-be0e",\n                                {\n                                    type: "PUT",\n                                    data: {"job_notes": newNotes}\n                                    }\n                              )\n                        .done(function() {\n                                $("#show-job-notes p").html(newNotes);\n                                $('#edit-job-notes').hide(); $('#show-job-notes').show();\n                                })\n                        .fail(function(data) { errorAlert(data); });\n                        return false;\n                    }\n                    </script>\n<textarea class="form-control" name="job-notes" placeholder="Enter notes" rows="5"></textarea>\n<a class="btn btn-primary" href="#" onclick="return updateJobNotes();">Update</a>\n<a class="btn btn-info" href="#" onclick="$('#edit-job-notes').hide(); $('#show-job-notes').show(); return false;">Cancel</a>\n</div>\n</div>\n</div>\n</div>\n</div>\n<div class="row">\n</div>\n</div>\n<script>\n$SCRIPT_ROOT = "";\n\n$(".explanation-tooltip").tooltip();\n\nwindow.onload = function () {\n    $('.autocomplete_path').autocomplete({\n       serviceUrl: '/autocomplete/path',\n       formatResult: function (suggestion, currentValue)\n       {\n            function baseName(str)\n            {\n               var base = new String(str).substring(str.lastIndexOf('/') + 1);\n               return base;\n            }\n            return baseName(suggestion.value);\n        },\n        minChars: 0\n    });\n    $(".autocomplete_path").removeAttr("autocomplete");\n};\n\n</script>\n<style>\n .about-menu {\n     width: 240px !important;\n }\n .brightness {\n     display: inline-block;\n }\n .brightness img:hover {\n     opacity: .75;\n }\n</style>\n</body>]
-------------------- >> begin captured logging << --------------------
socketio: INFO: emitting event "job update" to job_management [/jobs]
socketio: INFO: emitting event "job update" to 20170509-174316-be0e [/jobs]
socketio: INFO: emitting event "job update" to job_management [/jobs]
socketio: INFO: emitting event "server update" to job_management [/jobs]
socketio: INFO: emitting event "server update" to job_management [/jobs]
socketio: INFO: emitting event "task update" to 20170509-173300-0377 [/jobs]
socketio: INFO: emitting event "task update" to 20170509-173245-3417 [/jobs]
socketio: INFO: emitting event "task update" to 20170509-173324-49b0 [/jobs]
digits.webapp: INFO: Infer Model task started.
socketio: INFO: emitting event "task update" to 20170509-174316-be0e [/jobs]
socketio: INFO: emitting event "job update" to 20170509-174316-be0e [/jobs]
socketio: INFO: emitting event "job update" to job_management [/jobs]
digits.webapp: INFO: Task subprocess args: "/usr/bin/python2 /home/ethan/digits_GAN/digits/tools/inference.py /tmp/tmpwfitKK/val_images /tmp/tmpX3R8Ve/20170509-174316-be0e 20170509-174313-cb2c --jobs_dir=/tmp/tmpX3R8Ve --layers=none --gpu=0 --db"
socketio: INFO: emitting event "task update" to 20170509-172342-e0ef [/jobs]
socketio: INFO: emitting event "task update" to 20170509-173108-a6ff [/jobs]
socketio: INFO: emitting event "task update" to 20170509-172725-6a13 [/jobs]
socketio: INFO: emitting event "task update" to 20170509-172806-b5bc [/jobs]
socketio: INFO: emitting event "task update" to 20170509-172227-0156 [/jobs]
socketio: INFO: emitting event "task update" to 20170509-172334-9d18 [/jobs]
socketio: INFO: emitting event "task update" to 20170509-173128-33ce [/jobs]
socketio: INFO: emitting event "task update" to 20170509-172347-b92a [/jobs]
socketio: INFO: emitting event "task update" to 20170509-173326-3e6f [/jobs]
socketio: INFO: emitting event "task update" to 20170509-172315-d38b [/jobs]
socketio: INFO: emitting event "task update" to 20170509-172516-8f4b [/jobs]
socketio: INFO: emitting event "task update" to 20170509-172352-bfdd [/jobs]
socketio: INFO: emitting event "task update" to 20170509-172412-e6f0 [/jobs]
socketio: INFO: emitting event "task update" to 20170509-173329-1cea [/jobs]
socketio: INFO: emitting event "task update" to 20170509-173229-c795 [/jobs]
socketio: INFO: emitting event "task update" to 20170509-172202-9230 [/jobs]
socketio: INFO: emitting event "task update" to 20170509-173331-d237 [/jobs]
socketio: INFO: emitting event "task update" to 20170509-172317-7da8 [/jobs]
socketio: INFO: emitting event "task update" to 20170509-173008-ee07 [/jobs]
socketio: INFO: emitting event "task update" to 20170509-172210-1907 [/jobs]
socketio: INFO: emitting event "task update" to 20170509-173333-e98b [/jobs]
socketio: INFO: emitting event "task update" to 20170509-172825-84c5 [/jobs]
socketio: INFO: emitting event "task update" to 20170509-173335-6067 [/jobs]
socketio: INFO: emitting event "task update" to 20170509-172147-4505 [/jobs]
socketio: INFO: emitting event "task update" to 20170509-173337-8532 [/jobs]
socketio: INFO: emitting event "task update" to 20170509-172907-6ffa [/jobs]
socketio: INFO: emitting event "task update" to 20170509-172339-dc52 [/jobs]
socketio: INFO: emitting event "task update" to 20170509-172625-e177 [/jobs]
socketio: INFO: emitting event "task update" to 20170509-173316-5f8a [/jobs]
socketio: INFO: emitting event "task update" to 20170509-173318-416e [/jobs]
socketio: INFO: emitting event "task update" to 20170509-173415-8046 [/jobs]
socketio: INFO: emitting event "task update" to 20170509-173027-0946 [/jobs]
socketio: INFO: emitting event "task update" to 20170509-172218-c9c0 [/jobs]
socketio: INFO: emitting event "task update" to 20170509-172328-6826 [/jobs]
socketio: INFO: emitting event "task update" to 20170509-173403-2593 [/jobs]
socketio: INFO: emitting event "task update" to 20170509-174313-cb2c [/jobs]
socketio: INFO: emitting event "task update" to 20170509-172344-9606 [/jobs]
socketio: INFO: emitting event "task update" to 20170509-172430-a33c [/jobs]
socketio: INFO: emitting event "task update" to 20170509-172605-0fd8 [/jobs]
socketio: INFO: emitting event "task update" to 20170509-172706-cfe6 [/jobs]
socketio: INFO: emitting event "task update" to 20170509-173209-48ad [/jobs]
socketio: INFO: emitting event "task update" to 20170509-173320-66e3 [/jobs]
socketio: INFO: emitting event "task update" to 20170509-172927-67d2 [/jobs]
socketio: INFO: emitting event "task update" to 20170509-173515-e8bf [/jobs]
socketio: INFO: emitting event "task update" to 20170509-172524-d7c0 [/jobs]
socketio: INFO: emitting event "task update" to 20170509-172419-2d22 [/jobs]
socketio: INFO: emitting event "task update" to 20170509-172337-f1aa [/jobs]
socketio: INFO: emitting event "task update" to 20170509-173228-acad [/jobs]
socketio: INFO: emitting event "task update" to 20170509-172350-6fcd [/jobs]
socketio: INFO: emitting event "task update" to 20170509-173357-1ed1 [/jobs]
socketio: INFO: emitting event "task update" to 20170509-172259-8252 [/jobs]
socketio: INFO: emitting event "task update" to 20170509-173322-0807 [/jobs]
socketio: INFO: emitting event "task update" to 20170509-172114-d063 [/jobs]
socketio: INFO: emitting event "task update" to 20170509-172323-89b4 [/jobs]
socketio: INFO: emitting event "task update" to 20170509-173300-0377 [/jobs]
socketio: INFO: emitting event "task update" to 20170509-173245-3417 [/jobs]
socketio: INFO: emitting event "task update" to 20170509-173324-49b0 [/jobs]
socketio: INFO: emitting event "task update" to 20170509-172342-e0ef [/jobs]
socketio: INFO: emitting event "task update" to 20170509-173108-a6ff [/jobs]
socketio: INFO: emitting event "task update" to 20170509-172725-6a13 [/jobs]
socketio: INFO: emitting event "task update" to 20170509-172806-b5bc [/jobs]
socketio: INFO: emitting event "task update" to 20170509-172227-0156 [/jobs]
socketio: INFO: emitting event "task update" to 20170509-172334-9d18 [/jobs]
socketio: INFO: emitting event "task update" to 20170509-173128-33ce [/jobs]
socketio: INFO: emitting event "task update" to 20170509-172347-b92a [/jobs]
socketio: INFO: emitting event "task update" to 20170509-173326-3e6f [/jobs]
socketio: INFO: emitting event "task update" to 20170509-172315-d38b [/jobs]
socketio: INFO: emitting event "task update" to 20170509-172516-8f4b [/jobs]
socketio: INFO: emitting event "task update" to 20170509-172352-bfdd [/jobs]
socketio: INFO: emitting event "task update" to 20170509-172412-e6f0 [/jobs]
socketio: INFO: emitting event "task update" to 20170509-173329-1cea [/jobs]
socketio: INFO: emitting event "task update" to 20170509-173229-c795 [/jobs]
socketio: INFO: emitting event "task update" to 20170509-172202-9230 [/jobs]
socketio: INFO: emitting event "task update" to 20170509-173331-d237 [/jobs]
socketio: INFO: emitting event "task update" to 20170509-172317-7da8 [/jobs]
socketio: INFO: emitting event "task update" to 20170509-173008-ee07 [/jobs]
socketio: INFO: emitting event "task update" to 20170509-172210-1907 [/jobs]
socketio: INFO: emitting event "task update" to 20170509-173333-e98b [/jobs]
socketio: INFO: emitting event "task update" to 20170509-172825-84c5 [/jobs]
socketio: INFO: emitting event "task update" to 20170509-173335-6067 [/jobs]
socketio: INFO: emitting event "task update" to 20170509-172147-4505 [/jobs]
socketio: INFO: emitting event "task update" to 20170509-173337-8532 [/jobs]
socketio: INFO: emitting event "task update" to 20170509-172907-6ffa [/jobs]
socketio: INFO: emitting event "task update" to 20170509-172339-dc52 [/jobs]
socketio: INFO: emitting event "task update" to 20170509-172625-e177 [/jobs]
socketio: INFO: emitting event "task update" to 20170509-173316-5f8a [/jobs]
socketio: INFO: emitting event "task update" to 20170509-173318-416e [/jobs]
socketio: INFO: emitting event "task update" to 20170509-173415-8046 [/jobs]
socketio: INFO: emitting event "task update" to 20170509-173027-0946 [/jobs]
socketio: INFO: emitting event "task update" to 20170509-172218-c9c0 [/jobs]
socketio: INFO: emitting event "task update" to 20170509-172328-6826 [/jobs]
socketio: INFO: emitting event "task update" to 20170509-173403-2593 [/jobs]
socketio: INFO: emitting event "task update" to 20170509-174313-cb2c [/jobs]
socketio: INFO: emitting event "task update" to 20170509-172344-9606 [/jobs]
socketio: INFO: emitting event "task update" to 20170509-172430-a33c [/jobs]
socketio: INFO: emitting event "task update" to 20170509-172605-0fd8 [/jobs]
socketio: INFO: emitting event "task update" to 20170509-172706-cfe6 [/jobs]
socketio: INFO: emitting event "task update" to 20170509-173209-48ad [/jobs]
socketio: INFO: emitting event "task update" to 20170509-173320-66e3 [/jobs]
socketio: INFO: emitting event "task update" to 20170509-172927-67d2 [/jobs]
socketio: INFO: emitting event "task update" to 20170509-173515-e8bf [/jobs]
socketio: INFO: emitting event "task update" to 20170509-172524-d7c0 [/jobs]
socketio: INFO: emitting event "task update" to 20170509-172419-2d22 [/jobs]
socketio: INFO: emitting event "task update" to 20170509-172337-f1aa [/jobs]
socketio: INFO: emitting event "task update" to 20170509-173228-acad [/jobs]
socketio: INFO: emitting event "task update" to 20170509-172350-6fcd [/jobs]
socketio: INFO: emitting event "task update" to 20170509-173357-1ed1 [/jobs]
socketio: INFO: emitting event "task update" to 20170509-172259-8252 [/jobs]
socketio: INFO: emitting event "task update" to 20170509-173322-0807 [/jobs]
socketio: INFO: emitting event "task update" to 20170509-172114-d063 [/jobs]
socketio: INFO: emitting event "task update" to 20170509-172323-89b4 [/jobs]
socketio: INFO: emitting event "task update" to 20170509-173300-0377 [/jobs]
socketio: INFO: emitting event "task update" to 20170509-173245-3417 [/jobs]
socketio: INFO: emitting event "task update" to 20170509-173324-49b0 [/jobs]
socketio: INFO: emitting event "task update" to 20170509-172342-e0ef [/jobs]
socketio: INFO: emitting event "task update" to 20170509-173108-a6ff [/jobs]
socketio: INFO: emitting event "task update" to 20170509-172725-6a13 [/jobs]
socketio: INFO: emitting event "task update" to 20170509-172806-b5bc [/jobs]
socketio: INFO: emitting event "task update" to 20170509-172227-0156 [/jobs]
socketio: INFO: emitting event "task update" to 20170509-172334-9d18 [/jobs]
socketio: INFO: emitting event "task update" to 20170509-173128-33ce [/jobs]
socketio: INFO: emitting event "task update" to 20170509-172347-b92a [/jobs]
socketio: INFO: emitting event "task update" to 20170509-173326-3e6f [/jobs]
socketio: INFO: emitting event "task update" to 20170509-172315-d38b [/jobs]
socketio: INFO: emitting event "task update" to 20170509-172516-8f4b [/jobs]
socketio: INFO: emitting event "task update" to 20170509-172352-bfdd [/jobs]
socketio: INFO: emitting event "task update" to 20170509-172412-e6f0 [/jobs]
socketio: INFO: emitting event "task update" to 20170509-173329-1cea [/jobs]
socketio: INFO: emitting event "task update" to 20170509-173229-c795 [/jobs]
socketio: INFO: emitting event "task update" to 20170509-172202-9230 [/jobs]
socketio: INFO: emitting event "task update" to 20170509-173331-d237 [/jobs]
socketio: INFO: emitting event "task update" to 20170509-172317-7da8 [/jobs]
socketio: INFO: emitting event "task update" to 20170509-173008-ee07 [/jobs]
socketio: INFO: emitting event "task update" to 20170509-172210-1907 [/jobs]
socketio: INFO: emitting event "task update" to 20170509-173333-e98b [/jobs]
socketio: INFO: emitting event "task update" to 20170509-172825-84c5 [/jobs]
socketio: INFO: emitting event "task update" to 20170509-173335-6067 [/jobs]
socketio: INFO: emitting event "task update" to 20170509-172147-4505 [/jobs]
socketio: INFO: emitting event "task update" to 20170509-173337-8532 [/jobs]
socketio: INFO: emitting event "task update" to 20170509-172907-6ffa [/jobs]
socketio: INFO: emitting event "task update" to 20170509-172339-dc52 [/jobs]
socketio: INFO: emitting event "task update" to 20170509-172625-e177 [/jobs]
socketio: INFO: emitting event "task update" to 20170509-173316-5f8a [/jobs]
socketio: INFO: emitting event "task update" to 20170509-173318-416e [/jobs]
socketio: INFO: emitting event "task update" to 20170509-173415-8046 [/jobs]
socketio: INFO: emitting event "task update" to 20170509-173027-0946 [/jobs]
socketio: INFO: emitting event "task update" to 20170509-172218-c9c0 [/jobs]
socketio: INFO: emitting event "task update" to 20170509-172328-6826 [/jobs]
socketio: INFO: emitting event "task update" to 20170509-173403-2593 [/jobs]
socketio: INFO: emitting event "task update" to 20170509-174313-cb2c [/jobs]
socketio: INFO: emitting event "task update" to 20170509-172344-9606 [/jobs]
socketio: INFO: emitting event "task update" to 20170509-172430-a33c [/jobs]
socketio: INFO: emitting event "task update" to 20170509-172605-0fd8 [/jobs]
socketio: INFO: emitting event "task update" to 20170509-172706-cfe6 [/jobs]
socketio: INFO: emitting event "task update" to 20170509-173209-48ad [/jobs]
socketio: INFO: emitting event "task update" to 20170509-173320-66e3 [/jobs]
socketio: INFO: emitting event "task update" to 20170509-172927-67d2 [/jobs]
socketio: INFO: emitting event "task update" to 20170509-173515-e8bf [/jobs]
socketio: INFO: emitting event "task update" to 20170509-172524-d7c0 [/jobs]
socketio: INFO: emitting event "task update" to 20170509-172419-2d22 [/jobs]
socketio: INFO: emitting event "task update" to 20170509-172337-f1aa [/jobs]
socketio: INFO: emitting event "task update" to 20170509-173228-acad [/jobs]
socketio: INFO: emitting event "task update" to 20170509-172350-6fcd [/jobs]
socketio: INFO: emitting event "task update" to 20170509-173357-1ed1 [/jobs]
socketio: INFO: emitting event "task update" to 20170509-172259-8252 [/jobs]
digits.webapp: WARNING: Infer Model unrecognized output: WARNING: log_file config option not found - no log file is being saved
digits.webapp: WARNING: Infer Model unrecognized output: 2017-05-09 17:43:18 [ERROR] InferenceError: Unable to find snapshot for epoch=-1.0
digits.webapp: WARNING: Infer Model unrecognized output: Traceback (most recent call last):
digits.webapp: WARNING: Infer Model unrecognized output: File "/home/ethan/digits_GAN/digits/tools/inference.py", line 293, in <module>
digits.webapp: WARNING: Infer Model unrecognized output: args['resize']
digits.webapp: WARNING: Infer Model unrecognized output: File "/home/ethan/digits_GAN/digits/tools/inference.py", line 79, in infer
digits.webapp: WARNING: Infer Model unrecognized output: raise InferenceError("Unable to find snapshot for epoch=%s" % repr(epoch))
digits.webapp: WARNING: Infer Model unrecognized output: digits.inference.errors.InferenceError: 'Unable to find snapshot for epoch=-1.0'
socketio: INFO: emitting event "task update" to 20170509-173322-0807 [/jobs]
socketio: INFO: emitting event "task update" to 20170509-172114-d063 [/jobs]
socketio: INFO: emitting event "task update" to 20170509-172323-89b4 [/jobs]
digits.webapp: ERROR: Infer Model task failed with error code 1
socketio: INFO: emitting event "task update" to 20170509-174316-be0e [/jobs]
socketio: INFO: emitting event "job update" to 20170509-174316-be0e [/jobs]
socketio: INFO: emitting event "job update" to job_management [/jobs]
socketio: INFO: emitting event "server update" to job_management [/jobs]
socketio: INFO: emitting event "server update" to job_management [/jobs]
socketio: INFO: emitting event "job update" to 20170509-174316-be0e [/jobs]
socketio: INFO: emitting event "job update" to job_management [/jobs]
digits: INFO: Job deleted.
socketio: INFO: emitting event "job update" to job_management [/jobs]
--------------------- >> end captured logging << ---------------------

======================================================================
FAIL: digits.model.images.generic.test_views.TestTensorflowCreated.test_infer_db_json
----------------------------------------------------------------------
Traceback (most recent call last):
  File "/home/ethan/.local/lib/python2.7/site-packages/nose/case.py", line 197, in runTest
    self.test(*self.arg)
  File "/home/ethan/digits_GAN/digits/model/images/generic/test_views.py", line 686, in test_infer_db_json
    assert rv.status_code == 200, 'POST failed with %s\n\n%s' % (rv.status_code, rv.data)
AssertionError: POST failed with 500

{
  "error": {
    "message": "'NoneType' object is not iterable",
    "trace": [
      "Traceback (most recent call last):",
      "  File \"/usr/lib/python2.7/dist-packages/flask/app.py\", line 1475, in full_dispatch_request",
      "    rv = self.dispatch_request()",
      "  File \"/usr/lib/python2.7/dist-packages/flask/app.py\", line 1461, in dispatch_request",
      "    return self.view_functions[rule.endpoint](**req.view_args)",
      "  File \"/home/ethan/digits_GAN/digits/webapp.py\", line 81, in decorated",
      "    return f(*args, **kwargs)",
      "  File \"/home/ethan/digits_GAN/digits/model/images/generic/views.py\", line 600, in infer_db",
      "    for i, key in enumerate(keys):",
      "TypeError: 'NoneType' object is not iterable",
      ""
    ],
    "type": "TypeError"
  }
}
-------------------- >> begin captured logging << --------------------
socketio: INFO: emitting event "job update" to job_management [/jobs]
socketio: INFO: emitting event "task update" to 20170509-173300-0377 [/jobs]
socketio: INFO: emitting event "task update" to 20170509-173245-3417 [/jobs]
socketio: INFO: emitting event "task update" to 20170509-173324-49b0 [/jobs]
socketio: INFO: emitting event "task update" to 20170509-172342-e0ef [/jobs]
socketio: INFO: emitting event "task update" to 20170509-173108-a6ff [/jobs]
socketio: INFO: emitting event "task update" to 20170509-172725-6a13 [/jobs]
socketio: INFO: emitting event "job update" to 20170509-174319-87a1 [/jobs]
socketio: INFO: emitting event "job update" to job_management [/jobs]
socketio: INFO: emitting event "server update" to job_management [/jobs]
socketio: INFO: emitting event "server update" to job_management [/jobs]
digits.webapp: INFO: Infer Model task started.
socketio: INFO: emitting event "task update" to 20170509-174319-87a1 [/jobs]
socketio: INFO: emitting event "job update" to 20170509-174319-87a1 [/jobs]
socketio: INFO: emitting event "job update" to job_management [/jobs]
digits.webapp: INFO: Task subprocess args: "/usr/bin/python2 /home/ethan/digits_GAN/digits/tools/inference.py /tmp/tmpwfitKK/val_images /tmp/tmpX3R8Ve/20170509-174319-87a1 20170509-174313-cb2c --jobs_dir=/tmp/tmpX3R8Ve --layers=none --gpu=0 --db"
socketio: INFO: emitting event "task update" to 20170509-172806-b5bc [/jobs]
socketio: INFO: emitting event "task update" to 20170509-172227-0156 [/jobs]
socketio: INFO: emitting event "task update" to 20170509-172334-9d18 [/jobs]
socketio: INFO: emitting event "task update" to 20170509-173128-33ce [/jobs]
socketio: INFO: emitting event "task update" to 20170509-172347-b92a [/jobs]
socketio: INFO: emitting event "task update" to 20170509-173326-3e6f [/jobs]
socketio: INFO: emitting event "task update" to 20170509-172315-d38b [/jobs]
socketio: INFO: emitting event "task update" to 20170509-172516-8f4b [/jobs]
socketio: INFO: emitting event "task update" to 20170509-172352-bfdd [/jobs]
socketio: INFO: emitting event "task update" to 20170509-172412-e6f0 [/jobs]
socketio: INFO: emitting event "task update" to 20170509-173329-1cea [/jobs]
socketio: INFO: emitting event "task update" to 20170509-173229-c795 [/jobs]
socketio: INFO: emitting event "task update" to 20170509-172202-9230 [/jobs]
socketio: INFO: emitting event "task update" to 20170509-173331-d237 [/jobs]
socketio: INFO: emitting event "task update" to 20170509-172317-7da8 [/jobs]
socketio: INFO: emitting event "task update" to 20170509-173008-ee07 [/jobs]
socketio: INFO: emitting event "task update" to 20170509-172210-1907 [/jobs]
socketio: INFO: emitting event "task update" to 20170509-173333-e98b [/jobs]
socketio: INFO: emitting event "task update" to 20170509-172825-84c5 [/jobs]
socketio: INFO: emitting event "task update" to 20170509-173335-6067 [/jobs]
socketio: INFO: emitting event "task update" to 20170509-172147-4505 [/jobs]
socketio: INFO: emitting event "task update" to 20170509-173337-8532 [/jobs]
socketio: INFO: emitting event "task update" to 20170509-172907-6ffa [/jobs]
socketio: INFO: emitting event "task update" to 20170509-172339-dc52 [/jobs]
socketio: INFO: emitting event "task update" to 20170509-172625-e177 [/jobs]
socketio: INFO: emitting event "task update" to 20170509-173316-5f8a [/jobs]
socketio: INFO: emitting event "task update" to 20170509-173318-416e [/jobs]
socketio: INFO: emitting event "task update" to 20170509-173415-8046 [/jobs]
socketio: INFO: emitting event "task update" to 20170509-173027-0946 [/jobs]
socketio: INFO: emitting event "task update" to 20170509-172218-c9c0 [/jobs]
socketio: INFO: emitting event "task update" to 20170509-172328-6826 [/jobs]
socketio: INFO: emitting event "task update" to 20170509-173403-2593 [/jobs]
socketio: INFO: emitting event "task update" to 20170509-174313-cb2c [/jobs]
socketio: INFO: emitting event "task update" to 20170509-172344-9606 [/jobs]
socketio: INFO: emitting event "task update" to 20170509-172430-a33c [/jobs]
socketio: INFO: emitting event "task update" to 20170509-172605-0fd8 [/jobs]
socketio: INFO: emitting event "task update" to 20170509-172706-cfe6 [/jobs]
socketio: INFO: emitting event "task update" to 20170509-173209-48ad [/jobs]
socketio: INFO: emitting event "task update" to 20170509-173320-66e3 [/jobs]
socketio: INFO: emitting event "task update" to 20170509-172927-67d2 [/jobs]
socketio: INFO: emitting event "task update" to 20170509-173515-e8bf [/jobs]
socketio: INFO: emitting event "task update" to 20170509-172524-d7c0 [/jobs]
socketio: INFO: emitting event "task update" to 20170509-172419-2d22 [/jobs]
socketio: INFO: emitting event "task update" to 20170509-172337-f1aa [/jobs]
socketio: INFO: emitting event "task update" to 20170509-173228-acad [/jobs]
socketio: INFO: emitting event "task update" to 20170509-172350-6fcd [/jobs]
socketio: INFO: emitting event "task update" to 20170509-173357-1ed1 [/jobs]
socketio: INFO: emitting event "task update" to 20170509-172259-8252 [/jobs]
socketio: INFO: emitting event "task update" to 20170509-173322-0807 [/jobs]
socketio: INFO: emitting event "task update" to 20170509-172114-d063 [/jobs]
socketio: INFO: emitting event "task update" to 20170509-172323-89b4 [/jobs]
socketio: INFO: emitting event "task update" to 20170509-173300-0377 [/jobs]
socketio: INFO: emitting event "task update" to 20170509-173245-3417 [/jobs]
socketio: INFO: emitting event "task update" to 20170509-173324-49b0 [/jobs]
socketio: INFO: emitting event "task update" to 20170509-172342-e0ef [/jobs]
socketio: INFO: emitting event "task update" to 20170509-173108-a6ff [/jobs]
socketio: INFO: emitting event "task update" to 20170509-172725-6a13 [/jobs]
socketio: INFO: emitting event "task update" to 20170509-172806-b5bc [/jobs]
socketio: INFO: emitting event "task update" to 20170509-172227-0156 [/jobs]
socketio: INFO: emitting event "task update" to 20170509-172334-9d18 [/jobs]
socketio: INFO: emitting event "task update" to 20170509-173128-33ce [/jobs]
socketio: INFO: emitting event "task update" to 20170509-172347-b92a [/jobs]
socketio: INFO: emitting event "task update" to 20170509-173326-3e6f [/jobs]
socketio: INFO: emitting event "task update" to 20170509-172315-d38b [/jobs]
socketio: INFO: emitting event "task update" to 20170509-172516-8f4b [/jobs]
socketio: INFO: emitting event "task update" to 20170509-172352-bfdd [/jobs]
socketio: INFO: emitting event "task update" to 20170509-172412-e6f0 [/jobs]
socketio: INFO: emitting event "task update" to 20170509-173329-1cea [/jobs]
socketio: INFO: emitting event "task update" to 20170509-173229-c795 [/jobs]
socketio: INFO: emitting event "task update" to 20170509-172202-9230 [/jobs]
socketio: INFO: emitting event "task update" to 20170509-173331-d237 [/jobs]
socketio: INFO: emitting event "task update" to 20170509-172317-7da8 [/jobs]
socketio: INFO: emitting event "task update" to 20170509-173008-ee07 [/jobs]
socketio: INFO: emitting event "task update" to 20170509-172210-1907 [/jobs]
socketio: INFO: emitting event "task update" to 20170509-173333-e98b [/jobs]
socketio: INFO: emitting event "task update" to 20170509-172825-84c5 [/jobs]
socketio: INFO: emitting event "task update" to 20170509-173335-6067 [/jobs]
socketio: INFO: emitting event "task update" to 20170509-172147-4505 [/jobs]
socketio: INFO: emitting event "task update" to 20170509-173337-8532 [/jobs]
socketio: INFO: emitting event "task update" to 20170509-172907-6ffa [/jobs]
socketio: INFO: emitting event "task update" to 20170509-172339-dc52 [/jobs]
socketio: INFO: emitting event "task update" to 20170509-172625-e177 [/jobs]
socketio: INFO: emitting event "task update" to 20170509-173316-5f8a [/jobs]
socketio: INFO: emitting event "task update" to 20170509-173318-416e [/jobs]
socketio: INFO: emitting event "task update" to 20170509-173415-8046 [/jobs]
socketio: INFO: emitting event "task update" to 20170509-173027-0946 [/jobs]
socketio: INFO: emitting event "task update" to 20170509-172218-c9c0 [/jobs]
socketio: INFO: emitting event "task update" to 20170509-172328-6826 [/jobs]
socketio: INFO: emitting event "task update" to 20170509-173403-2593 [/jobs]
socketio: INFO: emitting event "task update" to 20170509-174313-cb2c [/jobs]
socketio: INFO: emitting event "task update" to 20170509-172344-9606 [/jobs]
socketio: INFO: emitting event "task update" to 20170509-172430-a33c [/jobs]
socketio: INFO: emitting event "task update" to 20170509-172605-0fd8 [/jobs]
socketio: INFO: emitting event "task update" to 20170509-172706-cfe6 [/jobs]
socketio: INFO: emitting event "task update" to 20170509-173209-48ad [/jobs]
socketio: INFO: emitting event "task update" to 20170509-173320-66e3 [/jobs]
socketio: INFO: emitting event "task update" to 20170509-172927-67d2 [/jobs]
socketio: INFO: emitting event "task update" to 20170509-173515-e8bf [/jobs]
socketio: INFO: emitting event "task update" to 20170509-172524-d7c0 [/jobs]
socketio: INFO: emitting event "task update" to 20170509-172419-2d22 [/jobs]
socketio: INFO: emitting event "task update" to 20170509-172337-f1aa [/jobs]
socketio: INFO: emitting event "task update" to 20170509-173228-acad [/jobs]
socketio: INFO: emitting event "task update" to 20170509-172350-6fcd [/jobs]
socketio: INFO: emitting event "task update" to 20170509-173357-1ed1 [/jobs]
socketio: INFO: emitting event "task update" to 20170509-172259-8252 [/jobs]
socketio: INFO: emitting event "task update" to 20170509-173322-0807 [/jobs]
socketio: INFO: emitting event "task update" to 20170509-172114-d063 [/jobs]
socketio: INFO: emitting event "task update" to 20170509-172323-89b4 [/jobs]
socketio: INFO: emitting event "task update" to 20170509-173300-0377 [/jobs]
socketio: INFO: emitting event "task update" to 20170509-173245-3417 [/jobs]
socketio: INFO: emitting event "task update" to 20170509-173324-49b0 [/jobs]
socketio: INFO: emitting event "task update" to 20170509-172342-e0ef [/jobs]
socketio: INFO: emitting event "task update" to 20170509-173108-a6ff [/jobs]
socketio: INFO: emitting event "task update" to 20170509-172725-6a13 [/jobs]
socketio: INFO: emitting event "task update" to 20170509-172806-b5bc [/jobs]
socketio: INFO: emitting event "task update" to 20170509-172227-0156 [/jobs]
socketio: INFO: emitting event "task update" to 20170509-172334-9d18 [/jobs]
socketio: INFO: emitting event "task update" to 20170509-173128-33ce [/jobs]
socketio: INFO: emitting event "task update" to 20170509-172347-b92a [/jobs]
socketio: INFO: emitting event "task update" to 20170509-173326-3e6f [/jobs]
socketio: INFO: emitting event "task update" to 20170509-172315-d38b [/jobs]
socketio: INFO: emitting event "task update" to 20170509-172516-8f4b [/jobs]
socketio: INFO: emitting event "task update" to 20170509-172352-bfdd [/jobs]
socketio: INFO: emitting event "task update" to 20170509-172412-e6f0 [/jobs]
socketio: INFO: emitting event "task update" to 20170509-173329-1cea [/jobs]
socketio: INFO: emitting event "task update" to 20170509-173229-c795 [/jobs]
socketio: INFO: emitting event "task update" to 20170509-172202-9230 [/jobs]
socketio: INFO: emitting event "task update" to 20170509-173331-d237 [/jobs]
socketio: INFO: emitting event "task update" to 20170509-172317-7da8 [/jobs]
socketio: INFO: emitting event "task update" to 20170509-173008-ee07 [/jobs]
socketio: INFO: emitting event "task update" to 20170509-172210-1907 [/jobs]
socketio: INFO: emitting event "task update" to 20170509-173333-e98b [/jobs]
socketio: INFO: emitting event "task update" to 20170509-172825-84c5 [/jobs]
socketio: INFO: emitting event "task update" to 20170509-173335-6067 [/jobs]
socketio: INFO: emitting event "task update" to 20170509-172147-4505 [/jobs]
socketio: INFO: emitting event "task update" to 20170509-173337-8532 [/jobs]
socketio: INFO: emitting event "task update" to 20170509-172907-6ffa [/jobs]
socketio: INFO: emitting event "task update" to 20170509-172339-dc52 [/jobs]
socketio: INFO: emitting event "task update" to 20170509-172625-e177 [/jobs]
socketio: INFO: emitting event "task update" to 20170509-173316-5f8a [/jobs]
socketio: INFO: emitting event "task update" to 20170509-173318-416e [/jobs]
socketio: INFO: emitting event "task update" to 20170509-173415-8046 [/jobs]
socketio: INFO: emitting event "task update" to 20170509-173027-0946 [/jobs]
socketio: INFO: emitting event "task update" to 20170509-172218-c9c0 [/jobs]
socketio: INFO: emitting event "task update" to 20170509-172328-6826 [/jobs]
socketio: INFO: emitting event "task update" to 20170509-173403-2593 [/jobs]
socketio: INFO: emitting event "task update" to 20170509-174313-cb2c [/jobs]
socketio: INFO: emitting event "task update" to 20170509-172344-9606 [/jobs]
socketio: INFO: emitting event "task update" to 20170509-172430-a33c [/jobs]
socketio: INFO: emitting event "task update" to 20170509-172605-0fd8 [/jobs]
socketio: INFO: emitting event "task update" to 20170509-172706-cfe6 [/jobs]
socketio: INFO: emitting event "task update" to 20170509-173209-48ad [/jobs]
socketio: INFO: emitting event "task update" to 20170509-173320-66e3 [/jobs]
socketio: INFO: emitting event "task update" to 20170509-172927-67d2 [/jobs]
socketio: INFO: emitting event "task update" to 20170509-173515-e8bf [/jobs]
socketio: INFO: emitting event "task update" to 20170509-172524-d7c0 [/jobs]
socketio: INFO: emitting event "task update" to 20170509-172419-2d22 [/jobs]
socketio: INFO: emitting event "task update" to 20170509-172337-f1aa [/jobs]
socketio: INFO: emitting event "task update" to 20170509-173228-acad [/jobs]
socketio: INFO: emitting event "task update" to 20170509-172350-6fcd [/jobs]
socketio: INFO: emitting event "task update" to 20170509-173357-1ed1 [/jobs]
socketio: INFO: emitting event "task update" to 20170509-172259-8252 [/jobs]
socketio: INFO: emitting event "task update" to 20170509-173322-0807 [/jobs]
socketio: INFO: emitting event "task update" to 20170509-172114-d063 [/jobs]
socketio: INFO: emitting event "task update" to 20170509-172323-89b4 [/jobs]
digits.webapp: WARNING: Infer Model unrecognized output: WARNING: log_file config option not found - no log file is being saved
digits.webapp: WARNING: Infer Model unrecognized output: 2017-05-09 17:43:21 [ERROR] InferenceError: Unable to find snapshot for epoch=-1.0
digits.webapp: WARNING: Infer Model unrecognized output: Traceback (most recent call last):
digits.webapp: WARNING: Infer Model unrecognized output: File "/home/ethan/digits_GAN/digits/tools/inference.py", line 293, in <module>
digits.webapp: WARNING: Infer Model unrecognized output: args['resize']
digits.webapp: WARNING: Infer Model unrecognized output: File "/home/ethan/digits_GAN/digits/tools/inference.py", line 79, in infer
digits.webapp: WARNING: Infer Model unrecognized output: raise InferenceError("Unable to find snapshot for epoch=%s" % repr(epoch))
digits.webapp: WARNING: Infer Model unrecognized output: digits.inference.errors.InferenceError: 'Unable to find snapshot for epoch=-1.0'
digits.webapp: ERROR: Infer Model task failed with error code 1
socketio: INFO: emitting event "task update" to 20170509-174319-87a1 [/jobs]
socketio: INFO: emitting event "job update" to 20170509-174319-87a1 [/jobs]
socketio: INFO: emitting event "job update" to job_management [/jobs]
socketio: INFO: emitting event "server update" to job_management [/jobs]
socketio: INFO: emitting event "server update" to job_management [/jobs]
socketio: INFO: emitting event "job update" to 20170509-174319-87a1 [/jobs]
socketio: INFO: emitting event "job update" to job_management [/jobs]
digits: INFO: Job deleted.
socketio: INFO: emitting event "job update" to job_management [/jobs]
--------------------- >> end captured logging << ---------------------

======================================================================
FAIL: digits.model.images.generic.test_views.TestTensorflowCreated.test_infer_many
----------------------------------------------------------------------
Traceback (most recent call last):
  File "/home/ethan/.local/lib/python2.7/site-packages/nose/case.py", line 197, in runTest
    self.test(*self.arg)
  File "/home/ethan/digits_GAN/digits/model/images/generic/test_views.py", line 626, in test_infer_many
    assert rv.status_code == 200, 'POST failed with %s\n\n%s' % (rv.status_code, body)
AssertionError: POST failed with 500

[<body>\n<div class="navbar navbar-inverse navbar-fixed-top">\n<div class="container">\n<div class="navbar-header">\n<a class="navbar-brand" href="/">DIGITS</a>\n</div>\n<ul class="nav navbar-nav">\n<li><a href="/models/20170509-174313-cb2c">test_model</a></li>\n<li class="active"><a>Test Many</a></li>\n</ul>\n<ul class="nav navbar-nav navbar-right">\n<li>\n<p class="navbar-text">\n            digits-testsuite (<a class="navbar-link" href="/logout">Logout</a>)\n            </p>\n</li>\n<li class="dropdown">\n<a class="dropdown-toggle" data-toggle="dropdown" href="#">Info<span class="caret"></span></a>\n<ul class="dropdown-menu navbar-inverse">\n<li><span class="navbar-text">Server: ethan-computer</span></li>\n<li><span class="navbar-text">DIGITS version: <br> 5.1-dev</br></span></li>\n<li><span class="navbar-text">Caffe version: <br> 0.15.13</br></span></li>\n<li><span class="navbar-text">Caffe flavor: <br> NVIDIA</br></span></li>\n</ul>\n</li>\n<li class="dropdown">\n<a class="dropdown-toggle" data-toggle="dropdown" href="#">About<span class="caret"></span></a>\n<ul class="dropdown-menu about-menu navbar-inverse">\n<li><span class="navbar-text"><a href="https://developer.nvidia.com/digits" target="_blank">\n                        DIGITS on developer.nvidia.com\n                    </a></span></li>\n<li><span class="navbar-text"><a href="https://github.com/NVIDIA/DIGITS" target="_blank">\n                        DIGITS on GitHub\n                    </a></span></li>\n<li><span class="navbar-text"><a href="https://groups.google.com/d/forum/digits-users" target="_blank">\n                        DIGITS user group\n                    </a></span></li>\n<li><span class="navbar-text"><a href="mailto:digits@nvidia.com">\n                        digits@nvidia.com\n                    </a></span></li>\n</ul>\n</li>\n</ul>\n</div>\n</div>\n<div class="container">\n<div class="jumbotron">\n<div class="container">\n<div class="row">\n<div class="col-sm-12" id="show-job-name">\n<h2 style="display:inline;">Infer Many Images</h2>\n</div>\n<div class="col-sm-4" id="edit-job-name" style="display:none;">\n<script>\nfunction updateJobName() {\n    var newName = $("input[name=job-name]").val();\n    $.ajax("/jobs/20170509-174322-e7ee",\n            {\n                type: "PUT",\n                data: {"job_name": newName}\n                }\n          )\n    .done(function() {\n            $("#show-job-name h2").html(newName);\n            $('#edit-job-name').hide(); $('#show-job-name').show();\n            })\n    .fail(function(data) { errorAlert(data); });\n    return false;\n}\n                </script>\n<input class="form-control" name="job-name" value="Infer Many Images"/>\n<a class="btn btn-primary" href="#" onclick="return updateJobName();">Update</a>\n<a class="btn btn-info" href="#" onclick="$('#edit-job-name').hide(); $('#show-job-name').show(); return false;">Cancel</a>\n</div>\n</div>\n<small>Owner: digits-testsuite</small>\n<div class="pull-right">\n<a class="btn btn-info" disabled="" id="clone-job">Clone Job</a>\n<a class="btn btn-warning hidden disabled" id="abort-job">Abort Job</a>\n<a class="btn btn-danger disabled" id="delete-job">Delete Job</a>\n</div>\n</div>\n<script>\n$('#abort-job').on('click', function(event) {\n        event.preventDefault();\n        bootbox.confirm(\n            'Are you sure you want to abort this job?',\n            function(result) {\n                if (result)\n                    $.ajax("/jobs/20170509-174322-e7ee/abort",\n                        {type: "POST"})\n                    .done(function() {\n                        $("#abort-job").hide();\n                        })\n                    .fail(function(data) { errorAlert(data); });\n            });\n        });\n\n$('#delete-job').on('click', function(event) {\n        event.preventDefault();\n        bootbox.confirm(\n            'Are you sure you want to delete this job?<br><br>All related files will be permanently removed.',\n            function(result) {\n                if (result)\n                    $.ajax("/jobs/20170509-174322-e7ee",\n                        {type: "DELETE"})\n                    .done(function() {\n                        window.location = "/";\n                        })\n                    .fail(function(data) { errorAlert(data); });\n            });\n        });\n    </script>\n</div>\n<div class="row">\n<!-- Job content -->\n<div class="col-sm-8">\n<div class="page-header">\n<h1>\n        test_model\n        <small>\n            Image Inference\n        </small>\n</h1>\n</div>\n</div>\n<!-- Tasks -->\n<div class="col-sm-4">\n<div class="panel-group">\n<div class="panel panel-danger" id="job-statuses">\n<div class="panel-heading">\n<h4 class="panel-title">\n                    Job Status\n                    <small>Error</small>\n</h4>\n</div>\n<div class="panel-collapse">\n<div class="panel-body">\n<div class="job-statuses">\n<ul>\n<li>\n<span class="text-warning">Initialized</span>\n        at 05:43:22 PM\n            <small>(0 seconds)</small>\n</li>\n<li>\n<span class="text-info">Running</span>\n        at 05:43:22 PM\n            <small>(3 seconds)</small>\n</li>\n<li>\n<span class="text-danger">Error</span>\n        at 05:43:25 PM\n            <br>\n<small>(Total - 3 seconds)</small>\n</br></li>\n</ul>\n</div>\n<div class="panel-group">\n<div class="panel panel-danger" id="task-140099415128784-status">\n<div class="panel-heading">\n<h4 class="panel-title">\n<a data-toggle="collapse" href="#task-140099415128784-status-collapse">\n                                            Infer Model\n                                            <small>Error</small>\n<span class="caret"></span>\n</a>\n</h4>\n</div>\n<div class="panel-collapse collapse in" id="task-140099415128784-status-collapse">\n<div class="panel-body">\n<div class="task-progress" style="display:none;">\n<div class="progress">\n<div class="progress-bar" style="width:0%">\n                                                    0%\n                                                </div>\n</div>\n                                            Estimated time remaining: <span class="task-eta">?</span>\n<br/>\n<br/>\n</div>\n<div class="task-statuses">\n<ul>\n<li>\n<span class="text-warning">Initialized</span>\n        at 05:43:22 PM\n            <small>(0 seconds)</small>\n</li>\n<li>\n<span class="text-info">Running</span>\n        at 05:43:22 PM\n            <small>(2 seconds)</small>\n</li>\n<li>\n<span class="text-danger">Error</span>\n        at 05:43:25 PM\n            <br>\n<small>(Total - 3 seconds)</small>\n</br></li>\n</ul>\n<h4 class="text-danger">ERROR: error code 1</h4>\n<pre>\nWARNING: log_file config option not found - no log file is being saved\n2017-05-09 17:43:25 [ERROR] InferenceError: Unable to find snapshot for epoch=-1.0\nTraceback (most recent call last):\nFile "/home/ethan/digits_GAN/digits/tools/inference.py", line 293, in &lt;module&gt;\nargs['resize']\nFile "/home/ethan/digits_GAN/digits/tools/inference.py", line 79, in infer\nraise InferenceError("Unable to find snapshot for epoch=%s" % repr(epoch))\ndigits.inference.errors.InferenceError: 'Unable to find snapshot for epoch=-1.0'\n        </pre>\n</div>\n</div>\n</div>\n</div>\n</div>\n</div>\n</div>\n</div>\n</div>\n<div class="gpu-utilization-info" style="display:none;"></div>\n<!-- Related jobs -->\n<div class="panel panel-default" id="notes-information">\n<div class="panel-heading">\n<h4>Notes</h4>\n</div>\n<div class="panel-body">\n<div class="col-sm-12" id="show-job-notes">\n<p style="display:inline;">None</p>\n</div>\n<div class="col-sm-12" id="edit-job-notes" style="display:none;">\n<script type="text/javascript">\n                        function updateJobNotes() {\n                        var newNotes = $("textarea[name=job-notes]").val();\n                        $.ajax("/jobs/20170509-174322-e7ee",\n                                {\n                                    type: "PUT",\n                                    data: {"job_notes": newNotes}\n                                    }\n                              )\n                        .done(function() {\n                                $("#show-job-notes p").html(newNotes);\n                                $('#edit-job-notes').hide(); $('#show-job-notes').show();\n                                })\n                        .fail(function(data) { errorAlert(data); });\n                        return false;\n                    }\n                    </script>\n<textarea class="form-control" name="job-notes" placeholder="Enter notes" rows="5"></textarea>\n<a class="btn btn-primary" href="#" onclick="return updateJobNotes();">Update</a>\n<a class="btn btn-info" href="#" onclick="$('#edit-job-notes').hide(); $('#show-job-notes').show(); return false;">Cancel</a>\n</div>\n</div>\n</div>\n</div>\n</div>\n<div class="row">\n<div class="row">\n<h3>Visualizations</h3>\n<div style="overflow:scroll; height:800px;">\n<table class="table">\n<tr>\n<td></td>\n<th>Image</th>\n<th>Data</th>\n</tr>\n<tr>\n<td>1</td>\n<td>/tmp/tmpwfitKK/test.png</td>\n<td></td>\n</tr>\n<tr>\n<td>2</td>\n<td>/tmp/tmpwfitKK/test.png</td>\n<td></td>\n</tr>\n</table>\n</div>\n</div>\n</div>\n</div>\n<script>\n$SCRIPT_ROOT = "";\n\n$(".explanation-tooltip").tooltip();\n\nwindow.onload = function () {\n    $('.autocomplete_path').autocomplete({\n       serviceUrl: '/autocomplete/path',\n       formatResult: function (suggestion, currentValue)\n       {\n            function baseName(str)\n            {\n               var base = new String(str).substring(str.lastIndexOf('/') + 1);\n               return base;\n            }\n            return baseName(suggestion.value);\n        },\n        minChars: 0\n    });\n    $(".autocomplete_path").removeAttr("autocomplete");\n};\n\n</script>\n<style>\n .about-menu {\n     width: 240px !important;\n }\n .brightness {\n     display: inline-block;\n }\n .brightness img:hover {\n     opacity: .75;\n }\n</style>\n</body>]
-------------------- >> begin captured logging << --------------------
socketio: INFO: emitting event "job update" to job_management [/jobs]
socketio: INFO: emitting event "task update" to 20170509-173300-0377 [/jobs]
socketio: INFO: emitting event "task update" to 20170509-173245-3417 [/jobs]
socketio: INFO: emitting event "task update" to 20170509-173324-49b0 [/jobs]
socketio: INFO: emitting event "task update" to 20170509-172342-e0ef [/jobs]
socketio: INFO: emitting event "task update" to 20170509-173108-a6ff [/jobs]
socketio: INFO: emitting event "task update" to 20170509-172725-6a13 [/jobs]
socketio: INFO: emitting event "task update" to 20170509-172806-b5bc [/jobs]
socketio: INFO: emitting event "task update" to 20170509-172227-0156 [/jobs]
socketio: INFO: emitting event "task update" to 20170509-172334-9d18 [/jobs]
socketio: INFO: emitting event "job update" to 20170509-174322-e7ee [/jobs]
socketio: INFO: emitting event "job update" to job_management [/jobs]
socketio: INFO: emitting event "server update" to job_management [/jobs]
socketio: INFO: emitting event "server update" to job_management [/jobs]
socketio: INFO: emitting event "task update" to 20170509-173128-33ce [/jobs]
digits.webapp: INFO: Infer Model task started.
socketio: INFO: emitting event "task update" to 20170509-174322-e7ee [/jobs]
socketio: INFO: emitting event "job update" to 20170509-174322-e7ee [/jobs]
socketio: INFO: emitting event "job update" to job_management [/jobs]
digits.webapp: INFO: Task subprocess args: "/usr/bin/python2 /home/ethan/digits_GAN/digits/tools/inference.py /tmp/tmpX3R8Ve/20170509-174322-e7ee/tmpG99H50.txt /tmp/tmpX3R8Ve/20170509-174322-e7ee 20170509-174313-cb2c --jobs_dir=/tmp/tmpX3R8Ve --layers=none --gpu=0"
socketio: INFO: emitting event "task update" to 20170509-172347-b92a [/jobs]
socketio: INFO: emitting event "task update" to 20170509-173326-3e6f [/jobs]
socketio: INFO: emitting event "task update" to 20170509-172315-d38b [/jobs]
socketio: INFO: emitting event "task update" to 20170509-172516-8f4b [/jobs]
socketio: INFO: emitting event "task update" to 20170509-172352-bfdd [/jobs]
socketio: INFO: emitting event "task update" to 20170509-172412-e6f0 [/jobs]
socketio: INFO: emitting event "task update" to 20170509-173329-1cea [/jobs]
socketio: INFO: emitting event "task update" to 20170509-173229-c795 [/jobs]
socketio: INFO: emitting event "task update" to 20170509-172202-9230 [/jobs]
socketio: INFO: emitting event "task update" to 20170509-173331-d237 [/jobs]
socketio: INFO: emitting event "task update" to 20170509-172317-7da8 [/jobs]
socketio: INFO: emitting event "task update" to 20170509-173008-ee07 [/jobs]
socketio: INFO: emitting event "task update" to 20170509-172210-1907 [/jobs]
socketio: INFO: emitting event "task update" to 20170509-173333-e98b [/jobs]
socketio: INFO: emitting event "task update" to 20170509-172825-84c5 [/jobs]
socketio: INFO: emitting event "task update" to 20170509-173335-6067 [/jobs]
socketio: INFO: emitting event "task update" to 20170509-172147-4505 [/jobs]
socketio: INFO: emitting event "task update" to 20170509-173337-8532 [/jobs]
socketio: INFO: emitting event "task update" to 20170509-172907-6ffa [/jobs]
socketio: INFO: emitting event "task update" to 20170509-172339-dc52 [/jobs]
socketio: INFO: emitting event "task update" to 20170509-172625-e177 [/jobs]
socketio: INFO: emitting event "task update" to 20170509-173316-5f8a [/jobs]
socketio: INFO: emitting event "task update" to 20170509-173318-416e [/jobs]
socketio: INFO: emitting event "task update" to 20170509-173415-8046 [/jobs]
socketio: INFO: emitting event "task update" to 20170509-173027-0946 [/jobs]
socketio: INFO: emitting event "task update" to 20170509-172218-c9c0 [/jobs]
socketio: INFO: emitting event "task update" to 20170509-172328-6826 [/jobs]
socketio: INFO: emitting event "task update" to 20170509-173403-2593 [/jobs]
socketio: INFO: emitting event "task update" to 20170509-174313-cb2c [/jobs]
socketio: INFO: emitting event "task update" to 20170509-172344-9606 [/jobs]
socketio: INFO: emitting event "task update" to 20170509-172430-a33c [/jobs]
socketio: INFO: emitting event "task update" to 20170509-172605-0fd8 [/jobs]
socketio: INFO: emitting event "task update" to 20170509-172706-cfe6 [/jobs]
socketio: INFO: emitting event "task update" to 20170509-173209-48ad [/jobs]
socketio: INFO: emitting event "task update" to 20170509-173320-66e3 [/jobs]
socketio: INFO: emitting event "task update" to 20170509-172927-67d2 [/jobs]
socketio: INFO: emitting event "task update" to 20170509-173515-e8bf [/jobs]
socketio: INFO: emitting event "task update" to 20170509-172524-d7c0 [/jobs]
socketio: INFO: emitting event "task update" to 20170509-172419-2d22 [/jobs]
socketio: INFO: emitting event "task update" to 20170509-172337-f1aa [/jobs]
socketio: INFO: emitting event "task update" to 20170509-173228-acad [/jobs]
socketio: INFO: emitting event "task update" to 20170509-172350-6fcd [/jobs]
socketio: INFO: emitting event "task update" to 20170509-173357-1ed1 [/jobs]
socketio: INFO: emitting event "task update" to 20170509-172259-8252 [/jobs]
socketio: INFO: emitting event "task update" to 20170509-173322-0807 [/jobs]
socketio: INFO: emitting event "task update" to 20170509-172114-d063 [/jobs]
socketio: INFO: emitting event "task update" to 20170509-172323-89b4 [/jobs]
socketio: INFO: emitting event "task update" to 20170509-173300-0377 [/jobs]
socketio: INFO: emitting event "task update" to 20170509-173245-3417 [/jobs]
socketio: INFO: emitting event "task update" to 20170509-173324-49b0 [/jobs]
socketio: INFO: emitting event "task update" to 20170509-172342-e0ef [/jobs]
socketio: INFO: emitting event "task update" to 20170509-173108-a6ff [/jobs]
socketio: INFO: emitting event "task update" to 20170509-172725-6a13 [/jobs]
socketio: INFO: emitting event "task update" to 20170509-172806-b5bc [/jobs]
socketio: INFO: emitting event "task update" to 20170509-172227-0156 [/jobs]
socketio: INFO: emitting event "task update" to 20170509-172334-9d18 [/jobs]
socketio: INFO: emitting event "task update" to 20170509-173128-33ce [/jobs]
socketio: INFO: emitting event "task update" to 20170509-172347-b92a [/jobs]
socketio: INFO: emitting event "task update" to 20170509-173326-3e6f [/jobs]
socketio: INFO: emitting event "task update" to 20170509-172315-d38b [/jobs]
socketio: INFO: emitting event "task update" to 20170509-172516-8f4b [/jobs]
socketio: INFO: emitting event "task update" to 20170509-172352-bfdd [/jobs]
socketio: INFO: emitting event "task update" to 20170509-172412-e6f0 [/jobs]
socketio: INFO: emitting event "task update" to 20170509-173329-1cea [/jobs]
socketio: INFO: emitting event "task update" to 20170509-173229-c795 [/jobs]
socketio: INFO: emitting event "task update" to 20170509-172202-9230 [/jobs]
socketio: INFO: emitting event "task update" to 20170509-173331-d237 [/jobs]
socketio: INFO: emitting event "task update" to 20170509-172317-7da8 [/jobs]
socketio: INFO: emitting event "task update" to 20170509-173008-ee07 [/jobs]
socketio: INFO: emitting event "task update" to 20170509-172210-1907 [/jobs]
socketio: INFO: emitting event "task update" to 20170509-173333-e98b [/jobs]
socketio: INFO: emitting event "task update" to 20170509-172825-84c5 [/jobs]
socketio: INFO: emitting event "task update" to 20170509-173335-6067 [/jobs]
socketio: INFO: emitting event "task update" to 20170509-172147-4505 [/jobs]
socketio: INFO: emitting event "task update" to 20170509-173337-8532 [/jobs]
socketio: INFO: emitting event "task update" to 20170509-172907-6ffa [/jobs]
socketio: INFO: emitting event "task update" to 20170509-172339-dc52 [/jobs]
socketio: INFO: emitting event "task update" to 20170509-172625-e177 [/jobs]
socketio: INFO: emitting event "task update" to 20170509-173316-5f8a [/jobs]
socketio: INFO: emitting event "task update" to 20170509-173318-416e [/jobs]
socketio: INFO: emitting event "task update" to 20170509-173415-8046 [/jobs]
socketio: INFO: emitting event "task update" to 20170509-173027-0946 [/jobs]
socketio: INFO: emitting event "task update" to 20170509-172218-c9c0 [/jobs]
socketio: INFO: emitting event "task update" to 20170509-172328-6826 [/jobs]
socketio: INFO: emitting event "task update" to 20170509-173403-2593 [/jobs]
socketio: INFO: emitting event "task update" to 20170509-174313-cb2c [/jobs]
socketio: INFO: emitting event "task update" to 20170509-172344-9606 [/jobs]
socketio: INFO: emitting event "task update" to 20170509-172430-a33c [/jobs]
socketio: INFO: emitting event "task update" to 20170509-172605-0fd8 [/jobs]
socketio: INFO: emitting event "task update" to 20170509-172706-cfe6 [/jobs]
socketio: INFO: emitting event "task update" to 20170509-173209-48ad [/jobs]
socketio: INFO: emitting event "task update" to 20170509-173320-66e3 [/jobs]
socketio: INFO: emitting event "task update" to 20170509-172927-67d2 [/jobs]
socketio: INFO: emitting event "task update" to 20170509-173515-e8bf [/jobs]
socketio: INFO: emitting event "task update" to 20170509-172524-d7c0 [/jobs]
socketio: INFO: emitting event "task update" to 20170509-172419-2d22 [/jobs]
socketio: INFO: emitting event "task update" to 20170509-172337-f1aa [/jobs]
socketio: INFO: emitting event "task update" to 20170509-173228-acad [/jobs]
socketio: INFO: emitting event "task update" to 20170509-172350-6fcd [/jobs]
socketio: INFO: emitting event "task update" to 20170509-173357-1ed1 [/jobs]
socketio: INFO: emitting event "task update" to 20170509-172259-8252 [/jobs]
socketio: INFO: emitting event "task update" to 20170509-173322-0807 [/jobs]
socketio: INFO: emitting event "task update" to 20170509-172114-d063 [/jobs]
socketio: INFO: emitting event "task update" to 20170509-172323-89b4 [/jobs]
socketio: INFO: emitting event "task update" to 20170509-173300-0377 [/jobs]
socketio: INFO: emitting event "task update" to 20170509-173245-3417 [/jobs]
socketio: INFO: emitting event "task update" to 20170509-173324-49b0 [/jobs]
socketio: INFO: emitting event "task update" to 20170509-172342-e0ef [/jobs]
socketio: INFO: emitting event "task update" to 20170509-173108-a6ff [/jobs]
socketio: INFO: emitting event "task update" to 20170509-172725-6a13 [/jobs]
socketio: INFO: emitting event "task update" to 20170509-172806-b5bc [/jobs]
socketio: INFO: emitting event "task update" to 20170509-172227-0156 [/jobs]
socketio: INFO: emitting event "task update" to 20170509-172334-9d18 [/jobs]
socketio: INFO: emitting event "task update" to 20170509-173128-33ce [/jobs]
socketio: INFO: emitting event "task update" to 20170509-172347-b92a [/jobs]
socketio: INFO: emitting event "task update" to 20170509-173326-3e6f [/jobs]
socketio: INFO: emitting event "task update" to 20170509-172315-d38b [/jobs]
socketio: INFO: emitting event "task update" to 20170509-172516-8f4b [/jobs]
socketio: INFO: emitting event "task update" to 20170509-172352-bfdd [/jobs]
socketio: INFO: emitting event "task update" to 20170509-172412-e6f0 [/jobs]
socketio: INFO: emitting event "task update" to 20170509-173329-1cea [/jobs]
socketio: INFO: emitting event "task update" to 20170509-173229-c795 [/jobs]
socketio: INFO: emitting event "task update" to 20170509-172202-9230 [/jobs]
socketio: INFO: emitting event "task update" to 20170509-173331-d237 [/jobs]
socketio: INFO: emitting event "task update" to 20170509-172317-7da8 [/jobs]
socketio: INFO: emitting event "task update" to 20170509-173008-ee07 [/jobs]
socketio: INFO: emitting event "task update" to 20170509-172210-1907 [/jobs]
socketio: INFO: emitting event "task update" to 20170509-173333-e98b [/jobs]
socketio: INFO: emitting event "task update" to 20170509-172825-84c5 [/jobs]
socketio: INFO: emitting event "task update" to 20170509-173335-6067 [/jobs]
socketio: INFO: emitting event "task update" to 20170509-172147-4505 [/jobs]
socketio: INFO: emitting event "task update" to 20170509-173337-8532 [/jobs]
socketio: INFO: emitting event "task update" to 20170509-172907-6ffa [/jobs]
socketio: INFO: emitting event "task update" to 20170509-172339-dc52 [/jobs]
socketio: INFO: emitting event "task update" to 20170509-172625-e177 [/jobs]
socketio: INFO: emitting event "task update" to 20170509-173316-5f8a [/jobs]
socketio: INFO: emitting event "task update" to 20170509-173318-416e [/jobs]
socketio: INFO: emitting event "task update" to 20170509-173415-8046 [/jobs]
socketio: INFO: emitting event "task update" to 20170509-173027-0946 [/jobs]
socketio: INFO: emitting event "task update" to 20170509-172218-c9c0 [/jobs]
socketio: INFO: emitting event "task update" to 20170509-172328-6826 [/jobs]
socketio: INFO: emitting event "task update" to 20170509-173403-2593 [/jobs]
socketio: INFO: emitting event "task update" to 20170509-174313-cb2c [/jobs]
socketio: INFO: emitting event "task update" to 20170509-172344-9606 [/jobs]
socketio: INFO: emitting event "task update" to 20170509-172430-a33c [/jobs]
socketio: INFO: emitting event "task update" to 20170509-172605-0fd8 [/jobs]
socketio: INFO: emitting event "task update" to 20170509-172706-cfe6 [/jobs]
socketio: INFO: emitting event "task update" to 20170509-173209-48ad [/jobs]
socketio: INFO: emitting event "task update" to 20170509-173320-66e3 [/jobs]
socketio: INFO: emitting event "task update" to 20170509-172927-67d2 [/jobs]
socketio: INFO: emitting event "task update" to 20170509-173515-e8bf [/jobs]
socketio: INFO: emitting event "task update" to 20170509-172524-d7c0 [/jobs]
socketio: INFO: emitting event "task update" to 20170509-172419-2d22 [/jobs]
socketio: INFO: emitting event "task update" to 20170509-172337-f1aa [/jobs]
socketio: INFO: emitting event "task update" to 20170509-173228-acad [/jobs]
socketio: INFO: emitting event "task update" to 20170509-172350-6fcd [/jobs]
socketio: INFO: emitting event "task update" to 20170509-173357-1ed1 [/jobs]
socketio: INFO: emitting event "task update" to 20170509-172259-8252 [/jobs]
socketio: INFO: emitting event "task update" to 20170509-173322-0807 [/jobs]
socketio: INFO: emitting event "task update" to 20170509-172114-d063 [/jobs]
socketio: INFO: emitting event "task update" to 20170509-172323-89b4 [/jobs]
digits.webapp: WARNING: Infer Model unrecognized output: WARNING: log_file config option not found - no log file is being saved
digits.webapp: WARNING: Infer Model unrecognized output: 2017-05-09 17:43:25 [ERROR] InferenceError: Unable to find snapshot for epoch=-1.0
digits.webapp: WARNING: Infer Model unrecognized output: Traceback (most recent call last):
digits.webapp: WARNING: Infer Model unrecognized output: File "/home/ethan/digits_GAN/digits/tools/inference.py", line 293, in <module>
digits.webapp: WARNING: Infer Model unrecognized output: args['resize']
digits.webapp: WARNING: Infer Model unrecognized output: File "/home/ethan/digits_GAN/digits/tools/inference.py", line 79, in infer
digits.webapp: WARNING: Infer Model unrecognized output: raise InferenceError("Unable to find snapshot for epoch=%s" % repr(epoch))
digits.webapp: WARNING: Infer Model unrecognized output: digits.inference.errors.InferenceError: 'Unable to find snapshot for epoch=-1.0'
socketio: INFO: emitting event "task update" to 20170509-173300-0377 [/jobs]
socketio: INFO: emitting event "task update" to 20170509-173245-3417 [/jobs]
socketio: INFO: emitting event "task update" to 20170509-173324-49b0 [/jobs]
socketio: INFO: emitting event "task update" to 20170509-172342-e0ef [/jobs]
socketio: INFO: emitting event "task update" to 20170509-173108-a6ff [/jobs]
socketio: INFO: emitting event "task update" to 20170509-172725-6a13 [/jobs]
socketio: INFO: emitting event "task update" to 20170509-172806-b5bc [/jobs]
digits.webapp: ERROR: Infer Model task failed with error code 1
socketio: INFO: emitting event "task update" to 20170509-174322-e7ee [/jobs]
socketio: INFO: emitting event "job update" to 20170509-174322-e7ee [/jobs]
socketio: INFO: emitting event "job update" to job_management [/jobs]
socketio: INFO: emitting event "server update" to job_management [/jobs]
socketio: INFO: emitting event "server update" to job_management [/jobs]
socketio: INFO: emitting event "task update" to 20170509-172227-0156 [/jobs]
socketio: INFO: emitting event "task update" to 20170509-172334-9d18 [/jobs]
socketio: INFO: emitting event "task update" to 20170509-173128-33ce [/jobs]
socketio: INFO: emitting event "job update" to 20170509-174322-e7ee [/jobs]
socketio: INFO: emitting event "job update" to job_management [/jobs]
digits: INFO: Job deleted.
socketio: INFO: emitting event "job update" to job_management [/jobs]
--------------------- >> end captured logging << ---------------------

======================================================================
FAIL: digits.model.images.generic.test_views.TestTensorflowCreated.test_infer_many_from_folder
----------------------------------------------------------------------
Traceback (most recent call last):
  File "/home/ethan/.local/lib/python2.7/site-packages/nose/case.py", line 197, in runTest
    self.test(*self.arg)
  File "/home/ethan/digits_GAN/digits/model/images/generic/test_views.py", line 661, in test_infer_many_from_folder
    assert rv.status_code == 200, 'POST failed with %s\n\n%s' % (rv.status_code, body)
AssertionError: POST failed with 500

[<body>\n<div class="navbar navbar-inverse navbar-fixed-top">\n<div class="container">\n<div class="navbar-header">\n<a class="navbar-brand" href="/">DIGITS</a>\n</div>\n<ul class="nav navbar-nav">\n<li><a href="/models/20170509-174313-cb2c">test_model</a></li>\n<li class="active"><a>Test Many</a></li>\n</ul>\n<ul class="nav navbar-nav navbar-right">\n<li>\n<p class="navbar-text">\n            digits-testsuite (<a class="navbar-link" href="/logout">Logout</a>)\n            </p>\n</li>\n<li class="dropdown">\n<a class="dropdown-toggle" data-toggle="dropdown" href="#">Info<span class="caret"></span></a>\n<ul class="dropdown-menu navbar-inverse">\n<li><span class="navbar-text">Server: ethan-computer</span></li>\n<li><span class="navbar-text">DIGITS version: <br> 5.1-dev</br></span></li>\n<li><span class="navbar-text">Caffe version: <br> 0.15.13</br></span></li>\n<li><span class="navbar-text">Caffe flavor: <br> NVIDIA</br></span></li>\n</ul>\n</li>\n<li class="dropdown">\n<a class="dropdown-toggle" data-toggle="dropdown" href="#">About<span class="caret"></span></a>\n<ul class="dropdown-menu about-menu navbar-inverse">\n<li><span class="navbar-text"><a href="https://developer.nvidia.com/digits" target="_blank">\n                        DIGITS on developer.nvidia.com\n                    </a></span></li>\n<li><span class="navbar-text"><a href="https://github.com/NVIDIA/DIGITS" target="_blank">\n                        DIGITS on GitHub\n                    </a></span></li>\n<li><span class="navbar-text"><a href="https://groups.google.com/d/forum/digits-users" target="_blank">\n                        DIGITS user group\n                    </a></span></li>\n<li><span class="navbar-text"><a href="mailto:digits@nvidia.com">\n                        digits@nvidia.com\n                    </a></span></li>\n</ul>\n</li>\n</ul>\n</div>\n</div>\n<div class="container">\n<div class="jumbotron">\n<div class="container">\n<div class="row">\n<div class="col-sm-12" id="show-job-name">\n<h2 style="display:inline;">Infer Many Images</h2>\n</div>\n<div class="col-sm-4" id="edit-job-name" style="display:none;">\n<script>\nfunction updateJobName() {\n    var newName = $("input[name=job-name]").val();\n    $.ajax("/jobs/20170509-174325-2efd",\n            {\n                type: "PUT",\n                data: {"job_name": newName}\n                }\n          )\n    .done(function() {\n            $("#show-job-name h2").html(newName);\n            $('#edit-job-name').hide(); $('#show-job-name').show();\n            })\n    .fail(function(data) { errorAlert(data); });\n    return false;\n}\n                </script>\n<input class="form-control" name="job-name" value="Infer Many Images"/>\n<a class="btn btn-primary" href="#" onclick="return updateJobName();">Update</a>\n<a class="btn btn-info" href="#" onclick="$('#edit-job-name').hide(); $('#show-job-name').show(); return false;">Cancel</a>\n</div>\n</div>\n<small>Owner: digits-testsuite</small>\n<div class="pull-right">\n<a class="btn btn-info" disabled="" id="clone-job">Clone Job</a>\n<a class="btn btn-warning hidden disabled" id="abort-job">Abort Job</a>\n<a class="btn btn-danger disabled" id="delete-job">Delete Job</a>\n</div>\n</div>\n<script>\n$('#abort-job').on('click', function(event) {\n        event.preventDefault();\n        bootbox.confirm(\n            'Are you sure you want to abort this job?',\n            function(result) {\n                if (result)\n                    $.ajax("/jobs/20170509-174325-2efd/abort",\n                        {type: "POST"})\n                    .done(function() {\n                        $("#abort-job").hide();\n                        })\n                    .fail(function(data) { errorAlert(data); });\n            });\n        });\n\n$('#delete-job').on('click', function(event) {\n        event.preventDefault();\n        bootbox.confirm(\n            'Are you sure you want to delete this job?<br><br>All related files will be permanently removed.',\n            function(result) {\n                if (result)\n                    $.ajax("/jobs/20170509-174325-2efd",\n                        {type: "DELETE"})\n                    .done(function() {\n                        window.location = "/";\n                        })\n                    .fail(function(data) { errorAlert(data); });\n            });\n        });\n    </script>\n</div>\n<div class="row">\n<!-- Job content -->\n<div class="col-sm-8">\n<div class="page-header">\n<h1>\n        test_model\n        <small>\n            Image Inference\n        </small>\n</h1>\n</div>\n</div>\n<!-- Tasks -->\n<div class="col-sm-4">\n<div class="panel-group">\n<div class="panel panel-danger" id="job-statuses">\n<div class="panel-heading">\n<h4 class="panel-title">\n                    Job Status\n                    <small>Error</small>\n</h4>\n</div>\n<div class="panel-collapse">\n<div class="panel-body">\n<div class="job-statuses">\n<ul>\n<li>\n<span class="text-warning">Initialized</span>\n        at 05:43:25 PM\n            <small>(0 seconds)</small>\n</li>\n<li>\n<span class="text-info">Running</span>\n        at 05:43:25 PM\n            <small>(3 seconds)</small>\n</li>\n<li>\n<span class="text-danger">Error</span>\n        at 05:43:28 PM\n            <br>\n<small>(Total - 3 seconds)</small>\n</br></li>\n</ul>\n</div>\n<div class="panel-group">\n<div class="panel panel-danger" id="task-140099415136976-status">\n<div class="panel-heading">\n<h4 class="panel-title">\n<a data-toggle="collapse" href="#task-140099415136976-status-collapse">\n                                            Infer Model\n                                            <small>Error</small>\n<span class="caret"></span>\n</a>\n</h4>\n</div>\n<div class="panel-collapse collapse in" id="task-140099415136976-status-collapse">\n<div class="panel-body">\n<div class="task-progress" style="display:none;">\n<div class="progress">\n<div class="progress-bar" style="width:0%">\n                                                    0%\n                                                </div>\n</div>\n                                            Estimated time remaining: <span class="task-eta">?</span>\n<br/>\n<br/>\n</div>\n<div class="task-statuses">\n<ul>\n<li>\n<span class="text-warning">Initialized</span>\n        at 05:43:25 PM\n            <small>(0 seconds)</small>\n</li>\n<li>\n<span class="text-info">Running</span>\n        at 05:43:25 PM\n            <small>(3 seconds)</small>\n</li>\n<li>\n<span class="text-danger">Error</span>\n        at 05:43:28 PM\n            <br>\n<small>(Total - 3 seconds)</small>\n</br></li>\n</ul>\n<h4 class="text-danger">ERROR: error code 1</h4>\n<pre>\nWARNING: log_file config option not found - no log file is being saved\n2017-05-09 17:43:28 [ERROR] InferenceError: Unable to find snapshot for epoch=-1.0\nTraceback (most recent call last):\nFile "/home/ethan/digits_GAN/digits/tools/inference.py", line 293, in &lt;module&gt;\nargs['resize']\nFile "/home/ethan/digits_GAN/digits/tools/inference.py", line 79, in infer\nraise InferenceError("Unable to find snapshot for epoch=%s" % repr(epoch))\ndigits.inference.errors.InferenceError: 'Unable to find snapshot for epoch=-1.0'\n        </pre>\n</div>\n</div>\n</div>\n</div>\n</div>\n</div>\n</div>\n</div>\n</div>\n<div class="gpu-utilization-info" style="display:none;"></div>\n<!-- Related jobs -->\n<div class="panel panel-default" id="notes-information">\n<div class="panel-heading">\n<h4>Notes</h4>\n</div>\n<div class="panel-body">\n<div class="col-sm-12" id="show-job-notes">\n<p style="display:inline;">None</p>\n</div>\n<div class="col-sm-12" id="edit-job-notes" style="display:none;">\n<script type="text/javascript">\n                        function updateJobNotes() {\n                        var newNotes = $("textarea[name=job-notes]").val();\n                        $.ajax("/jobs/20170509-174325-2efd",\n                                {\n                                    type: "PUT",\n                                    data: {"job_notes": newNotes}\n                                    }\n                              )\n                        .done(function() {\n                                $("#show-job-notes p").html(newNotes);\n                                $('#edit-job-notes').hide(); $('#show-job-notes').show();\n                                })\n                        .fail(function(data) { errorAlert(data); });\n                        return false;\n                    }\n                    </script>\n<textarea class="form-control" name="job-notes" placeholder="Enter notes" rows="5"></textarea>\n<a class="btn btn-primary" href="#" onclick="return updateJobNotes();">Update</a>\n<a class="btn btn-info" href="#" onclick="$('#edit-job-notes').hide(); $('#show-job-notes').show(); return false;">Cancel</a>\n</div>\n</div>\n</div>\n</div>\n</div>\n<div class="row">\n<div class="row">\n<h3>Visualizations</h3>\n<div style="overflow:scroll; height:800px;">\n<table class="table">\n<tr>\n<td></td>\n<th>Image</th>\n<th>Data</th>\n</tr>\n<tr>\n<td>1</td>\n<td>/tmp/tmpwfitKK/test.png</td>\n<td></td>\n</tr>\n</table>\n</div>\n</div>\n</div>\n</div>\n<script>\n$SCRIPT_ROOT = "";\n\n$(".explanation-tooltip").tooltip();\n\nwindow.onload = function () {\n    $('.autocomplete_path').autocomplete({\n       serviceUrl: '/autocomplete/path',\n       formatResult: function (suggestion, currentValue)\n       {\n            function baseName(str)\n            {\n               var base = new String(str).substring(str.lastIndexOf('/') + 1);\n               return base;\n            }\n            return baseName(suggestion.value);\n        },\n        minChars: 0\n    });\n    $(".autocomplete_path").removeAttr("autocomplete");\n};\n\n</script>\n<style>\n .about-menu {\n     width: 240px !important;\n }\n .brightness {\n     display: inline-block;\n }\n .brightness img:hover {\n     opacity: .75;\n }\n</style>\n</body>]
-------------------- >> begin captured logging << --------------------
socketio: INFO: emitting event "job update" to job_management [/jobs]
socketio: INFO: emitting event "task update" to 20170509-172347-b92a [/jobs]
socketio: INFO: emitting event "task update" to 20170509-173326-3e6f [/jobs]
socketio: INFO: emitting event "task update" to 20170509-172315-d38b [/jobs]
socketio: INFO: emitting event "task update" to 20170509-172516-8f4b [/jobs]
socketio: INFO: emitting event "task update" to 20170509-172352-bfdd [/jobs]
socketio: INFO: emitting event "job update" to 20170509-174325-2efd [/jobs]
socketio: INFO: emitting event "job update" to job_management [/jobs]
socketio: INFO: emitting event "server update" to job_management [/jobs]
socketio: INFO: emitting event "server update" to job_management [/jobs]
socketio: INFO: emitting event "task update" to 20170509-172412-e6f0 [/jobs]
digits.webapp: INFO: Infer Model task started.
socketio: INFO: emitting event "task update" to 20170509-174325-2efd [/jobs]
socketio: INFO: emitting event "job update" to 20170509-174325-2efd [/jobs]
socketio: INFO: emitting event "job update" to job_management [/jobs]
digits.webapp: INFO: Task subprocess args: "/usr/bin/python2 /home/ethan/digits_GAN/digits/tools/inference.py /tmp/tmpX3R8Ve/20170509-174325-2efd/tmpc3HVvT.txt /tmp/tmpX3R8Ve/20170509-174325-2efd 20170509-174313-cb2c --jobs_dir=/tmp/tmpX3R8Ve --layers=none --gpu=0"
socketio: INFO: emitting event "task update" to 20170509-173329-1cea [/jobs]
socketio: INFO: emitting event "task update" to 20170509-173229-c795 [/jobs]
socketio: INFO: emitting event "task update" to 20170509-172202-9230 [/jobs]
socketio: INFO: emitting event "task update" to 20170509-173331-d237 [/jobs]
socketio: INFO: emitting event "task update" to 20170509-172317-7da8 [/jobs]
socketio: INFO: emitting event "task update" to 20170509-173008-ee07 [/jobs]
socketio: INFO: emitting event "task update" to 20170509-172210-1907 [/jobs]
socketio: INFO: emitting event "task update" to 20170509-173333-e98b [/jobs]
socketio: INFO: emitting event "task update" to 20170509-172825-84c5 [/jobs]
socketio: INFO: emitting event "task update" to 20170509-173335-6067 [/jobs]
socketio: INFO: emitting event "task update" to 20170509-172147-4505 [/jobs]
socketio: INFO: emitting event "task update" to 20170509-173337-8532 [/jobs]
socketio: INFO: emitting event "task update" to 20170509-172907-6ffa [/jobs]
socketio: INFO: emitting event "task update" to 20170509-172339-dc52 [/jobs]
socketio: INFO: emitting event "task update" to 20170509-172625-e177 [/jobs]
socketio: INFO: emitting event "task update" to 20170509-173316-5f8a [/jobs]
socketio: INFO: emitting event "task update" to 20170509-173318-416e [/jobs]
socketio: INFO: emitting event "task update" to 20170509-173415-8046 [/jobs]
socketio: INFO: emitting event "task update" to 20170509-173027-0946 [/jobs]
socketio: INFO: emitting event "task update" to 20170509-172218-c9c0 [/jobs]
socketio: INFO: emitting event "task update" to 20170509-172328-6826 [/jobs]
socketio: INFO: emitting event "task update" to 20170509-173403-2593 [/jobs]
socketio: INFO: emitting event "task update" to 20170509-174313-cb2c [/jobs]
socketio: INFO: emitting event "task update" to 20170509-172344-9606 [/jobs]
socketio: INFO: emitting event "task update" to 20170509-172430-a33c [/jobs]
socketio: INFO: emitting event "task update" to 20170509-172605-0fd8 [/jobs]
socketio: INFO: emitting event "task update" to 20170509-172706-cfe6 [/jobs]
socketio: INFO: emitting event "task update" to 20170509-173209-48ad [/jobs]
socketio: INFO: emitting event "task update" to 20170509-173320-66e3 [/jobs]
socketio: INFO: emitting event "task update" to 20170509-172927-67d2 [/jobs]
socketio: INFO: emitting event "task update" to 20170509-173515-e8bf [/jobs]
socketio: INFO: emitting event "task update" to 20170509-172524-d7c0 [/jobs]
socketio: INFO: emitting event "task update" to 20170509-172419-2d22 [/jobs]
socketio: INFO: emitting event "task update" to 20170509-172337-f1aa [/jobs]
socketio: INFO: emitting event "task update" to 20170509-173228-acad [/jobs]
socketio: INFO: emitting event "task update" to 20170509-172350-6fcd [/jobs]
socketio: INFO: emitting event "task update" to 20170509-173357-1ed1 [/jobs]
socketio: INFO: emitting event "task update" to 20170509-172259-8252 [/jobs]
socketio: INFO: emitting event "task update" to 20170509-173322-0807 [/jobs]
socketio: INFO: emitting event "task update" to 20170509-172114-d063 [/jobs]
socketio: INFO: emitting event "task update" to 20170509-172323-89b4 [/jobs]
socketio: INFO: emitting event "task update" to 20170509-173300-0377 [/jobs]
socketio: INFO: emitting event "task update" to 20170509-173245-3417 [/jobs]
socketio: INFO: emitting event "task update" to 20170509-173324-49b0 [/jobs]
socketio: INFO: emitting event "task update" to 20170509-172342-e0ef [/jobs]
socketio: INFO: emitting event "task update" to 20170509-173108-a6ff [/jobs]
socketio: INFO: emitting event "task update" to 20170509-172725-6a13 [/jobs]
socketio: INFO: emitting event "task update" to 20170509-172806-b5bc [/jobs]
socketio: INFO: emitting event "task update" to 20170509-172227-0156 [/jobs]
socketio: INFO: emitting event "task update" to 20170509-172334-9d18 [/jobs]
socketio: INFO: emitting event "task update" to 20170509-173128-33ce [/jobs]
socketio: INFO: emitting event "task update" to 20170509-172347-b92a [/jobs]
socketio: INFO: emitting event "task update" to 20170509-173326-3e6f [/jobs]
socketio: INFO: emitting event "task update" to 20170509-172315-d38b [/jobs]
socketio: INFO: emitting event "task update" to 20170509-172516-8f4b [/jobs]
socketio: INFO: emitting event "task update" to 20170509-172352-bfdd [/jobs]
socketio: INFO: emitting event "task update" to 20170509-172412-e6f0 [/jobs]
socketio: INFO: emitting event "task update" to 20170509-173329-1cea [/jobs]
socketio: INFO: emitting event "task update" to 20170509-173229-c795 [/jobs]
socketio: INFO: emitting event "task update" to 20170509-172202-9230 [/jobs]
socketio: INFO: emitting event "task update" to 20170509-173331-d237 [/jobs]
socketio: INFO: emitting event "task update" to 20170509-172317-7da8 [/jobs]
socketio: INFO: emitting event "task update" to 20170509-173008-ee07 [/jobs]
socketio: INFO: emitting event "task update" to 20170509-172210-1907 [/jobs]
socketio: INFO: emitting event "task update" to 20170509-173333-e98b [/jobs]
socketio: INFO: emitting event "task update" to 20170509-172825-84c5 [/jobs]
socketio: INFO: emitting event "task update" to 20170509-173335-6067 [/jobs]
socketio: INFO: emitting event "task update" to 20170509-172147-4505 [/jobs]
socketio: INFO: emitting event "task update" to 20170509-173337-8532 [/jobs]
socketio: INFO: emitting event "task update" to 20170509-172907-6ffa [/jobs]
socketio: INFO: emitting event "task update" to 20170509-172339-dc52 [/jobs]
socketio: INFO: emitting event "task update" to 20170509-172625-e177 [/jobs]
socketio: INFO: emitting event "task update" to 20170509-173316-5f8a [/jobs]
socketio: INFO: emitting event "task update" to 20170509-173318-416e [/jobs]
socketio: INFO: emitting event "task update" to 20170509-173415-8046 [/jobs]
socketio: INFO: emitting event "task update" to 20170509-173027-0946 [/jobs]
socketio: INFO: emitting event "task update" to 20170509-172218-c9c0 [/jobs]
socketio: INFO: emitting event "task update" to 20170509-172328-6826 [/jobs]
socketio: INFO: emitting event "task update" to 20170509-173403-2593 [/jobs]
socketio: INFO: emitting event "task update" to 20170509-174313-cb2c [/jobs]
socketio: INFO: emitting event "task update" to 20170509-172344-9606 [/jobs]
socketio: INFO: emitting event "task update" to 20170509-172430-a33c [/jobs]
socketio: INFO: emitting event "task update" to 20170509-172605-0fd8 [/jobs]
socketio: INFO: emitting event "task update" to 20170509-172706-cfe6 [/jobs]
socketio: INFO: emitting event "task update" to 20170509-173209-48ad [/jobs]
socketio: INFO: emitting event "task update" to 20170509-173320-66e3 [/jobs]
socketio: INFO: emitting event "task update" to 20170509-172927-67d2 [/jobs]
socketio: INFO: emitting event "task update" to 20170509-173515-e8bf [/jobs]
socketio: INFO: emitting event "task update" to 20170509-172524-d7c0 [/jobs]
socketio: INFO: emitting event "task update" to 20170509-172419-2d22 [/jobs]
socketio: INFO: emitting event "task update" to 20170509-172337-f1aa [/jobs]
socketio: INFO: emitting event "task update" to 20170509-173228-acad [/jobs]
socketio: INFO: emitting event "task update" to 20170509-172350-6fcd [/jobs]
socketio: INFO: emitting event "task update" to 20170509-173357-1ed1 [/jobs]
socketio: INFO: emitting event "task update" to 20170509-172259-8252 [/jobs]
socketio: INFO: emitting event "task update" to 20170509-173322-0807 [/jobs]
socketio: INFO: emitting event "task update" to 20170509-172114-d063 [/jobs]
socketio: INFO: emitting event "task update" to 20170509-172323-89b4 [/jobs]
socketio: INFO: emitting event "task update" to 20170509-173300-0377 [/jobs]
socketio: INFO: emitting event "task update" to 20170509-173245-3417 [/jobs]
socketio: INFO: emitting event "task update" to 20170509-173324-49b0 [/jobs]
socketio: INFO: emitting event "task update" to 20170509-172342-e0ef [/jobs]
socketio: INFO: emitting event "task update" to 20170509-173108-a6ff [/jobs]
socketio: INFO: emitting event "task update" to 20170509-172725-6a13 [/jobs]
socketio: INFO: emitting event "task update" to 20170509-172806-b5bc [/jobs]
socketio: INFO: emitting event "task update" to 20170509-172227-0156 [/jobs]
socketio: INFO: emitting event "task update" to 20170509-172334-9d18 [/jobs]
socketio: INFO: emitting event "task update" to 20170509-173128-33ce [/jobs]
socketio: INFO: emitting event "task update" to 20170509-172347-b92a [/jobs]
socketio: INFO: emitting event "task update" to 20170509-173326-3e6f [/jobs]
socketio: INFO: emitting event "task update" to 20170509-172315-d38b [/jobs]
socketio: INFO: emitting event "task update" to 20170509-172516-8f4b [/jobs]
socketio: INFO: emitting event "task update" to 20170509-172352-bfdd [/jobs]
socketio: INFO: emitting event "task update" to 20170509-172412-e6f0 [/jobs]
socketio: INFO: emitting event "task update" to 20170509-173329-1cea [/jobs]
socketio: INFO: emitting event "task update" to 20170509-173229-c795 [/jobs]
socketio: INFO: emitting event "task update" to 20170509-172202-9230 [/jobs]
socketio: INFO: emitting event "task update" to 20170509-173331-d237 [/jobs]
socketio: INFO: emitting event "task update" to 20170509-172317-7da8 [/jobs]
socketio: INFO: emitting event "task update" to 20170509-173008-ee07 [/jobs]
socketio: INFO: emitting event "task update" to 20170509-172210-1907 [/jobs]
socketio: INFO: emitting event "task update" to 20170509-173333-e98b [/jobs]
socketio: INFO: emitting event "task update" to 20170509-172825-84c5 [/jobs]
socketio: INFO: emitting event "task update" to 20170509-173335-6067 [/jobs]
socketio: INFO: emitting event "task update" to 20170509-172147-4505 [/jobs]
socketio: INFO: emitting event "task update" to 20170509-173337-8532 [/jobs]
socketio: INFO: emitting event "task update" to 20170509-172907-6ffa [/jobs]
socketio: INFO: emitting event "task update" to 20170509-172339-dc52 [/jobs]
socketio: INFO: emitting event "task update" to 20170509-172625-e177 [/jobs]
socketio: INFO: emitting event "task update" to 20170509-173316-5f8a [/jobs]
socketio: INFO: emitting event "task update" to 20170509-173318-416e [/jobs]
socketio: INFO: emitting event "task update" to 20170509-173415-8046 [/jobs]
socketio: INFO: emitting event "task update" to 20170509-173027-0946 [/jobs]
socketio: INFO: emitting event "task update" to 20170509-172218-c9c0 [/jobs]
socketio: INFO: emitting event "task update" to 20170509-172328-6826 [/jobs]
socketio: INFO: emitting event "task update" to 20170509-173403-2593 [/jobs]
socketio: INFO: emitting event "task update" to 20170509-174313-cb2c [/jobs]
socketio: INFO: emitting event "task update" to 20170509-172344-9606 [/jobs]
socketio: INFO: emitting event "task update" to 20170509-172430-a33c [/jobs]
socketio: INFO: emitting event "task update" to 20170509-172605-0fd8 [/jobs]
socketio: INFO: emitting event "task update" to 20170509-172706-cfe6 [/jobs]
socketio: INFO: emitting event "task update" to 20170509-173209-48ad [/jobs]
socketio: INFO: emitting event "task update" to 20170509-173320-66e3 [/jobs]
socketio: INFO: emitting event "task update" to 20170509-172927-67d2 [/jobs]
socketio: INFO: emitting event "task update" to 20170509-173515-e8bf [/jobs]
socketio: INFO: emitting event "task update" to 20170509-172524-d7c0 [/jobs]
socketio: INFO: emitting event "task update" to 20170509-172419-2d22 [/jobs]
socketio: INFO: emitting event "task update" to 20170509-172337-f1aa [/jobs]
socketio: INFO: emitting event "task update" to 20170509-173228-acad [/jobs]
socketio: INFO: emitting event "task update" to 20170509-172350-6fcd [/jobs]
socketio: INFO: emitting event "task update" to 20170509-173357-1ed1 [/jobs]
socketio: INFO: emitting event "task update" to 20170509-172259-8252 [/jobs]
socketio: INFO: emitting event "task update" to 20170509-173322-0807 [/jobs]
socketio: INFO: emitting event "task update" to 20170509-172114-d063 [/jobs]
socketio: INFO: emitting event "task update" to 20170509-172323-89b4 [/jobs]
digits.webapp: WARNING: Infer Model unrecognized output: WARNING: log_file config option not found - no log file is being saved
digits.webapp: WARNING: Infer Model unrecognized output: 2017-05-09 17:43:28 [ERROR] InferenceError: Unable to find snapshot for epoch=-1.0
digits.webapp: WARNING: Infer Model unrecognized output: Traceback (most recent call last):
digits.webapp: WARNING: Infer Model unrecognized output: File "/home/ethan/digits_GAN/digits/tools/inference.py", line 293, in <module>
digits.webapp: WARNING: Infer Model unrecognized output: args['resize']
digits.webapp: WARNING: Infer Model unrecognized output: File "/home/ethan/digits_GAN/digits/tools/inference.py", line 79, in infer
digits.webapp: WARNING: Infer Model unrecognized output: raise InferenceError("Unable to find snapshot for epoch=%s" % repr(epoch))
digits.webapp: WARNING: Infer Model unrecognized output: digits.inference.errors.InferenceError: 'Unable to find snapshot for epoch=-1.0'
socketio: INFO: emitting event "task update" to 20170509-173300-0377 [/jobs]
socketio: INFO: emitting event "task update" to 20170509-173245-3417 [/jobs]
socketio: INFO: emitting event "task update" to 20170509-173324-49b0 [/jobs]
socketio: INFO: emitting event "task update" to 20170509-172342-e0ef [/jobs]
socketio: INFO: emitting event "task update" to 20170509-173108-a6ff [/jobs]
socketio: INFO: emitting event "task update" to 20170509-172725-6a13 [/jobs]
socketio: INFO: emitting event "task update" to 20170509-172806-b5bc [/jobs]
socketio: INFO: emitting event "task update" to 20170509-172227-0156 [/jobs]
socketio: INFO: emitting event "task update" to 20170509-172334-9d18 [/jobs]
socketio: INFO: emitting event "task update" to 20170509-173128-33ce [/jobs]
socketio: INFO: emitting event "task update" to 20170509-172347-b92a [/jobs]
socketio: INFO: emitting event "task update" to 20170509-173326-3e6f [/jobs]
socketio: INFO: emitting event "task update" to 20170509-172315-d38b [/jobs]
socketio: INFO: emitting event "task update" to 20170509-172516-8f4b [/jobs]
socketio: INFO: emitting event "task update" to 20170509-172352-bfdd [/jobs]
socketio: INFO: emitting event "task update" to 20170509-172412-e6f0 [/jobs]
socketio: INFO: emitting event "task update" to 20170509-173329-1cea [/jobs]
socketio: INFO: emitting event "task update" to 20170509-173229-c795 [/jobs]
socketio: INFO: emitting event "task update" to 20170509-172202-9230 [/jobs]
socketio: INFO: emitting event "task update" to 20170509-173331-d237 [/jobs]
socketio: INFO: emitting event "task update" to 20170509-172317-7da8 [/jobs]
socketio: INFO: emitting event "task update" to 20170509-173008-ee07 [/jobs]
socketio: INFO: emitting event "task update" to 20170509-172210-1907 [/jobs]
socketio: INFO: emitting event "task update" to 20170509-173333-e98b [/jobs]
socketio: INFO: emitting event "task update" to 20170509-172825-84c5 [/jobs]
digits.webapp: ERROR: Infer Model task failed with error code 1
socketio: INFO: emitting event "task update" to 20170509-174325-2efd [/jobs]
socketio: INFO: emitting event "job update" to 20170509-174325-2efd [/jobs]
socketio: INFO: emitting event "job update" to job_management [/jobs]
socketio: INFO: emitting event "server update" to job_management [/jobs]
socketio: INFO: emitting event "server update" to job_management [/jobs]
socketio: INFO: emitting event "task update" to 20170509-173335-6067 [/jobs]
socketio: INFO: emitting event "task update" to 20170509-172147-4505 [/jobs]
socketio: INFO: emitting event "task update" to 20170509-173337-8532 [/jobs]
socketio: INFO: emitting event "job update" to 20170509-174325-2efd [/jobs]
socketio: INFO: emitting event "job update" to job_management [/jobs]
digits: INFO: Job deleted.
socketio: INFO: emitting event "job update" to job_management [/jobs]
--------------------- >> end captured logging << ---------------------

======================================================================
FAIL: digits.model.images.generic.test_views.TestTensorflowCreated.test_infer_many_json
----------------------------------------------------------------------
Traceback (most recent call last):
  File "/home/ethan/.local/lib/python2.7/site-packages/nose/case.py", line 197, in runTest
    self.test(*self.arg)
  File "/home/ethan/digits_GAN/digits/model/images/generic/test_views.py", line 675, in test_infer_many_json
    assert rv.status_code == 200, 'POST failed with %s' % rv.status_code
AssertionError: POST failed with 500
-------------------- >> begin captured logging << --------------------
socketio: INFO: emitting event "job update" to job_management [/jobs]
socketio: INFO: emitting event "job update" to 20170509-174328-9f59 [/jobs]
socketio: INFO: emitting event "job update" to job_management [/jobs]
socketio: INFO: emitting event "server update" to job_management [/jobs]
socketio: INFO: emitting event "server update" to job_management [/jobs]
digits.webapp: INFO: Infer Model task started.
socketio: INFO: emitting event "task update" to 20170509-174328-9f59 [/jobs]
socketio: INFO: emitting event "job update" to 20170509-174328-9f59 [/jobs]
socketio: INFO: emitting event "job update" to job_management [/jobs]
digits.webapp: INFO: Task subprocess args: "/usr/bin/python2 /home/ethan/digits_GAN/digits/tools/inference.py /tmp/tmpX3R8Ve/20170509-174328-9f59/tmpWS2N3o.txt /tmp/tmpX3R8Ve/20170509-174328-9f59 20170509-174313-cb2c --jobs_dir=/tmp/tmpX3R8Ve --layers=none --gpu=0"
socketio: INFO: emitting event "task update" to 20170509-172907-6ffa [/jobs]
socketio: INFO: emitting event "task update" to 20170509-172339-dc52 [/jobs]
socketio: INFO: emitting event "task update" to 20170509-172625-e177 [/jobs]
socketio: INFO: emitting event "task update" to 20170509-173316-5f8a [/jobs]
socketio: INFO: emitting event "task update" to 20170509-173318-416e [/jobs]
socketio: INFO: emitting event "task update" to 20170509-173415-8046 [/jobs]
socketio: INFO: emitting event "task update" to 20170509-173027-0946 [/jobs]
socketio: INFO: emitting event "task update" to 20170509-172218-c9c0 [/jobs]
socketio: INFO: emitting event "task update" to 20170509-172328-6826 [/jobs]
socketio: INFO: emitting event "task update" to 20170509-173403-2593 [/jobs]
socketio: INFO: emitting event "task update" to 20170509-174313-cb2c [/jobs]
socketio: INFO: emitting event "task update" to 20170509-172344-9606 [/jobs]
socketio: INFO: emitting event "task update" to 20170509-172430-a33c [/jobs]
socketio: INFO: emitting event "task update" to 20170509-172605-0fd8 [/jobs]
socketio: INFO: emitting event "task update" to 20170509-172706-cfe6 [/jobs]
socketio: INFO: emitting event "task update" to 20170509-173209-48ad [/jobs]
socketio: INFO: emitting event "task update" to 20170509-173320-66e3 [/jobs]
socketio: INFO: emitting event "task update" to 20170509-172927-67d2 [/jobs]
socketio: INFO: emitting event "task update" to 20170509-173515-e8bf [/jobs]
socketio: INFO: emitting event "task update" to 20170509-172524-d7c0 [/jobs]
socketio: INFO: emitting event "task update" to 20170509-172419-2d22 [/jobs]
socketio: INFO: emitting event "task update" to 20170509-172337-f1aa [/jobs]
socketio: INFO: emitting event "task update" to 20170509-173228-acad [/jobs]
socketio: INFO: emitting event "task update" to 20170509-172350-6fcd [/jobs]
socketio: INFO: emitting event "task update" to 20170509-173357-1ed1 [/jobs]
socketio: INFO: emitting event "task update" to 20170509-172259-8252 [/jobs]
socketio: INFO: emitting event "task update" to 20170509-173322-0807 [/jobs]
socketio: INFO: emitting event "task update" to 20170509-172114-d063 [/jobs]
socketio: INFO: emitting event "task update" to 20170509-172323-89b4 [/jobs]
socketio: INFO: emitting event "task update" to 20170509-173300-0377 [/jobs]
socketio: INFO: emitting event "task update" to 20170509-173245-3417 [/jobs]
socketio: INFO: emitting event "task update" to 20170509-173324-49b0 [/jobs]
socketio: INFO: emitting event "task update" to 20170509-172342-e0ef [/jobs]
socketio: INFO: emitting event "task update" to 20170509-173108-a6ff [/jobs]
socketio: INFO: emitting event "task update" to 20170509-172725-6a13 [/jobs]
socketio: INFO: emitting event "task update" to 20170509-172806-b5bc [/jobs]
socketio: INFO: emitting event "task update" to 20170509-172227-0156 [/jobs]
socketio: INFO: emitting event "task update" to 20170509-172334-9d18 [/jobs]
socketio: INFO: emitting event "task update" to 20170509-173128-33ce [/jobs]
socketio: INFO: emitting event "task update" to 20170509-172347-b92a [/jobs]
socketio: INFO: emitting event "task update" to 20170509-173326-3e6f [/jobs]
socketio: INFO: emitting event "task update" to 20170509-172315-d38b [/jobs]
socketio: INFO: emitting event "task update" to 20170509-172516-8f4b [/jobs]
socketio: INFO: emitting event "task update" to 20170509-172352-bfdd [/jobs]
socketio: INFO: emitting event "task update" to 20170509-172412-e6f0 [/jobs]
socketio: INFO: emitting event "task update" to 20170509-173329-1cea [/jobs]
socketio: INFO: emitting event "task update" to 20170509-173229-c795 [/jobs]
socketio: INFO: emitting event "task update" to 20170509-172202-9230 [/jobs]
socketio: INFO: emitting event "task update" to 20170509-173331-d237 [/jobs]
socketio: INFO: emitting event "task update" to 20170509-172317-7da8 [/jobs]
socketio: INFO: emitting event "task update" to 20170509-173008-ee07 [/jobs]
socketio: INFO: emitting event "task update" to 20170509-172210-1907 [/jobs]
socketio: INFO: emitting event "task update" to 20170509-173333-e98b [/jobs]
socketio: INFO: emitting event "task update" to 20170509-172825-84c5 [/jobs]
socketio: INFO: emitting event "task update" to 20170509-173335-6067 [/jobs]
socketio: INFO: emitting event "task update" to 20170509-172147-4505 [/jobs]
socketio: INFO: emitting event "task update" to 20170509-173337-8532 [/jobs]
socketio: INFO: emitting event "task update" to 20170509-172907-6ffa [/jobs]
socketio: INFO: emitting event "task update" to 20170509-172339-dc52 [/jobs]
socketio: INFO: emitting event "task update" to 20170509-172625-e177 [/jobs]
socketio: INFO: emitting event "task update" to 20170509-173316-5f8a [/jobs]
socketio: INFO: emitting event "task update" to 20170509-173318-416e [/jobs]
socketio: INFO: emitting event "task update" to 20170509-173415-8046 [/jobs]
socketio: INFO: emitting event "task update" to 20170509-173027-0946 [/jobs]
socketio: INFO: emitting event "task update" to 20170509-172218-c9c0 [/jobs]
socketio: INFO: emitting event "task update" to 20170509-172328-6826 [/jobs]
socketio: INFO: emitting event "task update" to 20170509-173403-2593 [/jobs]
socketio: INFO: emitting event "task update" to 20170509-174313-cb2c [/jobs]
socketio: INFO: emitting event "task update" to 20170509-172344-9606 [/jobs]
socketio: INFO: emitting event "task update" to 20170509-172430-a33c [/jobs]
socketio: INFO: emitting event "task update" to 20170509-172605-0fd8 [/jobs]
socketio: INFO: emitting event "task update" to 20170509-172706-cfe6 [/jobs]
socketio: INFO: emitting event "task update" to 20170509-173209-48ad [/jobs]
socketio: INFO: emitting event "task update" to 20170509-173320-66e3 [/jobs]
socketio: INFO: emitting event "task update" to 20170509-172927-67d2 [/jobs]
socketio: INFO: emitting event "task update" to 20170509-173515-e8bf [/jobs]
socketio: INFO: emitting event "task update" to 20170509-172524-d7c0 [/jobs]
socketio: INFO: emitting event "task update" to 20170509-172419-2d22 [/jobs]
socketio: INFO: emitting event "task update" to 20170509-172337-f1aa [/jobs]
socketio: INFO: emitting event "task update" to 20170509-173228-acad [/jobs]
socketio: INFO: emitting event "task update" to 20170509-172350-6fcd [/jobs]
socketio: INFO: emitting event "task update" to 20170509-173357-1ed1 [/jobs]
socketio: INFO: emitting event "task update" to 20170509-172259-8252 [/jobs]
socketio: INFO: emitting event "task update" to 20170509-173322-0807 [/jobs]
socketio: INFO: emitting event "task update" to 20170509-172114-d063 [/jobs]
socketio: INFO: emitting event "task update" to 20170509-172323-89b4 [/jobs]
socketio: INFO: emitting event "task update" to 20170509-173300-0377 [/jobs]
socketio: INFO: emitting event "task update" to 20170509-173245-3417 [/jobs]
socketio: INFO: emitting event "task update" to 20170509-173324-49b0 [/jobs]
socketio: INFO: emitting event "task update" to 20170509-172342-e0ef [/jobs]
socketio: INFO: emitting event "task update" to 20170509-173108-a6ff [/jobs]
socketio: INFO: emitting event "task update" to 20170509-172725-6a13 [/jobs]
socketio: INFO: emitting event "task update" to 20170509-172806-b5bc [/jobs]
socketio: INFO: emitting event "task update" to 20170509-172227-0156 [/jobs]
socketio: INFO: emitting event "task update" to 20170509-172334-9d18 [/jobs]
socketio: INFO: emitting event "task update" to 20170509-173128-33ce [/jobs]
socketio: INFO: emitting event "task update" to 20170509-172347-b92a [/jobs]
socketio: INFO: emitting event "task update" to 20170509-173326-3e6f [/jobs]
socketio: INFO: emitting event "task update" to 20170509-172315-d38b [/jobs]
socketio: INFO: emitting event "task update" to 20170509-172516-8f4b [/jobs]
socketio: INFO: emitting event "task update" to 20170509-172352-bfdd [/jobs]
socketio: INFO: emitting event "task update" to 20170509-172412-e6f0 [/jobs]
socketio: INFO: emitting event "task update" to 20170509-173329-1cea [/jobs]
socketio: INFO: emitting event "task update" to 20170509-173229-c795 [/jobs]
socketio: INFO: emitting event "task update" to 20170509-172202-9230 [/jobs]
socketio: INFO: emitting event "task update" to 20170509-173331-d237 [/jobs]
socketio: INFO: emitting event "task update" to 20170509-172317-7da8 [/jobs]
socketio: INFO: emitting event "task update" to 20170509-173008-ee07 [/jobs]
socketio: INFO: emitting event "task update" to 20170509-172210-1907 [/jobs]
socketio: INFO: emitting event "task update" to 20170509-173333-e98b [/jobs]
socketio: INFO: emitting event "task update" to 20170509-172825-84c5 [/jobs]
socketio: INFO: emitting event "task update" to 20170509-173335-6067 [/jobs]
socketio: INFO: emitting event "task update" to 20170509-172147-4505 [/jobs]
socketio: INFO: emitting event "task update" to 20170509-173337-8532 [/jobs]
socketio: INFO: emitting event "task update" to 20170509-172907-6ffa [/jobs]
socketio: INFO: emitting event "task update" to 20170509-172339-dc52 [/jobs]
socketio: INFO: emitting event "task update" to 20170509-172625-e177 [/jobs]
socketio: INFO: emitting event "task update" to 20170509-173316-5f8a [/jobs]
socketio: INFO: emitting event "task update" to 20170509-173318-416e [/jobs]
socketio: INFO: emitting event "task update" to 20170509-173415-8046 [/jobs]
socketio: INFO: emitting event "task update" to 20170509-173027-0946 [/jobs]
socketio: INFO: emitting event "task update" to 20170509-172218-c9c0 [/jobs]
socketio: INFO: emitting event "task update" to 20170509-172328-6826 [/jobs]
socketio: INFO: emitting event "task update" to 20170509-173403-2593 [/jobs]
socketio: INFO: emitting event "task update" to 20170509-174313-cb2c [/jobs]
socketio: INFO: emitting event "task update" to 20170509-172344-9606 [/jobs]
socketio: INFO: emitting event "task update" to 20170509-172430-a33c [/jobs]
socketio: INFO: emitting event "task update" to 20170509-172605-0fd8 [/jobs]
socketio: INFO: emitting event "task update" to 20170509-172706-cfe6 [/jobs]
socketio: INFO: emitting event "task update" to 20170509-173209-48ad [/jobs]
socketio: INFO: emitting event "task update" to 20170509-173320-66e3 [/jobs]
socketio: INFO: emitting event "task update" to 20170509-172927-67d2 [/jobs]
socketio: INFO: emitting event "task update" to 20170509-173515-e8bf [/jobs]
socketio: INFO: emitting event "task update" to 20170509-172524-d7c0 [/jobs]
socketio: INFO: emitting event "task update" to 20170509-172419-2d22 [/jobs]
socketio: INFO: emitting event "task update" to 20170509-172337-f1aa [/jobs]
socketio: INFO: emitting event "task update" to 20170509-173228-acad [/jobs]
socketio: INFO: emitting event "task update" to 20170509-172350-6fcd [/jobs]
socketio: INFO: emitting event "task update" to 20170509-173357-1ed1 [/jobs]
socketio: INFO: emitting event "task update" to 20170509-172259-8252 [/jobs]
socketio: INFO: emitting event "task update" to 20170509-173322-0807 [/jobs]
socketio: INFO: emitting event "task update" to 20170509-172114-d063 [/jobs]
socketio: INFO: emitting event "task update" to 20170509-172323-89b4 [/jobs]
digits.webapp: WARNING: Infer Model unrecognized output: WARNING: log_file config option not found - no log file is being saved
digits.webapp: WARNING: Infer Model unrecognized output: 2017-05-09 17:43:31 [ERROR] InferenceError: Unable to find snapshot for epoch=-1.0
digits.webapp: WARNING: Infer Model unrecognized output: Traceback (most recent call last):
digits.webapp: WARNING: Infer Model unrecognized output: File "/home/ethan/digits_GAN/digits/tools/inference.py", line 293, in <module>
digits.webapp: WARNING: Infer Model unrecognized output: args['resize']
digits.webapp: WARNING: Infer Model unrecognized output: File "/home/ethan/digits_GAN/digits/tools/inference.py", line 79, in infer
digits.webapp: WARNING: Infer Model unrecognized output: raise InferenceError("Unable to find snapshot for epoch=%s" % repr(epoch))
digits.webapp: WARNING: Infer Model unrecognized output: digits.inference.errors.InferenceError: 'Unable to find snapshot for epoch=-1.0'
socketio: INFO: emitting event "task update" to 20170509-173300-0377 [/jobs]
socketio: INFO: emitting event "task update" to 20170509-173245-3417 [/jobs]
socketio: INFO: emitting event "task update" to 20170509-173324-49b0 [/jobs]
socketio: INFO: emitting event "task update" to 20170509-172342-e0ef [/jobs]
socketio: INFO: emitting event "task update" to 20170509-173108-a6ff [/jobs]
socketio: INFO: emitting event "task update" to 20170509-172725-6a13 [/jobs]
socketio: INFO: emitting event "task update" to 20170509-172806-b5bc [/jobs]
socketio: INFO: emitting event "task update" to 20170509-172227-0156 [/jobs]
socketio: INFO: emitting event "task update" to 20170509-172334-9d18 [/jobs]
socketio: INFO: emitting event "task update" to 20170509-173128-33ce [/jobs]
digits.webapp: ERROR: Infer Model task failed with error code 1
socketio: INFO: emitting event "task update" to 20170509-174328-9f59 [/jobs]
socketio: INFO: emitting event "job update" to 20170509-174328-9f59 [/jobs]
socketio: INFO: emitting event "job update" to job_management [/jobs]
socketio: INFO: emitting event "server update" to job_management [/jobs]
socketio: INFO: emitting event "server update" to job_management [/jobs]
socketio: INFO: emitting event "task update" to 20170509-172347-b92a [/jobs]
socketio: INFO: emitting event "task update" to 20170509-173326-3e6f [/jobs]
socketio: INFO: emitting event "task update" to 20170509-172315-d38b [/jobs]
socketio: INFO: emitting event "task update" to 20170509-172516-8f4b [/jobs]
socketio: INFO: emitting event "job update" to 20170509-174328-9f59 [/jobs]
socketio: INFO: emitting event "job update" to job_management [/jobs]
socketio: INFO: emitting event "task update" to 20170509-172352-bfdd [/jobs]
socketio: INFO: emitting event "task update" to 20170509-172412-e6f0 [/jobs]
digits: INFO: Job deleted.
socketio: INFO: emitting event "job update" to job_management [/jobs]
--------------------- >> end captured logging << ---------------------

======================================================================
FAIL: digits.model.images.generic.test_views.TestTensorflowCreated.test_infer_one
----------------------------------------------------------------------
Traceback (most recent call last):
  File "/home/ethan/.local/lib/python2.7/site-packages/nose/case.py", line 197, in runTest
    self.test(*self.arg)
  File "/home/ethan/digits_GAN/digits/model/images/generic/test_views.py", line 593, in test_infer_one
    assert rv.status_code == 200, 'POST failed with %s\n\n%s' % (rv.status_code, body)
AssertionError: POST failed with 500

[<body>\n<div class="navbar navbar-inverse navbar-fixed-top">\n<div class="container">\n<div class="navbar-header">\n<a class="navbar-brand" href="/">DIGITS</a>\n</div>\n<ul class="nav navbar-nav">\n<li><a href="/models/20170509-174313-cb2c">test_model</a></li>\n<li class="active"><a>Test One</a></li>\n</ul>\n<ul class="nav navbar-nav navbar-right">\n<li>\n<p class="navbar-text">\n            digits-testsuite (<a class="navbar-link" href="/logout">Logout</a>)\n            </p>\n</li>\n<li class="dropdown">\n<a class="dropdown-toggle" data-toggle="dropdown" href="#">Info<span class="caret"></span></a>\n<ul class="dropdown-menu navbar-inverse">\n<li><span class="navbar-text">Server: ethan-computer</span></li>\n<li><span class="navbar-text">DIGITS version: <br> 5.1-dev</br></span></li>\n<li><span class="navbar-text">Caffe version: <br> 0.15.13</br></span></li>\n<li><span class="navbar-text">Caffe flavor: <br> NVIDIA</br></span></li>\n</ul>\n</li>\n<li class="dropdown">\n<a class="dropdown-toggle" data-toggle="dropdown" href="#">About<span class="caret"></span></a>\n<ul class="dropdown-menu about-menu navbar-inverse">\n<li><span class="navbar-text"><a href="https://developer.nvidia.com/digits" target="_blank">\n                        DIGITS on developer.nvidia.com\n                    </a></span></li>\n<li><span class="navbar-text"><a href="https://github.com/NVIDIA/DIGITS" target="_blank">\n                        DIGITS on GitHub\n                    </a></span></li>\n<li><span class="navbar-text"><a href="https://groups.google.com/d/forum/digits-users" target="_blank">\n                        DIGITS user group\n                    </a></span></li>\n<li><span class="navbar-text"><a href="mailto:digits@nvidia.com">\n                        digits@nvidia.com\n                    </a></span></li>\n</ul>\n</li>\n</ul>\n</div>\n</div>\n<div class="container">\n<div class="jumbotron">\n<div class="container">\n<div class="row">\n<div class="col-sm-12" id="show-job-name">\n<h2 style="display:inline;">Infer One Image</h2>\n</div>\n<div class="col-sm-4" id="edit-job-name" style="display:none;">\n<script>\nfunction updateJobName() {\n    var newName = $("input[name=job-name]").val();\n    $.ajax("/jobs/20170509-174331-9010",\n            {\n                type: "PUT",\n                data: {"job_name": newName}\n                }\n          )\n    .done(function() {\n            $("#show-job-name h2").html(newName);\n            $('#edit-job-name').hide(); $('#show-job-name').show();\n            })\n    .fail(function(data) { errorAlert(data); });\n    return false;\n}\n                </script>\n<input class="form-control" name="job-name" value="Infer One Image"/>\n<a class="btn btn-primary" href="#" onclick="return updateJobName();">Update</a>\n<a class="btn btn-info" href="#" onclick="$('#edit-job-name').hide(); $('#show-job-name').show(); return false;">Cancel</a>\n</div>\n</div>\n<small>Owner: digits-testsuite</small>\n<div class="pull-right">\n<a class="btn btn-info" disabled="" id="clone-job">Clone Job</a>\n<a class="btn btn-warning hidden disabled" id="abort-job">Abort Job</a>\n<a class="btn btn-danger disabled" id="delete-job">Delete Job</a>\n</div>\n</div>\n<script>\n$('#abort-job').on('click', function(event) {\n        event.preventDefault();\n        bootbox.confirm(\n            'Are you sure you want to abort this job?',\n            function(result) {\n                if (result)\n                    $.ajax("/jobs/20170509-174331-9010/abort",\n                        {type: "POST"})\n                    .done(function() {\n                        $("#abort-job").hide();\n                        })\n                    .fail(function(data) { errorAlert(data); });\n            });\n        });\n\n$('#delete-job').on('click', function(event) {\n        event.preventDefault();\n        bootbox.confirm(\n            'Are you sure you want to delete this job?<br><br>All related files will be permanently removed.',\n            function(result) {\n                if (result)\n                    $.ajax("/jobs/20170509-174331-9010",\n                        {type: "DELETE"})\n                    .done(function() {\n                        window.location = "/";\n                        })\n                    .fail(function(data) { errorAlert(data); });\n            });\n        });\n    </script>\n</div>\n<div class="row">\n<!-- Job content -->\n<div class="col-sm-8">\n<script src="/static/js/3rdparty/jquery.elevateZoom-3.0.8.min.js?ver=4606b4a4404b87a591d409910710feb1"></script>\n<div class="page-header">\n<h1>\n        test_model\n        <small>\n            Generic Image Model\n        </small>\n</h1>\n</div>\n<div class="row">\n<div class="alert alert-danger">\n<p>Inference failed, see job log</p>\n</div>\n</div>\n</div>\n<!-- Tasks -->\n<div class="col-sm-4">\n<div class="panel-group">\n<div class="panel panel-danger" id="job-statuses">\n<div class="panel-heading">\n<h4 class="panel-title">\n                    Job Status\n                    <small>Error</small>\n</h4>\n</div>\n<div class="panel-collapse">\n<div class="panel-body">\n<div class="job-statuses">\n<ul>\n<li>\n<span class="text-warning">Initialized</span>\n        at 05:43:31 PM\n            <small>(0 seconds)</small>\n</li>\n<li>\n<span class="text-info">Running</span>\n        at 05:43:31 PM\n            <small>(2 seconds)</small>\n</li>\n<li>\n<span class="text-danger">Error</span>\n        at 05:43:34 PM\n            <br>\n<small>(Total - 3 seconds)</small>\n</br></li>\n</ul>\n</div>\n<div class="panel-group">\n<div class="panel panel-danger" id="task-140099411275088-status">\n<div class="panel-heading">\n<h4 class="panel-title">\n<a data-toggle="collapse" href="#task-140099411275088-status-collapse">\n                                            Infer Model\n                                            <small>Error</small>\n<span class="caret"></span>\n</a>\n</h4>\n</div>\n<div class="panel-collapse collapse in" id="task-140099411275088-status-collapse">\n<div class="panel-body">\n<div class="task-progress" style="display:none;">\n<div class="progress">\n<div class="progress-bar" style="width:0%">\n                                                    0%\n                                                </div>\n</div>\n                                            Estimated time remaining: <span class="task-eta">?</span>\n<br/>\n<br/>\n</div>\n<div class="task-statuses">\n<ul>\n<li>\n<span class="text-warning">Initialized</span>\n        at 05:43:31 PM\n            <small>(0 seconds)</small>\n</li>\n<li>\n<span class="text-info">Running</span>\n        at 05:43:31 PM\n            <small>(2 seconds)</small>\n</li>\n<li>\n<span class="text-danger">Error</span>\n        at 05:43:34 PM\n            <br>\n<small>(Total - 2 seconds)</small>\n</br></li>\n</ul>\n<h4 class="text-danger">ERROR: error code 1</h4>\n<pre>\nWARNING: log_file config option not found - no log file is being saved\n2017-05-09 17:43:34 [ERROR] InferenceError: Unable to find snapshot for epoch=-1.0\nTraceback (most recent call last):\nFile "/home/ethan/digits_GAN/digits/tools/inference.py", line 293, in &lt;module&gt;\nargs['resize']\nFile "/home/ethan/digits_GAN/digits/tools/inference.py", line 79, in infer\nraise InferenceError("Unable to find snapshot for epoch=%s" % repr(epoch))\ndigits.inference.errors.InferenceError: 'Unable to find snapshot for epoch=-1.0'\n        </pre>\n</div>\n</div>\n</div>\n</div>\n</div>\n</div>\n</div>\n</div>\n</div>\n<div class="gpu-utilization-info" style="display:none;"></div>\n<!-- Related jobs -->\n<div class="panel panel-default" id="notes-information">\n<div class="panel-heading">\n<h4>Notes</h4>\n</div>\n<div class="panel-body">\n<div class="col-sm-12" id="show-job-notes">\n<p style="display:inline;">None</p>\n</div>\n<div class="col-sm-12" id="edit-job-notes" style="display:none;">\n<script type="text/javascript">\n                        function updateJobNotes() {\n                        var newNotes = $("textarea[name=job-notes]").val();\n                        $.ajax("/jobs/20170509-174331-9010",\n                                {\n                                    type: "PUT",\n                                    data: {"job_notes": newNotes}\n                                    }\n                              )\n                        .done(function() {\n                                $("#show-job-notes p").html(newNotes);\n                                $('#edit-job-notes').hide(); $('#show-job-notes').show();\n                                })\n                        .fail(function(data) { errorAlert(data); });\n                        return false;\n                    }\n                    </script>\n<textarea class="form-control" name="job-notes" placeholder="Enter notes" rows="5"></textarea>\n<a class="btn btn-primary" href="#" onclick="return updateJobNotes();">Update</a>\n<a class="btn btn-info" href="#" onclick="$('#edit-job-notes').hide(); $('#show-job-notes').show(); return false;">Cancel</a>\n</div>\n</div>\n</div>\n</div>\n</div>\n<div class="row">\n<script type="text/javascript">\n    function drawHistogram(id, data) {\n        c3.generate({\n            bindto: id,\n            size: {height: 200},\n            data: {\n                columns: [\n                    ['Count'].concat(data[0]),\n                    ['Value'].concat(data[1]),\n                ],\n                x: 'Value',\n                type: 'area-spline',\n            },\n            axis: {\n                x: {\n                    label: {\n                        text: 'Value',\n                        position: 'outer-center',\n                    },\n                    tick: {\n                        values: data[2],\n                        format: d3.format('.3g'),\n                    },\n                    padding: {left: 0},\n                },\n                y: {\n                    padding: {bottom: 0},\n                },\n            },\n            bar: {\n               width: {ratio: 0.2}\n            },\n            padding: {left: 20, right: 20},\n            legend: {hide: true},\n        });\n    }\n</script>\n<style>\n    div.histogram .c3-axis-y .tick {\n        display: none;\n    }\n</style>\n</div>\n</div>\n<script>\n$SCRIPT_ROOT = "";\n\n$(".explanation-tooltip").tooltip();\n\nwindow.onload = function () {\n    $('.autocomplete_path').autocomplete({\n       serviceUrl: '/autocomplete/path',\n       formatResult: function (suggestion, currentValue)\n       {\n            function baseName(str)\n            {\n               var base = new String(str).substring(str.lastIndexOf('/') + 1);\n               return base;\n            }\n            return baseName(suggestion.value);\n        },\n        minChars: 0\n    });\n    $(".autocomplete_path").removeAttr("autocomplete");\n};\n\n</script>\n<style>\n .about-menu {\n     width: 240px !important;\n }\n .brightness {\n     display: inline-block;\n }\n .brightness img:hover {\n     opacity: .75;\n }\n</style>\n</body>]
-------------------- >> begin captured logging << --------------------
socketio: INFO: emitting event "job update" to job_management [/jobs]
socketio: INFO: emitting event "task update" to 20170509-173329-1cea [/jobs]
socketio: INFO: emitting event "task update" to 20170509-173229-c795 [/jobs]
socketio: INFO: emitting event "task update" to 20170509-172202-9230 [/jobs]
socketio: INFO: emitting event "task update" to 20170509-173331-d237 [/jobs]
socketio: INFO: emitting event "task update" to 20170509-172317-7da8 [/jobs]
socketio: INFO: emitting event "task update" to 20170509-173008-ee07 [/jobs]
socketio: INFO: emitting event "task update" to 20170509-172210-1907 [/jobs]
socketio: INFO: emitting event "task update" to 20170509-173333-e98b [/jobs]
socketio: INFO: emitting event "task update" to 20170509-172825-84c5 [/jobs]
socketio: INFO: emitting event "task update" to 20170509-173335-6067 [/jobs]
socketio: INFO: emitting event "task update" to 20170509-172147-4505 [/jobs]
socketio: INFO: emitting event "task update" to 20170509-173337-8532 [/jobs]
socketio: INFO: emitting event "job update" to 20170509-174331-9010 [/jobs]
socketio: INFO: emitting event "job update" to job_management [/jobs]
socketio: INFO: emitting event "server update" to job_management [/jobs]
socketio: INFO: emitting event "server update" to job_management [/jobs]
digits.webapp: INFO: Infer Model task started.
socketio: INFO: emitting event "task update" to 20170509-174331-9010 [/jobs]
socketio: INFO: emitting event "job update" to 20170509-174331-9010 [/jobs]
socketio: INFO: emitting event "job update" to job_management [/jobs]
digits.webapp: INFO: Task subprocess args: "/usr/bin/python2 /home/ethan/digits_GAN/digits/tools/inference.py /tmp/tmpX3R8Ve/20170509-174331-9010/tmpeG5jH4.txt /tmp/tmpX3R8Ve/20170509-174331-9010 20170509-174313-cb2c --jobs_dir=/tmp/tmpX3R8Ve --layers=all --gpu=0"
socketio: INFO: emitting event "task update" to 20170509-172907-6ffa [/jobs]
socketio: INFO: emitting event "task update" to 20170509-172339-dc52 [/jobs]
socketio: INFO: emitting event "task update" to 20170509-172625-e177 [/jobs]
socketio: INFO: emitting event "task update" to 20170509-173316-5f8a [/jobs]
socketio: INFO: emitting event "task update" to 20170509-173318-416e [/jobs]
socketio: INFO: emitting event "task update" to 20170509-173415-8046 [/jobs]
socketio: INFO: emitting event "task update" to 20170509-173027-0946 [/jobs]
socketio: INFO: emitting event "task update" to 20170509-172218-c9c0 [/jobs]
socketio: INFO: emitting event "task update" to 20170509-172328-6826 [/jobs]
socketio: INFO: emitting event "task update" to 20170509-173403-2593 [/jobs]
socketio: INFO: emitting event "task update" to 20170509-174313-cb2c [/jobs]
socketio: INFO: emitting event "task update" to 20170509-172344-9606 [/jobs]
socketio: INFO: emitting event "task update" to 20170509-172430-a33c [/jobs]
socketio: INFO: emitting event "task update" to 20170509-172605-0fd8 [/jobs]
socketio: INFO: emitting event "task update" to 20170509-172706-cfe6 [/jobs]
socketio: INFO: emitting event "task update" to 20170509-173209-48ad [/jobs]
socketio: INFO: emitting event "task update" to 20170509-173320-66e3 [/jobs]
socketio: INFO: emitting event "task update" to 20170509-172927-67d2 [/jobs]
socketio: INFO: emitting event "task update" to 20170509-173515-e8bf [/jobs]
socketio: INFO: emitting event "task update" to 20170509-172524-d7c0 [/jobs]
socketio: INFO: emitting event "task update" to 20170509-172419-2d22 [/jobs]
socketio: INFO: emitting event "task update" to 20170509-172337-f1aa [/jobs]
socketio: INFO: emitting event "task update" to 20170509-173228-acad [/jobs]
socketio: INFO: emitting event "task update" to 20170509-172350-6fcd [/jobs]
socketio: INFO: emitting event "task update" to 20170509-173357-1ed1 [/jobs]
socketio: INFO: emitting event "task update" to 20170509-172259-8252 [/jobs]
socketio: INFO: emitting event "task update" to 20170509-173322-0807 [/jobs]
socketio: INFO: emitting event "task update" to 20170509-172114-d063 [/jobs]
socketio: INFO: emitting event "task update" to 20170509-172323-89b4 [/jobs]
socketio: INFO: emitting event "task update" to 20170509-173300-0377 [/jobs]
socketio: INFO: emitting event "task update" to 20170509-173245-3417 [/jobs]
socketio: INFO: emitting event "task update" to 20170509-173324-49b0 [/jobs]
socketio: INFO: emitting event "task update" to 20170509-172342-e0ef [/jobs]
socketio: INFO: emitting event "task update" to 20170509-173108-a6ff [/jobs]
socketio: INFO: emitting event "task update" to 20170509-172725-6a13 [/jobs]
socketio: INFO: emitting event "task update" to 20170509-172806-b5bc [/jobs]
socketio: INFO: emitting event "task update" to 20170509-172227-0156 [/jobs]
socketio: INFO: emitting event "task update" to 20170509-172334-9d18 [/jobs]
socketio: INFO: emitting event "task update" to 20170509-173128-33ce [/jobs]
socketio: INFO: emitting event "task update" to 20170509-172347-b92a [/jobs]
socketio: INFO: emitting event "task update" to 20170509-173326-3e6f [/jobs]
socketio: INFO: emitting event "task update" to 20170509-172315-d38b [/jobs]
socketio: INFO: emitting event "task update" to 20170509-172516-8f4b [/jobs]
socketio: INFO: emitting event "task update" to 20170509-172352-bfdd [/jobs]
socketio: INFO: emitting event "task update" to 20170509-172412-e6f0 [/jobs]
socketio: INFO: emitting event "task update" to 20170509-173329-1cea [/jobs]
socketio: INFO: emitting event "task update" to 20170509-173229-c795 [/jobs]
socketio: INFO: emitting event "task update" to 20170509-172202-9230 [/jobs]
socketio: INFO: emitting event "task update" to 20170509-173331-d237 [/jobs]
socketio: INFO: emitting event "task update" to 20170509-172317-7da8 [/jobs]
socketio: INFO: emitting event "task update" to 20170509-173008-ee07 [/jobs]
socketio: INFO: emitting event "task update" to 20170509-172210-1907 [/jobs]
socketio: INFO: emitting event "task update" to 20170509-173333-e98b [/jobs]
socketio: INFO: emitting event "task update" to 20170509-172825-84c5 [/jobs]
socketio: INFO: emitting event "task update" to 20170509-173335-6067 [/jobs]
socketio: INFO: emitting event "task update" to 20170509-172147-4505 [/jobs]
socketio: INFO: emitting event "task update" to 20170509-173337-8532 [/jobs]
socketio: INFO: emitting event "task update" to 20170509-172907-6ffa [/jobs]
socketio: INFO: emitting event "task update" to 20170509-172339-dc52 [/jobs]
socketio: INFO: emitting event "task update" to 20170509-172625-e177 [/jobs]
socketio: INFO: emitting event "task update" to 20170509-173316-5f8a [/jobs]
socketio: INFO: emitting event "task update" to 20170509-173318-416e [/jobs]
socketio: INFO: emitting event "task update" to 20170509-173415-8046 [/jobs]
socketio: INFO: emitting event "task update" to 20170509-173027-0946 [/jobs]
socketio: INFO: emitting event "task update" to 20170509-172218-c9c0 [/jobs]
socketio: INFO: emitting event "task update" to 20170509-172328-6826 [/jobs]
socketio: INFO: emitting event "task update" to 20170509-173403-2593 [/jobs]
socketio: INFO: emitting event "task update" to 20170509-174313-cb2c [/jobs]
socketio: INFO: emitting event "task update" to 20170509-172344-9606 [/jobs]
socketio: INFO: emitting event "task update" to 20170509-172430-a33c [/jobs]
socketio: INFO: emitting event "task update" to 20170509-172605-0fd8 [/jobs]
socketio: INFO: emitting event "task update" to 20170509-172706-cfe6 [/jobs]
socketio: INFO: emitting event "task update" to 20170509-173209-48ad [/jobs]
socketio: INFO: emitting event "task update" to 20170509-173320-66e3 [/jobs]
socketio: INFO: emitting event "task update" to 20170509-172927-67d2 [/jobs]
socketio: INFO: emitting event "task update" to 20170509-173515-e8bf [/jobs]
socketio: INFO: emitting event "task update" to 20170509-172524-d7c0 [/jobs]
socketio: INFO: emitting event "task update" to 20170509-172419-2d22 [/jobs]
socketio: INFO: emitting event "task update" to 20170509-172337-f1aa [/jobs]
socketio: INFO: emitting event "task update" to 20170509-173228-acad [/jobs]
socketio: INFO: emitting event "task update" to 20170509-172350-6fcd [/jobs]
socketio: INFO: emitting event "task update" to 20170509-173357-1ed1 [/jobs]
socketio: INFO: emitting event "task update" to 20170509-172259-8252 [/jobs]
socketio: INFO: emitting event "task update" to 20170509-173322-0807 [/jobs]
socketio: INFO: emitting event "task update" to 20170509-172114-d063 [/jobs]
socketio: INFO: emitting event "task update" to 20170509-172323-89b4 [/jobs]
socketio: INFO: emitting event "task update" to 20170509-173300-0377 [/jobs]
socketio: INFO: emitting event "task update" to 20170509-173245-3417 [/jobs]
socketio: INFO: emitting event "task update" to 20170509-173324-49b0 [/jobs]
socketio: INFO: emitting event "task update" to 20170509-172342-e0ef [/jobs]
socketio: INFO: emitting event "task update" to 20170509-173108-a6ff [/jobs]
socketio: INFO: emitting event "task update" to 20170509-172725-6a13 [/jobs]
socketio: INFO: emitting event "task update" to 20170509-172806-b5bc [/jobs]
socketio: INFO: emitting event "task update" to 20170509-172227-0156 [/jobs]
socketio: INFO: emitting event "task update" to 20170509-172334-9d18 [/jobs]
socketio: INFO: emitting event "task update" to 20170509-173128-33ce [/jobs]
socketio: INFO: emitting event "task update" to 20170509-172347-b92a [/jobs]
socketio: INFO: emitting event "task update" to 20170509-173326-3e6f [/jobs]
socketio: INFO: emitting event "task update" to 20170509-172315-d38b [/jobs]
socketio: INFO: emitting event "task update" to 20170509-172516-8f4b [/jobs]
socketio: INFO: emitting event "task update" to 20170509-172352-bfdd [/jobs]
socketio: INFO: emitting event "task update" to 20170509-172412-e6f0 [/jobs]
socketio: INFO: emitting event "task update" to 20170509-173329-1cea [/jobs]
socketio: INFO: emitting event "task update" to 20170509-173229-c795 [/jobs]
socketio: INFO: emitting event "task update" to 20170509-172202-9230 [/jobs]
socketio: INFO: emitting event "task update" to 20170509-173331-d237 [/jobs]
socketio: INFO: emitting event "task update" to 20170509-172317-7da8 [/jobs]
socketio: INFO: emitting event "task update" to 20170509-173008-ee07 [/jobs]
socketio: INFO: emitting event "task update" to 20170509-172210-1907 [/jobs]
socketio: INFO: emitting event "task update" to 20170509-173333-e98b [/jobs]
socketio: INFO: emitting event "task update" to 20170509-172825-84c5 [/jobs]
socketio: INFO: emitting event "task update" to 20170509-173335-6067 [/jobs]
socketio: INFO: emitting event "task update" to 20170509-172147-4505 [/jobs]
socketio: INFO: emitting event "task update" to 20170509-173337-8532 [/jobs]
socketio: INFO: emitting event "task update" to 20170509-172907-6ffa [/jobs]
socketio: INFO: emitting event "task update" to 20170509-172339-dc52 [/jobs]
socketio: INFO: emitting event "task update" to 20170509-172625-e177 [/jobs]
socketio: INFO: emitting event "task update" to 20170509-173316-5f8a [/jobs]
socketio: INFO: emitting event "task update" to 20170509-173318-416e [/jobs]
socketio: INFO: emitting event "task update" to 20170509-173415-8046 [/jobs]
socketio: INFO: emitting event "task update" to 20170509-173027-0946 [/jobs]
socketio: INFO: emitting event "task update" to 20170509-172218-c9c0 [/jobs]
socketio: INFO: emitting event "task update" to 20170509-172328-6826 [/jobs]
socketio: INFO: emitting event "task update" to 20170509-173403-2593 [/jobs]
socketio: INFO: emitting event "task update" to 20170509-174313-cb2c [/jobs]
socketio: INFO: emitting event "task update" to 20170509-172344-9606 [/jobs]
socketio: INFO: emitting event "task update" to 20170509-172430-a33c [/jobs]
socketio: INFO: emitting event "task update" to 20170509-172605-0fd8 [/jobs]
socketio: INFO: emitting event "task update" to 20170509-172706-cfe6 [/jobs]
socketio: INFO: emitting event "task update" to 20170509-173209-48ad [/jobs]
socketio: INFO: emitting event "task update" to 20170509-173320-66e3 [/jobs]
socketio: INFO: emitting event "task update" to 20170509-172927-67d2 [/jobs]
socketio: INFO: emitting event "task update" to 20170509-173515-e8bf [/jobs]
socketio: INFO: emitting event "task update" to 20170509-172524-d7c0 [/jobs]
socketio: INFO: emitting event "task update" to 20170509-172419-2d22 [/jobs]
socketio: INFO: emitting event "task update" to 20170509-172337-f1aa [/jobs]
socketio: INFO: emitting event "task update" to 20170509-173228-acad [/jobs]
socketio: INFO: emitting event "task update" to 20170509-172350-6fcd [/jobs]
socketio: INFO: emitting event "task update" to 20170509-173357-1ed1 [/jobs]
socketio: INFO: emitting event "task update" to 20170509-172259-8252 [/jobs]
socketio: INFO: emitting event "task update" to 20170509-173322-0807 [/jobs]
socketio: INFO: emitting event "task update" to 20170509-172114-d063 [/jobs]
socketio: INFO: emitting event "task update" to 20170509-172323-89b4 [/jobs]
socketio: INFO: emitting event "task update" to 20170509-173300-0377 [/jobs]
socketio: INFO: emitting event "task update" to 20170509-173245-3417 [/jobs]
digits.webapp: WARNING: Infer Model unrecognized output: WARNING: log_file config option not found - no log file is being saved
digits.webapp: WARNING: Infer Model unrecognized output: 2017-05-09 17:43:34 [ERROR] InferenceError: Unable to find snapshot for epoch=-1.0
digits.webapp: WARNING: Infer Model unrecognized output: Traceback (most recent call last):
digits.webapp: WARNING: Infer Model unrecognized output: File "/home/ethan/digits_GAN/digits/tools/inference.py", line 293, in <module>
digits.webapp: WARNING: Infer Model unrecognized output: args['resize']
digits.webapp: WARNING: Infer Model unrecognized output: File "/home/ethan/digits_GAN/digits/tools/inference.py", line 79, in infer
digits.webapp: WARNING: Infer Model unrecognized output: raise InferenceError("Unable to find snapshot for epoch=%s" % repr(epoch))
digits.webapp: WARNING: Infer Model unrecognized output: digits.inference.errors.InferenceError: 'Unable to find snapshot for epoch=-1.0'
socketio: INFO: emitting event "task update" to 20170509-173324-49b0 [/jobs]
socketio: INFO: emitting event "task update" to 20170509-172342-e0ef [/jobs]
socketio: INFO: emitting event "task update" to 20170509-173108-a6ff [/jobs]
socketio: INFO: emitting event "task update" to 20170509-172725-6a13 [/jobs]
socketio: INFO: emitting event "task update" to 20170509-172806-b5bc [/jobs]
socketio: INFO: emitting event "task update" to 20170509-172227-0156 [/jobs]
socketio: INFO: emitting event "task update" to 20170509-172334-9d18 [/jobs]
socketio: INFO: emitting event "task update" to 20170509-173128-33ce [/jobs]
socketio: INFO: emitting event "task update" to 20170509-172347-b92a [/jobs]
socketio: INFO: emitting event "task update" to 20170509-173326-3e6f [/jobs]
socketio: INFO: emitting event "task update" to 20170509-172315-d38b [/jobs]
socketio: INFO: emitting event "task update" to 20170509-172516-8f4b [/jobs]
digits.webapp: ERROR: Infer Model task failed with error code 1
socketio: INFO: emitting event "task update" to 20170509-174331-9010 [/jobs]
socketio: INFO: emitting event "job update" to 20170509-174331-9010 [/jobs]
socketio: INFO: emitting event "job update" to job_management [/jobs]
socketio: INFO: emitting event "server update" to job_management [/jobs]
socketio: INFO: emitting event "server update" to job_management [/jobs]
socketio: INFO: emitting event "task update" to 20170509-172352-bfdd [/jobs]
socketio: INFO: emitting event "task update" to 20170509-172412-e6f0 [/jobs]
socketio: INFO: emitting event "task update" to 20170509-173329-1cea [/jobs]
socketio: INFO: emitting event "task update" to 20170509-173229-c795 [/jobs]
socketio: INFO: emitting event "job update" to 20170509-174331-9010 [/jobs]
socketio: INFO: emitting event "job update" to job_management [/jobs]
socketio: INFO: emitting event "task update" to 20170509-172202-9230 [/jobs]
digits: INFO: Job deleted.
socketio: INFO: emitting event "job update" to job_management [/jobs]
--------------------- >> end captured logging << ---------------------

======================================================================
FAIL: digits.model.images.generic.test_views.TestTensorflowCreated.test_infer_one_json
----------------------------------------------------------------------
Traceback (most recent call last):
  File "/home/ethan/.local/lib/python2.7/site-packages/nose/case.py", line 197, in runTest
    self.test(*self.arg)
  File "/home/ethan/digits_GAN/digits/model/images/generic/test_views.py", line 607, in test_infer_one_json
    assert rv.status_code == 200, 'POST failed with %s' % rv.status_code
AssertionError: POST failed with 500
-------------------- >> begin captured logging << --------------------
socketio: INFO: emitting event "job update" to job_management [/jobs]
socketio: INFO: emitting event "task update" to 20170509-173331-d237 [/jobs]
socketio: INFO: emitting event "task update" to 20170509-172317-7da8 [/jobs]
socketio: INFO: emitting event "task update" to 20170509-173008-ee07 [/jobs]
socketio: INFO: emitting event "task update" to 20170509-172210-1907 [/jobs]
socketio: INFO: emitting event "task update" to 20170509-173333-e98b [/jobs]
socketio: INFO: emitting event "task update" to 20170509-172825-84c5 [/jobs]
socketio: INFO: emitting event "task update" to 20170509-173335-6067 [/jobs]
socketio: INFO: emitting event "task update" to 20170509-172147-4505 [/jobs]
socketio: INFO: emitting event "task update" to 20170509-173337-8532 [/jobs]
socketio: INFO: emitting event "job update" to 20170509-174334-3273 [/jobs]
socketio: INFO: emitting event "job update" to job_management [/jobs]
socketio: INFO: emitting event "server update" to job_management [/jobs]
socketio: INFO: emitting event "server update" to job_management [/jobs]
digits.webapp: INFO: Infer Model task started.
socketio: INFO: emitting event "task update" to 20170509-174334-3273 [/jobs]
socketio: INFO: emitting event "job update" to 20170509-174334-3273 [/jobs]
socketio: INFO: emitting event "job update" to job_management [/jobs]
digits.webapp: INFO: Task subprocess args: "/usr/bin/python2 /home/ethan/digits_GAN/digits/tools/inference.py /tmp/tmpX3R8Ve/20170509-174334-3273/tmpSMlPho.txt /tmp/tmpX3R8Ve/20170509-174334-3273 20170509-174313-cb2c --jobs_dir=/tmp/tmpX3R8Ve --layers=none --gpu=0"
socketio: INFO: emitting event "task update" to 20170509-172907-6ffa [/jobs]
socketio: INFO: emitting event "task update" to 20170509-172339-dc52 [/jobs]
socketio: INFO: emitting event "task update" to 20170509-172625-e177 [/jobs]
socketio: INFO: emitting event "task update" to 20170509-173316-5f8a [/jobs]
socketio: INFO: emitting event "task update" to 20170509-173318-416e [/jobs]
socketio: INFO: emitting event "task update" to 20170509-173415-8046 [/jobs]
socketio: INFO: emitting event "task update" to 20170509-173027-0946 [/jobs]
socketio: INFO: emitting event "task update" to 20170509-172218-c9c0 [/jobs]
socketio: INFO: emitting event "task update" to 20170509-172328-6826 [/jobs]
socketio: INFO: emitting event "task update" to 20170509-173403-2593 [/jobs]
socketio: INFO: emitting event "task update" to 20170509-174313-cb2c [/jobs]
socketio: INFO: emitting event "task update" to 20170509-172344-9606 [/jobs]
socketio: INFO: emitting event "task update" to 20170509-172430-a33c [/jobs]
socketio: INFO: emitting event "task update" to 20170509-172605-0fd8 [/jobs]
socketio: INFO: emitting event "task update" to 20170509-172706-cfe6 [/jobs]
socketio: INFO: emitting event "task update" to 20170509-173209-48ad [/jobs]
socketio: INFO: emitting event "task update" to 20170509-173320-66e3 [/jobs]
socketio: INFO: emitting event "task update" to 20170509-172927-67d2 [/jobs]
socketio: INFO: emitting event "task update" to 20170509-173515-e8bf [/jobs]
socketio: INFO: emitting event "task update" to 20170509-172524-d7c0 [/jobs]
socketio: INFO: emitting event "task update" to 20170509-172419-2d22 [/jobs]
socketio: INFO: emitting event "task update" to 20170509-172337-f1aa [/jobs]
socketio: INFO: emitting event "task update" to 20170509-173228-acad [/jobs]
socketio: INFO: emitting event "task update" to 20170509-172350-6fcd [/jobs]
socketio: INFO: emitting event "task update" to 20170509-173357-1ed1 [/jobs]
socketio: INFO: emitting event "task update" to 20170509-172259-8252 [/jobs]
socketio: INFO: emitting event "task update" to 20170509-173322-0807 [/jobs]
socketio: INFO: emitting event "task update" to 20170509-172114-d063 [/jobs]
socketio: INFO: emitting event "task update" to 20170509-172323-89b4 [/jobs]
socketio: INFO: emitting event "task update" to 20170509-173300-0377 [/jobs]
socketio: INFO: emitting event "task update" to 20170509-173245-3417 [/jobs]
socketio: INFO: emitting event "task update" to 20170509-173324-49b0 [/jobs]
socketio: INFO: emitting event "task update" to 20170509-172342-e0ef [/jobs]
socketio: INFO: emitting event "task update" to 20170509-173108-a6ff [/jobs]
socketio: INFO: emitting event "task update" to 20170509-172725-6a13 [/jobs]
socketio: INFO: emitting event "task update" to 20170509-172806-b5bc [/jobs]
socketio: INFO: emitting event "task update" to 20170509-172227-0156 [/jobs]
socketio: INFO: emitting event "task update" to 20170509-172334-9d18 [/jobs]
socketio: INFO: emitting event "task update" to 20170509-173128-33ce [/jobs]
socketio: INFO: emitting event "task update" to 20170509-172347-b92a [/jobs]
socketio: INFO: emitting event "task update" to 20170509-173326-3e6f [/jobs]
socketio: INFO: emitting event "task update" to 20170509-172315-d38b [/jobs]
socketio: INFO: emitting event "task update" to 20170509-172516-8f4b [/jobs]
socketio: INFO: emitting event "task update" to 20170509-172352-bfdd [/jobs]
socketio: INFO: emitting event "task update" to 20170509-172412-e6f0 [/jobs]
socketio: INFO: emitting event "task update" to 20170509-173329-1cea [/jobs]
socketio: INFO: emitting event "task update" to 20170509-173229-c795 [/jobs]
socketio: INFO: emitting event "task update" to 20170509-172202-9230 [/jobs]
socketio: INFO: emitting event "task update" to 20170509-173331-d237 [/jobs]
socketio: INFO: emitting event "task update" to 20170509-172317-7da8 [/jobs]
socketio: INFO: emitting event "task update" to 20170509-173008-ee07 [/jobs]
socketio: INFO: emitting event "task update" to 20170509-172210-1907 [/jobs]
socketio: INFO: emitting event "task update" to 20170509-173333-e98b [/jobs]
socketio: INFO: emitting event "task update" to 20170509-172825-84c5 [/jobs]
socketio: INFO: emitting event "task update" to 20170509-173335-6067 [/jobs]
socketio: INFO: emitting event "task update" to 20170509-172147-4505 [/jobs]
socketio: INFO: emitting event "task update" to 20170509-173337-8532 [/jobs]
socketio: INFO: emitting event "task update" to 20170509-172907-6ffa [/jobs]
socketio: INFO: emitting event "task update" to 20170509-172339-dc52 [/jobs]
socketio: INFO: emitting event "task update" to 20170509-172625-e177 [/jobs]
socketio: INFO: emitting event "task update" to 20170509-173316-5f8a [/jobs]
socketio: INFO: emitting event "task update" to 20170509-173318-416e [/jobs]
socketio: INFO: emitting event "task update" to 20170509-173415-8046 [/jobs]
socketio: INFO: emitting event "task update" to 20170509-173027-0946 [/jobs]
socketio: INFO: emitting event "task update" to 20170509-172218-c9c0 [/jobs]
socketio: INFO: emitting event "task update" to 20170509-172328-6826 [/jobs]
socketio: INFO: emitting event "task update" to 20170509-173403-2593 [/jobs]
socketio: INFO: emitting event "task update" to 20170509-174313-cb2c [/jobs]
socketio: INFO: emitting event "task update" to 20170509-172344-9606 [/jobs]
socketio: INFO: emitting event "task update" to 20170509-172430-a33c [/jobs]
socketio: INFO: emitting event "task update" to 20170509-172605-0fd8 [/jobs]
socketio: INFO: emitting event "task update" to 20170509-172706-cfe6 [/jobs]
socketio: INFO: emitting event "task update" to 20170509-173209-48ad [/jobs]
socketio: INFO: emitting event "task update" to 20170509-173320-66e3 [/jobs]
socketio: INFO: emitting event "task update" to 20170509-172927-67d2 [/jobs]
socketio: INFO: emitting event "task update" to 20170509-173515-e8bf [/jobs]
socketio: INFO: emitting event "task update" to 20170509-172524-d7c0 [/jobs]
socketio: INFO: emitting event "task update" to 20170509-172419-2d22 [/jobs]
socketio: INFO: emitting event "task update" to 20170509-172337-f1aa [/jobs]
socketio: INFO: emitting event "task update" to 20170509-173228-acad [/jobs]
socketio: INFO: emitting event "task update" to 20170509-172350-6fcd [/jobs]
socketio: INFO: emitting event "task update" to 20170509-173357-1ed1 [/jobs]
socketio: INFO: emitting event "task update" to 20170509-172259-8252 [/jobs]
socketio: INFO: emitting event "task update" to 20170509-173322-0807 [/jobs]
socketio: INFO: emitting event "task update" to 20170509-172114-d063 [/jobs]
socketio: INFO: emitting event "task update" to 20170509-172323-89b4 [/jobs]
socketio: INFO: emitting event "task update" to 20170509-173300-0377 [/jobs]
socketio: INFO: emitting event "task update" to 20170509-173245-3417 [/jobs]
socketio: INFO: emitting event "task update" to 20170509-173324-49b0 [/jobs]
socketio: INFO: emitting event "task update" to 20170509-172342-e0ef [/jobs]
socketio: INFO: emitting event "task update" to 20170509-173108-a6ff [/jobs]
socketio: INFO: emitting event "task update" to 20170509-172725-6a13 [/jobs]
socketio: INFO: emitting event "task update" to 20170509-172806-b5bc [/jobs]
socketio: INFO: emitting event "task update" to 20170509-172227-0156 [/jobs]
socketio: INFO: emitting event "task update" to 20170509-172334-9d18 [/jobs]
socketio: INFO: emitting event "task update" to 20170509-173128-33ce [/jobs]
socketio: INFO: emitting event "task update" to 20170509-172347-b92a [/jobs]
socketio: INFO: emitting event "task update" to 20170509-173326-3e6f [/jobs]
socketio: INFO: emitting event "task update" to 20170509-172315-d38b [/jobs]
socketio: INFO: emitting event "task update" to 20170509-172516-8f4b [/jobs]
socketio: INFO: emitting event "task update" to 20170509-172352-bfdd [/jobs]
socketio: INFO: emitting event "task update" to 20170509-172412-e6f0 [/jobs]
socketio: INFO: emitting event "task update" to 20170509-173329-1cea [/jobs]
socketio: INFO: emitting event "task update" to 20170509-173229-c795 [/jobs]
socketio: INFO: emitting event "task update" to 20170509-172202-9230 [/jobs]
socketio: INFO: emitting event "task update" to 20170509-173331-d237 [/jobs]
socketio: INFO: emitting event "task update" to 20170509-172317-7da8 [/jobs]
socketio: INFO: emitting event "task update" to 20170509-173008-ee07 [/jobs]
socketio: INFO: emitting event "task update" to 20170509-172210-1907 [/jobs]
socketio: INFO: emitting event "task update" to 20170509-173333-e98b [/jobs]
socketio: INFO: emitting event "task update" to 20170509-172825-84c5 [/jobs]
socketio: INFO: emitting event "task update" to 20170509-173335-6067 [/jobs]
socketio: INFO: emitting event "task update" to 20170509-172147-4505 [/jobs]
socketio: INFO: emitting event "task update" to 20170509-173337-8532 [/jobs]
socketio: INFO: emitting event "task update" to 20170509-172907-6ffa [/jobs]
socketio: INFO: emitting event "task update" to 20170509-172339-dc52 [/jobs]
socketio: INFO: emitting event "task update" to 20170509-172625-e177 [/jobs]
socketio: INFO: emitting event "task update" to 20170509-173316-5f8a [/jobs]
socketio: INFO: emitting event "task update" to 20170509-173318-416e [/jobs]
socketio: INFO: emitting event "task update" to 20170509-173415-8046 [/jobs]
socketio: INFO: emitting event "task update" to 20170509-173027-0946 [/jobs]
socketio: INFO: emitting event "task update" to 20170509-172218-c9c0 [/jobs]
socketio: INFO: emitting event "task update" to 20170509-172328-6826 [/jobs]
socketio: INFO: emitting event "task update" to 20170509-173403-2593 [/jobs]
socketio: INFO: emitting event "task update" to 20170509-174313-cb2c [/jobs]
socketio: INFO: emitting event "task update" to 20170509-172344-9606 [/jobs]
socketio: INFO: emitting event "task update" to 20170509-172430-a33c [/jobs]
socketio: INFO: emitting event "task update" to 20170509-172605-0fd8 [/jobs]
socketio: INFO: emitting event "task update" to 20170509-172706-cfe6 [/jobs]
socketio: INFO: emitting event "task update" to 20170509-173209-48ad [/jobs]
socketio: INFO: emitting event "task update" to 20170509-173320-66e3 [/jobs]
socketio: INFO: emitting event "task update" to 20170509-172927-67d2 [/jobs]
socketio: INFO: emitting event "task update" to 20170509-173515-e8bf [/jobs]
socketio: INFO: emitting event "task update" to 20170509-172524-d7c0 [/jobs]
socketio: INFO: emitting event "task update" to 20170509-172419-2d22 [/jobs]
socketio: INFO: emitting event "task update" to 20170509-172337-f1aa [/jobs]
socketio: INFO: emitting event "task update" to 20170509-173228-acad [/jobs]
socketio: INFO: emitting event "task update" to 20170509-172350-6fcd [/jobs]
socketio: INFO: emitting event "task update" to 20170509-173357-1ed1 [/jobs]
socketio: INFO: emitting event "task update" to 20170509-172259-8252 [/jobs]
socketio: INFO: emitting event "task update" to 20170509-173322-0807 [/jobs]
socketio: INFO: emitting event "task update" to 20170509-172114-d063 [/jobs]
socketio: INFO: emitting event "task update" to 20170509-172323-89b4 [/jobs]
digits.webapp: WARNING: Infer Model unrecognized output: WARNING: log_file config option not found - no log file is being saved
digits.webapp: WARNING: Infer Model unrecognized output: 2017-05-09 17:43:37 [ERROR] InferenceError: Unable to find snapshot for epoch=-1.0
digits.webapp: WARNING: Infer Model unrecognized output: Traceback (most recent call last):
digits.webapp: WARNING: Infer Model unrecognized output: File "/home/ethan/digits_GAN/digits/tools/inference.py", line 293, in <module>
digits.webapp: WARNING: Infer Model unrecognized output: args['resize']
digits.webapp: WARNING: Infer Model unrecognized output: File "/home/ethan/digits_GAN/digits/tools/inference.py", line 79, in infer
digits.webapp: WARNING: Infer Model unrecognized output: raise InferenceError("Unable to find snapshot for epoch=%s" % repr(epoch))
digits.webapp: WARNING: Infer Model unrecognized output: digits.inference.errors.InferenceError: 'Unable to find snapshot for epoch=-1.0'
socketio: INFO: emitting event "task update" to 20170509-173300-0377 [/jobs]
socketio: INFO: emitting event "task update" to 20170509-173245-3417 [/jobs]
socketio: INFO: emitting event "task update" to 20170509-173324-49b0 [/jobs]
socketio: INFO: emitting event "task update" to 20170509-172342-e0ef [/jobs]
socketio: INFO: emitting event "task update" to 20170509-173108-a6ff [/jobs]
socketio: INFO: emitting event "task update" to 20170509-172725-6a13 [/jobs]
socketio: INFO: emitting event "task update" to 20170509-172806-b5bc [/jobs]
socketio: INFO: emitting event "task update" to 20170509-172227-0156 [/jobs]
digits.webapp: ERROR: Infer Model task failed with error code 1
socketio: INFO: emitting event "task update" to 20170509-174334-3273 [/jobs]
socketio: INFO: emitting event "job update" to 20170509-174334-3273 [/jobs]
socketio: INFO: emitting event "job update" to job_management [/jobs]
socketio: INFO: emitting event "server update" to job_management [/jobs]
socketio: INFO: emitting event "server update" to job_management [/jobs]
socketio: INFO: emitting event "job update" to 20170509-174334-3273 [/jobs]
socketio: INFO: emitting event "job update" to job_management [/jobs]
digits: INFO: Job deleted.
socketio: INFO: emitting event "job update" to job_management [/jobs]
--------------------- >> end captured logging << ---------------------

======================================================================
FAIL: digits.model.images.generic.test_views.TestTensorflowCreated.test_model_json
----------------------------------------------------------------------
Traceback (most recent call last):
  File "/home/ethan/.local/lib/python2.7/site-packages/nose/case.py", line 197, in runTest
    self.test(*self.arg)
  File "/home/ethan/digits_GAN/digits/model/images/generic/test_views.py", line 562, in test_model_json
    assert len(content['snapshots']) > 0, 'no snapshots in list'
AssertionError: no snapshots in list

======================================================================
FAIL: digits.model.images.generic.test_views.TestTensorflowCreatedCropInForm.test_download('tar',)
----------------------------------------------------------------------
Traceback (most recent call last):
  File "/home/ethan/.local/lib/python2.7/site-packages/nose/case.py", line 197, in runTest
    self.test(*self.arg)
  File "/home/ethan/digits_GAN/digits/model/images/generic/test_views.py", line 544, in check_download
    assert rv.status_code == 200, 'download "%s" failed with %s' % (url, rv.status_code)
AssertionError: download "/models/20170509-174340-86bb/download.tar" failed with 500
-------------------- >> begin captured logging << --------------------
socketio: INFO: emitting event "job update" to job_management [/jobs]
socketio: INFO: emitting event "task update" to 20170509-172334-9d18 [/jobs]
socketio: INFO: emitting event "task update" to 20170509-173128-33ce [/jobs]
socketio: INFO: emitting event "task update" to 20170509-172347-b92a [/jobs]
socketio: INFO: emitting event "task update" to 20170509-173326-3e6f [/jobs]
socketio: INFO: emitting event "task update" to 20170509-172315-d38b [/jobs]
socketio: INFO: emitting event "task update" to 20170509-172516-8f4b [/jobs]
socketio: INFO: emitting event "task update" to 20170509-172352-bfdd [/jobs]
socketio: INFO: emitting event "task update" to 20170509-172412-e6f0 [/jobs]
socketio: INFO: emitting event "job update" to 20170509-174337-412f [/jobs]
socketio: INFO: emitting event "job update" to job_management [/jobs]
socketio: INFO: emitting event "server update" to job_management [/jobs]
socketio: INFO: emitting event "server update" to job_management [/jobs]
socketio: INFO: emitting event "server update" to job_management [/jobs]
socketio: INFO: emitting event "server update" to job_management [/jobs]
digits.webapp: INFO: Analyze DB (Training Images) task started.
socketio: INFO: emitting event "task update" to 20170509-174337-412f [/jobs]
socketio: INFO: emitting event "job update" to 20170509-174337-412f [/jobs]
socketio: INFO: emitting event "job update" to job_management [/jobs]
digits.webapp: INFO: Task subprocess args: "/usr/bin/python2 /home/ethan/digits_GAN/digits/tools/analyze_db.py /tmp/tmpwfitKK/train_images --force-same-shape"
digits.webapp: INFO: Analyze DB (Training Labels) task started.
socketio: INFO: emitting event "task update" to 20170509-174337-412f [/jobs]
socketio: INFO: emitting event "job update" to 20170509-174337-412f [/jobs]
socketio: INFO: emitting event "job update" to job_management [/jobs]
digits.webapp: INFO: Task subprocess args: "/usr/bin/python2 /home/ethan/digits_GAN/digits/tools/analyze_db.py /tmp/tmpwfitKK/train_labels --force-same-shape"
digits.webapp: INFO: Analyze DB (Validation Images) task started.
socketio: INFO: emitting event "task update" to 20170509-174337-412f [/jobs]
socketio: INFO: emitting event "job update" to 20170509-174337-412f [/jobs]
socketio: INFO: emitting event "job update" to job_management [/jobs]
digits.webapp: INFO: Task subprocess args: "/usr/bin/python2 /home/ethan/digits_GAN/digits/tools/analyze_db.py /tmp/tmpwfitKK/val_images --force-same-shape"
digits.webapp: INFO: Analyze DB (Validation Labels) task started.
socketio: INFO: emitting event "task update" to 20170509-174337-412f [/jobs]
socketio: INFO: emitting event "job update" to 20170509-174337-412f [/jobs]
socketio: INFO: emitting event "job update" to job_management [/jobs]
digits.webapp: INFO: Task subprocess args: "/usr/bin/python2 /home/ethan/digits_GAN/digits/tools/analyze_db.py /tmp/tmpwfitKK/val_labels --force-same-shape"
socketio: INFO: emitting event "task update" to 20170509-173329-1cea [/jobs]
socketio: INFO: emitting event "task update" to 20170509-173229-c795 [/jobs]
socketio: INFO: emitting event "task update" to 20170509-172202-9230 [/jobs]
socketio: INFO: emitting event "task update" to 20170509-173331-d237 [/jobs]
socketio: INFO: emitting event "task update" to 20170509-172317-7da8 [/jobs]
socketio: INFO: emitting event "task update" to 20170509-173008-ee07 [/jobs]
socketio: INFO: emitting event "task update" to 20170509-172210-1907 [/jobs]
socketio: INFO: emitting event "task update" to 20170509-173333-e98b [/jobs]
socketio: INFO: emitting event "task update" to 20170509-172825-84c5 [/jobs]
socketio: INFO: emitting event "task update" to 20170509-173335-6067 [/jobs]
socketio: INFO: emitting event "task update" to 20170509-172147-4505 [/jobs]
socketio: INFO: emitting event "task update" to 20170509-173337-8532 [/jobs]
socketio: INFO: emitting event "task update" to 20170509-172907-6ffa [/jobs]
socketio: INFO: emitting event "task update" to 20170509-172339-dc52 [/jobs]
socketio: INFO: emitting event "task update" to 20170509-172625-e177 [/jobs]
socketio: INFO: emitting event "task update" to 20170509-173316-5f8a [/jobs]
socketio: INFO: emitting event "task update" to 20170509-173318-416e [/jobs]
socketio: INFO: emitting event "task update" to 20170509-173415-8046 [/jobs]
socketio: INFO: emitting event "task update" to 20170509-173027-0946 [/jobs]
socketio: INFO: emitting event "task update" to 20170509-172218-c9c0 [/jobs]
socketio: INFO: emitting event "task update" to 20170509-172328-6826 [/jobs]
socketio: INFO: emitting event "task update" to 20170509-173403-2593 [/jobs]
socketio: INFO: emitting event "task update" to 20170509-174313-cb2c [/jobs]
socketio: INFO: emitting event "task update" to 20170509-172344-9606 [/jobs]
socketio: INFO: emitting event "task update" to 20170509-172430-a33c [/jobs]
socketio: INFO: emitting event "task update" to 20170509-172605-0fd8 [/jobs]
socketio: INFO: emitting event "task update" to 20170509-172706-cfe6 [/jobs]
socketio: INFO: emitting event "task update" to 20170509-173209-48ad [/jobs]
socketio: INFO: emitting event "task update" to 20170509-173320-66e3 [/jobs]
socketio: INFO: emitting event "task update" to 20170509-172927-67d2 [/jobs]
socketio: INFO: emitting event "task update" to 20170509-173515-e8bf [/jobs]
socketio: INFO: emitting event "task update" to 20170509-172524-d7c0 [/jobs]
socketio: INFO: emitting event "task update" to 20170509-172419-2d22 [/jobs]
socketio: INFO: emitting event "task update" to 20170509-172337-f1aa [/jobs]
socketio: INFO: emitting event "task update" to 20170509-173228-acad [/jobs]
socketio: INFO: emitting event "task update" to 20170509-172350-6fcd [/jobs]
socketio: INFO: emitting event "task update" to 20170509-173357-1ed1 [/jobs]
socketio: INFO: emitting event "task update" to 20170509-172259-8252 [/jobs]
socketio: INFO: emitting event "task update" to 20170509-173322-0807 [/jobs]
socketio: INFO: emitting event "task update" to 20170509-172114-d063 [/jobs]
socketio: INFO: emitting event "task update" to 20170509-172323-89b4 [/jobs]
socketio: INFO: emitting event "task update" to 20170509-173300-0377 [/jobs]
socketio: INFO: emitting event "task update" to 20170509-173245-3417 [/jobs]
socketio: INFO: emitting event "task update" to 20170509-173324-49b0 [/jobs]
socketio: INFO: emitting event "task update" to 20170509-172342-e0ef [/jobs]
socketio: INFO: emitting event "task update" to 20170509-173108-a6ff [/jobs]
socketio: INFO: emitting event "task update" to 20170509-172725-6a13 [/jobs]
socketio: INFO: emitting event "task update" to 20170509-172806-b5bc [/jobs]
socketio: INFO: emitting event "task update" to 20170509-172227-0156 [/jobs]
socketio: INFO: emitting event "task update" to 20170509-173128-33ce [/jobs]
socketio: INFO: emitting event "task update" to 20170509-172347-b92a [/jobs]
socketio: INFO: emitting event "task update" to 20170509-173326-3e6f [/jobs]
socketio: INFO: emitting event "task update" to 20170509-172315-d38b [/jobs]
socketio: INFO: emitting event "task update" to 20170509-172516-8f4b [/jobs]
socketio: INFO: emitting event "task update" to 20170509-172352-bfdd [/jobs]
socketio: INFO: emitting event "task update" to 20170509-172412-e6f0 [/jobs]
socketio: INFO: emitting event "task update" to 20170509-173329-1cea [/jobs]
socketio: INFO: emitting event "task update" to 20170509-173229-c795 [/jobs]
socketio: INFO: emitting event "task update" to 20170509-172202-9230 [/jobs]
socketio: INFO: emitting event "task update" to 20170509-173331-d237 [/jobs]
socketio: INFO: emitting event "task update" to 20170509-172317-7da8 [/jobs]
socketio: INFO: emitting event "task update" to 20170509-173008-ee07 [/jobs]
socketio: INFO: emitting event "task update" to 20170509-172210-1907 [/jobs]
socketio: INFO: emitting event "task update" to 20170509-173333-e98b [/jobs]
socketio: INFO: emitting event "task update" to 20170509-172825-84c5 [/jobs]
socketio: INFO: emitting event "task update" to 20170509-173335-6067 [/jobs]
socketio: INFO: emitting event "task update" to 20170509-172147-4505 [/jobs]
socketio: INFO: emitting event "task update" to 20170509-173337-8532 [/jobs]
socketio: INFO: emitting event "task update" to 20170509-172907-6ffa [/jobs]
socketio: INFO: emitting event "task update" to 20170509-172339-dc52 [/jobs]
socketio: INFO: emitting event "task update" to 20170509-172625-e177 [/jobs]
socketio: INFO: emitting event "task update" to 20170509-173316-5f8a [/jobs]
socketio: INFO: emitting event "task update" to 20170509-173318-416e [/jobs]
socketio: INFO: emitting event "task update" to 20170509-173415-8046 [/jobs]
socketio: INFO: emitting event "task update" to 20170509-173027-0946 [/jobs]
socketio: INFO: emitting event "task update" to 20170509-172218-c9c0 [/jobs]
socketio: INFO: emitting event "task update" to 20170509-172328-6826 [/jobs]
socketio: INFO: emitting event "task update" to 20170509-173403-2593 [/jobs]
socketio: INFO: emitting event "task update" to 20170509-174313-cb2c [/jobs]
socketio: INFO: emitting event "task update" to 20170509-172344-9606 [/jobs]
socketio: INFO: emitting event "task update" to 20170509-172430-a33c [/jobs]
socketio: INFO: emitting event "task update" to 20170509-172605-0fd8 [/jobs]
socketio: INFO: emitting event "task update" to 20170509-172706-cfe6 [/jobs]
socketio: INFO: emitting event "task update" to 20170509-173209-48ad [/jobs]
socketio: INFO: emitting event "task update" to 20170509-173320-66e3 [/jobs]
socketio: INFO: emitting event "task update" to 20170509-172927-67d2 [/jobs]
socketio: INFO: emitting event "task update" to 20170509-173515-e8bf [/jobs]
socketio: INFO: emitting event "task update" to 20170509-172524-d7c0 [/jobs]
socketio: INFO: emitting event "task update" to 20170509-172419-2d22 [/jobs]
socketio: INFO: emitting event "task update" to 20170509-173228-acad [/jobs]
socketio: INFO: emitting event "task update" to 20170509-172350-6fcd [/jobs]
socketio: INFO: emitting event "task update" to 20170509-173357-1ed1 [/jobs]
socketio: INFO: emitting event "task update" to 20170509-172259-8252 [/jobs]
socketio: INFO: emitting event "task update" to 20170509-173322-0807 [/jobs]
socketio: INFO: emitting event "task update" to 20170509-172114-d063 [/jobs]
socketio: INFO: emitting event "task update" to 20170509-172323-89b4 [/jobs]
socketio: INFO: emitting event "task update" to 20170509-173300-0377 [/jobs]
socketio: INFO: emitting event "task update" to 20170509-173245-3417 [/jobs]
socketio: INFO: emitting event "task update" to 20170509-173324-49b0 [/jobs]
socketio: INFO: emitting event "task update" to 20170509-172342-e0ef [/jobs]
socketio: INFO: emitting event "task update" to 20170509-173108-a6ff [/jobs]
socketio: INFO: emitting event "task update" to 20170509-172725-6a13 [/jobs]
socketio: INFO: emitting event "task update" to 20170509-172806-b5bc [/jobs]
socketio: INFO: emitting event "task update" to 20170509-172227-0156 [/jobs]
socketio: INFO: emitting event "task update" to 20170509-172334-9d18 [/jobs]
socketio: INFO: emitting event "task update" to 20170509-173128-33ce [/jobs]
socketio: INFO: emitting event "task update" to 20170509-172347-b92a [/jobs]
socketio: INFO: emitting event "task update" to 20170509-173326-3e6f [/jobs]
socketio: INFO: emitting event "task update" to 20170509-172315-d38b [/jobs]
socketio: INFO: emitting event "task update" to 20170509-172516-8f4b [/jobs]
socketio: INFO: emitting event "task update" to 20170509-172352-bfdd [/jobs]
socketio: INFO: emitting event "task update" to 20170509-172412-e6f0 [/jobs]
socketio: INFO: emitting event "task update" to 20170509-173329-1cea [/jobs]
socketio: INFO: emitting event "task update" to 20170509-173229-c795 [/jobs]
socketio: INFO: emitting event "task update" to 20170509-172202-9230 [/jobs]
socketio: INFO: emitting event "task update" to 20170509-173331-d237 [/jobs]
socketio: INFO: emitting event "task update" to 20170509-172317-7da8 [/jobs]
socketio: INFO: emitting event "task update" to 20170509-173008-ee07 [/jobs]
socketio: INFO: emitting event "task update" to 20170509-172210-1907 [/jobs]
socketio: INFO: emitting event "task update" to 20170509-173333-e98b [/jobs]
socketio: INFO: emitting event "task update" to 20170509-172825-84c5 [/jobs]
socketio: INFO: emitting event "task update" to 20170509-173335-6067 [/jobs]
socketio: INFO: emitting event "task update" to 20170509-172147-4505 [/jobs]
socketio: INFO: emitting event "task update" to 20170509-173337-8532 [/jobs]
socketio: INFO: emitting event "task update" to 20170509-172907-6ffa [/jobs]
socketio: INFO: emitting event "task update" to 20170509-172339-dc52 [/jobs]
socketio: INFO: emitting event "task update" to 20170509-172625-e177 [/jobs]
socketio: INFO: emitting event "task update" to 20170509-173316-5f8a [/jobs]
socketio: INFO: emitting event "task update" to 20170509-173318-416e [/jobs]
socketio: INFO: emitting event "task update" to 20170509-173415-8046 [/jobs]
socketio: INFO: emitting event "task update" to 20170509-173027-0946 [/jobs]
socketio: INFO: emitting event "task update" to 20170509-172218-c9c0 [/jobs]
socketio: INFO: emitting event "task update" to 20170509-172328-6826 [/jobs]
socketio: INFO: emitting event "task update" to 20170509-173403-2593 [/jobs]
socketio: INFO: emitting event "task update" to 20170509-174313-cb2c [/jobs]
socketio: INFO: emitting event "task update" to 20170509-172344-9606 [/jobs]
socketio: INFO: emitting event "task update" to 20170509-172430-a33c [/jobs]
socketio: INFO: emitting event "task update" to 20170509-172605-0fd8 [/jobs]
socketio: INFO: emitting event "task update" to 20170509-172706-cfe6 [/jobs]
socketio: INFO: emitting event "task update" to 20170509-173209-48ad [/jobs]
socketio: INFO: emitting event "task update" to 20170509-173320-66e3 [/jobs]
digits.webapp: WARNING: Analyze DB (Training Labels) unrecognized output: WARNING: log_file config option not found - no log file is being saved
socketio: INFO: emitting event "task update" to 20170509-174337-412f [/jobs]
socketio: INFO: emitting event "job update" to job_management [/jobs]
digits.webapp: DEBUG: Images are 2x1x1
socketio: INFO: emitting event "task update" to 20170509-172927-67d2 [/jobs]
socketio: INFO: emitting event "task update" to 20170509-173515-e8bf [/jobs]
socketio: INFO: emitting event "task update" to 20170509-172524-d7c0 [/jobs]
socketio: INFO: emitting event "task update" to 20170509-172419-2d22 [/jobs]
socketio: INFO: emitting event "task update" to 20170509-172337-f1aa [/jobs]
digits.webapp: WARNING: Analyze DB (Validation Labels) unrecognized output: WARNING: log_file config option not found - no log file is being saved
socketio: INFO: emitting event "task update" to 20170509-174337-412f [/jobs]
socketio: INFO: emitting event "job update" to job_management [/jobs]
digits.webapp: DEBUG: Images are 2x1x1
socketio: INFO: emitting event "task update" to 20170509-173228-acad [/jobs]
digits.webapp: INFO: Analyze DB (Training Labels) task completed.
socketio: INFO: emitting event "task update" to 20170509-174337-412f [/jobs]
socketio: INFO: emitting event "job update" to job_management [/jobs]
socketio: INFO: emitting event "task update" to 20170509-174337-412f [/jobs]
socketio: INFO: emitting event "job update" to 20170509-174337-412f [/jobs]
socketio: INFO: emitting event "job update" to job_management [/jobs]
socketio: INFO: emitting event "server update" to job_management [/jobs]
socketio: INFO: emitting event "task update" to 20170509-172350-6fcd [/jobs]
digits.webapp: WARNING: Analyze DB (Validation Images) unrecognized output: WARNING: log_file config option not found - no log file is being saved
socketio: INFO: emitting event "task update" to 20170509-174337-412f [/jobs]
socketio: INFO: emitting event "job update" to job_management [/jobs]
digits.webapp: DEBUG: Images are 10x10x1
socketio: INFO: emitting event "task update" to 20170509-173357-1ed1 [/jobs]
socketio: INFO: emitting event "task update" to 20170509-172259-8252 [/jobs]
socketio: INFO: emitting event "task update" to 20170509-173322-0807 [/jobs]
socketio: INFO: emitting event "task update" to 20170509-172114-d063 [/jobs]
digits.webapp: WARNING: Analyze DB (Training Images) unrecognized output: WARNING: log_file config option not found - no log file is being saved
socketio: INFO: emitting event "task update" to 20170509-174337-412f [/jobs]
socketio: INFO: emitting event "job update" to job_management [/jobs]
digits.webapp: DEBUG: Images are 10x10x1
socketio: INFO: emitting event "task update" to 20170509-172323-89b4 [/jobs]
digits.webapp: INFO: Analyze DB (Validation Labels) task completed.
socketio: INFO: emitting event "task update" to 20170509-174337-412f [/jobs]
socketio: INFO: emitting event "job update" to job_management [/jobs]
socketio: INFO: emitting event "task update" to 20170509-174337-412f [/jobs]
socketio: INFO: emitting event "job update" to 20170509-174337-412f [/jobs]
socketio: INFO: emitting event "job update" to job_management [/jobs]
socketio: INFO: emitting event "server update" to job_management [/jobs]
digits.webapp: INFO: Analyze DB (Validation Images) task completed.
socketio: INFO: emitting event "task update" to 20170509-174337-412f [/jobs]
socketio: INFO: emitting event "job update" to job_management [/jobs]
socketio: INFO: emitting event "task update" to 20170509-174337-412f [/jobs]
socketio: INFO: emitting event "job update" to 20170509-174337-412f [/jobs]
socketio: INFO: emitting event "job update" to job_management [/jobs]
socketio: INFO: emitting event "server update" to job_management [/jobs]
digits.webapp: INFO: Analyze DB (Training Images) task completed.
socketio: INFO: emitting event "task update" to 20170509-174337-412f [/jobs]
socketio: INFO: emitting event "job update" to job_management [/jobs]
socketio: INFO: emitting event "task update" to 20170509-174337-412f [/jobs]
socketio: INFO: emitting event "job update" to 20170509-174337-412f [/jobs]
socketio: INFO: emitting event "job update" to job_management [/jobs]
socketio: INFO: emitting event "server update" to job_management [/jobs]
socketio: INFO: emitting event "job update" to job_management [/jobs]
socketio: INFO: emitting event "job update" to 20170509-174337-412f [/jobs]
socketio: INFO: emitting event "job update" to job_management [/jobs]
digits: INFO: Job complete.
socketio: INFO: emitting event "task update" to 20170509-173300-0377 [/jobs]
socketio: INFO: emitting event "task update" to 20170509-173245-3417 [/jobs]
socketio: INFO: emitting event "task update" to 20170509-173324-49b0 [/jobs]
socketio: INFO: emitting event "task update" to 20170509-172342-e0ef [/jobs]
socketio: INFO: emitting event "task update" to 20170509-173108-a6ff [/jobs]
socketio: INFO: emitting event "task update" to 20170509-172725-6a13 [/jobs]
socketio: INFO: emitting event "task update" to 20170509-172806-b5bc [/jobs]
socketio: INFO: emitting event "task update" to 20170509-172227-0156 [/jobs]
socketio: INFO: emitting event "task update" to 20170509-172334-9d18 [/jobs]
socketio: INFO: emitting event "task update" to 20170509-173128-33ce [/jobs]
socketio: INFO: emitting event "job update" to job_management [/jobs]
socketio: INFO: emitting event "task update" to 20170509-172347-b92a [/jobs]
socketio: INFO: emitting event "job update" to 20170509-174340-86bb [/jobs]
socketio: INFO: emitting event "job update" to job_management [/jobs]
socketio: INFO: emitting event "server update" to job_management [/jobs]
socketio: INFO: emitting event "task update" to 20170509-173326-3e6f [/jobs]
socketio: INFO: emitting event "task update" to 20170509-172315-d38b [/jobs]
digits.webapp: INFO: Train Tensorflow Model task started.
socketio: INFO: emitting event "task update" to 20170509-174340-86bb [/jobs]
socketio: INFO: emitting event "job update" to 20170509-174340-86bb [/jobs]
socketio: INFO: emitting event "job update" to job_management [/jobs]
digits.webapp: INFO: Task subprocess args: "python2 /home/ethan/digits_GAN/digits/tools/tensorflow/main.py --network=network.py --epoch=3 --networkDirectory=/tmp/tmpX3R8Ve/20170509-174340-86bb --save=/tmp/tmpX3R8Ve/20170509-174340-86bb --snapshotPrefix=snapshot --snapshotInterval=1 --lr_base_rate=0.01 --lr_policy=step --batch_size=10 --mean=/tmp/tmpwfitKK/train_mean.binaryproto --train_db=/tmp/tmpwfitKK/train_images --train_labels=/tmp/tmpwfitKK/train_labels --validation_db=/tmp/tmpwfitKK/val_images --validation_labels=/tmp/tmpwfitKK/val_labels --lr_gamma=0.1 --lr_stepvalues=33 --croplen=8 --subtractMean=image --seed=3405691582 --optimization=sgd --validation_interval=1 --log_runtime_stats_per_step=0 --augFlip=none --augHSVh=0 --augHSVs=0 --augHSVv=0"
socketio: INFO: emitting event "task update" to 20170509-174340-86bb [/jobs]
socketio: INFO: emitting event "task update" to 20170509-172516-8f4b [/jobs]
socketio: INFO: emitting event "task update" to 20170509-172352-bfdd [/jobs]
socketio: INFO: emitting event "task update" to 20170509-172412-e6f0 [/jobs]
socketio: INFO: emitting event "task update" to 20170509-173329-1cea [/jobs]
socketio: INFO: emitting event "task update" to 20170509-173229-c795 [/jobs]
socketio: INFO: emitting event "task update" to 20170509-172202-9230 [/jobs]
socketio: INFO: emitting event "task update" to 20170509-173331-d237 [/jobs]
socketio: INFO: emitting event "task update" to 20170509-172317-7da8 [/jobs]
socketio: INFO: emitting event "task update" to 20170509-173008-ee07 [/jobs]
socketio: INFO: emitting event "task update" to 20170509-172210-1907 [/jobs]
socketio: INFO: emitting event "task update" to 20170509-173333-e98b [/jobs]
socketio: INFO: emitting event "task update" to 20170509-172825-84c5 [/jobs]
socketio: INFO: emitting event "task update" to 20170509-173335-6067 [/jobs]
socketio: INFO: emitting event "task update" to 20170509-172147-4505 [/jobs]
socketio: INFO: emitting event "task update" to 20170509-173337-8532 [/jobs]
socketio: INFO: emitting event "task update" to 20170509-172907-6ffa [/jobs]
socketio: INFO: emitting event "task update" to 20170509-172339-dc52 [/jobs]
socketio: INFO: emitting event "task update" to 20170509-172625-e177 [/jobs]
socketio: INFO: emitting event "task update" to 20170509-173316-5f8a [/jobs]
socketio: INFO: emitting event "task update" to 20170509-173318-416e [/jobs]
socketio: INFO: emitting event "task update" to 20170509-173415-8046 [/jobs]
socketio: INFO: emitting event "task update" to 20170509-173027-0946 [/jobs]
socketio: INFO: emitting event "task update" to 20170509-172218-c9c0 [/jobs]
socketio: INFO: emitting event "task update" to 20170509-172328-6826 [/jobs]
socketio: INFO: emitting event "task update" to 20170509-173403-2593 [/jobs]
socketio: INFO: emitting event "task update" to 20170509-174313-cb2c [/jobs]
socketio: INFO: emitting event "task update" to 20170509-172344-9606 [/jobs]
socketio: INFO: emitting event "task update" to 20170509-172430-a33c [/jobs]
socketio: INFO: emitting event "task update" to 20170509-172605-0fd8 [/jobs]
socketio: INFO: emitting event "task update" to 20170509-172706-cfe6 [/jobs]
socketio: INFO: emitting event "task update" to 20170509-173209-48ad [/jobs]
socketio: INFO: emitting event "task update" to 20170509-173320-66e3 [/jobs]
socketio: INFO: emitting event "task update" to 20170509-172927-67d2 [/jobs]
socketio: INFO: emitting event "task update" to 20170509-173515-e8bf [/jobs]
socketio: INFO: emitting event "task update" to 20170509-172524-d7c0 [/jobs]
socketio: INFO: emitting event "task update" to 20170509-172419-2d22 [/jobs]
socketio: INFO: emitting event "task update" to 20170509-172337-f1aa [/jobs]
socketio: INFO: emitting event "task update" to 20170509-173228-acad [/jobs]
socketio: INFO: emitting event "task update" to 20170509-172350-6fcd [/jobs]
socketio: INFO: emitting event "task update" to 20170509-173357-1ed1 [/jobs]
socketio: INFO: emitting event "task update" to 20170509-172259-8252 [/jobs]
socketio: INFO: emitting event "task update" to 20170509-173322-0807 [/jobs]
socketio: INFO: emitting event "task update" to 20170509-172114-d063 [/jobs]
socketio: INFO: emitting event "task update" to 20170509-172323-89b4 [/jobs]
socketio: INFO: emitting event "task update" to 20170509-173300-0377 [/jobs]
socketio: INFO: emitting event "task update" to 20170509-173245-3417 [/jobs]
socketio: INFO: emitting event "task update" to 20170509-173324-49b0 [/jobs]
socketio: INFO: emitting event "task update" to 20170509-172342-e0ef [/jobs]
socketio: INFO: emitting event "task update" to 20170509-173108-a6ff [/jobs]
socketio: INFO: emitting event "task update" to 20170509-172725-6a13 [/jobs]
socketio: INFO: emitting event "task update" to 20170509-172806-b5bc [/jobs]
socketio: INFO: emitting event "task update" to 20170509-172227-0156 [/jobs]
socketio: INFO: emitting event "task update" to 20170509-172334-9d18 [/jobs]
socketio: INFO: emitting event "task update" to 20170509-173128-33ce [/jobs]
socketio: INFO: emitting event "task update" to 20170509-172347-b92a [/jobs]
socketio: INFO: emitting event "task update" to 20170509-173326-3e6f [/jobs]
socketio: INFO: emitting event "task update" to 20170509-172315-d38b [/jobs]
socketio: INFO: emitting event "task update" to 20170509-172516-8f4b [/jobs]
socketio: INFO: emitting event "task update" to 20170509-172352-bfdd [/jobs]
socketio: INFO: emitting event "task update" to 20170509-172412-e6f0 [/jobs]
socketio: INFO: emitting event "task update" to 20170509-173329-1cea [/jobs]
socketio: INFO: emitting event "task update" to 20170509-173229-c795 [/jobs]
socketio: INFO: emitting event "task update" to 20170509-172202-9230 [/jobs]
socketio: INFO: emitting event "task update" to 20170509-173331-d237 [/jobs]
socketio: INFO: emitting event "task update" to 20170509-172317-7da8 [/jobs]
socketio: INFO: emitting event "task update" to 20170509-173008-ee07 [/jobs]
socketio: INFO: emitting event "task update" to 20170509-172210-1907 [/jobs]
socketio: INFO: emitting event "task update" to 20170509-173333-e98b [/jobs]
socketio: INFO: emitting event "task update" to 20170509-172825-84c5 [/jobs]
socketio: INFO: emitting event "task update" to 20170509-173335-6067 [/jobs]
socketio: INFO: emitting event "task update" to 20170509-172147-4505 [/jobs]
socketio: INFO: emitting event "task update" to 20170509-173337-8532 [/jobs]
socketio: INFO: emitting event "task update" to 20170509-172907-6ffa [/jobs]
socketio: INFO: emitting event "task update" to 20170509-172339-dc52 [/jobs]
socketio: INFO: emitting event "task update" to 20170509-172625-e177 [/jobs]
socketio: INFO: emitting event "task update" to 20170509-173316-5f8a [/jobs]
socketio: INFO: emitting event "task update" to 20170509-173318-416e [/jobs]
socketio: INFO: emitting event "task update" to 20170509-173415-8046 [/jobs]
socketio: INFO: emitting event "task update" to 20170509-173027-0946 [/jobs]
socketio: INFO: emitting event "task update" to 20170509-172218-c9c0 [/jobs]
socketio: INFO: emitting event "task update" to 20170509-172328-6826 [/jobs]
socketio: INFO: emitting event "task update" to 20170509-173403-2593 [/jobs]
socketio: INFO: emitting event "task update" to 20170509-174313-cb2c [/jobs]
socketio: INFO: emitting event "task update" to 20170509-172344-9606 [/jobs]
socketio: INFO: emitting event "task update" to 20170509-172430-a33c [/jobs]
socketio: INFO: emitting event "task update" to 20170509-172605-0fd8 [/jobs]
socketio: INFO: emitting event "task update" to 20170509-172706-cfe6 [/jobs]
socketio: INFO: emitting event "task update" to 20170509-173209-48ad [/jobs]
socketio: INFO: emitting event "task update" to 20170509-173320-66e3 [/jobs]
socketio: INFO: emitting event "task update" to 20170509-172927-67d2 [/jobs]
socketio: INFO: emitting event "task update" to 20170509-173515-e8bf [/jobs]
socketio: INFO: emitting event "task update" to 20170509-172524-d7c0 [/jobs]
socketio: INFO: emitting event "task update" to 20170509-172419-2d22 [/jobs]
socketio: INFO: emitting event "task update" to 20170509-172337-f1aa [/jobs]
socketio: INFO: emitting event "task update" to 20170509-173228-acad [/jobs]
socketio: INFO: emitting event "task update" to 20170509-172350-6fcd [/jobs]
socketio: INFO: emitting event "task update" to 20170509-173357-1ed1 [/jobs]
digits.webapp: WARNING: Train Tensorflow Model unrecognized output: 2017-05-09 17:43:42.034967: W tensorflow/core/platform/cpu_feature_guard.cc:45] The TensorFlow library wasn't compiled to use SSE4.1 instructions, but these are available on your machine and could speed up CPU computations.
digits.webapp: WARNING: Train Tensorflow Model unrecognized output: 2017-05-09 17:43:42.034981: W tensorflow/core/platform/cpu_feature_guard.cc:45] The TensorFlow library wasn't compiled to use SSE4.2 instructions, but these are available on your machine and could speed up CPU computations.
digits.webapp: WARNING: Train Tensorflow Model unrecognized output: 2017-05-09 17:43:42.034985: W tensorflow/core/platform/cpu_feature_guard.cc:45] The TensorFlow library wasn't compiled to use AVX instructions, but these are available on your machine and could speed up CPU computations.
socketio: INFO: emitting event "task update" to 20170509-172259-8252 [/jobs]
socketio: INFO: emitting event "task update" to 20170509-173322-0807 [/jobs]
socketio: INFO: emitting event "task update" to 20170509-172114-d063 [/jobs]
socketio: INFO: emitting event "task update" to 20170509-172323-89b4 [/jobs]
digits.webapp: WARNING: Train Tensorflow Model unrecognized output: 2017-05-09 17:43:42.161258: I tensorflow/stream_executor/cuda/cuda_gpu_executor.cc:901] successful NUMA node read from SysFS had negative value (-1), but there must be at least one NUMA node, so returning NUMA node zero
digits.webapp: WARNING: Train Tensorflow Model unrecognized output: 2017-05-09 17:43:42.161674: I tensorflow/core/common_runtime/gpu/gpu_device.cc:887] Found device 0 with properties:
digits.webapp: WARNING: Train Tensorflow Model unrecognized output: name: GeForce GTX TITAN X
digits.webapp: WARNING: Train Tensorflow Model unrecognized output: major: 5 minor: 2 memoryClockRate (GHz) 1.076
digits.webapp: WARNING: Train Tensorflow Model unrecognized output: pciBusID 0000:01:00.0
digits.webapp: WARNING: Train Tensorflow Model unrecognized output: Total memory: 11.92GiB
digits.webapp: WARNING: Train Tensorflow Model unrecognized output: Free memory: 10.21GiB
digits.webapp: WARNING: Train Tensorflow Model unrecognized output: 2017-05-09 17:43:42.161687: I tensorflow/core/common_runtime/gpu/gpu_device.cc:908] DMA: 0
digits.webapp: WARNING: Train Tensorflow Model unrecognized output: 2017-05-09 17:43:42.161692: I tensorflow/core/common_runtime/gpu/gpu_device.cc:918] 0:   Y
digits.webapp: WARNING: Train Tensorflow Model unrecognized output: 2017-05-09 17:43:42.161699: I tensorflow/core/common_runtime/gpu/gpu_device.cc:977] Creating TensorFlow device (/gpu:0) -> (device: 0, name: GeForce GTX TITAN X, pci bus id: 0000:01:00.0)
digits.webapp: WARNING: Train Tensorflow Model unrecognized output: 2017-05-09 17:43:42.290602: I tensorflow/core/common_runtime/gpu/gpu_device.cc:977] Creating TensorFlow device (/gpu:0) -> (device: 0, name: GeForce GTX TITAN X, pci bus id: 0000:01:00.0)
digits.webapp: WARNING: Train Tensorflow Model unrecognized output: 2017-05-09 17:43:42.298804: I tensorflow/core/common_runtime/gpu/gpu_device.cc:977] Creating TensorFlow device (/gpu:0) -> (device: 0, name: GeForce GTX TITAN X, pci bus id: 0000:01:00.0)
socketio: INFO: emitting event "task update" to 20170509-173300-0377 [/jobs]
socketio: INFO: emitting event "task update" to 20170509-173245-3417 [/jobs]
socketio: INFO: emitting event "task update" to 20170509-173324-49b0 [/jobs]
socketio: INFO: emitting event "task update" to 20170509-172342-e0ef [/jobs]
socketio: INFO: emitting event "task update" to 20170509-173108-a6ff [/jobs]
socketio: INFO: emitting event "task update" to 20170509-172725-6a13 [/jobs]
socketio: INFO: emitting event "task update" to 20170509-172806-b5bc [/jobs]
socketio: INFO: emitting event "task update" to 20170509-172227-0156 [/jobs]
socketio: INFO: emitting event "task update" to 20170509-172334-9d18 [/jobs]
socketio: INFO: emitting event "task update" to 20170509-173128-33ce [/jobs]
socketio: INFO: emitting event "task update" to 20170509-172347-b92a [/jobs]
socketio: INFO: emitting event "task update" to 20170509-173326-3e6f [/jobs]
socketio: INFO: emitting event "task update" to 20170509-172315-d38b [/jobs]
socketio: INFO: emitting event "task update" to 20170509-174340-86bb [/jobs]
socketio: INFO: emitting event "task update" to 20170509-172516-8f4b [/jobs]
socketio: INFO: emitting event "task update" to 20170509-172352-bfdd [/jobs]
socketio: INFO: emitting event "task update" to 20170509-172412-e6f0 [/jobs]
digits.webapp: DEBUG: Network validation loss #0.0: 0.104942
digits.webapp: DEBUG: Validation (epoch 0): loss = 0.104942
socketio: INFO: emitting event "task update" to 20170509-174340-86bb [/jobs]
socketio: INFO: emitting event "job update" to job_management [/jobs]
digits.webapp: DEBUG: Training 6.67% complete.
socketio: INFO: emitting event "task update" to 20170509-174340-86bb [/jobs]
socketio: INFO: emitting event "task update" to job_management [/jobs]
digits.webapp: DEBUG: Training (epoch 0.2): loss = 0.093245, lr = 0.010000
socketio: INFO: emitting event "task update" to 20170509-174340-86bb [/jobs]
socketio: INFO: emitting event "job update" to job_management [/jobs]
digits.webapp: DEBUG: Training (epoch 0.4): loss = 0.079407, lr = 0.010000
socketio: INFO: emitting event "task update" to 20170509-174340-86bb [/jobs]
socketio: INFO: emitting event "job update" to job_management [/jobs]
digits.webapp: DEBUG: Training (epoch 0.6): loss = 0.085677, lr = 0.010000
socketio: INFO: emitting event "task update" to 20170509-174340-86bb [/jobs]
socketio: INFO: emitting event "job update" to job_management [/jobs]
digits.webapp: DEBUG: Training (epoch 0.8): loss = 0.075912, lr = 0.010000
socketio: INFO: emitting event "task update" to 20170509-173329-1cea [/jobs]
socketio: INFO: emitting event "task update" to 20170509-173229-c795 [/jobs]
socketio: INFO: emitting event "task update" to 20170509-172202-9230 [/jobs]
socketio: INFO: emitting event "task update" to 20170509-173331-d237 [/jobs]
socketio: INFO: emitting event "task update" to 20170509-172317-7da8 [/jobs]
socketio: INFO: emitting event "task update" to 20170509-173008-ee07 [/jobs]
socketio: INFO: emitting event "task update" to 20170509-172210-1907 [/jobs]
socketio: INFO: emitting event "task update" to 20170509-173333-e98b [/jobs]
socketio: INFO: emitting event "task update" to 20170509-172825-84c5 [/jobs]
socketio: INFO: emitting event "task update" to 20170509-173335-6067 [/jobs]
socketio: INFO: emitting event "task update" to 20170509-174340-86bb [/jobs]
socketio: INFO: emitting event "job update" to job_management [/jobs]
digits.webapp: DEBUG: Training (epoch 1.0): loss = 0.077606, lr = 0.010000
socketio: INFO: emitting event "task update" to 20170509-174340-86bb [/jobs]
digits.webapp: DEBUG: Network validation loss #1.0: 0.103953
digits.webapp: DEBUG: Validation (epoch 1.0): loss = 0.103953
digits.webapp: WARNING: Train Tensorflow Model unrecognized output: INFO:tensorflow:/tmp/tmpX3R8Ve/20170509-174340-86bb/snapshot_1.ckpt is not in all_model_checkpoint_paths. Manually adding it.
socketio: INFO: emitting event "task update" to 20170509-174340-86bb [/jobs]
socketio: INFO: emitting event "task update" to 20170509-174340-86bb [/jobs]
socketio: INFO: emitting event "job update" to job_management [/jobs]
digits.webapp: DEBUG: Training (epoch 1.2): loss = 0.081527, lr = 0.001000
socketio: INFO: emitting event "task update" to 20170509-174340-86bb [/jobs]
socketio: INFO: emitting event "job update" to job_management [/jobs]
digits.webapp: DEBUG: Training (epoch 1.4): loss = 0.082273, lr = 0.001000
socketio: INFO: emitting event "task update" to 20170509-174340-86bb [/jobs]
socketio: INFO: emitting event "job update" to job_management [/jobs]
digits.webapp: DEBUG: Training (epoch 1.6): loss = 0.079967, lr = 0.001000
socketio: INFO: emitting event "task update" to 20170509-174340-86bb [/jobs]
socketio: INFO: emitting event "job update" to job_management [/jobs]
digits.webapp: DEBUG: Training (epoch 1.8): loss = 0.076789, lr = 0.001000
socketio: INFO: emitting event "task update" to 20170509-172147-4505 [/jobs]
socketio: INFO: emitting event "task update" to 20170509-173337-8532 [/jobs]
socketio: INFO: emitting event "task update" to 20170509-172907-6ffa [/jobs]
socketio: INFO: emitting event "task update" to 20170509-172339-dc52 [/jobs]
socketio: INFO: emitting event "task update" to 20170509-172625-e177 [/jobs]
socketio: INFO: emitting event "task update" to 20170509-173316-5f8a [/jobs]
socketio: INFO: emitting event "task update" to 20170509-173318-416e [/jobs]
socketio: INFO: emitting event "task update" to 20170509-173415-8046 [/jobs]
socketio: INFO: emitting event "task update" to 20170509-173027-0946 [/jobs]
socketio: INFO: emitting event "task update" to 20170509-172218-c9c0 [/jobs]
socketio: INFO: emitting event "task update" to 20170509-172328-6826 [/jobs]
socketio: INFO: emitting event "task update" to 20170509-173403-2593 [/jobs]
socketio: INFO: emitting event "task update" to 20170509-174313-cb2c [/jobs]
socketio: INFO: emitting event "task update" to 20170509-172344-9606 [/jobs]
socketio: INFO: emitting event "task update" to 20170509-172430-a33c [/jobs]
socketio: INFO: emitting event "task update" to 20170509-172605-0fd8 [/jobs]
socketio: INFO: emitting event "task update" to 20170509-172706-cfe6 [/jobs]
socketio: INFO: emitting event "task update" to 20170509-173209-48ad [/jobs]
socketio: INFO: emitting event "task update" to 20170509-173320-66e3 [/jobs]
socketio: INFO: emitting event "task update" to 20170509-174340-86bb [/jobs]
socketio: INFO: emitting event "job update" to job_management [/jobs]
digits.webapp: DEBUG: Training (epoch 2.0): loss = 0.076985, lr = 0.001000
socketio: INFO: emitting event "task update" to 20170509-174340-86bb [/jobs]
digits.webapp: DEBUG: Network validation loss #2.0: 0.100056
digits.webapp: DEBUG: Validation (epoch 2.0): loss = 0.100056
digits.webapp: WARNING: Train Tensorflow Model unrecognized output: INFO:tensorflow:/tmp/tmpX3R8Ve/20170509-174340-86bb/snapshot_2.ckpt is not in all_model_checkpoint_paths. Manually adding it.
socketio: INFO: emitting event "task update" to 20170509-174340-86bb [/jobs]
socketio: INFO: emitting event "task update" to 20170509-174340-86bb [/jobs]
socketio: INFO: emitting event "job update" to job_management [/jobs]
digits.webapp: DEBUG: Training (epoch 2.2): loss = 0.086682, lr = 0.000100
socketio: INFO: emitting event "task update" to 20170509-174340-86bb [/jobs]
socketio: INFO: emitting event "job update" to job_management [/jobs]
digits.webapp: DEBUG: Training (epoch 2.4): loss = 0.075133, lr = 0.000100
socketio: INFO: emitting event "task update" to 20170509-174340-86bb [/jobs]
socketio: INFO: emitting event "job update" to job_management [/jobs]
digits.webapp: DEBUG: Training (epoch 2.6): loss = 0.082664, lr = 0.000100
socketio: INFO: emitting event "task update" to 20170509-174340-86bb [/jobs]
socketio: INFO: emitting event "job update" to job_management [/jobs]
digits.webapp: DEBUG: Training (epoch 2.8): loss = 0.073561, lr = 0.000100
socketio: INFO: emitting event "task update" to 20170509-174340-86bb [/jobs]
socketio: INFO: emitting event "job update" to job_management [/jobs]
digits.webapp: DEBUG: Training (epoch 3.0): loss = 0.076224, lr = 0.000100
socketio: INFO: emitting event "task update" to 20170509-174340-86bb [/jobs]
digits.webapp: DEBUG: Network validation loss #3.0: 0.101235
digits.webapp: DEBUG: Validation (epoch 3.0): loss = 0.101235
digits.webapp: WARNING: Train Tensorflow Model unrecognized output: INFO:tensorflow:/tmp/tmpX3R8Ve/20170509-174340-86bb/snapshot_3.ckpt is not in all_model_checkpoint_paths. Manually adding it.
socketio: INFO: emitting event "task update" to 20170509-174340-86bb [/jobs]
socketio: INFO: emitting event "task update" to 20170509-172927-67d2 [/jobs]
socketio: INFO: emitting event "task update" to 20170509-173515-e8bf [/jobs]
socketio: INFO: emitting event "task update" to 20170509-172524-d7c0 [/jobs]
digits.webapp: WARNING: Train Tensorflow Model unrecognized output: Training wall-time: 0.33189201355
socketio: INFO: emitting event "task update" to 20170509-172419-2d22 [/jobs]
socketio: INFO: emitting event "task update" to 20170509-172337-f1aa [/jobs]
socketio: INFO: emitting event "task update" to 20170509-173228-acad [/jobs]
socketio: INFO: emitting event "task update" to 20170509-172350-6fcd [/jobs]
socketio: INFO: emitting event "task update" to 20170509-173357-1ed1 [/jobs]
digits.webapp: INFO: Train Tensorflow Model task completed.
socketio: INFO: emitting event "task update" to 20170509-174340-86bb [/jobs]
socketio: INFO: emitting event "job update" to job_management [/jobs]
socketio: INFO: emitting event "task update" to 20170509-174340-86bb [/jobs]
socketio: INFO: emitting event "job update" to 20170509-174340-86bb [/jobs]
socketio: INFO: emitting event "job update" to job_management [/jobs]
socketio: INFO: emitting event "server update" to job_management [/jobs]
socketio: INFO: emitting event "job update" to job_management [/jobs]
socketio: INFO: emitting event "job update" to 20170509-174340-86bb [/jobs]
socketio: INFO: emitting event "job update" to job_management [/jobs]
digits: INFO: Job complete.
socketio: INFO: emitting event "task update" to 20170509-172259-8252 [/jobs]
socketio: INFO: emitting event "task update" to 20170509-173322-0807 [/jobs]
socketio: INFO: emitting event "task update" to 20170509-172114-d063 [/jobs]
socketio: INFO: emitting event "task update" to 20170509-172323-89b4 [/jobs]
--------------------- >> end captured logging << ---------------------

======================================================================
FAIL: digits.model.images.generic.test_views.TestTensorflowCreatedCropInForm.test_download('zip',)
----------------------------------------------------------------------
Traceback (most recent call last):
  File "/home/ethan/.local/lib/python2.7/site-packages/nose/case.py", line 197, in runTest
    self.test(*self.arg)
  File "/home/ethan/digits_GAN/digits/model/images/generic/test_views.py", line 544, in check_download
    assert rv.status_code == 200, 'download "%s" failed with %s' % (url, rv.status_code)
AssertionError: download "/models/20170509-174340-86bb/download.zip" failed with 500

======================================================================
FAIL: digits.model.images.generic.test_views.TestTensorflowCreatedCropInForm.test_download('tar.gz',)
----------------------------------------------------------------------
Traceback (most recent call last):
  File "/home/ethan/.local/lib/python2.7/site-packages/nose/case.py", line 197, in runTest
    self.test(*self.arg)
  File "/home/ethan/digits_GAN/digits/model/images/generic/test_views.py", line 544, in check_download
    assert rv.status_code == 200, 'download "%s" failed with %s' % (url, rv.status_code)
AssertionError: download "/models/20170509-174340-86bb/download.tar.gz" failed with 500

======================================================================
FAIL: digits.model.images.generic.test_views.TestTensorflowCreatedCropInForm.test_download('tar.bz2',)
----------------------------------------------------------------------
Traceback (most recent call last):
  File "/home/ethan/.local/lib/python2.7/site-packages/nose/case.py", line 197, in runTest
    self.test(*self.arg)
  File "/home/ethan/digits_GAN/digits/model/images/generic/test_views.py", line 544, in check_download
    assert rv.status_code == 200, 'download "%s" failed with %s' % (url, rv.status_code)
AssertionError: download "/models/20170509-174340-86bb/download.tar.bz2" failed with 500

======================================================================
FAIL: digits.model.images.generic.test_views.TestTensorflowCreatedCropInForm.test_infer_db
----------------------------------------------------------------------
Traceback (most recent call last):
  File "/home/ethan/.local/lib/python2.7/site-packages/nose/case.py", line 197, in runTest
    self.test(*self.arg)
  File "/home/ethan/digits_GAN/digits/model/images/generic/test_views.py", line 639, in test_infer_db
    assert rv.status_code == 200, 'POST failed with %s\n\n%s' % (rv.status_code, body)
AssertionError: POST failed with 500

[<body>\n<div class="navbar navbar-inverse navbar-fixed-top">\n<div class="container">\n<div class="navbar-header">\n<a class="navbar-brand" href="/">DIGITS</a>\n</div>\n<ul class="nav navbar-nav">\n<li><a href="/models/20170509-174340-86bb">test_model</a></li>\n<li class="active"><a>Test Many</a></li>\n</ul>\n<ul class="nav navbar-nav navbar-right">\n<li>\n<p class="navbar-text">\n            digits-testsuite (<a class="navbar-link" href="/logout">Logout</a>)\n            </p>\n</li>\n<li class="dropdown">\n<a class="dropdown-toggle" data-toggle="dropdown" href="#">Info<span class="caret"></span></a>\n<ul class="dropdown-menu navbar-inverse">\n<li><span class="navbar-text">Server: ethan-computer</span></li>\n<li><span class="navbar-text">DIGITS version: <br> 5.1-dev</br></span></li>\n<li><span class="navbar-text">Caffe version: <br> 0.15.13</br></span></li>\n<li><span class="navbar-text">Caffe flavor: <br> NVIDIA</br></span></li>\n</ul>\n</li>\n<li class="dropdown">\n<a class="dropdown-toggle" data-toggle="dropdown" href="#">About<span class="caret"></span></a>\n<ul class="dropdown-menu about-menu navbar-inverse">\n<li><span class="navbar-text"><a href="https://developer.nvidia.com/digits" target="_blank">\n                        DIGITS on developer.nvidia.com\n                    </a></span></li>\n<li><span class="navbar-text"><a href="https://github.com/NVIDIA/DIGITS" target="_blank">\n                        DIGITS on GitHub\n                    </a></span></li>\n<li><span class="navbar-text"><a href="https://groups.google.com/d/forum/digits-users" target="_blank">\n                        DIGITS user group\n                    </a></span></li>\n<li><span class="navbar-text"><a href="mailto:digits@nvidia.com">\n                        digits@nvidia.com\n                    </a></span></li>\n</ul>\n</li>\n</ul>\n</div>\n</div>\n<div class="container">\n<div class="jumbotron">\n<div class="container">\n<div class="row">\n<div class="col-sm-12" id="show-job-name">\n<h2 style="display:inline;">Infer Many Images</h2>\n</div>\n<div class="col-sm-4" id="edit-job-name" style="display:none;">\n<script>\nfunction updateJobName() {\n    var newName = $("input[name=job-name]").val();\n    $.ajax("/jobs/20170509-174343-a08f",\n            {\n                type: "PUT",\n                data: {"job_name": newName}\n                }\n          )\n    .done(function() {\n            $("#show-job-name h2").html(newName);\n            $('#edit-job-name').hide(); $('#show-job-name').show();\n            })\n    .fail(function(data) { errorAlert(data); });\n    return false;\n}\n                </script>\n<input class="form-control" name="job-name" value="Infer Many Images"/>\n<a class="btn btn-primary" href="#" onclick="return updateJobName();">Update</a>\n<a class="btn btn-info" href="#" onclick="$('#edit-job-name').hide(); $('#show-job-name').show(); return false;">Cancel</a>\n</div>\n</div>\n<small>Owner: digits-testsuite</small>\n<div class="pull-right">\n<a class="btn btn-info" disabled="" id="clone-job">Clone Job</a>\n<a class="btn btn-warning hidden disabled" id="abort-job">Abort Job</a>\n<a class="btn btn-danger disabled" id="delete-job">Delete Job</a>\n</div>\n</div>\n<script>\n$('#abort-job').on('click', function(event) {\n        event.preventDefault();\n        bootbox.confirm(\n            'Are you sure you want to abort this job?',\n            function(result) {\n                if (result)\n                    $.ajax("/jobs/20170509-174343-a08f/abort",\n                        {type: "POST"})\n                    .done(function() {\n                        $("#abort-job").hide();\n                        })\n                    .fail(function(data) { errorAlert(data); });\n            });\n        });\n\n$('#delete-job').on('click', function(event) {\n        event.preventDefault();\n        bootbox.confirm(\n            'Are you sure you want to delete this job?<br><br>All related files will be permanently removed.',\n            function(result) {\n                if (result)\n                    $.ajax("/jobs/20170509-174343-a08f",\n                        {type: "DELETE"})\n                    .done(function() {\n                        window.location = "/";\n                        })\n                    .fail(function(data) { errorAlert(data); });\n            });\n        });\n    </script>\n</div>\n<div class="row">\n<!-- Job content -->\n<div class="col-sm-8">\n<div class="page-header">\n<h1>\n        test_model\n        <small>\n            Image Inference\n        </small>\n</h1>\n</div>\n<div class="alert alert-danger">\n<p>Inference failed, see job log</p>\n</div>\n</div>\n<!-- Tasks -->\n<div class="col-sm-4">\n<div class="panel-group">\n<div class="panel panel-danger" id="job-statuses">\n<div class="panel-heading">\n<h4 class="panel-title">\n                    Job Status\n                    <small>Error</small>\n</h4>\n</div>\n<div class="panel-collapse">\n<div class="panel-body">\n<div class="job-statuses">\n<ul>\n<li>\n<span class="text-warning">Initialized</span>\n        at 05:43:43 PM\n            <small>(0 seconds)</small>\n</li>\n<li>\n<span class="text-info">Running</span>\n        at 05:43:43 PM\n            <small>(3 seconds)</small>\n</li>\n<li>\n<span class="text-danger">Error</span>\n        at 05:43:46 PM\n            <br>\n<small>(Total - 3 seconds)</small>\n</br></li>\n</ul>\n</div>\n<div class="panel-group">\n<div class="panel panel-danger" id="task-140099414120912-status">\n<div class="panel-heading">\n<h4 class="panel-title">\n<a data-toggle="collapse" href="#task-140099414120912-status-collapse">\n                                            Infer Model\n                                            <small>Error</small>\n<span class="caret"></span>\n</a>\n</h4>\n</div>\n<div class="panel-collapse collapse in" id="task-140099414120912-status-collapse">\n<div class="panel-body">\n<div class="task-progress" style="display:none;">\n<div class="progress">\n<div class="progress-bar" style="width:0%">\n                                                    0%\n                                                </div>\n</div>\n                                            Estimated time remaining: <span class="task-eta">?</span>\n<br/>\n<br/>\n</div>\n<div class="task-statuses">\n<ul>\n<li>\n<span class="text-warning">Initialized</span>\n        at 05:43:43 PM\n            <small>(0 seconds)</small>\n</li>\n<li>\n<span class="text-info">Running</span>\n        at 05:43:43 PM\n            <small>(3 seconds)</small>\n</li>\n<li>\n<span class="text-danger">Error</span>\n        at 05:43:46 PM\n            <br>\n<small>(Total - 3 seconds)</small>\n</br></li>\n</ul>\n<h4 class="text-danger">ERROR: error code 1</h4>\n<pre>\nWARNING: log_file config option not found - no log file is being saved\n2017-05-09 17:43:46 [ERROR] InferenceError: Unable to find snapshot for epoch=-1.0\nTraceback (most recent call last):\nFile "/home/ethan/digits_GAN/digits/tools/inference.py", line 293, in &lt;module&gt;\nargs['resize']\nFile "/home/ethan/digits_GAN/digits/tools/inference.py", line 79, in infer\nraise InferenceError("Unable to find snapshot for epoch=%s" % repr(epoch))\ndigits.inference.errors.InferenceError: 'Unable to find snapshot for epoch=-1.0'\n        </pre>\n</div>\n</div>\n</div>\n</div>\n</div>\n</div>\n</div>\n</div>\n</div>\n<div class="gpu-utilization-info" style="display:none;"></div>\n<!-- Related jobs -->\n<div class="panel panel-default" id="notes-information">\n<div class="panel-heading">\n<h4>Notes</h4>\n</div>\n<div class="panel-body">\n<div class="col-sm-12" id="show-job-notes">\n<p style="display:inline;">None</p>\n</div>\n<div class="col-sm-12" id="edit-job-notes" style="display:none;">\n<script type="text/javascript">\n                        function updateJobNotes() {\n                        var newNotes = $("textarea[name=job-notes]").val();\n                        $.ajax("/jobs/20170509-174343-a08f",\n                                {\n                                    type: "PUT",\n                                    data: {"job_notes": newNotes}\n                                    }\n                              )\n                        .done(function() {\n                                $("#show-job-notes p").html(newNotes);\n                                $('#edit-job-notes').hide(); $('#show-job-notes').show();\n                                })\n                        .fail(function(data) { errorAlert(data); });\n                        return false;\n                    }\n                    </script>\n<textarea class="form-control" name="job-notes" placeholder="Enter notes" rows="5"></textarea>\n<a class="btn btn-primary" href="#" onclick="return updateJobNotes();">Update</a>\n<a class="btn btn-info" href="#" onclick="$('#edit-job-notes').hide(); $('#show-job-notes').show(); return false;">Cancel</a>\n</div>\n</div>\n</div>\n</div>\n</div>\n<div class="row">\n</div>\n</div>\n<script>\n$SCRIPT_ROOT = "";\n\n$(".explanation-tooltip").tooltip();\n\nwindow.onload = function () {\n    $('.autocomplete_path').autocomplete({\n       serviceUrl: '/autocomplete/path',\n       formatResult: function (suggestion, currentValue)\n       {\n            function baseName(str)\n            {\n               var base = new String(str).substring(str.lastIndexOf('/') + 1);\n               return base;\n            }\n            return baseName(suggestion.value);\n        },\n        minChars: 0\n    });\n    $(".autocomplete_path").removeAttr("autocomplete");\n};\n\n</script>\n<style>\n .about-menu {\n     width: 240px !important;\n }\n .brightness {\n     display: inline-block;\n }\n .brightness img:hover {\n     opacity: .75;\n }\n</style>\n</body>]
-------------------- >> begin captured logging << --------------------
socketio: INFO: emitting event "job update" to job_management [/jobs]
socketio: INFO: emitting event "job update" to 20170509-174343-a08f [/jobs]
socketio: INFO: emitting event "job update" to job_management [/jobs]
socketio: INFO: emitting event "server update" to job_management [/jobs]
socketio: INFO: emitting event "server update" to job_management [/jobs]
digits.webapp: INFO: Infer Model task started.
socketio: INFO: emitting event "task update" to 20170509-174343-a08f [/jobs]
socketio: INFO: emitting event "job update" to 20170509-174343-a08f [/jobs]
socketio: INFO: emitting event "job update" to job_management [/jobs]
digits.webapp: INFO: Task subprocess args: "/usr/bin/python2 /home/ethan/digits_GAN/digits/tools/inference.py /tmp/tmpwfitKK/val_images /tmp/tmpX3R8Ve/20170509-174343-a08f 20170509-174340-86bb --jobs_dir=/tmp/tmpX3R8Ve --layers=none --gpu=0 --db"
socketio: INFO: emitting event "task update" to 20170509-173300-0377 [/jobs]
socketio: INFO: emitting event "task update" to 20170509-173245-3417 [/jobs]
socketio: INFO: emitting event "task update" to 20170509-173324-49b0 [/jobs]
socketio: INFO: emitting event "task update" to 20170509-172342-e0ef [/jobs]
socketio: INFO: emitting event "task update" to 20170509-173108-a6ff [/jobs]
socketio: INFO: emitting event "task update" to 20170509-172725-6a13 [/jobs]
socketio: INFO: emitting event "task update" to 20170509-172806-b5bc [/jobs]
socketio: INFO: emitting event "task update" to 20170509-172227-0156 [/jobs]
socketio: INFO: emitting event "task update" to 20170509-172334-9d18 [/jobs]
socketio: INFO: emitting event "task update" to 20170509-173128-33ce [/jobs]
socketio: INFO: emitting event "task update" to 20170509-172347-b92a [/jobs]
socketio: INFO: emitting event "task update" to 20170509-173326-3e6f [/jobs]
socketio: INFO: emitting event "task update" to 20170509-172315-d38b [/jobs]
socketio: INFO: emitting event "task update" to 20170509-174340-86bb [/jobs]
socketio: INFO: emitting event "task update" to 20170509-172516-8f4b [/jobs]
socketio: INFO: emitting event "task update" to 20170509-172352-bfdd [/jobs]
socketio: INFO: emitting event "task update" to 20170509-172412-e6f0 [/jobs]
socketio: INFO: emitting event "task update" to 20170509-173329-1cea [/jobs]
socketio: INFO: emitting event "task update" to 20170509-173229-c795 [/jobs]
socketio: INFO: emitting event "task update" to 20170509-172202-9230 [/jobs]
socketio: INFO: emitting event "task update" to 20170509-173331-d237 [/jobs]
socketio: INFO: emitting event "task update" to 20170509-172317-7da8 [/jobs]
socketio: INFO: emitting event "task update" to 20170509-173008-ee07 [/jobs]
socketio: INFO: emitting event "task update" to 20170509-172210-1907 [/jobs]
socketio: INFO: emitting event "task update" to 20170509-173333-e98b [/jobs]
socketio: INFO: emitting event "task update" to 20170509-172825-84c5 [/jobs]
socketio: INFO: emitting event "task update" to 20170509-173335-6067 [/jobs]
socketio: INFO: emitting event "task update" to 20170509-172147-4505 [/jobs]
socketio: INFO: emitting event "task update" to 20170509-173337-8532 [/jobs]
socketio: INFO: emitting event "task update" to 20170509-172907-6ffa [/jobs]
socketio: INFO: emitting event "task update" to 20170509-172339-dc52 [/jobs]
socketio: INFO: emitting event "task update" to 20170509-172625-e177 [/jobs]
socketio: INFO: emitting event "task update" to 20170509-173316-5f8a [/jobs]
socketio: INFO: emitting event "task update" to 20170509-173318-416e [/jobs]
socketio: INFO: emitting event "task update" to 20170509-173415-8046 [/jobs]
socketio: INFO: emitting event "task update" to 20170509-173027-0946 [/jobs]
socketio: INFO: emitting event "task update" to 20170509-172218-c9c0 [/jobs]
socketio: INFO: emitting event "task update" to 20170509-172328-6826 [/jobs]
socketio: INFO: emitting event "task update" to 20170509-173403-2593 [/jobs]
socketio: INFO: emitting event "task update" to 20170509-174313-cb2c [/jobs]
socketio: INFO: emitting event "task update" to 20170509-172344-9606 [/jobs]
socketio: INFO: emitting event "task update" to 20170509-172430-a33c [/jobs]
socketio: INFO: emitting event "task update" to 20170509-172605-0fd8 [/jobs]
socketio: INFO: emitting event "task update" to 20170509-172706-cfe6 [/jobs]
socketio: INFO: emitting event "task update" to 20170509-173209-48ad [/jobs]
socketio: INFO: emitting event "task update" to 20170509-173320-66e3 [/jobs]
socketio: INFO: emitting event "task update" to 20170509-172927-67d2 [/jobs]
socketio: INFO: emitting event "task update" to 20170509-173515-e8bf [/jobs]
socketio: INFO: emitting event "task update" to 20170509-172524-d7c0 [/jobs]
socketio: INFO: emitting event "task update" to 20170509-172419-2d22 [/jobs]
socketio: INFO: emitting event "task update" to 20170509-172337-f1aa [/jobs]
socketio: INFO: emitting event "task update" to 20170509-173228-acad [/jobs]
socketio: INFO: emitting event "task update" to 20170509-172350-6fcd [/jobs]
socketio: INFO: emitting event "task update" to 20170509-173357-1ed1 [/jobs]
socketio: INFO: emitting event "task update" to 20170509-172259-8252 [/jobs]
socketio: INFO: emitting event "task update" to 20170509-173322-0807 [/jobs]
socketio: INFO: emitting event "task update" to 20170509-172114-d063 [/jobs]
socketio: INFO: emitting event "task update" to 20170509-172323-89b4 [/jobs]
socketio: INFO: emitting event "task update" to 20170509-173300-0377 [/jobs]
socketio: INFO: emitting event "task update" to 20170509-173245-3417 [/jobs]
socketio: INFO: emitting event "task update" to 20170509-173324-49b0 [/jobs]
socketio: INFO: emitting event "task update" to 20170509-172342-e0ef [/jobs]
socketio: INFO: emitting event "task update" to 20170509-173108-a6ff [/jobs]
socketio: INFO: emitting event "task update" to 20170509-172725-6a13 [/jobs]
socketio: INFO: emitting event "task update" to 20170509-172806-b5bc [/jobs]
socketio: INFO: emitting event "task update" to 20170509-172227-0156 [/jobs]
socketio: INFO: emitting event "task update" to 20170509-172334-9d18 [/jobs]
socketio: INFO: emitting event "task update" to 20170509-173128-33ce [/jobs]
socketio: INFO: emitting event "task update" to 20170509-172347-b92a [/jobs]
socketio: INFO: emitting event "task update" to 20170509-173326-3e6f [/jobs]
socketio: INFO: emitting event "task update" to 20170509-172315-d38b [/jobs]
socketio: INFO: emitting event "task update" to 20170509-174340-86bb [/jobs]
socketio: INFO: emitting event "task update" to 20170509-172516-8f4b [/jobs]
socketio: INFO: emitting event "task update" to 20170509-172352-bfdd [/jobs]
socketio: INFO: emitting event "task update" to 20170509-172412-e6f0 [/jobs]
socketio: INFO: emitting event "task update" to 20170509-173329-1cea [/jobs]
socketio: INFO: emitting event "task update" to 20170509-173229-c795 [/jobs]
socketio: INFO: emitting event "task update" to 20170509-172202-9230 [/jobs]
socketio: INFO: emitting event "task update" to 20170509-173331-d237 [/jobs]
socketio: INFO: emitting event "task update" to 20170509-172317-7da8 [/jobs]
socketio: INFO: emitting event "task update" to 20170509-173008-ee07 [/jobs]
socketio: INFO: emitting event "task update" to 20170509-172210-1907 [/jobs]
socketio: INFO: emitting event "task update" to 20170509-173333-e98b [/jobs]
socketio: INFO: emitting event "task update" to 20170509-172825-84c5 [/jobs]
socketio: INFO: emitting event "task update" to 20170509-173335-6067 [/jobs]
socketio: INFO: emitting event "task update" to 20170509-172147-4505 [/jobs]
socketio: INFO: emitting event "task update" to 20170509-173337-8532 [/jobs]
socketio: INFO: emitting event "task update" to 20170509-172907-6ffa [/jobs]
socketio: INFO: emitting event "task update" to 20170509-172339-dc52 [/jobs]
socketio: INFO: emitting event "task update" to 20170509-172625-e177 [/jobs]
socketio: INFO: emitting event "task update" to 20170509-173316-5f8a [/jobs]
socketio: INFO: emitting event "task update" to 20170509-173318-416e [/jobs]
socketio: INFO: emitting event "task update" to 20170509-173415-8046 [/jobs]
socketio: INFO: emitting event "task update" to 20170509-173027-0946 [/jobs]
socketio: INFO: emitting event "task update" to 20170509-172218-c9c0 [/jobs]
socketio: INFO: emitting event "task update" to 20170509-172328-6826 [/jobs]
socketio: INFO: emitting event "task update" to 20170509-173403-2593 [/jobs]
socketio: INFO: emitting event "task update" to 20170509-174313-cb2c [/jobs]
socketio: INFO: emitting event "task update" to 20170509-172344-9606 [/jobs]
socketio: INFO: emitting event "task update" to 20170509-172430-a33c [/jobs]
socketio: INFO: emitting event "task update" to 20170509-172605-0fd8 [/jobs]
socketio: INFO: emitting event "task update" to 20170509-172706-cfe6 [/jobs]
socketio: INFO: emitting event "task update" to 20170509-173209-48ad [/jobs]
socketio: INFO: emitting event "task update" to 20170509-173320-66e3 [/jobs]
socketio: INFO: emitting event "task update" to 20170509-172927-67d2 [/jobs]
socketio: INFO: emitting event "task update" to 20170509-173515-e8bf [/jobs]
socketio: INFO: emitting event "task update" to 20170509-172524-d7c0 [/jobs]
socketio: INFO: emitting event "task update" to 20170509-172419-2d22 [/jobs]
socketio: INFO: emitting event "task update" to 20170509-172337-f1aa [/jobs]
socketio: INFO: emitting event "task update" to 20170509-173228-acad [/jobs]
socketio: INFO: emitting event "task update" to 20170509-172350-6fcd [/jobs]
socketio: INFO: emitting event "task update" to 20170509-173357-1ed1 [/jobs]
socketio: INFO: emitting event "task update" to 20170509-172259-8252 [/jobs]
socketio: INFO: emitting event "task update" to 20170509-173322-0807 [/jobs]
socketio: INFO: emitting event "task update" to 20170509-172114-d063 [/jobs]
socketio: INFO: emitting event "task update" to 20170509-172323-89b4 [/jobs]
socketio: INFO: emitting event "task update" to 20170509-173300-0377 [/jobs]
socketio: INFO: emitting event "task update" to 20170509-173245-3417 [/jobs]
socketio: INFO: emitting event "task update" to 20170509-173324-49b0 [/jobs]
socketio: INFO: emitting event "task update" to 20170509-172342-e0ef [/jobs]
socketio: INFO: emitting event "task update" to 20170509-173108-a6ff [/jobs]
socketio: INFO: emitting event "task update" to 20170509-172725-6a13 [/jobs]
socketio: INFO: emitting event "task update" to 20170509-172806-b5bc [/jobs]
socketio: INFO: emitting event "task update" to 20170509-172227-0156 [/jobs]
socketio: INFO: emitting event "task update" to 20170509-172334-9d18 [/jobs]
socketio: INFO: emitting event "task update" to 20170509-173128-33ce [/jobs]
socketio: INFO: emitting event "task update" to 20170509-172347-b92a [/jobs]
socketio: INFO: emitting event "task update" to 20170509-173326-3e6f [/jobs]
socketio: INFO: emitting event "task update" to 20170509-172315-d38b [/jobs]
socketio: INFO: emitting event "task update" to 20170509-174340-86bb [/jobs]
socketio: INFO: emitting event "task update" to 20170509-172516-8f4b [/jobs]
socketio: INFO: emitting event "task update" to 20170509-172352-bfdd [/jobs]
socketio: INFO: emitting event "task update" to 20170509-172412-e6f0 [/jobs]
socketio: INFO: emitting event "task update" to 20170509-173329-1cea [/jobs]
socketio: INFO: emitting event "task update" to 20170509-173229-c795 [/jobs]
socketio: INFO: emitting event "task update" to 20170509-172202-9230 [/jobs]
socketio: INFO: emitting event "task update" to 20170509-173331-d237 [/jobs]
socketio: INFO: emitting event "task update" to 20170509-172317-7da8 [/jobs]
socketio: INFO: emitting event "task update" to 20170509-173008-ee07 [/jobs]
socketio: INFO: emitting event "task update" to 20170509-172210-1907 [/jobs]
socketio: INFO: emitting event "task update" to 20170509-173333-e98b [/jobs]
socketio: INFO: emitting event "task update" to 20170509-172825-84c5 [/jobs]
socketio: INFO: emitting event "task update" to 20170509-173335-6067 [/jobs]
socketio: INFO: emitting event "task update" to 20170509-172147-4505 [/jobs]
socketio: INFO: emitting event "task update" to 20170509-173337-8532 [/jobs]
socketio: INFO: emitting event "task update" to 20170509-172907-6ffa [/jobs]
socketio: INFO: emitting event "task update" to 20170509-172339-dc52 [/jobs]
socketio: INFO: emitting event "task update" to 20170509-172625-e177 [/jobs]
socketio: INFO: emitting event "task update" to 20170509-173316-5f8a [/jobs]
socketio: INFO: emitting event "task update" to 20170509-173318-416e [/jobs]
socketio: INFO: emitting event "task update" to 20170509-173415-8046 [/jobs]
socketio: INFO: emitting event "task update" to 20170509-173027-0946 [/jobs]
socketio: INFO: emitting event "task update" to 20170509-172218-c9c0 [/jobs]
socketio: INFO: emitting event "task update" to 20170509-172328-6826 [/jobs]
socketio: INFO: emitting event "task update" to 20170509-173403-2593 [/jobs]
socketio: INFO: emitting event "task update" to 20170509-174313-cb2c [/jobs]
socketio: INFO: emitting event "task update" to 20170509-172344-9606 [/jobs]
socketio: INFO: emitting event "task update" to 20170509-172430-a33c [/jobs]
socketio: INFO: emitting event "task update" to 20170509-172605-0fd8 [/jobs]
socketio: INFO: emitting event "task update" to 20170509-172706-cfe6 [/jobs]
socketio: INFO: emitting event "task update" to 20170509-173209-48ad [/jobs]
socketio: INFO: emitting event "task update" to 20170509-173320-66e3 [/jobs]
socketio: INFO: emitting event "task update" to 20170509-172927-67d2 [/jobs]
socketio: INFO: emitting event "task update" to 20170509-173515-e8bf [/jobs]
socketio: INFO: emitting event "task update" to 20170509-172524-d7c0 [/jobs]
socketio: INFO: emitting event "task update" to 20170509-172419-2d22 [/jobs]
socketio: INFO: emitting event "task update" to 20170509-172337-f1aa [/jobs]
socketio: INFO: emitting event "task update" to 20170509-173228-acad [/jobs]
socketio: INFO: emitting event "task update" to 20170509-172350-6fcd [/jobs]
socketio: INFO: emitting event "task update" to 20170509-173357-1ed1 [/jobs]
socketio: INFO: emitting event "task update" to 20170509-172259-8252 [/jobs]
socketio: INFO: emitting event "task update" to 20170509-173322-0807 [/jobs]
socketio: INFO: emitting event "task update" to 20170509-172114-d063 [/jobs]
socketio: INFO: emitting event "task update" to 20170509-172323-89b4 [/jobs]
digits.webapp: WARNING: Infer Model unrecognized output: WARNING: log_file config option not found - no log file is being saved
digits.webapp: WARNING: Infer Model unrecognized output: 2017-05-09 17:43:46 [ERROR] InferenceError: Unable to find snapshot for epoch=-1.0
digits.webapp: WARNING: Infer Model unrecognized output: Traceback (most recent call last):
digits.webapp: WARNING: Infer Model unrecognized output: File "/home/ethan/digits_GAN/digits/tools/inference.py", line 293, in <module>
digits.webapp: WARNING: Infer Model unrecognized output: args['resize']
digits.webapp: WARNING: Infer Model unrecognized output: File "/home/ethan/digits_GAN/digits/tools/inference.py", line 79, in infer
digits.webapp: WARNING: Infer Model unrecognized output: raise InferenceError("Unable to find snapshot for epoch=%s" % repr(epoch))
digits.webapp: WARNING: Infer Model unrecognized output: digits.inference.errors.InferenceError: 'Unable to find snapshot for epoch=-1.0'
socketio: INFO: emitting event "task update" to 20170509-173300-0377 [/jobs]
digits.webapp: ERROR: Infer Model task failed with error code 1
socketio: INFO: emitting event "task update" to 20170509-174343-a08f [/jobs]
socketio: INFO: emitting event "job update" to 20170509-174343-a08f [/jobs]
socketio: INFO: emitting event "job update" to job_management [/jobs]
socketio: INFO: emitting event "server update" to job_management [/jobs]
socketio: INFO: emitting event "server update" to job_management [/jobs]
socketio: INFO: emitting event "task update" to 20170509-173245-3417 [/jobs]
socketio: INFO: emitting event "task update" to 20170509-173324-49b0 [/jobs]
socketio: INFO: emitting event "job update" to 20170509-174343-a08f [/jobs]
socketio: INFO: emitting event "job update" to job_management [/jobs]
digits: INFO: Job deleted.
socketio: INFO: emitting event "job update" to job_management [/jobs]
--------------------- >> end captured logging << ---------------------

======================================================================
FAIL: digits.model.images.generic.test_views.TestTensorflowCreatedCropInForm.test_infer_db_json
----------------------------------------------------------------------
Traceback (most recent call last):
  File "/home/ethan/.local/lib/python2.7/site-packages/nose/case.py", line 197, in runTest
    self.test(*self.arg)
  File "/home/ethan/digits_GAN/digits/model/images/generic/test_views.py", line 686, in test_infer_db_json
    assert rv.status_code == 200, 'POST failed with %s\n\n%s' % (rv.status_code, rv.data)
AssertionError: POST failed with 500

{
  "error": {
    "message": "'NoneType' object is not iterable",
    "trace": [
      "Traceback (most recent call last):",
      "  File \"/usr/lib/python2.7/dist-packages/flask/app.py\", line 1475, in full_dispatch_request",
      "    rv = self.dispatch_request()",
      "  File \"/usr/lib/python2.7/dist-packages/flask/app.py\", line 1461, in dispatch_request",
      "    return self.view_functions[rule.endpoint](**req.view_args)",
      "  File \"/home/ethan/digits_GAN/digits/webapp.py\", line 81, in decorated",
      "    return f(*args, **kwargs)",
      "  File \"/home/ethan/digits_GAN/digits/model/images/generic/views.py\", line 600, in infer_db",
      "    for i, key in enumerate(keys):",
      "TypeError: 'NoneType' object is not iterable",
      ""
    ],
    "type": "TypeError"
  }
}
-------------------- >> begin captured logging << --------------------
socketio: INFO: emitting event "job update" to job_management [/jobs]
socketio: INFO: emitting event "task update" to 20170509-172342-e0ef [/jobs]
socketio: INFO: emitting event "job update" to 20170509-174346-4b81 [/jobs]
socketio: INFO: emitting event "job update" to job_management [/jobs]
socketio: INFO: emitting event "server update" to job_management [/jobs]
socketio: INFO: emitting event "server update" to job_management [/jobs]
digits.webapp: INFO: Infer Model task started.
socketio: INFO: emitting event "task update" to 20170509-174346-4b81 [/jobs]
socketio: INFO: emitting event "job update" to 20170509-174346-4b81 [/jobs]
socketio: INFO: emitting event "job update" to job_management [/jobs]
digits.webapp: INFO: Task subprocess args: "/usr/bin/python2 /home/ethan/digits_GAN/digits/tools/inference.py /tmp/tmpwfitKK/val_images /tmp/tmpX3R8Ve/20170509-174346-4b81 20170509-174340-86bb --jobs_dir=/tmp/tmpX3R8Ve --layers=none --gpu=0 --db"
socketio: INFO: emitting event "task update" to 20170509-173108-a6ff [/jobs]
socketio: INFO: emitting event "task update" to 20170509-172725-6a13 [/jobs]
socketio: INFO: emitting event "task update" to 20170509-172806-b5bc [/jobs]
socketio: INFO: emitting event "task update" to 20170509-172227-0156 [/jobs]
socketio: INFO: emitting event "task update" to 20170509-172334-9d18 [/jobs]
socketio: INFO: emitting event "task update" to 20170509-173128-33ce [/jobs]
socketio: INFO: emitting event "task update" to 20170509-172347-b92a [/jobs]
socketio: INFO: emitting event "task update" to 20170509-173326-3e6f [/jobs]
socketio: INFO: emitting event "task update" to 20170509-172315-d38b [/jobs]
socketio: INFO: emitting event "task update" to 20170509-174340-86bb [/jobs]
socketio: INFO: emitting event "task update" to 20170509-172516-8f4b [/jobs]
socketio: INFO: emitting event "task update" to 20170509-172352-bfdd [/jobs]
socketio: INFO: emitting event "task update" to 20170509-172412-e6f0 [/jobs]
socketio: INFO: emitting event "task update" to 20170509-173329-1cea [/jobs]
socketio: INFO: emitting event "task update" to 20170509-173229-c795 [/jobs]
socketio: INFO: emitting event "task update" to 20170509-172202-9230 [/jobs]
socketio: INFO: emitting event "task update" to 20170509-173331-d237 [/jobs]
socketio: INFO: emitting event "task update" to 20170509-172317-7da8 [/jobs]
socketio: INFO: emitting event "task update" to 20170509-173008-ee07 [/jobs]
socketio: INFO: emitting event "task update" to 20170509-172210-1907 [/jobs]
socketio: INFO: emitting event "task update" to 20170509-173333-e98b [/jobs]
socketio: INFO: emitting event "task update" to 20170509-172825-84c5 [/jobs]
socketio: INFO: emitting event "task update" to 20170509-173335-6067 [/jobs]
socketio: INFO: emitting event "task update" to 20170509-172147-4505 [/jobs]
socketio: INFO: emitting event "task update" to 20170509-173337-8532 [/jobs]
socketio: INFO: emitting event "task update" to 20170509-172907-6ffa [/jobs]
socketio: INFO: emitting event "task update" to 20170509-172339-dc52 [/jobs]
socketio: INFO: emitting event "task update" to 20170509-172625-e177 [/jobs]
socketio: INFO: emitting event "task update" to 20170509-173316-5f8a [/jobs]
socketio: INFO: emitting event "task update" to 20170509-173318-416e [/jobs]
socketio: INFO: emitting event "task update" to 20170509-173415-8046 [/jobs]
socketio: INFO: emitting event "task update" to 20170509-173027-0946 [/jobs]
socketio: INFO: emitting event "task update" to 20170509-172218-c9c0 [/jobs]
socketio: INFO: emitting event "task update" to 20170509-172328-6826 [/jobs]
socketio: INFO: emitting event "task update" to 20170509-173403-2593 [/jobs]
socketio: INFO: emitting event "task update" to 20170509-174313-cb2c [/jobs]
socketio: INFO: emitting event "task update" to 20170509-172344-9606 [/jobs]
socketio: INFO: emitting event "task update" to 20170509-172430-a33c [/jobs]
socketio: INFO: emitting event "task update" to 20170509-172605-0fd8 [/jobs]
socketio: INFO: emitting event "task update" to 20170509-172706-cfe6 [/jobs]
socketio: INFO: emitting event "task update" to 20170509-173209-48ad [/jobs]
socketio: INFO: emitting event "task update" to 20170509-173320-66e3 [/jobs]
socketio: INFO: emitting event "task update" to 20170509-172927-67d2 [/jobs]
socketio: INFO: emitting event "task update" to 20170509-173515-e8bf [/jobs]
socketio: INFO: emitting event "task update" to 20170509-172524-d7c0 [/jobs]
socketio: INFO: emitting event "task update" to 20170509-172419-2d22 [/jobs]
socketio: INFO: emitting event "task update" to 20170509-172337-f1aa [/jobs]
socketio: INFO: emitting event "task update" to 20170509-173228-acad [/jobs]
socketio: INFO: emitting event "task update" to 20170509-172350-6fcd [/jobs]
socketio: INFO: emitting event "task update" to 20170509-173357-1ed1 [/jobs]
socketio: INFO: emitting event "task update" to 20170509-172259-8252 [/jobs]
socketio: INFO: emitting event "task update" to 20170509-173322-0807 [/jobs]
socketio: INFO: emitting event "task update" to 20170509-172114-d063 [/jobs]
socketio: INFO: emitting event "task update" to 20170509-172323-89b4 [/jobs]
socketio: INFO: emitting event "task update" to 20170509-173300-0377 [/jobs]
socketio: INFO: emitting event "task update" to 20170509-173245-3417 [/jobs]
socketio: INFO: emitting event "task update" to 20170509-173324-49b0 [/jobs]
socketio: INFO: emitting event "task update" to 20170509-172342-e0ef [/jobs]
socketio: INFO: emitting event "task update" to 20170509-173108-a6ff [/jobs]
socketio: INFO: emitting event "task update" to 20170509-172725-6a13 [/jobs]
socketio: INFO: emitting event "task update" to 20170509-172806-b5bc [/jobs]
socketio: INFO: emitting event "task update" to 20170509-172227-0156 [/jobs]
socketio: INFO: emitting event "task update" to 20170509-172334-9d18 [/jobs]
socketio: INFO: emitting event "task update" to 20170509-173128-33ce [/jobs]
socketio: INFO: emitting event "task update" to 20170509-172347-b92a [/jobs]
socketio: INFO: emitting event "task update" to 20170509-173326-3e6f [/jobs]
socketio: INFO: emitting event "task update" to 20170509-172315-d38b [/jobs]
socketio: INFO: emitting event "task update" to 20170509-174340-86bb [/jobs]
socketio: INFO: emitting event "task update" to 20170509-172516-8f4b [/jobs]
socketio: INFO: emitting event "task update" to 20170509-172352-bfdd [/jobs]
socketio: INFO: emitting event "task update" to 20170509-172412-e6f0 [/jobs]
socketio: INFO: emitting event "task update" to 20170509-173329-1cea [/jobs]
socketio: INFO: emitting event "task update" to 20170509-173229-c795 [/jobs]
socketio: INFO: emitting event "task update" to 20170509-172202-9230 [/jobs]
socketio: INFO: emitting event "task update" to 20170509-173331-d237 [/jobs]
socketio: INFO: emitting event "task update" to 20170509-172317-7da8 [/jobs]
socketio: INFO: emitting event "task update" to 20170509-173008-ee07 [/jobs]
socketio: INFO: emitting event "task update" to 20170509-172210-1907 [/jobs]
socketio: INFO: emitting event "task update" to 20170509-173333-e98b [/jobs]
socketio: INFO: emitting event "task update" to 20170509-172825-84c5 [/jobs]
socketio: INFO: emitting event "task update" to 20170509-173335-6067 [/jobs]
socketio: INFO: emitting event "task update" to 20170509-172147-4505 [/jobs]
socketio: INFO: emitting event "task update" to 20170509-173337-8532 [/jobs]
socketio: INFO: emitting event "task update" to 20170509-172907-6ffa [/jobs]
socketio: INFO: emitting event "task update" to 20170509-172339-dc52 [/jobs]
socketio: INFO: emitting event "task update" to 20170509-172625-e177 [/jobs]
socketio: INFO: emitting event "task update" to 20170509-173316-5f8a [/jobs]
socketio: INFO: emitting event "task update" to 20170509-173318-416e [/jobs]
socketio: INFO: emitting event "task update" to 20170509-173415-8046 [/jobs]
socketio: INFO: emitting event "task update" to 20170509-173027-0946 [/jobs]
socketio: INFO: emitting event "task update" to 20170509-172218-c9c0 [/jobs]
socketio: INFO: emitting event "task update" to 20170509-172328-6826 [/jobs]
socketio: INFO: emitting event "task update" to 20170509-173403-2593 [/jobs]
socketio: INFO: emitting event "task update" to 20170509-174313-cb2c [/jobs]
socketio: INFO: emitting event "task update" to 20170509-172344-9606 [/jobs]
socketio: INFO: emitting event "task update" to 20170509-172430-a33c [/jobs]
socketio: INFO: emitting event "task update" to 20170509-172605-0fd8 [/jobs]
socketio: INFO: emitting event "task update" to 20170509-172706-cfe6 [/jobs]
socketio: INFO: emitting event "task update" to 20170509-173209-48ad [/jobs]
socketio: INFO: emitting event "task update" to 20170509-173320-66e3 [/jobs]
socketio: INFO: emitting event "task update" to 20170509-172927-67d2 [/jobs]
socketio: INFO: emitting event "task update" to 20170509-173515-e8bf [/jobs]
socketio: INFO: emitting event "task update" to 20170509-172524-d7c0 [/jobs]
socketio: INFO: emitting event "task update" to 20170509-172419-2d22 [/jobs]
socketio: INFO: emitting event "task update" to 20170509-172337-f1aa [/jobs]
socketio: INFO: emitting event "task update" to 20170509-173228-acad [/jobs]
socketio: INFO: emitting event "task update" to 20170509-172350-6fcd [/jobs]
socketio: INFO: emitting event "task update" to 20170509-173357-1ed1 [/jobs]
socketio: INFO: emitting event "task update" to 20170509-172259-8252 [/jobs]
socketio: INFO: emitting event "task update" to 20170509-173322-0807 [/jobs]
socketio: INFO: emitting event "task update" to 20170509-172114-d063 [/jobs]
socketio: INFO: emitting event "task update" to 20170509-172323-89b4 [/jobs]
socketio: INFO: emitting event "task update" to 20170509-173300-0377 [/jobs]
socketio: INFO: emitting event "task update" to 20170509-173245-3417 [/jobs]
socketio: INFO: emitting event "task update" to 20170509-173324-49b0 [/jobs]
socketio: INFO: emitting event "task update" to 20170509-172342-e0ef [/jobs]
socketio: INFO: emitting event "task update" to 20170509-173108-a6ff [/jobs]
socketio: INFO: emitting event "task update" to 20170509-172725-6a13 [/jobs]
socketio: INFO: emitting event "task update" to 20170509-172806-b5bc [/jobs]
socketio: INFO: emitting event "task update" to 20170509-172227-0156 [/jobs]
socketio: INFO: emitting event "task update" to 20170509-172334-9d18 [/jobs]
socketio: INFO: emitting event "task update" to 20170509-173128-33ce [/jobs]
socketio: INFO: emitting event "task update" to 20170509-172347-b92a [/jobs]
socketio: INFO: emitting event "task update" to 20170509-173326-3e6f [/jobs]
socketio: INFO: emitting event "task update" to 20170509-172315-d38b [/jobs]
socketio: INFO: emitting event "task update" to 20170509-174340-86bb [/jobs]
socketio: INFO: emitting event "task update" to 20170509-172516-8f4b [/jobs]
socketio: INFO: emitting event "task update" to 20170509-172352-bfdd [/jobs]
socketio: INFO: emitting event "task update" to 20170509-172412-e6f0 [/jobs]
socketio: INFO: emitting event "task update" to 20170509-173329-1cea [/jobs]
socketio: INFO: emitting event "task update" to 20170509-173229-c795 [/jobs]
socketio: INFO: emitting event "task update" to 20170509-172202-9230 [/jobs]
socketio: INFO: emitting event "task update" to 20170509-173331-d237 [/jobs]
socketio: INFO: emitting event "task update" to 20170509-172317-7da8 [/jobs]
socketio: INFO: emitting event "task update" to 20170509-173008-ee07 [/jobs]
socketio: INFO: emitting event "task update" to 20170509-172210-1907 [/jobs]
socketio: INFO: emitting event "task update" to 20170509-173333-e98b [/jobs]
socketio: INFO: emitting event "task update" to 20170509-172825-84c5 [/jobs]
socketio: INFO: emitting event "task update" to 20170509-173335-6067 [/jobs]
socketio: INFO: emitting event "task update" to 20170509-172147-4505 [/jobs]
socketio: INFO: emitting event "task update" to 20170509-173337-8532 [/jobs]
socketio: INFO: emitting event "task update" to 20170509-172907-6ffa [/jobs]
socketio: INFO: emitting event "task update" to 20170509-172339-dc52 [/jobs]
socketio: INFO: emitting event "task update" to 20170509-172625-e177 [/jobs]
socketio: INFO: emitting event "task update" to 20170509-173316-5f8a [/jobs]
socketio: INFO: emitting event "task update" to 20170509-173318-416e [/jobs]
socketio: INFO: emitting event "task update" to 20170509-173415-8046 [/jobs]
socketio: INFO: emitting event "task update" to 20170509-173027-0946 [/jobs]
socketio: INFO: emitting event "task update" to 20170509-172218-c9c0 [/jobs]
socketio: INFO: emitting event "task update" to 20170509-172328-6826 [/jobs]
socketio: INFO: emitting event "task update" to 20170509-173403-2593 [/jobs]
socketio: INFO: emitting event "task update" to 20170509-174313-cb2c [/jobs]
socketio: INFO: emitting event "task update" to 20170509-172344-9606 [/jobs]
socketio: INFO: emitting event "task update" to 20170509-172430-a33c [/jobs]
socketio: INFO: emitting event "task update" to 20170509-172605-0fd8 [/jobs]
socketio: INFO: emitting event "task update" to 20170509-172706-cfe6 [/jobs]
socketio: INFO: emitting event "task update" to 20170509-173209-48ad [/jobs]
socketio: INFO: emitting event "task update" to 20170509-173320-66e3 [/jobs]
socketio: INFO: emitting event "task update" to 20170509-172927-67d2 [/jobs]
socketio: INFO: emitting event "task update" to 20170509-173515-e8bf [/jobs]
socketio: INFO: emitting event "task update" to 20170509-172524-d7c0 [/jobs]
socketio: INFO: emitting event "task update" to 20170509-172419-2d22 [/jobs]
socketio: INFO: emitting event "task update" to 20170509-172337-f1aa [/jobs]
socketio: INFO: emitting event "task update" to 20170509-173228-acad [/jobs]
socketio: INFO: emitting event "task update" to 20170509-172350-6fcd [/jobs]
socketio: INFO: emitting event "task update" to 20170509-173357-1ed1 [/jobs]
socketio: INFO: emitting event "task update" to 20170509-172259-8252 [/jobs]
socketio: INFO: emitting event "task update" to 20170509-173322-0807 [/jobs]
socketio: INFO: emitting event "task update" to 20170509-172114-d063 [/jobs]
digits.webapp: WARNING: Infer Model unrecognized output: WARNING: log_file config option not found - no log file is being saved
digits.webapp: WARNING: Infer Model unrecognized output: 2017-05-09 17:43:49 [ERROR] InferenceError: Unable to find snapshot for epoch=-1.0
digits.webapp: WARNING: Infer Model unrecognized output: Traceback (most recent call last):
digits.webapp: WARNING: Infer Model unrecognized output: File "/home/ethan/digits_GAN/digits/tools/inference.py", line 293, in <module>
digits.webapp: WARNING: Infer Model unrecognized output: args['resize']
digits.webapp: WARNING: Infer Model unrecognized output: File "/home/ethan/digits_GAN/digits/tools/inference.py", line 79, in infer
digits.webapp: WARNING: Infer Model unrecognized output: raise InferenceError("Unable to find snapshot for epoch=%s" % repr(epoch))
digits.webapp: WARNING: Infer Model unrecognized output: digits.inference.errors.InferenceError: 'Unable to find snapshot for epoch=-1.0'
socketio: INFO: emitting event "task update" to 20170509-172323-89b4 [/jobs]
digits.webapp: ERROR: Infer Model task failed with error code 1
socketio: INFO: emitting event "task update" to 20170509-174346-4b81 [/jobs]
socketio: INFO: emitting event "job update" to 20170509-174346-4b81 [/jobs]
socketio: INFO: emitting event "job update" to job_management [/jobs]
socketio: INFO: emitting event "server update" to job_management [/jobs]
socketio: INFO: emitting event "server update" to job_management [/jobs]
socketio: INFO: emitting event "task update" to 20170509-173300-0377 [/jobs]
socketio: INFO: emitting event "job update" to 20170509-174346-4b81 [/jobs]
socketio: INFO: emitting event "job update" to job_management [/jobs]
digits: INFO: Job deleted.
socketio: INFO: emitting event "job update" to job_management [/jobs]
--------------------- >> end captured logging << ---------------------

======================================================================
FAIL: digits.model.images.generic.test_views.TestTensorflowCreatedCropInForm.test_infer_many
----------------------------------------------------------------------
Traceback (most recent call last):
  File "/home/ethan/.local/lib/python2.7/site-packages/nose/case.py", line 197, in runTest
    self.test(*self.arg)
  File "/home/ethan/digits_GAN/digits/model/images/generic/test_views.py", line 626, in test_infer_many
    assert rv.status_code == 200, 'POST failed with %s\n\n%s' % (rv.status_code, body)
AssertionError: POST failed with 500

[<body>\n<div class="navbar navbar-inverse navbar-fixed-top">\n<div class="container">\n<div class="navbar-header">\n<a class="navbar-brand" href="/">DIGITS</a>\n</div>\n<ul class="nav navbar-nav">\n<li><a href="/models/20170509-174340-86bb">test_model</a></li>\n<li class="active"><a>Test Many</a></li>\n</ul>\n<ul class="nav navbar-nav navbar-right">\n<li>\n<p class="navbar-text">\n            digits-testsuite (<a class="navbar-link" href="/logout">Logout</a>)\n            </p>\n</li>\n<li class="dropdown">\n<a class="dropdown-toggle" data-toggle="dropdown" href="#">Info<span class="caret"></span></a>\n<ul class="dropdown-menu navbar-inverse">\n<li><span class="navbar-text">Server: ethan-computer</span></li>\n<li><span class="navbar-text">DIGITS version: <br> 5.1-dev</br></span></li>\n<li><span class="navbar-text">Caffe version: <br> 0.15.13</br></span></li>\n<li><span class="navbar-text">Caffe flavor: <br> NVIDIA</br></span></li>\n</ul>\n</li>\n<li class="dropdown">\n<a class="dropdown-toggle" data-toggle="dropdown" href="#">About<span class="caret"></span></a>\n<ul class="dropdown-menu about-menu navbar-inverse">\n<li><span class="navbar-text"><a href="https://developer.nvidia.com/digits" target="_blank">\n                        DIGITS on developer.nvidia.com\n                    </a></span></li>\n<li><span class="navbar-text"><a href="https://github.com/NVIDIA/DIGITS" target="_blank">\n                        DIGITS on GitHub\n                    </a></span></li>\n<li><span class="navbar-text"><a href="https://groups.google.com/d/forum/digits-users" target="_blank">\n                        DIGITS user group\n                    </a></span></li>\n<li><span class="navbar-text"><a href="mailto:digits@nvidia.com">\n                        digits@nvidia.com\n                    </a></span></li>\n</ul>\n</li>\n</ul>\n</div>\n</div>\n<div class="container">\n<div class="jumbotron">\n<div class="container">\n<div class="row">\n<div class="col-sm-12" id="show-job-name">\n<h2 style="display:inline;">Infer Many Images</h2>\n</div>\n<div class="col-sm-4" id="edit-job-name" style="display:none;">\n<script>\nfunction updateJobName() {\n    var newName = $("input[name=job-name]").val();\n    $.ajax("/jobs/20170509-174349-4772",\n            {\n                type: "PUT",\n                data: {"job_name": newName}\n                }\n          )\n    .done(function() {\n            $("#show-job-name h2").html(newName);\n            $('#edit-job-name').hide(); $('#show-job-name').show();\n            })\n    .fail(function(data) { errorAlert(data); });\n    return false;\n}\n                </script>\n<input class="form-control" name="job-name" value="Infer Many Images"/>\n<a class="btn btn-primary" href="#" onclick="return updateJobName();">Update</a>\n<a class="btn btn-info" href="#" onclick="$('#edit-job-name').hide(); $('#show-job-name').show(); return false;">Cancel</a>\n</div>\n</div>\n<small>Owner: digits-testsuite</small>\n<div class="pull-right">\n<a class="btn btn-info" disabled="" id="clone-job">Clone Job</a>\n<a class="btn btn-warning hidden disabled" id="abort-job">Abort Job</a>\n<a class="btn btn-danger disabled" id="delete-job">Delete Job</a>\n</div>\n</div>\n<script>\n$('#abort-job').on('click', function(event) {\n        event.preventDefault();\n        bootbox.confirm(\n            'Are you sure you want to abort this job?',\n            function(result) {\n                if (result)\n                    $.ajax("/jobs/20170509-174349-4772/abort",\n                        {type: "POST"})\n                    .done(function() {\n                        $("#abort-job").hide();\n                        })\n                    .fail(function(data) { errorAlert(data); });\n            });\n        });\n\n$('#delete-job').on('click', function(event) {\n        event.preventDefault();\n        bootbox.confirm(\n            'Are you sure you want to delete this job?<br><br>All related files will be permanently removed.',\n            function(result) {\n                if (result)\n                    $.ajax("/jobs/20170509-174349-4772",\n                        {type: "DELETE"})\n                    .done(function() {\n                        window.location = "/";\n                        })\n                    .fail(function(data) { errorAlert(data); });\n            });\n        });\n    </script>\n</div>\n<div class="row">\n<!-- Job content -->\n<div class="col-sm-8">\n<div class="page-header">\n<h1>\n        test_model\n        <small>\n            Image Inference\n        </small>\n</h1>\n</div>\n</div>\n<!-- Tasks -->\n<div class="col-sm-4">\n<div class="panel-group">\n<div class="panel panel-danger" id="job-statuses">\n<div class="panel-heading">\n<h4 class="panel-title">\n                    Job Status\n                    <small>Error</small>\n</h4>\n</div>\n<div class="panel-collapse">\n<div class="panel-body">\n<div class="job-statuses">\n<ul>\n<li>\n<span class="text-warning">Initialized</span>\n        at 05:43:49 PM\n            <small>(0 seconds)</small>\n</li>\n<li>\n<span class="text-info">Running</span>\n        at 05:43:49 PM\n            <small>(3 seconds)</small>\n</li>\n<li>\n<span class="text-danger">Error</span>\n        at 05:43:52 PM\n            <br>\n<small>(Total - 3 seconds)</small>\n</br></li>\n</ul>\n</div>\n<div class="panel-group">\n<div class="panel panel-danger" id="task-140099414554320-status">\n<div class="panel-heading">\n<h4 class="panel-title">\n<a data-toggle="collapse" href="#task-140099414554320-status-collapse">\n                                            Infer Model\n                                            <small>Error</small>\n<span class="caret"></span>\n</a>\n</h4>\n</div>\n<div class="panel-collapse collapse in" id="task-140099414554320-status-collapse">\n<div class="panel-body">\n<div class="task-progress" style="display:none;">\n<div class="progress">\n<div class="progress-bar" style="width:0%">\n                                                    0%\n                                                </div>\n</div>\n                                            Estimated time remaining: <span class="task-eta">?</span>\n<br/>\n<br/>\n</div>\n<div class="task-statuses">\n<ul>\n<li>\n<span class="text-warning">Initialized</span>\n        at 05:43:49 PM\n            <small>(0 seconds)</small>\n</li>\n<li>\n<span class="text-info">Running</span>\n        at 05:43:49 PM\n            <small>(3 seconds)</small>\n</li>\n<li>\n<span class="text-danger">Error</span>\n        at 05:43:52 PM\n            <br>\n<small>(Total - 3 seconds)</small>\n</br></li>\n</ul>\n<h4 class="text-danger">ERROR: error code 1</h4>\n<pre>\nWARNING: log_file config option not found - no log file is being saved\n2017-05-09 17:43:52 [ERROR] InferenceError: Unable to find snapshot for epoch=-1.0\nTraceback (most recent call last):\nFile "/home/ethan/digits_GAN/digits/tools/inference.py", line 293, in &lt;module&gt;\nargs['resize']\nFile "/home/ethan/digits_GAN/digits/tools/inference.py", line 79, in infer\nraise InferenceError("Unable to find snapshot for epoch=%s" % repr(epoch))\ndigits.inference.errors.InferenceError: 'Unable to find snapshot for epoch=-1.0'\n        </pre>\n</div>\n</div>\n</div>\n</div>\n</div>\n</div>\n</div>\n</div>\n</div>\n<div class="gpu-utilization-info" style="display:none;"></div>\n<!-- Related jobs -->\n<div class="panel panel-default" id="notes-information">\n<div class="panel-heading">\n<h4>Notes</h4>\n</div>\n<div class="panel-body">\n<div class="col-sm-12" id="show-job-notes">\n<p style="display:inline;">None</p>\n</div>\n<div class="col-sm-12" id="edit-job-notes" style="display:none;">\n<script type="text/javascript">\n                        function updateJobNotes() {\n                        var newNotes = $("textarea[name=job-notes]").val();\n                        $.ajax("/jobs/20170509-174349-4772",\n                                {\n                                    type: "PUT",\n                                    data: {"job_notes": newNotes}\n                                    }\n                              )\n                        .done(function() {\n                                $("#show-job-notes p").html(newNotes);\n                                $('#edit-job-notes').hide(); $('#show-job-notes').show();\n                                })\n                        .fail(function(data) { errorAlert(data); });\n                        return false;\n                    }\n                    </script>\n<textarea class="form-control" name="job-notes" placeholder="Enter notes" rows="5"></textarea>\n<a class="btn btn-primary" href="#" onclick="return updateJobNotes();">Update</a>\n<a class="btn btn-info" href="#" onclick="$('#edit-job-notes').hide(); $('#show-job-notes').show(); return false;">Cancel</a>\n</div>\n</div>\n</div>\n</div>\n</div>\n<div class="row">\n<div class="row">\n<h3>Visualizations</h3>\n<div style="overflow:scroll; height:800px;">\n<table class="table">\n<tr>\n<td></td>\n<th>Image</th>\n<th>Data</th>\n</tr>\n<tr>\n<td>1</td>\n<td>/tmp/tmpwfitKK/test.png</td>\n<td></td>\n</tr>\n<tr>\n<td>2</td>\n<td>/tmp/tmpwfitKK/test.png</td>\n<td></td>\n</tr>\n</table>\n</div>\n</div>\n</div>\n</div>\n<script>\n$SCRIPT_ROOT = "";\n\n$(".explanation-tooltip").tooltip();\n\nwindow.onload = function () {\n    $('.autocomplete_path').autocomplete({\n       serviceUrl: '/autocomplete/path',\n       formatResult: function (suggestion, currentValue)\n       {\n            function baseName(str)\n            {\n               var base = new String(str).substring(str.lastIndexOf('/') + 1);\n               return base;\n            }\n            return baseName(suggestion.value);\n        },\n        minChars: 0\n    });\n    $(".autocomplete_path").removeAttr("autocomplete");\n};\n\n</script>\n<style>\n .about-menu {\n     width: 240px !important;\n }\n .brightness {\n     display: inline-block;\n }\n .brightness img:hover {\n     opacity: .75;\n }\n</style>\n</body>]
-------------------- >> begin captured logging << --------------------
socketio: INFO: emitting event "job update" to job_management [/jobs]
socketio: INFO: emitting event "task update" to 20170509-173245-3417 [/jobs]
socketio: INFO: emitting event "task update" to 20170509-173324-49b0 [/jobs]
socketio: INFO: emitting event "job update" to 20170509-174349-4772 [/jobs]
socketio: INFO: emitting event "job update" to job_management [/jobs]
socketio: INFO: emitting event "server update" to job_management [/jobs]
socketio: INFO: emitting event "server update" to job_management [/jobs]
digits.webapp: INFO: Infer Model task started.
socketio: INFO: emitting event "task update" to 20170509-174349-4772 [/jobs]
socketio: INFO: emitting event "job update" to 20170509-174349-4772 [/jobs]
socketio: INFO: emitting event "job update" to job_management [/jobs]
digits.webapp: INFO: Task subprocess args: "/usr/bin/python2 /home/ethan/digits_GAN/digits/tools/inference.py /tmp/tmpX3R8Ve/20170509-174349-4772/tmp1P1xLM.txt /tmp/tmpX3R8Ve/20170509-174349-4772 20170509-174340-86bb --jobs_dir=/tmp/tmpX3R8Ve --layers=none --gpu=0"
socketio: INFO: emitting event "task update" to 20170509-172342-e0ef [/jobs]
socketio: INFO: emitting event "task update" to 20170509-173108-a6ff [/jobs]
socketio: INFO: emitting event "task update" to 20170509-172725-6a13 [/jobs]
socketio: INFO: emitting event "task update" to 20170509-172806-b5bc [/jobs]
socketio: INFO: emitting event "task update" to 20170509-172227-0156 [/jobs]
socketio: INFO: emitting event "task update" to 20170509-172334-9d18 [/jobs]
socketio: INFO: emitting event "task update" to 20170509-173128-33ce [/jobs]
socketio: INFO: emitting event "task update" to 20170509-172347-b92a [/jobs]
socketio: INFO: emitting event "task update" to 20170509-173326-3e6f [/jobs]
socketio: INFO: emitting event "task update" to 20170509-172315-d38b [/jobs]
socketio: INFO: emitting event "task update" to 20170509-174340-86bb [/jobs]
socketio: INFO: emitting event "task update" to 20170509-172516-8f4b [/jobs]
socketio: INFO: emitting event "task update" to 20170509-172352-bfdd [/jobs]
socketio: INFO: emitting event "task update" to 20170509-172412-e6f0 [/jobs]
socketio: INFO: emitting event "task update" to 20170509-173329-1cea [/jobs]
socketio: INFO: emitting event "task update" to 20170509-173229-c795 [/jobs]
socketio: INFO: emitting event "task update" to 20170509-172202-9230 [/jobs]
socketio: INFO: emitting event "task update" to 20170509-173331-d237 [/jobs]
socketio: INFO: emitting event "task update" to 20170509-172317-7da8 [/jobs]
socketio: INFO: emitting event "task update" to 20170509-173008-ee07 [/jobs]
socketio: INFO: emitting event "task update" to 20170509-172210-1907 [/jobs]
socketio: INFO: emitting event "task update" to 20170509-173333-e98b [/jobs]
socketio: INFO: emitting event "task update" to 20170509-172825-84c5 [/jobs]
socketio: INFO: emitting event "task update" to 20170509-173335-6067 [/jobs]
socketio: INFO: emitting event "task update" to 20170509-172147-4505 [/jobs]
socketio: INFO: emitting event "task update" to 20170509-173337-8532 [/jobs]
socketio: INFO: emitting event "task update" to 20170509-172907-6ffa [/jobs]
socketio: INFO: emitting event "task update" to 20170509-172339-dc52 [/jobs]
socketio: INFO: emitting event "task update" to 20170509-172625-e177 [/jobs]
socketio: INFO: emitting event "task update" to 20170509-173316-5f8a [/jobs]
socketio: INFO: emitting event "task update" to 20170509-173318-416e [/jobs]
socketio: INFO: emitting event "task update" to 20170509-173415-8046 [/jobs]
socketio: INFO: emitting event "task update" to 20170509-173027-0946 [/jobs]
socketio: INFO: emitting event "task update" to 20170509-172218-c9c0 [/jobs]
socketio: INFO: emitting event "task update" to 20170509-172328-6826 [/jobs]
socketio: INFO: emitting event "task update" to 20170509-173403-2593 [/jobs]
socketio: INFO: emitting event "task update" to 20170509-174313-cb2c [/jobs]
socketio: INFO: emitting event "task update" to 20170509-172344-9606 [/jobs]
socketio: INFO: emitting event "task update" to 20170509-172430-a33c [/jobs]
socketio: INFO: emitting event "task update" to 20170509-172605-0fd8 [/jobs]
socketio: INFO: emitting event "task update" to 20170509-172706-cfe6 [/jobs]
socketio: INFO: emitting event "task update" to 20170509-173209-48ad [/jobs]
socketio: INFO: emitting event "task update" to 20170509-173320-66e3 [/jobs]
socketio: INFO: emitting event "task update" to 20170509-172927-67d2 [/jobs]
socketio: INFO: emitting event "task update" to 20170509-173515-e8bf [/jobs]
socketio: INFO: emitting event "task update" to 20170509-172524-d7c0 [/jobs]
socketio: INFO: emitting event "task update" to 20170509-172419-2d22 [/jobs]
socketio: INFO: emitting event "task update" to 20170509-172337-f1aa [/jobs]
socketio: INFO: emitting event "task update" to 20170509-173228-acad [/jobs]
socketio: INFO: emitting event "task update" to 20170509-172350-6fcd [/jobs]
socketio: INFO: emitting event "task update" to 20170509-173357-1ed1 [/jobs]
socketio: INFO: emitting event "task update" to 20170509-172259-8252 [/jobs]
socketio: INFO: emitting event "task update" to 20170509-173322-0807 [/jobs]
socketio: INFO: emitting event "task update" to 20170509-172114-d063 [/jobs]
socketio: INFO: emitting event "task update" to 20170509-172323-89b4 [/jobs]
socketio: INFO: emitting event "task update" to 20170509-173300-0377 [/jobs]
socketio: INFO: emitting event "task update" to 20170509-173245-3417 [/jobs]
socketio: INFO: emitting event "task update" to 20170509-173324-49b0 [/jobs]
socketio: INFO: emitting event "task update" to 20170509-172342-e0ef [/jobs]
socketio: INFO: emitting event "task update" to 20170509-173108-a6ff [/jobs]
socketio: INFO: emitting event "task update" to 20170509-172725-6a13 [/jobs]
socketio: INFO: emitting event "task update" to 20170509-172806-b5bc [/jobs]
socketio: INFO: emitting event "task update" to 20170509-172227-0156 [/jobs]
socketio: INFO: emitting event "task update" to 20170509-172334-9d18 [/jobs]
socketio: INFO: emitting event "task update" to 20170509-173128-33ce [/jobs]
socketio: INFO: emitting event "task update" to 20170509-172347-b92a [/jobs]
socketio: INFO: emitting event "task update" to 20170509-173326-3e6f [/jobs]
socketio: INFO: emitting event "task update" to 20170509-172315-d38b [/jobs]
socketio: INFO: emitting event "task update" to 20170509-174340-86bb [/jobs]
socketio: INFO: emitting event "task update" to 20170509-172516-8f4b [/jobs]
socketio: INFO: emitting event "task update" to 20170509-172352-bfdd [/jobs]
socketio: INFO: emitting event "task update" to 20170509-172412-e6f0 [/jobs]
socketio: INFO: emitting event "task update" to 20170509-173329-1cea [/jobs]
socketio: INFO: emitting event "task update" to 20170509-173229-c795 [/jobs]
socketio: INFO: emitting event "task update" to 20170509-172202-9230 [/jobs]
socketio: INFO: emitting event "task update" to 20170509-173331-d237 [/jobs]
socketio: INFO: emitting event "task update" to 20170509-172317-7da8 [/jobs]
socketio: INFO: emitting event "task update" to 20170509-173008-ee07 [/jobs]
socketio: INFO: emitting event "task update" to 20170509-172210-1907 [/jobs]
socketio: INFO: emitting event "task update" to 20170509-173333-e98b [/jobs]
socketio: INFO: emitting event "task update" to 20170509-172825-84c5 [/jobs]
socketio: INFO: emitting event "task update" to 20170509-173335-6067 [/jobs]
socketio: INFO: emitting event "task update" to 20170509-172147-4505 [/jobs]
socketio: INFO: emitting event "task update" to 20170509-173337-8532 [/jobs]
socketio: INFO: emitting event "task update" to 20170509-172907-6ffa [/jobs]
socketio: INFO: emitting event "task update" to 20170509-172339-dc52 [/jobs]
socketio: INFO: emitting event "task update" to 20170509-172625-e177 [/jobs]
socketio: INFO: emitting event "task update" to 20170509-173316-5f8a [/jobs]
socketio: INFO: emitting event "task update" to 20170509-173318-416e [/jobs]
socketio: INFO: emitting event "task update" to 20170509-173415-8046 [/jobs]
socketio: INFO: emitting event "task update" to 20170509-173027-0946 [/jobs]
socketio: INFO: emitting event "task update" to 20170509-172218-c9c0 [/jobs]
socketio: INFO: emitting event "task update" to 20170509-172328-6826 [/jobs]
socketio: INFO: emitting event "task update" to 20170509-173403-2593 [/jobs]
socketio: INFO: emitting event "task update" to 20170509-174313-cb2c [/jobs]
socketio: INFO: emitting event "task update" to 20170509-172344-9606 [/jobs]
socketio: INFO: emitting event "task update" to 20170509-172430-a33c [/jobs]
socketio: INFO: emitting event "task update" to 20170509-172605-0fd8 [/jobs]
socketio: INFO: emitting event "task update" to 20170509-172706-cfe6 [/jobs]
socketio: INFO: emitting event "task update" to 20170509-173209-48ad [/jobs]
socketio: INFO: emitting event "task update" to 20170509-173320-66e3 [/jobs]
socketio: INFO: emitting event "task update" to 20170509-172927-67d2 [/jobs]
socketio: INFO: emitting event "task update" to 20170509-173515-e8bf [/jobs]
socketio: INFO: emitting event "task update" to 20170509-172524-d7c0 [/jobs]
socketio: INFO: emitting event "task update" to 20170509-172419-2d22 [/jobs]
socketio: INFO: emitting event "task update" to 20170509-172337-f1aa [/jobs]
socketio: INFO: emitting event "task update" to 20170509-173228-acad [/jobs]
socketio: INFO: emitting event "task update" to 20170509-172350-6fcd [/jobs]
socketio: INFO: emitting event "task update" to 20170509-173357-1ed1 [/jobs]
socketio: INFO: emitting event "task update" to 20170509-172259-8252 [/jobs]
socketio: INFO: emitting event "task update" to 20170509-173322-0807 [/jobs]
socketio: INFO: emitting event "task update" to 20170509-172114-d063 [/jobs]
socketio: INFO: emitting event "task update" to 20170509-172323-89b4 [/jobs]
socketio: INFO: emitting event "task update" to 20170509-173300-0377 [/jobs]
socketio: INFO: emitting event "task update" to 20170509-173245-3417 [/jobs]
socketio: INFO: emitting event "task update" to 20170509-173324-49b0 [/jobs]
socketio: INFO: emitting event "task update" to 20170509-172342-e0ef [/jobs]
socketio: INFO: emitting event "task update" to 20170509-173108-a6ff [/jobs]
socketio: INFO: emitting event "task update" to 20170509-172725-6a13 [/jobs]
socketio: INFO: emitting event "task update" to 20170509-172806-b5bc [/jobs]
socketio: INFO: emitting event "task update" to 20170509-172227-0156 [/jobs]
socketio: INFO: emitting event "task update" to 20170509-172334-9d18 [/jobs]
socketio: INFO: emitting event "task update" to 20170509-173128-33ce [/jobs]
socketio: INFO: emitting event "task update" to 20170509-172347-b92a [/jobs]
socketio: INFO: emitting event "task update" to 20170509-173326-3e6f [/jobs]
socketio: INFO: emitting event "task update" to 20170509-172315-d38b [/jobs]
socketio: INFO: emitting event "task update" to 20170509-174340-86bb [/jobs]
socketio: INFO: emitting event "task update" to 20170509-172516-8f4b [/jobs]
socketio: INFO: emitting event "task update" to 20170509-172352-bfdd [/jobs]
socketio: INFO: emitting event "task update" to 20170509-172412-e6f0 [/jobs]
socketio: INFO: emitting event "task update" to 20170509-173329-1cea [/jobs]
socketio: INFO: emitting event "task update" to 20170509-173229-c795 [/jobs]
socketio: INFO: emitting event "task update" to 20170509-172202-9230 [/jobs]
socketio: INFO: emitting event "task update" to 20170509-173331-d237 [/jobs]
socketio: INFO: emitting event "task update" to 20170509-172317-7da8 [/jobs]
socketio: INFO: emitting event "task update" to 20170509-173008-ee07 [/jobs]
socketio: INFO: emitting event "task update" to 20170509-172210-1907 [/jobs]
socketio: INFO: emitting event "task update" to 20170509-173333-e98b [/jobs]
socketio: INFO: emitting event "task update" to 20170509-172825-84c5 [/jobs]
socketio: INFO: emitting event "task update" to 20170509-173335-6067 [/jobs]
socketio: INFO: emitting event "task update" to 20170509-172147-4505 [/jobs]
socketio: INFO: emitting event "task update" to 20170509-173337-8532 [/jobs]
socketio: INFO: emitting event "task update" to 20170509-172907-6ffa [/jobs]
socketio: INFO: emitting event "task update" to 20170509-172339-dc52 [/jobs]
socketio: INFO: emitting event "task update" to 20170509-172625-e177 [/jobs]
socketio: INFO: emitting event "task update" to 20170509-173316-5f8a [/jobs]
socketio: INFO: emitting event "task update" to 20170509-173318-416e [/jobs]
socketio: INFO: emitting event "task update" to 20170509-173415-8046 [/jobs]
socketio: INFO: emitting event "task update" to 20170509-173027-0946 [/jobs]
socketio: INFO: emitting event "task update" to 20170509-172218-c9c0 [/jobs]
socketio: INFO: emitting event "task update" to 20170509-172328-6826 [/jobs]
socketio: INFO: emitting event "task update" to 20170509-173403-2593 [/jobs]
socketio: INFO: emitting event "task update" to 20170509-174313-cb2c [/jobs]
socketio: INFO: emitting event "task update" to 20170509-172344-9606 [/jobs]
socketio: INFO: emitting event "task update" to 20170509-172430-a33c [/jobs]
socketio: INFO: emitting event "task update" to 20170509-172605-0fd8 [/jobs]
socketio: INFO: emitting event "task update" to 20170509-172706-cfe6 [/jobs]
socketio: INFO: emitting event "task update" to 20170509-173209-48ad [/jobs]
socketio: INFO: emitting event "task update" to 20170509-173320-66e3 [/jobs]
socketio: INFO: emitting event "task update" to 20170509-172927-67d2 [/jobs]
socketio: INFO: emitting event "task update" to 20170509-173515-e8bf [/jobs]
socketio: INFO: emitting event "task update" to 20170509-172524-d7c0 [/jobs]
socketio: INFO: emitting event "task update" to 20170509-172419-2d22 [/jobs]
socketio: INFO: emitting event "task update" to 20170509-172337-f1aa [/jobs]
socketio: INFO: emitting event "task update" to 20170509-173228-acad [/jobs]
socketio: INFO: emitting event "task update" to 20170509-172350-6fcd [/jobs]
socketio: INFO: emitting event "task update" to 20170509-173357-1ed1 [/jobs]
socketio: INFO: emitting event "task update" to 20170509-172259-8252 [/jobs]
socketio: INFO: emitting event "task update" to 20170509-173322-0807 [/jobs]
socketio: INFO: emitting event "task update" to 20170509-172114-d063 [/jobs]
socketio: INFO: emitting event "task update" to 20170509-172323-89b4 [/jobs]
digits.webapp: WARNING: Infer Model unrecognized output: WARNING: log_file config option not found - no log file is being saved
digits.webapp: WARNING: Infer Model unrecognized output: 2017-05-09 17:43:52 [ERROR] InferenceError: Unable to find snapshot for epoch=-1.0
digits.webapp: WARNING: Infer Model unrecognized output: Traceback (most recent call last):
digits.webapp: WARNING: Infer Model unrecognized output: File "/home/ethan/digits_GAN/digits/tools/inference.py", line 293, in <module>
digits.webapp: WARNING: Infer Model unrecognized output: args['resize']
digits.webapp: WARNING: Infer Model unrecognized output: File "/home/ethan/digits_GAN/digits/tools/inference.py", line 79, in infer
digits.webapp: WARNING: Infer Model unrecognized output: raise InferenceError("Unable to find snapshot for epoch=%s" % repr(epoch))
digits.webapp: WARNING: Infer Model unrecognized output: digits.inference.errors.InferenceError: 'Unable to find snapshot for epoch=-1.0'
socketio: INFO: emitting event "task update" to 20170509-173300-0377 [/jobs]
socketio: INFO: emitting event "task update" to 20170509-173245-3417 [/jobs]
socketio: INFO: emitting event "task update" to 20170509-173324-49b0 [/jobs]
digits.webapp: ERROR: Infer Model task failed with error code 1
socketio: INFO: emitting event "task update" to 20170509-174349-4772 [/jobs]
socketio: INFO: emitting event "job update" to 20170509-174349-4772 [/jobs]
socketio: INFO: emitting event "job update" to job_management [/jobs]
socketio: INFO: emitting event "server update" to job_management [/jobs]
socketio: INFO: emitting event "server update" to job_management [/jobs]
socketio: INFO: emitting event "job update" to 20170509-174349-4772 [/jobs]
socketio: INFO: emitting event "job update" to job_management [/jobs]
digits: INFO: Job deleted.
socketio: INFO: emitting event "job update" to job_management [/jobs]
--------------------- >> end captured logging << ---------------------

======================================================================
FAIL: digits.model.images.generic.test_views.TestTensorflowCreatedCropInForm.test_infer_many_from_folder
----------------------------------------------------------------------
Traceback (most recent call last):
  File "/home/ethan/.local/lib/python2.7/site-packages/nose/case.py", line 197, in runTest
    self.test(*self.arg)
  File "/home/ethan/digits_GAN/digits/model/images/generic/test_views.py", line 661, in test_infer_many_from_folder
    assert rv.status_code == 200, 'POST failed with %s\n\n%s' % (rv.status_code, body)
AssertionError: POST failed with 500

[<body>\n<div class="navbar navbar-inverse navbar-fixed-top">\n<div class="container">\n<div class="navbar-header">\n<a class="navbar-brand" href="/">DIGITS</a>\n</div>\n<ul class="nav navbar-nav">\n<li><a href="/models/20170509-174340-86bb">test_model</a></li>\n<li class="active"><a>Test Many</a></li>\n</ul>\n<ul class="nav navbar-nav navbar-right">\n<li>\n<p class="navbar-text">\n            digits-testsuite (<a class="navbar-link" href="/logout">Logout</a>)\n            </p>\n</li>\n<li class="dropdown">\n<a class="dropdown-toggle" data-toggle="dropdown" href="#">Info<span class="caret"></span></a>\n<ul class="dropdown-menu navbar-inverse">\n<li><span class="navbar-text">Server: ethan-computer</span></li>\n<li><span class="navbar-text">DIGITS version: <br> 5.1-dev</br></span></li>\n<li><span class="navbar-text">Caffe version: <br> 0.15.13</br></span></li>\n<li><span class="navbar-text">Caffe flavor: <br> NVIDIA</br></span></li>\n</ul>\n</li>\n<li class="dropdown">\n<a class="dropdown-toggle" data-toggle="dropdown" href="#">About<span class="caret"></span></a>\n<ul class="dropdown-menu about-menu navbar-inverse">\n<li><span class="navbar-text"><a href="https://developer.nvidia.com/digits" target="_blank">\n                        DIGITS on developer.nvidia.com\n                    </a></span></li>\n<li><span class="navbar-text"><a href="https://github.com/NVIDIA/DIGITS" target="_blank">\n                        DIGITS on GitHub\n                    </a></span></li>\n<li><span class="navbar-text"><a href="https://groups.google.com/d/forum/digits-users" target="_blank">\n                        DIGITS user group\n                    </a></span></li>\n<li><span class="navbar-text"><a href="mailto:digits@nvidia.com">\n                        digits@nvidia.com\n                    </a></span></li>\n</ul>\n</li>\n</ul>\n</div>\n</div>\n<div class="container">\n<div class="jumbotron">\n<div class="container">\n<div class="row">\n<div class="col-sm-12" id="show-job-name">\n<h2 style="display:inline;">Infer Many Images</h2>\n</div>\n<div class="col-sm-4" id="edit-job-name" style="display:none;">\n<script>\nfunction updateJobName() {\n    var newName = $("input[name=job-name]").val();\n    $.ajax("/jobs/20170509-174352-b07b",\n            {\n                type: "PUT",\n                data: {"job_name": newName}\n                }\n          )\n    .done(function() {\n            $("#show-job-name h2").html(newName);\n            $('#edit-job-name').hide(); $('#show-job-name').show();\n            })\n    .fail(function(data) { errorAlert(data); });\n    return false;\n}\n                </script>\n<input class="form-control" name="job-name" value="Infer Many Images"/>\n<a class="btn btn-primary" href="#" onclick="return updateJobName();">Update</a>\n<a class="btn btn-info" href="#" onclick="$('#edit-job-name').hide(); $('#show-job-name').show(); return false;">Cancel</a>\n</div>\n</div>\n<small>Owner: digits-testsuite</small>\n<div class="pull-right">\n<a class="btn btn-info" disabled="" id="clone-job">Clone Job</a>\n<a class="btn btn-warning hidden disabled" id="abort-job">Abort Job</a>\n<a class="btn btn-danger disabled" id="delete-job">Delete Job</a>\n</div>\n</div>\n<script>\n$('#abort-job').on('click', function(event) {\n        event.preventDefault();\n        bootbox.confirm(\n            'Are you sure you want to abort this job?',\n            function(result) {\n                if (result)\n                    $.ajax("/jobs/20170509-174352-b07b/abort",\n                        {type: "POST"})\n                    .done(function() {\n                        $("#abort-job").hide();\n                        })\n                    .fail(function(data) { errorAlert(data); });\n            });\n        });\n\n$('#delete-job').on('click', function(event) {\n        event.preventDefault();\n        bootbox.confirm(\n            'Are you sure you want to delete this job?<br><br>All related files will be permanently removed.',\n            function(result) {\n                if (result)\n                    $.ajax("/jobs/20170509-174352-b07b",\n                        {type: "DELETE"})\n                    .done(function() {\n                        window.location = "/";\n                        })\n                    .fail(function(data) { errorAlert(data); });\n            });\n        });\n    </script>\n</div>\n<div class="row">\n<!-- Job content -->\n<div class="col-sm-8">\n<div class="page-header">\n<h1>\n        test_model\n        <small>\n            Image Inference\n        </small>\n</h1>\n</div>\n</div>\n<!-- Tasks -->\n<div class="col-sm-4">\n<div class="panel-group">\n<div class="panel panel-danger" id="job-statuses">\n<div class="panel-heading">\n<h4 class="panel-title">\n                    Job Status\n                    <small>Error</small>\n</h4>\n</div>\n<div class="panel-collapse">\n<div class="panel-body">\n<div class="job-statuses">\n<ul>\n<li>\n<span class="text-warning">Initialized</span>\n        at 05:43:52 PM\n            <small>(0 seconds)</small>\n</li>\n<li>\n<span class="text-info">Running</span>\n        at 05:43:52 PM\n            <small>(2 seconds)</small>\n</li>\n<li>\n<span class="text-danger">Error</span>\n        at 05:43:55 PM\n            <br>\n<small>(Total - 2 seconds)</small>\n</br></li>\n</ul>\n</div>\n<div class="panel-group">\n<div class="panel panel-danger" id="task-140099414495504-status">\n<div class="panel-heading">\n<h4 class="panel-title">\n<a data-toggle="collapse" href="#task-140099414495504-status-collapse">\n                                            Infer Model\n                                            <small>Error</small>\n<span class="caret"></span>\n</a>\n</h4>\n</div>\n<div class="panel-collapse collapse in" id="task-140099414495504-status-collapse">\n<div class="panel-body">\n<div class="task-progress" style="display:none;">\n<div class="progress">\n<div class="progress-bar" style="width:0%">\n                                                    0%\n                                                </div>\n</div>\n                                            Estimated time remaining: <span class="task-eta">?</span>\n<br/>\n<br/>\n</div>\n<div class="task-statuses">\n<ul>\n<li>\n<span class="text-warning">Initialized</span>\n        at 05:43:52 PM\n            <small>(0 seconds)</small>\n</li>\n<li>\n<span class="text-info">Running</span>\n        at 05:43:52 PM\n            <small>(2 seconds)</small>\n</li>\n<li>\n<span class="text-danger">Error</span>\n        at 05:43:55 PM\n            <br>\n<small>(Total - 2 seconds)</small>\n</br></li>\n</ul>\n<h4 class="text-danger">ERROR: error code 1</h4>\n<pre>\nWARNING: log_file config option not found - no log file is being saved\n2017-05-09 17:43:55 [ERROR] InferenceError: Unable to find snapshot for epoch=-1.0\nTraceback (most recent call last):\nFile "/home/ethan/digits_GAN/digits/tools/inference.py", line 293, in &lt;module&gt;\nargs['resize']\nFile "/home/ethan/digits_GAN/digits/tools/inference.py", line 79, in infer\nraise InferenceError("Unable to find snapshot for epoch=%s" % repr(epoch))\ndigits.inference.errors.InferenceError: 'Unable to find snapshot for epoch=-1.0'\n        </pre>\n</div>\n</div>\n</div>\n</div>\n</div>\n</div>\n</div>\n</div>\n</div>\n<div class="gpu-utilization-info" style="display:none;"></div>\n<!-- Related jobs -->\n<div class="panel panel-default" id="notes-information">\n<div class="panel-heading">\n<h4>Notes</h4>\n</div>\n<div class="panel-body">\n<div class="col-sm-12" id="show-job-notes">\n<p style="display:inline;">None</p>\n</div>\n<div class="col-sm-12" id="edit-job-notes" style="display:none;">\n<script type="text/javascript">\n                        function updateJobNotes() {\n                        var newNotes = $("textarea[name=job-notes]").val();\n                        $.ajax("/jobs/20170509-174352-b07b",\n                                {\n                                    type: "PUT",\n                                    data: {"job_notes": newNotes}\n                                    }\n                              )\n                        .done(function() {\n                                $("#show-job-notes p").html(newNotes);\n                                $('#edit-job-notes').hide(); $('#show-job-notes').show();\n                                })\n                        .fail(function(data) { errorAlert(data); });\n                        return false;\n                    }\n                    </script>\n<textarea class="form-control" name="job-notes" placeholder="Enter notes" rows="5"></textarea>\n<a class="btn btn-primary" href="#" onclick="return updateJobNotes();">Update</a>\n<a class="btn btn-info" href="#" onclick="$('#edit-job-notes').hide(); $('#show-job-notes').show(); return false;">Cancel</a>\n</div>\n</div>\n</div>\n</div>\n</div>\n<div class="row">\n<div class="row">\n<h3>Visualizations</h3>\n<div style="overflow:scroll; height:800px;">\n<table class="table">\n<tr>\n<td></td>\n<th>Image</th>\n<th>Data</th>\n</tr>\n<tr>\n<td>1</td>\n<td>/tmp/tmpwfitKK/test.png</td>\n<td></td>\n</tr>\n</table>\n</div>\n</div>\n</div>\n</div>\n<script>\n$SCRIPT_ROOT = "";\n\n$(".explanation-tooltip").tooltip();\n\nwindow.onload = function () {\n    $('.autocomplete_path').autocomplete({\n       serviceUrl: '/autocomplete/path',\n       formatResult: function (suggestion, currentValue)\n       {\n            function baseName(str)\n            {\n               var base = new String(str).substring(str.lastIndexOf('/') + 1);\n               return base;\n            }\n            return baseName(suggestion.value);\n        },\n        minChars: 0\n    });\n    $(".autocomplete_path").removeAttr("autocomplete");\n};\n\n</script>\n<style>\n .about-menu {\n     width: 240px !important;\n }\n .brightness {\n     display: inline-block;\n }\n .brightness img:hover {\n     opacity: .75;\n }\n</style>\n</body>]
-------------------- >> begin captured logging << --------------------
socketio: INFO: emitting event "job update" to job_management [/jobs]
socketio: INFO: emitting event "task update" to 20170509-172342-e0ef [/jobs]
socketio: INFO: emitting event "task update" to 20170509-173108-a6ff [/jobs]
socketio: INFO: emitting event "task update" to 20170509-172725-6a13 [/jobs]
socketio: INFO: emitting event "job update" to 20170509-174352-b07b [/jobs]
socketio: INFO: emitting event "job update" to job_management [/jobs]
socketio: INFO: emitting event "server update" to job_management [/jobs]
socketio: INFO: emitting event "server update" to job_management [/jobs]
digits.webapp: INFO: Infer Model task started.
socketio: INFO: emitting event "task update" to 20170509-174352-b07b [/jobs]
socketio: INFO: emitting event "job update" to 20170509-174352-b07b [/jobs]
socketio: INFO: emitting event "job update" to job_management [/jobs]
digits.webapp: INFO: Task subprocess args: "/usr/bin/python2 /home/ethan/digits_GAN/digits/tools/inference.py /tmp/tmpX3R8Ve/20170509-174352-b07b/tmpML79ae.txt /tmp/tmpX3R8Ve/20170509-174352-b07b 20170509-174340-86bb --jobs_dir=/tmp/tmpX3R8Ve --layers=none --gpu=0"
socketio: INFO: emitting event "task update" to 20170509-172806-b5bc [/jobs]
socketio: INFO: emitting event "task update" to 20170509-172227-0156 [/jobs]
socketio: INFO: emitting event "task update" to 20170509-172334-9d18 [/jobs]
socketio: INFO: emitting event "task update" to 20170509-173128-33ce [/jobs]
socketio: INFO: emitting event "task update" to 20170509-172347-b92a [/jobs]
socketio: INFO: emitting event "task update" to 20170509-173326-3e6f [/jobs]
socketio: INFO: emitting event "task update" to 20170509-172315-d38b [/jobs]
socketio: INFO: emitting event "task update" to 20170509-174340-86bb [/jobs]
socketio: INFO: emitting event "task update" to 20170509-172516-8f4b [/jobs]
socketio: INFO: emitting event "task update" to 20170509-172352-bfdd [/jobs]
socketio: INFO: emitting event "task update" to 20170509-172412-e6f0 [/jobs]
socketio: INFO: emitting event "task update" to 20170509-173329-1cea [/jobs]
socketio: INFO: emitting event "task update" to 20170509-173229-c795 [/jobs]
socketio: INFO: emitting event "task update" to 20170509-172202-9230 [/jobs]
socketio: INFO: emitting event "task update" to 20170509-173331-d237 [/jobs]
socketio: INFO: emitting event "task update" to 20170509-172317-7da8 [/jobs]
socketio: INFO: emitting event "task update" to 20170509-173008-ee07 [/jobs]
socketio: INFO: emitting event "task update" to 20170509-172210-1907 [/jobs]
socketio: INFO: emitting event "task update" to 20170509-173333-e98b [/jobs]
socketio: INFO: emitting event "task update" to 20170509-172825-84c5 [/jobs]
socketio: INFO: emitting event "task update" to 20170509-173335-6067 [/jobs]
socketio: INFO: emitting event "task update" to 20170509-172147-4505 [/jobs]
socketio: INFO: emitting event "task update" to 20170509-173337-8532 [/jobs]
socketio: INFO: emitting event "task update" to 20170509-172907-6ffa [/jobs]
socketio: INFO: emitting event "task update" to 20170509-172339-dc52 [/jobs]
socketio: INFO: emitting event "task update" to 20170509-172625-e177 [/jobs]
socketio: INFO: emitting event "task update" to 20170509-173316-5f8a [/jobs]
socketio: INFO: emitting event "task update" to 20170509-173318-416e [/jobs]
socketio: INFO: emitting event "task update" to 20170509-173415-8046 [/jobs]
socketio: INFO: emitting event "task update" to 20170509-173027-0946 [/jobs]
socketio: INFO: emitting event "task update" to 20170509-172218-c9c0 [/jobs]
socketio: INFO: emitting event "task update" to 20170509-172328-6826 [/jobs]
socketio: INFO: emitting event "task update" to 20170509-173403-2593 [/jobs]
socketio: INFO: emitting event "task update" to 20170509-174313-cb2c [/jobs]
socketio: INFO: emitting event "task update" to 20170509-172344-9606 [/jobs]
socketio: INFO: emitting event "task update" to 20170509-172430-a33c [/jobs]
socketio: INFO: emitting event "task update" to 20170509-172605-0fd8 [/jobs]
socketio: INFO: emitting event "task update" to 20170509-172706-cfe6 [/jobs]
socketio: INFO: emitting event "task update" to 20170509-173209-48ad [/jobs]
socketio: INFO: emitting event "task update" to 20170509-173320-66e3 [/jobs]
socketio: INFO: emitting event "task update" to 20170509-172927-67d2 [/jobs]
socketio: INFO: emitting event "task update" to 20170509-173515-e8bf [/jobs]
socketio: INFO: emitting event "task update" to 20170509-172524-d7c0 [/jobs]
socketio: INFO: emitting event "task update" to 20170509-172419-2d22 [/jobs]
socketio: INFO: emitting event "task update" to 20170509-172337-f1aa [/jobs]
socketio: INFO: emitting event "task update" to 20170509-173228-acad [/jobs]
socketio: INFO: emitting event "task update" to 20170509-172350-6fcd [/jobs]
socketio: INFO: emitting event "task update" to 20170509-173357-1ed1 [/jobs]
socketio: INFO: emitting event "task update" to 20170509-172259-8252 [/jobs]
socketio: INFO: emitting event "task update" to 20170509-173322-0807 [/jobs]
socketio: INFO: emitting event "task update" to 20170509-172114-d063 [/jobs]
socketio: INFO: emitting event "task update" to 20170509-172323-89b4 [/jobs]
socketio: INFO: emitting event "task update" to 20170509-173300-0377 [/jobs]
socketio: INFO: emitting event "task update" to 20170509-173245-3417 [/jobs]
socketio: INFO: emitting event "task update" to 20170509-173324-49b0 [/jobs]
socketio: INFO: emitting event "task update" to 20170509-172342-e0ef [/jobs]
socketio: INFO: emitting event "task update" to 20170509-173108-a6ff [/jobs]
socketio: INFO: emitting event "task update" to 20170509-172725-6a13 [/jobs]
socketio: INFO: emitting event "task update" to 20170509-172806-b5bc [/jobs]
socketio: INFO: emitting event "task update" to 20170509-172227-0156 [/jobs]
socketio: INFO: emitting event "task update" to 20170509-172334-9d18 [/jobs]
socketio: INFO: emitting event "task update" to 20170509-173128-33ce [/jobs]
socketio: INFO: emitting event "task update" to 20170509-172347-b92a [/jobs]
socketio: INFO: emitting event "task update" to 20170509-173326-3e6f [/jobs]
socketio: INFO: emitting event "task update" to 20170509-172315-d38b [/jobs]
socketio: INFO: emitting event "task update" to 20170509-174340-86bb [/jobs]
socketio: INFO: emitting event "task update" to 20170509-172516-8f4b [/jobs]
socketio: INFO: emitting event "task update" to 20170509-172352-bfdd [/jobs]
socketio: INFO: emitting event "task update" to 20170509-172412-e6f0 [/jobs]
socketio: INFO: emitting event "task update" to 20170509-173329-1cea [/jobs]
socketio: INFO: emitting event "task update" to 20170509-173229-c795 [/jobs]
socketio: INFO: emitting event "task update" to 20170509-172202-9230 [/jobs]
socketio: INFO: emitting event "task update" to 20170509-173331-d237 [/jobs]
socketio: INFO: emitting event "task update" to 20170509-172317-7da8 [/jobs]
socketio: INFO: emitting event "task update" to 20170509-173008-ee07 [/jobs]
socketio: INFO: emitting event "task update" to 20170509-172210-1907 [/jobs]
socketio: INFO: emitting event "task update" to 20170509-173333-e98b [/jobs]
socketio: INFO: emitting event "task update" to 20170509-172825-84c5 [/jobs]
socketio: INFO: emitting event "task update" to 20170509-173335-6067 [/jobs]
socketio: INFO: emitting event "task update" to 20170509-172147-4505 [/jobs]
socketio: INFO: emitting event "task update" to 20170509-173337-8532 [/jobs]
socketio: INFO: emitting event "task update" to 20170509-172907-6ffa [/jobs]
socketio: INFO: emitting event "task update" to 20170509-172339-dc52 [/jobs]
socketio: INFO: emitting event "task update" to 20170509-172625-e177 [/jobs]
socketio: INFO: emitting event "task update" to 20170509-173316-5f8a [/jobs]
socketio: INFO: emitting event "task update" to 20170509-173318-416e [/jobs]
socketio: INFO: emitting event "task update" to 20170509-173415-8046 [/jobs]
socketio: INFO: emitting event "task update" to 20170509-173027-0946 [/jobs]
socketio: INFO: emitting event "task update" to 20170509-172218-c9c0 [/jobs]
socketio: INFO: emitting event "task update" to 20170509-172328-6826 [/jobs]
socketio: INFO: emitting event "task update" to 20170509-173403-2593 [/jobs]
socketio: INFO: emitting event "task update" to 20170509-174313-cb2c [/jobs]
socketio: INFO: emitting event "task update" to 20170509-172344-9606 [/jobs]
socketio: INFO: emitting event "task update" to 20170509-172430-a33c [/jobs]
socketio: INFO: emitting event "task update" to 20170509-172605-0fd8 [/jobs]
socketio: INFO: emitting event "task update" to 20170509-172706-cfe6 [/jobs]
socketio: INFO: emitting event "task update" to 20170509-173209-48ad [/jobs]
socketio: INFO: emitting event "task update" to 20170509-173320-66e3 [/jobs]
socketio: INFO: emitting event "task update" to 20170509-172927-67d2 [/jobs]
socketio: INFO: emitting event "task update" to 20170509-173515-e8bf [/jobs]
socketio: INFO: emitting event "task update" to 20170509-172524-d7c0 [/jobs]
socketio: INFO: emitting event "task update" to 20170509-172419-2d22 [/jobs]
socketio: INFO: emitting event "task update" to 20170509-172337-f1aa [/jobs]
socketio: INFO: emitting event "task update" to 20170509-173228-acad [/jobs]
socketio: INFO: emitting event "task update" to 20170509-172350-6fcd [/jobs]
socketio: INFO: emitting event "task update" to 20170509-173357-1ed1 [/jobs]
socketio: INFO: emitting event "task update" to 20170509-172259-8252 [/jobs]
socketio: INFO: emitting event "task update" to 20170509-173322-0807 [/jobs]
socketio: INFO: emitting event "task update" to 20170509-172114-d063 [/jobs]
socketio: INFO: emitting event "task update" to 20170509-172323-89b4 [/jobs]
socketio: INFO: emitting event "task update" to 20170509-173300-0377 [/jobs]
socketio: INFO: emitting event "task update" to 20170509-173245-3417 [/jobs]
socketio: INFO: emitting event "task update" to 20170509-173324-49b0 [/jobs]
socketio: INFO: emitting event "task update" to 20170509-172342-e0ef [/jobs]
socketio: INFO: emitting event "task update" to 20170509-173108-a6ff [/jobs]
socketio: INFO: emitting event "task update" to 20170509-172725-6a13 [/jobs]
socketio: INFO: emitting event "task update" to 20170509-172806-b5bc [/jobs]
socketio: INFO: emitting event "task update" to 20170509-172227-0156 [/jobs]
socketio: INFO: emitting event "task update" to 20170509-172334-9d18 [/jobs]
socketio: INFO: emitting event "task update" to 20170509-173128-33ce [/jobs]
socketio: INFO: emitting event "task update" to 20170509-172347-b92a [/jobs]
socketio: INFO: emitting event "task update" to 20170509-173326-3e6f [/jobs]
socketio: INFO: emitting event "task update" to 20170509-172315-d38b [/jobs]
socketio: INFO: emitting event "task update" to 20170509-174340-86bb [/jobs]
socketio: INFO: emitting event "task update" to 20170509-172516-8f4b [/jobs]
socketio: INFO: emitting event "task update" to 20170509-172352-bfdd [/jobs]
socketio: INFO: emitting event "task update" to 20170509-172412-e6f0 [/jobs]
socketio: INFO: emitting event "task update" to 20170509-173329-1cea [/jobs]
socketio: INFO: emitting event "task update" to 20170509-173229-c795 [/jobs]
socketio: INFO: emitting event "task update" to 20170509-172202-9230 [/jobs]
socketio: INFO: emitting event "task update" to 20170509-173331-d237 [/jobs]
socketio: INFO: emitting event "task update" to 20170509-172317-7da8 [/jobs]
socketio: INFO: emitting event "task update" to 20170509-173008-ee07 [/jobs]
socketio: INFO: emitting event "task update" to 20170509-172210-1907 [/jobs]
socketio: INFO: emitting event "task update" to 20170509-173333-e98b [/jobs]
socketio: INFO: emitting event "task update" to 20170509-172825-84c5 [/jobs]
socketio: INFO: emitting event "task update" to 20170509-173335-6067 [/jobs]
socketio: INFO: emitting event "task update" to 20170509-172147-4505 [/jobs]
socketio: INFO: emitting event "task update" to 20170509-173337-8532 [/jobs]
socketio: INFO: emitting event "task update" to 20170509-172907-6ffa [/jobs]
socketio: INFO: emitting event "task update" to 20170509-172339-dc52 [/jobs]
socketio: INFO: emitting event "task update" to 20170509-172625-e177 [/jobs]
socketio: INFO: emitting event "task update" to 20170509-173316-5f8a [/jobs]
socketio: INFO: emitting event "task update" to 20170509-173318-416e [/jobs]
socketio: INFO: emitting event "task update" to 20170509-173415-8046 [/jobs]
socketio: INFO: emitting event "task update" to 20170509-173027-0946 [/jobs]
socketio: INFO: emitting event "task update" to 20170509-172218-c9c0 [/jobs]
socketio: INFO: emitting event "task update" to 20170509-172328-6826 [/jobs]
socketio: INFO: emitting event "task update" to 20170509-173403-2593 [/jobs]
socketio: INFO: emitting event "task update" to 20170509-174313-cb2c [/jobs]
socketio: INFO: emitting event "task update" to 20170509-172344-9606 [/jobs]
socketio: INFO: emitting event "task update" to 20170509-172430-a33c [/jobs]
socketio: INFO: emitting event "task update" to 20170509-172605-0fd8 [/jobs]
socketio: INFO: emitting event "task update" to 20170509-172706-cfe6 [/jobs]
socketio: INFO: emitting event "task update" to 20170509-173209-48ad [/jobs]
socketio: INFO: emitting event "task update" to 20170509-173320-66e3 [/jobs]
socketio: INFO: emitting event "task update" to 20170509-172927-67d2 [/jobs]
socketio: INFO: emitting event "task update" to 20170509-173515-e8bf [/jobs]
socketio: INFO: emitting event "task update" to 20170509-172524-d7c0 [/jobs]
socketio: INFO: emitting event "task update" to 20170509-172419-2d22 [/jobs]
socketio: INFO: emitting event "task update" to 20170509-172337-f1aa [/jobs]
socketio: INFO: emitting event "task update" to 20170509-173228-acad [/jobs]
socketio: INFO: emitting event "task update" to 20170509-172350-6fcd [/jobs]
socketio: INFO: emitting event "task update" to 20170509-173357-1ed1 [/jobs]
socketio: INFO: emitting event "task update" to 20170509-172259-8252 [/jobs]
socketio: INFO: emitting event "task update" to 20170509-173322-0807 [/jobs]
socketio: INFO: emitting event "task update" to 20170509-172114-d063 [/jobs]
socketio: INFO: emitting event "task update" to 20170509-172323-89b4 [/jobs]
digits.webapp: WARNING: Infer Model unrecognized output: WARNING: log_file config option not found - no log file is being saved
digits.webapp: WARNING: Infer Model unrecognized output: 2017-05-09 17:43:55 [ERROR] InferenceError: Unable to find snapshot for epoch=-1.0
digits.webapp: WARNING: Infer Model unrecognized output: Traceback (most recent call last):
digits.webapp: WARNING: Infer Model unrecognized output: File "/home/ethan/digits_GAN/digits/tools/inference.py", line 293, in <module>
digits.webapp: WARNING: Infer Model unrecognized output: args['resize']
digits.webapp: WARNING: Infer Model unrecognized output: File "/home/ethan/digits_GAN/digits/tools/inference.py", line 79, in infer
digits.webapp: WARNING: Infer Model unrecognized output: raise InferenceError("Unable to find snapshot for epoch=%s" % repr(epoch))
digits.webapp: WARNING: Infer Model unrecognized output: digits.inference.errors.InferenceError: 'Unable to find snapshot for epoch=-1.0'
socketio: INFO: emitting event "task update" to 20170509-173300-0377 [/jobs]
socketio: INFO: emitting event "task update" to 20170509-173245-3417 [/jobs]
socketio: INFO: emitting event "task update" to 20170509-173324-49b0 [/jobs]
digits.webapp: ERROR: Infer Model task failed with error code 1
socketio: INFO: emitting event "task update" to 20170509-174352-b07b [/jobs]
socketio: INFO: emitting event "job update" to 20170509-174352-b07b [/jobs]
socketio: INFO: emitting event "job update" to job_management [/jobs]
socketio: INFO: emitting event "server update" to job_management [/jobs]
socketio: INFO: emitting event "server update" to job_management [/jobs]
socketio: INFO: emitting event "job update" to 20170509-174352-b07b [/jobs]
socketio: INFO: emitting event "job update" to job_management [/jobs]
digits: INFO: Job deleted.
socketio: INFO: emitting event "job update" to job_management [/jobs]
--------------------- >> end captured logging << ---------------------

======================================================================
FAIL: digits.model.images.generic.test_views.TestTensorflowCreatedCropInForm.test_infer_many_json
----------------------------------------------------------------------
Traceback (most recent call last):
  File "/home/ethan/.local/lib/python2.7/site-packages/nose/case.py", line 197, in runTest
    self.test(*self.arg)
  File "/home/ethan/digits_GAN/digits/model/images/generic/test_views.py", line 675, in test_infer_many_json
    assert rv.status_code == 200, 'POST failed with %s' % rv.status_code
AssertionError: POST failed with 500
-------------------- >> begin captured logging << --------------------
socketio: INFO: emitting event "job update" to job_management [/jobs]
socketio: INFO: emitting event "task update" to 20170509-172342-e0ef [/jobs]
socketio: INFO: emitting event "task update" to 20170509-173108-a6ff [/jobs]
socketio: INFO: emitting event "task update" to 20170509-172725-6a13 [/jobs]
socketio: INFO: emitting event "job update" to 20170509-174355-4996 [/jobs]
socketio: INFO: emitting event "job update" to job_management [/jobs]
socketio: INFO: emitting event "server update" to job_management [/jobs]
socketio: INFO: emitting event "server update" to job_management [/jobs]
socketio: INFO: emitting event "task update" to 20170509-172806-b5bc [/jobs]
digits.webapp: INFO: Infer Model task started.
socketio: INFO: emitting event "task update" to 20170509-174355-4996 [/jobs]
socketio: INFO: emitting event "job update" to 20170509-174355-4996 [/jobs]
socketio: INFO: emitting event "job update" to job_management [/jobs]
digits.webapp: INFO: Task subprocess args: "/usr/bin/python2 /home/ethan/digits_GAN/digits/tools/inference.py /tmp/tmpX3R8Ve/20170509-174355-4996/tmp04ueLM.txt /tmp/tmpX3R8Ve/20170509-174355-4996 20170509-174340-86bb --jobs_dir=/tmp/tmpX3R8Ve --layers=none --gpu=0"
socketio: INFO: emitting event "task update" to 20170509-172227-0156 [/jobs]
socketio: INFO: emitting event "task update" to 20170509-172334-9d18 [/jobs]
socketio: INFO: emitting event "task update" to 20170509-173128-33ce [/jobs]
socketio: INFO: emitting event "task update" to 20170509-172347-b92a [/jobs]
socketio: INFO: emitting event "task update" to 20170509-173326-3e6f [/jobs]
socketio: INFO: emitting event "task update" to 20170509-172315-d38b [/jobs]
socketio: INFO: emitting event "task update" to 20170509-174340-86bb [/jobs]
socketio: INFO: emitting event "task update" to 20170509-172516-8f4b [/jobs]
socketio: INFO: emitting event "task update" to 20170509-172352-bfdd [/jobs]
socketio: INFO: emitting event "task update" to 20170509-172412-e6f0 [/jobs]
socketio: INFO: emitting event "task update" to 20170509-173329-1cea [/jobs]
socketio: INFO: emitting event "task update" to 20170509-173229-c795 [/jobs]
socketio: INFO: emitting event "task update" to 20170509-172202-9230 [/jobs]
socketio: INFO: emitting event "task update" to 20170509-173331-d237 [/jobs]
socketio: INFO: emitting event "task update" to 20170509-172317-7da8 [/jobs]
socketio: INFO: emitting event "task update" to 20170509-173008-ee07 [/jobs]
socketio: INFO: emitting event "task update" to 20170509-172210-1907 [/jobs]
socketio: INFO: emitting event "task update" to 20170509-173333-e98b [/jobs]
socketio: INFO: emitting event "task update" to 20170509-172825-84c5 [/jobs]
socketio: INFO: emitting event "task update" to 20170509-173335-6067 [/jobs]
socketio: INFO: emitting event "task update" to 20170509-172147-4505 [/jobs]
socketio: INFO: emitting event "task update" to 20170509-173337-8532 [/jobs]
socketio: INFO: emitting event "task update" to 20170509-172907-6ffa [/jobs]
socketio: INFO: emitting event "task update" to 20170509-172339-dc52 [/jobs]
socketio: INFO: emitting event "task update" to 20170509-172625-e177 [/jobs]
socketio: INFO: emitting event "task update" to 20170509-173316-5f8a [/jobs]
socketio: INFO: emitting event "task update" to 20170509-173318-416e [/jobs]
socketio: INFO: emitting event "task update" to 20170509-173415-8046 [/jobs]
socketio: INFO: emitting event "task update" to 20170509-173027-0946 [/jobs]
socketio: INFO: emitting event "task update" to 20170509-172218-c9c0 [/jobs]
socketio: INFO: emitting event "task update" to 20170509-172328-6826 [/jobs]
socketio: INFO: emitting event "task update" to 20170509-173403-2593 [/jobs]
socketio: INFO: emitting event "task update" to 20170509-174313-cb2c [/jobs]
socketio: INFO: emitting event "task update" to 20170509-172344-9606 [/jobs]
socketio: INFO: emitting event "task update" to 20170509-172430-a33c [/jobs]
socketio: INFO: emitting event "task update" to 20170509-172605-0fd8 [/jobs]
socketio: INFO: emitting event "task update" to 20170509-172706-cfe6 [/jobs]
socketio: INFO: emitting event "task update" to 20170509-173209-48ad [/jobs]
socketio: INFO: emitting event "task update" to 20170509-173320-66e3 [/jobs]
socketio: INFO: emitting event "task update" to 20170509-172927-67d2 [/jobs]
socketio: INFO: emitting event "task update" to 20170509-173515-e8bf [/jobs]
socketio: INFO: emitting event "task update" to 20170509-172524-d7c0 [/jobs]
socketio: INFO: emitting event "task update" to 20170509-172419-2d22 [/jobs]
socketio: INFO: emitting event "task update" to 20170509-172337-f1aa [/jobs]
socketio: INFO: emitting event "task update" to 20170509-173228-acad [/jobs]
socketio: INFO: emitting event "task update" to 20170509-172350-6fcd [/jobs]
socketio: INFO: emitting event "task update" to 20170509-173357-1ed1 [/jobs]
socketio: INFO: emitting event "task update" to 20170509-172259-8252 [/jobs]
socketio: INFO: emitting event "task update" to 20170509-173322-0807 [/jobs]
socketio: INFO: emitting event "task update" to 20170509-172114-d063 [/jobs]
socketio: INFO: emitting event "task update" to 20170509-172323-89b4 [/jobs]
socketio: INFO: emitting event "task update" to 20170509-173300-0377 [/jobs]
socketio: INFO: emitting event "task update" to 20170509-173245-3417 [/jobs]
socketio: INFO: emitting event "task update" to 20170509-173324-49b0 [/jobs]
socketio: INFO: emitting event "task update" to 20170509-172342-e0ef [/jobs]
socketio: INFO: emitting event "task update" to 20170509-173108-a6ff [/jobs]
socketio: INFO: emitting event "task update" to 20170509-172725-6a13 [/jobs]
socketio: INFO: emitting event "task update" to 20170509-172806-b5bc [/jobs]
socketio: INFO: emitting event "task update" to 20170509-172227-0156 [/jobs]
socketio: INFO: emitting event "task update" to 20170509-172334-9d18 [/jobs]
socketio: INFO: emitting event "task update" to 20170509-173128-33ce [/jobs]
socketio: INFO: emitting event "task update" to 20170509-172347-b92a [/jobs]
socketio: INFO: emitting event "task update" to 20170509-173326-3e6f [/jobs]
socketio: INFO: emitting event "task update" to 20170509-172315-d38b [/jobs]
socketio: INFO: emitting event "task update" to 20170509-174340-86bb [/jobs]
socketio: INFO: emitting event "task update" to 20170509-172516-8f4b [/jobs]
socketio: INFO: emitting event "task update" to 20170509-172352-bfdd [/jobs]
socketio: INFO: emitting event "task update" to 20170509-172412-e6f0 [/jobs]
socketio: INFO: emitting event "task update" to 20170509-173329-1cea [/jobs]
socketio: INFO: emitting event "task update" to 20170509-173229-c795 [/jobs]
socketio: INFO: emitting event "task update" to 20170509-172202-9230 [/jobs]
socketio: INFO: emitting event "task update" to 20170509-173331-d237 [/jobs]
socketio: INFO: emitting event "task update" to 20170509-172317-7da8 [/jobs]
socketio: INFO: emitting event "task update" to 20170509-173008-ee07 [/jobs]
socketio: INFO: emitting event "task update" to 20170509-172210-1907 [/jobs]
socketio: INFO: emitting event "task update" to 20170509-173333-e98b [/jobs]
socketio: INFO: emitting event "task update" to 20170509-172825-84c5 [/jobs]
socketio: INFO: emitting event "task update" to 20170509-173335-6067 [/jobs]
socketio: INFO: emitting event "task update" to 20170509-172147-4505 [/jobs]
socketio: INFO: emitting event "task update" to 20170509-173337-8532 [/jobs]
socketio: INFO: emitting event "task update" to 20170509-172907-6ffa [/jobs]
socketio: INFO: emitting event "task update" to 20170509-172339-dc52 [/jobs]
socketio: INFO: emitting event "task update" to 20170509-172625-e177 [/jobs]
socketio: INFO: emitting event "task update" to 20170509-173316-5f8a [/jobs]
socketio: INFO: emitting event "task update" to 20170509-173318-416e [/jobs]
socketio: INFO: emitting event "task update" to 20170509-173415-8046 [/jobs]
socketio: INFO: emitting event "task update" to 20170509-173027-0946 [/jobs]
socketio: INFO: emitting event "task update" to 20170509-172218-c9c0 [/jobs]
socketio: INFO: emitting event "task update" to 20170509-172328-6826 [/jobs]
socketio: INFO: emitting event "task update" to 20170509-173403-2593 [/jobs]
socketio: INFO: emitting event "task update" to 20170509-174313-cb2c [/jobs]
socketio: INFO: emitting event "task update" to 20170509-172344-9606 [/jobs]
socketio: INFO: emitting event "task update" to 20170509-172430-a33c [/jobs]
socketio: INFO: emitting event "task update" to 20170509-172605-0fd8 [/jobs]
socketio: INFO: emitting event "task update" to 20170509-172706-cfe6 [/jobs]
socketio: INFO: emitting event "task update" to 20170509-173209-48ad [/jobs]
socketio: INFO: emitting event "task update" to 20170509-173320-66e3 [/jobs]
socketio: INFO: emitting event "task update" to 20170509-172927-67d2 [/jobs]
socketio: INFO: emitting event "task update" to 20170509-173515-e8bf [/jobs]
socketio: INFO: emitting event "task update" to 20170509-172524-d7c0 [/jobs]
socketio: INFO: emitting event "task update" to 20170509-172419-2d22 [/jobs]
socketio: INFO: emitting event "task update" to 20170509-172337-f1aa [/jobs]
socketio: INFO: emitting event "task update" to 20170509-173228-acad [/jobs]
socketio: INFO: emitting event "task update" to 20170509-172350-6fcd [/jobs]
socketio: INFO: emitting event "task update" to 20170509-173357-1ed1 [/jobs]
socketio: INFO: emitting event "task update" to 20170509-172259-8252 [/jobs]
socketio: INFO: emitting event "task update" to 20170509-173322-0807 [/jobs]
socketio: INFO: emitting event "task update" to 20170509-172114-d063 [/jobs]
socketio: INFO: emitting event "task update" to 20170509-172323-89b4 [/jobs]
socketio: INFO: emitting event "task update" to 20170509-173300-0377 [/jobs]
socketio: INFO: emitting event "task update" to 20170509-173245-3417 [/jobs]
socketio: INFO: emitting event "task update" to 20170509-173324-49b0 [/jobs]
socketio: INFO: emitting event "task update" to 20170509-172342-e0ef [/jobs]
socketio: INFO: emitting event "task update" to 20170509-173108-a6ff [/jobs]
socketio: INFO: emitting event "task update" to 20170509-172725-6a13 [/jobs]
socketio: INFO: emitting event "task update" to 20170509-172806-b5bc [/jobs]
socketio: INFO: emitting event "task update" to 20170509-172227-0156 [/jobs]
socketio: INFO: emitting event "task update" to 20170509-172334-9d18 [/jobs]
socketio: INFO: emitting event "task update" to 20170509-173128-33ce [/jobs]
socketio: INFO: emitting event "task update" to 20170509-172347-b92a [/jobs]
socketio: INFO: emitting event "task update" to 20170509-173326-3e6f [/jobs]
socketio: INFO: emitting event "task update" to 20170509-172315-d38b [/jobs]
socketio: INFO: emitting event "task update" to 20170509-174340-86bb [/jobs]
socketio: INFO: emitting event "task update" to 20170509-172516-8f4b [/jobs]
socketio: INFO: emitting event "task update" to 20170509-172352-bfdd [/jobs]
socketio: INFO: emitting event "task update" to 20170509-172412-e6f0 [/jobs]
socketio: INFO: emitting event "task update" to 20170509-173329-1cea [/jobs]
socketio: INFO: emitting event "task update" to 20170509-173229-c795 [/jobs]
socketio: INFO: emitting event "task update" to 20170509-172202-9230 [/jobs]
socketio: INFO: emitting event "task update" to 20170509-173331-d237 [/jobs]
socketio: INFO: emitting event "task update" to 20170509-172317-7da8 [/jobs]
socketio: INFO: emitting event "task update" to 20170509-173008-ee07 [/jobs]
socketio: INFO: emitting event "task update" to 20170509-172210-1907 [/jobs]
socketio: INFO: emitting event "task update" to 20170509-173333-e98b [/jobs]
socketio: INFO: emitting event "task update" to 20170509-172825-84c5 [/jobs]
socketio: INFO: emitting event "task update" to 20170509-173335-6067 [/jobs]
socketio: INFO: emitting event "task update" to 20170509-172147-4505 [/jobs]
socketio: INFO: emitting event "task update" to 20170509-173337-8532 [/jobs]
socketio: INFO: emitting event "task update" to 20170509-172907-6ffa [/jobs]
socketio: INFO: emitting event "task update" to 20170509-172339-dc52 [/jobs]
socketio: INFO: emitting event "task update" to 20170509-172625-e177 [/jobs]
socketio: INFO: emitting event "task update" to 20170509-173316-5f8a [/jobs]
socketio: INFO: emitting event "task update" to 20170509-173318-416e [/jobs]
socketio: INFO: emitting event "task update" to 20170509-173415-8046 [/jobs]
socketio: INFO: emitting event "task update" to 20170509-173027-0946 [/jobs]
socketio: INFO: emitting event "task update" to 20170509-172218-c9c0 [/jobs]
socketio: INFO: emitting event "task update" to 20170509-172328-6826 [/jobs]
socketio: INFO: emitting event "task update" to 20170509-173403-2593 [/jobs]
socketio: INFO: emitting event "task update" to 20170509-174313-cb2c [/jobs]
socketio: INFO: emitting event "task update" to 20170509-172344-9606 [/jobs]
socketio: INFO: emitting event "task update" to 20170509-172430-a33c [/jobs]
socketio: INFO: emitting event "task update" to 20170509-172605-0fd8 [/jobs]
socketio: INFO: emitting event "task update" to 20170509-172706-cfe6 [/jobs]
socketio: INFO: emitting event "task update" to 20170509-173209-48ad [/jobs]
socketio: INFO: emitting event "task update" to 20170509-173320-66e3 [/jobs]
socketio: INFO: emitting event "task update" to 20170509-172927-67d2 [/jobs]
socketio: INFO: emitting event "task update" to 20170509-173515-e8bf [/jobs]
socketio: INFO: emitting event "task update" to 20170509-172524-d7c0 [/jobs]
socketio: INFO: emitting event "task update" to 20170509-172419-2d22 [/jobs]
socketio: INFO: emitting event "task update" to 20170509-172337-f1aa [/jobs]
socketio: INFO: emitting event "task update" to 20170509-173228-acad [/jobs]
socketio: INFO: emitting event "task update" to 20170509-172350-6fcd [/jobs]
socketio: INFO: emitting event "task update" to 20170509-173357-1ed1 [/jobs]
socketio: INFO: emitting event "task update" to 20170509-172259-8252 [/jobs]
socketio: INFO: emitting event "task update" to 20170509-173322-0807 [/jobs]
socketio: INFO: emitting event "task update" to 20170509-172114-d063 [/jobs]
socketio: INFO: emitting event "task update" to 20170509-172323-89b4 [/jobs]
digits.webapp: WARNING: Infer Model unrecognized output: WARNING: log_file config option not found - no log file is being saved
digits.webapp: WARNING: Infer Model unrecognized output: 2017-05-09 17:43:58 [ERROR] InferenceError: Unable to find snapshot for epoch=-1.0
digits.webapp: WARNING: Infer Model unrecognized output: Traceback (most recent call last):
digits.webapp: WARNING: Infer Model unrecognized output: File "/home/ethan/digits_GAN/digits/tools/inference.py", line 293, in <module>
digits.webapp: WARNING: Infer Model unrecognized output: args['resize']
digits.webapp: WARNING: Infer Model unrecognized output: File "/home/ethan/digits_GAN/digits/tools/inference.py", line 79, in infer
digits.webapp: WARNING: Infer Model unrecognized output: raise InferenceError("Unable to find snapshot for epoch=%s" % repr(epoch))
digits.webapp: WARNING: Infer Model unrecognized output: digits.inference.errors.InferenceError: 'Unable to find snapshot for epoch=-1.0'
socketio: INFO: emitting event "task update" to 20170509-173300-0377 [/jobs]
socketio: INFO: emitting event "task update" to 20170509-173245-3417 [/jobs]
socketio: INFO: emitting event "task update" to 20170509-173324-49b0 [/jobs]
digits.webapp: ERROR: Infer Model task failed with error code 1
socketio: INFO: emitting event "task update" to 20170509-174355-4996 [/jobs]
socketio: INFO: emitting event "job update" to 20170509-174355-4996 [/jobs]
socketio: INFO: emitting event "job update" to job_management [/jobs]
socketio: INFO: emitting event "server update" to job_management [/jobs]
socketio: INFO: emitting event "server update" to job_management [/jobs]
socketio: INFO: emitting event "job update" to 20170509-174355-4996 [/jobs]
socketio: INFO: emitting event "job update" to job_management [/jobs]
digits: INFO: Job deleted.
socketio: INFO: emitting event "job update" to job_management [/jobs]
--------------------- >> end captured logging << ---------------------

======================================================================
FAIL: digits.model.images.generic.test_views.TestTensorflowCreatedCropInForm.test_infer_one
----------------------------------------------------------------------
Traceback (most recent call last):
  File "/home/ethan/.local/lib/python2.7/site-packages/nose/case.py", line 197, in runTest
    self.test(*self.arg)
  File "/home/ethan/digits_GAN/digits/model/images/generic/test_views.py", line 593, in test_infer_one
    assert rv.status_code == 200, 'POST failed with %s\n\n%s' % (rv.status_code, body)
AssertionError: POST failed with 500

[<body>\n<div class="navbar navbar-inverse navbar-fixed-top">\n<div class="container">\n<div class="navbar-header">\n<a class="navbar-brand" href="/">DIGITS</a>\n</div>\n<ul class="nav navbar-nav">\n<li><a href="/models/20170509-174340-86bb">test_model</a></li>\n<li class="active"><a>Test One</a></li>\n</ul>\n<ul class="nav navbar-nav navbar-right">\n<li>\n<p class="navbar-text">\n            digits-testsuite (<a class="navbar-link" href="/logout">Logout</a>)\n            </p>\n</li>\n<li class="dropdown">\n<a class="dropdown-toggle" data-toggle="dropdown" href="#">Info<span class="caret"></span></a>\n<ul class="dropdown-menu navbar-inverse">\n<li><span class="navbar-text">Server: ethan-computer</span></li>\n<li><span class="navbar-text">DIGITS version: <br> 5.1-dev</br></span></li>\n<li><span class="navbar-text">Caffe version: <br> 0.15.13</br></span></li>\n<li><span class="navbar-text">Caffe flavor: <br> NVIDIA</br></span></li>\n</ul>\n</li>\n<li class="dropdown">\n<a class="dropdown-toggle" data-toggle="dropdown" href="#">About<span class="caret"></span></a>\n<ul class="dropdown-menu about-menu navbar-inverse">\n<li><span class="navbar-text"><a href="https://developer.nvidia.com/digits" target="_blank">\n                        DIGITS on developer.nvidia.com\n                    </a></span></li>\n<li><span class="navbar-text"><a href="https://github.com/NVIDIA/DIGITS" target="_blank">\n                        DIGITS on GitHub\n                    </a></span></li>\n<li><span class="navbar-text"><a href="https://groups.google.com/d/forum/digits-users" target="_blank">\n                        DIGITS user group\n                    </a></span></li>\n<li><span class="navbar-text"><a href="mailto:digits@nvidia.com">\n                        digits@nvidia.com\n                    </a></span></li>\n</ul>\n</li>\n</ul>\n</div>\n</div>\n<div class="container">\n<div class="jumbotron">\n<div class="container">\n<div class="row">\n<div class="col-sm-12" id="show-job-name">\n<h2 style="display:inline;">Infer One Image</h2>\n</div>\n<div class="col-sm-4" id="edit-job-name" style="display:none;">\n<script>\nfunction updateJobName() {\n    var newName = $("input[name=job-name]").val();\n    $.ajax("/jobs/20170509-174358-56cd",\n            {\n                type: "PUT",\n                data: {"job_name": newName}\n                }\n          )\n    .done(function() {\n            $("#show-job-name h2").html(newName);\n            $('#edit-job-name').hide(); $('#show-job-name').show();\n            })\n    .fail(function(data) { errorAlert(data); });\n    return false;\n}\n                </script>\n<input class="form-control" name="job-name" value="Infer One Image"/>\n<a class="btn btn-primary" href="#" onclick="return updateJobName();">Update</a>\n<a class="btn btn-info" href="#" onclick="$('#edit-job-name').hide(); $('#show-job-name').show(); return false;">Cancel</a>\n</div>\n</div>\n<small>Owner: digits-testsuite</small>\n<div class="pull-right">\n<a class="btn btn-info" disabled="" id="clone-job">Clone Job</a>\n<a class="btn btn-warning hidden disabled" id="abort-job">Abort Job</a>\n<a class="btn btn-danger disabled" id="delete-job">Delete Job</a>\n</div>\n</div>\n<script>\n$('#abort-job').on('click', function(event) {\n        event.preventDefault();\n        bootbox.confirm(\n            'Are you sure you want to abort this job?',\n            function(result) {\n                if (result)\n                    $.ajax("/jobs/20170509-174358-56cd/abort",\n                        {type: "POST"})\n                    .done(function() {\n                        $("#abort-job").hide();\n                        })\n                    .fail(function(data) { errorAlert(data); });\n            });\n        });\n\n$('#delete-job').on('click', function(event) {\n        event.preventDefault();\n        bootbox.confirm(\n            'Are you sure you want to delete this job?<br><br>All related files will be permanently removed.',\n            function(result) {\n                if (result)\n                    $.ajax("/jobs/20170509-174358-56cd",\n                        {type: "DELETE"})\n                    .done(function() {\n                        window.location = "/";\n                        })\n                    .fail(function(data) { errorAlert(data); });\n            });\n        });\n    </script>\n</div>\n<div class="row">\n<!-- Job content -->\n<div class="col-sm-8">\n<script src="/static/js/3rdparty/jquery.elevateZoom-3.0.8.min.js?ver=4606b4a4404b87a591d409910710feb1"></script>\n<div class="page-header">\n<h1>\n        test_model\n        <small>\n            Generic Image Model\n        </small>\n</h1>\n</div>\n<div class="row">\n<div class="alert alert-danger">\n<p>Inference failed, see job log</p>\n</div>\n</div>\n</div>\n<!-- Tasks -->\n<div class="col-sm-4">\n<div class="panel-group">\n<div class="panel panel-danger" id="job-statuses">\n<div class="panel-heading">\n<h4 class="panel-title">\n                    Job Status\n                    <small>Error</small>\n</h4>\n</div>\n<div class="panel-collapse">\n<div class="panel-body">\n<div class="job-statuses">\n<ul>\n<li>\n<span class="text-warning">Initialized</span>\n        at 05:43:58 PM\n            <small>(0 seconds)</small>\n</li>\n<li>\n<span class="text-info">Running</span>\n        at 05:43:58 PM\n            <small>(2 seconds)</small>\n</li>\n<li>\n<span class="text-danger">Error</span>\n        at 05:44:01 PM\n            <br>\n<small>(Total - 3 seconds)</small>\n</br></li>\n</ul>\n</div>\n<div class="panel-group">\n<div class="panel panel-danger" id="task-140099414496976-status">\n<div class="panel-heading">\n<h4 class="panel-title">\n<a data-toggle="collapse" href="#task-140099414496976-status-collapse">\n                                            Infer Model\n                                            <small>Error</small>\n<span class="caret"></span>\n</a>\n</h4>\n</div>\n<div class="panel-collapse collapse in" id="task-140099414496976-status-collapse">\n<div class="panel-body">\n<div class="task-progress" style="display:none;">\n<div class="progress">\n<div class="progress-bar" style="width:0%">\n                                                    0%\n                                                </div>\n</div>\n                                            Estimated time remaining: <span class="task-eta">?</span>\n<br/>\n<br/>\n</div>\n<div class="task-statuses">\n<ul>\n<li>\n<span class="text-warning">Initialized</span>\n        at 05:43:58 PM\n            <small>(0 seconds)</small>\n</li>\n<li>\n<span class="text-info">Running</span>\n        at 05:43:58 PM\n            <small>(2 seconds)</small>\n</li>\n<li>\n<span class="text-danger">Error</span>\n        at 05:44:01 PM\n            <br>\n<small>(Total - 2 seconds)</small>\n</br></li>\n</ul>\n<h4 class="text-danger">ERROR: error code 1</h4>\n<pre>\nWARNING: log_file config option not found - no log file is being saved\n2017-05-09 17:44:01 [ERROR] InferenceError: Unable to find snapshot for epoch=-1.0\nTraceback (most recent call last):\nFile "/home/ethan/digits_GAN/digits/tools/inference.py", line 293, in &lt;module&gt;\nargs['resize']\nFile "/home/ethan/digits_GAN/digits/tools/inference.py", line 79, in infer\nraise InferenceError("Unable to find snapshot for epoch=%s" % repr(epoch))\ndigits.inference.errors.InferenceError: 'Unable to find snapshot for epoch=-1.0'\n        </pre>\n</div>\n</div>\n</div>\n</div>\n</div>\n</div>\n</div>\n</div>\n</div>\n<div class="gpu-utilization-info" style="display:none;"></div>\n<!-- Related jobs -->\n<div class="panel panel-default" id="notes-information">\n<div class="panel-heading">\n<h4>Notes</h4>\n</div>\n<div class="panel-body">\n<div class="col-sm-12" id="show-job-notes">\n<p style="display:inline;">None</p>\n</div>\n<div class="col-sm-12" id="edit-job-notes" style="display:none;">\n<script type="text/javascript">\n                        function updateJobNotes() {\n                        var newNotes = $("textarea[name=job-notes]").val();\n                        $.ajax("/jobs/20170509-174358-56cd",\n                                {\n                                    type: "PUT",\n                                    data: {"job_notes": newNotes}\n                                    }\n                              )\n                        .done(function() {\n                                $("#show-job-notes p").html(newNotes);\n                                $('#edit-job-notes').hide(); $('#show-job-notes').show();\n                                })\n                        .fail(function(data) { errorAlert(data); });\n                        return false;\n                    }\n                    </script>\n<textarea class="form-control" name="job-notes" placeholder="Enter notes" rows="5"></textarea>\n<a class="btn btn-primary" href="#" onclick="return updateJobNotes();">Update</a>\n<a class="btn btn-info" href="#" onclick="$('#edit-job-notes').hide(); $('#show-job-notes').show(); return false;">Cancel</a>\n</div>\n</div>\n</div>\n</div>\n</div>\n<div class="row">\n<script type="text/javascript">\n    function drawHistogram(id, data) {\n        c3.generate({\n            bindto: id,\n            size: {height: 200},\n            data: {\n                columns: [\n                    ['Count'].concat(data[0]),\n                    ['Value'].concat(data[1]),\n                ],\n                x: 'Value',\n                type: 'area-spline',\n            },\n            axis: {\n                x: {\n                    label: {\n                        text: 'Value',\n                        position: 'outer-center',\n                    },\n                    tick: {\n                        values: data[2],\n                        format: d3.format('.3g'),\n                    },\n                    padding: {left: 0},\n                },\n                y: {\n                    padding: {bottom: 0},\n                },\n            },\n            bar: {\n               width: {ratio: 0.2}\n            },\n            padding: {left: 20, right: 20},\n            legend: {hide: true},\n        });\n    }\n</script>\n<style>\n    div.histogram .c3-axis-y .tick {\n        display: none;\n    }\n</style>\n</div>\n</div>\n<script>\n$SCRIPT_ROOT = "";\n\n$(".explanation-tooltip").tooltip();\n\nwindow.onload = function () {\n    $('.autocomplete_path').autocomplete({\n       serviceUrl: '/autocomplete/path',\n       formatResult: function (suggestion, currentValue)\n       {\n            function baseName(str)\n            {\n               var base = new String(str).substring(str.lastIndexOf('/') + 1);\n               return base;\n            }\n            return baseName(suggestion.value);\n        },\n        minChars: 0\n    });\n    $(".autocomplete_path").removeAttr("autocomplete");\n};\n\n</script>\n<style>\n .about-menu {\n     width: 240px !important;\n }\n .brightness {\n     display: inline-block;\n }\n .brightness img:hover {\n     opacity: .75;\n }\n</style>\n</body>]
-------------------- >> begin captured logging << --------------------
socketio: INFO: emitting event "job update" to job_management [/jobs]
socketio: INFO: emitting event "task update" to 20170509-172342-e0ef [/jobs]
socketio: INFO: emitting event "task update" to 20170509-173108-a6ff [/jobs]
socketio: INFO: emitting event "task update" to 20170509-172725-6a13 [/jobs]
socketio: INFO: emitting event "task update" to 20170509-172806-b5bc [/jobs]
socketio: INFO: emitting event "job update" to 20170509-174358-56cd [/jobs]
socketio: INFO: emitting event "job update" to job_management [/jobs]
socketio: INFO: emitting event "server update" to job_management [/jobs]
socketio: INFO: emitting event "server update" to job_management [/jobs]
digits.webapp: INFO: Infer Model task started.
socketio: INFO: emitting event "task update" to 20170509-174358-56cd [/jobs]
socketio: INFO: emitting event "job update" to 20170509-174358-56cd [/jobs]
socketio: INFO: emitting event "job update" to job_management [/jobs]
digits.webapp: INFO: Task subprocess args: "/usr/bin/python2 /home/ethan/digits_GAN/digits/tools/inference.py /tmp/tmpX3R8Ve/20170509-174358-56cd/tmpNjh5_h.txt /tmp/tmpX3R8Ve/20170509-174358-56cd 20170509-174340-86bb --jobs_dir=/tmp/tmpX3R8Ve --layers=all --gpu=0"
socketio: INFO: emitting event "task update" to 20170509-172227-0156 [/jobs]
socketio: INFO: emitting event "task update" to 20170509-172334-9d18 [/jobs]
socketio: INFO: emitting event "task update" to 20170509-173128-33ce [/jobs]
socketio: INFO: emitting event "task update" to 20170509-172347-b92a [/jobs]
socketio: INFO: emitting event "task update" to 20170509-173326-3e6f [/jobs]
socketio: INFO: emitting event "task update" to 20170509-172315-d38b [/jobs]
socketio: INFO: emitting event "task update" to 20170509-174340-86bb [/jobs]
socketio: INFO: emitting event "task update" to 20170509-172516-8f4b [/jobs]
socketio: INFO: emitting event "task update" to 20170509-172352-bfdd [/jobs]
socketio: INFO: emitting event "task update" to 20170509-172412-e6f0 [/jobs]
socketio: INFO: emitting event "task update" to 20170509-173329-1cea [/jobs]
socketio: INFO: emitting event "task update" to 20170509-173229-c795 [/jobs]
socketio: INFO: emitting event "task update" to 20170509-172202-9230 [/jobs]
socketio: INFO: emitting event "task update" to 20170509-173331-d237 [/jobs]
socketio: INFO: emitting event "task update" to 20170509-172317-7da8 [/jobs]
socketio: INFO: emitting event "task update" to 20170509-173008-ee07 [/jobs]
socketio: INFO: emitting event "task update" to 20170509-172210-1907 [/jobs]
socketio: INFO: emitting event "task update" to 20170509-173333-e98b [/jobs]
socketio: INFO: emitting event "task update" to 20170509-172825-84c5 [/jobs]
socketio: INFO: emitting event "task update" to 20170509-173335-6067 [/jobs]
socketio: INFO: emitting event "task update" to 20170509-172147-4505 [/jobs]
socketio: INFO: emitting event "task update" to 20170509-173337-8532 [/jobs]
socketio: INFO: emitting event "task update" to 20170509-172907-6ffa [/jobs]
socketio: INFO: emitting event "task update" to 20170509-172339-dc52 [/jobs]
socketio: INFO: emitting event "task update" to 20170509-172625-e177 [/jobs]
socketio: INFO: emitting event "task update" to 20170509-173316-5f8a [/jobs]
socketio: INFO: emitting event "task update" to 20170509-173318-416e [/jobs]
socketio: INFO: emitting event "task update" to 20170509-173415-8046 [/jobs]
socketio: INFO: emitting event "task update" to 20170509-173027-0946 [/jobs]
socketio: INFO: emitting event "task update" to 20170509-172218-c9c0 [/jobs]
socketio: INFO: emitting event "task update" to 20170509-172328-6826 [/jobs]
socketio: INFO: emitting event "task update" to 20170509-173403-2593 [/jobs]
socketio: INFO: emitting event "task update" to 20170509-174313-cb2c [/jobs]
socketio: INFO: emitting event "task update" to 20170509-172344-9606 [/jobs]
socketio: INFO: emitting event "task update" to 20170509-172430-a33c [/jobs]
socketio: INFO: emitting event "task update" to 20170509-172605-0fd8 [/jobs]
socketio: INFO: emitting event "task update" to 20170509-172706-cfe6 [/jobs]
socketio: INFO: emitting event "task update" to 20170509-173209-48ad [/jobs]
socketio: INFO: emitting event "task update" to 20170509-173320-66e3 [/jobs]
socketio: INFO: emitting event "task update" to 20170509-172927-67d2 [/jobs]
socketio: INFO: emitting event "task update" to 20170509-173515-e8bf [/jobs]
socketio: INFO: emitting event "task update" to 20170509-172524-d7c0 [/jobs]
socketio: INFO: emitting event "task update" to 20170509-172419-2d22 [/jobs]
socketio: INFO: emitting event "task update" to 20170509-172337-f1aa [/jobs]
socketio: INFO: emitting event "task update" to 20170509-173228-acad [/jobs]
socketio: INFO: emitting event "task update" to 20170509-172350-6fcd [/jobs]
socketio: INFO: emitting event "task update" to 20170509-173357-1ed1 [/jobs]
socketio: INFO: emitting event "task update" to 20170509-172259-8252 [/jobs]
socketio: INFO: emitting event "task update" to 20170509-173322-0807 [/jobs]
socketio: INFO: emitting event "task update" to 20170509-172114-d063 [/jobs]
socketio: INFO: emitting event "task update" to 20170509-172323-89b4 [/jobs]
socketio: INFO: emitting event "task update" to 20170509-173300-0377 [/jobs]
socketio: INFO: emitting event "task update" to 20170509-173245-3417 [/jobs]
socketio: INFO: emitting event "task update" to 20170509-173324-49b0 [/jobs]
socketio: INFO: emitting event "task update" to 20170509-172342-e0ef [/jobs]
socketio: INFO: emitting event "task update" to 20170509-173108-a6ff [/jobs]
socketio: INFO: emitting event "task update" to 20170509-172725-6a13 [/jobs]
socketio: INFO: emitting event "task update" to 20170509-172806-b5bc [/jobs]
socketio: INFO: emitting event "task update" to 20170509-172227-0156 [/jobs]
socketio: INFO: emitting event "task update" to 20170509-172334-9d18 [/jobs]
socketio: INFO: emitting event "task update" to 20170509-173128-33ce [/jobs]
socketio: INFO: emitting event "task update" to 20170509-172347-b92a [/jobs]
socketio: INFO: emitting event "task update" to 20170509-173326-3e6f [/jobs]
socketio: INFO: emitting event "task update" to 20170509-172315-d38b [/jobs]
socketio: INFO: emitting event "task update" to 20170509-174340-86bb [/jobs]
socketio: INFO: emitting event "task update" to 20170509-172516-8f4b [/jobs]
socketio: INFO: emitting event "task update" to 20170509-172352-bfdd [/jobs]
socketio: INFO: emitting event "task update" to 20170509-172412-e6f0 [/jobs]
socketio: INFO: emitting event "task update" to 20170509-173329-1cea [/jobs]
socketio: INFO: emitting event "task update" to 20170509-173229-c795 [/jobs]
socketio: INFO: emitting event "task update" to 20170509-172202-9230 [/jobs]
socketio: INFO: emitting event "task update" to 20170509-173331-d237 [/jobs]
socketio: INFO: emitting event "task update" to 20170509-172317-7da8 [/jobs]
socketio: INFO: emitting event "task update" to 20170509-173008-ee07 [/jobs]
socketio: INFO: emitting event "task update" to 20170509-172210-1907 [/jobs]
socketio: INFO: emitting event "task update" to 20170509-173333-e98b [/jobs]
socketio: INFO: emitting event "task update" to 20170509-172825-84c5 [/jobs]
socketio: INFO: emitting event "task update" to 20170509-173335-6067 [/jobs]
socketio: INFO: emitting event "task update" to 20170509-172147-4505 [/jobs]
socketio: INFO: emitting event "task update" to 20170509-173337-8532 [/jobs]
socketio: INFO: emitting event "task update" to 20170509-172907-6ffa [/jobs]
socketio: INFO: emitting event "task update" to 20170509-172339-dc52 [/jobs]
socketio: INFO: emitting event "task update" to 20170509-172625-e177 [/jobs]
socketio: INFO: emitting event "task update" to 20170509-173316-5f8a [/jobs]
socketio: INFO: emitting event "task update" to 20170509-173318-416e [/jobs]
socketio: INFO: emitting event "task update" to 20170509-173415-8046 [/jobs]
socketio: INFO: emitting event "task update" to 20170509-173027-0946 [/jobs]
socketio: INFO: emitting event "task update" to 20170509-172218-c9c0 [/jobs]
socketio: INFO: emitting event "task update" to 20170509-172328-6826 [/jobs]
socketio: INFO: emitting event "task update" to 20170509-173403-2593 [/jobs]
socketio: INFO: emitting event "task update" to 20170509-174313-cb2c [/jobs]
socketio: INFO: emitting event "task update" to 20170509-172344-9606 [/jobs]
socketio: INFO: emitting event "task update" to 20170509-172430-a33c [/jobs]
socketio: INFO: emitting event "task update" to 20170509-172605-0fd8 [/jobs]
socketio: INFO: emitting event "task update" to 20170509-172706-cfe6 [/jobs]
socketio: INFO: emitting event "task update" to 20170509-173209-48ad [/jobs]
socketio: INFO: emitting event "task update" to 20170509-173320-66e3 [/jobs]
socketio: INFO: emitting event "task update" to 20170509-172927-67d2 [/jobs]
socketio: INFO: emitting event "task update" to 20170509-173515-e8bf [/jobs]
socketio: INFO: emitting event "task update" to 20170509-172524-d7c0 [/jobs]
socketio: INFO: emitting event "task update" to 20170509-172419-2d22 [/jobs]
socketio: INFO: emitting event "task update" to 20170509-172337-f1aa [/jobs]
socketio: INFO: emitting event "task update" to 20170509-173228-acad [/jobs]
socketio: INFO: emitting event "task update" to 20170509-172350-6fcd [/jobs]
socketio: INFO: emitting event "task update" to 20170509-173357-1ed1 [/jobs]
socketio: INFO: emitting event "task update" to 20170509-172259-8252 [/jobs]
socketio: INFO: emitting event "task update" to 20170509-173322-0807 [/jobs]
socketio: INFO: emitting event "task update" to 20170509-172114-d063 [/jobs]
socketio: INFO: emitting event "task update" to 20170509-172323-89b4 [/jobs]
socketio: INFO: emitting event "task update" to 20170509-173300-0377 [/jobs]
socketio: INFO: emitting event "task update" to 20170509-173245-3417 [/jobs]
socketio: INFO: emitting event "task update" to 20170509-173324-49b0 [/jobs]
socketio: INFO: emitting event "task update" to 20170509-172342-e0ef [/jobs]
socketio: INFO: emitting event "task update" to 20170509-173108-a6ff [/jobs]
socketio: INFO: emitting event "task update" to 20170509-172725-6a13 [/jobs]
socketio: INFO: emitting event "task update" to 20170509-172806-b5bc [/jobs]
socketio: INFO: emitting event "task update" to 20170509-172227-0156 [/jobs]
socketio: INFO: emitting event "task update" to 20170509-172334-9d18 [/jobs]
socketio: INFO: emitting event "task update" to 20170509-173128-33ce [/jobs]
socketio: INFO: emitting event "task update" to 20170509-172347-b92a [/jobs]
socketio: INFO: emitting event "task update" to 20170509-173326-3e6f [/jobs]
socketio: INFO: emitting event "task update" to 20170509-172315-d38b [/jobs]
socketio: INFO: emitting event "task update" to 20170509-174340-86bb [/jobs]
socketio: INFO: emitting event "task update" to 20170509-172516-8f4b [/jobs]
socketio: INFO: emitting event "task update" to 20170509-172352-bfdd [/jobs]
socketio: INFO: emitting event "task update" to 20170509-172412-e6f0 [/jobs]
socketio: INFO: emitting event "task update" to 20170509-173329-1cea [/jobs]
socketio: INFO: emitting event "task update" to 20170509-173229-c795 [/jobs]
socketio: INFO: emitting event "task update" to 20170509-172202-9230 [/jobs]
socketio: INFO: emitting event "task update" to 20170509-173331-d237 [/jobs]
socketio: INFO: emitting event "task update" to 20170509-172317-7da8 [/jobs]
socketio: INFO: emitting event "task update" to 20170509-173008-ee07 [/jobs]
socketio: INFO: emitting event "task update" to 20170509-172210-1907 [/jobs]
socketio: INFO: emitting event "task update" to 20170509-173333-e98b [/jobs]
socketio: INFO: emitting event "task update" to 20170509-172825-84c5 [/jobs]
socketio: INFO: emitting event "task update" to 20170509-173335-6067 [/jobs]
socketio: INFO: emitting event "task update" to 20170509-172147-4505 [/jobs]
socketio: INFO: emitting event "task update" to 20170509-173337-8532 [/jobs]
socketio: INFO: emitting event "task update" to 20170509-172907-6ffa [/jobs]
socketio: INFO: emitting event "task update" to 20170509-172339-dc52 [/jobs]
socketio: INFO: emitting event "task update" to 20170509-172625-e177 [/jobs]
socketio: INFO: emitting event "task update" to 20170509-173316-5f8a [/jobs]
socketio: INFO: emitting event "task update" to 20170509-173318-416e [/jobs]
socketio: INFO: emitting event "task update" to 20170509-173415-8046 [/jobs]
socketio: INFO: emitting event "task update" to 20170509-173027-0946 [/jobs]
socketio: INFO: emitting event "task update" to 20170509-172218-c9c0 [/jobs]
socketio: INFO: emitting event "task update" to 20170509-172328-6826 [/jobs]
socketio: INFO: emitting event "task update" to 20170509-173403-2593 [/jobs]
socketio: INFO: emitting event "task update" to 20170509-174313-cb2c [/jobs]
socketio: INFO: emitting event "task update" to 20170509-172344-9606 [/jobs]
socketio: INFO: emitting event "task update" to 20170509-172430-a33c [/jobs]
socketio: INFO: emitting event "task update" to 20170509-172605-0fd8 [/jobs]
socketio: INFO: emitting event "task update" to 20170509-172706-cfe6 [/jobs]
socketio: INFO: emitting event "task update" to 20170509-173209-48ad [/jobs]
socketio: INFO: emitting event "task update" to 20170509-173320-66e3 [/jobs]
socketio: INFO: emitting event "task update" to 20170509-172927-67d2 [/jobs]
socketio: INFO: emitting event "task update" to 20170509-173515-e8bf [/jobs]
socketio: INFO: emitting event "task update" to 20170509-172524-d7c0 [/jobs]
socketio: INFO: emitting event "task update" to 20170509-172419-2d22 [/jobs]
socketio: INFO: emitting event "task update" to 20170509-172337-f1aa [/jobs]
socketio: INFO: emitting event "task update" to 20170509-173228-acad [/jobs]
socketio: INFO: emitting event "task update" to 20170509-172350-6fcd [/jobs]
socketio: INFO: emitting event "task update" to 20170509-173357-1ed1 [/jobs]
socketio: INFO: emitting event "task update" to 20170509-172259-8252 [/jobs]
socketio: INFO: emitting event "task update" to 20170509-173322-0807 [/jobs]
socketio: INFO: emitting event "task update" to 20170509-172114-d063 [/jobs]
socketio: INFO: emitting event "task update" to 20170509-172323-89b4 [/jobs]
digits.webapp: WARNING: Infer Model unrecognized output: WARNING: log_file config option not found - no log file is being saved
digits.webapp: WARNING: Infer Model unrecognized output: 2017-05-09 17:44:01 [ERROR] InferenceError: Unable to find snapshot for epoch=-1.0
digits.webapp: WARNING: Infer Model unrecognized output: Traceback (most recent call last):
digits.webapp: WARNING: Infer Model unrecognized output: File "/home/ethan/digits_GAN/digits/tools/inference.py", line 293, in <module>
digits.webapp: WARNING: Infer Model unrecognized output: args['resize']
digits.webapp: WARNING: Infer Model unrecognized output: File "/home/ethan/digits_GAN/digits/tools/inference.py", line 79, in infer
digits.webapp: WARNING: Infer Model unrecognized output: raise InferenceError("Unable to find snapshot for epoch=%s" % repr(epoch))
digits.webapp: WARNING: Infer Model unrecognized output: digits.inference.errors.InferenceError: 'Unable to find snapshot for epoch=-1.0'
socketio: INFO: emitting event "task update" to 20170509-173300-0377 [/jobs]
socketio: INFO: emitting event "task update" to 20170509-173245-3417 [/jobs]
socketio: INFO: emitting event "task update" to 20170509-173324-49b0 [/jobs]
digits.webapp: ERROR: Infer Model task failed with error code 1
socketio: INFO: emitting event "task update" to 20170509-174358-56cd [/jobs]
socketio: INFO: emitting event "job update" to 20170509-174358-56cd [/jobs]
socketio: INFO: emitting event "job update" to job_management [/jobs]
socketio: INFO: emitting event "server update" to job_management [/jobs]
socketio: INFO: emitting event "server update" to job_management [/jobs]
socketio: INFO: emitting event "job update" to 20170509-174358-56cd [/jobs]
socketio: INFO: emitting event "job update" to job_management [/jobs]
digits: INFO: Job deleted.
socketio: INFO: emitting event "job update" to job_management [/jobs]
--------------------- >> end captured logging << ---------------------

======================================================================
FAIL: digits.model.images.generic.test_views.TestTensorflowCreatedCropInForm.test_infer_one_json
----------------------------------------------------------------------
Traceback (most recent call last):
  File "/home/ethan/.local/lib/python2.7/site-packages/nose/case.py", line 197, in runTest
    self.test(*self.arg)
  File "/home/ethan/digits_GAN/digits/model/images/generic/test_views.py", line 607, in test_infer_one_json
    assert rv.status_code == 200, 'POST failed with %s' % rv.status_code
AssertionError: POST failed with 500
-------------------- >> begin captured logging << --------------------
socketio: INFO: emitting event "job update" to job_management [/jobs]
socketio: INFO: emitting event "task update" to 20170509-172342-e0ef [/jobs]
socketio: INFO: emitting event "task update" to 20170509-173108-a6ff [/jobs]
socketio: INFO: emitting event "task update" to 20170509-172725-6a13 [/jobs]
socketio: INFO: emitting event "task update" to 20170509-172806-b5bc [/jobs]
socketio: INFO: emitting event "job update" to 20170509-174401-1143 [/jobs]
socketio: INFO: emitting event "job update" to job_management [/jobs]
socketio: INFO: emitting event "server update" to job_management [/jobs]
socketio: INFO: emitting event "server update" to job_management [/jobs]
digits.webapp: INFO: Infer Model task started.
socketio: INFO: emitting event "task update" to 20170509-174401-1143 [/jobs]
socketio: INFO: emitting event "job update" to 20170509-174401-1143 [/jobs]
socketio: INFO: emitting event "job update" to job_management [/jobs]
digits.webapp: INFO: Task subprocess args: "/usr/bin/python2 /home/ethan/digits_GAN/digits/tools/inference.py /tmp/tmpX3R8Ve/20170509-174401-1143/tmpmPEl1s.txt /tmp/tmpX3R8Ve/20170509-174401-1143 20170509-174340-86bb --jobs_dir=/tmp/tmpX3R8Ve --layers=none --gpu=0"
socketio: INFO: emitting event "task update" to 20170509-172227-0156 [/jobs]
socketio: INFO: emitting event "task update" to 20170509-172334-9d18 [/jobs]
socketio: INFO: emitting event "task update" to 20170509-173128-33ce [/jobs]
socketio: INFO: emitting event "task update" to 20170509-172347-b92a [/jobs]
socketio: INFO: emitting event "task update" to 20170509-173326-3e6f [/jobs]
socketio: INFO: emitting event "task update" to 20170509-172315-d38b [/jobs]
socketio: INFO: emitting event "task update" to 20170509-174340-86bb [/jobs]
socketio: INFO: emitting event "task update" to 20170509-172516-8f4b [/jobs]
socketio: INFO: emitting event "task update" to 20170509-172352-bfdd [/jobs]
socketio: INFO: emitting event "task update" to 20170509-172412-e6f0 [/jobs]
socketio: INFO: emitting event "task update" to 20170509-173329-1cea [/jobs]
socketio: INFO: emitting event "task update" to 20170509-173229-c795 [/jobs]
socketio: INFO: emitting event "task update" to 20170509-172202-9230 [/jobs]
socketio: INFO: emitting event "task update" to 20170509-173331-d237 [/jobs]
socketio: INFO: emitting event "task update" to 20170509-172317-7da8 [/jobs]
socketio: INFO: emitting event "task update" to 20170509-173008-ee07 [/jobs]
socketio: INFO: emitting event "task update" to 20170509-172210-1907 [/jobs]
socketio: INFO: emitting event "task update" to 20170509-173333-e98b [/jobs]
socketio: INFO: emitting event "task update" to 20170509-172825-84c5 [/jobs]
socketio: INFO: emitting event "task update" to 20170509-173335-6067 [/jobs]
socketio: INFO: emitting event "task update" to 20170509-172147-4505 [/jobs]
socketio: INFO: emitting event "task update" to 20170509-173337-8532 [/jobs]
socketio: INFO: emitting event "task update" to 20170509-172907-6ffa [/jobs]
socketio: INFO: emitting event "task update" to 20170509-172339-dc52 [/jobs]
socketio: INFO: emitting event "task update" to 20170509-172625-e177 [/jobs]
socketio: INFO: emitting event "task update" to 20170509-173316-5f8a [/jobs]
socketio: INFO: emitting event "task update" to 20170509-173318-416e [/jobs]
socketio: INFO: emitting event "task update" to 20170509-173415-8046 [/jobs]
socketio: INFO: emitting event "task update" to 20170509-173027-0946 [/jobs]
socketio: INFO: emitting event "task update" to 20170509-172218-c9c0 [/jobs]
socketio: INFO: emitting event "task update" to 20170509-172328-6826 [/jobs]
socketio: INFO: emitting event "task update" to 20170509-173403-2593 [/jobs]
socketio: INFO: emitting event "task update" to 20170509-174313-cb2c [/jobs]
socketio: INFO: emitting event "task update" to 20170509-172344-9606 [/jobs]
socketio: INFO: emitting event "task update" to 20170509-172430-a33c [/jobs]
socketio: INFO: emitting event "task update" to 20170509-172605-0fd8 [/jobs]
socketio: INFO: emitting event "task update" to 20170509-172706-cfe6 [/jobs]
socketio: INFO: emitting event "task update" to 20170509-173209-48ad [/jobs]
socketio: INFO: emitting event "task update" to 20170509-173320-66e3 [/jobs]
socketio: INFO: emitting event "task update" to 20170509-172927-67d2 [/jobs]
socketio: INFO: emitting event "task update" to 20170509-173515-e8bf [/jobs]
socketio: INFO: emitting event "task update" to 20170509-172524-d7c0 [/jobs]
socketio: INFO: emitting event "task update" to 20170509-172419-2d22 [/jobs]
socketio: INFO: emitting event "task update" to 20170509-172337-f1aa [/jobs]
socketio: INFO: emitting event "task update" to 20170509-173228-acad [/jobs]
socketio: INFO: emitting event "task update" to 20170509-172350-6fcd [/jobs]
socketio: INFO: emitting event "task update" to 20170509-173357-1ed1 [/jobs]
socketio: INFO: emitting event "task update" to 20170509-172259-8252 [/jobs]
socketio: INFO: emitting event "task update" to 20170509-173322-0807 [/jobs]
socketio: INFO: emitting event "task update" to 20170509-172114-d063 [/jobs]
socketio: INFO: emitting event "task update" to 20170509-172323-89b4 [/jobs]
socketio: INFO: emitting event "task update" to 20170509-173300-0377 [/jobs]
socketio: INFO: emitting event "task update" to 20170509-173245-3417 [/jobs]
socketio: INFO: emitting event "task update" to 20170509-173324-49b0 [/jobs]
socketio: INFO: emitting event "task update" to 20170509-172342-e0ef [/jobs]
socketio: INFO: emitting event "task update" to 20170509-173108-a6ff [/jobs]
socketio: INFO: emitting event "task update" to 20170509-172725-6a13 [/jobs]
socketio: INFO: emitting event "task update" to 20170509-172806-b5bc [/jobs]
socketio: INFO: emitting event "task update" to 20170509-172227-0156 [/jobs]
socketio: INFO: emitting event "task update" to 20170509-172334-9d18 [/jobs]
socketio: INFO: emitting event "task update" to 20170509-173128-33ce [/jobs]
socketio: INFO: emitting event "task update" to 20170509-172347-b92a [/jobs]
socketio: INFO: emitting event "task update" to 20170509-173326-3e6f [/jobs]
socketio: INFO: emitting event "task update" to 20170509-172315-d38b [/jobs]
socketio: INFO: emitting event "task update" to 20170509-174340-86bb [/jobs]
socketio: INFO: emitting event "task update" to 20170509-172516-8f4b [/jobs]
socketio: INFO: emitting event "task update" to 20170509-172352-bfdd [/jobs]
socketio: INFO: emitting event "task update" to 20170509-172412-e6f0 [/jobs]
socketio: INFO: emitting event "task update" to 20170509-173329-1cea [/jobs]
socketio: INFO: emitting event "task update" to 20170509-173229-c795 [/jobs]
socketio: INFO: emitting event "task update" to 20170509-172202-9230 [/jobs]
socketio: INFO: emitting event "task update" to 20170509-173331-d237 [/jobs]
socketio: INFO: emitting event "task update" to 20170509-172317-7da8 [/jobs]
socketio: INFO: emitting event "task update" to 20170509-173008-ee07 [/jobs]
socketio: INFO: emitting event "task update" to 20170509-172210-1907 [/jobs]
socketio: INFO: emitting event "task update" to 20170509-173333-e98b [/jobs]
socketio: INFO: emitting event "task update" to 20170509-172825-84c5 [/jobs]
socketio: INFO: emitting event "task update" to 20170509-173335-6067 [/jobs]
socketio: INFO: emitting event "task update" to 20170509-172147-4505 [/jobs]
socketio: INFO: emitting event "task update" to 20170509-173337-8532 [/jobs]
socketio: INFO: emitting event "task update" to 20170509-172907-6ffa [/jobs]
socketio: INFO: emitting event "task update" to 20170509-172339-dc52 [/jobs]
socketio: INFO: emitting event "task update" to 20170509-172625-e177 [/jobs]
socketio: INFO: emitting event "task update" to 20170509-173316-5f8a [/jobs]
socketio: INFO: emitting event "task update" to 20170509-173318-416e [/jobs]
socketio: INFO: emitting event "task update" to 20170509-173415-8046 [/jobs]
socketio: INFO: emitting event "task update" to 20170509-173027-0946 [/jobs]
socketio: INFO: emitting event "task update" to 20170509-172218-c9c0 [/jobs]
socketio: INFO: emitting event "task update" to 20170509-172328-6826 [/jobs]
socketio: INFO: emitting event "task update" to 20170509-173403-2593 [/jobs]
socketio: INFO: emitting event "task update" to 20170509-174313-cb2c [/jobs]
socketio: INFO: emitting event "task update" to 20170509-172344-9606 [/jobs]
socketio: INFO: emitting event "task update" to 20170509-172430-a33c [/jobs]
socketio: INFO: emitting event "task update" to 20170509-172605-0fd8 [/jobs]
socketio: INFO: emitting event "task update" to 20170509-172706-cfe6 [/jobs]
socketio: INFO: emitting event "task update" to 20170509-173209-48ad [/jobs]
socketio: INFO: emitting event "task update" to 20170509-173320-66e3 [/jobs]
socketio: INFO: emitting event "task update" to 20170509-172927-67d2 [/jobs]
socketio: INFO: emitting event "task update" to 20170509-173515-e8bf [/jobs]
socketio: INFO: emitting event "task update" to 20170509-172524-d7c0 [/jobs]
socketio: INFO: emitting event "task update" to 20170509-172419-2d22 [/jobs]
socketio: INFO: emitting event "task update" to 20170509-172337-f1aa [/jobs]
socketio: INFO: emitting event "task update" to 20170509-173228-acad [/jobs]
socketio: INFO: emitting event "task update" to 20170509-172350-6fcd [/jobs]
socketio: INFO: emitting event "task update" to 20170509-173357-1ed1 [/jobs]
socketio: INFO: emitting event "task update" to 20170509-172259-8252 [/jobs]
socketio: INFO: emitting event "task update" to 20170509-173322-0807 [/jobs]
socketio: INFO: emitting event "task update" to 20170509-172114-d063 [/jobs]
socketio: INFO: emitting event "task update" to 20170509-172323-89b4 [/jobs]
socketio: INFO: emitting event "task update" to 20170509-173300-0377 [/jobs]
socketio: INFO: emitting event "task update" to 20170509-173245-3417 [/jobs]
socketio: INFO: emitting event "task update" to 20170509-173324-49b0 [/jobs]
socketio: INFO: emitting event "task update" to 20170509-172342-e0ef [/jobs]
socketio: INFO: emitting event "task update" to 20170509-173108-a6ff [/jobs]
socketio: INFO: emitting event "task update" to 20170509-172725-6a13 [/jobs]
socketio: INFO: emitting event "task update" to 20170509-172806-b5bc [/jobs]
socketio: INFO: emitting event "task update" to 20170509-172227-0156 [/jobs]
socketio: INFO: emitting event "task update" to 20170509-172334-9d18 [/jobs]
socketio: INFO: emitting event "task update" to 20170509-173128-33ce [/jobs]
socketio: INFO: emitting event "task update" to 20170509-172347-b92a [/jobs]
socketio: INFO: emitting event "task update" to 20170509-173326-3e6f [/jobs]
socketio: INFO: emitting event "task update" to 20170509-172315-d38b [/jobs]
socketio: INFO: emitting event "task update" to 20170509-174340-86bb [/jobs]
socketio: INFO: emitting event "task update" to 20170509-172516-8f4b [/jobs]
socketio: INFO: emitting event "task update" to 20170509-172352-bfdd [/jobs]
socketio: INFO: emitting event "task update" to 20170509-172412-e6f0 [/jobs]
socketio: INFO: emitting event "task update" to 20170509-173329-1cea [/jobs]
socketio: INFO: emitting event "task update" to 20170509-173229-c795 [/jobs]
socketio: INFO: emitting event "task update" to 20170509-172202-9230 [/jobs]
socketio: INFO: emitting event "task update" to 20170509-173331-d237 [/jobs]
socketio: INFO: emitting event "task update" to 20170509-172317-7da8 [/jobs]
socketio: INFO: emitting event "task update" to 20170509-173008-ee07 [/jobs]
socketio: INFO: emitting event "task update" to 20170509-172210-1907 [/jobs]
socketio: INFO: emitting event "task update" to 20170509-173333-e98b [/jobs]
socketio: INFO: emitting event "task update" to 20170509-172825-84c5 [/jobs]
socketio: INFO: emitting event "task update" to 20170509-173335-6067 [/jobs]
socketio: INFO: emitting event "task update" to 20170509-172147-4505 [/jobs]
socketio: INFO: emitting event "task update" to 20170509-173337-8532 [/jobs]
socketio: INFO: emitting event "task update" to 20170509-172907-6ffa [/jobs]
socketio: INFO: emitting event "task update" to 20170509-172339-dc52 [/jobs]
socketio: INFO: emitting event "task update" to 20170509-172625-e177 [/jobs]
socketio: INFO: emitting event "task update" to 20170509-173316-5f8a [/jobs]
socketio: INFO: emitting event "task update" to 20170509-173318-416e [/jobs]
socketio: INFO: emitting event "task update" to 20170509-173415-8046 [/jobs]
socketio: INFO: emitting event "task update" to 20170509-173027-0946 [/jobs]
socketio: INFO: emitting event "task update" to 20170509-172218-c9c0 [/jobs]
socketio: INFO: emitting event "task update" to 20170509-172328-6826 [/jobs]
socketio: INFO: emitting event "task update" to 20170509-173403-2593 [/jobs]
socketio: INFO: emitting event "task update" to 20170509-174313-cb2c [/jobs]
socketio: INFO: emitting event "task update" to 20170509-172344-9606 [/jobs]
socketio: INFO: emitting event "task update" to 20170509-172430-a33c [/jobs]
socketio: INFO: emitting event "task update" to 20170509-172605-0fd8 [/jobs]
socketio: INFO: emitting event "task update" to 20170509-172706-cfe6 [/jobs]
socketio: INFO: emitting event "task update" to 20170509-173209-48ad [/jobs]
socketio: INFO: emitting event "task update" to 20170509-173320-66e3 [/jobs]
socketio: INFO: emitting event "task update" to 20170509-172927-67d2 [/jobs]
socketio: INFO: emitting event "task update" to 20170509-173515-e8bf [/jobs]
socketio: INFO: emitting event "task update" to 20170509-172524-d7c0 [/jobs]
socketio: INFO: emitting event "task update" to 20170509-172419-2d22 [/jobs]
socketio: INFO: emitting event "task update" to 20170509-172337-f1aa [/jobs]
socketio: INFO: emitting event "task update" to 20170509-173228-acad [/jobs]
socketio: INFO: emitting event "task update" to 20170509-172350-6fcd [/jobs]
socketio: INFO: emitting event "task update" to 20170509-173357-1ed1 [/jobs]
socketio: INFO: emitting event "task update" to 20170509-172259-8252 [/jobs]
socketio: INFO: emitting event "task update" to 20170509-173322-0807 [/jobs]
socketio: INFO: emitting event "task update" to 20170509-172114-d063 [/jobs]
socketio: INFO: emitting event "task update" to 20170509-172323-89b4 [/jobs]
digits.webapp: WARNING: Infer Model unrecognized output: WARNING: log_file config option not found - no log file is being saved
digits.webapp: WARNING: Infer Model unrecognized output: 2017-05-09 17:44:04 [ERROR] InferenceError: Unable to find snapshot for epoch=-1.0
digits.webapp: WARNING: Infer Model unrecognized output: Traceback (most recent call last):
digits.webapp: WARNING: Infer Model unrecognized output: File "/home/ethan/digits_GAN/digits/tools/inference.py", line 293, in <module>
digits.webapp: WARNING: Infer Model unrecognized output: args['resize']
digits.webapp: WARNING: Infer Model unrecognized output: File "/home/ethan/digits_GAN/digits/tools/inference.py", line 79, in infer
digits.webapp: WARNING: Infer Model unrecognized output: raise InferenceError("Unable to find snapshot for epoch=%s" % repr(epoch))
digits.webapp: WARNING: Infer Model unrecognized output: digits.inference.errors.InferenceError: 'Unable to find snapshot for epoch=-1.0'
socketio: INFO: emitting event "task update" to 20170509-173300-0377 [/jobs]
socketio: INFO: emitting event "task update" to 20170509-173245-3417 [/jobs]
socketio: INFO: emitting event "task update" to 20170509-173324-49b0 [/jobs]
digits.webapp: ERROR: Infer Model task failed with error code 1
socketio: INFO: emitting event "task update" to 20170509-174401-1143 [/jobs]
socketio: INFO: emitting event "job update" to 20170509-174401-1143 [/jobs]
socketio: INFO: emitting event "job update" to job_management [/jobs]
socketio: INFO: emitting event "server update" to job_management [/jobs]
socketio: INFO: emitting event "server update" to job_management [/jobs]
socketio: INFO: emitting event "job update" to 20170509-174401-1143 [/jobs]
socketio: INFO: emitting event "job update" to job_management [/jobs]
digits: INFO: Job deleted.
socketio: INFO: emitting event "job update" to job_management [/jobs]
--------------------- >> end captured logging << ---------------------

======================================================================
FAIL: digits.model.images.generic.test_views.TestTensorflowCreatedCropInForm.test_model_json
----------------------------------------------------------------------
Traceback (most recent call last):
  File "/home/ethan/.local/lib/python2.7/site-packages/nose/case.py", line 197, in runTest
    self.test(*self.arg)
  File "/home/ethan/digits_GAN/digits/model/images/generic/test_views.py", line 562, in test_model_json
    assert len(content['snapshots']) > 0, 'no snapshots in list'
AssertionError: no snapshots in list

======================================================================
FAIL: digits.model.images.generic.test_views.TestTensorflowCreatedWithGradientDataExtension.test_download('tar',)
----------------------------------------------------------------------
Traceback (most recent call last):
  File "/home/ethan/.local/lib/python2.7/site-packages/nose/case.py", line 197, in runTest
    self.test(*self.arg)
  File "/home/ethan/digits_GAN/digits/model/images/generic/test_views.py", line 544, in check_download
    assert rv.status_code == 200, 'download "%s" failed with %s' % (url, rv.status_code)
AssertionError: download "/models/20170509-174411-45b4/download.tar" failed with 500
-------------------- >> begin captured logging << --------------------
socketio: INFO: emitting event "job update" to job_management [/jobs]
socketio: INFO: emitting event "job update" to 20170509-174404-70b8 [/jobs]
socketio: INFO: emitting event "job update" to job_management [/jobs]
socketio: INFO: emitting event "server update" to job_management [/jobs]
socketio: INFO: emitting event "server update" to job_management [/jobs]
socketio: INFO: emitting event "task update" to 20170509-174404-70b8 [/jobs]
socketio: INFO: emitting event "job update" to 20170509-174404-70b8 [/jobs]
socketio: INFO: emitting event "job update" to job_management [/jobs]
digits.webapp: INFO: Create train_db DB task started.
socketio: INFO: emitting event "task update" to 20170509-174404-70b8 [/jobs]
socketio: INFO: emitting event "job update" to 20170509-174404-70b8 [/jobs]
socketio: INFO: emitting event "job update" to job_management [/jobs]
digits.webapp: INFO: Task subprocess args: "/usr/bin/python2 /home/ethan/digits_GAN/digits/tools/create_generic_db.py 20170509-174404-70b8 --stage=train_db --jobs_dir=/tmp/tmpX3R8Ve"
digits.webapp: INFO: Create val_db DB task started.
socketio: INFO: emitting event "task update" to 20170509-174404-70b8 [/jobs]
socketio: INFO: emitting event "job update" to 20170509-174404-70b8 [/jobs]
socketio: INFO: emitting event "job update" to job_management [/jobs]
digits.webapp: INFO: Task subprocess args: "/usr/bin/python2 /home/ethan/digits_GAN/digits/tools/create_generic_db.py 20170509-174404-70b8 --stage=val_db --jobs_dir=/tmp/tmpX3R8Ve"
socketio: INFO: emitting event "task update" to 20170509-172342-e0ef [/jobs]
socketio: INFO: emitting event "task update" to 20170509-173108-a6ff [/jobs]
socketio: INFO: emitting event "task update" to 20170509-172725-6a13 [/jobs]
socketio: INFO: emitting event "task update" to 20170509-172806-b5bc [/jobs]
socketio: INFO: emitting event "task update" to 20170509-172227-0156 [/jobs]
socketio: INFO: emitting event "task update" to 20170509-172334-9d18 [/jobs]
socketio: INFO: emitting event "task update" to 20170509-173128-33ce [/jobs]
socketio: INFO: emitting event "task update" to 20170509-172347-b92a [/jobs]
socketio: INFO: emitting event "task update" to 20170509-173326-3e6f [/jobs]
socketio: INFO: emitting event "task update" to 20170509-172315-d38b [/jobs]
socketio: INFO: emitting event "task update" to 20170509-174340-86bb [/jobs]
socketio: INFO: emitting event "task update" to 20170509-172516-8f4b [/jobs]
socketio: INFO: emitting event "task update" to 20170509-172352-bfdd [/jobs]
socketio: INFO: emitting event "task update" to 20170509-172412-e6f0 [/jobs]
socketio: INFO: emitting event "task update" to 20170509-173329-1cea [/jobs]
socketio: INFO: emitting event "task update" to 20170509-173229-c795 [/jobs]
socketio: INFO: emitting event "task update" to 20170509-172202-9230 [/jobs]
socketio: INFO: emitting event "task update" to 20170509-173331-d237 [/jobs]
socketio: INFO: emitting event "task update" to 20170509-172317-7da8 [/jobs]
socketio: INFO: emitting event "task update" to 20170509-173008-ee07 [/jobs]
socketio: INFO: emitting event "task update" to 20170509-172210-1907 [/jobs]
socketio: INFO: emitting event "task update" to 20170509-173333-e98b [/jobs]
socketio: INFO: emitting event "task update" to 20170509-172825-84c5 [/jobs]
socketio: INFO: emitting event "task update" to 20170509-173335-6067 [/jobs]
socketio: INFO: emitting event "task update" to 20170509-172147-4505 [/jobs]
socketio: INFO: emitting event "task update" to 20170509-173337-8532 [/jobs]
socketio: INFO: emitting event "task update" to 20170509-172907-6ffa [/jobs]
socketio: INFO: emitting event "task update" to 20170509-172339-dc52 [/jobs]
socketio: INFO: emitting event "task update" to 20170509-172625-e177 [/jobs]
socketio: INFO: emitting event "task update" to 20170509-173316-5f8a [/jobs]
socketio: INFO: emitting event "task update" to 20170509-173318-416e [/jobs]
socketio: INFO: emitting event "task update" to 20170509-173415-8046 [/jobs]
socketio: INFO: emitting event "task update" to 20170509-173027-0946 [/jobs]
socketio: INFO: emitting event "task update" to 20170509-172218-c9c0 [/jobs]
socketio: INFO: emitting event "task update" to 20170509-172328-6826 [/jobs]
socketio: INFO: emitting event "task update" to 20170509-173403-2593 [/jobs]
socketio: INFO: emitting event "task update" to 20170509-174313-cb2c [/jobs]
socketio: INFO: emitting event "task update" to 20170509-172344-9606 [/jobs]
socketio: INFO: emitting event "task update" to 20170509-172430-a33c [/jobs]
socketio: INFO: emitting event "task update" to 20170509-172605-0fd8 [/jobs]
socketio: INFO: emitting event "task update" to 20170509-172706-cfe6 [/jobs]
socketio: INFO: emitting event "task update" to 20170509-173209-48ad [/jobs]
socketio: INFO: emitting event "task update" to 20170509-173320-66e3 [/jobs]
socketio: INFO: emitting event "task update" to 20170509-172927-67d2 [/jobs]
socketio: INFO: emitting event "task update" to 20170509-173515-e8bf [/jobs]
socketio: INFO: emitting event "task update" to 20170509-172524-d7c0 [/jobs]
socketio: INFO: emitting event "task update" to 20170509-172419-2d22 [/jobs]
socketio: INFO: emitting event "task update" to 20170509-172337-f1aa [/jobs]
socketio: INFO: emitting event "task update" to 20170509-173228-acad [/jobs]
socketio: INFO: emitting event "task update" to 20170509-172350-6fcd [/jobs]
socketio: INFO: emitting event "task update" to 20170509-173357-1ed1 [/jobs]
socketio: INFO: emitting event "task update" to 20170509-172259-8252 [/jobs]
socketio: INFO: emitting event "task update" to 20170509-173322-0807 [/jobs]
socketio: INFO: emitting event "task update" to 20170509-172114-d063 [/jobs]
socketio: INFO: emitting event "task update" to 20170509-172323-89b4 [/jobs]
socketio: INFO: emitting event "task update" to 20170509-173300-0377 [/jobs]
socketio: INFO: emitting event "task update" to 20170509-173245-3417 [/jobs]
socketio: INFO: emitting event "task update" to 20170509-173324-49b0 [/jobs]
socketio: INFO: emitting event "task update" to 20170509-172342-e0ef [/jobs]
socketio: INFO: emitting event "task update" to 20170509-173108-a6ff [/jobs]
socketio: INFO: emitting event "task update" to 20170509-172725-6a13 [/jobs]
socketio: INFO: emitting event "task update" to 20170509-172806-b5bc [/jobs]
socketio: INFO: emitting event "task update" to 20170509-172227-0156 [/jobs]
socketio: INFO: emitting event "task update" to 20170509-172334-9d18 [/jobs]
socketio: INFO: emitting event "task update" to 20170509-173128-33ce [/jobs]
socketio: INFO: emitting event "task update" to 20170509-172347-b92a [/jobs]
socketio: INFO: emitting event "task update" to 20170509-173326-3e6f [/jobs]
socketio: INFO: emitting event "task update" to 20170509-172315-d38b [/jobs]
socketio: INFO: emitting event "task update" to 20170509-174340-86bb [/jobs]
socketio: INFO: emitting event "task update" to 20170509-172516-8f4b [/jobs]
socketio: INFO: emitting event "task update" to 20170509-172352-bfdd [/jobs]
socketio: INFO: emitting event "task update" to 20170509-172412-e6f0 [/jobs]
socketio: INFO: emitting event "task update" to 20170509-173329-1cea [/jobs]
socketio: INFO: emitting event "task update" to 20170509-173229-c795 [/jobs]
socketio: INFO: emitting event "task update" to 20170509-172202-9230 [/jobs]
socketio: INFO: emitting event "task update" to 20170509-173331-d237 [/jobs]
socketio: INFO: emitting event "task update" to 20170509-172317-7da8 [/jobs]
socketio: INFO: emitting event "task update" to 20170509-173008-ee07 [/jobs]
socketio: INFO: emitting event "task update" to 20170509-172210-1907 [/jobs]
socketio: INFO: emitting event "task update" to 20170509-173333-e98b [/jobs]
socketio: INFO: emitting event "task update" to 20170509-172825-84c5 [/jobs]
socketio: INFO: emitting event "task update" to 20170509-173335-6067 [/jobs]
socketio: INFO: emitting event "task update" to 20170509-172147-4505 [/jobs]
socketio: INFO: emitting event "task update" to 20170509-173337-8532 [/jobs]
socketio: INFO: emitting event "task update" to 20170509-172907-6ffa [/jobs]
socketio: INFO: emitting event "task update" to 20170509-172339-dc52 [/jobs]
socketio: INFO: emitting event "task update" to 20170509-172625-e177 [/jobs]
socketio: INFO: emitting event "task update" to 20170509-173316-5f8a [/jobs]
socketio: INFO: emitting event "task update" to 20170509-173318-416e [/jobs]
socketio: INFO: emitting event "task update" to 20170509-173415-8046 [/jobs]
socketio: INFO: emitting event "task update" to 20170509-173027-0946 [/jobs]
socketio: INFO: emitting event "task update" to 20170509-172218-c9c0 [/jobs]
socketio: INFO: emitting event "task update" to 20170509-172328-6826 [/jobs]
socketio: INFO: emitting event "task update" to 20170509-173403-2593 [/jobs]
socketio: INFO: emitting event "task update" to 20170509-174313-cb2c [/jobs]
socketio: INFO: emitting event "task update" to 20170509-172344-9606 [/jobs]
socketio: INFO: emitting event "task update" to 20170509-172430-a33c [/jobs]
socketio: INFO: emitting event "task update" to 20170509-172605-0fd8 [/jobs]
socketio: INFO: emitting event "task update" to 20170509-172706-cfe6 [/jobs]
socketio: INFO: emitting event "task update" to 20170509-173209-48ad [/jobs]
socketio: INFO: emitting event "task update" to 20170509-173320-66e3 [/jobs]
socketio: INFO: emitting event "task update" to 20170509-172927-67d2 [/jobs]
socketio: INFO: emitting event "task update" to 20170509-173515-e8bf [/jobs]
socketio: INFO: emitting event "task update" to 20170509-172524-d7c0 [/jobs]
socketio: INFO: emitting event "task update" to 20170509-172419-2d22 [/jobs]
socketio: INFO: emitting event "task update" to 20170509-172337-f1aa [/jobs]
socketio: INFO: emitting event "task update" to 20170509-173228-acad [/jobs]
socketio: INFO: emitting event "task update" to 20170509-172350-6fcd [/jobs]
socketio: INFO: emitting event "task update" to 20170509-173357-1ed1 [/jobs]
socketio: INFO: emitting event "task update" to 20170509-172259-8252 [/jobs]
socketio: INFO: emitting event "task update" to 20170509-173322-0807 [/jobs]
socketio: INFO: emitting event "task update" to 20170509-172114-d063 [/jobs]
socketio: INFO: emitting event "task update" to 20170509-172323-89b4 [/jobs]
socketio: INFO: emitting event "task update" to 20170509-173300-0377 [/jobs]
socketio: INFO: emitting event "task update" to 20170509-173245-3417 [/jobs]
socketio: INFO: emitting event "task update" to 20170509-173324-49b0 [/jobs]
socketio: INFO: emitting event "task update" to 20170509-172342-e0ef [/jobs]
socketio: INFO: emitting event "task update" to 20170509-173108-a6ff [/jobs]
socketio: INFO: emitting event "task update" to 20170509-172725-6a13 [/jobs]
socketio: INFO: emitting event "task update" to 20170509-172806-b5bc [/jobs]
socketio: INFO: emitting event "task update" to 20170509-172227-0156 [/jobs]
socketio: INFO: emitting event "task update" to 20170509-172334-9d18 [/jobs]
socketio: INFO: emitting event "task update" to 20170509-173128-33ce [/jobs]
socketio: INFO: emitting event "task update" to 20170509-172347-b92a [/jobs]
socketio: INFO: emitting event "task update" to 20170509-173326-3e6f [/jobs]
socketio: INFO: emitting event "task update" to 20170509-172315-d38b [/jobs]
socketio: INFO: emitting event "task update" to 20170509-174340-86bb [/jobs]
socketio: INFO: emitting event "task update" to 20170509-172516-8f4b [/jobs]
socketio: INFO: emitting event "task update" to 20170509-172352-bfdd [/jobs]
socketio: INFO: emitting event "task update" to 20170509-172412-e6f0 [/jobs]
socketio: INFO: emitting event "task update" to 20170509-173329-1cea [/jobs]
socketio: INFO: emitting event "task update" to 20170509-173229-c795 [/jobs]
socketio: INFO: emitting event "task update" to 20170509-172202-9230 [/jobs]
socketio: INFO: emitting event "task update" to 20170509-173331-d237 [/jobs]
socketio: INFO: emitting event "task update" to 20170509-172317-7da8 [/jobs]
socketio: INFO: emitting event "task update" to 20170509-173008-ee07 [/jobs]
socketio: INFO: emitting event "task update" to 20170509-172210-1907 [/jobs]
socketio: INFO: emitting event "task update" to 20170509-173333-e98b [/jobs]
socketio: INFO: emitting event "task update" to 20170509-172825-84c5 [/jobs]
socketio: INFO: emitting event "task update" to 20170509-173335-6067 [/jobs]
socketio: INFO: emitting event "task update" to 20170509-172147-4505 [/jobs]
socketio: INFO: emitting event "task update" to 20170509-173337-8532 [/jobs]
socketio: INFO: emitting event "task update" to 20170509-172907-6ffa [/jobs]
socketio: INFO: emitting event "task update" to 20170509-172339-dc52 [/jobs]
socketio: INFO: emitting event "task update" to 20170509-172625-e177 [/jobs]
socketio: INFO: emitting event "task update" to 20170509-173316-5f8a [/jobs]
socketio: INFO: emitting event "task update" to 20170509-173318-416e [/jobs]
socketio: INFO: emitting event "task update" to 20170509-173415-8046 [/jobs]
socketio: INFO: emitting event "task update" to 20170509-173027-0946 [/jobs]
socketio: INFO: emitting event "task update" to 20170509-172218-c9c0 [/jobs]
socketio: INFO: emitting event "task update" to 20170509-172328-6826 [/jobs]
socketio: INFO: emitting event "task update" to 20170509-173403-2593 [/jobs]
socketio: INFO: emitting event "task update" to 20170509-174313-cb2c [/jobs]
socketio: INFO: emitting event "task update" to 20170509-172344-9606 [/jobs]
socketio: INFO: emitting event "task update" to 20170509-172430-a33c [/jobs]
socketio: INFO: emitting event "task update" to 20170509-172605-0fd8 [/jobs]
socketio: INFO: emitting event "task update" to 20170509-172706-cfe6 [/jobs]
socketio: INFO: emitting event "task update" to 20170509-173209-48ad [/jobs]
socketio: INFO: emitting event "task update" to 20170509-173320-66e3 [/jobs]
socketio: INFO: emitting event "task update" to 20170509-172927-67d2 [/jobs]
socketio: INFO: emitting event "task update" to 20170509-173515-e8bf [/jobs]
socketio: INFO: emitting event "task update" to 20170509-172524-d7c0 [/jobs]
socketio: INFO: emitting event "task update" to 20170509-172419-2d22 [/jobs]
socketio: INFO: emitting event "task update" to 20170509-172337-f1aa [/jobs]
socketio: INFO: emitting event "task update" to 20170509-173228-acad [/jobs]
socketio: INFO: emitting event "task update" to 20170509-172350-6fcd [/jobs]
socketio: INFO: emitting event "task update" to 20170509-173357-1ed1 [/jobs]
socketio: INFO: emitting event "task update" to 20170509-172259-8252 [/jobs]
socketio: INFO: emitting event "task update" to 20170509-173322-0807 [/jobs]
socketio: INFO: emitting event "task update" to 20170509-172114-d063 [/jobs]
socketio: INFO: emitting event "task update" to 20170509-172323-89b4 [/jobs]
socketio: INFO: emitting event "task update" to 20170509-173300-0377 [/jobs]
digits.webapp: WARNING: Create val_db DB unrecognized output: WARNING: log_file config option not found - no log file is being saved
socketio: INFO: emitting event "task update" to 20170509-173245-3417 [/jobs]
socketio: INFO: emitting event "task update" to 20170509-173324-49b0 [/jobs]
digits.webapp: WARNING: Create train_db DB unrecognized output: WARNING: log_file config option not found - no log file is being saved
socketio: INFO: emitting event "task update" to 20170509-174404-70b8 [/jobs]
socketio: INFO: emitting event "job update" to job_management [/jobs]
socketio: INFO: emitting event "task update" to 20170509-174404-70b8 [/jobs]
socketio: INFO: emitting event "job update" to job_management [/jobs]
socketio: INFO: emitting event "task update" to 20170509-174404-70b8 [/jobs]
socketio: INFO: emitting event "job update" to job_management [/jobs]
socketio: INFO: emitting event "task update" to 20170509-174404-70b8 [/jobs]
socketio: INFO: emitting event "job update" to job_management [/jobs]
socketio: INFO: emitting event "task update" to 20170509-174404-70b8 [/jobs]
socketio: INFO: emitting event "job update" to job_management [/jobs]
socketio: INFO: emitting event "task update" to 20170509-174404-70b8 [/jobs]
socketio: INFO: emitting event "job update" to job_management [/jobs]
socketio: INFO: emitting event "task update" to 20170509-172342-e0ef [/jobs]
socketio: INFO: emitting event "task update" to 20170509-173108-a6ff [/jobs]
socketio: INFO: emitting event "task update" to 20170509-172725-6a13 [/jobs]
socketio: INFO: emitting event "task update" to 20170509-172806-b5bc [/jobs]
socketio: INFO: emitting event "task update" to 20170509-172227-0156 [/jobs]
socketio: INFO: emitting event "task update" to 20170509-172334-9d18 [/jobs]
socketio: INFO: emitting event "task update" to 20170509-173128-33ce [/jobs]
socketio: INFO: emitting event "task update" to 20170509-174404-70b8 [/jobs]
socketio: INFO: emitting event "job update" to job_management [/jobs]
socketio: INFO: emitting event "task update" to 20170509-174404-70b8 [/jobs]
socketio: INFO: emitting event "job update" to job_management [/jobs]
socketio: INFO: emitting event "task update" to 20170509-174404-70b8 [/jobs]
socketio: INFO: emitting event "job update" to job_management [/jobs]
socketio: INFO: emitting event "task update" to 20170509-174404-70b8 [/jobs]
socketio: INFO: emitting event "job update" to job_management [/jobs]
socketio: INFO: emitting event "task update" to 20170509-174404-70b8 [/jobs]
socketio: INFO: emitting event "job update" to job_management [/jobs]
socketio: INFO: emitting event "task update" to 20170509-174404-70b8 [/jobs]
socketio: INFO: emitting event "job update" to job_management [/jobs]
socketio: INFO: emitting event "task update" to 20170509-172347-b92a [/jobs]
socketio: INFO: emitting event "task update" to 20170509-173326-3e6f [/jobs]
socketio: INFO: emitting event "task update" to 20170509-172315-d38b [/jobs]
socketio: INFO: emitting event "task update" to 20170509-174404-70b8 [/jobs]
socketio: INFO: emitting event "job update" to job_management [/jobs]
socketio: INFO: emitting event "task update" to 20170509-174404-70b8 [/jobs]
socketio: INFO: emitting event "job update" to job_management [/jobs]
socketio: INFO: emitting event "task update" to 20170509-174404-70b8 [/jobs]
socketio: INFO: emitting event "job update" to job_management [/jobs]
socketio: INFO: emitting event "task update" to 20170509-174404-70b8 [/jobs]
socketio: INFO: emitting event "job update" to job_management [/jobs]
socketio: INFO: emitting event "task update" to 20170509-174404-70b8 [/jobs]
socketio: INFO: emitting event "job update" to job_management [/jobs]
socketio: INFO: emitting event "task update" to 20170509-174340-86bb [/jobs]
socketio: INFO: emitting event "task update" to 20170509-172516-8f4b [/jobs]
socketio: INFO: emitting event "task update" to 20170509-172352-bfdd [/jobs]
socketio: INFO: emitting event "task update" to 20170509-172412-e6f0 [/jobs]
socketio: INFO: emitting event "task update" to 20170509-174404-70b8 [/jobs]
socketio: INFO: emitting event "job update" to job_management [/jobs]
socketio: INFO: emitting event "task update" to 20170509-174404-70b8 [/jobs]
socketio: INFO: emitting event "job update" to job_management [/jobs]
socketio: INFO: emitting event "task update" to 20170509-174404-70b8 [/jobs]
socketio: INFO: emitting event "job update" to job_management [/jobs]
socketio: INFO: emitting event "task update" to 20170509-174404-70b8 [/jobs]
socketio: INFO: emitting event "job update" to job_management [/jobs]
socketio: INFO: emitting event "task update" to 20170509-173329-1cea [/jobs]
digits.webapp: WARNING: Create val_db DB unrecognized output: 2017-05-09 17:44:07 [INFO ] Generic DB creation Done
socketio: INFO: emitting event "task update" to 20170509-173229-c795 [/jobs]
socketio: INFO: emitting event "task update" to 20170509-172202-9230 [/jobs]
socketio: INFO: emitting event "task update" to 20170509-173331-d237 [/jobs]
socketio: INFO: emitting event "task update" to 20170509-172317-7da8 [/jobs]
socketio: INFO: emitting event "task update" to 20170509-173008-ee07 [/jobs]
socketio: INFO: emitting event "task update" to 20170509-172210-1907 [/jobs]
socketio: INFO: emitting event "task update" to 20170509-173333-e98b [/jobs]
socketio: INFO: emitting event "task update" to 20170509-172825-84c5 [/jobs]
socketio: INFO: emitting event "task update" to 20170509-173335-6067 [/jobs]
socketio: INFO: emitting event "task update" to 20170509-174404-70b8 [/jobs]
socketio: INFO: emitting event "job update" to job_management [/jobs]
socketio: INFO: emitting event "task update" to 20170509-174404-70b8 [/jobs]
socketio: INFO: emitting event "job update" to job_management [/jobs]
socketio: INFO: emitting event "task update" to 20170509-174404-70b8 [/jobs]
socketio: INFO: emitting event "job update" to job_management [/jobs]
socketio: INFO: emitting event "task update" to 20170509-174404-70b8 [/jobs]
socketio: INFO: emitting event "job update" to job_management [/jobs]
socketio: INFO: emitting event "task update" to 20170509-174404-70b8 [/jobs]
socketio: INFO: emitting event "job update" to job_management [/jobs]
socketio: INFO: emitting event "task update" to 20170509-172147-4505 [/jobs]
socketio: INFO: emitting event "task update" to 20170509-173337-8532 [/jobs]
socketio: INFO: emitting event "task update" to 20170509-172907-6ffa [/jobs]
socketio: INFO: emitting event "task update" to 20170509-172339-dc52 [/jobs]
socketio: INFO: emitting event "task update" to 20170509-172625-e177 [/jobs]
socketio: INFO: emitting event "task update" to 20170509-173316-5f8a [/jobs]
socketio: INFO: emitting event "task update" to 20170509-173318-416e [/jobs]
socketio: INFO: emitting event "task update" to 20170509-173415-8046 [/jobs]
socketio: INFO: emitting event "task update" to 20170509-173027-0946 [/jobs]
socketio: INFO: emitting event "task update" to 20170509-172218-c9c0 [/jobs]
socketio: INFO: emitting event "task update" to 20170509-172328-6826 [/jobs]
socketio: INFO: emitting event "task update" to 20170509-173403-2593 [/jobs]
socketio: INFO: emitting event "task update" to 20170509-174313-cb2c [/jobs]
socketio: INFO: emitting event "task update" to 20170509-172344-9606 [/jobs]
socketio: INFO: emitting event "task update" to 20170509-172430-a33c [/jobs]
socketio: INFO: emitting event "task update" to 20170509-172605-0fd8 [/jobs]
socketio: INFO: emitting event "task update" to 20170509-174404-70b8 [/jobs]
socketio: INFO: emitting event "job update" to job_management [/jobs]
socketio: INFO: emitting event "task update" to 20170509-174404-70b8 [/jobs]
socketio: INFO: emitting event "job update" to job_management [/jobs]
socketio: INFO: emitting event "task update" to 20170509-174404-70b8 [/jobs]
socketio: INFO: emitting event "job update" to job_management [/jobs]
socketio: INFO: emitting event "task update" to 20170509-174404-70b8 [/jobs]
socketio: INFO: emitting event "job update" to job_management [/jobs]
socketio: INFO: emitting event "task update" to 20170509-174404-70b8 [/jobs]
socketio: INFO: emitting event "job update" to job_management [/jobs]
socketio: INFO: emitting event "task update" to 20170509-174404-70b8 [/jobs]
socketio: INFO: emitting event "job update" to job_management [/jobs]
socketio: INFO: emitting event "task update" to 20170509-174404-70b8 [/jobs]
socketio: INFO: emitting event "job update" to job_management [/jobs]
socketio: INFO: emitting event "task update" to 20170509-174404-70b8 [/jobs]
socketio: INFO: emitting event "job update" to job_management [/jobs]
socketio: INFO: emitting event "task update" to 20170509-172706-cfe6 [/jobs]
socketio: INFO: emitting event "task update" to 20170509-173209-48ad [/jobs]
socketio: INFO: emitting event "task update" to 20170509-173320-66e3 [/jobs]
socketio: INFO: emitting event "task update" to 20170509-172927-67d2 [/jobs]
socketio: INFO: emitting event "task update" to 20170509-173515-e8bf [/jobs]
digits.webapp: INFO: Create val_db DB task completed.
socketio: INFO: emitting event "task update" to 20170509-174404-70b8 [/jobs]
socketio: INFO: emitting event "job update" to job_management [/jobs]
socketio: INFO: emitting event "task update" to 20170509-174404-70b8 [/jobs]
socketio: INFO: emitting event "job update" to 20170509-174404-70b8 [/jobs]
socketio: INFO: emitting event "job update" to job_management [/jobs]
socketio: INFO: emitting event "server update" to job_management [/jobs]
socketio: INFO: emitting event "task update" to 20170509-172524-d7c0 [/jobs]
socketio: INFO: emitting event "task update" to 20170509-174404-70b8 [/jobs]
socketio: INFO: emitting event "job update" to job_management [/jobs]
socketio: INFO: emitting event "task update" to 20170509-174404-70b8 [/jobs]
socketio: INFO: emitting event "job update" to job_management [/jobs]
socketio: INFO: emitting event "task update" to 20170509-174404-70b8 [/jobs]
socketio: INFO: emitting event "job update" to job_management [/jobs]
socketio: INFO: emitting event "task update" to 20170509-174404-70b8 [/jobs]
socketio: INFO: emitting event "job update" to job_management [/jobs]
socketio: INFO: emitting event "task update" to 20170509-174404-70b8 [/jobs]
socketio: INFO: emitting event "job update" to job_management [/jobs]
socketio: INFO: emitting event "task update" to 20170509-174404-70b8 [/jobs]
socketio: INFO: emitting event "job update" to job_management [/jobs]
socketio: INFO: emitting event "server update" to job_management [/jobs]
digits.webapp: INFO: Create test_db DB task started.
socketio: INFO: emitting event "task update" to 20170509-174404-70b8 [/jobs]
socketio: INFO: emitting event "job update" to 20170509-174404-70b8 [/jobs]
socketio: INFO: emitting event "job update" to job_management [/jobs]
digits.webapp: INFO: Task subprocess args: "/usr/bin/python2 /home/ethan/digits_GAN/digits/tools/create_generic_db.py 20170509-174404-70b8 --stage=test_db --jobs_dir=/tmp/tmpX3R8Ve"
socketio: INFO: emitting event "task update" to 20170509-172419-2d22 [/jobs]
socketio: INFO: emitting event "task update" to 20170509-172337-f1aa [/jobs]
socketio: INFO: emitting event "task update" to 20170509-173228-acad [/jobs]
socketio: INFO: emitting event "task update" to 20170509-172350-6fcd [/jobs]
digits.webapp: WARNING: Create train_db DB unrecognized output: 2017-05-09 17:44:08 [INFO ] Generic DB creation Done
socketio: INFO: emitting event "task update" to 20170509-173357-1ed1 [/jobs]
socketio: INFO: emitting event "task update" to 20170509-172259-8252 [/jobs]
socketio: INFO: emitting event "task update" to 20170509-173322-0807 [/jobs]
socketio: INFO: emitting event "task update" to 20170509-172114-d063 [/jobs]
socketio: INFO: emitting event "task update" to 20170509-172323-89b4 [/jobs]
digits.webapp: INFO: Create train_db DB task completed.
socketio: INFO: emitting event "task update" to 20170509-174404-70b8 [/jobs]
socketio: INFO: emitting event "job update" to job_management [/jobs]
socketio: INFO: emitting event "task update" to 20170509-174404-70b8 [/jobs]
socketio: INFO: emitting event "job update" to 20170509-174404-70b8 [/jobs]
socketio: INFO: emitting event "job update" to job_management [/jobs]
socketio: INFO: emitting event "server update" to job_management [/jobs]
socketio: INFO: emitting event "task update" to 20170509-173300-0377 [/jobs]
socketio: INFO: emitting event "task update" to 20170509-173245-3417 [/jobs]
socketio: INFO: emitting event "task update" to 20170509-173324-49b0 [/jobs]
socketio: INFO: emitting event "task update" to 20170509-172342-e0ef [/jobs]
socketio: INFO: emitting event "task update" to 20170509-173108-a6ff [/jobs]
socketio: INFO: emitting event "task update" to 20170509-172725-6a13 [/jobs]
socketio: INFO: emitting event "task update" to 20170509-172806-b5bc [/jobs]
socketio: INFO: emitting event "task update" to 20170509-172227-0156 [/jobs]
socketio: INFO: emitting event "task update" to 20170509-172334-9d18 [/jobs]
socketio: INFO: emitting event "task update" to 20170509-173128-33ce [/jobs]
socketio: INFO: emitting event "task update" to 20170509-172347-b92a [/jobs]
socketio: INFO: emitting event "task update" to 20170509-173326-3e6f [/jobs]
socketio: INFO: emitting event "task update" to 20170509-172315-d38b [/jobs]
socketio: INFO: emitting event "task update" to 20170509-174340-86bb [/jobs]
socketio: INFO: emitting event "task update" to 20170509-172516-8f4b [/jobs]
socketio: INFO: emitting event "task update" to 20170509-172352-bfdd [/jobs]
socketio: INFO: emitting event "task update" to 20170509-172412-e6f0 [/jobs]
socketio: INFO: emitting event "task update" to 20170509-173329-1cea [/jobs]
socketio: INFO: emitting event "task update" to 20170509-173229-c795 [/jobs]
socketio: INFO: emitting event "task update" to 20170509-172202-9230 [/jobs]
socketio: INFO: emitting event "task update" to 20170509-173331-d237 [/jobs]
socketio: INFO: emitting event "task update" to 20170509-172317-7da8 [/jobs]
socketio: INFO: emitting event "task update" to 20170509-173008-ee07 [/jobs]
socketio: INFO: emitting event "task update" to 20170509-172210-1907 [/jobs]
socketio: INFO: emitting event "task update" to 20170509-173333-e98b [/jobs]
socketio: INFO: emitting event "task update" to 20170509-172825-84c5 [/jobs]
socketio: INFO: emitting event "task update" to 20170509-173335-6067 [/jobs]
socketio: INFO: emitting event "task update" to 20170509-172147-4505 [/jobs]
socketio: INFO: emitting event "task update" to 20170509-173337-8532 [/jobs]
socketio: INFO: emitting event "task update" to 20170509-172907-6ffa [/jobs]
socketio: INFO: emitting event "task update" to 20170509-172339-dc52 [/jobs]
socketio: INFO: emitting event "task update" to 20170509-172625-e177 [/jobs]
socketio: INFO: emitting event "task update" to 20170509-173316-5f8a [/jobs]
socketio: INFO: emitting event "task update" to 20170509-173318-416e [/jobs]
socketio: INFO: emitting event "task update" to 20170509-173415-8046 [/jobs]
socketio: INFO: emitting event "task update" to 20170509-173027-0946 [/jobs]
socketio: INFO: emitting event "task update" to 20170509-172218-c9c0 [/jobs]
socketio: INFO: emitting event "task update" to 20170509-172328-6826 [/jobs]
socketio: INFO: emitting event "task update" to 20170509-173403-2593 [/jobs]
socketio: INFO: emitting event "task update" to 20170509-174313-cb2c [/jobs]
socketio: INFO: emitting event "task update" to 20170509-172344-9606 [/jobs]
socketio: INFO: emitting event "task update" to 20170509-172430-a33c [/jobs]
socketio: INFO: emitting event "task update" to 20170509-172605-0fd8 [/jobs]
socketio: INFO: emitting event "task update" to 20170509-172706-cfe6 [/jobs]
socketio: INFO: emitting event "task update" to 20170509-173209-48ad [/jobs]
socketio: INFO: emitting event "task update" to 20170509-173320-66e3 [/jobs]
socketio: INFO: emitting event "task update" to 20170509-172927-67d2 [/jobs]
socketio: INFO: emitting event "task update" to 20170509-173515-e8bf [/jobs]
socketio: INFO: emitting event "task update" to 20170509-172524-d7c0 [/jobs]
socketio: INFO: emitting event "task update" to 20170509-172419-2d22 [/jobs]
socketio: INFO: emitting event "task update" to 20170509-172337-f1aa [/jobs]
socketio: INFO: emitting event "task update" to 20170509-173228-acad [/jobs]
socketio: INFO: emitting event "task update" to 20170509-172350-6fcd [/jobs]
socketio: INFO: emitting event "task update" to 20170509-173357-1ed1 [/jobs]
socketio: INFO: emitting event "task update" to 20170509-172259-8252 [/jobs]
socketio: INFO: emitting event "task update" to 20170509-173322-0807 [/jobs]
socketio: INFO: emitting event "task update" to 20170509-172114-d063 [/jobs]
socketio: INFO: emitting event "task update" to 20170509-172323-89b4 [/jobs]
socketio: INFO: emitting event "task update" to 20170509-173300-0377 [/jobs]
socketio: INFO: emitting event "task update" to 20170509-173245-3417 [/jobs]
socketio: INFO: emitting event "task update" to 20170509-173324-49b0 [/jobs]
socketio: INFO: emitting event "task update" to 20170509-172342-e0ef [/jobs]
socketio: INFO: emitting event "task update" to 20170509-173108-a6ff [/jobs]
socketio: INFO: emitting event "task update" to 20170509-172725-6a13 [/jobs]
socketio: INFO: emitting event "task update" to 20170509-172806-b5bc [/jobs]
socketio: INFO: emitting event "task update" to 20170509-172227-0156 [/jobs]
socketio: INFO: emitting event "task update" to 20170509-172334-9d18 [/jobs]
socketio: INFO: emitting event "task update" to 20170509-173128-33ce [/jobs]
socketio: INFO: emitting event "task update" to 20170509-172347-b92a [/jobs]
socketio: INFO: emitting event "task update" to 20170509-173326-3e6f [/jobs]
socketio: INFO: emitting event "task update" to 20170509-172315-d38b [/jobs]
socketio: INFO: emitting event "task update" to 20170509-174340-86bb [/jobs]
socketio: INFO: emitting event "task update" to 20170509-172516-8f4b [/jobs]
socketio: INFO: emitting event "task update" to 20170509-172352-bfdd [/jobs]
socketio: INFO: emitting event "task update" to 20170509-172412-e6f0 [/jobs]
socketio: INFO: emitting event "task update" to 20170509-173329-1cea [/jobs]
socketio: INFO: emitting event "task update" to 20170509-173229-c795 [/jobs]
socketio: INFO: emitting event "task update" to 20170509-172202-9230 [/jobs]
socketio: INFO: emitting event "task update" to 20170509-173331-d237 [/jobs]
socketio: INFO: emitting event "task update" to 20170509-172317-7da8 [/jobs]
socketio: INFO: emitting event "task update" to 20170509-173008-ee07 [/jobs]
socketio: INFO: emitting event "task update" to 20170509-172210-1907 [/jobs]
socketio: INFO: emitting event "task update" to 20170509-173333-e98b [/jobs]
socketio: INFO: emitting event "task update" to 20170509-172825-84c5 [/jobs]
socketio: INFO: emitting event "task update" to 20170509-173335-6067 [/jobs]
socketio: INFO: emitting event "task update" to 20170509-172147-4505 [/jobs]
socketio: INFO: emitting event "task update" to 20170509-173337-8532 [/jobs]
socketio: INFO: emitting event "task update" to 20170509-172907-6ffa [/jobs]
socketio: INFO: emitting event "task update" to 20170509-172339-dc52 [/jobs]
socketio: INFO: emitting event "task update" to 20170509-172625-e177 [/jobs]
socketio: INFO: emitting event "task update" to 20170509-173316-5f8a [/jobs]
socketio: INFO: emitting event "task update" to 20170509-173318-416e [/jobs]
socketio: INFO: emitting event "task update" to 20170509-173415-8046 [/jobs]
socketio: INFO: emitting event "task update" to 20170509-173027-0946 [/jobs]
socketio: INFO: emitting event "task update" to 20170509-172218-c9c0 [/jobs]
socketio: INFO: emitting event "task update" to 20170509-172328-6826 [/jobs]
socketio: INFO: emitting event "task update" to 20170509-173403-2593 [/jobs]
socketio: INFO: emitting event "task update" to 20170509-174313-cb2c [/jobs]
socketio: INFO: emitting event "task update" to 20170509-172344-9606 [/jobs]
socketio: INFO: emitting event "task update" to 20170509-172430-a33c [/jobs]
socketio: INFO: emitting event "task update" to 20170509-172605-0fd8 [/jobs]
socketio: INFO: emitting event "task update" to 20170509-172706-cfe6 [/jobs]
socketio: INFO: emitting event "task update" to 20170509-173209-48ad [/jobs]
socketio: INFO: emitting event "task update" to 20170509-173320-66e3 [/jobs]
socketio: INFO: emitting event "task update" to 20170509-172927-67d2 [/jobs]
socketio: INFO: emitting event "task update" to 20170509-173515-e8bf [/jobs]
socketio: INFO: emitting event "task update" to 20170509-172524-d7c0 [/jobs]
socketio: INFO: emitting event "task update" to 20170509-172419-2d22 [/jobs]
socketio: INFO: emitting event "task update" to 20170509-172337-f1aa [/jobs]
socketio: INFO: emitting event "task update" to 20170509-173228-acad [/jobs]
socketio: INFO: emitting event "task update" to 20170509-172350-6fcd [/jobs]
socketio: INFO: emitting event "task update" to 20170509-173357-1ed1 [/jobs]
socketio: INFO: emitting event "task update" to 20170509-172259-8252 [/jobs]
socketio: INFO: emitting event "task update" to 20170509-173322-0807 [/jobs]
socketio: INFO: emitting event "task update" to 20170509-172114-d063 [/jobs]
socketio: INFO: emitting event "task update" to 20170509-172323-89b4 [/jobs]
socketio: INFO: emitting event "task update" to 20170509-173300-0377 [/jobs]
socketio: INFO: emitting event "task update" to 20170509-173245-3417 [/jobs]
socketio: INFO: emitting event "task update" to 20170509-173324-49b0 [/jobs]
socketio: INFO: emitting event "task update" to 20170509-172342-e0ef [/jobs]
socketio: INFO: emitting event "task update" to 20170509-173108-a6ff [/jobs]
socketio: INFO: emitting event "task update" to 20170509-172725-6a13 [/jobs]
socketio: INFO: emitting event "task update" to 20170509-172806-b5bc [/jobs]
socketio: INFO: emitting event "task update" to 20170509-172227-0156 [/jobs]
socketio: INFO: emitting event "task update" to 20170509-172334-9d18 [/jobs]
socketio: INFO: emitting event "task update" to 20170509-173128-33ce [/jobs]
socketio: INFO: emitting event "task update" to 20170509-172347-b92a [/jobs]
socketio: INFO: emitting event "task update" to 20170509-173326-3e6f [/jobs]
socketio: INFO: emitting event "task update" to 20170509-172315-d38b [/jobs]
socketio: INFO: emitting event "task update" to 20170509-174340-86bb [/jobs]
socketio: INFO: emitting event "task update" to 20170509-172516-8f4b [/jobs]
socketio: INFO: emitting event "task update" to 20170509-172352-bfdd [/jobs]
socketio: INFO: emitting event "task update" to 20170509-172412-e6f0 [/jobs]
socketio: INFO: emitting event "task update" to 20170509-173329-1cea [/jobs]
socketio: INFO: emitting event "task update" to 20170509-173229-c795 [/jobs]
socketio: INFO: emitting event "task update" to 20170509-172202-9230 [/jobs]
socketio: INFO: emitting event "task update" to 20170509-173331-d237 [/jobs]
digits.webapp: WARNING: Create test_db DB unrecognized output: WARNING: log_file config option not found - no log file is being saved
digits.webapp: WARNING: Create test_db DB unrecognized output: 2017-05-09 17:44:10 [INFO ] Generic DB creation Done
socketio: INFO: emitting event "task update" to 20170509-172317-7da8 [/jobs]
socketio: INFO: emitting event "task update" to 20170509-173008-ee07 [/jobs]
socketio: INFO: emitting event "task update" to 20170509-172210-1907 [/jobs]
socketio: INFO: emitting event "task update" to 20170509-173333-e98b [/jobs]
socketio: INFO: emitting event "task update" to 20170509-172825-84c5 [/jobs]
socketio: INFO: emitting event "task update" to 20170509-173335-6067 [/jobs]
socketio: INFO: emitting event "task update" to 20170509-172147-4505 [/jobs]
socketio: INFO: emitting event "task update" to 20170509-173337-8532 [/jobs]
socketio: INFO: emitting event "task update" to 20170509-172907-6ffa [/jobs]
socketio: INFO: emitting event "task update" to 20170509-172339-dc52 [/jobs]
socketio: INFO: emitting event "task update" to 20170509-172625-e177 [/jobs]
socketio: INFO: emitting event "task update" to 20170509-173316-5f8a [/jobs]
socketio: INFO: emitting event "task update" to 20170509-173318-416e [/jobs]
socketio: INFO: emitting event "task update" to 20170509-173415-8046 [/jobs]
socketio: INFO: emitting event "task update" to 20170509-173027-0946 [/jobs]
socketio: INFO: emitting event "task update" to 20170509-172218-c9c0 [/jobs]
socketio: INFO: emitting event "task update" to 20170509-172328-6826 [/jobs]
socketio: INFO: emitting event "task update" to 20170509-173403-2593 [/jobs]
socketio: INFO: emitting event "task update" to 20170509-174313-cb2c [/jobs]
socketio: INFO: emitting event "task update" to 20170509-172344-9606 [/jobs]
socketio: INFO: emitting event "task update" to 20170509-172430-a33c [/jobs]
socketio: INFO: emitting event "task update" to 20170509-172605-0fd8 [/jobs]
socketio: INFO: emitting event "task update" to 20170509-172706-cfe6 [/jobs]
socketio: INFO: emitting event "task update" to 20170509-173209-48ad [/jobs]
socketio: INFO: emitting event "task update" to 20170509-173320-66e3 [/jobs]
socketio: INFO: emitting event "task update" to 20170509-172927-67d2 [/jobs]
socketio: INFO: emitting event "task update" to 20170509-173515-e8bf [/jobs]
socketio: INFO: emitting event "task update" to 20170509-172524-d7c0 [/jobs]
digits.webapp: INFO: Create test_db DB task completed.
socketio: INFO: emitting event "task update" to 20170509-174404-70b8 [/jobs]
socketio: INFO: emitting event "job update" to job_management [/jobs]
socketio: INFO: emitting event "task update" to 20170509-174404-70b8 [/jobs]
socketio: INFO: emitting event "job update" to 20170509-174404-70b8 [/jobs]
socketio: INFO: emitting event "job update" to job_management [/jobs]
socketio: INFO: emitting event "server update" to job_management [/jobs]
socketio: INFO: emitting event "job update" to job_management [/jobs]
socketio: INFO: emitting event "job update" to 20170509-174404-70b8 [/jobs]
socketio: INFO: emitting event "job update" to job_management [/jobs]
digits: INFO: Job complete.
socketio: INFO: emitting event "task update" to 20170509-172419-2d22 [/jobs]
socketio: INFO: emitting event "task update" to 20170509-172337-f1aa [/jobs]
socketio: INFO: emitting event "task update" to 20170509-173228-acad [/jobs]
socketio: INFO: emitting event "task update" to 20170509-172350-6fcd [/jobs]
socketio: INFO: emitting event "task update" to 20170509-173357-1ed1 [/jobs]
socketio: INFO: emitting event "job update" to job_management [/jobs]
socketio: INFO: emitting event "task update" to 20170509-172259-8252 [/jobs]
socketio: INFO: emitting event "task update" to 20170509-173322-0807 [/jobs]
socketio: INFO: emitting event "job update" to 20170509-174411-45b4 [/jobs]
socketio: INFO: emitting event "job update" to job_management [/jobs]
socketio: INFO: emitting event "server update" to job_management [/jobs]
socketio: INFO: emitting event "task update" to 20170509-172114-d063 [/jobs]
socketio: INFO: emitting event "task update" to 20170509-172323-89b4 [/jobs]
digits.webapp: INFO: Train Tensorflow Model task started.
socketio: INFO: emitting event "task update" to 20170509-174411-45b4 [/jobs]
socketio: INFO: emitting event "job update" to 20170509-174411-45b4 [/jobs]
socketio: INFO: emitting event "job update" to job_management [/jobs]
digits.webapp: INFO: Task subprocess args: "python2 /home/ethan/digits_GAN/digits/tools/tensorflow/main.py --network=network.py --epoch=3 --networkDirectory=/tmp/tmpX3R8Ve/20170509-174411-45b4 --save=/tmp/tmpX3R8Ve/20170509-174411-45b4 --snapshotPrefix=snapshot --snapshotInterval=1 --lr_base_rate=0.01 --lr_policy=step --batch_size=10 --mean=/tmp/tmpX3R8Ve/20170509-174404-70b8/train_db/mean.binaryproto --train_db=/tmp/tmpX3R8Ve/20170509-174404-70b8/train_db/features --train_labels=/tmp/tmpX3R8Ve/20170509-174404-70b8/train_db/labels --validation_db=/tmp/tmpX3R8Ve/20170509-174404-70b8/val_db/features --validation_labels=/tmp/tmpX3R8Ve/20170509-174404-70b8/val_db/labels --lr_gamma=0.1 --lr_stepvalues=33 --subtractMean=image --seed=3405691582 --optimization=sgd --validation_interval=1 --log_runtime_stats_per_step=0 --augFlip=none --augHSVh=0 --augHSVs=0 --augHSVv=0"
socketio: INFO: emitting event "task update" to 20170509-174411-45b4 [/jobs]
socketio: INFO: emitting event "task update" to 20170509-173300-0377 [/jobs]
socketio: INFO: emitting event "task update" to 20170509-173245-3417 [/jobs]
socketio: INFO: emitting event "task update" to 20170509-173324-49b0 [/jobs]
socketio: INFO: emitting event "task update" to 20170509-172342-e0ef [/jobs]
socketio: INFO: emitting event "task update" to 20170509-173108-a6ff [/jobs]
socketio: INFO: emitting event "task update" to 20170509-172725-6a13 [/jobs]
socketio: INFO: emitting event "task update" to 20170509-172806-b5bc [/jobs]
socketio: INFO: emitting event "task update" to 20170509-172227-0156 [/jobs]
socketio: INFO: emitting event "task update" to 20170509-172334-9d18 [/jobs]
socketio: INFO: emitting event "task update" to 20170509-173128-33ce [/jobs]
socketio: INFO: emitting event "task update" to 20170509-172347-b92a [/jobs]
socketio: INFO: emitting event "task update" to 20170509-173326-3e6f [/jobs]
socketio: INFO: emitting event "task update" to 20170509-172315-d38b [/jobs]
socketio: INFO: emitting event "task update" to 20170509-174340-86bb [/jobs]
socketio: INFO: emitting event "task update" to 20170509-172516-8f4b [/jobs]
socketio: INFO: emitting event "task update" to 20170509-172352-bfdd [/jobs]
socketio: INFO: emitting event "task update" to 20170509-172412-e6f0 [/jobs]
socketio: INFO: emitting event "task update" to 20170509-173329-1cea [/jobs]
socketio: INFO: emitting event "task update" to 20170509-173229-c795 [/jobs]
socketio: INFO: emitting event "task update" to 20170509-172202-9230 [/jobs]
socketio: INFO: emitting event "task update" to 20170509-173331-d237 [/jobs]
socketio: INFO: emitting event "task update" to 20170509-172317-7da8 [/jobs]
socketio: INFO: emitting event "task update" to 20170509-173008-ee07 [/jobs]
socketio: INFO: emitting event "task update" to 20170509-172210-1907 [/jobs]
socketio: INFO: emitting event "task update" to 20170509-173333-e98b [/jobs]
socketio: INFO: emitting event "task update" to 20170509-172825-84c5 [/jobs]
socketio: INFO: emitting event "task update" to 20170509-173335-6067 [/jobs]
socketio: INFO: emitting event "task update" to 20170509-172147-4505 [/jobs]
socketio: INFO: emitting event "task update" to 20170509-173337-8532 [/jobs]
socketio: INFO: emitting event "task update" to 20170509-172907-6ffa [/jobs]
socketio: INFO: emitting event "task update" to 20170509-172339-dc52 [/jobs]
socketio: INFO: emitting event "task update" to 20170509-172625-e177 [/jobs]
socketio: INFO: emitting event "task update" to 20170509-173316-5f8a [/jobs]
socketio: INFO: emitting event "task update" to 20170509-173318-416e [/jobs]
socketio: INFO: emitting event "task update" to 20170509-173415-8046 [/jobs]
socketio: INFO: emitting event "task update" to 20170509-173027-0946 [/jobs]
socketio: INFO: emitting event "task update" to 20170509-172218-c9c0 [/jobs]
socketio: INFO: emitting event "task update" to 20170509-172328-6826 [/jobs]
socketio: INFO: emitting event "task update" to 20170509-173403-2593 [/jobs]
socketio: INFO: emitting event "task update" to 20170509-174313-cb2c [/jobs]
socketio: INFO: emitting event "task update" to 20170509-172344-9606 [/jobs]
socketio: INFO: emitting event "task update" to 20170509-172430-a33c [/jobs]
socketio: INFO: emitting event "task update" to 20170509-172605-0fd8 [/jobs]
socketio: INFO: emitting event "task update" to 20170509-172706-cfe6 [/jobs]
socketio: INFO: emitting event "task update" to 20170509-173209-48ad [/jobs]
socketio: INFO: emitting event "task update" to 20170509-173320-66e3 [/jobs]
socketio: INFO: emitting event "task update" to 20170509-172927-67d2 [/jobs]
socketio: INFO: emitting event "task update" to 20170509-173515-e8bf [/jobs]
socketio: INFO: emitting event "task update" to 20170509-172524-d7c0 [/jobs]
socketio: INFO: emitting event "task update" to 20170509-172419-2d22 [/jobs]
socketio: INFO: emitting event "task update" to 20170509-172337-f1aa [/jobs]
socketio: INFO: emitting event "task update" to 20170509-173228-acad [/jobs]
socketio: INFO: emitting event "task update" to 20170509-172350-6fcd [/jobs]
socketio: INFO: emitting event "task update" to 20170509-173357-1ed1 [/jobs]
socketio: INFO: emitting event "task update" to 20170509-172259-8252 [/jobs]
socketio: INFO: emitting event "task update" to 20170509-173322-0807 [/jobs]
socketio: INFO: emitting event "task update" to 20170509-172114-d063 [/jobs]
socketio: INFO: emitting event "task update" to 20170509-172323-89b4 [/jobs]
socketio: INFO: emitting event "task update" to 20170509-173300-0377 [/jobs]
socketio: INFO: emitting event "task update" to 20170509-173245-3417 [/jobs]
socketio: INFO: emitting event "task update" to 20170509-173324-49b0 [/jobs]
socketio: INFO: emitting event "task update" to 20170509-172342-e0ef [/jobs]
socketio: INFO: emitting event "task update" to 20170509-173108-a6ff [/jobs]
socketio: INFO: emitting event "task update" to 20170509-172725-6a13 [/jobs]
socketio: INFO: emitting event "task update" to 20170509-172806-b5bc [/jobs]
socketio: INFO: emitting event "task update" to 20170509-172227-0156 [/jobs]
socketio: INFO: emitting event "task update" to 20170509-172334-9d18 [/jobs]
socketio: INFO: emitting event "task update" to 20170509-173128-33ce [/jobs]
socketio: INFO: emitting event "task update" to 20170509-172347-b92a [/jobs]
digits.webapp: WARNING: Train Tensorflow Model unrecognized output: 2017-05-09 17:44:12.696176: W tensorflow/core/platform/cpu_feature_guard.cc:45] The TensorFlow library wasn't compiled to use SSE4.1 instructions, but these are available on your machine and could speed up CPU computations.
digits.webapp: WARNING: Train Tensorflow Model unrecognized output: 2017-05-09 17:44:12.696188: W tensorflow/core/platform/cpu_feature_guard.cc:45] The TensorFlow library wasn't compiled to use SSE4.2 instructions, but these are available on your machine and could speed up CPU computations.
digits.webapp: WARNING: Train Tensorflow Model unrecognized output: 2017-05-09 17:44:12.696192: W tensorflow/core/platform/cpu_feature_guard.cc:45] The TensorFlow library wasn't compiled to use AVX instructions, but these are available on your machine and could speed up CPU computations.
socketio: INFO: emitting event "task update" to 20170509-173326-3e6f [/jobs]
socketio: INFO: emitting event "task update" to 20170509-172315-d38b [/jobs]
socketio: INFO: emitting event "task update" to 20170509-174340-86bb [/jobs]
socketio: INFO: emitting event "task update" to 20170509-172516-8f4b [/jobs]
socketio: INFO: emitting event "task update" to 20170509-172352-bfdd [/jobs]
socketio: INFO: emitting event "task update" to 20170509-172412-e6f0 [/jobs]
socketio: INFO: emitting event "task update" to 20170509-173329-1cea [/jobs]
socketio: INFO: emitting event "task update" to 20170509-173229-c795 [/jobs]
socketio: INFO: emitting event "task update" to 20170509-172202-9230 [/jobs]
socketio: INFO: emitting event "task update" to 20170509-173331-d237 [/jobs]
socketio: INFO: emitting event "task update" to 20170509-172317-7da8 [/jobs]
socketio: INFO: emitting event "task update" to 20170509-173008-ee07 [/jobs]
socketio: INFO: emitting event "task update" to 20170509-172210-1907 [/jobs]
socketio: INFO: emitting event "task update" to 20170509-173333-e98b [/jobs]
socketio: INFO: emitting event "task update" to 20170509-172825-84c5 [/jobs]
socketio: INFO: emitting event "task update" to 20170509-173335-6067 [/jobs]
socketio: INFO: emitting event "task update" to 20170509-172147-4505 [/jobs]
socketio: INFO: emitting event "task update" to 20170509-173337-8532 [/jobs]
socketio: INFO: emitting event "task update" to 20170509-172907-6ffa [/jobs]
socketio: INFO: emitting event "task update" to 20170509-172339-dc52 [/jobs]
digits.webapp: WARNING: Train Tensorflow Model unrecognized output: 2017-05-09 17:44:12.824902: I tensorflow/stream_executor/cuda/cuda_gpu_executor.cc:901] successful NUMA node read from SysFS had negative value (-1), but there must be at least one NUMA node, so returning NUMA node zero
digits.webapp: WARNING: Train Tensorflow Model unrecognized output: 2017-05-09 17:44:12.825361: I tensorflow/core/common_runtime/gpu/gpu_device.cc:887] Found device 0 with properties:
digits.webapp: WARNING: Train Tensorflow Model unrecognized output: name: GeForce GTX TITAN X
digits.webapp: WARNING: Train Tensorflow Model unrecognized output: major: 5 minor: 2 memoryClockRate (GHz) 1.076
digits.webapp: WARNING: Train Tensorflow Model unrecognized output: pciBusID 0000:01:00.0
digits.webapp: WARNING: Train Tensorflow Model unrecognized output: Total memory: 11.92GiB
digits.webapp: WARNING: Train Tensorflow Model unrecognized output: Free memory: 10.21GiB
digits.webapp: WARNING: Train Tensorflow Model unrecognized output: 2017-05-09 17:44:12.825375: I tensorflow/core/common_runtime/gpu/gpu_device.cc:908] DMA: 0
digits.webapp: WARNING: Train Tensorflow Model unrecognized output: 2017-05-09 17:44:12.825380: I tensorflow/core/common_runtime/gpu/gpu_device.cc:918] 0:   Y
digits.webapp: WARNING: Train Tensorflow Model unrecognized output: 2017-05-09 17:44:12.825386: I tensorflow/core/common_runtime/gpu/gpu_device.cc:977] Creating TensorFlow device (/gpu:0) -> (device: 0, name: GeForce GTX TITAN X, pci bus id: 0000:01:00.0)
socketio: INFO: emitting event "task update" to 20170509-172625-e177 [/jobs]
socketio: INFO: emitting event "task update" to 20170509-173316-5f8a [/jobs]
socketio: INFO: emitting event "task update" to 20170509-173318-416e [/jobs]
socketio: INFO: emitting event "task update" to 20170509-173415-8046 [/jobs]
socketio: INFO: emitting event "task update" to 20170509-173027-0946 [/jobs]
socketio: INFO: emitting event "task update" to 20170509-172218-c9c0 [/jobs]
socketio: INFO: emitting event "task update" to 20170509-172328-6826 [/jobs]
socketio: INFO: emitting event "task update" to 20170509-173403-2593 [/jobs]
socketio: INFO: emitting event "task update" to 20170509-174313-cb2c [/jobs]
socketio: INFO: emitting event "task update" to 20170509-172344-9606 [/jobs]
socketio: INFO: emitting event "task update" to 20170509-172430-a33c [/jobs]
socketio: INFO: emitting event "task update" to 20170509-172605-0fd8 [/jobs]
socketio: INFO: emitting event "task update" to 20170509-172706-cfe6 [/jobs]
socketio: INFO: emitting event "task update" to 20170509-173209-48ad [/jobs]
socketio: INFO: emitting event "task update" to 20170509-173320-66e3 [/jobs]
socketio: INFO: emitting event "task update" to 20170509-172927-67d2 [/jobs]
socketio: INFO: emitting event "task update" to 20170509-173515-e8bf [/jobs]
digits.webapp: WARNING: Train Tensorflow Model unrecognized output: 2017-05-09 17:44:12.934555: I tensorflow/core/common_runtime/gpu/gpu_device.cc:977] Creating TensorFlow device (/gpu:0) -> (device: 0, name: GeForce GTX TITAN X, pci bus id: 0000:01:00.0)
digits.webapp: WARNING: Train Tensorflow Model unrecognized output: 2017-05-09 17:44:12.942885: I tensorflow/core/common_runtime/gpu/gpu_device.cc:977] Creating TensorFlow device (/gpu:0) -> (device: 0, name: GeForce GTX TITAN X, pci bus id: 0000:01:00.0)
socketio: INFO: emitting event "task update" to 20170509-172524-d7c0 [/jobs]
socketio: INFO: emitting event "task update" to 20170509-172419-2d22 [/jobs]
socketio: INFO: emitting event "task update" to 20170509-172337-f1aa [/jobs]
socketio: INFO: emitting event "task update" to 20170509-173228-acad [/jobs]
socketio: INFO: emitting event "task update" to 20170509-172350-6fcd [/jobs]
socketio: INFO: emitting event "task update" to 20170509-173357-1ed1 [/jobs]
socketio: INFO: emitting event "task update" to 20170509-172259-8252 [/jobs]
socketio: INFO: emitting event "task update" to 20170509-173322-0807 [/jobs]
socketio: INFO: emitting event "task update" to 20170509-172114-d063 [/jobs]
socketio: INFO: emitting event "task update" to 20170509-172323-89b4 [/jobs]
socketio: INFO: emitting event "task update" to 20170509-174411-45b4 [/jobs]
digits.webapp: DEBUG: Network validation loss #0.0: 0.079208
digits.webapp: DEBUG: Validation (epoch 0): loss = 0.079208
socketio: INFO: emitting event "task update" to 20170509-174411-45b4 [/jobs]
socketio: INFO: emitting event "job update" to job_management [/jobs]
digits.webapp: DEBUG: Training 3.33% complete.
socketio: INFO: emitting event "task update" to 20170509-174411-45b4 [/jobs]
socketio: INFO: emitting event "task update" to job_management [/jobs]
digits.webapp: DEBUG: Training (epoch 0.1): loss = 0.039756, lr = 0.010000
socketio: INFO: emitting event "task update" to 20170509-174411-45b4 [/jobs]
socketio: INFO: emitting event "job update" to job_management [/jobs]
digits.webapp: DEBUG: Training (epoch 0.3): loss = 0.005108, lr = 0.010000
socketio: INFO: emitting event "task update" to 20170509-174411-45b4 [/jobs]
socketio: INFO: emitting event "job update" to job_management [/jobs]
digits.webapp: DEBUG: Training (epoch 0.4): loss = 0.000916, lr = 0.010000
socketio: INFO: emitting event "task update" to 20170509-173300-0377 [/jobs]
socketio: INFO: emitting event "task update" to 20170509-174411-45b4 [/jobs]
socketio: INFO: emitting event "job update" to job_management [/jobs]
digits.webapp: DEBUG: Training (epoch 0.5): loss = 0.000246, lr = 0.010000
socketio: INFO: emitting event "task update" to 20170509-173245-3417 [/jobs]
socketio: INFO: emitting event "task update" to 20170509-173324-49b0 [/jobs]
socketio: INFO: emitting event "task update" to 20170509-174411-45b4 [/jobs]
socketio: INFO: emitting event "job update" to job_management [/jobs]
digits.webapp: DEBUG: Training (epoch 0.7): loss = 0.000126, lr = 0.010000
socketio: INFO: emitting event "task update" to 20170509-174411-45b4 [/jobs]
socketio: INFO: emitting event "job update" to job_management [/jobs]
digits.webapp: DEBUG: Training (epoch 0.8): loss = 0.000078, lr = 0.010000
socketio: INFO: emitting event "task update" to 20170509-172342-e0ef [/jobs]
socketio: INFO: emitting event "task update" to 20170509-173108-a6ff [/jobs]
socketio: INFO: emitting event "task update" to 20170509-172725-6a13 [/jobs]
socketio: INFO: emitting event "task update" to 20170509-172806-b5bc [/jobs]
socketio: INFO: emitting event "task update" to 20170509-172227-0156 [/jobs]
socketio: INFO: emitting event "task update" to 20170509-172334-9d18 [/jobs]
socketio: INFO: emitting event "task update" to 20170509-173128-33ce [/jobs]
socketio: INFO: emitting event "task update" to 20170509-174411-45b4 [/jobs]
socketio: INFO: emitting event "job update" to job_management [/jobs]
digits.webapp: DEBUG: Training (epoch 0.9): loss = 0.000062, lr = 0.010000
socketio: INFO: emitting event "task update" to 20170509-174411-45b4 [/jobs]
socketio: INFO: emitting event "job update" to job_management [/jobs]
socketio: INFO: emitting event "task update" to 20170509-174411-45b4 [/jobs]
digits.webapp: DEBUG: Network validation loss #1.0: 4.7e-05
digits.webapp: DEBUG: Validation (epoch 1.0): loss = 0.000047
digits.webapp: WARNING: Train Tensorflow Model unrecognized output: INFO:tensorflow:/tmp/tmpX3R8Ve/20170509-174411-45b4/snapshot_1.ckpt is not in all_model_checkpoint_paths. Manually adding it.
socketio: INFO: emitting event "task update" to 20170509-174411-45b4 [/jobs]
socketio: INFO: emitting event "task update" to 20170509-172347-b92a [/jobs]
socketio: INFO: emitting event "task update" to 20170509-173326-3e6f [/jobs]
socketio: INFO: emitting event "task update" to 20170509-172315-d38b [/jobs]
socketio: INFO: emitting event "task update" to 20170509-174340-86bb [/jobs]
socketio: INFO: emitting event "task update" to 20170509-172516-8f4b [/jobs]
digits.webapp: DEBUG: Training (epoch 1.0): loss = 0.000048, lr = 0.006538
socketio: INFO: emitting event "task update" to 20170509-172352-bfdd [/jobs]
socketio: INFO: emitting event "task update" to 20170509-172412-e6f0 [/jobs]
socketio: INFO: emitting event "task update" to 20170509-173329-1cea [/jobs]
socketio: INFO: emitting event "task update" to 20170509-173229-c795 [/jobs]
socketio: INFO: emitting event "task update" to 20170509-172202-9230 [/jobs]
socketio: INFO: emitting event "task update" to 20170509-173331-d237 [/jobs]
socketio: INFO: emitting event "task update" to 20170509-172317-7da8 [/jobs]
socketio: INFO: emitting event "task update" to 20170509-174411-45b4 [/jobs]
socketio: INFO: emitting event "job update" to job_management [/jobs]
digits.webapp: DEBUG: Training (epoch 1.2): loss = 0.000044, lr = 0.001000
socketio: INFO: emitting event "task update" to 20170509-174411-45b4 [/jobs]
socketio: INFO: emitting event "job update" to job_management [/jobs]
digits.webapp: DEBUG: Training (epoch 1.3): loss = 0.000042, lr = 0.001000
socketio: INFO: emitting event "task update" to 20170509-173008-ee07 [/jobs]
socketio: INFO: emitting event "task update" to 20170509-172210-1907 [/jobs]
socketio: INFO: emitting event "task update" to 20170509-173333-e98b [/jobs]
socketio: INFO: emitting event "task update" to 20170509-172825-84c5 [/jobs]
socketio: INFO: emitting event "task update" to 20170509-173335-6067 [/jobs]
socketio: INFO: emitting event "task update" to 20170509-172147-4505 [/jobs]
socketio: INFO: emitting event "task update" to 20170509-173337-8532 [/jobs]
socketio: INFO: emitting event "task update" to 20170509-172907-6ffa [/jobs]
socketio: INFO: emitting event "task update" to 20170509-172339-dc52 [/jobs]
socketio: INFO: emitting event "task update" to 20170509-172625-e177 [/jobs]
socketio: INFO: emitting event "task update" to 20170509-173316-5f8a [/jobs]
socketio: INFO: emitting event "task update" to 20170509-174411-45b4 [/jobs]
socketio: INFO: emitting event "job update" to job_management [/jobs]
digits.webapp: DEBUG: Training (epoch 1.4): loss = 0.000041, lr = 0.001000
socketio: INFO: emitting event "task update" to 20170509-174411-45b4 [/jobs]
socketio: INFO: emitting event "job update" to job_management [/jobs]
digits.webapp: DEBUG: Training (epoch 1.6): loss = 0.000041, lr = 0.001000
socketio: INFO: emitting event "task update" to 20170509-174411-45b4 [/jobs]
socketio: INFO: emitting event "job update" to job_management [/jobs]
digits.webapp: DEBUG: Training (epoch 1.7): loss = 0.000039, lr = 0.001000
socketio: INFO: emitting event "task update" to 20170509-173318-416e [/jobs]
socketio: INFO: emitting event "task update" to 20170509-173415-8046 [/jobs]
socketio: INFO: emitting event "task update" to 20170509-173027-0946 [/jobs]
socketio: INFO: emitting event "task update" to 20170509-172218-c9c0 [/jobs]
socketio: INFO: emitting event "task update" to 20170509-172328-6826 [/jobs]
socketio: INFO: emitting event "task update" to 20170509-173403-2593 [/jobs]
socketio: INFO: emitting event "task update" to 20170509-174313-cb2c [/jobs]
socketio: INFO: emitting event "task update" to 20170509-172344-9606 [/jobs]
socketio: INFO: emitting event "task update" to 20170509-172430-a33c [/jobs]
socketio: INFO: emitting event "task update" to 20170509-172605-0fd8 [/jobs]
socketio: INFO: emitting event "task update" to 20170509-172706-cfe6 [/jobs]
socketio: INFO: emitting event "task update" to 20170509-173209-48ad [/jobs]
socketio: INFO: emitting event "task update" to 20170509-173320-66e3 [/jobs]
socketio: INFO: emitting event "task update" to 20170509-172927-67d2 [/jobs]
socketio: INFO: emitting event "task update" to 20170509-173515-e8bf [/jobs]
socketio: INFO: emitting event "task update" to 20170509-172524-d7c0 [/jobs]
socketio: INFO: emitting event "task update" to 20170509-174411-45b4 [/jobs]
socketio: INFO: emitting event "job update" to job_management [/jobs]
digits.webapp: DEBUG: Training (epoch 1.8): loss = 0.000039, lr = 0.001000
socketio: INFO: emitting event "task update" to 20170509-174411-45b4 [/jobs]
socketio: INFO: emitting event "job update" to job_management [/jobs]
digits.webapp: DEBUG: Training (epoch 1.9): loss = 0.000036, lr = 0.001000
socketio: INFO: emitting event "task update" to 20170509-172419-2d22 [/jobs]
socketio: INFO: emitting event "task update" to 20170509-172337-f1aa [/jobs]
socketio: INFO: emitting event "task update" to 20170509-173228-acad [/jobs]
socketio: INFO: emitting event "task update" to 20170509-174411-45b4 [/jobs]
socketio: INFO: emitting event "job update" to job_management [/jobs]
socketio: INFO: emitting event "task update" to 20170509-174411-45b4 [/jobs]
digits.webapp: DEBUG: Network validation loss #2.0: 3.7e-05
digits.webapp: DEBUG: Validation (epoch 2.0): loss = 0.000037
digits.webapp: WARNING: Train Tensorflow Model unrecognized output: INFO:tensorflow:/tmp/tmpX3R8Ve/20170509-174411-45b4/snapshot_2.ckpt is not in all_model_checkpoint_paths. Manually adding it.
socketio: INFO: emitting event "task update" to 20170509-174411-45b4 [/jobs]
socketio: INFO: emitting event "task update" to 20170509-172350-6fcd [/jobs]
socketio: INFO: emitting event "task update" to 20170509-174411-45b4 [/jobs]
socketio: INFO: emitting event "job update" to job_management [/jobs]
digits.webapp: DEBUG: Training (epoch 2.1): loss = 0.000037, lr = 0.000308
socketio: INFO: emitting event "task update" to 20170509-173357-1ed1 [/jobs]
socketio: INFO: emitting event "task update" to 20170509-174411-45b4 [/jobs]
socketio: INFO: emitting event "job update" to job_management [/jobs]
digits.webapp: DEBUG: Training (epoch 2.2): loss = 0.000036, lr = 0.000100
socketio: INFO: emitting event "task update" to 20170509-174411-45b4 [/jobs]
socketio: INFO: emitting event "job update" to job_management [/jobs]
digits.webapp: DEBUG: Training (epoch 2.3): loss = 0.000036, lr = 0.000100
socketio: INFO: emitting event "task update" to 20170509-174411-45b4 [/jobs]
socketio: INFO: emitting event "job update" to job_management [/jobs]
digits.webapp: DEBUG: Training (epoch 2.5): loss = 0.000036, lr = 0.000100
socketio: INFO: emitting event "task update" to 20170509-172259-8252 [/jobs]
socketio: INFO: emitting event "task update" to 20170509-173322-0807 [/jobs]
socketio: INFO: emitting event "task update" to 20170509-172114-d063 [/jobs]
socketio: INFO: emitting event "task update" to 20170509-172323-89b4 [/jobs]
socketio: INFO: emitting event "task update" to 20170509-174411-45b4 [/jobs]
socketio: INFO: emitting event "job update" to job_management [/jobs]
digits.webapp: DEBUG: Training (epoch 2.6): loss = 0.000036, lr = 0.000100
socketio: INFO: emitting event "task update" to 20170509-174411-45b4 [/jobs]
socketio: INFO: emitting event "job update" to job_management [/jobs]
digits.webapp: DEBUG: Training (epoch 2.7): loss = 0.000036, lr = 0.000100
socketio: INFO: emitting event "task update" to 20170509-174411-45b4 [/jobs]
socketio: INFO: emitting event "job update" to job_management [/jobs]
digits.webapp: DEBUG: Training (epoch 2.9): loss = 0.000036, lr = 0.000100
socketio: INFO: emitting event "task update" to 20170509-174411-45b4 [/jobs]
socketio: INFO: emitting event "job update" to job_management [/jobs]
socketio: INFO: emitting event "task update" to 20170509-174411-45b4 [/jobs]
digits.webapp: DEBUG: Network validation loss #3.0: 3.6e-05
digits.webapp: DEBUG: Validation (epoch 3.0): loss = 0.000036
digits.webapp: WARNING: Train Tensorflow Model unrecognized output: INFO:tensorflow:/tmp/tmpX3R8Ve/20170509-174411-45b4/snapshot_3.ckpt is not in all_model_checkpoint_paths. Manually adding it.
socketio: INFO: emitting event "task update" to 20170509-174411-45b4 [/jobs]
digits.webapp: DEBUG: Training (epoch 3.0): loss = 0.000035, lr = 0.000086
digits.webapp: WARNING: Train Tensorflow Model unrecognized output: 2017-05-09 17:44:14.356190: W tensorflow/core/framework/op_kernel.cc:1152] Out of range: PaddingFIFOQueue '_3_train/data/batcher/padding_fifo_queue' is closed and has insufficient elements (requested 10, current size 0)
digits.webapp: WARNING: Train Tensorflow Model unrecognized output: [[Node: train/data/batcher = QueueDequeueUpToV2[component_types=[DT_STRING, DT_FLOAT, DT_FLOAT], timeout_ms=-1, _device="/job:localhost/replica:0/task:0/cpu:0"](train/data/batcher/padding_fifo_queue, train/data/batcher/n)]]
digits.webapp: WARNING: Train Tensorflow Model unrecognized output: Training wall-time: 1.22165989876
socketio: INFO: emitting event "task update" to 20170509-173300-0377 [/jobs]
socketio: INFO: emitting event "task update" to 20170509-173245-3417 [/jobs]
socketio: INFO: emitting event "task update" to 20170509-173324-49b0 [/jobs]
digits.webapp: INFO: Train Tensorflow Model task completed.
socketio: INFO: emitting event "task update" to 20170509-174411-45b4 [/jobs]
socketio: INFO: emitting event "job update" to job_management [/jobs]
socketio: INFO: emitting event "task update" to 20170509-174411-45b4 [/jobs]
socketio: INFO: emitting event "job update" to 20170509-174411-45b4 [/jobs]
socketio: INFO: emitting event "job update" to job_management [/jobs]
socketio: INFO: emitting event "server update" to job_management [/jobs]
socketio: INFO: emitting event "job update" to job_management [/jobs]
socketio: INFO: emitting event "job update" to 20170509-174411-45b4 [/jobs]
socketio: INFO: emitting event "job update" to job_management [/jobs]
digits: INFO: Job complete.
socketio: INFO: emitting event "task update" to 20170509-172342-e0ef [/jobs]
socketio: INFO: emitting event "task update" to 20170509-173108-a6ff [/jobs]
socketio: INFO: emitting event "task update" to 20170509-172725-6a13 [/jobs]
socketio: INFO: emitting event "task update" to 20170509-172806-b5bc [/jobs]
socketio: INFO: emitting event "task update" to 20170509-172227-0156 [/jobs]
socketio: INFO: emitting event "task update" to 20170509-172334-9d18 [/jobs]
socketio: INFO: emitting event "task update" to 20170509-173128-33ce [/jobs]
--------------------- >> end captured logging << ---------------------

======================================================================
FAIL: digits.model.images.generic.test_views.TestTensorflowCreatedWithGradientDataExtension.test_download('zip',)
----------------------------------------------------------------------
Traceback (most recent call last):
  File "/home/ethan/.local/lib/python2.7/site-packages/nose/case.py", line 197, in runTest
    self.test(*self.arg)
  File "/home/ethan/digits_GAN/digits/model/images/generic/test_views.py", line 544, in check_download
    assert rv.status_code == 200, 'download "%s" failed with %s' % (url, rv.status_code)
AssertionError: download "/models/20170509-174411-45b4/download.zip" failed with 500

======================================================================
FAIL: digits.model.images.generic.test_views.TestTensorflowCreatedWithGradientDataExtension.test_download('tar.gz',)
----------------------------------------------------------------------
Traceback (most recent call last):
  File "/home/ethan/.local/lib/python2.7/site-packages/nose/case.py", line 197, in runTest
    self.test(*self.arg)
  File "/home/ethan/digits_GAN/digits/model/images/generic/test_views.py", line 544, in check_download
    assert rv.status_code == 200, 'download "%s" failed with %s' % (url, rv.status_code)
AssertionError: download "/models/20170509-174411-45b4/download.tar.gz" failed with 500

======================================================================
FAIL: digits.model.images.generic.test_views.TestTensorflowCreatedWithGradientDataExtension.test_download('tar.bz2',)
----------------------------------------------------------------------
Traceback (most recent call last):
  File "/home/ethan/.local/lib/python2.7/site-packages/nose/case.py", line 197, in runTest
    self.test(*self.arg)
  File "/home/ethan/digits_GAN/digits/model/images/generic/test_views.py", line 544, in check_download
    assert rv.status_code == 200, 'download "%s" failed with %s' % (url, rv.status_code)
AssertionError: download "/models/20170509-174411-45b4/download.tar.bz2" failed with 500

======================================================================
FAIL: digits.model.images.generic.test_views.TestTensorflowCreatedWithGradientDataExtension.test_infer_db
----------------------------------------------------------------------
Traceback (most recent call last):
  File "/home/ethan/.local/lib/python2.7/site-packages/nose/case.py", line 197, in runTest
    self.test(*self.arg)
  File "/home/ethan/digits_GAN/digits/model/images/generic/test_views.py", line 639, in test_infer_db
    assert rv.status_code == 200, 'POST failed with %s\n\n%s' % (rv.status_code, body)
AssertionError: POST failed with 500

[<body>\n<div class="navbar navbar-inverse navbar-fixed-top">\n<div class="container">\n<div class="navbar-header">\n<a class="navbar-brand" href="/">DIGITS</a>\n</div>\n<ul class="nav navbar-nav">\n<li><a href="/models/20170509-174411-45b4">test_model</a></li>\n<li class="active"><a>Test Many</a></li>\n</ul>\n<ul class="nav navbar-nav navbar-right">\n<li>\n<p class="navbar-text">\n            digits-testsuite (<a class="navbar-link" href="/logout">Logout</a>)\n            </p>\n</li>\n<li class="dropdown">\n<a class="dropdown-toggle" data-toggle="dropdown" href="#">Info<span class="caret"></span></a>\n<ul class="dropdown-menu navbar-inverse">\n<li><span class="navbar-text">Server: ethan-computer</span></li>\n<li><span class="navbar-text">DIGITS version: <br> 5.1-dev</br></span></li>\n<li><span class="navbar-text">Caffe version: <br> 0.15.13</br></span></li>\n<li><span class="navbar-text">Caffe flavor: <br> NVIDIA</br></span></li>\n</ul>\n</li>\n<li class="dropdown">\n<a class="dropdown-toggle" data-toggle="dropdown" href="#">About<span class="caret"></span></a>\n<ul class="dropdown-menu about-menu navbar-inverse">\n<li><span class="navbar-text"><a href="https://developer.nvidia.com/digits" target="_blank">\n                        DIGITS on developer.nvidia.com\n                    </a></span></li>\n<li><span class="navbar-text"><a href="https://github.com/NVIDIA/DIGITS" target="_blank">\n                        DIGITS on GitHub\n                    </a></span></li>\n<li><span class="navbar-text"><a href="https://groups.google.com/d/forum/digits-users" target="_blank">\n                        DIGITS user group\n                    </a></span></li>\n<li><span class="navbar-text"><a href="mailto:digits@nvidia.com">\n                        digits@nvidia.com\n                    </a></span></li>\n</ul>\n</li>\n</ul>\n</div>\n</div>\n<div class="container">\n<div class="jumbotron">\n<div class="container">\n<div class="row">\n<div class="col-sm-12" id="show-job-name">\n<h2 style="display:inline;">Infer Many Images</h2>\n</div>\n<div class="col-sm-4" id="edit-job-name" style="display:none;">\n<script>\nfunction updateJobName() {\n    var newName = $("input[name=job-name]").val();\n    $.ajax("/jobs/20170509-174414-d0e3",\n            {\n                type: "PUT",\n                data: {"job_name": newName}\n                }\n          )\n    .done(function() {\n            $("#show-job-name h2").html(newName);\n            $('#edit-job-name').hide(); $('#show-job-name').show();\n            })\n    .fail(function(data) { errorAlert(data); });\n    return false;\n}\n                </script>\n<input class="form-control" name="job-name" value="Infer Many Images"/>\n<a class="btn btn-primary" href="#" onclick="return updateJobName();">Update</a>\n<a class="btn btn-info" href="#" onclick="$('#edit-job-name').hide(); $('#show-job-name').show(); return false;">Cancel</a>\n</div>\n</div>\n<small>Owner: digits-testsuite</small>\n<div class="pull-right">\n<a class="btn btn-info" disabled="" id="clone-job">Clone Job</a>\n<a class="btn btn-warning hidden disabled" id="abort-job">Abort Job</a>\n<a class="btn btn-danger disabled" id="delete-job">Delete Job</a>\n</div>\n</div>\n<script>\n$('#abort-job').on('click', function(event) {\n        event.preventDefault();\n        bootbox.confirm(\n            'Are you sure you want to abort this job?',\n            function(result) {\n                if (result)\n                    $.ajax("/jobs/20170509-174414-d0e3/abort",\n                        {type: "POST"})\n                    .done(function() {\n                        $("#abort-job").hide();\n                        })\n                    .fail(function(data) { errorAlert(data); });\n            });\n        });\n\n$('#delete-job').on('click', function(event) {\n        event.preventDefault();\n        bootbox.confirm(\n            'Are you sure you want to delete this job?<br><br>All related files will be permanently removed.',\n            function(result) {\n                if (result)\n                    $.ajax("/jobs/20170509-174414-d0e3",\n                        {type: "DELETE"})\n                    .done(function() {\n                        window.location = "/";\n                        })\n                    .fail(function(data) { errorAlert(data); });\n            });\n        });\n    </script>\n</div>\n<div class="row">\n<!-- Job content -->\n<div class="col-sm-8">\n<div class="page-header">\n<h1>\n        test_model\n        <small>\n            Image Inference\n        </small>\n</h1>\n</div>\n<div class="alert alert-danger">\n<p>Inference failed, see job log</p>\n</div>\n</div>\n<!-- Tasks -->\n<div class="col-sm-4">\n<div class="panel-group">\n<div class="panel panel-danger" id="job-statuses">\n<div class="panel-heading">\n<h4 class="panel-title">\n                    Job Status\n                    <small>Error</small>\n</h4>\n</div>\n<div class="panel-collapse">\n<div class="panel-body">\n<div class="job-statuses">\n<ul>\n<li>\n<span class="text-warning">Initialized</span>\n        at 05:44:14 PM\n            <small>(0 seconds)</small>\n</li>\n<li>\n<span class="text-info">Running</span>\n        at 05:44:14 PM\n            <small>(3 seconds)</small>\n</li>\n<li>\n<span class="text-danger">Error</span>\n        at 05:44:17 PM\n            <br>\n<small>(Total - 3 seconds)</small>\n</br></li>\n</ul>\n</div>\n<div class="panel-group">\n<div class="panel panel-danger" id="task-140099414554320-status">\n<div class="panel-heading">\n<h4 class="panel-title">\n<a data-toggle="collapse" href="#task-140099414554320-status-collapse">\n                                            Infer Model\n                                            <small>Error</small>\n<span class="caret"></span>\n</a>\n</h4>\n</div>\n<div class="panel-collapse collapse in" id="task-140099414554320-status-collapse">\n<div class="panel-body">\n<div class="task-progress" style="display:none;">\n<div class="progress">\n<div class="progress-bar" style="width:0%">\n                                                    0%\n                                                </div>\n</div>\n                                            Estimated time remaining: <span class="task-eta">?</span>\n<br/>\n<br/>\n</div>\n<div class="task-statuses">\n<ul>\n<li>\n<span class="text-warning">Initialized</span>\n        at 05:44:14 PM\n            <small>(0 seconds)</small>\n</li>\n<li>\n<span class="text-info">Running</span>\n        at 05:44:14 PM\n            <small>(2 seconds)</small>\n</li>\n<li>\n<span class="text-danger">Error</span>\n        at 05:44:17 PM\n            <br>\n<small>(Total - 3 seconds)</small>\n</br></li>\n</ul>\n<h4 class="text-danger">ERROR: error code 1</h4>\n<pre>\nWARNING: log_file config option not found - no log file is being saved\n2017-05-09 17:44:17 [ERROR] InferenceError: Unable to find snapshot for epoch=-1.0\nTraceback (most recent call last):\nFile "/home/ethan/digits_GAN/digits/tools/inference.py", line 293, in &lt;module&gt;\nargs['resize']\nFile "/home/ethan/digits_GAN/digits/tools/inference.py", line 79, in infer\nraise InferenceError("Unable to find snapshot for epoch=%s" % repr(epoch))\ndigits.inference.errors.InferenceError: 'Unable to find snapshot for epoch=-1.0'\n        </pre>\n</div>\n</div>\n</div>\n</div>\n</div>\n</div>\n</div>\n</div>\n</div>\n<div class="gpu-utilization-info" style="display:none;"></div>\n<!-- Related jobs -->\n<div class="panel panel-default" id="notes-information">\n<div class="panel-heading">\n<h4>Notes</h4>\n</div>\n<div class="panel-body">\n<div class="col-sm-12" id="show-job-notes">\n<p style="display:inline;">None</p>\n</div>\n<div class="col-sm-12" id="edit-job-notes" style="display:none;">\n<script type="text/javascript">\n                        function updateJobNotes() {\n                        var newNotes = $("textarea[name=job-notes]").val();\n                        $.ajax("/jobs/20170509-174414-d0e3",\n                                {\n                                    type: "PUT",\n                                    data: {"job_notes": newNotes}\n                                    }\n                              )\n                        .done(function() {\n                                $("#show-job-notes p").html(newNotes);\n                                $('#edit-job-notes').hide(); $('#show-job-notes').show();\n                                })\n                        .fail(function(data) { errorAlert(data); });\n                        return false;\n                    }\n                    </script>\n<textarea class="form-control" name="job-notes" placeholder="Enter notes" rows="5"></textarea>\n<a class="btn btn-primary" href="#" onclick="return updateJobNotes();">Update</a>\n<a class="btn btn-info" href="#" onclick="$('#edit-job-notes').hide(); $('#show-job-notes').show(); return false;">Cancel</a>\n</div>\n</div>\n</div>\n</div>\n</div>\n<div class="row">\n</div>\n</div>\n<script>\n$SCRIPT_ROOT = "";\n\n$(".explanation-tooltip").tooltip();\n\nwindow.onload = function () {\n    $('.autocomplete_path').autocomplete({\n       serviceUrl: '/autocomplete/path',\n       formatResult: function (suggestion, currentValue)\n       {\n            function baseName(str)\n            {\n               var base = new String(str).substring(str.lastIndexOf('/') + 1);\n               return base;\n            }\n            return baseName(suggestion.value);\n        },\n        minChars: 0\n    });\n    $(".autocomplete_path").removeAttr("autocomplete");\n};\n\n</script>\n<style>\n .about-menu {\n     width: 240px !important;\n }\n .brightness {\n     display: inline-block;\n }\n .brightness img:hover {\n     opacity: .75;\n }\n</style>\n</body>]
-------------------- >> begin captured logging << --------------------
socketio: INFO: emitting event "job update" to job_management [/jobs]
socketio: INFO: emitting event "task update" to 20170509-172347-b92a [/jobs]
socketio: INFO: emitting event "job update" to 20170509-174414-d0e3 [/jobs]
socketio: INFO: emitting event "job update" to job_management [/jobs]
socketio: INFO: emitting event "server update" to job_management [/jobs]
socketio: INFO: emitting event "server update" to job_management [/jobs]
socketio: INFO: emitting event "task update" to 20170509-173326-3e6f [/jobs]
socketio: INFO: emitting event "task update" to 20170509-172315-d38b [/jobs]
socketio: INFO: emitting event "task update" to 20170509-174340-86bb [/jobs]
socketio: INFO: emitting event "task update" to 20170509-172516-8f4b [/jobs]
socketio: INFO: emitting event "task update" to 20170509-172352-bfdd [/jobs]
socketio: INFO: emitting event "task update" to 20170509-172412-e6f0 [/jobs]
socketio: INFO: emitting event "task update" to 20170509-173329-1cea [/jobs]
socketio: INFO: emitting event "task update" to 20170509-173229-c795 [/jobs]
socketio: INFO: emitting event "task update" to 20170509-172202-9230 [/jobs]
socketio: INFO: emitting event "task update" to 20170509-173331-d237 [/jobs]
socketio: INFO: emitting event "task update" to 20170509-172317-7da8 [/jobs]
socketio: INFO: emitting event "task update" to 20170509-173008-ee07 [/jobs]
socketio: INFO: emitting event "task update" to 20170509-172210-1907 [/jobs]
digits.webapp: INFO: Infer Model task started.
socketio: INFO: emitting event "task update" to 20170509-174414-d0e3 [/jobs]
socketio: INFO: emitting event "job update" to 20170509-174414-d0e3 [/jobs]
socketio: INFO: emitting event "job update" to job_management [/jobs]
digits.webapp: INFO: Task subprocess args: "/usr/bin/python2 /home/ethan/digits_GAN/digits/tools/inference.py /tmp/tmpX3R8Ve/20170509-174404-70b8/val_db/features /tmp/tmpX3R8Ve/20170509-174414-d0e3 20170509-174411-45b4 --jobs_dir=/tmp/tmpX3R8Ve --layers=none --gpu=0 --db"
socketio: INFO: emitting event "task update" to 20170509-173333-e98b [/jobs]
socketio: INFO: emitting event "task update" to 20170509-172825-84c5 [/jobs]
socketio: INFO: emitting event "task update" to 20170509-173335-6067 [/jobs]
socketio: INFO: emitting event "task update" to 20170509-172147-4505 [/jobs]
socketio: INFO: emitting event "task update" to 20170509-173337-8532 [/jobs]
socketio: INFO: emitting event "task update" to 20170509-172907-6ffa [/jobs]
socketio: INFO: emitting event "task update" to 20170509-172339-dc52 [/jobs]
socketio: INFO: emitting event "task update" to 20170509-172625-e177 [/jobs]
socketio: INFO: emitting event "task update" to 20170509-173316-5f8a [/jobs]
socketio: INFO: emitting event "task update" to 20170509-173318-416e [/jobs]
socketio: INFO: emitting event "task update" to 20170509-173415-8046 [/jobs]
socketio: INFO: emitting event "task update" to 20170509-173027-0946 [/jobs]
socketio: INFO: emitting event "task update" to 20170509-172218-c9c0 [/jobs]
socketio: INFO: emitting event "task update" to 20170509-172328-6826 [/jobs]
socketio: INFO: emitting event "task update" to 20170509-173403-2593 [/jobs]
socketio: INFO: emitting event "task update" to 20170509-174313-cb2c [/jobs]
socketio: INFO: emitting event "task update" to 20170509-172344-9606 [/jobs]
socketio: INFO: emitting event "task update" to 20170509-172430-a33c [/jobs]
socketio: INFO: emitting event "task update" to 20170509-172605-0fd8 [/jobs]
socketio: INFO: emitting event "task update" to 20170509-172706-cfe6 [/jobs]
socketio: INFO: emitting event "task update" to 20170509-173209-48ad [/jobs]
socketio: INFO: emitting event "task update" to 20170509-173320-66e3 [/jobs]
socketio: INFO: emitting event "task update" to 20170509-172927-67d2 [/jobs]
socketio: INFO: emitting event "task update" to 20170509-173515-e8bf [/jobs]
socketio: INFO: emitting event "task update" to 20170509-172524-d7c0 [/jobs]
socketio: INFO: emitting event "task update" to 20170509-172419-2d22 [/jobs]
socketio: INFO: emitting event "task update" to 20170509-172337-f1aa [/jobs]
socketio: INFO: emitting event "task update" to 20170509-173228-acad [/jobs]
socketio: INFO: emitting event "task update" to 20170509-172350-6fcd [/jobs]
socketio: INFO: emitting event "task update" to 20170509-173357-1ed1 [/jobs]
socketio: INFO: emitting event "task update" to 20170509-172259-8252 [/jobs]
socketio: INFO: emitting event "task update" to 20170509-173322-0807 [/jobs]
socketio: INFO: emitting event "task update" to 20170509-172114-d063 [/jobs]
socketio: INFO: emitting event "task update" to 20170509-172323-89b4 [/jobs]
socketio: INFO: emitting event "task update" to 20170509-174411-45b4 [/jobs]
socketio: INFO: emitting event "task update" to 20170509-173300-0377 [/jobs]
socketio: INFO: emitting event "task update" to 20170509-173245-3417 [/jobs]
socketio: INFO: emitting event "task update" to 20170509-173324-49b0 [/jobs]
socketio: INFO: emitting event "task update" to 20170509-172342-e0ef [/jobs]
socketio: INFO: emitting event "task update" to 20170509-173108-a6ff [/jobs]
socketio: INFO: emitting event "task update" to 20170509-172725-6a13 [/jobs]
socketio: INFO: emitting event "task update" to 20170509-172806-b5bc [/jobs]
socketio: INFO: emitting event "task update" to 20170509-172227-0156 [/jobs]
socketio: INFO: emitting event "task update" to 20170509-172334-9d18 [/jobs]
socketio: INFO: emitting event "task update" to 20170509-173128-33ce [/jobs]
socketio: INFO: emitting event "task update" to 20170509-172347-b92a [/jobs]
socketio: INFO: emitting event "task update" to 20170509-173326-3e6f [/jobs]
socketio: INFO: emitting event "task update" to 20170509-172315-d38b [/jobs]
socketio: INFO: emitting event "task update" to 20170509-174340-86bb [/jobs]
socketio: INFO: emitting event "task update" to 20170509-172516-8f4b [/jobs]
socketio: INFO: emitting event "task update" to 20170509-172352-bfdd [/jobs]
socketio: INFO: emitting event "task update" to 20170509-172412-e6f0 [/jobs]
socketio: INFO: emitting event "task update" to 20170509-173329-1cea [/jobs]
socketio: INFO: emitting event "task update" to 20170509-173229-c795 [/jobs]
socketio: INFO: emitting event "task update" to 20170509-172202-9230 [/jobs]
socketio: INFO: emitting event "task update" to 20170509-173331-d237 [/jobs]
socketio: INFO: emitting event "task update" to 20170509-172317-7da8 [/jobs]
socketio: INFO: emitting event "task update" to 20170509-173008-ee07 [/jobs]
socketio: INFO: emitting event "task update" to 20170509-172210-1907 [/jobs]
socketio: INFO: emitting event "task update" to 20170509-173333-e98b [/jobs]
socketio: INFO: emitting event "task update" to 20170509-172825-84c5 [/jobs]
socketio: INFO: emitting event "task update" to 20170509-173335-6067 [/jobs]
socketio: INFO: emitting event "task update" to 20170509-172147-4505 [/jobs]
socketio: INFO: emitting event "task update" to 20170509-173337-8532 [/jobs]
socketio: INFO: emitting event "task update" to 20170509-172907-6ffa [/jobs]
socketio: INFO: emitting event "task update" to 20170509-172339-dc52 [/jobs]
socketio: INFO: emitting event "task update" to 20170509-172625-e177 [/jobs]
socketio: INFO: emitting event "task update" to 20170509-173316-5f8a [/jobs]
socketio: INFO: emitting event "task update" to 20170509-173318-416e [/jobs]
socketio: INFO: emitting event "task update" to 20170509-173415-8046 [/jobs]
socketio: INFO: emitting event "task update" to 20170509-173027-0946 [/jobs]
socketio: INFO: emitting event "task update" to 20170509-172218-c9c0 [/jobs]
socketio: INFO: emitting event "task update" to 20170509-172328-6826 [/jobs]
socketio: INFO: emitting event "task update" to 20170509-173403-2593 [/jobs]
socketio: INFO: emitting event "task update" to 20170509-174313-cb2c [/jobs]
socketio: INFO: emitting event "task update" to 20170509-172344-9606 [/jobs]
socketio: INFO: emitting event "task update" to 20170509-172430-a33c [/jobs]
socketio: INFO: emitting event "task update" to 20170509-172605-0fd8 [/jobs]
socketio: INFO: emitting event "task update" to 20170509-172706-cfe6 [/jobs]
socketio: INFO: emitting event "task update" to 20170509-173209-48ad [/jobs]
socketio: INFO: emitting event "task update" to 20170509-173320-66e3 [/jobs]
socketio: INFO: emitting event "task update" to 20170509-172927-67d2 [/jobs]
socketio: INFO: emitting event "task update" to 20170509-173515-e8bf [/jobs]
socketio: INFO: emitting event "task update" to 20170509-172524-d7c0 [/jobs]
socketio: INFO: emitting event "task update" to 20170509-172419-2d22 [/jobs]
socketio: INFO: emitting event "task update" to 20170509-172337-f1aa [/jobs]
socketio: INFO: emitting event "task update" to 20170509-173228-acad [/jobs]
socketio: INFO: emitting event "task update" to 20170509-172350-6fcd [/jobs]
socketio: INFO: emitting event "task update" to 20170509-173357-1ed1 [/jobs]
socketio: INFO: emitting event "task update" to 20170509-172259-8252 [/jobs]
socketio: INFO: emitting event "task update" to 20170509-173322-0807 [/jobs]
socketio: INFO: emitting event "task update" to 20170509-172114-d063 [/jobs]
socketio: INFO: emitting event "task update" to 20170509-172323-89b4 [/jobs]
socketio: INFO: emitting event "task update" to 20170509-174411-45b4 [/jobs]
socketio: INFO: emitting event "task update" to 20170509-173300-0377 [/jobs]
socketio: INFO: emitting event "task update" to 20170509-173245-3417 [/jobs]
socketio: INFO: emitting event "task update" to 20170509-173324-49b0 [/jobs]
socketio: INFO: emitting event "task update" to 20170509-172342-e0ef [/jobs]
socketio: INFO: emitting event "task update" to 20170509-173108-a6ff [/jobs]
socketio: INFO: emitting event "task update" to 20170509-172725-6a13 [/jobs]
socketio: INFO: emitting event "task update" to 20170509-172806-b5bc [/jobs]
socketio: INFO: emitting event "task update" to 20170509-172227-0156 [/jobs]
socketio: INFO: emitting event "task update" to 20170509-172334-9d18 [/jobs]
socketio: INFO: emitting event "task update" to 20170509-173128-33ce [/jobs]
socketio: INFO: emitting event "task update" to 20170509-172347-b92a [/jobs]
socketio: INFO: emitting event "task update" to 20170509-173326-3e6f [/jobs]
socketio: INFO: emitting event "task update" to 20170509-172315-d38b [/jobs]
socketio: INFO: emitting event "task update" to 20170509-174340-86bb [/jobs]
socketio: INFO: emitting event "task update" to 20170509-172516-8f4b [/jobs]
socketio: INFO: emitting event "task update" to 20170509-172352-bfdd [/jobs]
socketio: INFO: emitting event "task update" to 20170509-172412-e6f0 [/jobs]
socketio: INFO: emitting event "task update" to 20170509-173329-1cea [/jobs]
socketio: INFO: emitting event "task update" to 20170509-173229-c795 [/jobs]
socketio: INFO: emitting event "task update" to 20170509-172202-9230 [/jobs]
socketio: INFO: emitting event "task update" to 20170509-173331-d237 [/jobs]
socketio: INFO: emitting event "task update" to 20170509-172317-7da8 [/jobs]
socketio: INFO: emitting event "task update" to 20170509-173008-ee07 [/jobs]
socketio: INFO: emitting event "task update" to 20170509-172210-1907 [/jobs]
socketio: INFO: emitting event "task update" to 20170509-173333-e98b [/jobs]
socketio: INFO: emitting event "task update" to 20170509-172825-84c5 [/jobs]
socketio: INFO: emitting event "task update" to 20170509-173335-6067 [/jobs]
socketio: INFO: emitting event "task update" to 20170509-172147-4505 [/jobs]
socketio: INFO: emitting event "task update" to 20170509-173337-8532 [/jobs]
socketio: INFO: emitting event "task update" to 20170509-172907-6ffa [/jobs]
socketio: INFO: emitting event "task update" to 20170509-172339-dc52 [/jobs]
socketio: INFO: emitting event "task update" to 20170509-172625-e177 [/jobs]
socketio: INFO: emitting event "task update" to 20170509-173316-5f8a [/jobs]
socketio: INFO: emitting event "task update" to 20170509-173318-416e [/jobs]
socketio: INFO: emitting event "task update" to 20170509-173415-8046 [/jobs]
socketio: INFO: emitting event "task update" to 20170509-173027-0946 [/jobs]
socketio: INFO: emitting event "task update" to 20170509-172218-c9c0 [/jobs]
socketio: INFO: emitting event "task update" to 20170509-172328-6826 [/jobs]
socketio: INFO: emitting event "task update" to 20170509-173403-2593 [/jobs]
socketio: INFO: emitting event "task update" to 20170509-174313-cb2c [/jobs]
socketio: INFO: emitting event "task update" to 20170509-172344-9606 [/jobs]
socketio: INFO: emitting event "task update" to 20170509-172430-a33c [/jobs]
socketio: INFO: emitting event "task update" to 20170509-172605-0fd8 [/jobs]
socketio: INFO: emitting event "task update" to 20170509-172706-cfe6 [/jobs]
socketio: INFO: emitting event "task update" to 20170509-173209-48ad [/jobs]
socketio: INFO: emitting event "task update" to 20170509-173320-66e3 [/jobs]
socketio: INFO: emitting event "task update" to 20170509-172927-67d2 [/jobs]
socketio: INFO: emitting event "task update" to 20170509-173515-e8bf [/jobs]
socketio: INFO: emitting event "task update" to 20170509-172524-d7c0 [/jobs]
socketio: INFO: emitting event "task update" to 20170509-172419-2d22 [/jobs]
socketio: INFO: emitting event "task update" to 20170509-172337-f1aa [/jobs]
socketio: INFO: emitting event "task update" to 20170509-173228-acad [/jobs]
socketio: INFO: emitting event "task update" to 20170509-172350-6fcd [/jobs]
socketio: INFO: emitting event "task update" to 20170509-173357-1ed1 [/jobs]
socketio: INFO: emitting event "task update" to 20170509-172259-8252 [/jobs]
socketio: INFO: emitting event "task update" to 20170509-173322-0807 [/jobs]
socketio: INFO: emitting event "task update" to 20170509-172114-d063 [/jobs]
socketio: INFO: emitting event "task update" to 20170509-172323-89b4 [/jobs]
socketio: INFO: emitting event "task update" to 20170509-174411-45b4 [/jobs]
socketio: INFO: emitting event "task update" to 20170509-173300-0377 [/jobs]
socketio: INFO: emitting event "task update" to 20170509-173245-3417 [/jobs]
socketio: INFO: emitting event "task update" to 20170509-173324-49b0 [/jobs]
socketio: INFO: emitting event "task update" to 20170509-172342-e0ef [/jobs]
socketio: INFO: emitting event "task update" to 20170509-173108-a6ff [/jobs]
socketio: INFO: emitting event "task update" to 20170509-172725-6a13 [/jobs]
socketio: INFO: emitting event "task update" to 20170509-172806-b5bc [/jobs]
socketio: INFO: emitting event "task update" to 20170509-172227-0156 [/jobs]
socketio: INFO: emitting event "task update" to 20170509-172334-9d18 [/jobs]
socketio: INFO: emitting event "task update" to 20170509-173128-33ce [/jobs]
digits.webapp: WARNING: Infer Model unrecognized output: WARNING: log_file config option not found - no log file is being saved
digits.webapp: WARNING: Infer Model unrecognized output: 2017-05-09 17:44:17 [ERROR] InferenceError: Unable to find snapshot for epoch=-1.0
digits.webapp: WARNING: Infer Model unrecognized output: Traceback (most recent call last):
digits.webapp: WARNING: Infer Model unrecognized output: File "/home/ethan/digits_GAN/digits/tools/inference.py", line 293, in <module>
digits.webapp: WARNING: Infer Model unrecognized output: args['resize']
digits.webapp: WARNING: Infer Model unrecognized output: File "/home/ethan/digits_GAN/digits/tools/inference.py", line 79, in infer
digits.webapp: WARNING: Infer Model unrecognized output: raise InferenceError("Unable to find snapshot for epoch=%s" % repr(epoch))
digits.webapp: WARNING: Infer Model unrecognized output: digits.inference.errors.InferenceError: 'Unable to find snapshot for epoch=-1.0'
socketio: INFO: emitting event "task update" to 20170509-172347-b92a [/jobs]
digits.webapp: ERROR: Infer Model task failed with error code 1
socketio: INFO: emitting event "task update" to 20170509-174414-d0e3 [/jobs]
socketio: INFO: emitting event "job update" to 20170509-174414-d0e3 [/jobs]
socketio: INFO: emitting event "job update" to job_management [/jobs]
socketio: INFO: emitting event "server update" to job_management [/jobs]
socketio: INFO: emitting event "server update" to job_management [/jobs]
socketio: INFO: emitting event "task update" to 20170509-173326-3e6f [/jobs]
socketio: INFO: emitting event "task update" to 20170509-172315-d38b [/jobs]
socketio: INFO: emitting event "task update" to 20170509-174340-86bb [/jobs]
socketio: INFO: emitting event "task update" to 20170509-172516-8f4b [/jobs]
socketio: INFO: emitting event "task update" to 20170509-172352-bfdd [/jobs]
socketio: INFO: emitting event "task update" to 20170509-172412-e6f0 [/jobs]
socketio: INFO: emitting event "task update" to 20170509-173329-1cea [/jobs]
socketio: INFO: emitting event "task update" to 20170509-173229-c795 [/jobs]
socketio: INFO: emitting event "task update" to 20170509-172202-9230 [/jobs]
socketio: INFO: emitting event "task update" to 20170509-173331-d237 [/jobs]
socketio: INFO: emitting event "task update" to 20170509-172317-7da8 [/jobs]
socketio: INFO: emitting event "task update" to 20170509-173008-ee07 [/jobs]
socketio: INFO: emitting event "task update" to 20170509-172210-1907 [/jobs]
socketio: INFO: emitting event "job update" to 20170509-174414-d0e3 [/jobs]
socketio: INFO: emitting event "job update" to job_management [/jobs]
digits: INFO: Job deleted.
socketio: INFO: emitting event "job update" to job_management [/jobs]
--------------------- >> end captured logging << ---------------------

======================================================================
FAIL: digits.model.images.generic.test_views.TestTensorflowCreatedWithGradientDataExtension.test_infer_db_json
----------------------------------------------------------------------
Traceback (most recent call last):
  File "/home/ethan/.local/lib/python2.7/site-packages/nose/case.py", line 197, in runTest
    self.test(*self.arg)
  File "/home/ethan/digits_GAN/digits/model/images/generic/test_views.py", line 686, in test_infer_db_json
    assert rv.status_code == 200, 'POST failed with %s\n\n%s' % (rv.status_code, rv.data)
AssertionError: POST failed with 500

{
  "error": {
    "message": "'NoneType' object is not iterable",
    "trace": [
      "Traceback (most recent call last):",
      "  File \"/usr/lib/python2.7/dist-packages/flask/app.py\", line 1475, in full_dispatch_request",
      "    rv = self.dispatch_request()",
      "  File \"/usr/lib/python2.7/dist-packages/flask/app.py\", line 1461, in dispatch_request",
      "    return self.view_functions[rule.endpoint](**req.view_args)",
      "  File \"/home/ethan/digits_GAN/digits/webapp.py\", line 81, in decorated",
      "    return f(*args, **kwargs)",
      "  File \"/home/ethan/digits_GAN/digits/model/images/generic/views.py\", line 600, in infer_db",
      "    for i, key in enumerate(keys):",
      "TypeError: 'NoneType' object is not iterable",
      ""
    ],
    "type": "TypeError"
  }
}
-------------------- >> begin captured logging << --------------------
socketio: INFO: emitting event "job update" to job_management [/jobs]
socketio: INFO: emitting event "task update" to 20170509-173333-e98b [/jobs]
socketio: INFO: emitting event "task update" to 20170509-172825-84c5 [/jobs]
socketio: INFO: emitting event "task update" to 20170509-173335-6067 [/jobs]
socketio: INFO: emitting event "task update" to 20170509-172147-4505 [/jobs]
socketio: INFO: emitting event "task update" to 20170509-173337-8532 [/jobs]
socketio: INFO: emitting event "task update" to 20170509-172907-6ffa [/jobs]
socketio: INFO: emitting event "task update" to 20170509-172339-dc52 [/jobs]
socketio: INFO: emitting event "task update" to 20170509-172625-e177 [/jobs]
socketio: INFO: emitting event "task update" to 20170509-173316-5f8a [/jobs]
socketio: INFO: emitting event "task update" to 20170509-173318-416e [/jobs]
socketio: INFO: emitting event "task update" to 20170509-173415-8046 [/jobs]
socketio: INFO: emitting event "task update" to 20170509-173027-0946 [/jobs]
socketio: INFO: emitting event "job update" to 20170509-174417-a92b [/jobs]
socketio: INFO: emitting event "job update" to job_management [/jobs]
socketio: INFO: emitting event "server update" to job_management [/jobs]
socketio: INFO: emitting event "server update" to job_management [/jobs]
socketio: INFO: emitting event "task update" to 20170509-172218-c9c0 [/jobs]
digits.webapp: INFO: Infer Model task started.
socketio: INFO: emitting event "task update" to 20170509-174417-a92b [/jobs]
socketio: INFO: emitting event "job update" to 20170509-174417-a92b [/jobs]
socketio: INFO: emitting event "job update" to job_management [/jobs]
digits.webapp: INFO: Task subprocess args: "/usr/bin/python2 /home/ethan/digits_GAN/digits/tools/inference.py /tmp/tmpX3R8Ve/20170509-174404-70b8/val_db/features /tmp/tmpX3R8Ve/20170509-174417-a92b 20170509-174411-45b4 --jobs_dir=/tmp/tmpX3R8Ve --layers=none --gpu=0 --db"
socketio: INFO: emitting event "task update" to 20170509-172328-6826 [/jobs]
socketio: INFO: emitting event "task update" to 20170509-173403-2593 [/jobs]
socketio: INFO: emitting event "task update" to 20170509-174313-cb2c [/jobs]
socketio: INFO: emitting event "task update" to 20170509-172344-9606 [/jobs]
socketio: INFO: emitting event "task update" to 20170509-172430-a33c [/jobs]
socketio: INFO: emitting event "task update" to 20170509-172605-0fd8 [/jobs]
socketio: INFO: emitting event "task update" to 20170509-172706-cfe6 [/jobs]
socketio: INFO: emitting event "task update" to 20170509-173209-48ad [/jobs]
socketio: INFO: emitting event "task update" to 20170509-173320-66e3 [/jobs]
socketio: INFO: emitting event "task update" to 20170509-172927-67d2 [/jobs]
socketio: INFO: emitting event "task update" to 20170509-173515-e8bf [/jobs]
socketio: INFO: emitting event "task update" to 20170509-172524-d7c0 [/jobs]
socketio: INFO: emitting event "task update" to 20170509-172419-2d22 [/jobs]
socketio: INFO: emitting event "task update" to 20170509-172337-f1aa [/jobs]
socketio: INFO: emitting event "task update" to 20170509-173228-acad [/jobs]
socketio: INFO: emitting event "task update" to 20170509-172350-6fcd [/jobs]
socketio: INFO: emitting event "task update" to 20170509-173357-1ed1 [/jobs]
socketio: INFO: emitting event "task update" to 20170509-172259-8252 [/jobs]
socketio: INFO: emitting event "task update" to 20170509-173322-0807 [/jobs]
socketio: INFO: emitting event "task update" to 20170509-172114-d063 [/jobs]
socketio: INFO: emitting event "task update" to 20170509-172323-89b4 [/jobs]
socketio: INFO: emitting event "task update" to 20170509-174411-45b4 [/jobs]
socketio: INFO: emitting event "task update" to 20170509-173300-0377 [/jobs]
socketio: INFO: emitting event "task update" to 20170509-173245-3417 [/jobs]
socketio: INFO: emitting event "task update" to 20170509-173324-49b0 [/jobs]
socketio: INFO: emitting event "task update" to 20170509-172342-e0ef [/jobs]
socketio: INFO: emitting event "task update" to 20170509-173108-a6ff [/jobs]
socketio: INFO: emitting event "task update" to 20170509-172725-6a13 [/jobs]
socketio: INFO: emitting event "task update" to 20170509-172806-b5bc [/jobs]
socketio: INFO: emitting event "task update" to 20170509-172227-0156 [/jobs]
socketio: INFO: emitting event "task update" to 20170509-172334-9d18 [/jobs]
socketio: INFO: emitting event "task update" to 20170509-173128-33ce [/jobs]
socketio: INFO: emitting event "task update" to 20170509-172347-b92a [/jobs]
socketio: INFO: emitting event "task update" to 20170509-173326-3e6f [/jobs]
socketio: INFO: emitting event "task update" to 20170509-172315-d38b [/jobs]
socketio: INFO: emitting event "task update" to 20170509-174340-86bb [/jobs]
socketio: INFO: emitting event "task update" to 20170509-172516-8f4b [/jobs]
socketio: INFO: emitting event "task update" to 20170509-172352-bfdd [/jobs]
socketio: INFO: emitting event "task update" to 20170509-172412-e6f0 [/jobs]
socketio: INFO: emitting event "task update" to 20170509-173329-1cea [/jobs]
socketio: INFO: emitting event "task update" to 20170509-173229-c795 [/jobs]
socketio: INFO: emitting event "task update" to 20170509-172202-9230 [/jobs]
socketio: INFO: emitting event "task update" to 20170509-173331-d237 [/jobs]
socketio: INFO: emitting event "task update" to 20170509-172317-7da8 [/jobs]
socketio: INFO: emitting event "task update" to 20170509-173008-ee07 [/jobs]
socketio: INFO: emitting event "task update" to 20170509-172210-1907 [/jobs]
socketio: INFO: emitting event "task update" to 20170509-173333-e98b [/jobs]
socketio: INFO: emitting event "task update" to 20170509-172825-84c5 [/jobs]
socketio: INFO: emitting event "task update" to 20170509-173335-6067 [/jobs]
socketio: INFO: emitting event "task update" to 20170509-172147-4505 [/jobs]
socketio: INFO: emitting event "task update" to 20170509-173337-8532 [/jobs]
socketio: INFO: emitting event "task update" to 20170509-172907-6ffa [/jobs]
socketio: INFO: emitting event "task update" to 20170509-172339-dc52 [/jobs]
socketio: INFO: emitting event "task update" to 20170509-172625-e177 [/jobs]
socketio: INFO: emitting event "task update" to 20170509-173316-5f8a [/jobs]
socketio: INFO: emitting event "task update" to 20170509-173318-416e [/jobs]
socketio: INFO: emitting event "task update" to 20170509-173415-8046 [/jobs]
socketio: INFO: emitting event "task update" to 20170509-173027-0946 [/jobs]
socketio: INFO: emitting event "task update" to 20170509-172218-c9c0 [/jobs]
socketio: INFO: emitting event "task update" to 20170509-172328-6826 [/jobs]
socketio: INFO: emitting event "task update" to 20170509-173403-2593 [/jobs]
socketio: INFO: emitting event "task update" to 20170509-174313-cb2c [/jobs]
socketio: INFO: emitting event "task update" to 20170509-172344-9606 [/jobs]
socketio: INFO: emitting event "task update" to 20170509-172430-a33c [/jobs]
socketio: INFO: emitting event "task update" to 20170509-172605-0fd8 [/jobs]
socketio: INFO: emitting event "task update" to 20170509-172706-cfe6 [/jobs]
socketio: INFO: emitting event "task update" to 20170509-173209-48ad [/jobs]
socketio: INFO: emitting event "task update" to 20170509-173320-66e3 [/jobs]
socketio: INFO: emitting event "task update" to 20170509-172927-67d2 [/jobs]
socketio: INFO: emitting event "task update" to 20170509-173515-e8bf [/jobs]
socketio: INFO: emitting event "task update" to 20170509-172524-d7c0 [/jobs]
socketio: INFO: emitting event "task update" to 20170509-172419-2d22 [/jobs]
socketio: INFO: emitting event "task update" to 20170509-172337-f1aa [/jobs]
socketio: INFO: emitting event "task update" to 20170509-173228-acad [/jobs]
socketio: INFO: emitting event "task update" to 20170509-172350-6fcd [/jobs]
socketio: INFO: emitting event "task update" to 20170509-173357-1ed1 [/jobs]
socketio: INFO: emitting event "task update" to 20170509-172259-8252 [/jobs]
socketio: INFO: emitting event "task update" to 20170509-173322-0807 [/jobs]
socketio: INFO: emitting event "task update" to 20170509-172114-d063 [/jobs]
socketio: INFO: emitting event "task update" to 20170509-172323-89b4 [/jobs]
socketio: INFO: emitting event "task update" to 20170509-174411-45b4 [/jobs]
socketio: INFO: emitting event "task update" to 20170509-173300-0377 [/jobs]
socketio: INFO: emitting event "task update" to 20170509-173245-3417 [/jobs]
socketio: INFO: emitting event "task update" to 20170509-173324-49b0 [/jobs]
socketio: INFO: emitting event "task update" to 20170509-172342-e0ef [/jobs]
socketio: INFO: emitting event "task update" to 20170509-173108-a6ff [/jobs]
socketio: INFO: emitting event "task update" to 20170509-172725-6a13 [/jobs]
socketio: INFO: emitting event "task update" to 20170509-172806-b5bc [/jobs]
socketio: INFO: emitting event "task update" to 20170509-172227-0156 [/jobs]
socketio: INFO: emitting event "task update" to 20170509-172334-9d18 [/jobs]
socketio: INFO: emitting event "task update" to 20170509-173128-33ce [/jobs]
socketio: INFO: emitting event "task update" to 20170509-172347-b92a [/jobs]
socketio: INFO: emitting event "task update" to 20170509-173326-3e6f [/jobs]
socketio: INFO: emitting event "task update" to 20170509-172315-d38b [/jobs]
socketio: INFO: emitting event "task update" to 20170509-174340-86bb [/jobs]
socketio: INFO: emitting event "task update" to 20170509-172516-8f4b [/jobs]
socketio: INFO: emitting event "task update" to 20170509-172352-bfdd [/jobs]
socketio: INFO: emitting event "task update" to 20170509-172412-e6f0 [/jobs]
socketio: INFO: emitting event "task update" to 20170509-173329-1cea [/jobs]
socketio: INFO: emitting event "task update" to 20170509-173229-c795 [/jobs]
socketio: INFO: emitting event "task update" to 20170509-172202-9230 [/jobs]
socketio: INFO: emitting event "task update" to 20170509-173331-d237 [/jobs]
socketio: INFO: emitting event "task update" to 20170509-172317-7da8 [/jobs]
socketio: INFO: emitting event "task update" to 20170509-173008-ee07 [/jobs]
socketio: INFO: emitting event "task update" to 20170509-172210-1907 [/jobs]
socketio: INFO: emitting event "task update" to 20170509-173333-e98b [/jobs]
socketio: INFO: emitting event "task update" to 20170509-172825-84c5 [/jobs]
socketio: INFO: emitting event "task update" to 20170509-173335-6067 [/jobs]
socketio: INFO: emitting event "task update" to 20170509-172147-4505 [/jobs]
socketio: INFO: emitting event "task update" to 20170509-173337-8532 [/jobs]
socketio: INFO: emitting event "task update" to 20170509-172907-6ffa [/jobs]
socketio: INFO: emitting event "task update" to 20170509-172339-dc52 [/jobs]
socketio: INFO: emitting event "task update" to 20170509-172625-e177 [/jobs]
socketio: INFO: emitting event "task update" to 20170509-173316-5f8a [/jobs]
socketio: INFO: emitting event "task update" to 20170509-173318-416e [/jobs]
socketio: INFO: emitting event "task update" to 20170509-173415-8046 [/jobs]
socketio: INFO: emitting event "task update" to 20170509-173027-0946 [/jobs]
socketio: INFO: emitting event "task update" to 20170509-172218-c9c0 [/jobs]
socketio: INFO: emitting event "task update" to 20170509-172328-6826 [/jobs]
socketio: INFO: emitting event "task update" to 20170509-173403-2593 [/jobs]
socketio: INFO: emitting event "task update" to 20170509-174313-cb2c [/jobs]
socketio: INFO: emitting event "task update" to 20170509-172344-9606 [/jobs]
socketio: INFO: emitting event "task update" to 20170509-172430-a33c [/jobs]
socketio: INFO: emitting event "task update" to 20170509-172605-0fd8 [/jobs]
socketio: INFO: emitting event "task update" to 20170509-172706-cfe6 [/jobs]
socketio: INFO: emitting event "task update" to 20170509-173209-48ad [/jobs]
socketio: INFO: emitting event "task update" to 20170509-173320-66e3 [/jobs]
socketio: INFO: emitting event "task update" to 20170509-172927-67d2 [/jobs]
socketio: INFO: emitting event "task update" to 20170509-173515-e8bf [/jobs]
socketio: INFO: emitting event "task update" to 20170509-172524-d7c0 [/jobs]
socketio: INFO: emitting event "task update" to 20170509-172419-2d22 [/jobs]
socketio: INFO: emitting event "task update" to 20170509-172337-f1aa [/jobs]
socketio: INFO: emitting event "task update" to 20170509-173228-acad [/jobs]
socketio: INFO: emitting event "task update" to 20170509-172350-6fcd [/jobs]
socketio: INFO: emitting event "task update" to 20170509-173357-1ed1 [/jobs]
socketio: INFO: emitting event "task update" to 20170509-172259-8252 [/jobs]
socketio: INFO: emitting event "task update" to 20170509-173322-0807 [/jobs]
socketio: INFO: emitting event "task update" to 20170509-172114-d063 [/jobs]
socketio: INFO: emitting event "task update" to 20170509-172323-89b4 [/jobs]
socketio: INFO: emitting event "task update" to 20170509-174411-45b4 [/jobs]
socketio: INFO: emitting event "task update" to 20170509-173300-0377 [/jobs]
socketio: INFO: emitting event "task update" to 20170509-173245-3417 [/jobs]
socketio: INFO: emitting event "task update" to 20170509-173324-49b0 [/jobs]
digits.webapp: WARNING: Infer Model unrecognized output: WARNING: log_file config option not found - no log file is being saved
digits.webapp: WARNING: Infer Model unrecognized output: 2017-05-09 17:44:20 [ERROR] InferenceError: Unable to find snapshot for epoch=-1.0
digits.webapp: WARNING: Infer Model unrecognized output: Traceback (most recent call last):
digits.webapp: WARNING: Infer Model unrecognized output: File "/home/ethan/digits_GAN/digits/tools/inference.py", line 293, in <module>
digits.webapp: WARNING: Infer Model unrecognized output: args['resize']
digits.webapp: WARNING: Infer Model unrecognized output: File "/home/ethan/digits_GAN/digits/tools/inference.py", line 79, in infer
digits.webapp: WARNING: Infer Model unrecognized output: raise InferenceError("Unable to find snapshot for epoch=%s" % repr(epoch))
digits.webapp: WARNING: Infer Model unrecognized output: digits.inference.errors.InferenceError: 'Unable to find snapshot for epoch=-1.0'
socketio: INFO: emitting event "task update" to 20170509-172342-e0ef [/jobs]
socketio: INFO: emitting event "task update" to 20170509-173108-a6ff [/jobs]
socketio: INFO: emitting event "task update" to 20170509-172725-6a13 [/jobs]
socketio: INFO: emitting event "task update" to 20170509-172806-b5bc [/jobs]
socketio: INFO: emitting event "task update" to 20170509-172227-0156 [/jobs]
digits.webapp: ERROR: Infer Model task failed with error code 1
socketio: INFO: emitting event "task update" to 20170509-174417-a92b [/jobs]
socketio: INFO: emitting event "job update" to 20170509-174417-a92b [/jobs]
socketio: INFO: emitting event "job update" to job_management [/jobs]
socketio: INFO: emitting event "server update" to job_management [/jobs]
socketio: INFO: emitting event "server update" to job_management [/jobs]
socketio: INFO: emitting event "task update" to 20170509-172334-9d18 [/jobs]
socketio: INFO: emitting event "task update" to 20170509-173128-33ce [/jobs]
socketio: INFO: emitting event "job update" to 20170509-174417-a92b [/jobs]
socketio: INFO: emitting event "job update" to job_management [/jobs]
digits: INFO: Job deleted.
socketio: INFO: emitting event "job update" to job_management [/jobs]
--------------------- >> end captured logging << ---------------------

======================================================================
FAIL: digits.model.images.generic.test_views.TestTensorflowCreatedWithGradientDataExtension.test_infer_extension_json
----------------------------------------------------------------------
Traceback (most recent call last):
  File "/home/ethan/.local/lib/python2.7/site-packages/nose/case.py", line 197, in runTest
    self.test(*self.arg)
  File "/home/ethan/digits_GAN/digits/model/images/generic/test_views.py", line 735, in test_infer_extension_json
    assert rv.status_code == 200, 'POST failed with %s' % rv.status_code
AssertionError: POST failed with 500
-------------------- >> begin captured logging << --------------------
socketio: INFO: emitting event "job update" to job_management [/jobs]
socketio: INFO: emitting event "job update" to 20170509-174420-9a7f [/jobs]
socketio: INFO: emitting event "job update" to job_management [/jobs]
socketio: INFO: emitting event "server update" to job_management [/jobs]
socketio: INFO: emitting event "server update" to job_management [/jobs]
socketio: INFO: emitting event "task update" to 20170509-174420-9a7f [/jobs]
socketio: INFO: emitting event "job update" to 20170509-174420-9a7f [/jobs]
socketio: INFO: emitting event "job update" to job_management [/jobs]
digits.webapp: INFO: Create train_db DB task started.
socketio: INFO: emitting event "task update" to 20170509-174420-9a7f [/jobs]
socketio: INFO: emitting event "job update" to 20170509-174420-9a7f [/jobs]
socketio: INFO: emitting event "job update" to job_management [/jobs]
digits.webapp: INFO: Task subprocess args: "/usr/bin/python2 /home/ethan/digits_GAN/digits/tools/create_generic_db.py 20170509-174420-9a7f --stage=train_db --jobs_dir=/tmp/tmpX3R8Ve"
digits.webapp: INFO: Create val_db DB task started.
socketio: INFO: emitting event "task update" to 20170509-174420-9a7f [/jobs]
socketio: INFO: emitting event "job update" to 20170509-174420-9a7f [/jobs]
socketio: INFO: emitting event "job update" to job_management [/jobs]
digits.webapp: INFO: Task subprocess args: "/usr/bin/python2 /home/ethan/digits_GAN/digits/tools/create_generic_db.py 20170509-174420-9a7f --stage=val_db --jobs_dir=/tmp/tmpX3R8Ve"
socketio: INFO: emitting event "task update" to 20170509-172347-b92a [/jobs]
socketio: INFO: emitting event "task update" to 20170509-173326-3e6f [/jobs]
socketio: INFO: emitting event "task update" to 20170509-172315-d38b [/jobs]
socketio: INFO: emitting event "task update" to 20170509-174340-86bb [/jobs]
socketio: INFO: emitting event "task update" to 20170509-172516-8f4b [/jobs]
socketio: INFO: emitting event "task update" to 20170509-172352-bfdd [/jobs]
socketio: INFO: emitting event "task update" to 20170509-172412-e6f0 [/jobs]
socketio: INFO: emitting event "task update" to 20170509-173329-1cea [/jobs]
socketio: INFO: emitting event "task update" to 20170509-173229-c795 [/jobs]
socketio: INFO: emitting event "task update" to 20170509-172202-9230 [/jobs]
socketio: INFO: emitting event "task update" to 20170509-173331-d237 [/jobs]
socketio: INFO: emitting event "task update" to 20170509-172317-7da8 [/jobs]
socketio: INFO: emitting event "task update" to 20170509-173008-ee07 [/jobs]
socketio: INFO: emitting event "task update" to 20170509-172210-1907 [/jobs]
socketio: INFO: emitting event "task update" to 20170509-173333-e98b [/jobs]
socketio: INFO: emitting event "task update" to 20170509-172825-84c5 [/jobs]
socketio: INFO: emitting event "task update" to 20170509-173335-6067 [/jobs]
socketio: INFO: emitting event "task update" to 20170509-172147-4505 [/jobs]
socketio: INFO: emitting event "task update" to 20170509-173337-8532 [/jobs]
socketio: INFO: emitting event "task update" to 20170509-172907-6ffa [/jobs]
socketio: INFO: emitting event "task update" to 20170509-172339-dc52 [/jobs]
socketio: INFO: emitting event "task update" to 20170509-172625-e177 [/jobs]
socketio: INFO: emitting event "task update" to 20170509-173316-5f8a [/jobs]
socketio: INFO: emitting event "task update" to 20170509-173318-416e [/jobs]
socketio: INFO: emitting event "task update" to 20170509-173415-8046 [/jobs]
socketio: INFO: emitting event "task update" to 20170509-173027-0946 [/jobs]
socketio: INFO: emitting event "task update" to 20170509-172218-c9c0 [/jobs]
socketio: INFO: emitting event "task update" to 20170509-172328-6826 [/jobs]
socketio: INFO: emitting event "task update" to 20170509-173403-2593 [/jobs]
socketio: INFO: emitting event "task update" to 20170509-174313-cb2c [/jobs]
socketio: INFO: emitting event "task update" to 20170509-172344-9606 [/jobs]
socketio: INFO: emitting event "task update" to 20170509-172430-a33c [/jobs]
socketio: INFO: emitting event "task update" to 20170509-172605-0fd8 [/jobs]
socketio: INFO: emitting event "task update" to 20170509-172706-cfe6 [/jobs]
socketio: INFO: emitting event "task update" to 20170509-173209-48ad [/jobs]
socketio: INFO: emitting event "task update" to 20170509-173320-66e3 [/jobs]
socketio: INFO: emitting event "task update" to 20170509-172927-67d2 [/jobs]
socketio: INFO: emitting event "task update" to 20170509-173515-e8bf [/jobs]
socketio: INFO: emitting event "task update" to 20170509-172524-d7c0 [/jobs]
socketio: INFO: emitting event "task update" to 20170509-172419-2d22 [/jobs]
socketio: INFO: emitting event "task update" to 20170509-172337-f1aa [/jobs]
socketio: INFO: emitting event "task update" to 20170509-173228-acad [/jobs]
socketio: INFO: emitting event "task update" to 20170509-172350-6fcd [/jobs]
socketio: INFO: emitting event "task update" to 20170509-173357-1ed1 [/jobs]
socketio: INFO: emitting event "task update" to 20170509-172259-8252 [/jobs]
socketio: INFO: emitting event "task update" to 20170509-173322-0807 [/jobs]
socketio: INFO: emitting event "task update" to 20170509-172114-d063 [/jobs]
socketio: INFO: emitting event "task update" to 20170509-172323-89b4 [/jobs]
socketio: INFO: emitting event "task update" to 20170509-174411-45b4 [/jobs]
socketio: INFO: emitting event "task update" to 20170509-173300-0377 [/jobs]
socketio: INFO: emitting event "task update" to 20170509-173245-3417 [/jobs]
socketio: INFO: emitting event "task update" to 20170509-173324-49b0 [/jobs]
socketio: INFO: emitting event "task update" to 20170509-172342-e0ef [/jobs]
socketio: INFO: emitting event "task update" to 20170509-173108-a6ff [/jobs]
socketio: INFO: emitting event "task update" to 20170509-172725-6a13 [/jobs]
socketio: INFO: emitting event "task update" to 20170509-172806-b5bc [/jobs]
socketio: INFO: emitting event "task update" to 20170509-172227-0156 [/jobs]
socketio: INFO: emitting event "task update" to 20170509-172334-9d18 [/jobs]
socketio: INFO: emitting event "task update" to 20170509-173128-33ce [/jobs]
socketio: INFO: emitting event "task update" to 20170509-172347-b92a [/jobs]
socketio: INFO: emitting event "task update" to 20170509-173326-3e6f [/jobs]
socketio: INFO: emitting event "task update" to 20170509-172315-d38b [/jobs]
socketio: INFO: emitting event "task update" to 20170509-174340-86bb [/jobs]
socketio: INFO: emitting event "task update" to 20170509-172516-8f4b [/jobs]
socketio: INFO: emitting event "task update" to 20170509-172352-bfdd [/jobs]
socketio: INFO: emitting event "task update" to 20170509-172412-e6f0 [/jobs]
socketio: INFO: emitting event "task update" to 20170509-173329-1cea [/jobs]
socketio: INFO: emitting event "task update" to 20170509-173229-c795 [/jobs]
socketio: INFO: emitting event "task update" to 20170509-172202-9230 [/jobs]
socketio: INFO: emitting event "task update" to 20170509-173331-d237 [/jobs]
socketio: INFO: emitting event "task update" to 20170509-172317-7da8 [/jobs]
socketio: INFO: emitting event "task update" to 20170509-173008-ee07 [/jobs]
socketio: INFO: emitting event "task update" to 20170509-172210-1907 [/jobs]
socketio: INFO: emitting event "task update" to 20170509-173333-e98b [/jobs]
socketio: INFO: emitting event "task update" to 20170509-172825-84c5 [/jobs]
socketio: INFO: emitting event "task update" to 20170509-173335-6067 [/jobs]
socketio: INFO: emitting event "task update" to 20170509-172147-4505 [/jobs]
socketio: INFO: emitting event "task update" to 20170509-173337-8532 [/jobs]
socketio: INFO: emitting event "task update" to 20170509-172907-6ffa [/jobs]
socketio: INFO: emitting event "task update" to 20170509-172339-dc52 [/jobs]
socketio: INFO: emitting event "task update" to 20170509-172625-e177 [/jobs]
socketio: INFO: emitting event "task update" to 20170509-173316-5f8a [/jobs]
socketio: INFO: emitting event "task update" to 20170509-173318-416e [/jobs]
socketio: INFO: emitting event "task update" to 20170509-173415-8046 [/jobs]
socketio: INFO: emitting event "task update" to 20170509-173027-0946 [/jobs]
socketio: INFO: emitting event "task update" to 20170509-172218-c9c0 [/jobs]
socketio: INFO: emitting event "task update" to 20170509-172328-6826 [/jobs]
socketio: INFO: emitting event "task update" to 20170509-173403-2593 [/jobs]
socketio: INFO: emitting event "task update" to 20170509-174313-cb2c [/jobs]
socketio: INFO: emitting event "task update" to 20170509-172344-9606 [/jobs]
socketio: INFO: emitting event "task update" to 20170509-172430-a33c [/jobs]
socketio: INFO: emitting event "task update" to 20170509-172605-0fd8 [/jobs]
socketio: INFO: emitting event "task update" to 20170509-172706-cfe6 [/jobs]
socketio: INFO: emitting event "task update" to 20170509-173209-48ad [/jobs]
socketio: INFO: emitting event "task update" to 20170509-173320-66e3 [/jobs]
socketio: INFO: emitting event "task update" to 20170509-172927-67d2 [/jobs]
socketio: INFO: emitting event "task update" to 20170509-173515-e8bf [/jobs]
socketio: INFO: emitting event "task update" to 20170509-172524-d7c0 [/jobs]
socketio: INFO: emitting event "task update" to 20170509-172419-2d22 [/jobs]
socketio: INFO: emitting event "task update" to 20170509-172337-f1aa [/jobs]
socketio: INFO: emitting event "task update" to 20170509-173228-acad [/jobs]
socketio: INFO: emitting event "task update" to 20170509-172350-6fcd [/jobs]
socketio: INFO: emitting event "task update" to 20170509-173357-1ed1 [/jobs]
socketio: INFO: emitting event "task update" to 20170509-172259-8252 [/jobs]
socketio: INFO: emitting event "task update" to 20170509-173322-0807 [/jobs]
socketio: INFO: emitting event "task update" to 20170509-172114-d063 [/jobs]
socketio: INFO: emitting event "task update" to 20170509-172323-89b4 [/jobs]
socketio: INFO: emitting event "task update" to 20170509-174411-45b4 [/jobs]
socketio: INFO: emitting event "task update" to 20170509-173300-0377 [/jobs]
socketio: INFO: emitting event "task update" to 20170509-173245-3417 [/jobs]
socketio: INFO: emitting event "task update" to 20170509-173324-49b0 [/jobs]
socketio: INFO: emitting event "task update" to 20170509-172342-e0ef [/jobs]
socketio: INFO: emitting event "task update" to 20170509-173108-a6ff [/jobs]
socketio: INFO: emitting event "task update" to 20170509-172725-6a13 [/jobs]
socketio: INFO: emitting event "task update" to 20170509-172806-b5bc [/jobs]
socketio: INFO: emitting event "task update" to 20170509-172227-0156 [/jobs]
socketio: INFO: emitting event "task update" to 20170509-172334-9d18 [/jobs]
socketio: INFO: emitting event "task update" to 20170509-173128-33ce [/jobs]
socketio: INFO: emitting event "task update" to 20170509-172347-b92a [/jobs]
socketio: INFO: emitting event "task update" to 20170509-173326-3e6f [/jobs]
socketio: INFO: emitting event "task update" to 20170509-172315-d38b [/jobs]
socketio: INFO: emitting event "task update" to 20170509-174340-86bb [/jobs]
socketio: INFO: emitting event "task update" to 20170509-172516-8f4b [/jobs]
socketio: INFO: emitting event "task update" to 20170509-172352-bfdd [/jobs]
socketio: INFO: emitting event "task update" to 20170509-172412-e6f0 [/jobs]
socketio: INFO: emitting event "task update" to 20170509-173329-1cea [/jobs]
socketio: INFO: emitting event "task update" to 20170509-173229-c795 [/jobs]
socketio: INFO: emitting event "task update" to 20170509-172202-9230 [/jobs]
socketio: INFO: emitting event "task update" to 20170509-173331-d237 [/jobs]
socketio: INFO: emitting event "task update" to 20170509-172317-7da8 [/jobs]
socketio: INFO: emitting event "task update" to 20170509-173008-ee07 [/jobs]
socketio: INFO: emitting event "task update" to 20170509-172210-1907 [/jobs]
socketio: INFO: emitting event "task update" to 20170509-173333-e98b [/jobs]
socketio: INFO: emitting event "task update" to 20170509-172825-84c5 [/jobs]
socketio: INFO: emitting event "task update" to 20170509-173335-6067 [/jobs]
socketio: INFO: emitting event "task update" to 20170509-172147-4505 [/jobs]
socketio: INFO: emitting event "task update" to 20170509-173337-8532 [/jobs]
socketio: INFO: emitting event "task update" to 20170509-172907-6ffa [/jobs]
socketio: INFO: emitting event "task update" to 20170509-172339-dc52 [/jobs]
socketio: INFO: emitting event "task update" to 20170509-172625-e177 [/jobs]
socketio: INFO: emitting event "task update" to 20170509-173316-5f8a [/jobs]
socketio: INFO: emitting event "task update" to 20170509-173318-416e [/jobs]
socketio: INFO: emitting event "task update" to 20170509-173415-8046 [/jobs]
socketio: INFO: emitting event "task update" to 20170509-173027-0946 [/jobs]
socketio: INFO: emitting event "task update" to 20170509-172218-c9c0 [/jobs]
socketio: INFO: emitting event "task update" to 20170509-172328-6826 [/jobs]
socketio: INFO: emitting event "task update" to 20170509-173403-2593 [/jobs]
socketio: INFO: emitting event "task update" to 20170509-174313-cb2c [/jobs]
socketio: INFO: emitting event "task update" to 20170509-172344-9606 [/jobs]
socketio: INFO: emitting event "task update" to 20170509-172430-a33c [/jobs]
socketio: INFO: emitting event "task update" to 20170509-172605-0fd8 [/jobs]
socketio: INFO: emitting event "task update" to 20170509-172706-cfe6 [/jobs]
socketio: INFO: emitting event "task update" to 20170509-173209-48ad [/jobs]
socketio: INFO: emitting event "task update" to 20170509-173320-66e3 [/jobs]
socketio: INFO: emitting event "task update" to 20170509-172927-67d2 [/jobs]
socketio: INFO: emitting event "task update" to 20170509-173515-e8bf [/jobs]
socketio: INFO: emitting event "task update" to 20170509-172524-d7c0 [/jobs]
socketio: INFO: emitting event "task update" to 20170509-172419-2d22 [/jobs]
socketio: INFO: emitting event "task update" to 20170509-172337-f1aa [/jobs]
socketio: INFO: emitting event "task update" to 20170509-173228-acad [/jobs]
socketio: INFO: emitting event "task update" to 20170509-172350-6fcd [/jobs]
socketio: INFO: emitting event "task update" to 20170509-173357-1ed1 [/jobs]
socketio: INFO: emitting event "task update" to 20170509-172259-8252 [/jobs]
socketio: INFO: emitting event "task update" to 20170509-173322-0807 [/jobs]
socketio: INFO: emitting event "task update" to 20170509-172114-d063 [/jobs]
socketio: INFO: emitting event "task update" to 20170509-172323-89b4 [/jobs]
socketio: INFO: emitting event "task update" to 20170509-174411-45b4 [/jobs]
socketio: INFO: emitting event "task update" to 20170509-173300-0377 [/jobs]
socketio: INFO: emitting event "task update" to 20170509-173245-3417 [/jobs]
socketio: INFO: emitting event "task update" to 20170509-173324-49b0 [/jobs]
socketio: INFO: emitting event "task update" to 20170509-172342-e0ef [/jobs]
socketio: INFO: emitting event "task update" to 20170509-173108-a6ff [/jobs]
digits.webapp: WARNING: Create val_db DB unrecognized output: WARNING: log_file config option not found - no log file is being saved
digits.webapp: WARNING: Create val_db DB unrecognized output: 2017-05-09 17:44:23 [INFO ] Generic DB creation Done
socketio: INFO: emitting event "task update" to 20170509-172725-6a13 [/jobs]
socketio: INFO: emitting event "task update" to 20170509-172806-b5bc [/jobs]
digits.webapp: WARNING: Create train_db DB unrecognized output: WARNING: log_file config option not found - no log file is being saved
digits.webapp: WARNING: Create train_db DB unrecognized output: 2017-05-09 17:44:23 [INFO ] Generic DB creation Done
socketio: INFO: emitting event "task update" to 20170509-172227-0156 [/jobs]
socketio: INFO: emitting event "task update" to 20170509-172334-9d18 [/jobs]
socketio: INFO: emitting event "task update" to 20170509-173128-33ce [/jobs]
digits.webapp: INFO: Create val_db DB task completed.
socketio: INFO: emitting event "task update" to 20170509-174420-9a7f [/jobs]
socketio: INFO: emitting event "job update" to job_management [/jobs]
socketio: INFO: emitting event "task update" to 20170509-174420-9a7f [/jobs]
socketio: INFO: emitting event "job update" to 20170509-174420-9a7f [/jobs]
socketio: INFO: emitting event "job update" to job_management [/jobs]
socketio: INFO: emitting event "server update" to job_management [/jobs]
socketio: INFO: emitting event "server update" to job_management [/jobs]
digits.webapp: INFO: Create test_db DB task started.
socketio: INFO: emitting event "task update" to 20170509-174420-9a7f [/jobs]
socketio: INFO: emitting event "job update" to 20170509-174420-9a7f [/jobs]
socketio: INFO: emitting event "job update" to job_management [/jobs]
digits.webapp: INFO: Task subprocess args: "/usr/bin/python2 /home/ethan/digits_GAN/digits/tools/create_generic_db.py 20170509-174420-9a7f --stage=test_db --jobs_dir=/tmp/tmpX3R8Ve"
socketio: INFO: emitting event "task update" to 20170509-172347-b92a [/jobs]
socketio: INFO: emitting event "task update" to 20170509-173326-3e6f [/jobs]
socketio: INFO: emitting event "task update" to 20170509-172315-d38b [/jobs]
socketio: INFO: emitting event "task update" to 20170509-174340-86bb [/jobs]
socketio: INFO: emitting event "task update" to 20170509-172516-8f4b [/jobs]
socketio: INFO: emitting event "task update" to 20170509-172352-bfdd [/jobs]
socketio: INFO: emitting event "task update" to 20170509-172412-e6f0 [/jobs]
socketio: INFO: emitting event "task update" to 20170509-173329-1cea [/jobs]
socketio: INFO: emitting event "task update" to 20170509-173229-c795 [/jobs]
socketio: INFO: emitting event "task update" to 20170509-172202-9230 [/jobs]
socketio: INFO: emitting event "task update" to 20170509-173331-d237 [/jobs]
socketio: INFO: emitting event "task update" to 20170509-172317-7da8 [/jobs]
socketio: INFO: emitting event "task update" to 20170509-173008-ee07 [/jobs]
socketio: INFO: emitting event "task update" to 20170509-172210-1907 [/jobs]
socketio: INFO: emitting event "task update" to 20170509-173333-e98b [/jobs]
socketio: INFO: emitting event "task update" to 20170509-172825-84c5 [/jobs]
socketio: INFO: emitting event "task update" to 20170509-173335-6067 [/jobs]
digits.webapp: INFO: Create train_db DB task completed.
socketio: INFO: emitting event "task update" to 20170509-174420-9a7f [/jobs]
socketio: INFO: emitting event "job update" to job_management [/jobs]
socketio: INFO: emitting event "task update" to 20170509-174420-9a7f [/jobs]
socketio: INFO: emitting event "job update" to 20170509-174420-9a7f [/jobs]
socketio: INFO: emitting event "job update" to job_management [/jobs]
socketio: INFO: emitting event "server update" to job_management [/jobs]
socketio: INFO: emitting event "task update" to 20170509-172147-4505 [/jobs]
socketio: INFO: emitting event "task update" to 20170509-173337-8532 [/jobs]
socketio: INFO: emitting event "task update" to 20170509-172907-6ffa [/jobs]
socketio: INFO: emitting event "task update" to 20170509-172339-dc52 [/jobs]
socketio: INFO: emitting event "task update" to 20170509-172625-e177 [/jobs]
socketio: INFO: emitting event "task update" to 20170509-173316-5f8a [/jobs]
socketio: INFO: emitting event "task update" to 20170509-173318-416e [/jobs]
socketio: INFO: emitting event "task update" to 20170509-173415-8046 [/jobs]
socketio: INFO: emitting event "task update" to 20170509-173027-0946 [/jobs]
socketio: INFO: emitting event "task update" to 20170509-172218-c9c0 [/jobs]
socketio: INFO: emitting event "task update" to 20170509-172328-6826 [/jobs]
socketio: INFO: emitting event "task update" to 20170509-173403-2593 [/jobs]
socketio: INFO: emitting event "task update" to 20170509-174313-cb2c [/jobs]
socketio: INFO: emitting event "task update" to 20170509-172344-9606 [/jobs]
socketio: INFO: emitting event "task update" to 20170509-172430-a33c [/jobs]
socketio: INFO: emitting event "task update" to 20170509-172605-0fd8 [/jobs]
socketio: INFO: emitting event "task update" to 20170509-172706-cfe6 [/jobs]
socketio: INFO: emitting event "task update" to 20170509-173209-48ad [/jobs]
socketio: INFO: emitting event "task update" to 20170509-173320-66e3 [/jobs]
socketio: INFO: emitting event "task update" to 20170509-172927-67d2 [/jobs]
socketio: INFO: emitting event "task update" to 20170509-173515-e8bf [/jobs]
socketio: INFO: emitting event "task update" to 20170509-172524-d7c0 [/jobs]
socketio: INFO: emitting event "task update" to 20170509-172419-2d22 [/jobs]
socketio: INFO: emitting event "task update" to 20170509-172337-f1aa [/jobs]
socketio: INFO: emitting event "task update" to 20170509-173228-acad [/jobs]
socketio: INFO: emitting event "task update" to 20170509-172350-6fcd [/jobs]
socketio: INFO: emitting event "task update" to 20170509-173357-1ed1 [/jobs]
socketio: INFO: emitting event "task update" to 20170509-172259-8252 [/jobs]
socketio: INFO: emitting event "task update" to 20170509-173322-0807 [/jobs]
socketio: INFO: emitting event "task update" to 20170509-172114-d063 [/jobs]
socketio: INFO: emitting event "task update" to 20170509-172323-89b4 [/jobs]
socketio: INFO: emitting event "task update" to 20170509-174411-45b4 [/jobs]
socketio: INFO: emitting event "task update" to 20170509-173300-0377 [/jobs]
socketio: INFO: emitting event "task update" to 20170509-173245-3417 [/jobs]
socketio: INFO: emitting event "task update" to 20170509-173324-49b0 [/jobs]
socketio: INFO: emitting event "task update" to 20170509-172342-e0ef [/jobs]
socketio: INFO: emitting event "task update" to 20170509-173108-a6ff [/jobs]
socketio: INFO: emitting event "task update" to 20170509-172725-6a13 [/jobs]
socketio: INFO: emitting event "task update" to 20170509-172806-b5bc [/jobs]
socketio: INFO: emitting event "task update" to 20170509-172227-0156 [/jobs]
socketio: INFO: emitting event "task update" to 20170509-172334-9d18 [/jobs]
socketio: INFO: emitting event "task update" to 20170509-173128-33ce [/jobs]
socketio: INFO: emitting event "task update" to 20170509-172347-b92a [/jobs]
socketio: INFO: emitting event "task update" to 20170509-173326-3e6f [/jobs]
socketio: INFO: emitting event "task update" to 20170509-172315-d38b [/jobs]
socketio: INFO: emitting event "task update" to 20170509-174340-86bb [/jobs]
socketio: INFO: emitting event "task update" to 20170509-172516-8f4b [/jobs]
socketio: INFO: emitting event "task update" to 20170509-172352-bfdd [/jobs]
socketio: INFO: emitting event "task update" to 20170509-172412-e6f0 [/jobs]
socketio: INFO: emitting event "task update" to 20170509-173329-1cea [/jobs]
socketio: INFO: emitting event "task update" to 20170509-173229-c795 [/jobs]
socketio: INFO: emitting event "task update" to 20170509-172202-9230 [/jobs]
socketio: INFO: emitting event "task update" to 20170509-173331-d237 [/jobs]
socketio: INFO: emitting event "task update" to 20170509-172317-7da8 [/jobs]
socketio: INFO: emitting event "task update" to 20170509-173008-ee07 [/jobs]
socketio: INFO: emitting event "task update" to 20170509-172210-1907 [/jobs]
socketio: INFO: emitting event "task update" to 20170509-173333-e98b [/jobs]
socketio: INFO: emitting event "task update" to 20170509-172825-84c5 [/jobs]
socketio: INFO: emitting event "task update" to 20170509-173335-6067 [/jobs]
socketio: INFO: emitting event "task update" to 20170509-172147-4505 [/jobs]
socketio: INFO: emitting event "task update" to 20170509-173337-8532 [/jobs]
socketio: INFO: emitting event "task update" to 20170509-172907-6ffa [/jobs]
socketio: INFO: emitting event "task update" to 20170509-172339-dc52 [/jobs]
socketio: INFO: emitting event "task update" to 20170509-172625-e177 [/jobs]
socketio: INFO: emitting event "task update" to 20170509-173316-5f8a [/jobs]
socketio: INFO: emitting event "task update" to 20170509-173318-416e [/jobs]
socketio: INFO: emitting event "task update" to 20170509-173415-8046 [/jobs]
socketio: INFO: emitting event "task update" to 20170509-173027-0946 [/jobs]
socketio: INFO: emitting event "task update" to 20170509-172218-c9c0 [/jobs]
socketio: INFO: emitting event "task update" to 20170509-172328-6826 [/jobs]
socketio: INFO: emitting event "task update" to 20170509-173403-2593 [/jobs]
socketio: INFO: emitting event "task update" to 20170509-174313-cb2c [/jobs]
socketio: INFO: emitting event "task update" to 20170509-172344-9606 [/jobs]
socketio: INFO: emitting event "task update" to 20170509-172430-a33c [/jobs]
socketio: INFO: emitting event "task update" to 20170509-172605-0fd8 [/jobs]
socketio: INFO: emitting event "task update" to 20170509-172706-cfe6 [/jobs]
socketio: INFO: emitting event "task update" to 20170509-173209-48ad [/jobs]
socketio: INFO: emitting event "task update" to 20170509-173320-66e3 [/jobs]
socketio: INFO: emitting event "task update" to 20170509-172927-67d2 [/jobs]
socketio: INFO: emitting event "task update" to 20170509-173515-e8bf [/jobs]
socketio: INFO: emitting event "task update" to 20170509-172524-d7c0 [/jobs]
socketio: INFO: emitting event "task update" to 20170509-172419-2d22 [/jobs]
socketio: INFO: emitting event "task update" to 20170509-172337-f1aa [/jobs]
socketio: INFO: emitting event "task update" to 20170509-173228-acad [/jobs]
socketio: INFO: emitting event "task update" to 20170509-172350-6fcd [/jobs]
socketio: INFO: emitting event "task update" to 20170509-173357-1ed1 [/jobs]
socketio: INFO: emitting event "task update" to 20170509-172259-8252 [/jobs]
socketio: INFO: emitting event "task update" to 20170509-173322-0807 [/jobs]
socketio: INFO: emitting event "task update" to 20170509-172114-d063 [/jobs]
socketio: INFO: emitting event "task update" to 20170509-172323-89b4 [/jobs]
socketio: INFO: emitting event "task update" to 20170509-174411-45b4 [/jobs]
socketio: INFO: emitting event "task update" to 20170509-173300-0377 [/jobs]
socketio: INFO: emitting event "task update" to 20170509-173245-3417 [/jobs]
socketio: INFO: emitting event "task update" to 20170509-173324-49b0 [/jobs]
socketio: INFO: emitting event "task update" to 20170509-172342-e0ef [/jobs]
socketio: INFO: emitting event "task update" to 20170509-173108-a6ff [/jobs]
socketio: INFO: emitting event "task update" to 20170509-172725-6a13 [/jobs]
socketio: INFO: emitting event "task update" to 20170509-172806-b5bc [/jobs]
socketio: INFO: emitting event "task update" to 20170509-172227-0156 [/jobs]
socketio: INFO: emitting event "task update" to 20170509-172334-9d18 [/jobs]
socketio: INFO: emitting event "task update" to 20170509-173128-33ce [/jobs]
socketio: INFO: emitting event "task update" to 20170509-172347-b92a [/jobs]
socketio: INFO: emitting event "task update" to 20170509-173326-3e6f [/jobs]
socketio: INFO: emitting event "task update" to 20170509-172315-d38b [/jobs]
socketio: INFO: emitting event "task update" to 20170509-174340-86bb [/jobs]
socketio: INFO: emitting event "task update" to 20170509-172516-8f4b [/jobs]
socketio: INFO: emitting event "task update" to 20170509-172352-bfdd [/jobs]
socketio: INFO: emitting event "task update" to 20170509-172412-e6f0 [/jobs]
socketio: INFO: emitting event "task update" to 20170509-173329-1cea [/jobs]
socketio: INFO: emitting event "task update" to 20170509-173229-c795 [/jobs]
socketio: INFO: emitting event "task update" to 20170509-172202-9230 [/jobs]
socketio: INFO: emitting event "task update" to 20170509-173331-d237 [/jobs]
socketio: INFO: emitting event "task update" to 20170509-172317-7da8 [/jobs]
socketio: INFO: emitting event "task update" to 20170509-173008-ee07 [/jobs]
socketio: INFO: emitting event "task update" to 20170509-172210-1907 [/jobs]
socketio: INFO: emitting event "task update" to 20170509-173333-e98b [/jobs]
socketio: INFO: emitting event "task update" to 20170509-172825-84c5 [/jobs]
socketio: INFO: emitting event "task update" to 20170509-173335-6067 [/jobs]
socketio: INFO: emitting event "task update" to 20170509-172147-4505 [/jobs]
socketio: INFO: emitting event "task update" to 20170509-173337-8532 [/jobs]
socketio: INFO: emitting event "task update" to 20170509-172907-6ffa [/jobs]
socketio: INFO: emitting event "task update" to 20170509-172339-dc52 [/jobs]
socketio: INFO: emitting event "task update" to 20170509-172625-e177 [/jobs]
socketio: INFO: emitting event "task update" to 20170509-173316-5f8a [/jobs]
socketio: INFO: emitting event "task update" to 20170509-173318-416e [/jobs]
socketio: INFO: emitting event "task update" to 20170509-173415-8046 [/jobs]
socketio: INFO: emitting event "task update" to 20170509-173027-0946 [/jobs]
socketio: INFO: emitting event "task update" to 20170509-172218-c9c0 [/jobs]
socketio: INFO: emitting event "task update" to 20170509-172328-6826 [/jobs]
socketio: INFO: emitting event "task update" to 20170509-173403-2593 [/jobs]
socketio: INFO: emitting event "task update" to 20170509-174313-cb2c [/jobs]
socketio: INFO: emitting event "task update" to 20170509-172344-9606 [/jobs]
socketio: INFO: emitting event "task update" to 20170509-172430-a33c [/jobs]
socketio: INFO: emitting event "task update" to 20170509-172605-0fd8 [/jobs]
socketio: INFO: emitting event "task update" to 20170509-172706-cfe6 [/jobs]
socketio: INFO: emitting event "task update" to 20170509-173209-48ad [/jobs]
socketio: INFO: emitting event "task update" to 20170509-173320-66e3 [/jobs]
socketio: INFO: emitting event "task update" to 20170509-172927-67d2 [/jobs]
socketio: INFO: emitting event "task update" to 20170509-173515-e8bf [/jobs]
socketio: INFO: emitting event "task update" to 20170509-172524-d7c0 [/jobs]
socketio: INFO: emitting event "task update" to 20170509-172419-2d22 [/jobs]
socketio: INFO: emitting event "task update" to 20170509-172337-f1aa [/jobs]
socketio: INFO: emitting event "task update" to 20170509-173228-acad [/jobs]
socketio: INFO: emitting event "task update" to 20170509-172350-6fcd [/jobs]
socketio: INFO: emitting event "task update" to 20170509-173357-1ed1 [/jobs]
socketio: INFO: emitting event "task update" to 20170509-172259-8252 [/jobs]
socketio: INFO: emitting event "task update" to 20170509-173322-0807 [/jobs]
socketio: INFO: emitting event "task update" to 20170509-172114-d063 [/jobs]
socketio: INFO: emitting event "task update" to 20170509-172323-89b4 [/jobs]
socketio: INFO: emitting event "task update" to 20170509-174411-45b4 [/jobs]
socketio: INFO: emitting event "task update" to 20170509-173300-0377 [/jobs]
socketio: INFO: emitting event "task update" to 20170509-173245-3417 [/jobs]
socketio: INFO: emitting event "task update" to 20170509-173324-49b0 [/jobs]
digits.webapp: WARNING: Create test_db DB unrecognized output: WARNING: log_file config option not found - no log file is being saved
socketio: INFO: emitting event "task update" to 20170509-172342-e0ef [/jobs]
socketio: INFO: emitting event "task update" to 20170509-174420-9a7f [/jobs]
socketio: INFO: emitting event "job update" to job_management [/jobs]
socketio: INFO: emitting event "task update" to 20170509-173108-a6ff [/jobs]
socketio: INFO: emitting event "task update" to 20170509-172725-6a13 [/jobs]
socketio: INFO: emitting event "task update" to 20170509-172806-b5bc [/jobs]
socketio: INFO: emitting event "task update" to 20170509-172227-0156 [/jobs]
socketio: INFO: emitting event "task update" to 20170509-172334-9d18 [/jobs]
socketio: INFO: emitting event "task update" to 20170509-173128-33ce [/jobs]
digits.webapp: WARNING: Create test_db DB unrecognized output: 2017-05-09 17:44:26 [INFO ] Generic DB creation Done
socketio: INFO: emitting event "task update" to 20170509-172347-b92a [/jobs]
socketio: INFO: emitting event "task update" to 20170509-173326-3e6f [/jobs]
socketio: INFO: emitting event "task update" to 20170509-172315-d38b [/jobs]
socketio: INFO: emitting event "task update" to 20170509-174340-86bb [/jobs]
socketio: INFO: emitting event "task update" to 20170509-172516-8f4b [/jobs]
socketio: INFO: emitting event "task update" to 20170509-172352-bfdd [/jobs]
socketio: INFO: emitting event "task update" to 20170509-172412-e6f0 [/jobs]
socketio: INFO: emitting event "task update" to 20170509-173329-1cea [/jobs]
socketio: INFO: emitting event "task update" to 20170509-173229-c795 [/jobs]
socketio: INFO: emitting event "task update" to 20170509-172202-9230 [/jobs]
socketio: INFO: emitting event "task update" to 20170509-173331-d237 [/jobs]
socketio: INFO: emitting event "task update" to 20170509-172317-7da8 [/jobs]
socketio: INFO: emitting event "task update" to 20170509-173008-ee07 [/jobs]
socketio: INFO: emitting event "task update" to 20170509-172210-1907 [/jobs]
socketio: INFO: emitting event "task update" to 20170509-173333-e98b [/jobs]
socketio: INFO: emitting event "task update" to 20170509-172825-84c5 [/jobs]
socketio: INFO: emitting event "task update" to 20170509-173335-6067 [/jobs]
socketio: INFO: emitting event "task update" to 20170509-172147-4505 [/jobs]
socketio: INFO: emitting event "task update" to 20170509-173337-8532 [/jobs]
socketio: INFO: emitting event "task update" to 20170509-172907-6ffa [/jobs]
socketio: INFO: emitting event "task update" to 20170509-172339-dc52 [/jobs]
socketio: INFO: emitting event "task update" to 20170509-172625-e177 [/jobs]
socketio: INFO: emitting event "task update" to 20170509-173316-5f8a [/jobs]
socketio: INFO: emitting event "task update" to 20170509-173318-416e [/jobs]
socketio: INFO: emitting event "task update" to 20170509-173415-8046 [/jobs]
socketio: INFO: emitting event "task update" to 20170509-173027-0946 [/jobs]
socketio: INFO: emitting event "task update" to 20170509-172218-c9c0 [/jobs]
socketio: INFO: emitting event "task update" to 20170509-172328-6826 [/jobs]
socketio: INFO: emitting event "task update" to 20170509-173403-2593 [/jobs]
socketio: INFO: emitting event "task update" to 20170509-174313-cb2c [/jobs]
socketio: INFO: emitting event "task update" to 20170509-172344-9606 [/jobs]
socketio: INFO: emitting event "task update" to 20170509-172430-a33c [/jobs]
socketio: INFO: emitting event "task update" to 20170509-172605-0fd8 [/jobs]
socketio: INFO: emitting event "task update" to 20170509-172706-cfe6 [/jobs]
socketio: INFO: emitting event "task update" to 20170509-173209-48ad [/jobs]
socketio: INFO: emitting event "task update" to 20170509-173320-66e3 [/jobs]
socketio: INFO: emitting event "task update" to 20170509-172927-67d2 [/jobs]
socketio: INFO: emitting event "task update" to 20170509-173515-e8bf [/jobs]
digits.webapp: INFO: Create test_db DB task completed.
socketio: INFO: emitting event "task update" to 20170509-174420-9a7f [/jobs]
socketio: INFO: emitting event "job update" to job_management [/jobs]
socketio: INFO: emitting event "task update" to 20170509-174420-9a7f [/jobs]
socketio: INFO: emitting event "job update" to 20170509-174420-9a7f [/jobs]
socketio: INFO: emitting event "job update" to job_management [/jobs]
socketio: INFO: emitting event "server update" to job_management [/jobs]
socketio: INFO: emitting event "task update" to 20170509-172524-d7c0 [/jobs]
socketio: INFO: emitting event "task update" to 20170509-172419-2d22 [/jobs]
socketio: INFO: emitting event "task update" to 20170509-172337-f1aa [/jobs]
socketio: INFO: emitting event "task update" to 20170509-173228-acad [/jobs]
socketio: INFO: emitting event "job update" to job_management [/jobs]
socketio: INFO: emitting event "job update" to 20170509-174420-9a7f [/jobs]
socketio: INFO: emitting event "job update" to job_management [/jobs]
digits: INFO: Job complete.
socketio: INFO: emitting event "job update" to job_management [/jobs]
socketio: INFO: emitting event "task update" to 20170509-172350-6fcd [/jobs]
socketio: INFO: emitting event "job update" to 20170509-174427-289b [/jobs]
socketio: INFO: emitting event "job update" to job_management [/jobs]
socketio: INFO: emitting event "server update" to job_management [/jobs]
socketio: INFO: emitting event "server update" to job_management [/jobs]
digits.webapp: INFO: Infer Model task started.
socketio: INFO: emitting event "task update" to 20170509-174427-289b [/jobs]
socketio: INFO: emitting event "job update" to 20170509-174427-289b [/jobs]
socketio: INFO: emitting event "job update" to job_management [/jobs]
digits.webapp: INFO: Task subprocess args: "/usr/bin/python2 /home/ethan/digits_GAN/digits/tools/inference.py /tmp/tmpX3R8Ve/20170509-174420-9a7f/test_db/features /tmp/tmpX3R8Ve/20170509-174427-289b 20170509-174411-45b4 --jobs_dir=/tmp/tmpX3R8Ve --layers=none --gpu=0 --db --no-resize"
socketio: INFO: emitting event "task update" to 20170509-173357-1ed1 [/jobs]
socketio: INFO: emitting event "task update" to 20170509-172259-8252 [/jobs]
socketio: INFO: emitting event "task update" to 20170509-173322-0807 [/jobs]
socketio: INFO: emitting event "task update" to 20170509-172114-d063 [/jobs]
socketio: INFO: emitting event "task update" to 20170509-172323-89b4 [/jobs]
socketio: INFO: emitting event "task update" to 20170509-174411-45b4 [/jobs]
socketio: INFO: emitting event "task update" to 20170509-173300-0377 [/jobs]
socketio: INFO: emitting event "task update" to 20170509-173245-3417 [/jobs]
socketio: INFO: emitting event "task update" to 20170509-173324-49b0 [/jobs]
socketio: INFO: emitting event "task update" to 20170509-172342-e0ef [/jobs]
socketio: INFO: emitting event "task update" to 20170509-173108-a6ff [/jobs]
socketio: INFO: emitting event "task update" to 20170509-172725-6a13 [/jobs]
socketio: INFO: emitting event "task update" to 20170509-172806-b5bc [/jobs]
socketio: INFO: emitting event "task update" to 20170509-172227-0156 [/jobs]
socketio: INFO: emitting event "task update" to 20170509-172334-9d18 [/jobs]
socketio: INFO: emitting event "task update" to 20170509-173128-33ce [/jobs]
socketio: INFO: emitting event "task update" to 20170509-172347-b92a [/jobs]
socketio: INFO: emitting event "task update" to 20170509-173326-3e6f [/jobs]
socketio: INFO: emitting event "task update" to 20170509-172315-d38b [/jobs]
socketio: INFO: emitting event "task update" to 20170509-174340-86bb [/jobs]
socketio: INFO: emitting event "task update" to 20170509-172516-8f4b [/jobs]
socketio: INFO: emitting event "task update" to 20170509-172352-bfdd [/jobs]
socketio: INFO: emitting event "task update" to 20170509-172412-e6f0 [/jobs]
socketio: INFO: emitting event "task update" to 20170509-173329-1cea [/jobs]
socketio: INFO: emitting event "task update" to 20170509-173229-c795 [/jobs]
socketio: INFO: emitting event "task update" to 20170509-172202-9230 [/jobs]
socketio: INFO: emitting event "task update" to 20170509-173331-d237 [/jobs]
socketio: INFO: emitting event "task update" to 20170509-172317-7da8 [/jobs]
socketio: INFO: emitting event "task update" to 20170509-173008-ee07 [/jobs]
socketio: INFO: emitting event "task update" to 20170509-172210-1907 [/jobs]
socketio: INFO: emitting event "task update" to 20170509-173333-e98b [/jobs]
socketio: INFO: emitting event "task update" to 20170509-172825-84c5 [/jobs]
socketio: INFO: emitting event "task update" to 20170509-173335-6067 [/jobs]
socketio: INFO: emitting event "task update" to 20170509-172147-4505 [/jobs]
socketio: INFO: emitting event "task update" to 20170509-173337-8532 [/jobs]
socketio: INFO: emitting event "task update" to 20170509-172907-6ffa [/jobs]
socketio: INFO: emitting event "task update" to 20170509-172339-dc52 [/jobs]
socketio: INFO: emitting event "task update" to 20170509-172625-e177 [/jobs]
socketio: INFO: emitting event "task update" to 20170509-173316-5f8a [/jobs]
socketio: INFO: emitting event "task update" to 20170509-173318-416e [/jobs]
socketio: INFO: emitting event "task update" to 20170509-173415-8046 [/jobs]
socketio: INFO: emitting event "task update" to 20170509-173027-0946 [/jobs]
socketio: INFO: emitting event "task update" to 20170509-172218-c9c0 [/jobs]
socketio: INFO: emitting event "task update" to 20170509-172328-6826 [/jobs]
socketio: INFO: emitting event "task update" to 20170509-173403-2593 [/jobs]
socketio: INFO: emitting event "task update" to 20170509-174313-cb2c [/jobs]
socketio: INFO: emitting event "task update" to 20170509-172344-9606 [/jobs]
socketio: INFO: emitting event "task update" to 20170509-172430-a33c [/jobs]
socketio: INFO: emitting event "task update" to 20170509-172605-0fd8 [/jobs]
socketio: INFO: emitting event "task update" to 20170509-172706-cfe6 [/jobs]
socketio: INFO: emitting event "task update" to 20170509-173209-48ad [/jobs]
socketio: INFO: emitting event "task update" to 20170509-173320-66e3 [/jobs]
socketio: INFO: emitting event "task update" to 20170509-172927-67d2 [/jobs]
socketio: INFO: emitting event "task update" to 20170509-173515-e8bf [/jobs]
socketio: INFO: emitting event "task update" to 20170509-172524-d7c0 [/jobs]
socketio: INFO: emitting event "task update" to 20170509-172419-2d22 [/jobs]
socketio: INFO: emitting event "task update" to 20170509-172337-f1aa [/jobs]
socketio: INFO: emitting event "task update" to 20170509-173228-acad [/jobs]
socketio: INFO: emitting event "task update" to 20170509-172350-6fcd [/jobs]
socketio: INFO: emitting event "task update" to 20170509-173357-1ed1 [/jobs]
socketio: INFO: emitting event "task update" to 20170509-172259-8252 [/jobs]
socketio: INFO: emitting event "task update" to 20170509-173322-0807 [/jobs]
socketio: INFO: emitting event "task update" to 20170509-172114-d063 [/jobs]
socketio: INFO: emitting event "task update" to 20170509-172323-89b4 [/jobs]
socketio: INFO: emitting event "task update" to 20170509-174411-45b4 [/jobs]
socketio: INFO: emitting event "task update" to 20170509-173300-0377 [/jobs]
socketio: INFO: emitting event "task update" to 20170509-173245-3417 [/jobs]
socketio: INFO: emitting event "task update" to 20170509-173324-49b0 [/jobs]
socketio: INFO: emitting event "task update" to 20170509-172342-e0ef [/jobs]
socketio: INFO: emitting event "task update" to 20170509-173108-a6ff [/jobs]
socketio: INFO: emitting event "task update" to 20170509-172725-6a13 [/jobs]
socketio: INFO: emitting event "task update" to 20170509-172806-b5bc [/jobs]
socketio: INFO: emitting event "task update" to 20170509-172227-0156 [/jobs]
socketio: INFO: emitting event "task update" to 20170509-172334-9d18 [/jobs]
socketio: INFO: emitting event "task update" to 20170509-173128-33ce [/jobs]
socketio: INFO: emitting event "task update" to 20170509-172347-b92a [/jobs]
socketio: INFO: emitting event "task update" to 20170509-173326-3e6f [/jobs]
socketio: INFO: emitting event "task update" to 20170509-172315-d38b [/jobs]
socketio: INFO: emitting event "task update" to 20170509-174340-86bb [/jobs]
socketio: INFO: emitting event "task update" to 20170509-172516-8f4b [/jobs]
socketio: INFO: emitting event "task update" to 20170509-172352-bfdd [/jobs]
socketio: INFO: emitting event "task update" to 20170509-172412-e6f0 [/jobs]
socketio: INFO: emitting event "task update" to 20170509-173329-1cea [/jobs]
socketio: INFO: emitting event "task update" to 20170509-173229-c795 [/jobs]
socketio: INFO: emitting event "task update" to 20170509-172202-9230 [/jobs]
socketio: INFO: emitting event "task update" to 20170509-173331-d237 [/jobs]
socketio: INFO: emitting event "task update" to 20170509-172317-7da8 [/jobs]
socketio: INFO: emitting event "task update" to 20170509-173008-ee07 [/jobs]
socketio: INFO: emitting event "task update" to 20170509-172210-1907 [/jobs]
socketio: INFO: emitting event "task update" to 20170509-173333-e98b [/jobs]
socketio: INFO: emitting event "task update" to 20170509-172825-84c5 [/jobs]
socketio: INFO: emitting event "task update" to 20170509-173335-6067 [/jobs]
socketio: INFO: emitting event "task update" to 20170509-172147-4505 [/jobs]
socketio: INFO: emitting event "task update" to 20170509-173337-8532 [/jobs]
socketio: INFO: emitting event "task update" to 20170509-172907-6ffa [/jobs]
socketio: INFO: emitting event "task update" to 20170509-172339-dc52 [/jobs]
socketio: INFO: emitting event "task update" to 20170509-172625-e177 [/jobs]
socketio: INFO: emitting event "task update" to 20170509-173316-5f8a [/jobs]
socketio: INFO: emitting event "task update" to 20170509-173318-416e [/jobs]
socketio: INFO: emitting event "task update" to 20170509-173415-8046 [/jobs]
socketio: INFO: emitting event "task update" to 20170509-173027-0946 [/jobs]
socketio: INFO: emitting event "task update" to 20170509-172218-c9c0 [/jobs]
socketio: INFO: emitting event "task update" to 20170509-172328-6826 [/jobs]
socketio: INFO: emitting event "task update" to 20170509-173403-2593 [/jobs]
socketio: INFO: emitting event "task update" to 20170509-174313-cb2c [/jobs]
socketio: INFO: emitting event "task update" to 20170509-172344-9606 [/jobs]
socketio: INFO: emitting event "task update" to 20170509-172430-a33c [/jobs]
socketio: INFO: emitting event "task update" to 20170509-172605-0fd8 [/jobs]
socketio: INFO: emitting event "task update" to 20170509-172706-cfe6 [/jobs]
socketio: INFO: emitting event "task update" to 20170509-173209-48ad [/jobs]
socketio: INFO: emitting event "task update" to 20170509-173320-66e3 [/jobs]
socketio: INFO: emitting event "task update" to 20170509-172927-67d2 [/jobs]
socketio: INFO: emitting event "task update" to 20170509-173515-e8bf [/jobs]
socketio: INFO: emitting event "task update" to 20170509-172524-d7c0 [/jobs]
socketio: INFO: emitting event "task update" to 20170509-172419-2d22 [/jobs]
socketio: INFO: emitting event "task update" to 20170509-172337-f1aa [/jobs]
socketio: INFO: emitting event "task update" to 20170509-173228-acad [/jobs]
socketio: INFO: emitting event "task update" to 20170509-172350-6fcd [/jobs]
socketio: INFO: emitting event "task update" to 20170509-173357-1ed1 [/jobs]
socketio: INFO: emitting event "task update" to 20170509-172259-8252 [/jobs]
socketio: INFO: emitting event "task update" to 20170509-173322-0807 [/jobs]
socketio: INFO: emitting event "task update" to 20170509-172114-d063 [/jobs]
socketio: INFO: emitting event "task update" to 20170509-172323-89b4 [/jobs]
socketio: INFO: emitting event "task update" to 20170509-174411-45b4 [/jobs]
socketio: INFO: emitting event "task update" to 20170509-173300-0377 [/jobs]
socketio: INFO: emitting event "task update" to 20170509-173245-3417 [/jobs]
socketio: INFO: emitting event "task update" to 20170509-173324-49b0 [/jobs]
socketio: INFO: emitting event "task update" to 20170509-172342-e0ef [/jobs]
socketio: INFO: emitting event "task update" to 20170509-173108-a6ff [/jobs]
socketio: INFO: emitting event "task update" to 20170509-172725-6a13 [/jobs]
socketio: INFO: emitting event "task update" to 20170509-172806-b5bc [/jobs]
socketio: INFO: emitting event "task update" to 20170509-172227-0156 [/jobs]
socketio: INFO: emitting event "task update" to 20170509-172334-9d18 [/jobs]
socketio: INFO: emitting event "task update" to 20170509-173128-33ce [/jobs]
digits.webapp: WARNING: Infer Model unrecognized output: WARNING: log_file config option not found - no log file is being saved
digits.webapp: WARNING: Infer Model unrecognized output: 2017-05-09 17:44:29 [ERROR] InferenceError: Unable to find snapshot for epoch=-1.0
digits.webapp: WARNING: Infer Model unrecognized output: Traceback (most recent call last):
digits.webapp: WARNING: Infer Model unrecognized output: File "/home/ethan/digits_GAN/digits/tools/inference.py", line 293, in <module>
digits.webapp: WARNING: Infer Model unrecognized output: args['resize']
digits.webapp: WARNING: Infer Model unrecognized output: File "/home/ethan/digits_GAN/digits/tools/inference.py", line 79, in infer
digits.webapp: WARNING: Infer Model unrecognized output: raise InferenceError("Unable to find snapshot for epoch=%s" % repr(epoch))
digits.webapp: WARNING: Infer Model unrecognized output: digits.inference.errors.InferenceError: 'Unable to find snapshot for epoch=-1.0'
socketio: INFO: emitting event "task update" to 20170509-172347-b92a [/jobs]
socketio: INFO: emitting event "task update" to 20170509-173326-3e6f [/jobs]
socketio: INFO: emitting event "task update" to 20170509-172315-d38b [/jobs]
socketio: INFO: emitting event "task update" to 20170509-174340-86bb [/jobs]
socketio: INFO: emitting event "task update" to 20170509-172516-8f4b [/jobs]
socketio: INFO: emitting event "task update" to 20170509-172352-bfdd [/jobs]
socketio: INFO: emitting event "task update" to 20170509-172412-e6f0 [/jobs]
socketio: INFO: emitting event "task update" to 20170509-173329-1cea [/jobs]
socketio: INFO: emitting event "task update" to 20170509-173229-c795 [/jobs]
socketio: INFO: emitting event "task update" to 20170509-172202-9230 [/jobs]
socketio: INFO: emitting event "task update" to 20170509-173331-d237 [/jobs]
socketio: INFO: emitting event "task update" to 20170509-172317-7da8 [/jobs]
socketio: INFO: emitting event "task update" to 20170509-173008-ee07 [/jobs]
socketio: INFO: emitting event "task update" to 20170509-172210-1907 [/jobs]
socketio: INFO: emitting event "task update" to 20170509-173333-e98b [/jobs]
socketio: INFO: emitting event "task update" to 20170509-172825-84c5 [/jobs]
socketio: INFO: emitting event "task update" to 20170509-173335-6067 [/jobs]
socketio: INFO: emitting event "task update" to 20170509-172147-4505 [/jobs]
socketio: INFO: emitting event "task update" to 20170509-173337-8532 [/jobs]
socketio: INFO: emitting event "task update" to 20170509-172907-6ffa [/jobs]
socketio: INFO: emitting event "task update" to 20170509-172339-dc52 [/jobs]
socketio: INFO: emitting event "task update" to 20170509-172625-e177 [/jobs]
socketio: INFO: emitting event "task update" to 20170509-173316-5f8a [/jobs]
socketio: INFO: emitting event "task update" to 20170509-173318-416e [/jobs]
socketio: INFO: emitting event "task update" to 20170509-173415-8046 [/jobs]
socketio: INFO: emitting event "task update" to 20170509-173027-0946 [/jobs]
socketio: INFO: emitting event "task update" to 20170509-172218-c9c0 [/jobs]
socketio: INFO: emitting event "task update" to 20170509-172328-6826 [/jobs]
socketio: INFO: emitting event "task update" to 20170509-173403-2593 [/jobs]
socketio: INFO: emitting event "task update" to 20170509-174313-cb2c [/jobs]
socketio: INFO: emitting event "task update" to 20170509-172344-9606 [/jobs]
socketio: INFO: emitting event "task update" to 20170509-172430-a33c [/jobs]
socketio: INFO: emitting event "task update" to 20170509-172605-0fd8 [/jobs]
socketio: INFO: emitting event "task update" to 20170509-172706-cfe6 [/jobs]
socketio: INFO: emitting event "task update" to 20170509-173209-48ad [/jobs]
socketio: INFO: emitting event "task update" to 20170509-173320-66e3 [/jobs]
socketio: INFO: emitting event "task update" to 20170509-172927-67d2 [/jobs]
socketio: INFO: emitting event "task update" to 20170509-173515-e8bf [/jobs]
socketio: INFO: emitting event "task update" to 20170509-172524-d7c0 [/jobs]
socketio: INFO: emitting event "task update" to 20170509-172419-2d22 [/jobs]
socketio: INFO: emitting event "task update" to 20170509-172337-f1aa [/jobs]
socketio: INFO: emitting event "task update" to 20170509-173228-acad [/jobs]
socketio: INFO: emitting event "task update" to 20170509-172350-6fcd [/jobs]
digits.webapp: ERROR: Infer Model task failed with error code 1
socketio: INFO: emitting event "task update" to 20170509-174427-289b [/jobs]
socketio: INFO: emitting event "job update" to 20170509-174427-289b [/jobs]
socketio: INFO: emitting event "job update" to job_management [/jobs]
socketio: INFO: emitting event "server update" to job_management [/jobs]
socketio: INFO: emitting event "server update" to job_management [/jobs]
socketio: INFO: emitting event "task update" to 20170509-173357-1ed1 [/jobs]
socketio: INFO: emitting event "job update" to 20170509-174427-289b [/jobs]
socketio: INFO: emitting event "job update" to job_management [/jobs]
digits: INFO: Job deleted.
socketio: INFO: emitting event "job update" to job_management [/jobs]
digits: INFO: Job deleted.
socketio: INFO: emitting event "job update" to job_management [/jobs]
--------------------- >> end captured logging << ---------------------

======================================================================
FAIL: digits.model.images.generic.test_views.TestTensorflowCreatedWithGradientDataExtension.test_infer_many
----------------------------------------------------------------------
Traceback (most recent call last):
  File "/home/ethan/.local/lib/python2.7/site-packages/nose/case.py", line 197, in runTest
    self.test(*self.arg)
  File "/home/ethan/digits_GAN/digits/model/images/generic/test_views.py", line 626, in test_infer_many
    assert rv.status_code == 200, 'POST failed with %s\n\n%s' % (rv.status_code, body)
AssertionError: POST failed with 500

[<body>\n<div class="navbar navbar-inverse navbar-fixed-top">\n<div class="container">\n<div class="navbar-header">\n<a class="navbar-brand" href="/">DIGITS</a>\n</div>\n<ul class="nav navbar-nav">\n<li><a href="/models/20170509-174411-45b4">test_model</a></li>\n<li class="active"><a>Test Many</a></li>\n</ul>\n<ul class="nav navbar-nav navbar-right">\n<li>\n<p class="navbar-text">\n            digits-testsuite (<a class="navbar-link" href="/logout">Logout</a>)\n            </p>\n</li>\n<li class="dropdown">\n<a class="dropdown-toggle" data-toggle="dropdown" href="#">Info<span class="caret"></span></a>\n<ul class="dropdown-menu navbar-inverse">\n<li><span class="navbar-text">Server: ethan-computer</span></li>\n<li><span class="navbar-text">DIGITS version: <br> 5.1-dev</br></span></li>\n<li><span class="navbar-text">Caffe version: <br> 0.15.13</br></span></li>\n<li><span class="navbar-text">Caffe flavor: <br> NVIDIA</br></span></li>\n</ul>\n</li>\n<li class="dropdown">\n<a class="dropdown-toggle" data-toggle="dropdown" href="#">About<span class="caret"></span></a>\n<ul class="dropdown-menu about-menu navbar-inverse">\n<li><span class="navbar-text"><a href="https://developer.nvidia.com/digits" target="_blank">\n                        DIGITS on developer.nvidia.com\n                    </a></span></li>\n<li><span class="navbar-text"><a href="https://github.com/NVIDIA/DIGITS" target="_blank">\n                        DIGITS on GitHub\n                    </a></span></li>\n<li><span class="navbar-text"><a href="https://groups.google.com/d/forum/digits-users" target="_blank">\n                        DIGITS user group\n                    </a></span></li>\n<li><span class="navbar-text"><a href="mailto:digits@nvidia.com">\n                        digits@nvidia.com\n                    </a></span></li>\n</ul>\n</li>\n</ul>\n</div>\n</div>\n<div class="container">\n<div class="jumbotron">\n<div class="container">\n<div class="row">\n<div class="col-sm-12" id="show-job-name">\n<h2 style="display:inline;">Infer Many Images</h2>\n</div>\n<div class="col-sm-4" id="edit-job-name" style="display:none;">\n<script>\nfunction updateJobName() {\n    var newName = $("input[name=job-name]").val();\n    $.ajax("/jobs/20170509-174430-cbe9",\n            {\n                type: "PUT",\n                data: {"job_name": newName}\n                }\n          )\n    .done(function() {\n            $("#show-job-name h2").html(newName);\n            $('#edit-job-name').hide(); $('#show-job-name').show();\n            })\n    .fail(function(data) { errorAlert(data); });\n    return false;\n}\n                </script>\n<input class="form-control" name="job-name" value="Infer Many Images"/>\n<a class="btn btn-primary" href="#" onclick="return updateJobName();">Update</a>\n<a class="btn btn-info" href="#" onclick="$('#edit-job-name').hide(); $('#show-job-name').show(); return false;">Cancel</a>\n</div>\n</div>\n<small>Owner: digits-testsuite</small>\n<div class="pull-right">\n<a class="btn btn-info" disabled="" id="clone-job">Clone Job</a>\n<a class="btn btn-warning hidden disabled" id="abort-job">Abort Job</a>\n<a class="btn btn-danger disabled" id="delete-job">Delete Job</a>\n</div>\n</div>\n<script>\n$('#abort-job').on('click', function(event) {\n        event.preventDefault();\n        bootbox.confirm(\n            'Are you sure you want to abort this job?',\n            function(result) {\n                if (result)\n                    $.ajax("/jobs/20170509-174430-cbe9/abort",\n                        {type: "POST"})\n                    .done(function() {\n                        $("#abort-job").hide();\n                        })\n                    .fail(function(data) { errorAlert(data); });\n            });\n        });\n\n$('#delete-job').on('click', function(event) {\n        event.preventDefault();\n        bootbox.confirm(\n            'Are you sure you want to delete this job?<br><br>All related files will be permanently removed.',\n            function(result) {\n                if (result)\n                    $.ajax("/jobs/20170509-174430-cbe9",\n                        {type: "DELETE"})\n                    .done(function() {\n                        window.location = "/";\n                        })\n                    .fail(function(data) { errorAlert(data); });\n            });\n        });\n    </script>\n</div>\n<div class="row">\n<!-- Job content -->\n<div class="col-sm-8">\n<div class="page-header">\n<h1>\n        test_model\n        <small>\n            Image Inference\n        </small>\n</h1>\n</div>\n</div>\n<!-- Tasks -->\n<div class="col-sm-4">\n<div class="panel-group">\n<div class="panel panel-danger" id="job-statuses">\n<div class="panel-heading">\n<h4 class="panel-title">\n                    Job Status\n                    <small>Error</small>\n</h4>\n</div>\n<div class="panel-collapse">\n<div class="panel-body">\n<div class="job-statuses">\n<ul>\n<li>\n<span class="text-warning">Initialized</span>\n        at 05:44:30 PM\n            <small>(0 seconds)</small>\n</li>\n<li>\n<span class="text-info">Running</span>\n        at 05:44:30 PM\n            <small>(2 seconds)</small>\n</li>\n<li>\n<span class="text-danger">Error</span>\n        at 05:44:33 PM\n            <br>\n<small>(Total - 2 seconds)</small>\n</br></li>\n</ul>\n</div>\n<div class="panel-group">\n<div class="panel panel-danger" id="task-140099410903888-status">\n<div class="panel-heading">\n<h4 class="panel-title">\n<a data-toggle="collapse" href="#task-140099410903888-status-collapse">\n                                            Infer Model\n                                            <small>Error</small>\n<span class="caret"></span>\n</a>\n</h4>\n</div>\n<div class="panel-collapse collapse in" id="task-140099410903888-status-collapse">\n<div class="panel-body">\n<div class="task-progress" style="display:none;">\n<div class="progress">\n<div class="progress-bar" style="width:0%">\n                                                    0%\n                                                </div>\n</div>\n                                            Estimated time remaining: <span class="task-eta">?</span>\n<br/>\n<br/>\n</div>\n<div class="task-statuses">\n<ul>\n<li>\n<span class="text-warning">Initialized</span>\n        at 05:44:30 PM\n            <small>(0 seconds)</small>\n</li>\n<li>\n<span class="text-info">Running</span>\n        at 05:44:30 PM\n            <small>(2 seconds)</small>\n</li>\n<li>\n<span class="text-danger">Error</span>\n        at 05:44:33 PM\n            <br>\n<small>(Total - 2 seconds)</small>\n</br></li>\n</ul>\n<h4 class="text-danger">ERROR: error code 1</h4>\n<pre>\nWARNING: log_file config option not found - no log file is being saved\n2017-05-09 17:44:32 [ERROR] InferenceError: Unable to find snapshot for epoch=-1.0\nTraceback (most recent call last):\nFile "/home/ethan/digits_GAN/digits/tools/inference.py", line 293, in &lt;module&gt;\nargs['resize']\nFile "/home/ethan/digits_GAN/digits/tools/inference.py", line 79, in infer\nraise InferenceError("Unable to find snapshot for epoch=%s" % repr(epoch))\ndigits.inference.errors.InferenceError: 'Unable to find snapshot for epoch=-1.0'\n        </pre>\n</div>\n</div>\n</div>\n</div>\n</div>\n</div>\n</div>\n</div>\n</div>\n<div class="gpu-utilization-info" style="display:none;"></div>\n<!-- Related jobs -->\n<div class="panel panel-default" id="notes-information">\n<div class="panel-heading">\n<h4>Notes</h4>\n</div>\n<div class="panel-body">\n<div class="col-sm-12" id="show-job-notes">\n<p style="display:inline;">None</p>\n</div>\n<div class="col-sm-12" id="edit-job-notes" style="display:none;">\n<script type="text/javascript">\n                        function updateJobNotes() {\n                        var newNotes = $("textarea[name=job-notes]").val();\n                        $.ajax("/jobs/20170509-174430-cbe9",\n                                {\n                                    type: "PUT",\n                                    data: {"job_notes": newNotes}\n                                    }\n                              )\n                        .done(function() {\n                                $("#show-job-notes p").html(newNotes);\n                                $('#edit-job-notes').hide(); $('#show-job-notes').show();\n                                })\n                        .fail(function(data) { errorAlert(data); });\n                        return false;\n                    }\n                    </script>\n<textarea class="form-control" name="job-notes" placeholder="Enter notes" rows="5"></textarea>\n<a class="btn btn-primary" href="#" onclick="return updateJobNotes();">Update</a>\n<a class="btn btn-info" href="#" onclick="$('#edit-job-notes').hide(); $('#show-job-notes').show(); return false;">Cancel</a>\n</div>\n</div>\n</div>\n</div>\n</div>\n<div class="row">\n<div class="row">\n<h3>Visualizations</h3>\n<div style="overflow:scroll; height:800px;">\n<table class="table">\n<tr>\n<td></td>\n<th>Image</th>\n<th>Data</th>\n</tr>\n<tr>\n<td>1</td>\n<td>/tmp/tmpW8Ofx6/test.png</td>\n<td></td>\n</tr>\n<tr>\n<td>2</td>\n<td>/tmp/tmpW8Ofx6/test.png</td>\n<td></td>\n</tr>\n</table>\n</div>\n</div>\n</div>\n</div>\n<script>\n$SCRIPT_ROOT = "";\n\n$(".explanation-tooltip").tooltip();\n\nwindow.onload = function () {\n    $('.autocomplete_path').autocomplete({\n       serviceUrl: '/autocomplete/path',\n       formatResult: function (suggestion, currentValue)\n       {\n            function baseName(str)\n            {\n               var base = new String(str).substring(str.lastIndexOf('/') + 1);\n               return base;\n            }\n            return baseName(suggestion.value);\n        },\n        minChars: 0\n    });\n    $(".autocomplete_path").removeAttr("autocomplete");\n};\n\n</script>\n<style>\n .about-menu {\n     width: 240px !important;\n }\n .brightness {\n     display: inline-block;\n }\n .brightness img:hover {\n     opacity: .75;\n }\n</style>\n</body>]
-------------------- >> begin captured logging << --------------------
socketio: INFO: emitting event "job update" to job_management [/jobs]
socketio: INFO: emitting event "job update" to 20170509-174430-cbe9 [/jobs]
socketio: INFO: emitting event "job update" to job_management [/jobs]
socketio: INFO: emitting event "server update" to job_management [/jobs]
socketio: INFO: emitting event "server update" to job_management [/jobs]
digits.webapp: INFO: Infer Model task started.
socketio: INFO: emitting event "task update" to 20170509-174430-cbe9 [/jobs]
socketio: INFO: emitting event "job update" to 20170509-174430-cbe9 [/jobs]
socketio: INFO: emitting event "job update" to job_management [/jobs]
digits.webapp: INFO: Task subprocess args: "/usr/bin/python2 /home/ethan/digits_GAN/digits/tools/inference.py /tmp/tmpX3R8Ve/20170509-174430-cbe9/tmpO1sQ1u.txt /tmp/tmpX3R8Ve/20170509-174430-cbe9 20170509-174411-45b4 --jobs_dir=/tmp/tmpX3R8Ve --layers=none --gpu=0"
socketio: INFO: emitting event "task update" to 20170509-172259-8252 [/jobs]
socketio: INFO: emitting event "task update" to 20170509-173322-0807 [/jobs]
socketio: INFO: emitting event "task update" to 20170509-172114-d063 [/jobs]
socketio: INFO: emitting event "task update" to 20170509-172323-89b4 [/jobs]
socketio: INFO: emitting event "task update" to 20170509-174411-45b4 [/jobs]
socketio: INFO: emitting event "task update" to 20170509-173300-0377 [/jobs]
socketio: INFO: emitting event "task update" to 20170509-173245-3417 [/jobs]
socketio: INFO: emitting event "task update" to 20170509-173324-49b0 [/jobs]
socketio: INFO: emitting event "task update" to 20170509-172342-e0ef [/jobs]
socketio: INFO: emitting event "task update" to 20170509-173108-a6ff [/jobs]
socketio: INFO: emitting event "task update" to 20170509-172725-6a13 [/jobs]
socketio: INFO: emitting event "task update" to 20170509-172806-b5bc [/jobs]
socketio: INFO: emitting event "task update" to 20170509-172227-0156 [/jobs]
socketio: INFO: emitting event "task update" to 20170509-172334-9d18 [/jobs]
socketio: INFO: emitting event "task update" to 20170509-173128-33ce [/jobs]
socketio: INFO: emitting event "task update" to 20170509-172347-b92a [/jobs]
socketio: INFO: emitting event "task update" to 20170509-173326-3e6f [/jobs]
socketio: INFO: emitting event "task update" to 20170509-172315-d38b [/jobs]
socketio: INFO: emitting event "task update" to 20170509-174340-86bb [/jobs]
socketio: INFO: emitting event "task update" to 20170509-172516-8f4b [/jobs]
socketio: INFO: emitting event "task update" to 20170509-172352-bfdd [/jobs]
socketio: INFO: emitting event "task update" to 20170509-172412-e6f0 [/jobs]
socketio: INFO: emitting event "task update" to 20170509-173329-1cea [/jobs]
socketio: INFO: emitting event "task update" to 20170509-173229-c795 [/jobs]
socketio: INFO: emitting event "task update" to 20170509-172202-9230 [/jobs]
socketio: INFO: emitting event "task update" to 20170509-173331-d237 [/jobs]
socketio: INFO: emitting event "task update" to 20170509-172317-7da8 [/jobs]
socketio: INFO: emitting event "task update" to 20170509-173008-ee07 [/jobs]
socketio: INFO: emitting event "task update" to 20170509-172210-1907 [/jobs]
socketio: INFO: emitting event "task update" to 20170509-173333-e98b [/jobs]
socketio: INFO: emitting event "task update" to 20170509-172825-84c5 [/jobs]
socketio: INFO: emitting event "task update" to 20170509-173335-6067 [/jobs]
socketio: INFO: emitting event "task update" to 20170509-172147-4505 [/jobs]
socketio: INFO: emitting event "task update" to 20170509-173337-8532 [/jobs]
socketio: INFO: emitting event "task update" to 20170509-172907-6ffa [/jobs]
socketio: INFO: emitting event "task update" to 20170509-172339-dc52 [/jobs]
socketio: INFO: emitting event "task update" to 20170509-172625-e177 [/jobs]
socketio: INFO: emitting event "task update" to 20170509-173316-5f8a [/jobs]
socketio: INFO: emitting event "task update" to 20170509-173318-416e [/jobs]
socketio: INFO: emitting event "task update" to 20170509-173415-8046 [/jobs]
socketio: INFO: emitting event "task update" to 20170509-173027-0946 [/jobs]
socketio: INFO: emitting event "task update" to 20170509-172218-c9c0 [/jobs]
socketio: INFO: emitting event "task update" to 20170509-172328-6826 [/jobs]
socketio: INFO: emitting event "task update" to 20170509-173403-2593 [/jobs]
socketio: INFO: emitting event "task update" to 20170509-174313-cb2c [/jobs]
socketio: INFO: emitting event "task update" to 20170509-172344-9606 [/jobs]
socketio: INFO: emitting event "task update" to 20170509-172430-a33c [/jobs]
socketio: INFO: emitting event "task update" to 20170509-172605-0fd8 [/jobs]
socketio: INFO: emitting event "task update" to 20170509-172706-cfe6 [/jobs]
socketio: INFO: emitting event "task update" to 20170509-173209-48ad [/jobs]
socketio: INFO: emitting event "task update" to 20170509-173320-66e3 [/jobs]
socketio: INFO: emitting event "task update" to 20170509-172927-67d2 [/jobs]
socketio: INFO: emitting event "task update" to 20170509-173515-e8bf [/jobs]
socketio: INFO: emitting event "task update" to 20170509-172524-d7c0 [/jobs]
socketio: INFO: emitting event "task update" to 20170509-172419-2d22 [/jobs]
socketio: INFO: emitting event "task update" to 20170509-172337-f1aa [/jobs]
socketio: INFO: emitting event "task update" to 20170509-173228-acad [/jobs]
socketio: INFO: emitting event "task update" to 20170509-172350-6fcd [/jobs]
socketio: INFO: emitting event "task update" to 20170509-173357-1ed1 [/jobs]
socketio: INFO: emitting event "task update" to 20170509-172259-8252 [/jobs]
socketio: INFO: emitting event "task update" to 20170509-173322-0807 [/jobs]
socketio: INFO: emitting event "task update" to 20170509-172114-d063 [/jobs]
socketio: INFO: emitting event "task update" to 20170509-172323-89b4 [/jobs]
socketio: INFO: emitting event "task update" to 20170509-174411-45b4 [/jobs]
socketio: INFO: emitting event "task update" to 20170509-173300-0377 [/jobs]
socketio: INFO: emitting event "task update" to 20170509-173245-3417 [/jobs]
socketio: INFO: emitting event "task update" to 20170509-173324-49b0 [/jobs]
socketio: INFO: emitting event "task update" to 20170509-172342-e0ef [/jobs]
socketio: INFO: emitting event "task update" to 20170509-173108-a6ff [/jobs]
socketio: INFO: emitting event "task update" to 20170509-172725-6a13 [/jobs]
socketio: INFO: emitting event "task update" to 20170509-172806-b5bc [/jobs]
socketio: INFO: emitting event "task update" to 20170509-172227-0156 [/jobs]
socketio: INFO: emitting event "task update" to 20170509-172334-9d18 [/jobs]
socketio: INFO: emitting event "task update" to 20170509-173128-33ce [/jobs]
socketio: INFO: emitting event "task update" to 20170509-172347-b92a [/jobs]
socketio: INFO: emitting event "task update" to 20170509-173326-3e6f [/jobs]
socketio: INFO: emitting event "task update" to 20170509-172315-d38b [/jobs]
socketio: INFO: emitting event "task update" to 20170509-174340-86bb [/jobs]
socketio: INFO: emitting event "task update" to 20170509-172516-8f4b [/jobs]
socketio: INFO: emitting event "task update" to 20170509-172352-bfdd [/jobs]
socketio: INFO: emitting event "task update" to 20170509-172412-e6f0 [/jobs]
socketio: INFO: emitting event "task update" to 20170509-173329-1cea [/jobs]
socketio: INFO: emitting event "task update" to 20170509-173229-c795 [/jobs]
socketio: INFO: emitting event "task update" to 20170509-172202-9230 [/jobs]
socketio: INFO: emitting event "task update" to 20170509-173331-d237 [/jobs]
socketio: INFO: emitting event "task update" to 20170509-172317-7da8 [/jobs]
socketio: INFO: emitting event "task update" to 20170509-173008-ee07 [/jobs]
socketio: INFO: emitting event "task update" to 20170509-172210-1907 [/jobs]
socketio: INFO: emitting event "task update" to 20170509-173333-e98b [/jobs]
socketio: INFO: emitting event "task update" to 20170509-172825-84c5 [/jobs]
socketio: INFO: emitting event "task update" to 20170509-173335-6067 [/jobs]
socketio: INFO: emitting event "task update" to 20170509-172147-4505 [/jobs]
socketio: INFO: emitting event "task update" to 20170509-173337-8532 [/jobs]
socketio: INFO: emitting event "task update" to 20170509-172907-6ffa [/jobs]
socketio: INFO: emitting event "task update" to 20170509-172339-dc52 [/jobs]
socketio: INFO: emitting event "task update" to 20170509-172625-e177 [/jobs]
socketio: INFO: emitting event "task update" to 20170509-173316-5f8a [/jobs]
socketio: INFO: emitting event "task update" to 20170509-173318-416e [/jobs]
socketio: INFO: emitting event "task update" to 20170509-173415-8046 [/jobs]
socketio: INFO: emitting event "task update" to 20170509-173027-0946 [/jobs]
socketio: INFO: emitting event "task update" to 20170509-172218-c9c0 [/jobs]
socketio: INFO: emitting event "task update" to 20170509-172328-6826 [/jobs]
socketio: INFO: emitting event "task update" to 20170509-173403-2593 [/jobs]
socketio: INFO: emitting event "task update" to 20170509-174313-cb2c [/jobs]
socketio: INFO: emitting event "task update" to 20170509-172344-9606 [/jobs]
socketio: INFO: emitting event "task update" to 20170509-172430-a33c [/jobs]
socketio: INFO: emitting event "task update" to 20170509-172605-0fd8 [/jobs]
socketio: INFO: emitting event "task update" to 20170509-172706-cfe6 [/jobs]
socketio: INFO: emitting event "task update" to 20170509-173209-48ad [/jobs]
socketio: INFO: emitting event "task update" to 20170509-173320-66e3 [/jobs]
socketio: INFO: emitting event "task update" to 20170509-172927-67d2 [/jobs]
socketio: INFO: emitting event "task update" to 20170509-173515-e8bf [/jobs]
socketio: INFO: emitting event "task update" to 20170509-172524-d7c0 [/jobs]
socketio: INFO: emitting event "task update" to 20170509-172419-2d22 [/jobs]
socketio: INFO: emitting event "task update" to 20170509-172337-f1aa [/jobs]
socketio: INFO: emitting event "task update" to 20170509-173228-acad [/jobs]
socketio: INFO: emitting event "task update" to 20170509-172350-6fcd [/jobs]
socketio: INFO: emitting event "task update" to 20170509-173357-1ed1 [/jobs]
socketio: INFO: emitting event "task update" to 20170509-172259-8252 [/jobs]
socketio: INFO: emitting event "task update" to 20170509-173322-0807 [/jobs]
socketio: INFO: emitting event "task update" to 20170509-172114-d063 [/jobs]
socketio: INFO: emitting event "task update" to 20170509-172323-89b4 [/jobs]
socketio: INFO: emitting event "task update" to 20170509-174411-45b4 [/jobs]
socketio: INFO: emitting event "task update" to 20170509-173300-0377 [/jobs]
socketio: INFO: emitting event "task update" to 20170509-173245-3417 [/jobs]
socketio: INFO: emitting event "task update" to 20170509-173324-49b0 [/jobs]
socketio: INFO: emitting event "task update" to 20170509-172342-e0ef [/jobs]
socketio: INFO: emitting event "task update" to 20170509-173108-a6ff [/jobs]
socketio: INFO: emitting event "task update" to 20170509-172725-6a13 [/jobs]
socketio: INFO: emitting event "task update" to 20170509-172806-b5bc [/jobs]
socketio: INFO: emitting event "task update" to 20170509-172227-0156 [/jobs]
socketio: INFO: emitting event "task update" to 20170509-172334-9d18 [/jobs]
socketio: INFO: emitting event "task update" to 20170509-173128-33ce [/jobs]
digits.webapp: WARNING: Infer Model unrecognized output: WARNING: log_file config option not found - no log file is being saved
digits.webapp: WARNING: Infer Model unrecognized output: 2017-05-09 17:44:32 [ERROR] InferenceError: Unable to find snapshot for epoch=-1.0
digits.webapp: WARNING: Infer Model unrecognized output: Traceback (most recent call last):
digits.webapp: WARNING: Infer Model unrecognized output: File "/home/ethan/digits_GAN/digits/tools/inference.py", line 293, in <module>
digits.webapp: WARNING: Infer Model unrecognized output: args['resize']
digits.webapp: WARNING: Infer Model unrecognized output: File "/home/ethan/digits_GAN/digits/tools/inference.py", line 79, in infer
digits.webapp: WARNING: Infer Model unrecognized output: raise InferenceError("Unable to find snapshot for epoch=%s" % repr(epoch))
digits.webapp: WARNING: Infer Model unrecognized output: digits.inference.errors.InferenceError: 'Unable to find snapshot for epoch=-1.0'
socketio: INFO: emitting event "task update" to 20170509-172347-b92a [/jobs]
socketio: INFO: emitting event "task update" to 20170509-173326-3e6f [/jobs]
socketio: INFO: emitting event "task update" to 20170509-172315-d38b [/jobs]
socketio: INFO: emitting event "task update" to 20170509-174340-86bb [/jobs]
socketio: INFO: emitting event "task update" to 20170509-172516-8f4b [/jobs]
socketio: INFO: emitting event "task update" to 20170509-172352-bfdd [/jobs]
socketio: INFO: emitting event "task update" to 20170509-172412-e6f0 [/jobs]
socketio: INFO: emitting event "task update" to 20170509-173329-1cea [/jobs]
socketio: INFO: emitting event "task update" to 20170509-173229-c795 [/jobs]
socketio: INFO: emitting event "task update" to 20170509-172202-9230 [/jobs]
socketio: INFO: emitting event "task update" to 20170509-173331-d237 [/jobs]
socketio: INFO: emitting event "task update" to 20170509-172317-7da8 [/jobs]
socketio: INFO: emitting event "task update" to 20170509-173008-ee07 [/jobs]
socketio: INFO: emitting event "task update" to 20170509-172210-1907 [/jobs]
socketio: INFO: emitting event "task update" to 20170509-173333-e98b [/jobs]
socketio: INFO: emitting event "task update" to 20170509-172825-84c5 [/jobs]
socketio: INFO: emitting event "task update" to 20170509-173335-6067 [/jobs]
socketio: INFO: emitting event "task update" to 20170509-172147-4505 [/jobs]
socketio: INFO: emitting event "task update" to 20170509-173337-8532 [/jobs]
socketio: INFO: emitting event "task update" to 20170509-172907-6ffa [/jobs]
socketio: INFO: emitting event "task update" to 20170509-172339-dc52 [/jobs]
socketio: INFO: emitting event "task update" to 20170509-172625-e177 [/jobs]
socketio: INFO: emitting event "task update" to 20170509-173316-5f8a [/jobs]
socketio: INFO: emitting event "task update" to 20170509-173318-416e [/jobs]
socketio: INFO: emitting event "task update" to 20170509-173415-8046 [/jobs]
socketio: INFO: emitting event "task update" to 20170509-173027-0946 [/jobs]
socketio: INFO: emitting event "task update" to 20170509-172218-c9c0 [/jobs]
socketio: INFO: emitting event "task update" to 20170509-172328-6826 [/jobs]
digits.webapp: ERROR: Infer Model task failed with error code 1
socketio: INFO: emitting event "task update" to 20170509-174430-cbe9 [/jobs]
socketio: INFO: emitting event "job update" to 20170509-174430-cbe9 [/jobs]
socketio: INFO: emitting event "job update" to job_management [/jobs]
socketio: INFO: emitting event "server update" to job_management [/jobs]
socketio: INFO: emitting event "server update" to job_management [/jobs]
socketio: INFO: emitting event "task update" to 20170509-173403-2593 [/jobs]
socketio: INFO: emitting event "task update" to 20170509-174313-cb2c [/jobs]
socketio: INFO: emitting event "task update" to 20170509-172344-9606 [/jobs]
socketio: INFO: emitting event "task update" to 20170509-172430-a33c [/jobs]
socketio: INFO: emitting event "job update" to 20170509-174430-cbe9 [/jobs]
socketio: INFO: emitting event "job update" to job_management [/jobs]
socketio: INFO: emitting event "task update" to 20170509-172605-0fd8 [/jobs]
socketio: INFO: emitting event "task update" to 20170509-172706-cfe6 [/jobs]
digits: INFO: Job deleted.
socketio: INFO: emitting event "job update" to job_management [/jobs]
--------------------- >> end captured logging << ---------------------

======================================================================
FAIL: digits.model.images.generic.test_views.TestTensorflowCreatedWithGradientDataExtension.test_infer_many_from_folder
----------------------------------------------------------------------
Traceback (most recent call last):
  File "/home/ethan/.local/lib/python2.7/site-packages/nose/case.py", line 197, in runTest
    self.test(*self.arg)
  File "/home/ethan/digits_GAN/digits/model/images/generic/test_views.py", line 661, in test_infer_many_from_folder
    assert rv.status_code == 200, 'POST failed with %s\n\n%s' % (rv.status_code, body)
AssertionError: POST failed with 500

[<body>\n<div class="navbar navbar-inverse navbar-fixed-top">\n<div class="container">\n<div class="navbar-header">\n<a class="navbar-brand" href="/">DIGITS</a>\n</div>\n<ul class="nav navbar-nav">\n<li><a href="/models/20170509-174411-45b4">test_model</a></li>\n<li class="active"><a>Test Many</a></li>\n</ul>\n<ul class="nav navbar-nav navbar-right">\n<li>\n<p class="navbar-text">\n            digits-testsuite (<a class="navbar-link" href="/logout">Logout</a>)\n            </p>\n</li>\n<li class="dropdown">\n<a class="dropdown-toggle" data-toggle="dropdown" href="#">Info<span class="caret"></span></a>\n<ul class="dropdown-menu navbar-inverse">\n<li><span class="navbar-text">Server: ethan-computer</span></li>\n<li><span class="navbar-text">DIGITS version: <br> 5.1-dev</br></span></li>\n<li><span class="navbar-text">Caffe version: <br> 0.15.13</br></span></li>\n<li><span class="navbar-text">Caffe flavor: <br> NVIDIA</br></span></li>\n</ul>\n</li>\n<li class="dropdown">\n<a class="dropdown-toggle" data-toggle="dropdown" href="#">About<span class="caret"></span></a>\n<ul class="dropdown-menu about-menu navbar-inverse">\n<li><span class="navbar-text"><a href="https://developer.nvidia.com/digits" target="_blank">\n                        DIGITS on developer.nvidia.com\n                    </a></span></li>\n<li><span class="navbar-text"><a href="https://github.com/NVIDIA/DIGITS" target="_blank">\n                        DIGITS on GitHub\n                    </a></span></li>\n<li><span class="navbar-text"><a href="https://groups.google.com/d/forum/digits-users" target="_blank">\n                        DIGITS user group\n                    </a></span></li>\n<li><span class="navbar-text"><a href="mailto:digits@nvidia.com">\n                        digits@nvidia.com\n                    </a></span></li>\n</ul>\n</li>\n</ul>\n</div>\n</div>\n<div class="container">\n<div class="jumbotron">\n<div class="container">\n<div class="row">\n<div class="col-sm-12" id="show-job-name">\n<h2 style="display:inline;">Infer Many Images</h2>\n</div>\n<div class="col-sm-4" id="edit-job-name" style="display:none;">\n<script>\nfunction updateJobName() {\n    var newName = $("input[name=job-name]").val();\n    $.ajax("/jobs/20170509-174433-40b6",\n            {\n                type: "PUT",\n                data: {"job_name": newName}\n                }\n          )\n    .done(function() {\n            $("#show-job-name h2").html(newName);\n            $('#edit-job-name').hide(); $('#show-job-name').show();\n            })\n    .fail(function(data) { errorAlert(data); });\n    return false;\n}\n                </script>\n<input class="form-control" name="job-name" value="Infer Many Images"/>\n<a class="btn btn-primary" href="#" onclick="return updateJobName();">Update</a>\n<a class="btn btn-info" href="#" onclick="$('#edit-job-name').hide(); $('#show-job-name').show(); return false;">Cancel</a>\n</div>\n</div>\n<small>Owner: digits-testsuite</small>\n<div class="pull-right">\n<a class="btn btn-info" disabled="" id="clone-job">Clone Job</a>\n<a class="btn btn-warning hidden disabled" id="abort-job">Abort Job</a>\n<a class="btn btn-danger disabled" id="delete-job">Delete Job</a>\n</div>\n</div>\n<script>\n$('#abort-job').on('click', function(event) {\n        event.preventDefault();\n        bootbox.confirm(\n            'Are you sure you want to abort this job?',\n            function(result) {\n                if (result)\n                    $.ajax("/jobs/20170509-174433-40b6/abort",\n                        {type: "POST"})\n                    .done(function() {\n                        $("#abort-job").hide();\n                        })\n                    .fail(function(data) { errorAlert(data); });\n            });\n        });\n\n$('#delete-job').on('click', function(event) {\n        event.preventDefault();\n        bootbox.confirm(\n            'Are you sure you want to delete this job?<br><br>All related files will be permanently removed.',\n            function(result) {\n                if (result)\n                    $.ajax("/jobs/20170509-174433-40b6",\n                        {type: "DELETE"})\n                    .done(function() {\n                        window.location = "/";\n                        })\n                    .fail(function(data) { errorAlert(data); });\n            });\n        });\n    </script>\n</div>\n<div class="row">\n<!-- Job content -->\n<div class="col-sm-8">\n<div class="page-header">\n<h1>\n        test_model\n        <small>\n            Image Inference\n        </small>\n</h1>\n</div>\n</div>\n<!-- Tasks -->\n<div class="col-sm-4">\n<div class="panel-group">\n<div class="panel panel-danger" id="job-statuses">\n<div class="panel-heading">\n<h4 class="panel-title">\n                    Job Status\n                    <small>Error</small>\n</h4>\n</div>\n<div class="panel-collapse">\n<div class="panel-body">\n<div class="job-statuses">\n<ul>\n<li>\n<span class="text-warning">Initialized</span>\n        at 05:44:33 PM\n            <small>(0 seconds)</small>\n</li>\n<li>\n<span class="text-info">Running</span>\n        at 05:44:33 PM\n            <small>(2 seconds)</small>\n</li>\n<li>\n<span class="text-danger">Error</span>\n        at 05:44:36 PM\n            <br>\n<small>(Total - 2 seconds)</small>\n</br></li>\n</ul>\n</div>\n<div class="panel-group">\n<div class="panel panel-danger" id="task-140099414139088-status">\n<div class="panel-heading">\n<h4 class="panel-title">\n<a data-toggle="collapse" href="#task-140099414139088-status-collapse">\n                                            Infer Model\n                                            <small>Error</small>\n<span class="caret"></span>\n</a>\n</h4>\n</div>\n<div class="panel-collapse collapse in" id="task-140099414139088-status-collapse">\n<div class="panel-body">\n<div class="task-progress" style="display:none;">\n<div class="progress">\n<div class="progress-bar" style="width:0%">\n                                                    0%\n                                                </div>\n</div>\n                                            Estimated time remaining: <span class="task-eta">?</span>\n<br/>\n<br/>\n</div>\n<div class="task-statuses">\n<ul>\n<li>\n<span class="text-warning">Initialized</span>\n        at 05:44:33 PM\n            <small>(0 seconds)</small>\n</li>\n<li>\n<span class="text-info">Running</span>\n        at 05:44:33 PM\n            <small>(2 seconds)</small>\n</li>\n<li>\n<span class="text-danger">Error</span>\n        at 05:44:36 PM\n            <br>\n<small>(Total - 2 seconds)</small>\n</br></li>\n</ul>\n<h4 class="text-danger">ERROR: error code 1</h4>\n<pre>\nWARNING: log_file config option not found - no log file is being saved\n2017-05-09 17:44:35 [ERROR] InferenceError: Unable to find snapshot for epoch=-1.0\nTraceback (most recent call last):\nFile "/home/ethan/digits_GAN/digits/tools/inference.py", line 293, in &lt;module&gt;\nargs['resize']\nFile "/home/ethan/digits_GAN/digits/tools/inference.py", line 79, in infer\nraise InferenceError("Unable to find snapshot for epoch=%s" % repr(epoch))\ndigits.inference.errors.InferenceError: 'Unable to find snapshot for epoch=-1.0'\n        </pre>\n</div>\n</div>\n</div>\n</div>\n</div>\n</div>\n</div>\n</div>\n</div>\n<div class="gpu-utilization-info" style="display:none;"></div>\n<!-- Related jobs -->\n<div class="panel panel-default" id="notes-information">\n<div class="panel-heading">\n<h4>Notes</h4>\n</div>\n<div class="panel-body">\n<div class="col-sm-12" id="show-job-notes">\n<p style="display:inline;">None</p>\n</div>\n<div class="col-sm-12" id="edit-job-notes" style="display:none;">\n<script type="text/javascript">\n                        function updateJobNotes() {\n                        var newNotes = $("textarea[name=job-notes]").val();\n                        $.ajax("/jobs/20170509-174433-40b6",\n                                {\n                                    type: "PUT",\n                                    data: {"job_notes": newNotes}\n                                    }\n                              )\n                        .done(function() {\n                                $("#show-job-notes p").html(newNotes);\n                                $('#edit-job-notes').hide(); $('#show-job-notes').show();\n                                })\n                        .fail(function(data) { errorAlert(data); });\n                        return false;\n                    }\n                    </script>\n<textarea class="form-control" name="job-notes" placeholder="Enter notes" rows="5"></textarea>\n<a class="btn btn-primary" href="#" onclick="return updateJobNotes();">Update</a>\n<a class="btn btn-info" href="#" onclick="$('#edit-job-notes').hide(); $('#show-job-notes').show(); return false;">Cancel</a>\n</div>\n</div>\n</div>\n</div>\n</div>\n<div class="row">\n<div class="row">\n<h3>Visualizations</h3>\n<div style="overflow:scroll; height:800px;">\n<table class="table">\n<tr>\n<td></td>\n<th>Image</th>\n<th>Data</th>\n</tr>\n<tr>\n<td>1</td>\n<td>/tmp/tmpW8Ofx6/test.png</td>\n<td></td>\n</tr>\n</table>\n</div>\n</div>\n</div>\n</div>\n<script>\n$SCRIPT_ROOT = "";\n\n$(".explanation-tooltip").tooltip();\n\nwindow.onload = function () {\n    $('.autocomplete_path').autocomplete({\n       serviceUrl: '/autocomplete/path',\n       formatResult: function (suggestion, currentValue)\n       {\n            function baseName(str)\n            {\n               var base = new String(str).substring(str.lastIndexOf('/') + 1);\n               return base;\n            }\n            return baseName(suggestion.value);\n        },\n        minChars: 0\n    });\n    $(".autocomplete_path").removeAttr("autocomplete");\n};\n\n</script>\n<style>\n .about-menu {\n     width: 240px !important;\n }\n .brightness {\n     display: inline-block;\n }\n .brightness img:hover {\n     opacity: .75;\n }\n</style>\n</body>]
-------------------- >> begin captured logging << --------------------
socketio: INFO: emitting event "job update" to job_management [/jobs]
socketio: INFO: emitting event "task update" to 20170509-173209-48ad [/jobs]
socketio: INFO: emitting event "task update" to 20170509-173320-66e3 [/jobs]
socketio: INFO: emitting event "task update" to 20170509-172927-67d2 [/jobs]
socketio: INFO: emitting event "task update" to 20170509-173515-e8bf [/jobs]
socketio: INFO: emitting event "task update" to 20170509-172524-d7c0 [/jobs]
socketio: INFO: emitting event "task update" to 20170509-172419-2d22 [/jobs]
socketio: INFO: emitting event "task update" to 20170509-172337-f1aa [/jobs]
socketio: INFO: emitting event "task update" to 20170509-173228-acad [/jobs]
socketio: INFO: emitting event "task update" to 20170509-172350-6fcd [/jobs]
socketio: INFO: emitting event "task update" to 20170509-173357-1ed1 [/jobs]
socketio: INFO: emitting event "job update" to 20170509-174433-40b6 [/jobs]
socketio: INFO: emitting event "job update" to job_management [/jobs]
socketio: INFO: emitting event "server update" to job_management [/jobs]
socketio: INFO: emitting event "server update" to job_management [/jobs]
digits.webapp: INFO: Infer Model task started.
socketio: INFO: emitting event "task update" to 20170509-174433-40b6 [/jobs]
socketio: INFO: emitting event "job update" to 20170509-174433-40b6 [/jobs]
socketio: INFO: emitting event "job update" to job_management [/jobs]
digits.webapp: INFO: Task subprocess args: "/usr/bin/python2 /home/ethan/digits_GAN/digits/tools/inference.py /tmp/tmpX3R8Ve/20170509-174433-40b6/tmpiUeGwD.txt /tmp/tmpX3R8Ve/20170509-174433-40b6 20170509-174411-45b4 --jobs_dir=/tmp/tmpX3R8Ve --layers=none --gpu=0"
socketio: INFO: emitting event "task update" to 20170509-172259-8252 [/jobs]
socketio: INFO: emitting event "task update" to 20170509-173322-0807 [/jobs]
socketio: INFO: emitting event "task update" to 20170509-172114-d063 [/jobs]
socketio: INFO: emitting event "task update" to 20170509-172323-89b4 [/jobs]
socketio: INFO: emitting event "task update" to 20170509-174411-45b4 [/jobs]
socketio: INFO: emitting event "task update" to 20170509-173300-0377 [/jobs]
socketio: INFO: emitting event "task update" to 20170509-173245-3417 [/jobs]
socketio: INFO: emitting event "task update" to 20170509-173324-49b0 [/jobs]
socketio: INFO: emitting event "task update" to 20170509-172342-e0ef [/jobs]
socketio: INFO: emitting event "task update" to 20170509-173108-a6ff [/jobs]
socketio: INFO: emitting event "task update" to 20170509-172725-6a13 [/jobs]
socketio: INFO: emitting event "task update" to 20170509-172806-b5bc [/jobs]
socketio: INFO: emitting event "task update" to 20170509-172227-0156 [/jobs]
socketio: INFO: emitting event "task update" to 20170509-172334-9d18 [/jobs]
socketio: INFO: emitting event "task update" to 20170509-173128-33ce [/jobs]
socketio: INFO: emitting event "task update" to 20170509-172347-b92a [/jobs]
socketio: INFO: emitting event "task update" to 20170509-173326-3e6f [/jobs]
socketio: INFO: emitting event "task update" to 20170509-172315-d38b [/jobs]
socketio: INFO: emitting event "task update" to 20170509-174340-86bb [/jobs]
socketio: INFO: emitting event "task update" to 20170509-172516-8f4b [/jobs]
socketio: INFO: emitting event "task update" to 20170509-172352-bfdd [/jobs]
socketio: INFO: emitting event "task update" to 20170509-172412-e6f0 [/jobs]
socketio: INFO: emitting event "task update" to 20170509-173329-1cea [/jobs]
socketio: INFO: emitting event "task update" to 20170509-173229-c795 [/jobs]
socketio: INFO: emitting event "task update" to 20170509-172202-9230 [/jobs]
socketio: INFO: emitting event "task update" to 20170509-173331-d237 [/jobs]
socketio: INFO: emitting event "task update" to 20170509-172317-7da8 [/jobs]
socketio: INFO: emitting event "task update" to 20170509-173008-ee07 [/jobs]
socketio: INFO: emitting event "task update" to 20170509-172210-1907 [/jobs]
socketio: INFO: emitting event "task update" to 20170509-173333-e98b [/jobs]
socketio: INFO: emitting event "task update" to 20170509-172825-84c5 [/jobs]
socketio: INFO: emitting event "task update" to 20170509-173335-6067 [/jobs]
socketio: INFO: emitting event "task update" to 20170509-172147-4505 [/jobs]
socketio: INFO: emitting event "task update" to 20170509-173337-8532 [/jobs]
socketio: INFO: emitting event "task update" to 20170509-172907-6ffa [/jobs]
socketio: INFO: emitting event "task update" to 20170509-172339-dc52 [/jobs]
socketio: INFO: emitting event "task update" to 20170509-172625-e177 [/jobs]
socketio: INFO: emitting event "task update" to 20170509-173316-5f8a [/jobs]
socketio: INFO: emitting event "task update" to 20170509-173318-416e [/jobs]
socketio: INFO: emitting event "task update" to 20170509-173415-8046 [/jobs]
socketio: INFO: emitting event "task update" to 20170509-173027-0946 [/jobs]
socketio: INFO: emitting event "task update" to 20170509-172218-c9c0 [/jobs]
socketio: INFO: emitting event "task update" to 20170509-172328-6826 [/jobs]
socketio: INFO: emitting event "task update" to 20170509-173403-2593 [/jobs]
socketio: INFO: emitting event "task update" to 20170509-174313-cb2c [/jobs]
socketio: INFO: emitting event "task update" to 20170509-172344-9606 [/jobs]
socketio: INFO: emitting event "task update" to 20170509-172430-a33c [/jobs]
socketio: INFO: emitting event "task update" to 20170509-172605-0fd8 [/jobs]
socketio: INFO: emitting event "task update" to 20170509-172706-cfe6 [/jobs]
socketio: INFO: emitting event "task update" to 20170509-173209-48ad [/jobs]
socketio: INFO: emitting event "task update" to 20170509-173320-66e3 [/jobs]
socketio: INFO: emitting event "task update" to 20170509-172927-67d2 [/jobs]
socketio: INFO: emitting event "task update" to 20170509-173515-e8bf [/jobs]
socketio: INFO: emitting event "task update" to 20170509-172524-d7c0 [/jobs]
socketio: INFO: emitting event "task update" to 20170509-172419-2d22 [/jobs]
socketio: INFO: emitting event "task update" to 20170509-172337-f1aa [/jobs]
socketio: INFO: emitting event "task update" to 20170509-173228-acad [/jobs]
socketio: INFO: emitting event "task update" to 20170509-172350-6fcd [/jobs]
socketio: INFO: emitting event "task update" to 20170509-173357-1ed1 [/jobs]
socketio: INFO: emitting event "task update" to 20170509-172259-8252 [/jobs]
socketio: INFO: emitting event "task update" to 20170509-173322-0807 [/jobs]
socketio: INFO: emitting event "task update" to 20170509-172114-d063 [/jobs]
socketio: INFO: emitting event "task update" to 20170509-172323-89b4 [/jobs]
socketio: INFO: emitting event "task update" to 20170509-174411-45b4 [/jobs]
socketio: INFO: emitting event "task update" to 20170509-173300-0377 [/jobs]
socketio: INFO: emitting event "task update" to 20170509-173245-3417 [/jobs]
socketio: INFO: emitting event "task update" to 20170509-173324-49b0 [/jobs]
socketio: INFO: emitting event "task update" to 20170509-172342-e0ef [/jobs]
socketio: INFO: emitting event "task update" to 20170509-173108-a6ff [/jobs]
socketio: INFO: emitting event "task update" to 20170509-172725-6a13 [/jobs]
socketio: INFO: emitting event "task update" to 20170509-172806-b5bc [/jobs]
socketio: INFO: emitting event "task update" to 20170509-172227-0156 [/jobs]
socketio: INFO: emitting event "task update" to 20170509-172334-9d18 [/jobs]
socketio: INFO: emitting event "task update" to 20170509-173128-33ce [/jobs]
socketio: INFO: emitting event "task update" to 20170509-172347-b92a [/jobs]
socketio: INFO: emitting event "task update" to 20170509-173326-3e6f [/jobs]
socketio: INFO: emitting event "task update" to 20170509-172315-d38b [/jobs]
socketio: INFO: emitting event "task update" to 20170509-174340-86bb [/jobs]
socketio: INFO: emitting event "task update" to 20170509-172516-8f4b [/jobs]
socketio: INFO: emitting event "task update" to 20170509-172352-bfdd [/jobs]
socketio: INFO: emitting event "task update" to 20170509-172412-e6f0 [/jobs]
socketio: INFO: emitting event "task update" to 20170509-173329-1cea [/jobs]
socketio: INFO: emitting event "task update" to 20170509-173229-c795 [/jobs]
socketio: INFO: emitting event "task update" to 20170509-172202-9230 [/jobs]
socketio: INFO: emitting event "task update" to 20170509-173331-d237 [/jobs]
socketio: INFO: emitting event "task update" to 20170509-172317-7da8 [/jobs]
socketio: INFO: emitting event "task update" to 20170509-173008-ee07 [/jobs]
socketio: INFO: emitting event "task update" to 20170509-172210-1907 [/jobs]
socketio: INFO: emitting event "task update" to 20170509-173333-e98b [/jobs]
socketio: INFO: emitting event "task update" to 20170509-172825-84c5 [/jobs]
socketio: INFO: emitting event "task update" to 20170509-173335-6067 [/jobs]
socketio: INFO: emitting event "task update" to 20170509-172147-4505 [/jobs]
socketio: INFO: emitting event "task update" to 20170509-173337-8532 [/jobs]
socketio: INFO: emitting event "task update" to 20170509-172907-6ffa [/jobs]
socketio: INFO: emitting event "task update" to 20170509-172339-dc52 [/jobs]
socketio: INFO: emitting event "task update" to 20170509-172625-e177 [/jobs]
socketio: INFO: emitting event "task update" to 20170509-173316-5f8a [/jobs]
socketio: INFO: emitting event "task update" to 20170509-173318-416e [/jobs]
socketio: INFO: emitting event "task update" to 20170509-173415-8046 [/jobs]
socketio: INFO: emitting event "task update" to 20170509-173027-0946 [/jobs]
socketio: INFO: emitting event "task update" to 20170509-172218-c9c0 [/jobs]
socketio: INFO: emitting event "task update" to 20170509-172328-6826 [/jobs]
socketio: INFO: emitting event "task update" to 20170509-173403-2593 [/jobs]
socketio: INFO: emitting event "task update" to 20170509-174313-cb2c [/jobs]
socketio: INFO: emitting event "task update" to 20170509-172344-9606 [/jobs]
socketio: INFO: emitting event "task update" to 20170509-172430-a33c [/jobs]
socketio: INFO: emitting event "task update" to 20170509-172605-0fd8 [/jobs]
socketio: INFO: emitting event "task update" to 20170509-172706-cfe6 [/jobs]
socketio: INFO: emitting event "task update" to 20170509-173209-48ad [/jobs]
socketio: INFO: emitting event "task update" to 20170509-173320-66e3 [/jobs]
socketio: INFO: emitting event "task update" to 20170509-172927-67d2 [/jobs]
socketio: INFO: emitting event "task update" to 20170509-173515-e8bf [/jobs]
socketio: INFO: emitting event "task update" to 20170509-172524-d7c0 [/jobs]
socketio: INFO: emitting event "task update" to 20170509-172419-2d22 [/jobs]
socketio: INFO: emitting event "task update" to 20170509-172337-f1aa [/jobs]
socketio: INFO: emitting event "task update" to 20170509-173228-acad [/jobs]
socketio: INFO: emitting event "task update" to 20170509-172350-6fcd [/jobs]
socketio: INFO: emitting event "task update" to 20170509-173357-1ed1 [/jobs]
socketio: INFO: emitting event "task update" to 20170509-172259-8252 [/jobs]
socketio: INFO: emitting event "task update" to 20170509-173322-0807 [/jobs]
socketio: INFO: emitting event "task update" to 20170509-172114-d063 [/jobs]
socketio: INFO: emitting event "task update" to 20170509-172323-89b4 [/jobs]
socketio: INFO: emitting event "task update" to 20170509-174411-45b4 [/jobs]
socketio: INFO: emitting event "task update" to 20170509-173300-0377 [/jobs]
socketio: INFO: emitting event "task update" to 20170509-173245-3417 [/jobs]
socketio: INFO: emitting event "task update" to 20170509-173324-49b0 [/jobs]
socketio: INFO: emitting event "task update" to 20170509-172342-e0ef [/jobs]
socketio: INFO: emitting event "task update" to 20170509-173108-a6ff [/jobs]
socketio: INFO: emitting event "task update" to 20170509-172725-6a13 [/jobs]
socketio: INFO: emitting event "task update" to 20170509-172806-b5bc [/jobs]
socketio: INFO: emitting event "task update" to 20170509-172227-0156 [/jobs]
socketio: INFO: emitting event "task update" to 20170509-172334-9d18 [/jobs]
socketio: INFO: emitting event "task update" to 20170509-173128-33ce [/jobs]
digits.webapp: WARNING: Infer Model unrecognized output: WARNING: log_file config option not found - no log file is being saved
digits.webapp: WARNING: Infer Model unrecognized output: 2017-05-09 17:44:35 [ERROR] InferenceError: Unable to find snapshot for epoch=-1.0
digits.webapp: WARNING: Infer Model unrecognized output: Traceback (most recent call last):
digits.webapp: WARNING: Infer Model unrecognized output: File "/home/ethan/digits_GAN/digits/tools/inference.py", line 293, in <module>
digits.webapp: WARNING: Infer Model unrecognized output: args['resize']
digits.webapp: WARNING: Infer Model unrecognized output: File "/home/ethan/digits_GAN/digits/tools/inference.py", line 79, in infer
digits.webapp: WARNING: Infer Model unrecognized output: raise InferenceError("Unable to find snapshot for epoch=%s" % repr(epoch))
digits.webapp: WARNING: Infer Model unrecognized output: digits.inference.errors.InferenceError: 'Unable to find snapshot for epoch=-1.0'
socketio: INFO: emitting event "task update" to 20170509-172347-b92a [/jobs]
socketio: INFO: emitting event "task update" to 20170509-173326-3e6f [/jobs]
socketio: INFO: emitting event "task update" to 20170509-172315-d38b [/jobs]
socketio: INFO: emitting event "task update" to 20170509-174340-86bb [/jobs]
socketio: INFO: emitting event "task update" to 20170509-172516-8f4b [/jobs]
socketio: INFO: emitting event "task update" to 20170509-172352-bfdd [/jobs]
digits.webapp: ERROR: Infer Model task failed with error code 1
socketio: INFO: emitting event "task update" to 20170509-174433-40b6 [/jobs]
socketio: INFO: emitting event "job update" to 20170509-174433-40b6 [/jobs]
socketio: INFO: emitting event "job update" to job_management [/jobs]
socketio: INFO: emitting event "server update" to job_management [/jobs]
socketio: INFO: emitting event "server update" to job_management [/jobs]
socketio: INFO: emitting event "task update" to 20170509-172412-e6f0 [/jobs]
socketio: INFO: emitting event "task update" to 20170509-173329-1cea [/jobs]
socketio: INFO: emitting event "task update" to 20170509-173229-c795 [/jobs]
socketio: INFO: emitting event "task update" to 20170509-172202-9230 [/jobs]
socketio: INFO: emitting event "task update" to 20170509-173331-d237 [/jobs]
socketio: INFO: emitting event "job update" to 20170509-174433-40b6 [/jobs]
socketio: INFO: emitting event "job update" to job_management [/jobs]
socketio: INFO: emitting event "task update" to 20170509-172317-7da8 [/jobs]
socketio: INFO: emitting event "task update" to 20170509-173008-ee07 [/jobs]
socketio: INFO: emitting event "task update" to 20170509-172210-1907 [/jobs]
digits: INFO: Job deleted.
socketio: INFO: emitting event "job update" to job_management [/jobs]
--------------------- >> end captured logging << ---------------------

======================================================================
FAIL: digits.model.images.generic.test_views.TestTensorflowCreatedWithGradientDataExtension.test_infer_many_json
----------------------------------------------------------------------
Traceback (most recent call last):
  File "/home/ethan/.local/lib/python2.7/site-packages/nose/case.py", line 197, in runTest
    self.test(*self.arg)
  File "/home/ethan/digits_GAN/digits/model/images/generic/test_views.py", line 675, in test_infer_many_json
    assert rv.status_code == 200, 'POST failed with %s' % rv.status_code
AssertionError: POST failed with 500
-------------------- >> begin captured logging << --------------------
socketio: INFO: emitting event "job update" to job_management [/jobs]
socketio: INFO: emitting event "task update" to 20170509-173333-e98b [/jobs]
socketio: INFO: emitting event "task update" to 20170509-172825-84c5 [/jobs]
socketio: INFO: emitting event "task update" to 20170509-173335-6067 [/jobs]
socketio: INFO: emitting event "task update" to 20170509-172147-4505 [/jobs]
socketio: INFO: emitting event "task update" to 20170509-173337-8532 [/jobs]
socketio: INFO: emitting event "task update" to 20170509-172907-6ffa [/jobs]
socketio: INFO: emitting event "task update" to 20170509-172339-dc52 [/jobs]
socketio: INFO: emitting event "task update" to 20170509-172625-e177 [/jobs]
socketio: INFO: emitting event "task update" to 20170509-173316-5f8a [/jobs]
socketio: INFO: emitting event "task update" to 20170509-173318-416e [/jobs]
socketio: INFO: emitting event "task update" to 20170509-173415-8046 [/jobs]
socketio: INFO: emitting event "task update" to 20170509-173027-0946 [/jobs]
socketio: INFO: emitting event "task update" to 20170509-172218-c9c0 [/jobs]
socketio: INFO: emitting event "task update" to 20170509-172328-6826 [/jobs]
socketio: INFO: emitting event "task update" to 20170509-173403-2593 [/jobs]
socketio: INFO: emitting event "task update" to 20170509-174313-cb2c [/jobs]
socketio: INFO: emitting event "task update" to 20170509-172344-9606 [/jobs]
socketio: INFO: emitting event "task update" to 20170509-172430-a33c [/jobs]
socketio: INFO: emitting event "task update" to 20170509-172605-0fd8 [/jobs]
socketio: INFO: emitting event "task update" to 20170509-172706-cfe6 [/jobs]
socketio: INFO: emitting event "job update" to 20170509-174436-28a0 [/jobs]
socketio: INFO: emitting event "job update" to job_management [/jobs]
socketio: INFO: emitting event "server update" to job_management [/jobs]
socketio: INFO: emitting event "server update" to job_management [/jobs]
digits.webapp: INFO: Infer Model task started.
socketio: INFO: emitting event "task update" to 20170509-174436-28a0 [/jobs]
socketio: INFO: emitting event "job update" to 20170509-174436-28a0 [/jobs]
socketio: INFO: emitting event "job update" to job_management [/jobs]
digits.webapp: INFO: Task subprocess args: "/usr/bin/python2 /home/ethan/digits_GAN/digits/tools/inference.py /tmp/tmpX3R8Ve/20170509-174436-28a0/tmprmv88a.txt /tmp/tmpX3R8Ve/20170509-174436-28a0 20170509-174411-45b4 --jobs_dir=/tmp/tmpX3R8Ve --layers=none --gpu=0"
socketio: INFO: emitting event "task update" to 20170509-173209-48ad [/jobs]
socketio: INFO: emitting event "task update" to 20170509-173320-66e3 [/jobs]
socketio: INFO: emitting event "task update" to 20170509-172927-67d2 [/jobs]
socketio: INFO: emitting event "task update" to 20170509-173515-e8bf [/jobs]
socketio: INFO: emitting event "task update" to 20170509-172524-d7c0 [/jobs]
socketio: INFO: emitting event "task update" to 20170509-172419-2d22 [/jobs]
socketio: INFO: emitting event "task update" to 20170509-172337-f1aa [/jobs]
socketio: INFO: emitting event "task update" to 20170509-173228-acad [/jobs]
socketio: INFO: emitting event "task update" to 20170509-172350-6fcd [/jobs]
socketio: INFO: emitting event "task update" to 20170509-173357-1ed1 [/jobs]
socketio: INFO: emitting event "task update" to 20170509-172259-8252 [/jobs]
socketio: INFO: emitting event "task update" to 20170509-173322-0807 [/jobs]
socketio: INFO: emitting event "task update" to 20170509-172114-d063 [/jobs]
socketio: INFO: emitting event "task update" to 20170509-172323-89b4 [/jobs]
socketio: INFO: emitting event "task update" to 20170509-174411-45b4 [/jobs]
socketio: INFO: emitting event "task update" to 20170509-173300-0377 [/jobs]
socketio: INFO: emitting event "task update" to 20170509-173245-3417 [/jobs]
socketio: INFO: emitting event "task update" to 20170509-173324-49b0 [/jobs]
socketio: INFO: emitting event "task update" to 20170509-172342-e0ef [/jobs]
socketio: INFO: emitting event "task update" to 20170509-173108-a6ff [/jobs]
socketio: INFO: emitting event "task update" to 20170509-172725-6a13 [/jobs]
socketio: INFO: emitting event "task update" to 20170509-172806-b5bc [/jobs]
socketio: INFO: emitting event "task update" to 20170509-172227-0156 [/jobs]
socketio: INFO: emitting event "task update" to 20170509-172334-9d18 [/jobs]
socketio: INFO: emitting event "task update" to 20170509-173128-33ce [/jobs]
socketio: INFO: emitting event "task update" to 20170509-172347-b92a [/jobs]
socketio: INFO: emitting event "task update" to 20170509-173326-3e6f [/jobs]
socketio: INFO: emitting event "task update" to 20170509-172315-d38b [/jobs]
socketio: INFO: emitting event "task update" to 20170509-174340-86bb [/jobs]
socketio: INFO: emitting event "task update" to 20170509-172516-8f4b [/jobs]
socketio: INFO: emitting event "task update" to 20170509-172352-bfdd [/jobs]
socketio: INFO: emitting event "task update" to 20170509-172412-e6f0 [/jobs]
socketio: INFO: emitting event "task update" to 20170509-173329-1cea [/jobs]
socketio: INFO: emitting event "task update" to 20170509-173229-c795 [/jobs]
socketio: INFO: emitting event "task update" to 20170509-172202-9230 [/jobs]
socketio: INFO: emitting event "task update" to 20170509-173331-d237 [/jobs]
socketio: INFO: emitting event "task update" to 20170509-172317-7da8 [/jobs]
socketio: INFO: emitting event "task update" to 20170509-173008-ee07 [/jobs]
socketio: INFO: emitting event "task update" to 20170509-172210-1907 [/jobs]
socketio: INFO: emitting event "task update" to 20170509-173333-e98b [/jobs]
socketio: INFO: emitting event "task update" to 20170509-172825-84c5 [/jobs]
socketio: INFO: emitting event "task update" to 20170509-173335-6067 [/jobs]
socketio: INFO: emitting event "task update" to 20170509-172147-4505 [/jobs]
socketio: INFO: emitting event "task update" to 20170509-173337-8532 [/jobs]
socketio: INFO: emitting event "task update" to 20170509-172907-6ffa [/jobs]
socketio: INFO: emitting event "task update" to 20170509-172339-dc52 [/jobs]
socketio: INFO: emitting event "task update" to 20170509-172625-e177 [/jobs]
socketio: INFO: emitting event "task update" to 20170509-173316-5f8a [/jobs]
socketio: INFO: emitting event "task update" to 20170509-173318-416e [/jobs]
socketio: INFO: emitting event "task update" to 20170509-173415-8046 [/jobs]
socketio: INFO: emitting event "task update" to 20170509-173027-0946 [/jobs]
socketio: INFO: emitting event "task update" to 20170509-172218-c9c0 [/jobs]
socketio: INFO: emitting event "task update" to 20170509-172328-6826 [/jobs]
socketio: INFO: emitting event "task update" to 20170509-173403-2593 [/jobs]
socketio: INFO: emitting event "task update" to 20170509-174313-cb2c [/jobs]
socketio: INFO: emitting event "task update" to 20170509-172344-9606 [/jobs]
socketio: INFO: emitting event "task update" to 20170509-172430-a33c [/jobs]
socketio: INFO: emitting event "task update" to 20170509-172605-0fd8 [/jobs]
socketio: INFO: emitting event "task update" to 20170509-172706-cfe6 [/jobs]
socketio: INFO: emitting event "task update" to 20170509-173209-48ad [/jobs]
socketio: INFO: emitting event "task update" to 20170509-173320-66e3 [/jobs]
socketio: INFO: emitting event "task update" to 20170509-172927-67d2 [/jobs]
socketio: INFO: emitting event "task update" to 20170509-173515-e8bf [/jobs]
socketio: INFO: emitting event "task update" to 20170509-172524-d7c0 [/jobs]
socketio: INFO: emitting event "task update" to 20170509-172419-2d22 [/jobs]
socketio: INFO: emitting event "task update" to 20170509-172337-f1aa [/jobs]
socketio: INFO: emitting event "task update" to 20170509-173228-acad [/jobs]
socketio: INFO: emitting event "task update" to 20170509-172350-6fcd [/jobs]
socketio: INFO: emitting event "task update" to 20170509-173357-1ed1 [/jobs]
socketio: INFO: emitting event "task update" to 20170509-172259-8252 [/jobs]
socketio: INFO: emitting event "task update" to 20170509-173322-0807 [/jobs]
socketio: INFO: emitting event "task update" to 20170509-172114-d063 [/jobs]
socketio: INFO: emitting event "task update" to 20170509-172323-89b4 [/jobs]
socketio: INFO: emitting event "task update" to 20170509-174411-45b4 [/jobs]
socketio: INFO: emitting event "task update" to 20170509-173300-0377 [/jobs]
socketio: INFO: emitting event "task update" to 20170509-173245-3417 [/jobs]
socketio: INFO: emitting event "task update" to 20170509-173324-49b0 [/jobs]
socketio: INFO: emitting event "task update" to 20170509-172342-e0ef [/jobs]
socketio: INFO: emitting event "task update" to 20170509-173108-a6ff [/jobs]
socketio: INFO: emitting event "task update" to 20170509-172725-6a13 [/jobs]
socketio: INFO: emitting event "task update" to 20170509-172806-b5bc [/jobs]
socketio: INFO: emitting event "task update" to 20170509-172227-0156 [/jobs]
socketio: INFO: emitting event "task update" to 20170509-172334-9d18 [/jobs]
socketio: INFO: emitting event "task update" to 20170509-173128-33ce [/jobs]
socketio: INFO: emitting event "task update" to 20170509-172347-b92a [/jobs]
socketio: INFO: emitting event "task update" to 20170509-173326-3e6f [/jobs]
socketio: INFO: emitting event "task update" to 20170509-172315-d38b [/jobs]
socketio: INFO: emitting event "task update" to 20170509-174340-86bb [/jobs]
socketio: INFO: emitting event "task update" to 20170509-172516-8f4b [/jobs]
socketio: INFO: emitting event "task update" to 20170509-172352-bfdd [/jobs]
socketio: INFO: emitting event "task update" to 20170509-172412-e6f0 [/jobs]
socketio: INFO: emitting event "task update" to 20170509-173329-1cea [/jobs]
socketio: INFO: emitting event "task update" to 20170509-173229-c795 [/jobs]
socketio: INFO: emitting event "task update" to 20170509-172202-9230 [/jobs]
socketio: INFO: emitting event "task update" to 20170509-173331-d237 [/jobs]
socketio: INFO: emitting event "task update" to 20170509-172317-7da8 [/jobs]
socketio: INFO: emitting event "task update" to 20170509-173008-ee07 [/jobs]
socketio: INFO: emitting event "task update" to 20170509-172210-1907 [/jobs]
socketio: INFO: emitting event "task update" to 20170509-173333-e98b [/jobs]
socketio: INFO: emitting event "task update" to 20170509-172825-84c5 [/jobs]
socketio: INFO: emitting event "task update" to 20170509-173335-6067 [/jobs]
socketio: INFO: emitting event "task update" to 20170509-172147-4505 [/jobs]
socketio: INFO: emitting event "task update" to 20170509-173337-8532 [/jobs]
socketio: INFO: emitting event "task update" to 20170509-172907-6ffa [/jobs]
socketio: INFO: emitting event "task update" to 20170509-172339-dc52 [/jobs]
socketio: INFO: emitting event "task update" to 20170509-172625-e177 [/jobs]
socketio: INFO: emitting event "task update" to 20170509-173316-5f8a [/jobs]
socketio: INFO: emitting event "task update" to 20170509-173318-416e [/jobs]
socketio: INFO: emitting event "task update" to 20170509-173415-8046 [/jobs]
socketio: INFO: emitting event "task update" to 20170509-173027-0946 [/jobs]
socketio: INFO: emitting event "task update" to 20170509-172218-c9c0 [/jobs]
socketio: INFO: emitting event "task update" to 20170509-172328-6826 [/jobs]
socketio: INFO: emitting event "task update" to 20170509-173403-2593 [/jobs]
socketio: INFO: emitting event "task update" to 20170509-174313-cb2c [/jobs]
socketio: INFO: emitting event "task update" to 20170509-172344-9606 [/jobs]
socketio: INFO: emitting event "task update" to 20170509-172430-a33c [/jobs]
socketio: INFO: emitting event "task update" to 20170509-172605-0fd8 [/jobs]
socketio: INFO: emitting event "task update" to 20170509-172706-cfe6 [/jobs]
socketio: INFO: emitting event "task update" to 20170509-173209-48ad [/jobs]
socketio: INFO: emitting event "task update" to 20170509-173320-66e3 [/jobs]
socketio: INFO: emitting event "task update" to 20170509-172927-67d2 [/jobs]
socketio: INFO: emitting event "task update" to 20170509-173515-e8bf [/jobs]
socketio: INFO: emitting event "task update" to 20170509-172524-d7c0 [/jobs]
socketio: INFO: emitting event "task update" to 20170509-172419-2d22 [/jobs]
socketio: INFO: emitting event "task update" to 20170509-172337-f1aa [/jobs]
socketio: INFO: emitting event "task update" to 20170509-173228-acad [/jobs]
socketio: INFO: emitting event "task update" to 20170509-172350-6fcd [/jobs]
socketio: INFO: emitting event "task update" to 20170509-173357-1ed1 [/jobs]
socketio: INFO: emitting event "task update" to 20170509-172259-8252 [/jobs]
socketio: INFO: emitting event "task update" to 20170509-173322-0807 [/jobs]
socketio: INFO: emitting event "task update" to 20170509-172114-d063 [/jobs]
socketio: INFO: emitting event "task update" to 20170509-172323-89b4 [/jobs]
socketio: INFO: emitting event "task update" to 20170509-174411-45b4 [/jobs]
socketio: INFO: emitting event "task update" to 20170509-173300-0377 [/jobs]
socketio: INFO: emitting event "task update" to 20170509-173245-3417 [/jobs]
socketio: INFO: emitting event "task update" to 20170509-173324-49b0 [/jobs]
socketio: INFO: emitting event "task update" to 20170509-172342-e0ef [/jobs]
socketio: INFO: emitting event "task update" to 20170509-173108-a6ff [/jobs]
socketio: INFO: emitting event "task update" to 20170509-172725-6a13 [/jobs]
socketio: INFO: emitting event "task update" to 20170509-172806-b5bc [/jobs]
socketio: INFO: emitting event "task update" to 20170509-172227-0156 [/jobs]
socketio: INFO: emitting event "task update" to 20170509-172334-9d18 [/jobs]
socketio: INFO: emitting event "task update" to 20170509-173128-33ce [/jobs]
digits.webapp: WARNING: Infer Model unrecognized output: WARNING: log_file config option not found - no log file is being saved
digits.webapp: WARNING: Infer Model unrecognized output: 2017-05-09 17:44:38 [ERROR] InferenceError: Unable to find snapshot for epoch=-1.0
digits.webapp: WARNING: Infer Model unrecognized output: Traceback (most recent call last):
digits.webapp: WARNING: Infer Model unrecognized output: File "/home/ethan/digits_GAN/digits/tools/inference.py", line 293, in <module>
digits.webapp: WARNING: Infer Model unrecognized output: args['resize']
digits.webapp: WARNING: Infer Model unrecognized output: File "/home/ethan/digits_GAN/digits/tools/inference.py", line 79, in infer
digits.webapp: WARNING: Infer Model unrecognized output: raise InferenceError("Unable to find snapshot for epoch=%s" % repr(epoch))
digits.webapp: WARNING: Infer Model unrecognized output: digits.inference.errors.InferenceError: 'Unable to find snapshot for epoch=-1.0'
socketio: INFO: emitting event "task update" to 20170509-172347-b92a [/jobs]
socketio: INFO: emitting event "task update" to 20170509-173326-3e6f [/jobs]
socketio: INFO: emitting event "task update" to 20170509-172315-d38b [/jobs]
socketio: INFO: emitting event "task update" to 20170509-174340-86bb [/jobs]
socketio: INFO: emitting event "task update" to 20170509-172516-8f4b [/jobs]
socketio: INFO: emitting event "task update" to 20170509-172352-bfdd [/jobs]
socketio: INFO: emitting event "task update" to 20170509-172412-e6f0 [/jobs]
socketio: INFO: emitting event "task update" to 20170509-173329-1cea [/jobs]
socketio: INFO: emitting event "task update" to 20170509-173229-c795 [/jobs]
socketio: INFO: emitting event "task update" to 20170509-172202-9230 [/jobs]
socketio: INFO: emitting event "task update" to 20170509-173331-d237 [/jobs]
socketio: INFO: emitting event "task update" to 20170509-172317-7da8 [/jobs]
socketio: INFO: emitting event "task update" to 20170509-173008-ee07 [/jobs]
socketio: INFO: emitting event "task update" to 20170509-172210-1907 [/jobs]
socketio: INFO: emitting event "task update" to 20170509-173333-e98b [/jobs]
socketio: INFO: emitting event "task update" to 20170509-172825-84c5 [/jobs]
digits.webapp: ERROR: Infer Model task failed with error code 1
socketio: INFO: emitting event "task update" to 20170509-174436-28a0 [/jobs]
socketio: INFO: emitting event "job update" to 20170509-174436-28a0 [/jobs]
socketio: INFO: emitting event "job update" to job_management [/jobs]
socketio: INFO: emitting event "server update" to job_management [/jobs]
socketio: INFO: emitting event "server update" to job_management [/jobs]
socketio: INFO: emitting event "task update" to 20170509-173335-6067 [/jobs]
socketio: INFO: emitting event "task update" to 20170509-172147-4505 [/jobs]
socketio: INFO: emitting event "task update" to 20170509-173337-8532 [/jobs]
socketio: INFO: emitting event "task update" to 20170509-172907-6ffa [/jobs]
socketio: INFO: emitting event "task update" to 20170509-172339-dc52 [/jobs]
socketio: INFO: emitting event "task update" to 20170509-172625-e177 [/jobs]
socketio: INFO: emitting event "task update" to 20170509-173316-5f8a [/jobs]
socketio: INFO: emitting event "task update" to 20170509-173318-416e [/jobs]
socketio: INFO: emitting event "task update" to 20170509-173415-8046 [/jobs]
socketio: INFO: emitting event "task update" to 20170509-173027-0946 [/jobs]
socketio: INFO: emitting event "job update" to 20170509-174436-28a0 [/jobs]
socketio: INFO: emitting event "job update" to job_management [/jobs]
digits: INFO: Job deleted.
socketio: INFO: emitting event "job update" to job_management [/jobs]
--------------------- >> end captured logging << ---------------------

======================================================================
FAIL: digits.model.images.generic.test_views.TestTensorflowCreatedWithGradientDataExtension.test_infer_one
----------------------------------------------------------------------
Traceback (most recent call last):
  File "/home/ethan/.local/lib/python2.7/site-packages/nose/case.py", line 197, in runTest
    self.test(*self.arg)
  File "/home/ethan/digits_GAN/digits/model/images/generic/test_views.py", line 593, in test_infer_one
    assert rv.status_code == 200, 'POST failed with %s\n\n%s' % (rv.status_code, body)
AssertionError: POST failed with 500

[<body>\n<div class="navbar navbar-inverse navbar-fixed-top">\n<div class="container">\n<div class="navbar-header">\n<a class="navbar-brand" href="/">DIGITS</a>\n</div>\n<ul class="nav navbar-nav">\n<li><a href="/models/20170509-174411-45b4">test_model</a></li>\n<li class="active"><a>Test One</a></li>\n</ul>\n<ul class="nav navbar-nav navbar-right">\n<li>\n<p class="navbar-text">\n            digits-testsuite (<a class="navbar-link" href="/logout">Logout</a>)\n            </p>\n</li>\n<li class="dropdown">\n<a class="dropdown-toggle" data-toggle="dropdown" href="#">Info<span class="caret"></span></a>\n<ul class="dropdown-menu navbar-inverse">\n<li><span class="navbar-text">Server: ethan-computer</span></li>\n<li><span class="navbar-text">DIGITS version: <br> 5.1-dev</br></span></li>\n<li><span class="navbar-text">Caffe version: <br> 0.15.13</br></span></li>\n<li><span class="navbar-text">Caffe flavor: <br> NVIDIA</br></span></li>\n</ul>\n</li>\n<li class="dropdown">\n<a class="dropdown-toggle" data-toggle="dropdown" href="#">About<span class="caret"></span></a>\n<ul class="dropdown-menu about-menu navbar-inverse">\n<li><span class="navbar-text"><a href="https://developer.nvidia.com/digits" target="_blank">\n                        DIGITS on developer.nvidia.com\n                    </a></span></li>\n<li><span class="navbar-text"><a href="https://github.com/NVIDIA/DIGITS" target="_blank">\n                        DIGITS on GitHub\n                    </a></span></li>\n<li><span class="navbar-text"><a href="https://groups.google.com/d/forum/digits-users" target="_blank">\n                        DIGITS user group\n                    </a></span></li>\n<li><span class="navbar-text"><a href="mailto:digits@nvidia.com">\n                        digits@nvidia.com\n                    </a></span></li>\n</ul>\n</li>\n</ul>\n</div>\n</div>\n<div class="container">\n<div class="jumbotron">\n<div class="container">\n<div class="row">\n<div class="col-sm-12" id="show-job-name">\n<h2 style="display:inline;">Infer One Image</h2>\n</div>\n<div class="col-sm-4" id="edit-job-name" style="display:none;">\n<script>\nfunction updateJobName() {\n    var newName = $("input[name=job-name]").val();\n    $.ajax("/jobs/20170509-174439-8c86",\n            {\n                type: "PUT",\n                data: {"job_name": newName}\n                }\n          )\n    .done(function() {\n            $("#show-job-name h2").html(newName);\n            $('#edit-job-name').hide(); $('#show-job-name').show();\n            })\n    .fail(function(data) { errorAlert(data); });\n    return false;\n}\n                </script>\n<input class="form-control" name="job-name" value="Infer One Image"/>\n<a class="btn btn-primary" href="#" onclick="return updateJobName();">Update</a>\n<a class="btn btn-info" href="#" onclick="$('#edit-job-name').hide(); $('#show-job-name').show(); return false;">Cancel</a>\n</div>\n</div>\n<small>Owner: digits-testsuite</small>\n<div class="pull-right">\n<a class="btn btn-info" disabled="" id="clone-job">Clone Job</a>\n<a class="btn btn-warning hidden disabled" id="abort-job">Abort Job</a>\n<a class="btn btn-danger disabled" id="delete-job">Delete Job</a>\n</div>\n</div>\n<script>\n$('#abort-job').on('click', function(event) {\n        event.preventDefault();\n        bootbox.confirm(\n            'Are you sure you want to abort this job?',\n            function(result) {\n                if (result)\n                    $.ajax("/jobs/20170509-174439-8c86/abort",\n                        {type: "POST"})\n                    .done(function() {\n                        $("#abort-job").hide();\n                        })\n                    .fail(function(data) { errorAlert(data); });\n            });\n        });\n\n$('#delete-job').on('click', function(event) {\n        event.preventDefault();\n        bootbox.confirm(\n            'Are you sure you want to delete this job?<br><br>All related files will be permanently removed.',\n            function(result) {\n                if (result)\n                    $.ajax("/jobs/20170509-174439-8c86",\n                        {type: "DELETE"})\n                    .done(function() {\n                        window.location = "/";\n                        })\n                    .fail(function(data) { errorAlert(data); });\n            });\n        });\n    </script>\n</div>\n<div class="row">\n<!-- Job content -->\n<div class="col-sm-8">\n<script src="/static/js/3rdparty/jquery.elevateZoom-3.0.8.min.js?ver=4606b4a4404b87a591d409910710feb1"></script>\n<div class="page-header">\n<h1>\n        test_model\n        <small>\n            Generic Image Model\n        </small>\n</h1>\n</div>\n<div class="row">\n<div class="alert alert-danger">\n<p>Inference failed, see job log</p>\n</div>\n</div>\n</div>\n<!-- Tasks -->\n<div class="col-sm-4">\n<div class="panel-group">\n<div class="panel panel-danger" id="job-statuses">\n<div class="panel-heading">\n<h4 class="panel-title">\n                    Job Status\n                    <small>Error</small>\n</h4>\n</div>\n<div class="panel-collapse">\n<div class="panel-body">\n<div class="job-statuses">\n<ul>\n<li>\n<span class="text-warning">Initialized</span>\n        at 05:44:39 PM\n            <small>(0 seconds)</small>\n</li>\n<li>\n<span class="text-info">Running</span>\n        at 05:44:39 PM\n            <small>(2 seconds)</small>\n</li>\n<li>\n<span class="text-danger">Error</span>\n        at 05:44:42 PM\n            <br>\n<small>(Total - 2 seconds)</small>\n</br></li>\n</ul>\n</div>\n<div class="panel-group">\n<div class="panel panel-danger" id="task-140099413950160-status">\n<div class="panel-heading">\n<h4 class="panel-title">\n<a data-toggle="collapse" href="#task-140099413950160-status-collapse">\n                                            Infer Model\n                                            <small>Error</small>\n<span class="caret"></span>\n</a>\n</h4>\n</div>\n<div class="panel-collapse collapse in" id="task-140099413950160-status-collapse">\n<div class="panel-body">\n<div class="task-progress" style="display:none;">\n<div class="progress">\n<div class="progress-bar" style="width:0%">\n                                                    0%\n                                                </div>\n</div>\n                                            Estimated time remaining: <span class="task-eta">?</span>\n<br/>\n<br/>\n</div>\n<div class="task-statuses">\n<ul>\n<li>\n<span class="text-warning">Initialized</span>\n        at 05:44:39 PM\n            <small>(0 seconds)</small>\n</li>\n<li>\n<span class="text-info">Running</span>\n        at 05:44:39 PM\n            <small>(2 seconds)</small>\n</li>\n<li>\n<span class="text-danger">Error</span>\n        at 05:44:42 PM\n            <br>\n<small>(Total - 2 seconds)</small>\n</br></li>\n</ul>\n<h4 class="text-danger">ERROR: error code 1</h4>\n<pre>\nWARNING: log_file config option not found - no log file is being saved\n2017-05-09 17:44:41 [ERROR] InferenceError: Unable to find snapshot for epoch=-1.0\nTraceback (most recent call last):\nFile "/home/ethan/digits_GAN/digits/tools/inference.py", line 293, in &lt;module&gt;\nargs['resize']\nFile "/home/ethan/digits_GAN/digits/tools/inference.py", line 79, in infer\nraise InferenceError("Unable to find snapshot for epoch=%s" % repr(epoch))\ndigits.inference.errors.InferenceError: 'Unable to find snapshot for epoch=-1.0'\n        </pre>\n</div>\n</div>\n</div>\n</div>\n</div>\n</div>\n</div>\n</div>\n</div>\n<div class="gpu-utilization-info" style="display:none;"></div>\n<!-- Related jobs -->\n<div class="panel panel-default" id="notes-information">\n<div class="panel-heading">\n<h4>Notes</h4>\n</div>\n<div class="panel-body">\n<div class="col-sm-12" id="show-job-notes">\n<p style="display:inline;">None</p>\n</div>\n<div class="col-sm-12" id="edit-job-notes" style="display:none;">\n<script type="text/javascript">\n                        function updateJobNotes() {\n                        var newNotes = $("textarea[name=job-notes]").val();\n                        $.ajax("/jobs/20170509-174439-8c86",\n                                {\n                                    type: "PUT",\n                                    data: {"job_notes": newNotes}\n                                    }\n                              )\n                        .done(function() {\n                                $("#show-job-notes p").html(newNotes);\n                                $('#edit-job-notes').hide(); $('#show-job-notes').show();\n                                })\n                        .fail(function(data) { errorAlert(data); });\n                        return false;\n                    }\n                    </script>\n<textarea class="form-control" name="job-notes" placeholder="Enter notes" rows="5"></textarea>\n<a class="btn btn-primary" href="#" onclick="return updateJobNotes();">Update</a>\n<a class="btn btn-info" href="#" onclick="$('#edit-job-notes').hide(); $('#show-job-notes').show(); return false;">Cancel</a>\n</div>\n</div>\n</div>\n</div>\n</div>\n<div class="row">\n<script type="text/javascript">\n    function drawHistogram(id, data) {\n        c3.generate({\n            bindto: id,\n            size: {height: 200},\n            data: {\n                columns: [\n                    ['Count'].concat(data[0]),\n                    ['Value'].concat(data[1]),\n                ],\n                x: 'Value',\n                type: 'area-spline',\n            },\n            axis: {\n                x: {\n                    label: {\n                        text: 'Value',\n                        position: 'outer-center',\n                    },\n                    tick: {\n                        values: data[2],\n                        format: d3.format('.3g'),\n                    },\n                    padding: {left: 0},\n                },\n                y: {\n                    padding: {bottom: 0},\n                },\n            },\n            bar: {\n               width: {ratio: 0.2}\n            },\n            padding: {left: 20, right: 20},\n            legend: {hide: true},\n        });\n    }\n</script>\n<style>\n    div.histogram .c3-axis-y .tick {\n        display: none;\n    }\n</style>\n</div>\n</div>\n<script>\n$SCRIPT_ROOT = "";\n\n$(".explanation-tooltip").tooltip();\n\nwindow.onload = function () {\n    $('.autocomplete_path').autocomplete({\n       serviceUrl: '/autocomplete/path',\n       formatResult: function (suggestion, currentValue)\n       {\n            function baseName(str)\n            {\n               var base = new String(str).substring(str.lastIndexOf('/') + 1);\n               return base;\n            }\n            return baseName(suggestion.value);\n        },\n        minChars: 0\n    });\n    $(".autocomplete_path").removeAttr("autocomplete");\n};\n\n</script>\n<style>\n .about-menu {\n     width: 240px !important;\n }\n .brightness {\n     display: inline-block;\n }\n .brightness img:hover {\n     opacity: .75;\n }\n</style>\n</body>]
-------------------- >> begin captured logging << --------------------
socketio: INFO: emitting event "job update" to job_management [/jobs]
socketio: INFO: emitting event "task update" to 20170509-172218-c9c0 [/jobs]
socketio: INFO: emitting event "task update" to 20170509-172328-6826 [/jobs]
socketio: INFO: emitting event "task update" to 20170509-173403-2593 [/jobs]
socketio: INFO: emitting event "task update" to 20170509-174313-cb2c [/jobs]
socketio: INFO: emitting event "task update" to 20170509-172344-9606 [/jobs]
socketio: INFO: emitting event "task update" to 20170509-172430-a33c [/jobs]
socketio: INFO: emitting event "task update" to 20170509-172605-0fd8 [/jobs]
socketio: INFO: emitting event "task update" to 20170509-172706-cfe6 [/jobs]
socketio: INFO: emitting event "task update" to 20170509-173209-48ad [/jobs]
socketio: INFO: emitting event "task update" to 20170509-173320-66e3 [/jobs]
socketio: INFO: emitting event "task update" to 20170509-172927-67d2 [/jobs]
socketio: INFO: emitting event "task update" to 20170509-173515-e8bf [/jobs]
socketio: INFO: emitting event "task update" to 20170509-172524-d7c0 [/jobs]
socketio: INFO: emitting event "task update" to 20170509-172419-2d22 [/jobs]
socketio: INFO: emitting event "task update" to 20170509-172337-f1aa [/jobs]
socketio: INFO: emitting event "task update" to 20170509-173228-acad [/jobs]
socketio: INFO: emitting event "task update" to 20170509-172350-6fcd [/jobs]
socketio: INFO: emitting event "task update" to 20170509-173357-1ed1 [/jobs]
socketio: INFO: emitting event "job update" to 20170509-174439-8c86 [/jobs]
socketio: INFO: emitting event "job update" to job_management [/jobs]
socketio: INFO: emitting event "server update" to job_management [/jobs]
socketio: INFO: emitting event "server update" to job_management [/jobs]
digits.webapp: INFO: Infer Model task started.
socketio: INFO: emitting event "task update" to 20170509-174439-8c86 [/jobs]
socketio: INFO: emitting event "job update" to 20170509-174439-8c86 [/jobs]
socketio: INFO: emitting event "job update" to job_management [/jobs]
digits.webapp: INFO: Task subprocess args: "/usr/bin/python2 /home/ethan/digits_GAN/digits/tools/inference.py /tmp/tmpX3R8Ve/20170509-174439-8c86/tmpqZ8vRq.txt /tmp/tmpX3R8Ve/20170509-174439-8c86 20170509-174411-45b4 --jobs_dir=/tmp/tmpX3R8Ve --layers=all --gpu=0"
socketio: INFO: emitting event "task update" to 20170509-172259-8252 [/jobs]
socketio: INFO: emitting event "task update" to 20170509-173322-0807 [/jobs]
socketio: INFO: emitting event "task update" to 20170509-172114-d063 [/jobs]
socketio: INFO: emitting event "task update" to 20170509-172323-89b4 [/jobs]
socketio: INFO: emitting event "task update" to 20170509-174411-45b4 [/jobs]
socketio: INFO: emitting event "task update" to 20170509-173300-0377 [/jobs]
socketio: INFO: emitting event "task update" to 20170509-173245-3417 [/jobs]
socketio: INFO: emitting event "task update" to 20170509-173324-49b0 [/jobs]
socketio: INFO: emitting event "task update" to 20170509-172342-e0ef [/jobs]
socketio: INFO: emitting event "task update" to 20170509-173108-a6ff [/jobs]
socketio: INFO: emitting event "task update" to 20170509-172725-6a13 [/jobs]
socketio: INFO: emitting event "task update" to 20170509-172806-b5bc [/jobs]
socketio: INFO: emitting event "task update" to 20170509-172227-0156 [/jobs]
socketio: INFO: emitting event "task update" to 20170509-172334-9d18 [/jobs]
socketio: INFO: emitting event "task update" to 20170509-173128-33ce [/jobs]
socketio: INFO: emitting event "task update" to 20170509-172347-b92a [/jobs]
socketio: INFO: emitting event "task update" to 20170509-173326-3e6f [/jobs]
socketio: INFO: emitting event "task update" to 20170509-172315-d38b [/jobs]
socketio: INFO: emitting event "task update" to 20170509-174340-86bb [/jobs]
socketio: INFO: emitting event "task update" to 20170509-172516-8f4b [/jobs]
socketio: INFO: emitting event "task update" to 20170509-172352-bfdd [/jobs]
socketio: INFO: emitting event "task update" to 20170509-172412-e6f0 [/jobs]
socketio: INFO: emitting event "task update" to 20170509-173329-1cea [/jobs]
socketio: INFO: emitting event "task update" to 20170509-173229-c795 [/jobs]
socketio: INFO: emitting event "task update" to 20170509-172202-9230 [/jobs]
socketio: INFO: emitting event "task update" to 20170509-173331-d237 [/jobs]
socketio: INFO: emitting event "task update" to 20170509-172317-7da8 [/jobs]
socketio: INFO: emitting event "task update" to 20170509-173008-ee07 [/jobs]
socketio: INFO: emitting event "task update" to 20170509-172210-1907 [/jobs]
socketio: INFO: emitting event "task update" to 20170509-173333-e98b [/jobs]
socketio: INFO: emitting event "task update" to 20170509-172825-84c5 [/jobs]
socketio: INFO: emitting event "task update" to 20170509-173335-6067 [/jobs]
socketio: INFO: emitting event "task update" to 20170509-172147-4505 [/jobs]
socketio: INFO: emitting event "task update" to 20170509-173337-8532 [/jobs]
socketio: INFO: emitting event "task update" to 20170509-172907-6ffa [/jobs]
socketio: INFO: emitting event "task update" to 20170509-172339-dc52 [/jobs]
socketio: INFO: emitting event "task update" to 20170509-172625-e177 [/jobs]
socketio: INFO: emitting event "task update" to 20170509-173316-5f8a [/jobs]
socketio: INFO: emitting event "task update" to 20170509-173318-416e [/jobs]
socketio: INFO: emitting event "task update" to 20170509-173415-8046 [/jobs]
socketio: INFO: emitting event "task update" to 20170509-173027-0946 [/jobs]
socketio: INFO: emitting event "task update" to 20170509-172218-c9c0 [/jobs]
socketio: INFO: emitting event "task update" to 20170509-172328-6826 [/jobs]
socketio: INFO: emitting event "task update" to 20170509-173403-2593 [/jobs]
socketio: INFO: emitting event "task update" to 20170509-174313-cb2c [/jobs]
socketio: INFO: emitting event "task update" to 20170509-172344-9606 [/jobs]
socketio: INFO: emitting event "task update" to 20170509-172430-a33c [/jobs]
socketio: INFO: emitting event "task update" to 20170509-172605-0fd8 [/jobs]
socketio: INFO: emitting event "task update" to 20170509-172706-cfe6 [/jobs]
socketio: INFO: emitting event "task update" to 20170509-173209-48ad [/jobs]
socketio: INFO: emitting event "task update" to 20170509-173320-66e3 [/jobs]
socketio: INFO: emitting event "task update" to 20170509-172927-67d2 [/jobs]
socketio: INFO: emitting event "task update" to 20170509-173515-e8bf [/jobs]
socketio: INFO: emitting event "task update" to 20170509-172524-d7c0 [/jobs]
socketio: INFO: emitting event "task update" to 20170509-172419-2d22 [/jobs]
socketio: INFO: emitting event "task update" to 20170509-172337-f1aa [/jobs]
socketio: INFO: emitting event "task update" to 20170509-173228-acad [/jobs]
socketio: INFO: emitting event "task update" to 20170509-172350-6fcd [/jobs]
socketio: INFO: emitting event "task update" to 20170509-173357-1ed1 [/jobs]
socketio: INFO: emitting event "task update" to 20170509-172259-8252 [/jobs]
socketio: INFO: emitting event "task update" to 20170509-173322-0807 [/jobs]
socketio: INFO: emitting event "task update" to 20170509-172114-d063 [/jobs]
socketio: INFO: emitting event "task update" to 20170509-172323-89b4 [/jobs]
socketio: INFO: emitting event "task update" to 20170509-174411-45b4 [/jobs]
socketio: INFO: emitting event "task update" to 20170509-173300-0377 [/jobs]
socketio: INFO: emitting event "task update" to 20170509-173245-3417 [/jobs]
socketio: INFO: emitting event "task update" to 20170509-173324-49b0 [/jobs]
socketio: INFO: emitting event "task update" to 20170509-172342-e0ef [/jobs]
socketio: INFO: emitting event "task update" to 20170509-173108-a6ff [/jobs]
socketio: INFO: emitting event "task update" to 20170509-172725-6a13 [/jobs]
socketio: INFO: emitting event "task update" to 20170509-172806-b5bc [/jobs]
socketio: INFO: emitting event "task update" to 20170509-172227-0156 [/jobs]
socketio: INFO: emitting event "task update" to 20170509-172334-9d18 [/jobs]
socketio: INFO: emitting event "task update" to 20170509-173128-33ce [/jobs]
socketio: INFO: emitting event "task update" to 20170509-172347-b92a [/jobs]
socketio: INFO: emitting event "task update" to 20170509-173326-3e6f [/jobs]
socketio: INFO: emitting event "task update" to 20170509-172315-d38b [/jobs]
socketio: INFO: emitting event "task update" to 20170509-174340-86bb [/jobs]
socketio: INFO: emitting event "task update" to 20170509-172516-8f4b [/jobs]
socketio: INFO: emitting event "task update" to 20170509-172352-bfdd [/jobs]
socketio: INFO: emitting event "task update" to 20170509-172412-e6f0 [/jobs]
socketio: INFO: emitting event "task update" to 20170509-173329-1cea [/jobs]
socketio: INFO: emitting event "task update" to 20170509-173229-c795 [/jobs]
socketio: INFO: emitting event "task update" to 20170509-172202-9230 [/jobs]
socketio: INFO: emitting event "task update" to 20170509-173331-d237 [/jobs]
socketio: INFO: emitting event "task update" to 20170509-172317-7da8 [/jobs]
socketio: INFO: emitting event "task update" to 20170509-173008-ee07 [/jobs]
socketio: INFO: emitting event "task update" to 20170509-172210-1907 [/jobs]
socketio: INFO: emitting event "task update" to 20170509-173333-e98b [/jobs]
socketio: INFO: emitting event "task update" to 20170509-172825-84c5 [/jobs]
socketio: INFO: emitting event "task update" to 20170509-173335-6067 [/jobs]
socketio: INFO: emitting event "task update" to 20170509-172147-4505 [/jobs]
socketio: INFO: emitting event "task update" to 20170509-173337-8532 [/jobs]
socketio: INFO: emitting event "task update" to 20170509-172907-6ffa [/jobs]
socketio: INFO: emitting event "task update" to 20170509-172339-dc52 [/jobs]
socketio: INFO: emitting event "task update" to 20170509-172625-e177 [/jobs]
socketio: INFO: emitting event "task update" to 20170509-173316-5f8a [/jobs]
socketio: INFO: emitting event "task update" to 20170509-173318-416e [/jobs]
socketio: INFO: emitting event "task update" to 20170509-173415-8046 [/jobs]
socketio: INFO: emitting event "task update" to 20170509-173027-0946 [/jobs]
socketio: INFO: emitting event "task update" to 20170509-172218-c9c0 [/jobs]
socketio: INFO: emitting event "task update" to 20170509-172328-6826 [/jobs]
socketio: INFO: emitting event "task update" to 20170509-173403-2593 [/jobs]
socketio: INFO: emitting event "task update" to 20170509-174313-cb2c [/jobs]
socketio: INFO: emitting event "task update" to 20170509-172344-9606 [/jobs]
socketio: INFO: emitting event "task update" to 20170509-172430-a33c [/jobs]
socketio: INFO: emitting event "task update" to 20170509-172605-0fd8 [/jobs]
socketio: INFO: emitting event "task update" to 20170509-172706-cfe6 [/jobs]
socketio: INFO: emitting event "task update" to 20170509-173209-48ad [/jobs]
socketio: INFO: emitting event "task update" to 20170509-173320-66e3 [/jobs]
socketio: INFO: emitting event "task update" to 20170509-172927-67d2 [/jobs]
socketio: INFO: emitting event "task update" to 20170509-173515-e8bf [/jobs]
socketio: INFO: emitting event "task update" to 20170509-172524-d7c0 [/jobs]
socketio: INFO: emitting event "task update" to 20170509-172419-2d22 [/jobs]
socketio: INFO: emitting event "task update" to 20170509-172337-f1aa [/jobs]
socketio: INFO: emitting event "task update" to 20170509-173228-acad [/jobs]
socketio: INFO: emitting event "task update" to 20170509-172350-6fcd [/jobs]
socketio: INFO: emitting event "task update" to 20170509-173357-1ed1 [/jobs]
socketio: INFO: emitting event "task update" to 20170509-172259-8252 [/jobs]
socketio: INFO: emitting event "task update" to 20170509-173322-0807 [/jobs]
socketio: INFO: emitting event "task update" to 20170509-172114-d063 [/jobs]
socketio: INFO: emitting event "task update" to 20170509-172323-89b4 [/jobs]
socketio: INFO: emitting event "task update" to 20170509-174411-45b4 [/jobs]
socketio: INFO: emitting event "task update" to 20170509-173300-0377 [/jobs]
socketio: INFO: emitting event "task update" to 20170509-173245-3417 [/jobs]
socketio: INFO: emitting event "task update" to 20170509-173324-49b0 [/jobs]
socketio: INFO: emitting event "task update" to 20170509-172342-e0ef [/jobs]
socketio: INFO: emitting event "task update" to 20170509-173108-a6ff [/jobs]
socketio: INFO: emitting event "task update" to 20170509-172725-6a13 [/jobs]
socketio: INFO: emitting event "task update" to 20170509-172806-b5bc [/jobs]
socketio: INFO: emitting event "task update" to 20170509-172227-0156 [/jobs]
socketio: INFO: emitting event "task update" to 20170509-172334-9d18 [/jobs]
socketio: INFO: emitting event "task update" to 20170509-173128-33ce [/jobs]
digits.webapp: WARNING: Infer Model unrecognized output: WARNING: log_file config option not found - no log file is being saved
digits.webapp: WARNING: Infer Model unrecognized output: 2017-05-09 17:44:41 [ERROR] InferenceError: Unable to find snapshot for epoch=-1.0
digits.webapp: WARNING: Infer Model unrecognized output: Traceback (most recent call last):
digits.webapp: WARNING: Infer Model unrecognized output: File "/home/ethan/digits_GAN/digits/tools/inference.py", line 293, in <module>
digits.webapp: WARNING: Infer Model unrecognized output: args['resize']
digits.webapp: WARNING: Infer Model unrecognized output: File "/home/ethan/digits_GAN/digits/tools/inference.py", line 79, in infer
digits.webapp: WARNING: Infer Model unrecognized output: raise InferenceError("Unable to find snapshot for epoch=%s" % repr(epoch))
digits.webapp: WARNING: Infer Model unrecognized output: digits.inference.errors.InferenceError: 'Unable to find snapshot for epoch=-1.0'
socketio: INFO: emitting event "task update" to 20170509-172347-b92a [/jobs]
socketio: INFO: emitting event "task update" to 20170509-173326-3e6f [/jobs]
socketio: INFO: emitting event "task update" to 20170509-172315-d38b [/jobs]
socketio: INFO: emitting event "task update" to 20170509-174340-86bb [/jobs]
digits.webapp: ERROR: Infer Model task failed with error code 1
socketio: INFO: emitting event "task update" to 20170509-174439-8c86 [/jobs]
socketio: INFO: emitting event "job update" to 20170509-174439-8c86 [/jobs]
socketio: INFO: emitting event "job update" to job_management [/jobs]
socketio: INFO: emitting event "server update" to job_management [/jobs]
socketio: INFO: emitting event "server update" to job_management [/jobs]
socketio: INFO: emitting event "task update" to 20170509-172516-8f4b [/jobs]
socketio: INFO: emitting event "task update" to 20170509-172352-bfdd [/jobs]
socketio: INFO: emitting event "task update" to 20170509-172412-e6f0 [/jobs]
socketio: INFO: emitting event "task update" to 20170509-173329-1cea [/jobs]
socketio: INFO: emitting event "task update" to 20170509-173229-c795 [/jobs]
socketio: INFO: emitting event "task update" to 20170509-172202-9230 [/jobs]
socketio: INFO: emitting event "task update" to 20170509-173331-d237 [/jobs]
socketio: INFO: emitting event "task update" to 20170509-172317-7da8 [/jobs]
socketio: INFO: emitting event "task update" to 20170509-173008-ee07 [/jobs]
socketio: INFO: emitting event "task update" to 20170509-172210-1907 [/jobs]
socketio: INFO: emitting event "task update" to 20170509-173333-e98b [/jobs]
socketio: INFO: emitting event "job update" to 20170509-174439-8c86 [/jobs]
socketio: INFO: emitting event "job update" to job_management [/jobs]
socketio: INFO: emitting event "task update" to 20170509-172825-84c5 [/jobs]
socketio: INFO: emitting event "task update" to 20170509-173335-6067 [/jobs]
socketio: INFO: emitting event "task update" to 20170509-172147-4505 [/jobs]
socketio: INFO: emitting event "task update" to 20170509-173337-8532 [/jobs]
digits: INFO: Job deleted.
socketio: INFO: emitting event "job update" to job_management [/jobs]
--------------------- >> end captured logging << ---------------------

======================================================================
FAIL: digits.model.images.generic.test_views.TestTensorflowCreatedWithGradientDataExtension.test_infer_one_json
----------------------------------------------------------------------
Traceback (most recent call last):
  File "/home/ethan/.local/lib/python2.7/site-packages/nose/case.py", line 197, in runTest
    self.test(*self.arg)
  File "/home/ethan/digits_GAN/digits/model/images/generic/test_views.py", line 607, in test_infer_one_json
    assert rv.status_code == 200, 'POST failed with %s' % rv.status_code
AssertionError: POST failed with 500
-------------------- >> begin captured logging << --------------------
socketio: INFO: emitting event "job update" to job_management [/jobs]
socketio: INFO: emitting event "task update" to 20170509-172907-6ffa [/jobs]
socketio: INFO: emitting event "task update" to 20170509-172339-dc52 [/jobs]
socketio: INFO: emitting event "task update" to 20170509-172625-e177 [/jobs]
socketio: INFO: emitting event "task update" to 20170509-173316-5f8a [/jobs]
socketio: INFO: emitting event "task update" to 20170509-173318-416e [/jobs]
socketio: INFO: emitting event "task update" to 20170509-173415-8046 [/jobs]
socketio: INFO: emitting event "task update" to 20170509-173027-0946 [/jobs]
socketio: INFO: emitting event "task update" to 20170509-172218-c9c0 [/jobs]
socketio: INFO: emitting event "task update" to 20170509-172328-6826 [/jobs]
socketio: INFO: emitting event "task update" to 20170509-173403-2593 [/jobs]
socketio: INFO: emitting event "task update" to 20170509-174313-cb2c [/jobs]
socketio: INFO: emitting event "task update" to 20170509-172344-9606 [/jobs]
socketio: INFO: emitting event "task update" to 20170509-172430-a33c [/jobs]
socketio: INFO: emitting event "task update" to 20170509-172605-0fd8 [/jobs]
socketio: INFO: emitting event "task update" to 20170509-172706-cfe6 [/jobs]
socketio: INFO: emitting event "task update" to 20170509-173209-48ad [/jobs]
socketio: INFO: emitting event "job update" to 20170509-174442-c2fd [/jobs]
socketio: INFO: emitting event "job update" to job_management [/jobs]
socketio: INFO: emitting event "server update" to job_management [/jobs]
socketio: INFO: emitting event "server update" to job_management [/jobs]
socketio: INFO: emitting event "task update" to 20170509-173320-66e3 [/jobs]
socketio: INFO: emitting event "task update" to 20170509-172927-67d2 [/jobs]
socketio: INFO: emitting event "task update" to 20170509-173515-e8bf [/jobs]
socketio: INFO: emitting event "task update" to 20170509-172524-d7c0 [/jobs]
socketio: INFO: emitting event "task update" to 20170509-172419-2d22 [/jobs]
socketio: INFO: emitting event "task update" to 20170509-172337-f1aa [/jobs]
socketio: INFO: emitting event "task update" to 20170509-173228-acad [/jobs]
socketio: INFO: emitting event "task update" to 20170509-172350-6fcd [/jobs]
socketio: INFO: emitting event "task update" to 20170509-173357-1ed1 [/jobs]
digits.webapp: INFO: Infer Model task started.
socketio: INFO: emitting event "task update" to 20170509-174442-c2fd [/jobs]
socketio: INFO: emitting event "job update" to 20170509-174442-c2fd [/jobs]
socketio: INFO: emitting event "job update" to job_management [/jobs]
digits.webapp: INFO: Task subprocess args: "/usr/bin/python2 /home/ethan/digits_GAN/digits/tools/inference.py /tmp/tmpX3R8Ve/20170509-174442-c2fd/tmpFZZqNx.txt /tmp/tmpX3R8Ve/20170509-174442-c2fd 20170509-174411-45b4 --jobs_dir=/tmp/tmpX3R8Ve --layers=none --gpu=0"
socketio: INFO: emitting event "task update" to 20170509-172259-8252 [/jobs]
socketio: INFO: emitting event "task update" to 20170509-173322-0807 [/jobs]
socketio: INFO: emitting event "task update" to 20170509-172114-d063 [/jobs]
socketio: INFO: emitting event "task update" to 20170509-172323-89b4 [/jobs]
socketio: INFO: emitting event "task update" to 20170509-174411-45b4 [/jobs]
socketio: INFO: emitting event "task update" to 20170509-173300-0377 [/jobs]
socketio: INFO: emitting event "task update" to 20170509-173245-3417 [/jobs]
socketio: INFO: emitting event "task update" to 20170509-173324-49b0 [/jobs]
socketio: INFO: emitting event "task update" to 20170509-172342-e0ef [/jobs]
socketio: INFO: emitting event "task update" to 20170509-173108-a6ff [/jobs]
socketio: INFO: emitting event "task update" to 20170509-172725-6a13 [/jobs]
socketio: INFO: emitting event "task update" to 20170509-172806-b5bc [/jobs]
socketio: INFO: emitting event "task update" to 20170509-172227-0156 [/jobs]
socketio: INFO: emitting event "task update" to 20170509-172334-9d18 [/jobs]
socketio: INFO: emitting event "task update" to 20170509-173128-33ce [/jobs]
socketio: INFO: emitting event "task update" to 20170509-172347-b92a [/jobs]
socketio: INFO: emitting event "task update" to 20170509-173326-3e6f [/jobs]
socketio: INFO: emitting event "task update" to 20170509-172315-d38b [/jobs]
socketio: INFO: emitting event "task update" to 20170509-174340-86bb [/jobs]
socketio: INFO: emitting event "task update" to 20170509-172516-8f4b [/jobs]
socketio: INFO: emitting event "task update" to 20170509-172352-bfdd [/jobs]
socketio: INFO: emitting event "task update" to 20170509-172412-e6f0 [/jobs]
socketio: INFO: emitting event "task update" to 20170509-173329-1cea [/jobs]
socketio: INFO: emitting event "task update" to 20170509-173229-c795 [/jobs]
socketio: INFO: emitting event "task update" to 20170509-172202-9230 [/jobs]
socketio: INFO: emitting event "task update" to 20170509-173331-d237 [/jobs]
socketio: INFO: emitting event "task update" to 20170509-172317-7da8 [/jobs]
socketio: INFO: emitting event "task update" to 20170509-173008-ee07 [/jobs]
socketio: INFO: emitting event "task update" to 20170509-172210-1907 [/jobs]
socketio: INFO: emitting event "task update" to 20170509-173333-e98b [/jobs]
socketio: INFO: emitting event "task update" to 20170509-172825-84c5 [/jobs]
socketio: INFO: emitting event "task update" to 20170509-173335-6067 [/jobs]
socketio: INFO: emitting event "task update" to 20170509-172147-4505 [/jobs]
socketio: INFO: emitting event "task update" to 20170509-173337-8532 [/jobs]
socketio: INFO: emitting event "task update" to 20170509-172907-6ffa [/jobs]
socketio: INFO: emitting event "task update" to 20170509-172339-dc52 [/jobs]
socketio: INFO: emitting event "task update" to 20170509-172625-e177 [/jobs]
socketio: INFO: emitting event "task update" to 20170509-173316-5f8a [/jobs]
socketio: INFO: emitting event "task update" to 20170509-173318-416e [/jobs]
socketio: INFO: emitting event "task update" to 20170509-173415-8046 [/jobs]
socketio: INFO: emitting event "task update" to 20170509-173027-0946 [/jobs]
socketio: INFO: emitting event "task update" to 20170509-172218-c9c0 [/jobs]
socketio: INFO: emitting event "task update" to 20170509-172328-6826 [/jobs]
socketio: INFO: emitting event "task update" to 20170509-173403-2593 [/jobs]
socketio: INFO: emitting event "task update" to 20170509-174313-cb2c [/jobs]
socketio: INFO: emitting event "task update" to 20170509-172344-9606 [/jobs]
socketio: INFO: emitting event "task update" to 20170509-172430-a33c [/jobs]
socketio: INFO: emitting event "task update" to 20170509-172605-0fd8 [/jobs]
socketio: INFO: emitting event "task update" to 20170509-172706-cfe6 [/jobs]
socketio: INFO: emitting event "task update" to 20170509-173209-48ad [/jobs]
socketio: INFO: emitting event "task update" to 20170509-173320-66e3 [/jobs]
socketio: INFO: emitting event "task update" to 20170509-172927-67d2 [/jobs]
socketio: INFO: emitting event "task update" to 20170509-173515-e8bf [/jobs]
socketio: INFO: emitting event "task update" to 20170509-172524-d7c0 [/jobs]
socketio: INFO: emitting event "task update" to 20170509-172419-2d22 [/jobs]
socketio: INFO: emitting event "task update" to 20170509-172337-f1aa [/jobs]
socketio: INFO: emitting event "task update" to 20170509-173228-acad [/jobs]
socketio: INFO: emitting event "task update" to 20170509-172350-6fcd [/jobs]
socketio: INFO: emitting event "task update" to 20170509-173357-1ed1 [/jobs]
socketio: INFO: emitting event "task update" to 20170509-172259-8252 [/jobs]
socketio: INFO: emitting event "task update" to 20170509-173322-0807 [/jobs]
socketio: INFO: emitting event "task update" to 20170509-172114-d063 [/jobs]
socketio: INFO: emitting event "task update" to 20170509-172323-89b4 [/jobs]
socketio: INFO: emitting event "task update" to 20170509-174411-45b4 [/jobs]
socketio: INFO: emitting event "task update" to 20170509-173300-0377 [/jobs]
socketio: INFO: emitting event "task update" to 20170509-173245-3417 [/jobs]
socketio: INFO: emitting event "task update" to 20170509-173324-49b0 [/jobs]
socketio: INFO: emitting event "task update" to 20170509-172342-e0ef [/jobs]
socketio: INFO: emitting event "task update" to 20170509-173108-a6ff [/jobs]
socketio: INFO: emitting event "task update" to 20170509-172725-6a13 [/jobs]
socketio: INFO: emitting event "task update" to 20170509-172806-b5bc [/jobs]
socketio: INFO: emitting event "task update" to 20170509-172227-0156 [/jobs]
socketio: INFO: emitting event "task update" to 20170509-172334-9d18 [/jobs]
socketio: INFO: emitting event "task update" to 20170509-173128-33ce [/jobs]
socketio: INFO: emitting event "task update" to 20170509-172347-b92a [/jobs]
socketio: INFO: emitting event "task update" to 20170509-173326-3e6f [/jobs]
socketio: INFO: emitting event "task update" to 20170509-172315-d38b [/jobs]
socketio: INFO: emitting event "task update" to 20170509-174340-86bb [/jobs]
socketio: INFO: emitting event "task update" to 20170509-172516-8f4b [/jobs]
socketio: INFO: emitting event "task update" to 20170509-172352-bfdd [/jobs]
socketio: INFO: emitting event "task update" to 20170509-172412-e6f0 [/jobs]
socketio: INFO: emitting event "task update" to 20170509-173329-1cea [/jobs]
socketio: INFO: emitting event "task update" to 20170509-173229-c795 [/jobs]
socketio: INFO: emitting event "task update" to 20170509-172202-9230 [/jobs]
socketio: INFO: emitting event "task update" to 20170509-173331-d237 [/jobs]
socketio: INFO: emitting event "task update" to 20170509-172317-7da8 [/jobs]
socketio: INFO: emitting event "task update" to 20170509-173008-ee07 [/jobs]
socketio: INFO: emitting event "task update" to 20170509-172210-1907 [/jobs]
socketio: INFO: emitting event "task update" to 20170509-173333-e98b [/jobs]
socketio: INFO: emitting event "task update" to 20170509-172825-84c5 [/jobs]
socketio: INFO: emitting event "task update" to 20170509-173335-6067 [/jobs]
socketio: INFO: emitting event "task update" to 20170509-172147-4505 [/jobs]
socketio: INFO: emitting event "task update" to 20170509-173337-8532 [/jobs]
socketio: INFO: emitting event "task update" to 20170509-172907-6ffa [/jobs]
socketio: INFO: emitting event "task update" to 20170509-172339-dc52 [/jobs]
socketio: INFO: emitting event "task update" to 20170509-172625-e177 [/jobs]
socketio: INFO: emitting event "task update" to 20170509-173316-5f8a [/jobs]
socketio: INFO: emitting event "task update" to 20170509-173318-416e [/jobs]
socketio: INFO: emitting event "task update" to 20170509-173415-8046 [/jobs]
socketio: INFO: emitting event "task update" to 20170509-173027-0946 [/jobs]
socketio: INFO: emitting event "task update" to 20170509-172218-c9c0 [/jobs]
socketio: INFO: emitting event "task update" to 20170509-172328-6826 [/jobs]
socketio: INFO: emitting event "task update" to 20170509-173403-2593 [/jobs]
socketio: INFO: emitting event "task update" to 20170509-174313-cb2c [/jobs]
socketio: INFO: emitting event "task update" to 20170509-172344-9606 [/jobs]
socketio: INFO: emitting event "task update" to 20170509-172430-a33c [/jobs]
socketio: INFO: emitting event "task update" to 20170509-172605-0fd8 [/jobs]
socketio: INFO: emitting event "task update" to 20170509-172706-cfe6 [/jobs]
socketio: INFO: emitting event "task update" to 20170509-173209-48ad [/jobs]
socketio: INFO: emitting event "task update" to 20170509-173320-66e3 [/jobs]
socketio: INFO: emitting event "task update" to 20170509-172927-67d2 [/jobs]
socketio: INFO: emitting event "task update" to 20170509-173515-e8bf [/jobs]
socketio: INFO: emitting event "task update" to 20170509-172524-d7c0 [/jobs]
socketio: INFO: emitting event "task update" to 20170509-172419-2d22 [/jobs]
socketio: INFO: emitting event "task update" to 20170509-172337-f1aa [/jobs]
socketio: INFO: emitting event "task update" to 20170509-173228-acad [/jobs]
socketio: INFO: emitting event "task update" to 20170509-172350-6fcd [/jobs]
socketio: INFO: emitting event "task update" to 20170509-173357-1ed1 [/jobs]
socketio: INFO: emitting event "task update" to 20170509-172259-8252 [/jobs]
socketio: INFO: emitting event "task update" to 20170509-173322-0807 [/jobs]
socketio: INFO: emitting event "task update" to 20170509-172114-d063 [/jobs]
socketio: INFO: emitting event "task update" to 20170509-172323-89b4 [/jobs]
socketio: INFO: emitting event "task update" to 20170509-174411-45b4 [/jobs]
socketio: INFO: emitting event "task update" to 20170509-173300-0377 [/jobs]
socketio: INFO: emitting event "task update" to 20170509-173245-3417 [/jobs]
socketio: INFO: emitting event "task update" to 20170509-173324-49b0 [/jobs]
socketio: INFO: emitting event "task update" to 20170509-172342-e0ef [/jobs]
socketio: INFO: emitting event "task update" to 20170509-173108-a6ff [/jobs]
socketio: INFO: emitting event "task update" to 20170509-172725-6a13 [/jobs]
socketio: INFO: emitting event "task update" to 20170509-172806-b5bc [/jobs]
socketio: INFO: emitting event "task update" to 20170509-172227-0156 [/jobs]
socketio: INFO: emitting event "task update" to 20170509-172334-9d18 [/jobs]
socketio: INFO: emitting event "task update" to 20170509-173128-33ce [/jobs]
digits.webapp: WARNING: Infer Model unrecognized output: WARNING: log_file config option not found - no log file is being saved
digits.webapp: WARNING: Infer Model unrecognized output: 2017-05-09 17:44:44 [ERROR] InferenceError: Unable to find snapshot for epoch=-1.0
digits.webapp: WARNING: Infer Model unrecognized output: Traceback (most recent call last):
digits.webapp: WARNING: Infer Model unrecognized output: File "/home/ethan/digits_GAN/digits/tools/inference.py", line 293, in <module>
digits.webapp: WARNING: Infer Model unrecognized output: args['resize']
digits.webapp: WARNING: Infer Model unrecognized output: File "/home/ethan/digits_GAN/digits/tools/inference.py", line 79, in infer
digits.webapp: WARNING: Infer Model unrecognized output: raise InferenceError("Unable to find snapshot for epoch=%s" % repr(epoch))
digits.webapp: WARNING: Infer Model unrecognized output: digits.inference.errors.InferenceError: 'Unable to find snapshot for epoch=-1.0'
digits.webapp: ERROR: Infer Model task failed with error code 1
socketio: INFO: emitting event "task update" to 20170509-174442-c2fd [/jobs]
socketio: INFO: emitting event "job update" to 20170509-174442-c2fd [/jobs]
socketio: INFO: emitting event "job update" to job_management [/jobs]
socketio: INFO: emitting event "server update" to job_management [/jobs]
socketio: INFO: emitting event "server update" to job_management [/jobs]
socketio: INFO: emitting event "task update" to 20170509-172347-b92a [/jobs]
socketio: INFO: emitting event "task update" to 20170509-173326-3e6f [/jobs]
socketio: INFO: emitting event "task update" to 20170509-172315-d38b [/jobs]
socketio: INFO: emitting event "task update" to 20170509-174340-86bb [/jobs]
socketio: INFO: emitting event "task update" to 20170509-172516-8f4b [/jobs]
socketio: INFO: emitting event "task update" to 20170509-172352-bfdd [/jobs]
socketio: INFO: emitting event "task update" to 20170509-172412-e6f0 [/jobs]
socketio: INFO: emitting event "task update" to 20170509-173329-1cea [/jobs]
socketio: INFO: emitting event "task update" to 20170509-173229-c795 [/jobs]
socketio: INFO: emitting event "task update" to 20170509-172202-9230 [/jobs]
socketio: INFO: emitting event "job update" to 20170509-174442-c2fd [/jobs]
socketio: INFO: emitting event "job update" to job_management [/jobs]
socketio: INFO: emitting event "task update" to 20170509-173331-d237 [/jobs]
socketio: INFO: emitting event "task update" to 20170509-172317-7da8 [/jobs]
digits: INFO: Job deleted.
socketio: INFO: emitting event "job update" to job_management [/jobs]
--------------------- >> end captured logging << ---------------------

======================================================================
FAIL: digits.model.images.generic.test_views.TestTensorflowCreatedWithGradientDataExtension.test_model_json
----------------------------------------------------------------------
Traceback (most recent call last):
  File "/home/ethan/.local/lib/python2.7/site-packages/nose/case.py", line 197, in runTest
    self.test(*self.arg)
  File "/home/ethan/digits_GAN/digits/model/images/generic/test_views.py", line 562, in test_model_json
    assert len(content['snapshots']) > 0, 'no snapshots in list'
AssertionError: no snapshots in list

======================================================================
FAIL: digits.model.images.generic.test_views.TestTensorflowCreatedWithGradientDataExtensionNoValSet.test_download('tar',)
----------------------------------------------------------------------
Traceback (most recent call last):
  File "/home/ethan/.local/lib/python2.7/site-packages/nose/case.py", line 197, in runTest
    self.test(*self.arg)
  File "/home/ethan/digits_GAN/digits/model/images/generic/test_views.py", line 544, in check_download
    assert rv.status_code == 200, 'download "%s" failed with %s' % (url, rv.status_code)
AssertionError: download "/models/20170509-174451-4b24/download.tar" failed with 500
-------------------- >> begin captured logging << --------------------
socketio: INFO: emitting event "job update" to job_management [/jobs]
socketio: INFO: emitting event "task update" to 20170509-173008-ee07 [/jobs]
socketio: INFO: emitting event "task update" to 20170509-172210-1907 [/jobs]
socketio: INFO: emitting event "task update" to 20170509-173333-e98b [/jobs]
socketio: INFO: emitting event "task update" to 20170509-172825-84c5 [/jobs]
socketio: INFO: emitting event "task update" to 20170509-173335-6067 [/jobs]
socketio: INFO: emitting event "task update" to 20170509-172147-4505 [/jobs]
socketio: INFO: emitting event "task update" to 20170509-173337-8532 [/jobs]
socketio: INFO: emitting event "task update" to 20170509-172907-6ffa [/jobs]
socketio: INFO: emitting event "job update" to 20170509-174445-0b40 [/jobs]
socketio: INFO: emitting event "job update" to job_management [/jobs]
socketio: INFO: emitting event "server update" to job_management [/jobs]
socketio: INFO: emitting event "server update" to job_management [/jobs]
socketio: INFO: emitting event "task update" to 20170509-174445-0b40 [/jobs]
socketio: INFO: emitting event "job update" to 20170509-174445-0b40 [/jobs]
socketio: INFO: emitting event "job update" to job_management [/jobs]
socketio: INFO: emitting event "task update" to 20170509-172339-dc52 [/jobs]
socketio: INFO: emitting event "task update" to 20170509-172625-e177 [/jobs]
socketio: INFO: emitting event "task update" to 20170509-173316-5f8a [/jobs]
digits.webapp: INFO: Create train_db DB task started.
socketio: INFO: emitting event "task update" to 20170509-174445-0b40 [/jobs]
socketio: INFO: emitting event "job update" to 20170509-174445-0b40 [/jobs]
socketio: INFO: emitting event "job update" to job_management [/jobs]
digits.webapp: INFO: Task subprocess args: "/usr/bin/python2 /home/ethan/digits_GAN/digits/tools/create_generic_db.py 20170509-174445-0b40 --stage=train_db --jobs_dir=/tmp/tmpX3R8Ve"
digits.webapp: INFO: Create val_db DB task started.
socketio: INFO: emitting event "task update" to 20170509-174445-0b40 [/jobs]
socketio: INFO: emitting event "job update" to 20170509-174445-0b40 [/jobs]
socketio: INFO: emitting event "job update" to job_management [/jobs]
digits.webapp: INFO: Task subprocess args: "/usr/bin/python2 /home/ethan/digits_GAN/digits/tools/create_generic_db.py 20170509-174445-0b40 --stage=val_db --jobs_dir=/tmp/tmpX3R8Ve"
socketio: INFO: emitting event "task update" to 20170509-173318-416e [/jobs]
socketio: INFO: emitting event "task update" to 20170509-173415-8046 [/jobs]
socketio: INFO: emitting event "task update" to 20170509-173027-0946 [/jobs]
socketio: INFO: emitting event "task update" to 20170509-172218-c9c0 [/jobs]
socketio: INFO: emitting event "task update" to 20170509-172328-6826 [/jobs]
socketio: INFO: emitting event "task update" to 20170509-173403-2593 [/jobs]
socketio: INFO: emitting event "task update" to 20170509-174313-cb2c [/jobs]
socketio: INFO: emitting event "task update" to 20170509-172344-9606 [/jobs]
socketio: INFO: emitting event "task update" to 20170509-172430-a33c [/jobs]
socketio: INFO: emitting event "task update" to 20170509-172605-0fd8 [/jobs]
socketio: INFO: emitting event "task update" to 20170509-172706-cfe6 [/jobs]
socketio: INFO: emitting event "task update" to 20170509-173209-48ad [/jobs]
socketio: INFO: emitting event "task update" to 20170509-173320-66e3 [/jobs]
socketio: INFO: emitting event "task update" to 20170509-172927-67d2 [/jobs]
socketio: INFO: emitting event "task update" to 20170509-173515-e8bf [/jobs]
socketio: INFO: emitting event "task update" to 20170509-172524-d7c0 [/jobs]
socketio: INFO: emitting event "task update" to 20170509-172419-2d22 [/jobs]
socketio: INFO: emitting event "task update" to 20170509-172337-f1aa [/jobs]
socketio: INFO: emitting event "task update" to 20170509-173228-acad [/jobs]
socketio: INFO: emitting event "task update" to 20170509-172350-6fcd [/jobs]
socketio: INFO: emitting event "task update" to 20170509-173357-1ed1 [/jobs]
socketio: INFO: emitting event "task update" to 20170509-172259-8252 [/jobs]
socketio: INFO: emitting event "task update" to 20170509-173322-0807 [/jobs]
socketio: INFO: emitting event "task update" to 20170509-172114-d063 [/jobs]
socketio: INFO: emitting event "task update" to 20170509-172323-89b4 [/jobs]
socketio: INFO: emitting event "task update" to 20170509-174411-45b4 [/jobs]
socketio: INFO: emitting event "task update" to 20170509-173300-0377 [/jobs]
socketio: INFO: emitting event "task update" to 20170509-173245-3417 [/jobs]
socketio: INFO: emitting event "task update" to 20170509-173324-49b0 [/jobs]
socketio: INFO: emitting event "task update" to 20170509-172342-e0ef [/jobs]
socketio: INFO: emitting event "task update" to 20170509-173108-a6ff [/jobs]
socketio: INFO: emitting event "task update" to 20170509-172725-6a13 [/jobs]
socketio: INFO: emitting event "task update" to 20170509-172806-b5bc [/jobs]
socketio: INFO: emitting event "task update" to 20170509-172227-0156 [/jobs]
socketio: INFO: emitting event "task update" to 20170509-172334-9d18 [/jobs]
socketio: INFO: emitting event "task update" to 20170509-173128-33ce [/jobs]
socketio: INFO: emitting event "task update" to 20170509-172347-b92a [/jobs]
socketio: INFO: emitting event "task update" to 20170509-173326-3e6f [/jobs]
socketio: INFO: emitting event "task update" to 20170509-172315-d38b [/jobs]
socketio: INFO: emitting event "task update" to 20170509-174340-86bb [/jobs]
socketio: INFO: emitting event "task update" to 20170509-172516-8f4b [/jobs]
socketio: INFO: emitting event "task update" to 20170509-172352-bfdd [/jobs]
socketio: INFO: emitting event "task update" to 20170509-172412-e6f0 [/jobs]
socketio: INFO: emitting event "task update" to 20170509-173329-1cea [/jobs]
socketio: INFO: emitting event "task update" to 20170509-173229-c795 [/jobs]
socketio: INFO: emitting event "task update" to 20170509-172202-9230 [/jobs]
socketio: INFO: emitting event "task update" to 20170509-173331-d237 [/jobs]
socketio: INFO: emitting event "task update" to 20170509-172317-7da8 [/jobs]
socketio: INFO: emitting event "task update" to 20170509-173008-ee07 [/jobs]
socketio: INFO: emitting event "task update" to 20170509-172210-1907 [/jobs]
socketio: INFO: emitting event "task update" to 20170509-173333-e98b [/jobs]
socketio: INFO: emitting event "task update" to 20170509-172825-84c5 [/jobs]
socketio: INFO: emitting event "task update" to 20170509-173335-6067 [/jobs]
socketio: INFO: emitting event "task update" to 20170509-172147-4505 [/jobs]
socketio: INFO: emitting event "task update" to 20170509-173337-8532 [/jobs]
socketio: INFO: emitting event "task update" to 20170509-172907-6ffa [/jobs]
socketio: INFO: emitting event "task update" to 20170509-172339-dc52 [/jobs]
socketio: INFO: emitting event "task update" to 20170509-172625-e177 [/jobs]
socketio: INFO: emitting event "task update" to 20170509-173316-5f8a [/jobs]
socketio: INFO: emitting event "task update" to 20170509-173318-416e [/jobs]
socketio: INFO: emitting event "task update" to 20170509-173415-8046 [/jobs]
socketio: INFO: emitting event "task update" to 20170509-173027-0946 [/jobs]
socketio: INFO: emitting event "task update" to 20170509-172218-c9c0 [/jobs]
socketio: INFO: emitting event "task update" to 20170509-172328-6826 [/jobs]
socketio: INFO: emitting event "task update" to 20170509-173403-2593 [/jobs]
socketio: INFO: emitting event "task update" to 20170509-174313-cb2c [/jobs]
socketio: INFO: emitting event "task update" to 20170509-172344-9606 [/jobs]
socketio: INFO: emitting event "task update" to 20170509-172430-a33c [/jobs]
socketio: INFO: emitting event "task update" to 20170509-172605-0fd8 [/jobs]
socketio: INFO: emitting event "task update" to 20170509-172706-cfe6 [/jobs]
socketio: INFO: emitting event "task update" to 20170509-173209-48ad [/jobs]
socketio: INFO: emitting event "task update" to 20170509-173320-66e3 [/jobs]
socketio: INFO: emitting event "task update" to 20170509-172927-67d2 [/jobs]
socketio: INFO: emitting event "task update" to 20170509-173515-e8bf [/jobs]
socketio: INFO: emitting event "task update" to 20170509-172524-d7c0 [/jobs]
socketio: INFO: emitting event "task update" to 20170509-172419-2d22 [/jobs]
socketio: INFO: emitting event "task update" to 20170509-172337-f1aa [/jobs]
socketio: INFO: emitting event "task update" to 20170509-173228-acad [/jobs]
socketio: INFO: emitting event "task update" to 20170509-172350-6fcd [/jobs]
socketio: INFO: emitting event "task update" to 20170509-173357-1ed1 [/jobs]
socketio: INFO: emitting event "task update" to 20170509-172259-8252 [/jobs]
socketio: INFO: emitting event "task update" to 20170509-173322-0807 [/jobs]
socketio: INFO: emitting event "task update" to 20170509-172114-d063 [/jobs]
socketio: INFO: emitting event "task update" to 20170509-172323-89b4 [/jobs]
socketio: INFO: emitting event "task update" to 20170509-174411-45b4 [/jobs]
socketio: INFO: emitting event "task update" to 20170509-173300-0377 [/jobs]
socketio: INFO: emitting event "task update" to 20170509-173245-3417 [/jobs]
socketio: INFO: emitting event "task update" to 20170509-173324-49b0 [/jobs]
socketio: INFO: emitting event "task update" to 20170509-172342-e0ef [/jobs]
socketio: INFO: emitting event "task update" to 20170509-173108-a6ff [/jobs]
socketio: INFO: emitting event "task update" to 20170509-172725-6a13 [/jobs]
socketio: INFO: emitting event "task update" to 20170509-172806-b5bc [/jobs]
socketio: INFO: emitting event "task update" to 20170509-172227-0156 [/jobs]
socketio: INFO: emitting event "task update" to 20170509-172334-9d18 [/jobs]
socketio: INFO: emitting event "task update" to 20170509-173128-33ce [/jobs]
socketio: INFO: emitting event "task update" to 20170509-172347-b92a [/jobs]
socketio: INFO: emitting event "task update" to 20170509-173326-3e6f [/jobs]
socketio: INFO: emitting event "task update" to 20170509-172315-d38b [/jobs]
socketio: INFO: emitting event "task update" to 20170509-174340-86bb [/jobs]
socketio: INFO: emitting event "task update" to 20170509-172516-8f4b [/jobs]
socketio: INFO: emitting event "task update" to 20170509-172352-bfdd [/jobs]
socketio: INFO: emitting event "task update" to 20170509-172412-e6f0 [/jobs]
socketio: INFO: emitting event "task update" to 20170509-173329-1cea [/jobs]
socketio: INFO: emitting event "task update" to 20170509-173229-c795 [/jobs]
socketio: INFO: emitting event "task update" to 20170509-172202-9230 [/jobs]
socketio: INFO: emitting event "task update" to 20170509-173331-d237 [/jobs]
socketio: INFO: emitting event "task update" to 20170509-172317-7da8 [/jobs]
socketio: INFO: emitting event "task update" to 20170509-173008-ee07 [/jobs]
socketio: INFO: emitting event "task update" to 20170509-172210-1907 [/jobs]
socketio: INFO: emitting event "task update" to 20170509-173333-e98b [/jobs]
socketio: INFO: emitting event "task update" to 20170509-172825-84c5 [/jobs]
socketio: INFO: emitting event "task update" to 20170509-173335-6067 [/jobs]
socketio: INFO: emitting event "task update" to 20170509-172147-4505 [/jobs]
socketio: INFO: emitting event "task update" to 20170509-173337-8532 [/jobs]
socketio: INFO: emitting event "task update" to 20170509-172907-6ffa [/jobs]
socketio: INFO: emitting event "task update" to 20170509-172339-dc52 [/jobs]
socketio: INFO: emitting event "task update" to 20170509-172625-e177 [/jobs]
socketio: INFO: emitting event "task update" to 20170509-173316-5f8a [/jobs]
socketio: INFO: emitting event "task update" to 20170509-173318-416e [/jobs]
socketio: INFO: emitting event "task update" to 20170509-173415-8046 [/jobs]
socketio: INFO: emitting event "task update" to 20170509-173027-0946 [/jobs]
socketio: INFO: emitting event "task update" to 20170509-172218-c9c0 [/jobs]
socketio: INFO: emitting event "task update" to 20170509-172328-6826 [/jobs]
socketio: INFO: emitting event "task update" to 20170509-173403-2593 [/jobs]
socketio: INFO: emitting event "task update" to 20170509-174313-cb2c [/jobs]
socketio: INFO: emitting event "task update" to 20170509-172344-9606 [/jobs]
socketio: INFO: emitting event "task update" to 20170509-172430-a33c [/jobs]
socketio: INFO: emitting event "task update" to 20170509-172605-0fd8 [/jobs]
socketio: INFO: emitting event "task update" to 20170509-172706-cfe6 [/jobs]
socketio: INFO: emitting event "task update" to 20170509-173209-48ad [/jobs]
socketio: INFO: emitting event "task update" to 20170509-173320-66e3 [/jobs]
socketio: INFO: emitting event "task update" to 20170509-172927-67d2 [/jobs]
socketio: INFO: emitting event "task update" to 20170509-173515-e8bf [/jobs]
socketio: INFO: emitting event "task update" to 20170509-172524-d7c0 [/jobs]
socketio: INFO: emitting event "task update" to 20170509-172419-2d22 [/jobs]
socketio: INFO: emitting event "task update" to 20170509-172337-f1aa [/jobs]
socketio: INFO: emitting event "task update" to 20170509-173228-acad [/jobs]
socketio: INFO: emitting event "task update" to 20170509-172350-6fcd [/jobs]
socketio: INFO: emitting event "task update" to 20170509-173357-1ed1 [/jobs]
socketio: INFO: emitting event "task update" to 20170509-172259-8252 [/jobs]
socketio: INFO: emitting event "task update" to 20170509-173322-0807 [/jobs]
socketio: INFO: emitting event "task update" to 20170509-172114-d063 [/jobs]
socketio: INFO: emitting event "task update" to 20170509-172323-89b4 [/jobs]
socketio: INFO: emitting event "task update" to 20170509-174411-45b4 [/jobs]
socketio: INFO: emitting event "task update" to 20170509-173300-0377 [/jobs]
socketio: INFO: emitting event "task update" to 20170509-173245-3417 [/jobs]
socketio: INFO: emitting event "task update" to 20170509-173324-49b0 [/jobs]
socketio: INFO: emitting event "task update" to 20170509-172342-e0ef [/jobs]
socketio: INFO: emitting event "task update" to 20170509-173108-a6ff [/jobs]
socketio: INFO: emitting event "task update" to 20170509-172725-6a13 [/jobs]
socketio: INFO: emitting event "task update" to 20170509-172806-b5bc [/jobs]
socketio: INFO: emitting event "task update" to 20170509-172227-0156 [/jobs]
socketio: INFO: emitting event "task update" to 20170509-172334-9d18 [/jobs]
socketio: INFO: emitting event "task update" to 20170509-173128-33ce [/jobs]
digits.webapp: WARNING: Create train_db DB unrecognized output: WARNING: log_file config option not found - no log file is being saved
socketio: INFO: emitting event "task update" to 20170509-172347-b92a [/jobs]
socketio: INFO: emitting event "task update" to 20170509-173326-3e6f [/jobs]
socketio: INFO: emitting event "task update" to 20170509-172315-d38b [/jobs]
socketio: INFO: emitting event "task update" to 20170509-174445-0b40 [/jobs]
socketio: INFO: emitting event "job update" to job_management [/jobs]
socketio: INFO: emitting event "task update" to 20170509-174340-86bb [/jobs]
socketio: INFO: emitting event "task update" to 20170509-172516-8f4b [/jobs]
socketio: INFO: emitting event "task update" to 20170509-172352-bfdd [/jobs]
socketio: INFO: emitting event "task update" to 20170509-172412-e6f0 [/jobs]
socketio: INFO: emitting event "task update" to 20170509-173329-1cea [/jobs]
socketio: INFO: emitting event "task update" to 20170509-173229-c795 [/jobs]
socketio: INFO: emitting event "task update" to 20170509-172202-9230 [/jobs]
socketio: INFO: emitting event "task update" to 20170509-173331-d237 [/jobs]
socketio: INFO: emitting event "task update" to 20170509-172317-7da8 [/jobs]
digits.webapp: WARNING: Create val_db DB unrecognized output: WARNING: log_file config option not found - no log file is being saved
socketio: INFO: emitting event "task update" to 20170509-174445-0b40 [/jobs]
socketio: INFO: emitting event "job update" to job_management [/jobs]
socketio: INFO: emitting event "task update" to 20170509-174445-0b40 [/jobs]
socketio: INFO: emitting event "job update" to job_management [/jobs]
socketio: INFO: emitting event "task update" to 20170509-174445-0b40 [/jobs]
socketio: INFO: emitting event "job update" to job_management [/jobs]
socketio: INFO: emitting event "task update" to 20170509-173008-ee07 [/jobs]
socketio: INFO: emitting event "task update" to 20170509-172210-1907 [/jobs]
socketio: INFO: emitting event "task update" to 20170509-173333-e98b [/jobs]
socketio: INFO: emitting event "task update" to 20170509-172825-84c5 [/jobs]
socketio: INFO: emitting event "task update" to 20170509-173335-6067 [/jobs]
socketio: INFO: emitting event "task update" to 20170509-172147-4505 [/jobs]
socketio: INFO: emitting event "task update" to 20170509-173337-8532 [/jobs]
socketio: INFO: emitting event "task update" to 20170509-172907-6ffa [/jobs]
socketio: INFO: emitting event "task update" to 20170509-172339-dc52 [/jobs]
socketio: INFO: emitting event "task update" to 20170509-172625-e177 [/jobs]
socketio: INFO: emitting event "task update" to 20170509-173316-5f8a [/jobs]
socketio: INFO: emitting event "task update" to 20170509-174445-0b40 [/jobs]
socketio: INFO: emitting event "job update" to job_management [/jobs]
socketio: INFO: emitting event "task update" to 20170509-174445-0b40 [/jobs]
socketio: INFO: emitting event "job update" to job_management [/jobs]
socketio: INFO: emitting event "task update" to 20170509-174445-0b40 [/jobs]
socketio: INFO: emitting event "job update" to job_management [/jobs]
socketio: INFO: emitting event "task update" to 20170509-174445-0b40 [/jobs]
socketio: INFO: emitting event "job update" to job_management [/jobs]
socketio: INFO: emitting event "task update" to 20170509-174445-0b40 [/jobs]
socketio: INFO: emitting event "job update" to job_management [/jobs]
socketio: INFO: emitting event "task update" to 20170509-174445-0b40 [/jobs]
socketio: INFO: emitting event "job update" to job_management [/jobs]
socketio: INFO: emitting event "task update" to 20170509-173318-416e [/jobs]
socketio: INFO: emitting event "task update" to 20170509-173415-8046 [/jobs]
socketio: INFO: emitting event "task update" to 20170509-173027-0946 [/jobs]
socketio: INFO: emitting event "task update" to 20170509-172218-c9c0 [/jobs]
socketio: INFO: emitting event "task update" to 20170509-172328-6826 [/jobs]
socketio: INFO: emitting event "task update" to 20170509-173403-2593 [/jobs]
socketio: INFO: emitting event "task update" to 20170509-174313-cb2c [/jobs]
socketio: INFO: emitting event "task update" to 20170509-172344-9606 [/jobs]
socketio: INFO: emitting event "task update" to 20170509-172430-a33c [/jobs]
socketio: INFO: emitting event "task update" to 20170509-174445-0b40 [/jobs]
socketio: INFO: emitting event "job update" to job_management [/jobs]
socketio: INFO: emitting event "task update" to 20170509-174445-0b40 [/jobs]
socketio: INFO: emitting event "job update" to job_management [/jobs]
socketio: INFO: emitting event "task update" to 20170509-174445-0b40 [/jobs]
socketio: INFO: emitting event "job update" to job_management [/jobs]
socketio: INFO: emitting event "task update" to 20170509-174445-0b40 [/jobs]
socketio: INFO: emitting event "job update" to job_management [/jobs]
socketio: INFO: emitting event "task update" to 20170509-172605-0fd8 [/jobs]
socketio: INFO: emitting event "task update" to 20170509-172706-cfe6 [/jobs]
socketio: INFO: emitting event "task update" to 20170509-173209-48ad [/jobs]
socketio: INFO: emitting event "task update" to 20170509-173320-66e3 [/jobs]
socketio: INFO: emitting event "task update" to 20170509-172927-67d2 [/jobs]
socketio: INFO: emitting event "task update" to 20170509-173515-e8bf [/jobs]
socketio: INFO: emitting event "task update" to 20170509-172524-d7c0 [/jobs]
socketio: INFO: emitting event "task update" to 20170509-172419-2d22 [/jobs]
socketio: INFO: emitting event "task update" to 20170509-174445-0b40 [/jobs]
socketio: INFO: emitting event "job update" to job_management [/jobs]
socketio: INFO: emitting event "task update" to 20170509-174445-0b40 [/jobs]
socketio: INFO: emitting event "job update" to job_management [/jobs]
socketio: INFO: emitting event "task update" to 20170509-174445-0b40 [/jobs]
socketio: INFO: emitting event "job update" to job_management [/jobs]
socketio: INFO: emitting event "task update" to 20170509-172337-f1aa [/jobs]
socketio: INFO: emitting event "task update" to 20170509-173228-acad [/jobs]
socketio: INFO: emitting event "task update" to 20170509-172350-6fcd [/jobs]
socketio: INFO: emitting event "task update" to 20170509-173357-1ed1 [/jobs]
socketio: INFO: emitting event "task update" to 20170509-172259-8252 [/jobs]
socketio: INFO: emitting event "task update" to 20170509-173322-0807 [/jobs]
socketio: INFO: emitting event "task update" to 20170509-172114-d063 [/jobs]
socketio: INFO: emitting event "task update" to 20170509-172323-89b4 [/jobs]
socketio: INFO: emitting event "task update" to 20170509-174411-45b4 [/jobs]
socketio: INFO: emitting event "task update" to 20170509-174445-0b40 [/jobs]
socketio: INFO: emitting event "job update" to job_management [/jobs]
socketio: INFO: emitting event "task update" to 20170509-174445-0b40 [/jobs]
socketio: INFO: emitting event "job update" to job_management [/jobs]
socketio: INFO: emitting event "task update" to 20170509-174445-0b40 [/jobs]
socketio: INFO: emitting event "job update" to job_management [/jobs]
socketio: INFO: emitting event "task update" to 20170509-174445-0b40 [/jobs]
socketio: INFO: emitting event "job update" to job_management [/jobs]
socketio: INFO: emitting event "task update" to 20170509-174445-0b40 [/jobs]
socketio: INFO: emitting event "job update" to job_management [/jobs]
socketio: INFO: emitting event "task update" to 20170509-174445-0b40 [/jobs]
socketio: INFO: emitting event "job update" to job_management [/jobs]
socketio: INFO: emitting event "task update" to 20170509-174445-0b40 [/jobs]
socketio: INFO: emitting event "job update" to job_management [/jobs]
socketio: INFO: emitting event "task update" to 20170509-174445-0b40 [/jobs]
socketio: INFO: emitting event "job update" to job_management [/jobs]
socketio: INFO: emitting event "task update" to 20170509-174445-0b40 [/jobs]
socketio: INFO: emitting event "job update" to job_management [/jobs]
socketio: INFO: emitting event "task update" to 20170509-174445-0b40 [/jobs]
socketio: INFO: emitting event "job update" to job_management [/jobs]
socketio: INFO: emitting event "task update" to 20170509-174445-0b40 [/jobs]
socketio: INFO: emitting event "job update" to job_management [/jobs]
digits.webapp: WARNING: Create val_db DB unrecognized output: 2017-05-09 17:44:48 [INFO ] Generic DB creation Done
socketio: INFO: emitting event "task update" to 20170509-174445-0b40 [/jobs]
socketio: INFO: emitting event "job update" to job_management [/jobs]
socketio: INFO: emitting event "task update" to 20170509-174445-0b40 [/jobs]
socketio: INFO: emitting event "job update" to job_management [/jobs]
socketio: INFO: emitting event "task update" to 20170509-174445-0b40 [/jobs]
socketio: INFO: emitting event "job update" to job_management [/jobs]
socketio: INFO: emitting event "task update" to 20170509-174445-0b40 [/jobs]
socketio: INFO: emitting event "job update" to job_management [/jobs]
socketio: INFO: emitting event "task update" to 20170509-174445-0b40 [/jobs]
socketio: INFO: emitting event "job update" to job_management [/jobs]
socketio: INFO: emitting event "task update" to 20170509-174445-0b40 [/jobs]
socketio: INFO: emitting event "job update" to job_management [/jobs]
socketio: INFO: emitting event "task update" to 20170509-174445-0b40 [/jobs]
socketio: INFO: emitting event "job update" to job_management [/jobs]
socketio: INFO: emitting event "task update" to 20170509-174445-0b40 [/jobs]
socketio: INFO: emitting event "job update" to job_management [/jobs]
socketio: INFO: emitting event "task update" to 20170509-174445-0b40 [/jobs]
socketio: INFO: emitting event "job update" to job_management [/jobs]
socketio: INFO: emitting event "task update" to 20170509-174445-0b40 [/jobs]
socketio: INFO: emitting event "job update" to job_management [/jobs]
socketio: INFO: emitting event "task update" to 20170509-174445-0b40 [/jobs]
socketio: INFO: emitting event "job update" to job_management [/jobs]
socketio: INFO: emitting event "task update" to 20170509-174445-0b40 [/jobs]
socketio: INFO: emitting event "job update" to job_management [/jobs]
digits.webapp: INFO: Create val_db DB task completed.
socketio: INFO: emitting event "task update" to 20170509-174445-0b40 [/jobs]
socketio: INFO: emitting event "job update" to job_management [/jobs]
socketio: INFO: emitting event "task update" to 20170509-174445-0b40 [/jobs]
socketio: INFO: emitting event "job update" to 20170509-174445-0b40 [/jobs]
socketio: INFO: emitting event "job update" to job_management [/jobs]
socketio: INFO: emitting event "server update" to job_management [/jobs]
socketio: INFO: emitting event "task update" to 20170509-173300-0377 [/jobs]
socketio: INFO: emitting event "server update" to job_management [/jobs]
digits.webapp: INFO: Create test_db DB task started.
socketio: INFO: emitting event "task update" to 20170509-174445-0b40 [/jobs]
socketio: INFO: emitting event "job update" to 20170509-174445-0b40 [/jobs]
socketio: INFO: emitting event "job update" to job_management [/jobs]
digits.webapp: INFO: Task subprocess args: "/usr/bin/python2 /home/ethan/digits_GAN/digits/tools/create_generic_db.py 20170509-174445-0b40 --stage=test_db --jobs_dir=/tmp/tmpX3R8Ve"
socketio: INFO: emitting event "task update" to 20170509-173245-3417 [/jobs]
socketio: INFO: emitting event "task update" to 20170509-173324-49b0 [/jobs]
digits.webapp: WARNING: Create train_db DB unrecognized output: 2017-05-09 17:44:48 [INFO ] Generic DB creation Done
socketio: INFO: emitting event "task update" to 20170509-172342-e0ef [/jobs]
socketio: INFO: emitting event "task update" to 20170509-173108-a6ff [/jobs]
socketio: INFO: emitting event "task update" to 20170509-172725-6a13 [/jobs]
socketio: INFO: emitting event "task update" to 20170509-172806-b5bc [/jobs]
socketio: INFO: emitting event "task update" to 20170509-172227-0156 [/jobs]
socketio: INFO: emitting event "task update" to 20170509-172334-9d18 [/jobs]
socketio: INFO: emitting event "task update" to 20170509-173128-33ce [/jobs]
digits.webapp: INFO: Create train_db DB task completed.
socketio: INFO: emitting event "task update" to 20170509-174445-0b40 [/jobs]
socketio: INFO: emitting event "job update" to job_management [/jobs]
socketio: INFO: emitting event "task update" to 20170509-174445-0b40 [/jobs]
socketio: INFO: emitting event "job update" to 20170509-174445-0b40 [/jobs]
socketio: INFO: emitting event "job update" to job_management [/jobs]
socketio: INFO: emitting event "server update" to job_management [/jobs]
socketio: INFO: emitting event "task update" to 20170509-172347-b92a [/jobs]
socketio: INFO: emitting event "task update" to 20170509-173326-3e6f [/jobs]
socketio: INFO: emitting event "task update" to 20170509-172315-d38b [/jobs]
socketio: INFO: emitting event "task update" to 20170509-174340-86bb [/jobs]
socketio: INFO: emitting event "task update" to 20170509-172516-8f4b [/jobs]
socketio: INFO: emitting event "task update" to 20170509-172352-bfdd [/jobs]
socketio: INFO: emitting event "task update" to 20170509-172412-e6f0 [/jobs]
socketio: INFO: emitting event "task update" to 20170509-173329-1cea [/jobs]
socketio: INFO: emitting event "task update" to 20170509-173229-c795 [/jobs]
socketio: INFO: emitting event "task update" to 20170509-172202-9230 [/jobs]
socketio: INFO: emitting event "task update" to 20170509-173331-d237 [/jobs]
socketio: INFO: emitting event "task update" to 20170509-172317-7da8 [/jobs]
socketio: INFO: emitting event "task update" to 20170509-173008-ee07 [/jobs]
socketio: INFO: emitting event "task update" to 20170509-172210-1907 [/jobs]
socketio: INFO: emitting event "task update" to 20170509-173333-e98b [/jobs]
socketio: INFO: emitting event "task update" to 20170509-172825-84c5 [/jobs]
socketio: INFO: emitting event "task update" to 20170509-173335-6067 [/jobs]
socketio: INFO: emitting event "task update" to 20170509-172147-4505 [/jobs]
socketio: INFO: emitting event "task update" to 20170509-173337-8532 [/jobs]
socketio: INFO: emitting event "task update" to 20170509-172907-6ffa [/jobs]
socketio: INFO: emitting event "task update" to 20170509-172339-dc52 [/jobs]
socketio: INFO: emitting event "task update" to 20170509-172625-e177 [/jobs]
socketio: INFO: emitting event "task update" to 20170509-173316-5f8a [/jobs]
socketio: INFO: emitting event "task update" to 20170509-173318-416e [/jobs]
socketio: INFO: emitting event "task update" to 20170509-173415-8046 [/jobs]
socketio: INFO: emitting event "task update" to 20170509-173027-0946 [/jobs]
socketio: INFO: emitting event "task update" to 20170509-172218-c9c0 [/jobs]
socketio: INFO: emitting event "task update" to 20170509-172328-6826 [/jobs]
socketio: INFO: emitting event "task update" to 20170509-173403-2593 [/jobs]
socketio: INFO: emitting event "task update" to 20170509-174313-cb2c [/jobs]
socketio: INFO: emitting event "task update" to 20170509-172344-9606 [/jobs]
socketio: INFO: emitting event "task update" to 20170509-172605-0fd8 [/jobs]
socketio: INFO: emitting event "task update" to 20170509-172706-cfe6 [/jobs]
socketio: INFO: emitting event "task update" to 20170509-173209-48ad [/jobs]
socketio: INFO: emitting event "task update" to 20170509-173320-66e3 [/jobs]
socketio: INFO: emitting event "task update" to 20170509-172927-67d2 [/jobs]
socketio: INFO: emitting event "task update" to 20170509-173515-e8bf [/jobs]
socketio: INFO: emitting event "task update" to 20170509-172524-d7c0 [/jobs]
socketio: INFO: emitting event "task update" to 20170509-172419-2d22 [/jobs]
socketio: INFO: emitting event "task update" to 20170509-172337-f1aa [/jobs]
socketio: INFO: emitting event "task update" to 20170509-173228-acad [/jobs]
socketio: INFO: emitting event "task update" to 20170509-172350-6fcd [/jobs]
socketio: INFO: emitting event "task update" to 20170509-173357-1ed1 [/jobs]
socketio: INFO: emitting event "task update" to 20170509-172259-8252 [/jobs]
socketio: INFO: emitting event "task update" to 20170509-173322-0807 [/jobs]
socketio: INFO: emitting event "task update" to 20170509-172114-d063 [/jobs]
socketio: INFO: emitting event "task update" to 20170509-172323-89b4 [/jobs]
socketio: INFO: emitting event "task update" to 20170509-174411-45b4 [/jobs]
socketio: INFO: emitting event "task update" to 20170509-173300-0377 [/jobs]
socketio: INFO: emitting event "task update" to 20170509-173245-3417 [/jobs]
socketio: INFO: emitting event "task update" to 20170509-173324-49b0 [/jobs]
socketio: INFO: emitting event "task update" to 20170509-172342-e0ef [/jobs]
socketio: INFO: emitting event "task update" to 20170509-173108-a6ff [/jobs]
socketio: INFO: emitting event "task update" to 20170509-172725-6a13 [/jobs]
socketio: INFO: emitting event "task update" to 20170509-172806-b5bc [/jobs]
socketio: INFO: emitting event "task update" to 20170509-172227-0156 [/jobs]
socketio: INFO: emitting event "task update" to 20170509-172334-9d18 [/jobs]
socketio: INFO: emitting event "task update" to 20170509-173128-33ce [/jobs]
socketio: INFO: emitting event "task update" to 20170509-172347-b92a [/jobs]
socketio: INFO: emitting event "task update" to 20170509-173326-3e6f [/jobs]
socketio: INFO: emitting event "task update" to 20170509-172315-d38b [/jobs]
socketio: INFO: emitting event "task update" to 20170509-174340-86bb [/jobs]
socketio: INFO: emitting event "task update" to 20170509-172516-8f4b [/jobs]
socketio: INFO: emitting event "task update" to 20170509-172352-bfdd [/jobs]
socketio: INFO: emitting event "task update" to 20170509-172412-e6f0 [/jobs]
socketio: INFO: emitting event "task update" to 20170509-173329-1cea [/jobs]
socketio: INFO: emitting event "task update" to 20170509-173229-c795 [/jobs]
socketio: INFO: emitting event "task update" to 20170509-172202-9230 [/jobs]
socketio: INFO: emitting event "task update" to 20170509-173331-d237 [/jobs]
socketio: INFO: emitting event "task update" to 20170509-172317-7da8 [/jobs]
socketio: INFO: emitting event "task update" to 20170509-173008-ee07 [/jobs]
socketio: INFO: emitting event "task update" to 20170509-172210-1907 [/jobs]
socketio: INFO: emitting event "task update" to 20170509-173333-e98b [/jobs]
socketio: INFO: emitting event "task update" to 20170509-172825-84c5 [/jobs]
socketio: INFO: emitting event "task update" to 20170509-173335-6067 [/jobs]
socketio: INFO: emitting event "task update" to 20170509-172147-4505 [/jobs]
socketio: INFO: emitting event "task update" to 20170509-173337-8532 [/jobs]
socketio: INFO: emitting event "task update" to 20170509-172907-6ffa [/jobs]
socketio: INFO: emitting event "task update" to 20170509-172339-dc52 [/jobs]
socketio: INFO: emitting event "task update" to 20170509-172625-e177 [/jobs]
socketio: INFO: emitting event "task update" to 20170509-173316-5f8a [/jobs]
socketio: INFO: emitting event "task update" to 20170509-173318-416e [/jobs]
socketio: INFO: emitting event "task update" to 20170509-173415-8046 [/jobs]
socketio: INFO: emitting event "task update" to 20170509-173027-0946 [/jobs]
socketio: INFO: emitting event "task update" to 20170509-172218-c9c0 [/jobs]
socketio: INFO: emitting event "task update" to 20170509-172328-6826 [/jobs]
socketio: INFO: emitting event "task update" to 20170509-173403-2593 [/jobs]
socketio: INFO: emitting event "task update" to 20170509-174313-cb2c [/jobs]
socketio: INFO: emitting event "task update" to 20170509-172344-9606 [/jobs]
socketio: INFO: emitting event "task update" to 20170509-172430-a33c [/jobs]
socketio: INFO: emitting event "task update" to 20170509-172605-0fd8 [/jobs]
socketio: INFO: emitting event "task update" to 20170509-172706-cfe6 [/jobs]
socketio: INFO: emitting event "task update" to 20170509-173209-48ad [/jobs]
socketio: INFO: emitting event "task update" to 20170509-173320-66e3 [/jobs]
socketio: INFO: emitting event "task update" to 20170509-172927-67d2 [/jobs]
socketio: INFO: emitting event "task update" to 20170509-173515-e8bf [/jobs]
socketio: INFO: emitting event "task update" to 20170509-172524-d7c0 [/jobs]
socketio: INFO: emitting event "task update" to 20170509-172419-2d22 [/jobs]
socketio: INFO: emitting event "task update" to 20170509-172337-f1aa [/jobs]
socketio: INFO: emitting event "task update" to 20170509-173228-acad [/jobs]
socketio: INFO: emitting event "task update" to 20170509-172350-6fcd [/jobs]
socketio: INFO: emitting event "task update" to 20170509-173357-1ed1 [/jobs]
socketio: INFO: emitting event "task update" to 20170509-172259-8252 [/jobs]
socketio: INFO: emitting event "task update" to 20170509-173322-0807 [/jobs]
socketio: INFO: emitting event "task update" to 20170509-172114-d063 [/jobs]
socketio: INFO: emitting event "task update" to 20170509-172323-89b4 [/jobs]
socketio: INFO: emitting event "task update" to 20170509-174411-45b4 [/jobs]
socketio: INFO: emitting event "task update" to 20170509-173300-0377 [/jobs]
socketio: INFO: emitting event "task update" to 20170509-173245-3417 [/jobs]
socketio: INFO: emitting event "task update" to 20170509-173324-49b0 [/jobs]
socketio: INFO: emitting event "task update" to 20170509-172342-e0ef [/jobs]
socketio: INFO: emitting event "task update" to 20170509-173108-a6ff [/jobs]
socketio: INFO: emitting event "task update" to 20170509-172725-6a13 [/jobs]
socketio: INFO: emitting event "task update" to 20170509-172806-b5bc [/jobs]
socketio: INFO: emitting event "task update" to 20170509-172227-0156 [/jobs]
socketio: INFO: emitting event "task update" to 20170509-172334-9d18 [/jobs]
socketio: INFO: emitting event "task update" to 20170509-173128-33ce [/jobs]
socketio: INFO: emitting event "task update" to 20170509-172347-b92a [/jobs]
socketio: INFO: emitting event "task update" to 20170509-173326-3e6f [/jobs]
socketio: INFO: emitting event "task update" to 20170509-172315-d38b [/jobs]
socketio: INFO: emitting event "task update" to 20170509-174340-86bb [/jobs]
socketio: INFO: emitting event "task update" to 20170509-172516-8f4b [/jobs]
socketio: INFO: emitting event "task update" to 20170509-172352-bfdd [/jobs]
socketio: INFO: emitting event "task update" to 20170509-172412-e6f0 [/jobs]
socketio: INFO: emitting event "task update" to 20170509-173329-1cea [/jobs]
socketio: INFO: emitting event "task update" to 20170509-173229-c795 [/jobs]
socketio: INFO: emitting event "task update" to 20170509-172202-9230 [/jobs]
socketio: INFO: emitting event "task update" to 20170509-173331-d237 [/jobs]
socketio: INFO: emitting event "task update" to 20170509-172317-7da8 [/jobs]
socketio: INFO: emitting event "task update" to 20170509-173008-ee07 [/jobs]
socketio: INFO: emitting event "task update" to 20170509-172210-1907 [/jobs]
socketio: INFO: emitting event "task update" to 20170509-173333-e98b [/jobs]
socketio: INFO: emitting event "task update" to 20170509-172825-84c5 [/jobs]
socketio: INFO: emitting event "task update" to 20170509-173335-6067 [/jobs]
socketio: INFO: emitting event "task update" to 20170509-172147-4505 [/jobs]
socketio: INFO: emitting event "task update" to 20170509-173337-8532 [/jobs]
socketio: INFO: emitting event "task update" to 20170509-172907-6ffa [/jobs]
socketio: INFO: emitting event "task update" to 20170509-172339-dc52 [/jobs]
socketio: INFO: emitting event "task update" to 20170509-172625-e177 [/jobs]
socketio: INFO: emitting event "task update" to 20170509-173316-5f8a [/jobs]
socketio: INFO: emitting event "task update" to 20170509-173318-416e [/jobs]
socketio: INFO: emitting event "task update" to 20170509-173415-8046 [/jobs]
socketio: INFO: emitting event "task update" to 20170509-173027-0946 [/jobs]
socketio: INFO: emitting event "task update" to 20170509-172218-c9c0 [/jobs]
socketio: INFO: emitting event "task update" to 20170509-172328-6826 [/jobs]
socketio: INFO: emitting event "task update" to 20170509-173403-2593 [/jobs]
socketio: INFO: emitting event "task update" to 20170509-174313-cb2c [/jobs]
socketio: INFO: emitting event "task update" to 20170509-172344-9606 [/jobs]
socketio: INFO: emitting event "task update" to 20170509-172430-a33c [/jobs]
socketio: INFO: emitting event "task update" to 20170509-172605-0fd8 [/jobs]
socketio: INFO: emitting event "task update" to 20170509-172706-cfe6 [/jobs]
socketio: INFO: emitting event "task update" to 20170509-173209-48ad [/jobs]
socketio: INFO: emitting event "task update" to 20170509-173320-66e3 [/jobs]
socketio: INFO: emitting event "task update" to 20170509-172927-67d2 [/jobs]
socketio: INFO: emitting event "task update" to 20170509-173515-e8bf [/jobs]
socketio: INFO: emitting event "task update" to 20170509-172524-d7c0 [/jobs]
socketio: INFO: emitting event "task update" to 20170509-172419-2d22 [/jobs]
socketio: INFO: emitting event "task update" to 20170509-172337-f1aa [/jobs]
socketio: INFO: emitting event "task update" to 20170509-173228-acad [/jobs]
socketio: INFO: emitting event "task update" to 20170509-172350-6fcd [/jobs]
socketio: INFO: emitting event "task update" to 20170509-173357-1ed1 [/jobs]
socketio: INFO: emitting event "task update" to 20170509-172259-8252 [/jobs]
socketio: INFO: emitting event "task update" to 20170509-173322-0807 [/jobs]
socketio: INFO: emitting event "task update" to 20170509-172114-d063 [/jobs]
socketio: INFO: emitting event "task update" to 20170509-172323-89b4 [/jobs]
socketio: INFO: emitting event "task update" to 20170509-174411-45b4 [/jobs]
digits.webapp: WARNING: Create test_db DB unrecognized output: WARNING: log_file config option not found - no log file is being saved
digits.webapp: WARNING: Create test_db DB unrecognized output: 2017-05-09 17:44:51 [INFO ] Generic DB creation Done
digits.webapp: INFO: Create test_db DB task completed.
socketio: INFO: emitting event "task update" to 20170509-174445-0b40 [/jobs]
socketio: INFO: emitting event "job update" to job_management [/jobs]
socketio: INFO: emitting event "task update" to 20170509-174445-0b40 [/jobs]
socketio: INFO: emitting event "job update" to 20170509-174445-0b40 [/jobs]
socketio: INFO: emitting event "job update" to job_management [/jobs]
socketio: INFO: emitting event "server update" to job_management [/jobs]
socketio: INFO: emitting event "task update" to 20170509-173300-0377 [/jobs]
socketio: INFO: emitting event "job update" to job_management [/jobs]
socketio: INFO: emitting event "job update" to 20170509-174445-0b40 [/jobs]
socketio: INFO: emitting event "job update" to job_management [/jobs]
digits: INFO: Job complete.
socketio: INFO: emitting event "task update" to 20170509-173245-3417 [/jobs]
socketio: INFO: emitting event "task update" to 20170509-173324-49b0 [/jobs]
socketio: INFO: emitting event "job update" to job_management [/jobs]
socketio: INFO: emitting event "task update" to 20170509-172342-e0ef [/jobs]
socketio: INFO: emitting event "task update" to 20170509-173108-a6ff [/jobs]
socketio: INFO: emitting event "job update" to 20170509-174451-4b24 [/jobs]
socketio: INFO: emitting event "job update" to job_management [/jobs]
socketio: INFO: emitting event "server update" to job_management [/jobs]
socketio: INFO: emitting event "task update" to 20170509-172725-6a13 [/jobs]
socketio: INFO: emitting event "task update" to 20170509-172806-b5bc [/jobs]
socketio: INFO: emitting event "task update" to 20170509-172227-0156 [/jobs]
digits.webapp: INFO: Train Tensorflow Model task started.
socketio: INFO: emitting event "task update" to 20170509-174451-4b24 [/jobs]
socketio: INFO: emitting event "job update" to 20170509-174451-4b24 [/jobs]
socketio: INFO: emitting event "job update" to job_management [/jobs]
digits.webapp: INFO: Task subprocess args: "python2 /home/ethan/digits_GAN/digits/tools/tensorflow/main.py --network=network.py --epoch=3 --networkDirectory=/tmp/tmpX3R8Ve/20170509-174451-4b24 --save=/tmp/tmpX3R8Ve/20170509-174451-4b24 --snapshotPrefix=snapshot --snapshotInterval=1 --lr_base_rate=0.01 --lr_policy=step --batch_size=10 --mean=/tmp/tmpX3R8Ve/20170509-174445-0b40/train_db/mean.binaryproto --train_db=/tmp/tmpX3R8Ve/20170509-174445-0b40/train_db/features --train_labels=/tmp/tmpX3R8Ve/20170509-174445-0b40/train_db/labels --validation_db=/tmp/tmpX3R8Ve/20170509-174445-0b40/val_db/features --validation_labels=/tmp/tmpX3R8Ve/20170509-174445-0b40/val_db/labels --lr_gamma=0.1 --lr_stepvalues=33 --subtractMean=image --seed=3405691582 --optimization=sgd --validation_interval=1 --log_runtime_stats_per_step=0 --augFlip=none --augHSVh=0 --augHSVs=0 --augHSVv=0"
socketio: INFO: emitting event "task update" to 20170509-174451-4b24 [/jobs]
socketio: INFO: emitting event "task update" to 20170509-172334-9d18 [/jobs]
socketio: INFO: emitting event "task update" to 20170509-173128-33ce [/jobs]
socketio: INFO: emitting event "task update" to 20170509-172347-b92a [/jobs]
socketio: INFO: emitting event "task update" to 20170509-173326-3e6f [/jobs]
socketio: INFO: emitting event "task update" to 20170509-172315-d38b [/jobs]
socketio: INFO: emitting event "task update" to 20170509-174340-86bb [/jobs]
socketio: INFO: emitting event "task update" to 20170509-172516-8f4b [/jobs]
socketio: INFO: emitting event "task update" to 20170509-172352-bfdd [/jobs]
socketio: INFO: emitting event "task update" to 20170509-172412-e6f0 [/jobs]
socketio: INFO: emitting event "task update" to 20170509-173329-1cea [/jobs]
socketio: INFO: emitting event "task update" to 20170509-173229-c795 [/jobs]
socketio: INFO: emitting event "task update" to 20170509-172202-9230 [/jobs]
socketio: INFO: emitting event "task update" to 20170509-173331-d237 [/jobs]
socketio: INFO: emitting event "task update" to 20170509-172317-7da8 [/jobs]
socketio: INFO: emitting event "task update" to 20170509-173008-ee07 [/jobs]
socketio: INFO: emitting event "task update" to 20170509-172210-1907 [/jobs]
socketio: INFO: emitting event "task update" to 20170509-173333-e98b [/jobs]
socketio: INFO: emitting event "task update" to 20170509-172825-84c5 [/jobs]
socketio: INFO: emitting event "task update" to 20170509-173335-6067 [/jobs]
socketio: INFO: emitting event "task update" to 20170509-172147-4505 [/jobs]
socketio: INFO: emitting event "task update" to 20170509-173337-8532 [/jobs]
socketio: INFO: emitting event "task update" to 20170509-172907-6ffa [/jobs]
socketio: INFO: emitting event "task update" to 20170509-172339-dc52 [/jobs]
socketio: INFO: emitting event "task update" to 20170509-172625-e177 [/jobs]
socketio: INFO: emitting event "task update" to 20170509-173316-5f8a [/jobs]
socketio: INFO: emitting event "task update" to 20170509-173318-416e [/jobs]
socketio: INFO: emitting event "task update" to 20170509-173415-8046 [/jobs]
socketio: INFO: emitting event "task update" to 20170509-173027-0946 [/jobs]
socketio: INFO: emitting event "task update" to 20170509-172218-c9c0 [/jobs]
socketio: INFO: emitting event "task update" to 20170509-172328-6826 [/jobs]
socketio: INFO: emitting event "task update" to 20170509-173403-2593 [/jobs]
socketio: INFO: emitting event "task update" to 20170509-174313-cb2c [/jobs]
socketio: INFO: emitting event "task update" to 20170509-172344-9606 [/jobs]
socketio: INFO: emitting event "task update" to 20170509-172430-a33c [/jobs]
socketio: INFO: emitting event "task update" to 20170509-172605-0fd8 [/jobs]
socketio: INFO: emitting event "task update" to 20170509-172706-cfe6 [/jobs]
socketio: INFO: emitting event "task update" to 20170509-173209-48ad [/jobs]
socketio: INFO: emitting event "task update" to 20170509-173320-66e3 [/jobs]
socketio: INFO: emitting event "task update" to 20170509-172927-67d2 [/jobs]
socketio: INFO: emitting event "task update" to 20170509-173515-e8bf [/jobs]
socketio: INFO: emitting event "task update" to 20170509-172524-d7c0 [/jobs]
socketio: INFO: emitting event "task update" to 20170509-172419-2d22 [/jobs]
socketio: INFO: emitting event "task update" to 20170509-172337-f1aa [/jobs]
socketio: INFO: emitting event "task update" to 20170509-173228-acad [/jobs]
socketio: INFO: emitting event "task update" to 20170509-172350-6fcd [/jobs]
socketio: INFO: emitting event "task update" to 20170509-173357-1ed1 [/jobs]
socketio: INFO: emitting event "task update" to 20170509-172259-8252 [/jobs]
socketio: INFO: emitting event "task update" to 20170509-173322-0807 [/jobs]
socketio: INFO: emitting event "task update" to 20170509-172114-d063 [/jobs]
socketio: INFO: emitting event "task update" to 20170509-172323-89b4 [/jobs]
socketio: INFO: emitting event "task update" to 20170509-174411-45b4 [/jobs]
socketio: INFO: emitting event "task update" to 20170509-173300-0377 [/jobs]
socketio: INFO: emitting event "task update" to 20170509-173245-3417 [/jobs]
socketio: INFO: emitting event "task update" to 20170509-173324-49b0 [/jobs]
socketio: INFO: emitting event "task update" to 20170509-172342-e0ef [/jobs]
socketio: INFO: emitting event "task update" to 20170509-173108-a6ff [/jobs]
socketio: INFO: emitting event "task update" to 20170509-172725-6a13 [/jobs]
socketio: INFO: emitting event "task update" to 20170509-172806-b5bc [/jobs]
socketio: INFO: emitting event "task update" to 20170509-172227-0156 [/jobs]
socketio: INFO: emitting event "task update" to 20170509-172334-9d18 [/jobs]
socketio: INFO: emitting event "task update" to 20170509-173128-33ce [/jobs]
socketio: INFO: emitting event "task update" to 20170509-172347-b92a [/jobs]
socketio: INFO: emitting event "task update" to 20170509-173326-3e6f [/jobs]
socketio: INFO: emitting event "task update" to 20170509-172315-d38b [/jobs]
socketio: INFO: emitting event "task update" to 20170509-174340-86bb [/jobs]
socketio: INFO: emitting event "task update" to 20170509-172516-8f4b [/jobs]
socketio: INFO: emitting event "task update" to 20170509-172352-bfdd [/jobs]
socketio: INFO: emitting event "task update" to 20170509-172412-e6f0 [/jobs]
socketio: INFO: emitting event "task update" to 20170509-173329-1cea [/jobs]
socketio: INFO: emitting event "task update" to 20170509-173229-c795 [/jobs]
socketio: INFO: emitting event "task update" to 20170509-172202-9230 [/jobs]
socketio: INFO: emitting event "task update" to 20170509-173331-d237 [/jobs]
socketio: INFO: emitting event "task update" to 20170509-172317-7da8 [/jobs]
digits.webapp: WARNING: Train Tensorflow Model unrecognized output: 2017-05-09 17:44:53.222044: W tensorflow/core/platform/cpu_feature_guard.cc:45] The TensorFlow library wasn't compiled to use SSE4.1 instructions, but these are available on your machine and could speed up CPU computations.
digits.webapp: WARNING: Train Tensorflow Model unrecognized output: 2017-05-09 17:44:53.222058: W tensorflow/core/platform/cpu_feature_guard.cc:45] The TensorFlow library wasn't compiled to use SSE4.2 instructions, but these are available on your machine and could speed up CPU computations.
digits.webapp: WARNING: Train Tensorflow Model unrecognized output: 2017-05-09 17:44:53.222062: W tensorflow/core/platform/cpu_feature_guard.cc:45] The TensorFlow library wasn't compiled to use AVX instructions, but these are available on your machine and could speed up CPU computations.
socketio: INFO: emitting event "task update" to 20170509-173008-ee07 [/jobs]
socketio: INFO: emitting event "task update" to 20170509-172210-1907 [/jobs]
socketio: INFO: emitting event "task update" to 20170509-173333-e98b [/jobs]
socketio: INFO: emitting event "task update" to 20170509-172825-84c5 [/jobs]
socketio: INFO: emitting event "task update" to 20170509-173335-6067 [/jobs]
socketio: INFO: emitting event "task update" to 20170509-172147-4505 [/jobs]
socketio: INFO: emitting event "task update" to 20170509-173337-8532 [/jobs]
socketio: INFO: emitting event "task update" to 20170509-172907-6ffa [/jobs]
socketio: INFO: emitting event "task update" to 20170509-172339-dc52 [/jobs]
socketio: INFO: emitting event "task update" to 20170509-172625-e177 [/jobs]
socketio: INFO: emitting event "task update" to 20170509-173316-5f8a [/jobs]
socketio: INFO: emitting event "task update" to 20170509-173318-416e [/jobs]
socketio: INFO: emitting event "task update" to 20170509-173415-8046 [/jobs]
socketio: INFO: emitting event "task update" to 20170509-173027-0946 [/jobs]
socketio: INFO: emitting event "task update" to 20170509-172218-c9c0 [/jobs]
socketio: INFO: emitting event "task update" to 20170509-172328-6826 [/jobs]
socketio: INFO: emitting event "task update" to 20170509-173403-2593 [/jobs]
socketio: INFO: emitting event "task update" to 20170509-174313-cb2c [/jobs]
socketio: INFO: emitting event "task update" to 20170509-172344-9606 [/jobs]
socketio: INFO: emitting event "task update" to 20170509-172430-a33c [/jobs]
socketio: INFO: emitting event "task update" to 20170509-172605-0fd8 [/jobs]
socketio: INFO: emitting event "task update" to 20170509-172706-cfe6 [/jobs]
socketio: INFO: emitting event "task update" to 20170509-173209-48ad [/jobs]
socketio: INFO: emitting event "task update" to 20170509-173320-66e3 [/jobs]
socketio: INFO: emitting event "task update" to 20170509-172927-67d2 [/jobs]
socketio: INFO: emitting event "task update" to 20170509-173515-e8bf [/jobs]
socketio: INFO: emitting event "task update" to 20170509-172524-d7c0 [/jobs]
socketio: INFO: emitting event "task update" to 20170509-172419-2d22 [/jobs]
socketio: INFO: emitting event "task update" to 20170509-172337-f1aa [/jobs]
socketio: INFO: emitting event "task update" to 20170509-173228-acad [/jobs]
socketio: INFO: emitting event "task update" to 20170509-172350-6fcd [/jobs]
socketio: INFO: emitting event "task update" to 20170509-173357-1ed1 [/jobs]
socketio: INFO: emitting event "task update" to 20170509-172259-8252 [/jobs]
socketio: INFO: emitting event "task update" to 20170509-173322-0807 [/jobs]
socketio: INFO: emitting event "task update" to 20170509-172114-d063 [/jobs]
socketio: INFO: emitting event "task update" to 20170509-172323-89b4 [/jobs]
socketio: INFO: emitting event "task update" to 20170509-174411-45b4 [/jobs]
digits.webapp: WARNING: Train Tensorflow Model unrecognized output: 2017-05-09 17:44:53.353869: I tensorflow/stream_executor/cuda/cuda_gpu_executor.cc:901] successful NUMA node read from SysFS had negative value (-1), but there must be at least one NUMA node, so returning NUMA node zero
digits.webapp: WARNING: Train Tensorflow Model unrecognized output: 2017-05-09 17:44:53.354380: I tensorflow/core/common_runtime/gpu/gpu_device.cc:887] Found device 0 with properties:
digits.webapp: WARNING: Train Tensorflow Model unrecognized output: name: GeForce GTX TITAN X
digits.webapp: WARNING: Train Tensorflow Model unrecognized output: major: 5 minor: 2 memoryClockRate (GHz) 1.076
digits.webapp: WARNING: Train Tensorflow Model unrecognized output: pciBusID 0000:01:00.0
digits.webapp: WARNING: Train Tensorflow Model unrecognized output: Total memory: 11.92GiB
digits.webapp: WARNING: Train Tensorflow Model unrecognized output: Free memory: 10.21GiB
digits.webapp: WARNING: Train Tensorflow Model unrecognized output: 2017-05-09 17:44:53.354395: I tensorflow/core/common_runtime/gpu/gpu_device.cc:908] DMA: 0
digits.webapp: WARNING: Train Tensorflow Model unrecognized output: 2017-05-09 17:44:53.354400: I tensorflow/core/common_runtime/gpu/gpu_device.cc:918] 0:   Y
digits.webapp: WARNING: Train Tensorflow Model unrecognized output: 2017-05-09 17:44:53.354411: I tensorflow/core/common_runtime/gpu/gpu_device.cc:977] Creating TensorFlow device (/gpu:0) -> (device: 0, name: GeForce GTX TITAN X, pci bus id: 0000:01:00.0)
digits.webapp: WARNING: Train Tensorflow Model unrecognized output: 2017-05-09 17:44:53.463847: I tensorflow/core/common_runtime/gpu/gpu_device.cc:977] Creating TensorFlow device (/gpu:0) -> (device: 0, name: GeForce GTX TITAN X, pci bus id: 0000:01:00.0)
digits.webapp: WARNING: Train Tensorflow Model unrecognized output: 2017-05-09 17:44:53.471889: I tensorflow/core/common_runtime/gpu/gpu_device.cc:977] Creating TensorFlow device (/gpu:0) -> (device: 0, name: GeForce GTX TITAN X, pci bus id: 0000:01:00.0)
socketio: INFO: emitting event "task update" to 20170509-173300-0377 [/jobs]
socketio: INFO: emitting event "task update" to 20170509-173245-3417 [/jobs]
socketio: INFO: emitting event "task update" to 20170509-173324-49b0 [/jobs]
socketio: INFO: emitting event "task update" to 20170509-172342-e0ef [/jobs]
socketio: INFO: emitting event "task update" to 20170509-173108-a6ff [/jobs]
socketio: INFO: emitting event "task update" to 20170509-172725-6a13 [/jobs]
socketio: INFO: emitting event "task update" to 20170509-172806-b5bc [/jobs]
socketio: INFO: emitting event "task update" to 20170509-172227-0156 [/jobs]
socketio: INFO: emitting event "task update" to 20170509-174451-4b24 [/jobs]
socketio: INFO: emitting event "task update" to 20170509-172334-9d18 [/jobs]
socketio: INFO: emitting event "task update" to 20170509-173128-33ce [/jobs]
digits.webapp: DEBUG: Network validation loss #0.0: 0.083827
digits.webapp: DEBUG: Validation (epoch 0): loss = 0.083827
socketio: INFO: emitting event "task update" to 20170509-174451-4b24 [/jobs]
socketio: INFO: emitting event "job update" to job_management [/jobs]
digits.webapp: DEBUG: Training 3.33% complete.
socketio: INFO: emitting event "task update" to 20170509-174451-4b24 [/jobs]
socketio: INFO: emitting event "task update" to job_management [/jobs]
digits.webapp: DEBUG: Training (epoch 0.1): loss = 0.039527, lr = 0.010000
socketio: INFO: emitting event "task update" to 20170509-174451-4b24 [/jobs]
socketio: INFO: emitting event "job update" to job_management [/jobs]
digits.webapp: DEBUG: Training (epoch 0.3): loss = 0.005167, lr = 0.010000
socketio: INFO: emitting event "task update" to 20170509-174451-4b24 [/jobs]
socketio: INFO: emitting event "job update" to job_management [/jobs]
digits.webapp: DEBUG: Training (epoch 0.4): loss = 0.000880, lr = 0.010000
socketio: INFO: emitting event "task update" to 20170509-174451-4b24 [/jobs]
socketio: INFO: emitting event "job update" to job_management [/jobs]
digits.webapp: DEBUG: Training (epoch 0.5): loss = 0.000166, lr = 0.010000
socketio: INFO: emitting event "task update" to 20170509-174451-4b24 [/jobs]
socketio: INFO: emitting event "job update" to job_management [/jobs]
digits.webapp: DEBUG: Training (epoch 0.7): loss = 0.000079, lr = 0.010000
socketio: INFO: emitting event "task update" to 20170509-174451-4b24 [/jobs]
socketio: INFO: emitting event "job update" to job_management [/jobs]
digits.webapp: DEBUG: Training (epoch 0.8): loss = 0.000047, lr = 0.010000
socketio: INFO: emitting event "task update" to 20170509-172347-b92a [/jobs]
socketio: INFO: emitting event "task update" to 20170509-174451-4b24 [/jobs]
socketio: INFO: emitting event "job update" to job_management [/jobs]
digits.webapp: DEBUG: Training (epoch 0.9): loss = 0.000035, lr = 0.010000
socketio: INFO: emitting event "task update" to 20170509-173326-3e6f [/jobs]
socketio: INFO: emitting event "task update" to 20170509-172315-d38b [/jobs]
socketio: INFO: emitting event "task update" to 20170509-174340-86bb [/jobs]
socketio: INFO: emitting event "task update" to 20170509-172516-8f4b [/jobs]
socketio: INFO: emitting event "task update" to 20170509-172352-bfdd [/jobs]
socketio: INFO: emitting event "task update" to 20170509-172412-e6f0 [/jobs]
socketio: INFO: emitting event "task update" to 20170509-173329-1cea [/jobs]
socketio: INFO: emitting event "task update" to 20170509-173229-c795 [/jobs]
socketio: INFO: emitting event "task update" to 20170509-172202-9230 [/jobs]
socketio: INFO: emitting event "task update" to 20170509-173331-d237 [/jobs]
socketio: INFO: emitting event "task update" to 20170509-172317-7da8 [/jobs]
socketio: INFO: emitting event "task update" to 20170509-174451-4b24 [/jobs]
socketio: INFO: emitting event "job update" to job_management [/jobs]
socketio: INFO: emitting event "task update" to 20170509-174451-4b24 [/jobs]
digits.webapp: DEBUG: Network validation loss #1.0: 2.7e-05
digits.webapp: DEBUG: Validation (epoch 1.0): loss = 0.000027
digits.webapp: WARNING: Train Tensorflow Model unrecognized output: INFO:tensorflow:/tmp/tmpX3R8Ve/20170509-174451-4b24/snapshot_1.ckpt is not in all_model_checkpoint_paths. Manually adding it.
socketio: INFO: emitting event "task update" to 20170509-174451-4b24 [/jobs]
socketio: INFO: emitting event "task update" to 20170509-173008-ee07 [/jobs]
socketio: INFO: emitting event "task update" to 20170509-172210-1907 [/jobs]
socketio: INFO: emitting event "task update" to 20170509-173333-e98b [/jobs]
socketio: INFO: emitting event "task update" to 20170509-172825-84c5 [/jobs]
digits.webapp: DEBUG: Training (epoch 1.0): loss = 0.000027, lr = 0.006538
socketio: INFO: emitting event "task update" to 20170509-173335-6067 [/jobs]
socketio: INFO: emitting event "task update" to 20170509-172147-4505 [/jobs]
socketio: INFO: emitting event "task update" to 20170509-173337-8532 [/jobs]
socketio: INFO: emitting event "task update" to 20170509-172907-6ffa [/jobs]
socketio: INFO: emitting event "task update" to 20170509-172339-dc52 [/jobs]
socketio: INFO: emitting event "task update" to 20170509-172625-e177 [/jobs]
socketio: INFO: emitting event "task update" to 20170509-174451-4b24 [/jobs]
socketio: INFO: emitting event "job update" to job_management [/jobs]
digits.webapp: DEBUG: Training (epoch 1.2): loss = 0.000025, lr = 0.001000
socketio: INFO: emitting event "task update" to 20170509-173316-5f8a [/jobs]
socketio: INFO: emitting event "task update" to 20170509-173318-416e [/jobs]
socketio: INFO: emitting event "task update" to 20170509-173415-8046 [/jobs]
socketio: INFO: emitting event "task update" to 20170509-173027-0946 [/jobs]
socketio: INFO: emitting event "task update" to 20170509-172218-c9c0 [/jobs]
socketio: INFO: emitting event "task update" to 20170509-172328-6826 [/jobs]
socketio: INFO: emitting event "task update" to 20170509-173403-2593 [/jobs]
socketio: INFO: emitting event "task update" to 20170509-174313-cb2c [/jobs]
socketio: INFO: emitting event "task update" to 20170509-172344-9606 [/jobs]
socketio: INFO: emitting event "task update" to 20170509-172430-a33c [/jobs]
socketio: INFO: emitting event "task update" to 20170509-174451-4b24 [/jobs]
socketio: INFO: emitting event "job update" to job_management [/jobs]
digits.webapp: DEBUG: Training (epoch 1.3): loss = 0.000024, lr = 0.001000
socketio: INFO: emitting event "task update" to 20170509-174451-4b24 [/jobs]
socketio: INFO: emitting event "job update" to job_management [/jobs]
digits.webapp: DEBUG: Training (epoch 1.4): loss = 0.000024, lr = 0.001000
socketio: INFO: emitting event "task update" to 20170509-172605-0fd8 [/jobs]
socketio: INFO: emitting event "task update" to 20170509-172706-cfe6 [/jobs]
socketio: INFO: emitting event "task update" to 20170509-173209-48ad [/jobs]
socketio: INFO: emitting event "task update" to 20170509-173320-66e3 [/jobs]
socketio: INFO: emitting event "task update" to 20170509-172927-67d2 [/jobs]
socketio: INFO: emitting event "task update" to 20170509-173515-e8bf [/jobs]
socketio: INFO: emitting event "task update" to 20170509-172524-d7c0 [/jobs]
socketio: INFO: emitting event "task update" to 20170509-172419-2d22 [/jobs]
socketio: INFO: emitting event "task update" to 20170509-172337-f1aa [/jobs]
socketio: INFO: emitting event "task update" to 20170509-173228-acad [/jobs]
socketio: INFO: emitting event "task update" to 20170509-172350-6fcd [/jobs]
socketio: INFO: emitting event "task update" to 20170509-173357-1ed1 [/jobs]
socketio: INFO: emitting event "task update" to 20170509-172259-8252 [/jobs]
socketio: INFO: emitting event "task update" to 20170509-173322-0807 [/jobs]
socketio: INFO: emitting event "task update" to 20170509-172114-d063 [/jobs]
socketio: INFO: emitting event "task update" to 20170509-172323-89b4 [/jobs]
socketio: INFO: emitting event "task update" to 20170509-174411-45b4 [/jobs]
socketio: INFO: emitting event "task update" to 20170509-174451-4b24 [/jobs]
socketio: INFO: emitting event "job update" to job_management [/jobs]
digits.webapp: DEBUG: Training (epoch 1.6): loss = 0.000023, lr = 0.001000
socketio: INFO: emitting event "task update" to 20170509-174451-4b24 [/jobs]
socketio: INFO: emitting event "job update" to job_management [/jobs]
digits.webapp: DEBUG: Training (epoch 1.7): loss = 0.000022, lr = 0.001000
socketio: INFO: emitting event "task update" to 20170509-174451-4b24 [/jobs]
socketio: INFO: emitting event "job update" to job_management [/jobs]
digits.webapp: DEBUG: Training (epoch 1.8): loss = 0.000022, lr = 0.001000
socketio: INFO: emitting event "task update" to 20170509-174451-4b24 [/jobs]
socketio: INFO: emitting event "job update" to job_management [/jobs]
digits.webapp: DEBUG: Training (epoch 1.9): loss = 0.000021, lr = 0.001000
socketio: INFO: emitting event "task update" to 20170509-174451-4b24 [/jobs]
socketio: INFO: emitting event "job update" to job_management [/jobs]
socketio: INFO: emitting event "task update" to 20170509-174451-4b24 [/jobs]
digits.webapp: DEBUG: Network validation loss #2.0: 2.1e-05
digits.webapp: DEBUG: Validation (epoch 2.0): loss = 0.000021
digits.webapp: WARNING: Train Tensorflow Model unrecognized output: INFO:tensorflow:/tmp/tmpX3R8Ve/20170509-174451-4b24/snapshot_2.ckpt is not in all_model_checkpoint_paths. Manually adding it.
socketio: INFO: emitting event "task update" to 20170509-174451-4b24 [/jobs]
socketio: INFO: emitting event "task update" to 20170509-174451-4b24 [/jobs]
socketio: INFO: emitting event "job update" to job_management [/jobs]
digits.webapp: DEBUG: Training (epoch 2.1): loss = 0.000021, lr = 0.000308
socketio: INFO: emitting event "task update" to 20170509-174451-4b24 [/jobs]
socketio: INFO: emitting event "job update" to job_management [/jobs]
digits.webapp: DEBUG: Training (epoch 2.2): loss = 0.000021, lr = 0.000100
socketio: INFO: emitting event "task update" to 20170509-173300-0377 [/jobs]
socketio: INFO: emitting event "task update" to 20170509-174451-4b24 [/jobs]
socketio: INFO: emitting event "job update" to job_management [/jobs]
digits.webapp: DEBUG: Training (epoch 2.3): loss = 0.000020, lr = 0.000100
socketio: INFO: emitting event "task update" to 20170509-173245-3417 [/jobs]
socketio: INFO: emitting event "task update" to 20170509-173324-49b0 [/jobs]
socketio: INFO: emitting event "task update" to 20170509-174451-4b24 [/jobs]
socketio: INFO: emitting event "job update" to job_management [/jobs]
digits.webapp: DEBUG: Training (epoch 2.5): loss = 0.000021, lr = 0.000100
socketio: INFO: emitting event "task update" to 20170509-174451-4b24 [/jobs]
socketio: INFO: emitting event "job update" to job_management [/jobs]
digits.webapp: DEBUG: Training (epoch 2.6): loss = 0.000020, lr = 0.000100
socketio: INFO: emitting event "task update" to 20170509-174451-4b24 [/jobs]
socketio: INFO: emitting event "job update" to job_management [/jobs]
digits.webapp: DEBUG: Training (epoch 2.7): loss = 0.000020, lr = 0.000100
socketio: INFO: emitting event "task update" to 20170509-174451-4b24 [/jobs]
socketio: INFO: emitting event "job update" to job_management [/jobs]
digits.webapp: DEBUG: Training (epoch 2.9): loss = 0.000020, lr = 0.000100
socketio: INFO: emitting event "task update" to 20170509-172342-e0ef [/jobs]
socketio: INFO: emitting event "task update" to 20170509-173108-a6ff [/jobs]
socketio: INFO: emitting event "task update" to 20170509-172725-6a13 [/jobs]
socketio: INFO: emitting event "task update" to 20170509-172806-b5bc [/jobs]
socketio: INFO: emitting event "task update" to 20170509-172227-0156 [/jobs]
socketio: INFO: emitting event "task update" to 20170509-174451-4b24 [/jobs]
socketio: INFO: emitting event "job update" to job_management [/jobs]
socketio: INFO: emitting event "task update" to 20170509-174451-4b24 [/jobs]
digits.webapp: DEBUG: Network validation loss #3.0: 2e-05
digits.webapp: DEBUG: Validation (epoch 3.0): loss = 0.000020
digits.webapp: WARNING: Train Tensorflow Model unrecognized output: INFO:tensorflow:/tmp/tmpX3R8Ve/20170509-174451-4b24/snapshot_3.ckpt is not in all_model_checkpoint_paths. Manually adding it.
socketio: INFO: emitting event "task update" to 20170509-174451-4b24 [/jobs]
socketio: INFO: emitting event "task update" to 20170509-172334-9d18 [/jobs]
socketio: INFO: emitting event "task update" to 20170509-173128-33ce [/jobs]
digits.webapp: DEBUG: Training (epoch 3.0): loss = 0.000020, lr = 0.000086
digits.webapp: WARNING: Train Tensorflow Model unrecognized output: 2017-05-09 17:44:54.869154: W tensorflow/core/framework/op_kernel.cc:1152] Out of range: PaddingFIFOQueue '_3_train/data/batcher/padding_fifo_queue' is closed and has insufficient elements (requested 10, current size 0)
digits.webapp: WARNING: Train Tensorflow Model unrecognized output: [[Node: train/data/batcher = QueueDequeueUpToV2[component_types=[DT_STRING, DT_FLOAT, DT_FLOAT], timeout_ms=-1, _device="/job:localhost/replica:0/task:0/cpu:0"](train/data/batcher/padding_fifo_queue, train/data/batcher/n)]]
digits.webapp: WARNING: Train Tensorflow Model unrecognized output: Training wall-time: 1.21857595444
digits.webapp: INFO: Train Tensorflow Model task completed.
socketio: INFO: emitting event "task update" to 20170509-174451-4b24 [/jobs]
socketio: INFO: emitting event "job update" to job_management [/jobs]
socketio: INFO: emitting event "task update" to 20170509-174451-4b24 [/jobs]
socketio: INFO: emitting event "job update" to 20170509-174451-4b24 [/jobs]
socketio: INFO: emitting event "job update" to job_management [/jobs]
socketio: INFO: emitting event "server update" to job_management [/jobs]
socketio: INFO: emitting event "job update" to job_management [/jobs]
socketio: INFO: emitting event "job update" to 20170509-174451-4b24 [/jobs]
socketio: INFO: emitting event "job update" to job_management [/jobs]
digits: INFO: Job complete.
socketio: INFO: emitting event "task update" to 20170509-172347-b92a [/jobs]
socketio: INFO: emitting event "task update" to 20170509-173326-3e6f [/jobs]
socketio: INFO: emitting event "task update" to 20170509-172315-d38b [/jobs]
socketio: INFO: emitting event "task update" to 20170509-174340-86bb [/jobs]
socketio: INFO: emitting event "task update" to 20170509-172516-8f4b [/jobs]
socketio: INFO: emitting event "task update" to 20170509-172352-bfdd [/jobs]
socketio: INFO: emitting event "task update" to 20170509-172412-e6f0 [/jobs]
socketio: INFO: emitting event "task update" to 20170509-173329-1cea [/jobs]
socketio: INFO: emitting event "task update" to 20170509-173229-c795 [/jobs]
socketio: INFO: emitting event "task update" to 20170509-172202-9230 [/jobs]
socketio: INFO: emitting event "task update" to 20170509-173331-d237 [/jobs]
socketio: INFO: emitting event "task update" to 20170509-172317-7da8 [/jobs]
socketio: INFO: emitting event "task update" to 20170509-173008-ee07 [/jobs]
socketio: INFO: emitting event "task update" to 20170509-172210-1907 [/jobs]
socketio: INFO: emitting event "task update" to 20170509-173333-e98b [/jobs]
socketio: INFO: emitting event "task update" to 20170509-172825-84c5 [/jobs]
socketio: INFO: emitting event "task update" to 20170509-173335-6067 [/jobs]
socketio: INFO: emitting event "task update" to 20170509-172147-4505 [/jobs]
socketio: INFO: emitting event "task update" to 20170509-173337-8532 [/jobs]
socketio: INFO: emitting event "task update" to 20170509-172907-6ffa [/jobs]
socketio: INFO: emitting event "task update" to 20170509-172339-dc52 [/jobs]
socketio: INFO: emitting event "task update" to 20170509-172625-e177 [/jobs]
socketio: INFO: emitting event "task update" to 20170509-173316-5f8a [/jobs]
socketio: INFO: emitting event "task update" to 20170509-173318-416e [/jobs]
socketio: INFO: emitting event "task update" to 20170509-173415-8046 [/jobs]
socketio: INFO: emitting event "task update" to 20170509-173027-0946 [/jobs]
socketio: INFO: emitting event "task update" to 20170509-172218-c9c0 [/jobs]
socketio: INFO: emitting event "task update" to 20170509-172328-6826 [/jobs]
socketio: INFO: emitting event "task update" to 20170509-173403-2593 [/jobs]
socketio: INFO: emitting event "task update" to 20170509-174313-cb2c [/jobs]
socketio: INFO: emitting event "task update" to 20170509-172344-9606 [/jobs]
socketio: INFO: emitting event "task update" to 20170509-172430-a33c [/jobs]
socketio: INFO: emitting event "task update" to 20170509-172605-0fd8 [/jobs]
socketio: INFO: emitting event "task update" to 20170509-172706-cfe6 [/jobs]
socketio: INFO: emitting event "task update" to 20170509-173209-48ad [/jobs]
--------------------- >> end captured logging << ---------------------

======================================================================
FAIL: digits.model.images.generic.test_views.TestTensorflowCreatedWithGradientDataExtensionNoValSet.test_download('zip',)
----------------------------------------------------------------------
Traceback (most recent call last):
  File "/home/ethan/.local/lib/python2.7/site-packages/nose/case.py", line 197, in runTest
    self.test(*self.arg)
  File "/home/ethan/digits_GAN/digits/model/images/generic/test_views.py", line 544, in check_download
    assert rv.status_code == 200, 'download "%s" failed with %s' % (url, rv.status_code)
AssertionError: download "/models/20170509-174451-4b24/download.zip" failed with 500

======================================================================
FAIL: digits.model.images.generic.test_views.TestTensorflowCreatedWithGradientDataExtensionNoValSet.test_download('tar.gz',)
----------------------------------------------------------------------
Traceback (most recent call last):
  File "/home/ethan/.local/lib/python2.7/site-packages/nose/case.py", line 197, in runTest
    self.test(*self.arg)
  File "/home/ethan/digits_GAN/digits/model/images/generic/test_views.py", line 544, in check_download
    assert rv.status_code == 200, 'download "%s" failed with %s' % (url, rv.status_code)
AssertionError: download "/models/20170509-174451-4b24/download.tar.gz" failed with 500

======================================================================
FAIL: digits.model.images.generic.test_views.TestTensorflowCreatedWithGradientDataExtensionNoValSet.test_download('tar.bz2',)
----------------------------------------------------------------------
Traceback (most recent call last):
  File "/home/ethan/.local/lib/python2.7/site-packages/nose/case.py", line 197, in runTest
    self.test(*self.arg)
  File "/home/ethan/digits_GAN/digits/model/images/generic/test_views.py", line 544, in check_download
    assert rv.status_code == 200, 'download "%s" failed with %s' % (url, rv.status_code)
AssertionError: download "/models/20170509-174451-4b24/download.tar.bz2" failed with 500

======================================================================
FAIL: digits.model.images.generic.test_views.TestTensorflowCreatedWithGradientDataExtensionNoValSet.test_infer_db
----------------------------------------------------------------------
Traceback (most recent call last):
  File "/home/ethan/.local/lib/python2.7/site-packages/nose/case.py", line 197, in runTest
    self.test(*self.arg)
  File "/home/ethan/digits_GAN/digits/model/images/generic/test_views.py", line 639, in test_infer_db
    assert rv.status_code == 200, 'POST failed with %s\n\n%s' % (rv.status_code, body)
AssertionError: POST failed with 500

[<body>\n<div class="navbar navbar-inverse navbar-fixed-top">\n<div class="container">\n<div class="navbar-header">\n<a class="navbar-brand" href="/">DIGITS</a>\n</div>\n<ul class="nav navbar-nav">\n<li><a href="/models/20170509-174451-4b24">test_model</a></li>\n<li class="active"><a>Test Many</a></li>\n</ul>\n<ul class="nav navbar-nav navbar-right">\n<li>\n<p class="navbar-text">\n            digits-testsuite (<a class="navbar-link" href="/logout">Logout</a>)\n            </p>\n</li>\n<li class="dropdown">\n<a class="dropdown-toggle" data-toggle="dropdown" href="#">Info<span class="caret"></span></a>\n<ul class="dropdown-menu navbar-inverse">\n<li><span class="navbar-text">Server: ethan-computer</span></li>\n<li><span class="navbar-text">DIGITS version: <br> 5.1-dev</br></span></li>\n<li><span class="navbar-text">Caffe version: <br> 0.15.13</br></span></li>\n<li><span class="navbar-text">Caffe flavor: <br> NVIDIA</br></span></li>\n</ul>\n</li>\n<li class="dropdown">\n<a class="dropdown-toggle" data-toggle="dropdown" href="#">About<span class="caret"></span></a>\n<ul class="dropdown-menu about-menu navbar-inverse">\n<li><span class="navbar-text"><a href="https://developer.nvidia.com/digits" target="_blank">\n                        DIGITS on developer.nvidia.com\n                    </a></span></li>\n<li><span class="navbar-text"><a href="https://github.com/NVIDIA/DIGITS" target="_blank">\n                        DIGITS on GitHub\n                    </a></span></li>\n<li><span class="navbar-text"><a href="https://groups.google.com/d/forum/digits-users" target="_blank">\n                        DIGITS user group\n                    </a></span></li>\n<li><span class="navbar-text"><a href="mailto:digits@nvidia.com">\n                        digits@nvidia.com\n                    </a></span></li>\n</ul>\n</li>\n</ul>\n</div>\n</div>\n<div class="container">\n<div class="jumbotron">\n<div class="container">\n<div class="row">\n<div class="col-sm-12" id="show-job-name">\n<h2 style="display:inline;">Infer Many Images</h2>\n</div>\n<div class="col-sm-4" id="edit-job-name" style="display:none;">\n<script>\nfunction updateJobName() {\n    var newName = $("input[name=job-name]").val();\n    $.ajax("/jobs/20170509-174455-a78d",\n            {\n                type: "PUT",\n                data: {"job_name": newName}\n                }\n          )\n    .done(function() {\n            $("#show-job-name h2").html(newName);\n            $('#edit-job-name').hide(); $('#show-job-name').show();\n            })\n    .fail(function(data) { errorAlert(data); });\n    return false;\n}\n                </script>\n<input class="form-control" name="job-name" value="Infer Many Images"/>\n<a class="btn btn-primary" href="#" onclick="return updateJobName();">Update</a>\n<a class="btn btn-info" href="#" onclick="$('#edit-job-name').hide(); $('#show-job-name').show(); return false;">Cancel</a>\n</div>\n</div>\n<small>Owner: digits-testsuite</small>\n<div class="pull-right">\n<a class="btn btn-info" disabled="" id="clone-job">Clone Job</a>\n<a class="btn btn-warning hidden disabled" id="abort-job">Abort Job</a>\n<a class="btn btn-danger disabled" id="delete-job">Delete Job</a>\n</div>\n</div>\n<script>\n$('#abort-job').on('click', function(event) {\n        event.preventDefault();\n        bootbox.confirm(\n            'Are you sure you want to abort this job?',\n            function(result) {\n                if (result)\n                    $.ajax("/jobs/20170509-174455-a78d/abort",\n                        {type: "POST"})\n                    .done(function() {\n                        $("#abort-job").hide();\n                        })\n                    .fail(function(data) { errorAlert(data); });\n            });\n        });\n\n$('#delete-job').on('click', function(event) {\n        event.preventDefault();\n        bootbox.confirm(\n            'Are you sure you want to delete this job?<br><br>All related files will be permanently removed.',\n            function(result) {\n                if (result)\n                    $.ajax("/jobs/20170509-174455-a78d",\n                        {type: "DELETE"})\n                    .done(function() {\n                        window.location = "/";\n                        })\n                    .fail(function(data) { errorAlert(data); });\n            });\n        });\n    </script>\n</div>\n<div class="row">\n<!-- Job content -->\n<div class="col-sm-8">\n<div class="page-header">\n<h1>\n        test_model\n        <small>\n            Image Inference\n        </small>\n</h1>\n</div>\n<div class="alert alert-danger">\n<p>Inference failed, see job log</p>\n</div>\n</div>\n<!-- Tasks -->\n<div class="col-sm-4">\n<div class="panel-group">\n<div class="panel panel-danger" id="job-statuses">\n<div class="panel-heading">\n<h4 class="panel-title">\n                    Job Status\n                    <small>Error</small>\n</h4>\n</div>\n<div class="panel-collapse">\n<div class="panel-body">\n<div class="job-statuses">\n<ul>\n<li>\n<span class="text-warning">Initialized</span>\n        at 05:44:55 PM\n            <small>(0 seconds)</small>\n</li>\n<li>\n<span class="text-info">Running</span>\n        at 05:44:55 PM\n            <small>(3 seconds)</small>\n</li>\n<li>\n<span class="text-danger">Error</span>\n        at 05:44:58 PM\n            <br>\n<small>(Total - 3 seconds)</small>\n</br></li>\n</ul>\n</div>\n<div class="panel-group">\n<div class="panel panel-danger" id="task-140099414139920-status">\n<div class="panel-heading">\n<h4 class="panel-title">\n<a data-toggle="collapse" href="#task-140099414139920-status-collapse">\n                                            Infer Model\n                                            <small>Error</small>\n<span class="caret"></span>\n</a>\n</h4>\n</div>\n<div class="panel-collapse collapse in" id="task-140099414139920-status-collapse">\n<div class="panel-body">\n<div class="task-progress" style="display:none;">\n<div class="progress">\n<div class="progress-bar" style="width:0%">\n                                                    0%\n                                                </div>\n</div>\n                                            Estimated time remaining: <span class="task-eta">?</span>\n<br/>\n<br/>\n</div>\n<div class="task-statuses">\n<ul>\n<li>\n<span class="text-warning">Initialized</span>\n        at 05:44:55 PM\n            <small>(0 seconds)</small>\n</li>\n<li>\n<span class="text-info">Running</span>\n        at 05:44:55 PM\n            <small>(2 seconds)</small>\n</li>\n<li>\n<span class="text-danger">Error</span>\n        at 05:44:58 PM\n            <br>\n<small>(Total - 3 seconds)</small>\n</br></li>\n</ul>\n<h4 class="text-danger">ERROR: error code 1</h4>\n<pre>\nWARNING: log_file config option not found - no log file is being saved\n2017-05-09 17:44:58 [ERROR] InferenceError: Unable to find snapshot for epoch=-1.0\nTraceback (most recent call last):\nFile "/home/ethan/digits_GAN/digits/tools/inference.py", line 293, in &lt;module&gt;\nargs['resize']\nFile "/home/ethan/digits_GAN/digits/tools/inference.py", line 79, in infer\nraise InferenceError("Unable to find snapshot for epoch=%s" % repr(epoch))\ndigits.inference.errors.InferenceError: 'Unable to find snapshot for epoch=-1.0'\n        </pre>\n</div>\n</div>\n</div>\n</div>\n</div>\n</div>\n</div>\n</div>\n</div>\n<div class="gpu-utilization-info" style="display:none;"></div>\n<!-- Related jobs -->\n<div class="panel panel-default" id="notes-information">\n<div class="panel-heading">\n<h4>Notes</h4>\n</div>\n<div class="panel-body">\n<div class="col-sm-12" id="show-job-notes">\n<p style="display:inline;">None</p>\n</div>\n<div class="col-sm-12" id="edit-job-notes" style="display:none;">\n<script type="text/javascript">\n                        function updateJobNotes() {\n                        var newNotes = $("textarea[name=job-notes]").val();\n                        $.ajax("/jobs/20170509-174455-a78d",\n                                {\n                                    type: "PUT",\n                                    data: {"job_notes": newNotes}\n                                    }\n                              )\n                        .done(function() {\n                                $("#show-job-notes p").html(newNotes);\n                                $('#edit-job-notes').hide(); $('#show-job-notes').show();\n                                })\n                        .fail(function(data) { errorAlert(data); });\n                        return false;\n                    }\n                    </script>\n<textarea class="form-control" name="job-notes" placeholder="Enter notes" rows="5"></textarea>\n<a class="btn btn-primary" href="#" onclick="return updateJobNotes();">Update</a>\n<a class="btn btn-info" href="#" onclick="$('#edit-job-notes').hide(); $('#show-job-notes').show(); return false;">Cancel</a>\n</div>\n</div>\n</div>\n</div>\n</div>\n<div class="row">\n</div>\n</div>\n<script>\n$SCRIPT_ROOT = "";\n\n$(".explanation-tooltip").tooltip();\n\nwindow.onload = function () {\n    $('.autocomplete_path').autocomplete({\n       serviceUrl: '/autocomplete/path',\n       formatResult: function (suggestion, currentValue)\n       {\n            function baseName(str)\n            {\n               var base = new String(str).substring(str.lastIndexOf('/') + 1);\n               return base;\n            }\n            return baseName(suggestion.value);\n        },\n        minChars: 0\n    });\n    $(".autocomplete_path").removeAttr("autocomplete");\n};\n\n</script>\n<style>\n .about-menu {\n     width: 240px !important;\n }\n .brightness {\n     display: inline-block;\n }\n .brightness img:hover {\n     opacity: .75;\n }\n</style>\n</body>]
-------------------- >> begin captured logging << --------------------
socketio: INFO: emitting event "job update" to job_management [/jobs]
socketio: INFO: emitting event "task update" to 20170509-173320-66e3 [/jobs]
socketio: INFO: emitting event "task update" to 20170509-172927-67d2 [/jobs]
socketio: INFO: emitting event "task update" to 20170509-173515-e8bf [/jobs]
socketio: INFO: emitting event "task update" to 20170509-172524-d7c0 [/jobs]
socketio: INFO: emitting event "task update" to 20170509-172419-2d22 [/jobs]
socketio: INFO: emitting event "task update" to 20170509-172337-f1aa [/jobs]
socketio: INFO: emitting event "task update" to 20170509-173228-acad [/jobs]
socketio: INFO: emitting event "task update" to 20170509-172350-6fcd [/jobs]
socketio: INFO: emitting event "task update" to 20170509-173357-1ed1 [/jobs]
socketio: INFO: emitting event "task update" to 20170509-172259-8252 [/jobs]
socketio: INFO: emitting event "task update" to 20170509-173322-0807 [/jobs]
socketio: INFO: emitting event "task update" to 20170509-172114-d063 [/jobs]
socketio: INFO: emitting event "task update" to 20170509-172323-89b4 [/jobs]
socketio: INFO: emitting event "task update" to 20170509-174411-45b4 [/jobs]
socketio: INFO: emitting event "job update" to 20170509-174455-a78d [/jobs]
socketio: INFO: emitting event "job update" to job_management [/jobs]
socketio: INFO: emitting event "server update" to job_management [/jobs]
socketio: INFO: emitting event "server update" to job_management [/jobs]
digits.webapp: INFO: Infer Model task started.
socketio: INFO: emitting event "task update" to 20170509-174455-a78d [/jobs]
socketio: INFO: emitting event "job update" to 20170509-174455-a78d [/jobs]
socketio: INFO: emitting event "job update" to job_management [/jobs]
digits.webapp: INFO: Task subprocess args: "/usr/bin/python2 /home/ethan/digits_GAN/digits/tools/inference.py /tmp/tmpX3R8Ve/20170509-174445-0b40/val_db/features /tmp/tmpX3R8Ve/20170509-174455-a78d 20170509-174451-4b24 --jobs_dir=/tmp/tmpX3R8Ve --layers=none --gpu=0 --db"
socketio: INFO: emitting event "task update" to 20170509-173300-0377 [/jobs]
socketio: INFO: emitting event "task update" to 20170509-173245-3417 [/jobs]
socketio: INFO: emitting event "task update" to 20170509-173324-49b0 [/jobs]
socketio: INFO: emitting event "task update" to 20170509-172342-e0ef [/jobs]
socketio: INFO: emitting event "task update" to 20170509-173108-a6ff [/jobs]
socketio: INFO: emitting event "task update" to 20170509-172725-6a13 [/jobs]
socketio: INFO: emitting event "task update" to 20170509-172806-b5bc [/jobs]
socketio: INFO: emitting event "task update" to 20170509-172227-0156 [/jobs]
socketio: INFO: emitting event "task update" to 20170509-174451-4b24 [/jobs]
socketio: INFO: emitting event "task update" to 20170509-172334-9d18 [/jobs]
socketio: INFO: emitting event "task update" to 20170509-173128-33ce [/jobs]
socketio: INFO: emitting event "task update" to 20170509-172347-b92a [/jobs]
socketio: INFO: emitting event "task update" to 20170509-173326-3e6f [/jobs]
socketio: INFO: emitting event "task update" to 20170509-172315-d38b [/jobs]
socketio: INFO: emitting event "task update" to 20170509-174340-86bb [/jobs]
socketio: INFO: emitting event "task update" to 20170509-172516-8f4b [/jobs]
socketio: INFO: emitting event "task update" to 20170509-172352-bfdd [/jobs]
socketio: INFO: emitting event "task update" to 20170509-172412-e6f0 [/jobs]
socketio: INFO: emitting event "task update" to 20170509-173329-1cea [/jobs]
socketio: INFO: emitting event "task update" to 20170509-173229-c795 [/jobs]
socketio: INFO: emitting event "task update" to 20170509-172202-9230 [/jobs]
socketio: INFO: emitting event "task update" to 20170509-173331-d237 [/jobs]
socketio: INFO: emitting event "task update" to 20170509-172317-7da8 [/jobs]
socketio: INFO: emitting event "task update" to 20170509-173008-ee07 [/jobs]
socketio: INFO: emitting event "task update" to 20170509-172210-1907 [/jobs]
socketio: INFO: emitting event "task update" to 20170509-173333-e98b [/jobs]
socketio: INFO: emitting event "task update" to 20170509-172825-84c5 [/jobs]
socketio: INFO: emitting event "task update" to 20170509-173335-6067 [/jobs]
socketio: INFO: emitting event "task update" to 20170509-172147-4505 [/jobs]
socketio: INFO: emitting event "task update" to 20170509-173337-8532 [/jobs]
socketio: INFO: emitting event "task update" to 20170509-172907-6ffa [/jobs]
socketio: INFO: emitting event "task update" to 20170509-172339-dc52 [/jobs]
socketio: INFO: emitting event "task update" to 20170509-172625-e177 [/jobs]
socketio: INFO: emitting event "task update" to 20170509-173316-5f8a [/jobs]
socketio: INFO: emitting event "task update" to 20170509-173318-416e [/jobs]
socketio: INFO: emitting event "task update" to 20170509-173415-8046 [/jobs]
socketio: INFO: emitting event "task update" to 20170509-173027-0946 [/jobs]
socketio: INFO: emitting event "task update" to 20170509-172218-c9c0 [/jobs]
socketio: INFO: emitting event "task update" to 20170509-172328-6826 [/jobs]
socketio: INFO: emitting event "task update" to 20170509-173403-2593 [/jobs]
socketio: INFO: emitting event "task update" to 20170509-174313-cb2c [/jobs]
socketio: INFO: emitting event "task update" to 20170509-172344-9606 [/jobs]
socketio: INFO: emitting event "task update" to 20170509-172430-a33c [/jobs]
socketio: INFO: emitting event "task update" to 20170509-172605-0fd8 [/jobs]
socketio: INFO: emitting event "task update" to 20170509-172706-cfe6 [/jobs]
socketio: INFO: emitting event "task update" to 20170509-173209-48ad [/jobs]
socketio: INFO: emitting event "task update" to 20170509-173320-66e3 [/jobs]
socketio: INFO: emitting event "task update" to 20170509-172927-67d2 [/jobs]
socketio: INFO: emitting event "task update" to 20170509-173515-e8bf [/jobs]
socketio: INFO: emitting event "task update" to 20170509-172524-d7c0 [/jobs]
socketio: INFO: emitting event "task update" to 20170509-172419-2d22 [/jobs]
socketio: INFO: emitting event "task update" to 20170509-172337-f1aa [/jobs]
socketio: INFO: emitting event "task update" to 20170509-173228-acad [/jobs]
socketio: INFO: emitting event "task update" to 20170509-172350-6fcd [/jobs]
socketio: INFO: emitting event "task update" to 20170509-173357-1ed1 [/jobs]
socketio: INFO: emitting event "task update" to 20170509-172259-8252 [/jobs]
socketio: INFO: emitting event "task update" to 20170509-173322-0807 [/jobs]
socketio: INFO: emitting event "task update" to 20170509-172114-d063 [/jobs]
socketio: INFO: emitting event "task update" to 20170509-172323-89b4 [/jobs]
socketio: INFO: emitting event "task update" to 20170509-174411-45b4 [/jobs]
socketio: INFO: emitting event "task update" to 20170509-173300-0377 [/jobs]
socketio: INFO: emitting event "task update" to 20170509-173245-3417 [/jobs]
socketio: INFO: emitting event "task update" to 20170509-173324-49b0 [/jobs]
socketio: INFO: emitting event "task update" to 20170509-172342-e0ef [/jobs]
socketio: INFO: emitting event "task update" to 20170509-173108-a6ff [/jobs]
socketio: INFO: emitting event "task update" to 20170509-172725-6a13 [/jobs]
socketio: INFO: emitting event "task update" to 20170509-172806-b5bc [/jobs]
socketio: INFO: emitting event "task update" to 20170509-172227-0156 [/jobs]
socketio: INFO: emitting event "task update" to 20170509-174451-4b24 [/jobs]
socketio: INFO: emitting event "task update" to 20170509-172334-9d18 [/jobs]
socketio: INFO: emitting event "task update" to 20170509-173128-33ce [/jobs]
socketio: INFO: emitting event "task update" to 20170509-172347-b92a [/jobs]
socketio: INFO: emitting event "task update" to 20170509-173326-3e6f [/jobs]
socketio: INFO: emitting event "task update" to 20170509-172315-d38b [/jobs]
socketio: INFO: emitting event "task update" to 20170509-174340-86bb [/jobs]
socketio: INFO: emitting event "task update" to 20170509-172516-8f4b [/jobs]
socketio: INFO: emitting event "task update" to 20170509-172352-bfdd [/jobs]
socketio: INFO: emitting event "task update" to 20170509-172412-e6f0 [/jobs]
socketio: INFO: emitting event "task update" to 20170509-173329-1cea [/jobs]
socketio: INFO: emitting event "task update" to 20170509-173229-c795 [/jobs]
socketio: INFO: emitting event "task update" to 20170509-172202-9230 [/jobs]
socketio: INFO: emitting event "task update" to 20170509-173331-d237 [/jobs]
socketio: INFO: emitting event "task update" to 20170509-172317-7da8 [/jobs]
socketio: INFO: emitting event "task update" to 20170509-173008-ee07 [/jobs]
socketio: INFO: emitting event "task update" to 20170509-172210-1907 [/jobs]
socketio: INFO: emitting event "task update" to 20170509-173333-e98b [/jobs]
socketio: INFO: emitting event "task update" to 20170509-172825-84c5 [/jobs]
socketio: INFO: emitting event "task update" to 20170509-173335-6067 [/jobs]
socketio: INFO: emitting event "task update" to 20170509-172147-4505 [/jobs]
socketio: INFO: emitting event "task update" to 20170509-173337-8532 [/jobs]
socketio: INFO: emitting event "task update" to 20170509-172907-6ffa [/jobs]
socketio: INFO: emitting event "task update" to 20170509-172339-dc52 [/jobs]
socketio: INFO: emitting event "task update" to 20170509-172625-e177 [/jobs]
socketio: INFO: emitting event "task update" to 20170509-173316-5f8a [/jobs]
socketio: INFO: emitting event "task update" to 20170509-173318-416e [/jobs]
socketio: INFO: emitting event "task update" to 20170509-173415-8046 [/jobs]
socketio: INFO: emitting event "task update" to 20170509-173027-0946 [/jobs]
socketio: INFO: emitting event "task update" to 20170509-172218-c9c0 [/jobs]
socketio: INFO: emitting event "task update" to 20170509-172328-6826 [/jobs]
socketio: INFO: emitting event "task update" to 20170509-173403-2593 [/jobs]
socketio: INFO: emitting event "task update" to 20170509-174313-cb2c [/jobs]
socketio: INFO: emitting event "task update" to 20170509-172344-9606 [/jobs]
socketio: INFO: emitting event "task update" to 20170509-172430-a33c [/jobs]
socketio: INFO: emitting event "task update" to 20170509-172605-0fd8 [/jobs]
socketio: INFO: emitting event "task update" to 20170509-172706-cfe6 [/jobs]
socketio: INFO: emitting event "task update" to 20170509-173209-48ad [/jobs]
socketio: INFO: emitting event "task update" to 20170509-173320-66e3 [/jobs]
socketio: INFO: emitting event "task update" to 20170509-172927-67d2 [/jobs]
socketio: INFO: emitting event "task update" to 20170509-173515-e8bf [/jobs]
socketio: INFO: emitting event "task update" to 20170509-172524-d7c0 [/jobs]
socketio: INFO: emitting event "task update" to 20170509-172419-2d22 [/jobs]
socketio: INFO: emitting event "task update" to 20170509-172337-f1aa [/jobs]
socketio: INFO: emitting event "task update" to 20170509-173228-acad [/jobs]
socketio: INFO: emitting event "task update" to 20170509-172350-6fcd [/jobs]
socketio: INFO: emitting event "task update" to 20170509-173357-1ed1 [/jobs]
socketio: INFO: emitting event "task update" to 20170509-172259-8252 [/jobs]
socketio: INFO: emitting event "task update" to 20170509-173322-0807 [/jobs]
socketio: INFO: emitting event "task update" to 20170509-172114-d063 [/jobs]
socketio: INFO: emitting event "task update" to 20170509-172323-89b4 [/jobs]
socketio: INFO: emitting event "task update" to 20170509-174411-45b4 [/jobs]
socketio: INFO: emitting event "task update" to 20170509-173300-0377 [/jobs]
socketio: INFO: emitting event "task update" to 20170509-173245-3417 [/jobs]
socketio: INFO: emitting event "task update" to 20170509-173324-49b0 [/jobs]
socketio: INFO: emitting event "task update" to 20170509-172342-e0ef [/jobs]
socketio: INFO: emitting event "task update" to 20170509-173108-a6ff [/jobs]
socketio: INFO: emitting event "task update" to 20170509-172725-6a13 [/jobs]
socketio: INFO: emitting event "task update" to 20170509-172806-b5bc [/jobs]
socketio: INFO: emitting event "task update" to 20170509-172227-0156 [/jobs]
socketio: INFO: emitting event "task update" to 20170509-174451-4b24 [/jobs]
socketio: INFO: emitting event "task update" to 20170509-172334-9d18 [/jobs]
socketio: INFO: emitting event "task update" to 20170509-173128-33ce [/jobs]
socketio: INFO: emitting event "task update" to 20170509-172347-b92a [/jobs]
socketio: INFO: emitting event "task update" to 20170509-173326-3e6f [/jobs]
socketio: INFO: emitting event "task update" to 20170509-172315-d38b [/jobs]
socketio: INFO: emitting event "task update" to 20170509-174340-86bb [/jobs]
socketio: INFO: emitting event "task update" to 20170509-172516-8f4b [/jobs]
socketio: INFO: emitting event "task update" to 20170509-172352-bfdd [/jobs]
socketio: INFO: emitting event "task update" to 20170509-172412-e6f0 [/jobs]
socketio: INFO: emitting event "task update" to 20170509-173329-1cea [/jobs]
socketio: INFO: emitting event "task update" to 20170509-173229-c795 [/jobs]
socketio: INFO: emitting event "task update" to 20170509-172202-9230 [/jobs]
socketio: INFO: emitting event "task update" to 20170509-173331-d237 [/jobs]
socketio: INFO: emitting event "task update" to 20170509-172317-7da8 [/jobs]
socketio: INFO: emitting event "task update" to 20170509-173008-ee07 [/jobs]
socketio: INFO: emitting event "task update" to 20170509-172210-1907 [/jobs]
socketio: INFO: emitting event "task update" to 20170509-173333-e98b [/jobs]
socketio: INFO: emitting event "task update" to 20170509-172825-84c5 [/jobs]
socketio: INFO: emitting event "task update" to 20170509-173335-6067 [/jobs]
socketio: INFO: emitting event "task update" to 20170509-172147-4505 [/jobs]
socketio: INFO: emitting event "task update" to 20170509-173337-8532 [/jobs]
socketio: INFO: emitting event "task update" to 20170509-172907-6ffa [/jobs]
socketio: INFO: emitting event "task update" to 20170509-172339-dc52 [/jobs]
socketio: INFO: emitting event "task update" to 20170509-172625-e177 [/jobs]
socketio: INFO: emitting event "task update" to 20170509-173316-5f8a [/jobs]
socketio: INFO: emitting event "task update" to 20170509-173318-416e [/jobs]
digits.webapp: WARNING: Infer Model unrecognized output: WARNING: log_file config option not found - no log file is being saved
digits.webapp: WARNING: Infer Model unrecognized output: 2017-05-09 17:44:58 [ERROR] InferenceError: Unable to find snapshot for epoch=-1.0
digits.webapp: WARNING: Infer Model unrecognized output: Traceback (most recent call last):
digits.webapp: WARNING: Infer Model unrecognized output: File "/home/ethan/digits_GAN/digits/tools/inference.py", line 293, in <module>
digits.webapp: WARNING: Infer Model unrecognized output: args['resize']
digits.webapp: WARNING: Infer Model unrecognized output: File "/home/ethan/digits_GAN/digits/tools/inference.py", line 79, in infer
digits.webapp: WARNING: Infer Model unrecognized output: raise InferenceError("Unable to find snapshot for epoch=%s" % repr(epoch))
digits.webapp: WARNING: Infer Model unrecognized output: digits.inference.errors.InferenceError: 'Unable to find snapshot for epoch=-1.0'
socketio: INFO: emitting event "task update" to 20170509-173415-8046 [/jobs]
socketio: INFO: emitting event "task update" to 20170509-173027-0946 [/jobs]
socketio: INFO: emitting event "task update" to 20170509-172218-c9c0 [/jobs]
socketio: INFO: emitting event "task update" to 20170509-172328-6826 [/jobs]
socketio: INFO: emitting event "task update" to 20170509-173403-2593 [/jobs]
socketio: INFO: emitting event "task update" to 20170509-174313-cb2c [/jobs]
socketio: INFO: emitting event "task update" to 20170509-172344-9606 [/jobs]
socketio: INFO: emitting event "task update" to 20170509-172430-a33c [/jobs]
socketio: INFO: emitting event "task update" to 20170509-172605-0fd8 [/jobs]
socketio: INFO: emitting event "task update" to 20170509-172706-cfe6 [/jobs]
socketio: INFO: emitting event "task update" to 20170509-173209-48ad [/jobs]
socketio: INFO: emitting event "task update" to 20170509-173320-66e3 [/jobs]
socketio: INFO: emitting event "task update" to 20170509-172927-67d2 [/jobs]
socketio: INFO: emitting event "task update" to 20170509-173515-e8bf [/jobs]
socketio: INFO: emitting event "task update" to 20170509-172524-d7c0 [/jobs]
socketio: INFO: emitting event "task update" to 20170509-172419-2d22 [/jobs]
digits.webapp: ERROR: Infer Model task failed with error code 1
socketio: INFO: emitting event "task update" to 20170509-174455-a78d [/jobs]
socketio: INFO: emitting event "job update" to 20170509-174455-a78d [/jobs]
socketio: INFO: emitting event "job update" to job_management [/jobs]
socketio: INFO: emitting event "server update" to job_management [/jobs]
socketio: INFO: emitting event "server update" to job_management [/jobs]
socketio: INFO: emitting event "task update" to 20170509-172337-f1aa [/jobs]
socketio: INFO: emitting event "task update" to 20170509-173228-acad [/jobs]
socketio: INFO: emitting event "task update" to 20170509-172350-6fcd [/jobs]
socketio: INFO: emitting event "task update" to 20170509-173357-1ed1 [/jobs]
socketio: INFO: emitting event "task update" to 20170509-172259-8252 [/jobs]
socketio: INFO: emitting event "task update" to 20170509-173322-0807 [/jobs]
socketio: INFO: emitting event "task update" to 20170509-172114-d063 [/jobs]
socketio: INFO: emitting event "task update" to 20170509-172323-89b4 [/jobs]
socketio: INFO: emitting event "task update" to 20170509-174411-45b4 [/jobs]
socketio: INFO: emitting event "job update" to 20170509-174455-a78d [/jobs]
socketio: INFO: emitting event "job update" to job_management [/jobs]
digits: INFO: Job deleted.
socketio: INFO: emitting event "job update" to job_management [/jobs]
--------------------- >> end captured logging << ---------------------

======================================================================
FAIL: digits.model.images.generic.test_views.TestTensorflowCreatedWithGradientDataExtensionNoValSet.test_infer_db_json
----------------------------------------------------------------------
Traceback (most recent call last):
  File "/home/ethan/.local/lib/python2.7/site-packages/nose/case.py", line 197, in runTest
    self.test(*self.arg)
  File "/home/ethan/digits_GAN/digits/model/images/generic/test_views.py", line 686, in test_infer_db_json
    assert rv.status_code == 200, 'POST failed with %s\n\n%s' % (rv.status_code, rv.data)
AssertionError: POST failed with 500

{
  "error": {
    "message": "'NoneType' object is not iterable",
    "trace": [
      "Traceback (most recent call last):",
      "  File \"/usr/lib/python2.7/dist-packages/flask/app.py\", line 1475, in full_dispatch_request",
      "    rv = self.dispatch_request()",
      "  File \"/usr/lib/python2.7/dist-packages/flask/app.py\", line 1461, in dispatch_request",
      "    return self.view_functions[rule.endpoint](**req.view_args)",
      "  File \"/home/ethan/digits_GAN/digits/webapp.py\", line 81, in decorated",
      "    return f(*args, **kwargs)",
      "  File \"/home/ethan/digits_GAN/digits/model/images/generic/views.py\", line 600, in infer_db",
      "    for i, key in enumerate(keys):",
      "TypeError: 'NoneType' object is not iterable",
      ""
    ],
    "type": "TypeError"
  }
}
-------------------- >> begin captured logging << --------------------
socketio: INFO: emitting event "job update" to job_management [/jobs]
socketio: INFO: emitting event "job update" to 20170509-174458-732e [/jobs]
socketio: INFO: emitting event "job update" to job_management [/jobs]
socketio: INFO: emitting event "server update" to job_management [/jobs]
socketio: INFO: emitting event "server update" to job_management [/jobs]
digits.webapp: INFO: Infer Model task started.
socketio: INFO: emitting event "task update" to 20170509-174458-732e [/jobs]
socketio: INFO: emitting event "job update" to 20170509-174458-732e [/jobs]
socketio: INFO: emitting event "job update" to job_management [/jobs]
digits.webapp: INFO: Task subprocess args: "/usr/bin/python2 /home/ethan/digits_GAN/digits/tools/inference.py /tmp/tmpX3R8Ve/20170509-174445-0b40/val_db/features /tmp/tmpX3R8Ve/20170509-174458-732e 20170509-174451-4b24 --jobs_dir=/tmp/tmpX3R8Ve --layers=none --gpu=0 --db"
socketio: INFO: emitting event "task update" to 20170509-173300-0377 [/jobs]
socketio: INFO: emitting event "task update" to 20170509-173245-3417 [/jobs]
socketio: INFO: emitting event "task update" to 20170509-173324-49b0 [/jobs]
socketio: INFO: emitting event "task update" to 20170509-172342-e0ef [/jobs]
socketio: INFO: emitting event "task update" to 20170509-173108-a6ff [/jobs]
socketio: INFO: emitting event "task update" to 20170509-172725-6a13 [/jobs]
socketio: INFO: emitting event "task update" to 20170509-172806-b5bc [/jobs]
socketio: INFO: emitting event "task update" to 20170509-172227-0156 [/jobs]
socketio: INFO: emitting event "task update" to 20170509-174451-4b24 [/jobs]
socketio: INFO: emitting event "task update" to 20170509-172334-9d18 [/jobs]
socketio: INFO: emitting event "task update" to 20170509-173128-33ce [/jobs]
socketio: INFO: emitting event "task update" to 20170509-172347-b92a [/jobs]
socketio: INFO: emitting event "task update" to 20170509-173326-3e6f [/jobs]
socketio: INFO: emitting event "task update" to 20170509-172315-d38b [/jobs]
socketio: INFO: emitting event "task update" to 20170509-174340-86bb [/jobs]
socketio: INFO: emitting event "task update" to 20170509-172516-8f4b [/jobs]
socketio: INFO: emitting event "task update" to 20170509-172352-bfdd [/jobs]
socketio: INFO: emitting event "task update" to 20170509-172412-e6f0 [/jobs]
socketio: INFO: emitting event "task update" to 20170509-173329-1cea [/jobs]
socketio: INFO: emitting event "task update" to 20170509-173229-c795 [/jobs]
socketio: INFO: emitting event "task update" to 20170509-172202-9230 [/jobs]
socketio: INFO: emitting event "task update" to 20170509-173331-d237 [/jobs]
socketio: INFO: emitting event "task update" to 20170509-172317-7da8 [/jobs]
socketio: INFO: emitting event "task update" to 20170509-173008-ee07 [/jobs]
socketio: INFO: emitting event "task update" to 20170509-172210-1907 [/jobs]
socketio: INFO: emitting event "task update" to 20170509-173333-e98b [/jobs]
socketio: INFO: emitting event "task update" to 20170509-172825-84c5 [/jobs]
socketio: INFO: emitting event "task update" to 20170509-173335-6067 [/jobs]
socketio: INFO: emitting event "task update" to 20170509-172147-4505 [/jobs]
socketio: INFO: emitting event "task update" to 20170509-173337-8532 [/jobs]
socketio: INFO: emitting event "task update" to 20170509-172907-6ffa [/jobs]
socketio: INFO: emitting event "task update" to 20170509-172339-dc52 [/jobs]
socketio: INFO: emitting event "task update" to 20170509-172625-e177 [/jobs]
socketio: INFO: emitting event "task update" to 20170509-173316-5f8a [/jobs]
socketio: INFO: emitting event "task update" to 20170509-173318-416e [/jobs]
socketio: INFO: emitting event "task update" to 20170509-173415-8046 [/jobs]
socketio: INFO: emitting event "task update" to 20170509-173027-0946 [/jobs]
socketio: INFO: emitting event "task update" to 20170509-172218-c9c0 [/jobs]
socketio: INFO: emitting event "task update" to 20170509-172328-6826 [/jobs]
socketio: INFO: emitting event "task update" to 20170509-173403-2593 [/jobs]
socketio: INFO: emitting event "task update" to 20170509-174313-cb2c [/jobs]
socketio: INFO: emitting event "task update" to 20170509-172344-9606 [/jobs]
socketio: INFO: emitting event "task update" to 20170509-172430-a33c [/jobs]
socketio: INFO: emitting event "task update" to 20170509-172605-0fd8 [/jobs]
socketio: INFO: emitting event "task update" to 20170509-172706-cfe6 [/jobs]
socketio: INFO: emitting event "task update" to 20170509-173209-48ad [/jobs]
socketio: INFO: emitting event "task update" to 20170509-173320-66e3 [/jobs]
socketio: INFO: emitting event "task update" to 20170509-172927-67d2 [/jobs]
socketio: INFO: emitting event "task update" to 20170509-173515-e8bf [/jobs]
socketio: INFO: emitting event "task update" to 20170509-172524-d7c0 [/jobs]
socketio: INFO: emitting event "task update" to 20170509-172419-2d22 [/jobs]
socketio: INFO: emitting event "task update" to 20170509-172337-f1aa [/jobs]
socketio: INFO: emitting event "task update" to 20170509-173228-acad [/jobs]
socketio: INFO: emitting event "task update" to 20170509-172350-6fcd [/jobs]
socketio: INFO: emitting event "task update" to 20170509-173357-1ed1 [/jobs]
socketio: INFO: emitting event "task update" to 20170509-172259-8252 [/jobs]
socketio: INFO: emitting event "task update" to 20170509-173322-0807 [/jobs]
socketio: INFO: emitting event "task update" to 20170509-172114-d063 [/jobs]
socketio: INFO: emitting event "task update" to 20170509-172323-89b4 [/jobs]
socketio: INFO: emitting event "task update" to 20170509-174411-45b4 [/jobs]
socketio: INFO: emitting event "task update" to 20170509-173300-0377 [/jobs]
socketio: INFO: emitting event "task update" to 20170509-173245-3417 [/jobs]
socketio: INFO: emitting event "task update" to 20170509-173324-49b0 [/jobs]
socketio: INFO: emitting event "task update" to 20170509-172342-e0ef [/jobs]
socketio: INFO: emitting event "task update" to 20170509-173108-a6ff [/jobs]
socketio: INFO: emitting event "task update" to 20170509-172725-6a13 [/jobs]
socketio: INFO: emitting event "task update" to 20170509-172806-b5bc [/jobs]
socketio: INFO: emitting event "task update" to 20170509-172227-0156 [/jobs]
socketio: INFO: emitting event "task update" to 20170509-174451-4b24 [/jobs]
socketio: INFO: emitting event "task update" to 20170509-172334-9d18 [/jobs]
socketio: INFO: emitting event "task update" to 20170509-173128-33ce [/jobs]
socketio: INFO: emitting event "task update" to 20170509-172347-b92a [/jobs]
socketio: INFO: emitting event "task update" to 20170509-173326-3e6f [/jobs]
socketio: INFO: emitting event "task update" to 20170509-172315-d38b [/jobs]
socketio: INFO: emitting event "task update" to 20170509-174340-86bb [/jobs]
socketio: INFO: emitting event "task update" to 20170509-172516-8f4b [/jobs]
socketio: INFO: emitting event "task update" to 20170509-172352-bfdd [/jobs]
socketio: INFO: emitting event "task update" to 20170509-172412-e6f0 [/jobs]
socketio: INFO: emitting event "task update" to 20170509-173329-1cea [/jobs]
socketio: INFO: emitting event "task update" to 20170509-173229-c795 [/jobs]
socketio: INFO: emitting event "task update" to 20170509-172202-9230 [/jobs]
socketio: INFO: emitting event "task update" to 20170509-173331-d237 [/jobs]
socketio: INFO: emitting event "task update" to 20170509-172317-7da8 [/jobs]
socketio: INFO: emitting event "task update" to 20170509-173008-ee07 [/jobs]
socketio: INFO: emitting event "task update" to 20170509-172210-1907 [/jobs]
socketio: INFO: emitting event "task update" to 20170509-173333-e98b [/jobs]
socketio: INFO: emitting event "task update" to 20170509-172825-84c5 [/jobs]
socketio: INFO: emitting event "task update" to 20170509-173335-6067 [/jobs]
socketio: INFO: emitting event "task update" to 20170509-172147-4505 [/jobs]
socketio: INFO: emitting event "task update" to 20170509-173337-8532 [/jobs]
socketio: INFO: emitting event "task update" to 20170509-172907-6ffa [/jobs]
socketio: INFO: emitting event "task update" to 20170509-172339-dc52 [/jobs]
socketio: INFO: emitting event "task update" to 20170509-172625-e177 [/jobs]
socketio: INFO: emitting event "task update" to 20170509-173316-5f8a [/jobs]
socketio: INFO: emitting event "task update" to 20170509-173318-416e [/jobs]
socketio: INFO: emitting event "task update" to 20170509-173415-8046 [/jobs]
socketio: INFO: emitting event "task update" to 20170509-173027-0946 [/jobs]
socketio: INFO: emitting event "task update" to 20170509-172218-c9c0 [/jobs]
socketio: INFO: emitting event "task update" to 20170509-172328-6826 [/jobs]
socketio: INFO: emitting event "task update" to 20170509-173403-2593 [/jobs]
socketio: INFO: emitting event "task update" to 20170509-174313-cb2c [/jobs]
socketio: INFO: emitting event "task update" to 20170509-172344-9606 [/jobs]
socketio: INFO: emitting event "task update" to 20170509-172430-a33c [/jobs]
socketio: INFO: emitting event "task update" to 20170509-172605-0fd8 [/jobs]
socketio: INFO: emitting event "task update" to 20170509-172706-cfe6 [/jobs]
socketio: INFO: emitting event "task update" to 20170509-173209-48ad [/jobs]
socketio: INFO: emitting event "task update" to 20170509-173320-66e3 [/jobs]
socketio: INFO: emitting event "task update" to 20170509-172927-67d2 [/jobs]
socketio: INFO: emitting event "task update" to 20170509-173515-e8bf [/jobs]
socketio: INFO: emitting event "task update" to 20170509-172524-d7c0 [/jobs]
socketio: INFO: emitting event "task update" to 20170509-172419-2d22 [/jobs]
socketio: INFO: emitting event "task update" to 20170509-172337-f1aa [/jobs]
socketio: INFO: emitting event "task update" to 20170509-173228-acad [/jobs]
socketio: INFO: emitting event "task update" to 20170509-172350-6fcd [/jobs]
socketio: INFO: emitting event "task update" to 20170509-173357-1ed1 [/jobs]
socketio: INFO: emitting event "task update" to 20170509-172259-8252 [/jobs]
socketio: INFO: emitting event "task update" to 20170509-173322-0807 [/jobs]
socketio: INFO: emitting event "task update" to 20170509-172114-d063 [/jobs]
socketio: INFO: emitting event "task update" to 20170509-172323-89b4 [/jobs]
socketio: INFO: emitting event "task update" to 20170509-174411-45b4 [/jobs]
socketio: INFO: emitting event "task update" to 20170509-173300-0377 [/jobs]
socketio: INFO: emitting event "task update" to 20170509-173245-3417 [/jobs]
socketio: INFO: emitting event "task update" to 20170509-173324-49b0 [/jobs]
socketio: INFO: emitting event "task update" to 20170509-172342-e0ef [/jobs]
socketio: INFO: emitting event "task update" to 20170509-173108-a6ff [/jobs]
socketio: INFO: emitting event "task update" to 20170509-172725-6a13 [/jobs]
socketio: INFO: emitting event "task update" to 20170509-172806-b5bc [/jobs]
socketio: INFO: emitting event "task update" to 20170509-172227-0156 [/jobs]
socketio: INFO: emitting event "task update" to 20170509-174451-4b24 [/jobs]
socketio: INFO: emitting event "task update" to 20170509-172334-9d18 [/jobs]
socketio: INFO: emitting event "task update" to 20170509-173128-33ce [/jobs]
socketio: INFO: emitting event "task update" to 20170509-172347-b92a [/jobs]
socketio: INFO: emitting event "task update" to 20170509-173326-3e6f [/jobs]
socketio: INFO: emitting event "task update" to 20170509-172315-d38b [/jobs]
socketio: INFO: emitting event "task update" to 20170509-174340-86bb [/jobs]
socketio: INFO: emitting event "task update" to 20170509-172516-8f4b [/jobs]
socketio: INFO: emitting event "task update" to 20170509-172352-bfdd [/jobs]
socketio: INFO: emitting event "task update" to 20170509-172412-e6f0 [/jobs]
socketio: INFO: emitting event "task update" to 20170509-173329-1cea [/jobs]
socketio: INFO: emitting event "task update" to 20170509-173229-c795 [/jobs]
socketio: INFO: emitting event "task update" to 20170509-172202-9230 [/jobs]
socketio: INFO: emitting event "task update" to 20170509-173331-d237 [/jobs]
socketio: INFO: emitting event "task update" to 20170509-172317-7da8 [/jobs]
socketio: INFO: emitting event "task update" to 20170509-173008-ee07 [/jobs]
socketio: INFO: emitting event "task update" to 20170509-172210-1907 [/jobs]
socketio: INFO: emitting event "task update" to 20170509-173333-e98b [/jobs]
socketio: INFO: emitting event "task update" to 20170509-172825-84c5 [/jobs]
socketio: INFO: emitting event "task update" to 20170509-173335-6067 [/jobs]
socketio: INFO: emitting event "task update" to 20170509-172147-4505 [/jobs]
socketio: INFO: emitting event "task update" to 20170509-173337-8532 [/jobs]
socketio: INFO: emitting event "task update" to 20170509-172907-6ffa [/jobs]
socketio: INFO: emitting event "task update" to 20170509-172339-dc52 [/jobs]
socketio: INFO: emitting event "task update" to 20170509-172625-e177 [/jobs]
socketio: INFO: emitting event "task update" to 20170509-173316-5f8a [/jobs]
socketio: INFO: emitting event "task update" to 20170509-173318-416e [/jobs]
socketio: INFO: emitting event "task update" to 20170509-173415-8046 [/jobs]
socketio: INFO: emitting event "task update" to 20170509-173027-0946 [/jobs]
socketio: INFO: emitting event "task update" to 20170509-172218-c9c0 [/jobs]
socketio: INFO: emitting event "task update" to 20170509-172328-6826 [/jobs]
socketio: INFO: emitting event "task update" to 20170509-173403-2593 [/jobs]
socketio: INFO: emitting event "task update" to 20170509-174313-cb2c [/jobs]
socketio: INFO: emitting event "task update" to 20170509-172344-9606 [/jobs]
socketio: INFO: emitting event "task update" to 20170509-172430-a33c [/jobs]
socketio: INFO: emitting event "task update" to 20170509-172605-0fd8 [/jobs]
socketio: INFO: emitting event "task update" to 20170509-172706-cfe6 [/jobs]
socketio: INFO: emitting event "task update" to 20170509-173209-48ad [/jobs]
digits.webapp: WARNING: Infer Model unrecognized output: WARNING: log_file config option not found - no log file is being saved
digits.webapp: WARNING: Infer Model unrecognized output: 2017-05-09 17:45:01 [ERROR] InferenceError: Unable to find snapshot for epoch=-1.0
digits.webapp: WARNING: Infer Model unrecognized output: Traceback (most recent call last):
digits.webapp: WARNING: Infer Model unrecognized output: File "/home/ethan/digits_GAN/digits/tools/inference.py", line 293, in <module>
digits.webapp: WARNING: Infer Model unrecognized output: args['resize']
digits.webapp: WARNING: Infer Model unrecognized output: File "/home/ethan/digits_GAN/digits/tools/inference.py", line 79, in infer
digits.webapp: WARNING: Infer Model unrecognized output: raise InferenceError("Unable to find snapshot for epoch=%s" % repr(epoch))
digits.webapp: WARNING: Infer Model unrecognized output: digits.inference.errors.InferenceError: 'Unable to find snapshot for epoch=-1.0'
socketio: INFO: emitting event "task update" to 20170509-173320-66e3 [/jobs]
socketio: INFO: emitting event "task update" to 20170509-172927-67d2 [/jobs]
socketio: INFO: emitting event "task update" to 20170509-173515-e8bf [/jobs]
socketio: INFO: emitting event "task update" to 20170509-172524-d7c0 [/jobs]
socketio: INFO: emitting event "task update" to 20170509-172419-2d22 [/jobs]
socketio: INFO: emitting event "task update" to 20170509-172337-f1aa [/jobs]
socketio: INFO: emitting event "task update" to 20170509-173228-acad [/jobs]
socketio: INFO: emitting event "task update" to 20170509-172350-6fcd [/jobs]
socketio: INFO: emitting event "task update" to 20170509-173357-1ed1 [/jobs]
socketio: INFO: emitting event "task update" to 20170509-172259-8252 [/jobs]
socketio: INFO: emitting event "task update" to 20170509-173322-0807 [/jobs]
socketio: INFO: emitting event "task update" to 20170509-172114-d063 [/jobs]
socketio: INFO: emitting event "task update" to 20170509-172323-89b4 [/jobs]
socketio: INFO: emitting event "task update" to 20170509-174411-45b4 [/jobs]
digits.webapp: ERROR: Infer Model task failed with error code 1
socketio: INFO: emitting event "task update" to 20170509-174458-732e [/jobs]
socketio: INFO: emitting event "job update" to 20170509-174458-732e [/jobs]
socketio: INFO: emitting event "job update" to job_management [/jobs]
socketio: INFO: emitting event "server update" to job_management [/jobs]
socketio: INFO: emitting event "server update" to job_management [/jobs]
socketio: INFO: emitting event "job update" to 20170509-174458-732e [/jobs]
socketio: INFO: emitting event "job update" to job_management [/jobs]
digits: INFO: Job deleted.
socketio: INFO: emitting event "job update" to job_management [/jobs]
--------------------- >> end captured logging << ---------------------

======================================================================
FAIL: digits.model.images.generic.test_views.TestTensorflowCreatedWithGradientDataExtensionNoValSet.test_infer_extension_json
----------------------------------------------------------------------
Traceback (most recent call last):
  File "/home/ethan/.local/lib/python2.7/site-packages/nose/case.py", line 197, in runTest
    self.test(*self.arg)
  File "/home/ethan/digits_GAN/digits/model/images/generic/test_views.py", line 735, in test_infer_extension_json
    assert rv.status_code == 200, 'POST failed with %s' % rv.status_code
AssertionError: POST failed with 500
-------------------- >> begin captured logging << --------------------
socketio: INFO: emitting event "job update" to job_management [/jobs]
socketio: INFO: emitting event "task update" to 20170509-173300-0377 [/jobs]
socketio: INFO: emitting event "task update" to 20170509-173245-3417 [/jobs]
socketio: INFO: emitting event "job update" to 20170509-174501-dfa4 [/jobs]
socketio: INFO: emitting event "job update" to job_management [/jobs]
socketio: INFO: emitting event "server update" to job_management [/jobs]
socketio: INFO: emitting event "server update" to job_management [/jobs]
socketio: INFO: emitting event "task update" to 20170509-174501-dfa4 [/jobs]
socketio: INFO: emitting event "job update" to 20170509-174501-dfa4 [/jobs]
socketio: INFO: emitting event "job update" to job_management [/jobs]
socketio: INFO: emitting event "task update" to 20170509-173324-49b0 [/jobs]
digits.webapp: INFO: Create train_db DB task started.
socketio: INFO: emitting event "task update" to 20170509-174501-dfa4 [/jobs]
socketio: INFO: emitting event "job update" to 20170509-174501-dfa4 [/jobs]
socketio: INFO: emitting event "job update" to job_management [/jobs]
digits.webapp: INFO: Task subprocess args: "/usr/bin/python2 /home/ethan/digits_GAN/digits/tools/create_generic_db.py 20170509-174501-dfa4 --stage=train_db --jobs_dir=/tmp/tmpX3R8Ve"
digits.webapp: INFO: Create val_db DB task started.
socketio: INFO: emitting event "task update" to 20170509-174501-dfa4 [/jobs]
socketio: INFO: emitting event "job update" to 20170509-174501-dfa4 [/jobs]
socketio: INFO: emitting event "job update" to job_management [/jobs]
digits.webapp: INFO: Task subprocess args: "/usr/bin/python2 /home/ethan/digits_GAN/digits/tools/create_generic_db.py 20170509-174501-dfa4 --stage=val_db --jobs_dir=/tmp/tmpX3R8Ve"
socketio: INFO: emitting event "task update" to 20170509-172342-e0ef [/jobs]
socketio: INFO: emitting event "task update" to 20170509-173108-a6ff [/jobs]
socketio: INFO: emitting event "task update" to 20170509-172725-6a13 [/jobs]
socketio: INFO: emitting event "task update" to 20170509-172806-b5bc [/jobs]
socketio: INFO: emitting event "task update" to 20170509-172227-0156 [/jobs]
socketio: INFO: emitting event "task update" to 20170509-174451-4b24 [/jobs]
socketio: INFO: emitting event "task update" to 20170509-172334-9d18 [/jobs]
socketio: INFO: emitting event "task update" to 20170509-173128-33ce [/jobs]
socketio: INFO: emitting event "task update" to 20170509-172347-b92a [/jobs]
socketio: INFO: emitting event "task update" to 20170509-173326-3e6f [/jobs]
socketio: INFO: emitting event "task update" to 20170509-172315-d38b [/jobs]
socketio: INFO: emitting event "task update" to 20170509-174340-86bb [/jobs]
socketio: INFO: emitting event "task update" to 20170509-172516-8f4b [/jobs]
socketio: INFO: emitting event "task update" to 20170509-172352-bfdd [/jobs]
socketio: INFO: emitting event "task update" to 20170509-172412-e6f0 [/jobs]
socketio: INFO: emitting event "task update" to 20170509-173329-1cea [/jobs]
socketio: INFO: emitting event "task update" to 20170509-173229-c795 [/jobs]
socketio: INFO: emitting event "task update" to 20170509-172202-9230 [/jobs]
socketio: INFO: emitting event "task update" to 20170509-173331-d237 [/jobs]
socketio: INFO: emitting event "task update" to 20170509-172317-7da8 [/jobs]
socketio: INFO: emitting event "task update" to 20170509-173008-ee07 [/jobs]
socketio: INFO: emitting event "task update" to 20170509-172210-1907 [/jobs]
socketio: INFO: emitting event "task update" to 20170509-173333-e98b [/jobs]
socketio: INFO: emitting event "task update" to 20170509-172825-84c5 [/jobs]
socketio: INFO: emitting event "task update" to 20170509-173335-6067 [/jobs]
socketio: INFO: emitting event "task update" to 20170509-172147-4505 [/jobs]
socketio: INFO: emitting event "task update" to 20170509-173337-8532 [/jobs]
socketio: INFO: emitting event "task update" to 20170509-172907-6ffa [/jobs]
socketio: INFO: emitting event "task update" to 20170509-172339-dc52 [/jobs]
socketio: INFO: emitting event "task update" to 20170509-172625-e177 [/jobs]
socketio: INFO: emitting event "task update" to 20170509-173316-5f8a [/jobs]
socketio: INFO: emitting event "task update" to 20170509-173318-416e [/jobs]
socketio: INFO: emitting event "task update" to 20170509-173415-8046 [/jobs]
socketio: INFO: emitting event "task update" to 20170509-173027-0946 [/jobs]
socketio: INFO: emitting event "task update" to 20170509-172218-c9c0 [/jobs]
socketio: INFO: emitting event "task update" to 20170509-172328-6826 [/jobs]
socketio: INFO: emitting event "task update" to 20170509-173403-2593 [/jobs]
socketio: INFO: emitting event "task update" to 20170509-174313-cb2c [/jobs]
socketio: INFO: emitting event "task update" to 20170509-172344-9606 [/jobs]
socketio: INFO: emitting event "task update" to 20170509-172430-a33c [/jobs]
socketio: INFO: emitting event "task update" to 20170509-172605-0fd8 [/jobs]
socketio: INFO: emitting event "task update" to 20170509-172706-cfe6 [/jobs]
socketio: INFO: emitting event "task update" to 20170509-173209-48ad [/jobs]
socketio: INFO: emitting event "task update" to 20170509-173320-66e3 [/jobs]
socketio: INFO: emitting event "task update" to 20170509-172927-67d2 [/jobs]
socketio: INFO: emitting event "task update" to 20170509-173515-e8bf [/jobs]
socketio: INFO: emitting event "task update" to 20170509-172524-d7c0 [/jobs]
socketio: INFO: emitting event "task update" to 20170509-172419-2d22 [/jobs]
socketio: INFO: emitting event "task update" to 20170509-172337-f1aa [/jobs]
socketio: INFO: emitting event "task update" to 20170509-173228-acad [/jobs]
socketio: INFO: emitting event "task update" to 20170509-172350-6fcd [/jobs]
socketio: INFO: emitting event "task update" to 20170509-173357-1ed1 [/jobs]
socketio: INFO: emitting event "task update" to 20170509-172259-8252 [/jobs]
socketio: INFO: emitting event "task update" to 20170509-173322-0807 [/jobs]
socketio: INFO: emitting event "task update" to 20170509-172114-d063 [/jobs]
socketio: INFO: emitting event "task update" to 20170509-172323-89b4 [/jobs]
socketio: INFO: emitting event "task update" to 20170509-174411-45b4 [/jobs]
socketio: INFO: emitting event "task update" to 20170509-173300-0377 [/jobs]
socketio: INFO: emitting event "task update" to 20170509-173245-3417 [/jobs]
socketio: INFO: emitting event "task update" to 20170509-173324-49b0 [/jobs]
socketio: INFO: emitting event "task update" to 20170509-172342-e0ef [/jobs]
socketio: INFO: emitting event "task update" to 20170509-173108-a6ff [/jobs]
socketio: INFO: emitting event "task update" to 20170509-172725-6a13 [/jobs]
socketio: INFO: emitting event "task update" to 20170509-172806-b5bc [/jobs]
socketio: INFO: emitting event "task update" to 20170509-172227-0156 [/jobs]
socketio: INFO: emitting event "task update" to 20170509-174451-4b24 [/jobs]
socketio: INFO: emitting event "task update" to 20170509-172334-9d18 [/jobs]
socketio: INFO: emitting event "task update" to 20170509-173128-33ce [/jobs]
socketio: INFO: emitting event "task update" to 20170509-172347-b92a [/jobs]
socketio: INFO: emitting event "task update" to 20170509-173326-3e6f [/jobs]
socketio: INFO: emitting event "task update" to 20170509-172315-d38b [/jobs]
socketio: INFO: emitting event "task update" to 20170509-174340-86bb [/jobs]
socketio: INFO: emitting event "task update" to 20170509-172516-8f4b [/jobs]
socketio: INFO: emitting event "task update" to 20170509-172352-bfdd [/jobs]
socketio: INFO: emitting event "task update" to 20170509-172412-e6f0 [/jobs]
socketio: INFO: emitting event "task update" to 20170509-173329-1cea [/jobs]
socketio: INFO: emitting event "task update" to 20170509-173229-c795 [/jobs]
socketio: INFO: emitting event "task update" to 20170509-172202-9230 [/jobs]
socketio: INFO: emitting event "task update" to 20170509-173331-d237 [/jobs]
socketio: INFO: emitting event "task update" to 20170509-172317-7da8 [/jobs]
socketio: INFO: emitting event "task update" to 20170509-173008-ee07 [/jobs]
socketio: INFO: emitting event "task update" to 20170509-172210-1907 [/jobs]
socketio: INFO: emitting event "task update" to 20170509-173333-e98b [/jobs]
socketio: INFO: emitting event "task update" to 20170509-172825-84c5 [/jobs]
socketio: INFO: emitting event "task update" to 20170509-173335-6067 [/jobs]
socketio: INFO: emitting event "task update" to 20170509-172147-4505 [/jobs]
socketio: INFO: emitting event "task update" to 20170509-173337-8532 [/jobs]
socketio: INFO: emitting event "task update" to 20170509-172907-6ffa [/jobs]
socketio: INFO: emitting event "task update" to 20170509-172339-dc52 [/jobs]
socketio: INFO: emitting event "task update" to 20170509-172625-e177 [/jobs]
socketio: INFO: emitting event "task update" to 20170509-173316-5f8a [/jobs]
socketio: INFO: emitting event "task update" to 20170509-173318-416e [/jobs]
socketio: INFO: emitting event "task update" to 20170509-173415-8046 [/jobs]
socketio: INFO: emitting event "task update" to 20170509-173027-0946 [/jobs]
socketio: INFO: emitting event "task update" to 20170509-172218-c9c0 [/jobs]
socketio: INFO: emitting event "task update" to 20170509-172328-6826 [/jobs]
socketio: INFO: emitting event "task update" to 20170509-173403-2593 [/jobs]
socketio: INFO: emitting event "task update" to 20170509-174313-cb2c [/jobs]
socketio: INFO: emitting event "task update" to 20170509-172344-9606 [/jobs]
socketio: INFO: emitting event "task update" to 20170509-172430-a33c [/jobs]
socketio: INFO: emitting event "task update" to 20170509-172605-0fd8 [/jobs]
socketio: INFO: emitting event "task update" to 20170509-172706-cfe6 [/jobs]
socketio: INFO: emitting event "task update" to 20170509-173209-48ad [/jobs]
socketio: INFO: emitting event "task update" to 20170509-173320-66e3 [/jobs]
socketio: INFO: emitting event "task update" to 20170509-172927-67d2 [/jobs]
socketio: INFO: emitting event "task update" to 20170509-173515-e8bf [/jobs]
socketio: INFO: emitting event "task update" to 20170509-172524-d7c0 [/jobs]
socketio: INFO: emitting event "task update" to 20170509-172419-2d22 [/jobs]
socketio: INFO: emitting event "task update" to 20170509-172337-f1aa [/jobs]
socketio: INFO: emitting event "task update" to 20170509-173228-acad [/jobs]
socketio: INFO: emitting event "task update" to 20170509-172350-6fcd [/jobs]
socketio: INFO: emitting event "task update" to 20170509-173357-1ed1 [/jobs]
socketio: INFO: emitting event "task update" to 20170509-172259-8252 [/jobs]
socketio: INFO: emitting event "task update" to 20170509-173322-0807 [/jobs]
socketio: INFO: emitting event "task update" to 20170509-172114-d063 [/jobs]
socketio: INFO: emitting event "task update" to 20170509-172323-89b4 [/jobs]
socketio: INFO: emitting event "task update" to 20170509-174411-45b4 [/jobs]
socketio: INFO: emitting event "task update" to 20170509-173300-0377 [/jobs]
socketio: INFO: emitting event "task update" to 20170509-173245-3417 [/jobs]
socketio: INFO: emitting event "task update" to 20170509-173324-49b0 [/jobs]
socketio: INFO: emitting event "task update" to 20170509-172342-e0ef [/jobs]
socketio: INFO: emitting event "task update" to 20170509-173108-a6ff [/jobs]
socketio: INFO: emitting event "task update" to 20170509-172725-6a13 [/jobs]
socketio: INFO: emitting event "task update" to 20170509-172806-b5bc [/jobs]
socketio: INFO: emitting event "task update" to 20170509-172227-0156 [/jobs]
socketio: INFO: emitting event "task update" to 20170509-174451-4b24 [/jobs]
socketio: INFO: emitting event "task update" to 20170509-172334-9d18 [/jobs]
socketio: INFO: emitting event "task update" to 20170509-173128-33ce [/jobs]
socketio: INFO: emitting event "task update" to 20170509-172347-b92a [/jobs]
socketio: INFO: emitting event "task update" to 20170509-173326-3e6f [/jobs]
socketio: INFO: emitting event "task update" to 20170509-172315-d38b [/jobs]
socketio: INFO: emitting event "task update" to 20170509-174340-86bb [/jobs]
socketio: INFO: emitting event "task update" to 20170509-172516-8f4b [/jobs]
socketio: INFO: emitting event "task update" to 20170509-172352-bfdd [/jobs]
socketio: INFO: emitting event "task update" to 20170509-172412-e6f0 [/jobs]
socketio: INFO: emitting event "task update" to 20170509-173329-1cea [/jobs]
socketio: INFO: emitting event "task update" to 20170509-173229-c795 [/jobs]
socketio: INFO: emitting event "task update" to 20170509-172202-9230 [/jobs]
socketio: INFO: emitting event "task update" to 20170509-173331-d237 [/jobs]
socketio: INFO: emitting event "task update" to 20170509-172317-7da8 [/jobs]
socketio: INFO: emitting event "task update" to 20170509-173008-ee07 [/jobs]
socketio: INFO: emitting event "task update" to 20170509-172210-1907 [/jobs]
socketio: INFO: emitting event "task update" to 20170509-173333-e98b [/jobs]
socketio: INFO: emitting event "task update" to 20170509-172825-84c5 [/jobs]
socketio: INFO: emitting event "task update" to 20170509-173335-6067 [/jobs]
socketio: INFO: emitting event "task update" to 20170509-172147-4505 [/jobs]
socketio: INFO: emitting event "task update" to 20170509-173337-8532 [/jobs]
socketio: INFO: emitting event "task update" to 20170509-172907-6ffa [/jobs]
socketio: INFO: emitting event "task update" to 20170509-172339-dc52 [/jobs]
socketio: INFO: emitting event "task update" to 20170509-172625-e177 [/jobs]
socketio: INFO: emitting event "task update" to 20170509-173316-5f8a [/jobs]
socketio: INFO: emitting event "task update" to 20170509-173318-416e [/jobs]
socketio: INFO: emitting event "task update" to 20170509-173415-8046 [/jobs]
socketio: INFO: emitting event "task update" to 20170509-173027-0946 [/jobs]
socketio: INFO: emitting event "task update" to 20170509-172218-c9c0 [/jobs]
socketio: INFO: emitting event "task update" to 20170509-172328-6826 [/jobs]
socketio: INFO: emitting event "task update" to 20170509-173403-2593 [/jobs]
socketio: INFO: emitting event "task update" to 20170509-174313-cb2c [/jobs]
socketio: INFO: emitting event "task update" to 20170509-172344-9606 [/jobs]
socketio: INFO: emitting event "task update" to 20170509-172430-a33c [/jobs]
socketio: INFO: emitting event "task update" to 20170509-172605-0fd8 [/jobs]
socketio: INFO: emitting event "task update" to 20170509-172706-cfe6 [/jobs]
socketio: INFO: emitting event "task update" to 20170509-173209-48ad [/jobs]
socketio: INFO: emitting event "task update" to 20170509-173320-66e3 [/jobs]
socketio: INFO: emitting event "task update" to 20170509-172927-67d2 [/jobs]
socketio: INFO: emitting event "task update" to 20170509-173515-e8bf [/jobs]
socketio: INFO: emitting event "task update" to 20170509-172524-d7c0 [/jobs]
socketio: INFO: emitting event "task update" to 20170509-172419-2d22 [/jobs]
socketio: INFO: emitting event "task update" to 20170509-172337-f1aa [/jobs]
socketio: INFO: emitting event "task update" to 20170509-173228-acad [/jobs]
socketio: INFO: emitting event "task update" to 20170509-172350-6fcd [/jobs]
socketio: INFO: emitting event "task update" to 20170509-173357-1ed1 [/jobs]
socketio: INFO: emitting event "task update" to 20170509-172259-8252 [/jobs]
socketio: INFO: emitting event "task update" to 20170509-173322-0807 [/jobs]
socketio: INFO: emitting event "task update" to 20170509-172114-d063 [/jobs]
socketio: INFO: emitting event "task update" to 20170509-172323-89b4 [/jobs]
socketio: INFO: emitting event "task update" to 20170509-174411-45b4 [/jobs]
digits.webapp: WARNING: Create train_db DB unrecognized output: WARNING: log_file config option not found - no log file is being saved
digits.webapp: WARNING: Create train_db DB unrecognized output: 2017-05-09 17:45:04 [INFO ] Generic DB creation Done
digits.webapp: WARNING: Create val_db DB unrecognized output: WARNING: log_file config option not found - no log file is being saved
digits.webapp: WARNING: Create val_db DB unrecognized output: 2017-05-09 17:45:04 [INFO ] Generic DB creation Done
socketio: INFO: emitting event "task update" to 20170509-173300-0377 [/jobs]
socketio: INFO: emitting event "task update" to 20170509-173245-3417 [/jobs]
socketio: INFO: emitting event "task update" to 20170509-173324-49b0 [/jobs]
digits.webapp: INFO: Create train_db DB task completed.
socketio: INFO: emitting event "task update" to 20170509-174501-dfa4 [/jobs]
socketio: INFO: emitting event "job update" to job_management [/jobs]
socketio: INFO: emitting event "task update" to 20170509-174501-dfa4 [/jobs]
socketio: INFO: emitting event "job update" to 20170509-174501-dfa4 [/jobs]
socketio: INFO: emitting event "job update" to job_management [/jobs]
socketio: INFO: emitting event "server update" to job_management [/jobs]
socketio: INFO: emitting event "task update" to 20170509-172342-e0ef [/jobs]
socketio: INFO: emitting event "task update" to 20170509-173108-a6ff [/jobs]
socketio: INFO: emitting event "task update" to 20170509-172725-6a13 [/jobs]
socketio: INFO: emitting event "task update" to 20170509-172806-b5bc [/jobs]
socketio: INFO: emitting event "task update" to 20170509-172227-0156 [/jobs]
socketio: INFO: emitting event "server update" to job_management [/jobs]
socketio: INFO: emitting event "task update" to 20170509-174451-4b24 [/jobs]
socketio: INFO: emitting event "task update" to 20170509-172334-9d18 [/jobs]
socketio: INFO: emitting event "task update" to 20170509-173128-33ce [/jobs]
digits.webapp: INFO: Create test_db DB task started.
socketio: INFO: emitting event "task update" to 20170509-174501-dfa4 [/jobs]
socketio: INFO: emitting event "job update" to 20170509-174501-dfa4 [/jobs]
socketio: INFO: emitting event "job update" to job_management [/jobs]
digits.webapp: INFO: Task subprocess args: "/usr/bin/python2 /home/ethan/digits_GAN/digits/tools/create_generic_db.py 20170509-174501-dfa4 --stage=test_db --jobs_dir=/tmp/tmpX3R8Ve"
digits.webapp: INFO: Create val_db DB task completed.
socketio: INFO: emitting event "task update" to 20170509-174501-dfa4 [/jobs]
socketio: INFO: emitting event "job update" to job_management [/jobs]
socketio: INFO: emitting event "task update" to 20170509-174501-dfa4 [/jobs]
socketio: INFO: emitting event "job update" to 20170509-174501-dfa4 [/jobs]
socketio: INFO: emitting event "job update" to job_management [/jobs]
socketio: INFO: emitting event "server update" to job_management [/jobs]
socketio: INFO: emitting event "task update" to 20170509-172347-b92a [/jobs]
socketio: INFO: emitting event "task update" to 20170509-173326-3e6f [/jobs]
socketio: INFO: emitting event "task update" to 20170509-172315-d38b [/jobs]
socketio: INFO: emitting event "task update" to 20170509-174340-86bb [/jobs]
socketio: INFO: emitting event "task update" to 20170509-172516-8f4b [/jobs]
socketio: INFO: emitting event "task update" to 20170509-172352-bfdd [/jobs]
socketio: INFO: emitting event "task update" to 20170509-172412-e6f0 [/jobs]
socketio: INFO: emitting event "task update" to 20170509-173329-1cea [/jobs]
socketio: INFO: emitting event "task update" to 20170509-173229-c795 [/jobs]
socketio: INFO: emitting event "task update" to 20170509-172202-9230 [/jobs]
socketio: INFO: emitting event "task update" to 20170509-173331-d237 [/jobs]
socketio: INFO: emitting event "task update" to 20170509-172317-7da8 [/jobs]
socketio: INFO: emitting event "task update" to 20170509-173008-ee07 [/jobs]
socketio: INFO: emitting event "task update" to 20170509-172210-1907 [/jobs]
socketio: INFO: emitting event "task update" to 20170509-173333-e98b [/jobs]
socketio: INFO: emitting event "task update" to 20170509-172825-84c5 [/jobs]
socketio: INFO: emitting event "task update" to 20170509-173335-6067 [/jobs]
socketio: INFO: emitting event "task update" to 20170509-172147-4505 [/jobs]
socketio: INFO: emitting event "task update" to 20170509-173337-8532 [/jobs]
socketio: INFO: emitting event "task update" to 20170509-172907-6ffa [/jobs]
socketio: INFO: emitting event "task update" to 20170509-172339-dc52 [/jobs]
socketio: INFO: emitting event "task update" to 20170509-172625-e177 [/jobs]
socketio: INFO: emitting event "task update" to 20170509-173316-5f8a [/jobs]
socketio: INFO: emitting event "task update" to 20170509-173318-416e [/jobs]
socketio: INFO: emitting event "task update" to 20170509-173415-8046 [/jobs]
socketio: INFO: emitting event "task update" to 20170509-173027-0946 [/jobs]
socketio: INFO: emitting event "task update" to 20170509-172218-c9c0 [/jobs]
socketio: INFO: emitting event "task update" to 20170509-172328-6826 [/jobs]
socketio: INFO: emitting event "task update" to 20170509-173403-2593 [/jobs]
socketio: INFO: emitting event "task update" to 20170509-174313-cb2c [/jobs]
socketio: INFO: emitting event "task update" to 20170509-172344-9606 [/jobs]
socketio: INFO: emitting event "task update" to 20170509-172430-a33c [/jobs]
socketio: INFO: emitting event "task update" to 20170509-172605-0fd8 [/jobs]
socketio: INFO: emitting event "task update" to 20170509-172706-cfe6 [/jobs]
socketio: INFO: emitting event "task update" to 20170509-173209-48ad [/jobs]
socketio: INFO: emitting event "task update" to 20170509-173320-66e3 [/jobs]
socketio: INFO: emitting event "task update" to 20170509-172927-67d2 [/jobs]
socketio: INFO: emitting event "task update" to 20170509-173515-e8bf [/jobs]
socketio: INFO: emitting event "task update" to 20170509-172524-d7c0 [/jobs]
socketio: INFO: emitting event "task update" to 20170509-172419-2d22 [/jobs]
socketio: INFO: emitting event "task update" to 20170509-172337-f1aa [/jobs]
socketio: INFO: emitting event "task update" to 20170509-173228-acad [/jobs]
socketio: INFO: emitting event "task update" to 20170509-172350-6fcd [/jobs]
socketio: INFO: emitting event "task update" to 20170509-173357-1ed1 [/jobs]
socketio: INFO: emitting event "task update" to 20170509-172259-8252 [/jobs]
socketio: INFO: emitting event "task update" to 20170509-173322-0807 [/jobs]
socketio: INFO: emitting event "task update" to 20170509-172114-d063 [/jobs]
socketio: INFO: emitting event "task update" to 20170509-172323-89b4 [/jobs]
socketio: INFO: emitting event "task update" to 20170509-174411-45b4 [/jobs]
socketio: INFO: emitting event "task update" to 20170509-173300-0377 [/jobs]
socketio: INFO: emitting event "task update" to 20170509-173245-3417 [/jobs]
socketio: INFO: emitting event "task update" to 20170509-173324-49b0 [/jobs]
socketio: INFO: emitting event "task update" to 20170509-172342-e0ef [/jobs]
socketio: INFO: emitting event "task update" to 20170509-173108-a6ff [/jobs]
socketio: INFO: emitting event "task update" to 20170509-172725-6a13 [/jobs]
socketio: INFO: emitting event "task update" to 20170509-172806-b5bc [/jobs]
socketio: INFO: emitting event "task update" to 20170509-172227-0156 [/jobs]
socketio: INFO: emitting event "task update" to 20170509-174451-4b24 [/jobs]
socketio: INFO: emitting event "task update" to 20170509-172334-9d18 [/jobs]
socketio: INFO: emitting event "task update" to 20170509-173128-33ce [/jobs]
socketio: INFO: emitting event "task update" to 20170509-172347-b92a [/jobs]
socketio: INFO: emitting event "task update" to 20170509-173326-3e6f [/jobs]
socketio: INFO: emitting event "task update" to 20170509-172315-d38b [/jobs]
socketio: INFO: emitting event "task update" to 20170509-174340-86bb [/jobs]
socketio: INFO: emitting event "task update" to 20170509-172516-8f4b [/jobs]
socketio: INFO: emitting event "task update" to 20170509-172352-bfdd [/jobs]
socketio: INFO: emitting event "task update" to 20170509-172412-e6f0 [/jobs]
socketio: INFO: emitting event "task update" to 20170509-173329-1cea [/jobs]
socketio: INFO: emitting event "task update" to 20170509-173229-c795 [/jobs]
socketio: INFO: emitting event "task update" to 20170509-172202-9230 [/jobs]
socketio: INFO: emitting event "task update" to 20170509-173331-d237 [/jobs]
socketio: INFO: emitting event "task update" to 20170509-172317-7da8 [/jobs]
socketio: INFO: emitting event "task update" to 20170509-173008-ee07 [/jobs]
socketio: INFO: emitting event "task update" to 20170509-172210-1907 [/jobs]
socketio: INFO: emitting event "task update" to 20170509-173333-e98b [/jobs]
socketio: INFO: emitting event "task update" to 20170509-172825-84c5 [/jobs]
socketio: INFO: emitting event "task update" to 20170509-173335-6067 [/jobs]
socketio: INFO: emitting event "task update" to 20170509-172147-4505 [/jobs]
socketio: INFO: emitting event "task update" to 20170509-173337-8532 [/jobs]
socketio: INFO: emitting event "task update" to 20170509-172907-6ffa [/jobs]
socketio: INFO: emitting event "task update" to 20170509-172339-dc52 [/jobs]
socketio: INFO: emitting event "task update" to 20170509-172625-e177 [/jobs]
socketio: INFO: emitting event "task update" to 20170509-173316-5f8a [/jobs]
socketio: INFO: emitting event "task update" to 20170509-173318-416e [/jobs]
socketio: INFO: emitting event "task update" to 20170509-173415-8046 [/jobs]
socketio: INFO: emitting event "task update" to 20170509-173027-0946 [/jobs]
socketio: INFO: emitting event "task update" to 20170509-172218-c9c0 [/jobs]
socketio: INFO: emitting event "task update" to 20170509-172328-6826 [/jobs]
socketio: INFO: emitting event "task update" to 20170509-173403-2593 [/jobs]
socketio: INFO: emitting event "task update" to 20170509-174313-cb2c [/jobs]
socketio: INFO: emitting event "task update" to 20170509-172344-9606 [/jobs]
socketio: INFO: emitting event "task update" to 20170509-172430-a33c [/jobs]
socketio: INFO: emitting event "task update" to 20170509-172605-0fd8 [/jobs]
socketio: INFO: emitting event "task update" to 20170509-172706-cfe6 [/jobs]
socketio: INFO: emitting event "task update" to 20170509-173209-48ad [/jobs]
socketio: INFO: emitting event "task update" to 20170509-173320-66e3 [/jobs]
socketio: INFO: emitting event "task update" to 20170509-172927-67d2 [/jobs]
socketio: INFO: emitting event "task update" to 20170509-173515-e8bf [/jobs]
socketio: INFO: emitting event "task update" to 20170509-172524-d7c0 [/jobs]
socketio: INFO: emitting event "task update" to 20170509-172419-2d22 [/jobs]
socketio: INFO: emitting event "task update" to 20170509-172337-f1aa [/jobs]
socketio: INFO: emitting event "task update" to 20170509-173228-acad [/jobs]
socketio: INFO: emitting event "task update" to 20170509-172350-6fcd [/jobs]
socketio: INFO: emitting event "task update" to 20170509-173357-1ed1 [/jobs]
socketio: INFO: emitting event "task update" to 20170509-172259-8252 [/jobs]
socketio: INFO: emitting event "task update" to 20170509-173322-0807 [/jobs]
socketio: INFO: emitting event "task update" to 20170509-172114-d063 [/jobs]
socketio: INFO: emitting event "task update" to 20170509-172323-89b4 [/jobs]
socketio: INFO: emitting event "task update" to 20170509-174411-45b4 [/jobs]
socketio: INFO: emitting event "task update" to 20170509-173300-0377 [/jobs]
socketio: INFO: emitting event "task update" to 20170509-173245-3417 [/jobs]
socketio: INFO: emitting event "task update" to 20170509-173324-49b0 [/jobs]
socketio: INFO: emitting event "task update" to 20170509-172342-e0ef [/jobs]
socketio: INFO: emitting event "task update" to 20170509-173108-a6ff [/jobs]
socketio: INFO: emitting event "task update" to 20170509-172725-6a13 [/jobs]
socketio: INFO: emitting event "task update" to 20170509-172806-b5bc [/jobs]
socketio: INFO: emitting event "task update" to 20170509-172227-0156 [/jobs]
socketio: INFO: emitting event "task update" to 20170509-174451-4b24 [/jobs]
socketio: INFO: emitting event "task update" to 20170509-172334-9d18 [/jobs]
socketio: INFO: emitting event "task update" to 20170509-173128-33ce [/jobs]
socketio: INFO: emitting event "task update" to 20170509-172347-b92a [/jobs]
socketio: INFO: emitting event "task update" to 20170509-173326-3e6f [/jobs]
socketio: INFO: emitting event "task update" to 20170509-172315-d38b [/jobs]
socketio: INFO: emitting event "task update" to 20170509-174340-86bb [/jobs]
socketio: INFO: emitting event "task update" to 20170509-172516-8f4b [/jobs]
socketio: INFO: emitting event "task update" to 20170509-172352-bfdd [/jobs]
socketio: INFO: emitting event "task update" to 20170509-172412-e6f0 [/jobs]
socketio: INFO: emitting event "task update" to 20170509-173329-1cea [/jobs]
socketio: INFO: emitting event "task update" to 20170509-173229-c795 [/jobs]
socketio: INFO: emitting event "task update" to 20170509-172202-9230 [/jobs]
socketio: INFO: emitting event "task update" to 20170509-173331-d237 [/jobs]
socketio: INFO: emitting event "task update" to 20170509-172317-7da8 [/jobs]
socketio: INFO: emitting event "task update" to 20170509-173008-ee07 [/jobs]
socketio: INFO: emitting event "task update" to 20170509-172210-1907 [/jobs]
socketio: INFO: emitting event "task update" to 20170509-173333-e98b [/jobs]
socketio: INFO: emitting event "task update" to 20170509-172825-84c5 [/jobs]
socketio: INFO: emitting event "task update" to 20170509-173335-6067 [/jobs]
socketio: INFO: emitting event "task update" to 20170509-172147-4505 [/jobs]
socketio: INFO: emitting event "task update" to 20170509-173337-8532 [/jobs]
socketio: INFO: emitting event "task update" to 20170509-172907-6ffa [/jobs]
socketio: INFO: emitting event "task update" to 20170509-172339-dc52 [/jobs]
socketio: INFO: emitting event "task update" to 20170509-172625-e177 [/jobs]
socketio: INFO: emitting event "task update" to 20170509-173316-5f8a [/jobs]
socketio: INFO: emitting event "task update" to 20170509-173318-416e [/jobs]
socketio: INFO: emitting event "task update" to 20170509-173415-8046 [/jobs]
socketio: INFO: emitting event "task update" to 20170509-173027-0946 [/jobs]
socketio: INFO: emitting event "task update" to 20170509-172218-c9c0 [/jobs]
socketio: INFO: emitting event "task update" to 20170509-172328-6826 [/jobs]
socketio: INFO: emitting event "task update" to 20170509-173403-2593 [/jobs]
socketio: INFO: emitting event "task update" to 20170509-174313-cb2c [/jobs]
socketio: INFO: emitting event "task update" to 20170509-172344-9606 [/jobs]
socketio: INFO: emitting event "task update" to 20170509-172430-a33c [/jobs]
socketio: INFO: emitting event "task update" to 20170509-172605-0fd8 [/jobs]
socketio: INFO: emitting event "task update" to 20170509-172706-cfe6 [/jobs]
socketio: INFO: emitting event "task update" to 20170509-173209-48ad [/jobs]
socketio: INFO: emitting event "task update" to 20170509-173320-66e3 [/jobs]
socketio: INFO: emitting event "task update" to 20170509-172927-67d2 [/jobs]
socketio: INFO: emitting event "task update" to 20170509-173515-e8bf [/jobs]
socketio: INFO: emitting event "task update" to 20170509-172524-d7c0 [/jobs]
socketio: INFO: emitting event "task update" to 20170509-172419-2d22 [/jobs]
socketio: INFO: emitting event "task update" to 20170509-172337-f1aa [/jobs]
socketio: INFO: emitting event "task update" to 20170509-173228-acad [/jobs]
socketio: INFO: emitting event "task update" to 20170509-172350-6fcd [/jobs]
socketio: INFO: emitting event "task update" to 20170509-173357-1ed1 [/jobs]
socketio: INFO: emitting event "task update" to 20170509-172259-8252 [/jobs]
socketio: INFO: emitting event "task update" to 20170509-173322-0807 [/jobs]
socketio: INFO: emitting event "task update" to 20170509-172114-d063 [/jobs]
socketio: INFO: emitting event "task update" to 20170509-172323-89b4 [/jobs]
socketio: INFO: emitting event "task update" to 20170509-174411-45b4 [/jobs]
socketio: INFO: emitting event "task update" to 20170509-173300-0377 [/jobs]
socketio: INFO: emitting event "task update" to 20170509-173245-3417 [/jobs]
digits.webapp: WARNING: Create test_db DB unrecognized output: WARNING: log_file config option not found - no log file is being saved
socketio: INFO: emitting event "task update" to 20170509-173324-49b0 [/jobs]
socketio: INFO: emitting event "task update" to 20170509-174501-dfa4 [/jobs]
socketio: INFO: emitting event "job update" to job_management [/jobs]
digits.webapp: WARNING: Create test_db DB unrecognized output: 2017-05-09 17:45:07 [INFO ] Generic DB creation Done
socketio: INFO: emitting event "task update" to 20170509-172342-e0ef [/jobs]
socketio: INFO: emitting event "task update" to 20170509-173108-a6ff [/jobs]
socketio: INFO: emitting event "task update" to 20170509-172725-6a13 [/jobs]
socketio: INFO: emitting event "task update" to 20170509-172806-b5bc [/jobs]
socketio: INFO: emitting event "task update" to 20170509-172227-0156 [/jobs]
socketio: INFO: emitting event "task update" to 20170509-174451-4b24 [/jobs]
socketio: INFO: emitting event "task update" to 20170509-172334-9d18 [/jobs]
socketio: INFO: emitting event "task update" to 20170509-173128-33ce [/jobs]
digits.webapp: INFO: Create test_db DB task completed.
socketio: INFO: emitting event "task update" to 20170509-174501-dfa4 [/jobs]
socketio: INFO: emitting event "job update" to job_management [/jobs]
socketio: INFO: emitting event "task update" to 20170509-174501-dfa4 [/jobs]
socketio: INFO: emitting event "job update" to 20170509-174501-dfa4 [/jobs]
socketio: INFO: emitting event "job update" to job_management [/jobs]
socketio: INFO: emitting event "server update" to job_management [/jobs]
socketio: INFO: emitting event "job update" to job_management [/jobs]
socketio: INFO: emitting event "job update" to 20170509-174501-dfa4 [/jobs]
socketio: INFO: emitting event "job update" to job_management [/jobs]
digits: INFO: Job complete.
socketio: INFO: emitting event "job update" to job_management [/jobs]
socketio: INFO: emitting event "job update" to 20170509-174508-19ac [/jobs]
socketio: INFO: emitting event "job update" to job_management [/jobs]
socketio: INFO: emitting event "server update" to job_management [/jobs]
socketio: INFO: emitting event "server update" to job_management [/jobs]
digits.webapp: INFO: Infer Model task started.
socketio: INFO: emitting event "task update" to 20170509-174508-19ac [/jobs]
socketio: INFO: emitting event "job update" to 20170509-174508-19ac [/jobs]
socketio: INFO: emitting event "job update" to job_management [/jobs]
digits.webapp: INFO: Task subprocess args: "/usr/bin/python2 /home/ethan/digits_GAN/digits/tools/inference.py /tmp/tmpX3R8Ve/20170509-174501-dfa4/test_db/features /tmp/tmpX3R8Ve/20170509-174508-19ac 20170509-174451-4b24 --jobs_dir=/tmp/tmpX3R8Ve --layers=none --gpu=0 --db --no-resize"
socketio: INFO: emitting event "task update" to 20170509-172347-b92a [/jobs]
socketio: INFO: emitting event "task update" to 20170509-173326-3e6f [/jobs]
socketio: INFO: emitting event "task update" to 20170509-172315-d38b [/jobs]
socketio: INFO: emitting event "task update" to 20170509-174340-86bb [/jobs]
socketio: INFO: emitting event "task update" to 20170509-172516-8f4b [/jobs]
socketio: INFO: emitting event "task update" to 20170509-172352-bfdd [/jobs]
socketio: INFO: emitting event "task update" to 20170509-172412-e6f0 [/jobs]
socketio: INFO: emitting event "task update" to 20170509-173329-1cea [/jobs]
socketio: INFO: emitting event "task update" to 20170509-173229-c795 [/jobs]
socketio: INFO: emitting event "task update" to 20170509-172202-9230 [/jobs]
socketio: INFO: emitting event "task update" to 20170509-173331-d237 [/jobs]
socketio: INFO: emitting event "task update" to 20170509-172317-7da8 [/jobs]
socketio: INFO: emitting event "task update" to 20170509-173008-ee07 [/jobs]
socketio: INFO: emitting event "task update" to 20170509-172210-1907 [/jobs]
socketio: INFO: emitting event "task update" to 20170509-173333-e98b [/jobs]
socketio: INFO: emitting event "task update" to 20170509-172825-84c5 [/jobs]
socketio: INFO: emitting event "task update" to 20170509-173335-6067 [/jobs]
socketio: INFO: emitting event "task update" to 20170509-172147-4505 [/jobs]
socketio: INFO: emitting event "task update" to 20170509-173337-8532 [/jobs]
socketio: INFO: emitting event "task update" to 20170509-172907-6ffa [/jobs]
socketio: INFO: emitting event "task update" to 20170509-172339-dc52 [/jobs]
socketio: INFO: emitting event "task update" to 20170509-172625-e177 [/jobs]
socketio: INFO: emitting event "task update" to 20170509-173316-5f8a [/jobs]
socketio: INFO: emitting event "task update" to 20170509-173318-416e [/jobs]
socketio: INFO: emitting event "task update" to 20170509-173415-8046 [/jobs]
socketio: INFO: emitting event "task update" to 20170509-173027-0946 [/jobs]
socketio: INFO: emitting event "task update" to 20170509-172218-c9c0 [/jobs]
socketio: INFO: emitting event "task update" to 20170509-172328-6826 [/jobs]
socketio: INFO: emitting event "task update" to 20170509-173403-2593 [/jobs]
socketio: INFO: emitting event "task update" to 20170509-174313-cb2c [/jobs]
socketio: INFO: emitting event "task update" to 20170509-172344-9606 [/jobs]
socketio: INFO: emitting event "task update" to 20170509-172430-a33c [/jobs]
socketio: INFO: emitting event "task update" to 20170509-172605-0fd8 [/jobs]
socketio: INFO: emitting event "task update" to 20170509-172706-cfe6 [/jobs]
socketio: INFO: emitting event "task update" to 20170509-173209-48ad [/jobs]
socketio: INFO: emitting event "task update" to 20170509-173320-66e3 [/jobs]
socketio: INFO: emitting event "task update" to 20170509-172927-67d2 [/jobs]
socketio: INFO: emitting event "task update" to 20170509-173515-e8bf [/jobs]
socketio: INFO: emitting event "task update" to 20170509-172524-d7c0 [/jobs]
socketio: INFO: emitting event "task update" to 20170509-172419-2d22 [/jobs]
socketio: INFO: emitting event "task update" to 20170509-172337-f1aa [/jobs]
socketio: INFO: emitting event "task update" to 20170509-173228-acad [/jobs]
socketio: INFO: emitting event "task update" to 20170509-172350-6fcd [/jobs]
socketio: INFO: emitting event "task update" to 20170509-173357-1ed1 [/jobs]
socketio: INFO: emitting event "task update" to 20170509-172259-8252 [/jobs]
socketio: INFO: emitting event "task update" to 20170509-173322-0807 [/jobs]
socketio: INFO: emitting event "task update" to 20170509-172114-d063 [/jobs]
socketio: INFO: emitting event "task update" to 20170509-172323-89b4 [/jobs]
socketio: INFO: emitting event "task update" to 20170509-174411-45b4 [/jobs]
socketio: INFO: emitting event "task update" to 20170509-173300-0377 [/jobs]
socketio: INFO: emitting event "task update" to 20170509-173245-3417 [/jobs]
socketio: INFO: emitting event "task update" to 20170509-173324-49b0 [/jobs]
socketio: INFO: emitting event "task update" to 20170509-172342-e0ef [/jobs]
socketio: INFO: emitting event "task update" to 20170509-173108-a6ff [/jobs]
socketio: INFO: emitting event "task update" to 20170509-172725-6a13 [/jobs]
socketio: INFO: emitting event "task update" to 20170509-172806-b5bc [/jobs]
socketio: INFO: emitting event "task update" to 20170509-172227-0156 [/jobs]
socketio: INFO: emitting event "task update" to 20170509-174451-4b24 [/jobs]
socketio: INFO: emitting event "task update" to 20170509-172334-9d18 [/jobs]
socketio: INFO: emitting event "task update" to 20170509-173128-33ce [/jobs]
socketio: INFO: emitting event "task update" to 20170509-172347-b92a [/jobs]
socketio: INFO: emitting event "task update" to 20170509-173326-3e6f [/jobs]
socketio: INFO: emitting event "task update" to 20170509-172315-d38b [/jobs]
socketio: INFO: emitting event "task update" to 20170509-174340-86bb [/jobs]
socketio: INFO: emitting event "task update" to 20170509-172516-8f4b [/jobs]
socketio: INFO: emitting event "task update" to 20170509-172352-bfdd [/jobs]
socketio: INFO: emitting event "task update" to 20170509-172412-e6f0 [/jobs]
socketio: INFO: emitting event "task update" to 20170509-173329-1cea [/jobs]
socketio: INFO: emitting event "task update" to 20170509-173229-c795 [/jobs]
socketio: INFO: emitting event "task update" to 20170509-172202-9230 [/jobs]
socketio: INFO: emitting event "task update" to 20170509-173331-d237 [/jobs]
socketio: INFO: emitting event "task update" to 20170509-172317-7da8 [/jobs]
socketio: INFO: emitting event "task update" to 20170509-173008-ee07 [/jobs]
socketio: INFO: emitting event "task update" to 20170509-172210-1907 [/jobs]
socketio: INFO: emitting event "task update" to 20170509-173333-e98b [/jobs]
socketio: INFO: emitting event "task update" to 20170509-172825-84c5 [/jobs]
socketio: INFO: emitting event "task update" to 20170509-173335-6067 [/jobs]
socketio: INFO: emitting event "task update" to 20170509-172147-4505 [/jobs]
socketio: INFO: emitting event "task update" to 20170509-173337-8532 [/jobs]
socketio: INFO: emitting event "task update" to 20170509-172907-6ffa [/jobs]
socketio: INFO: emitting event "task update" to 20170509-172339-dc52 [/jobs]
socketio: INFO: emitting event "task update" to 20170509-172625-e177 [/jobs]
socketio: INFO: emitting event "task update" to 20170509-173316-5f8a [/jobs]
socketio: INFO: emitting event "task update" to 20170509-173318-416e [/jobs]
socketio: INFO: emitting event "task update" to 20170509-173415-8046 [/jobs]
socketio: INFO: emitting event "task update" to 20170509-173027-0946 [/jobs]
socketio: INFO: emitting event "task update" to 20170509-172218-c9c0 [/jobs]
socketio: INFO: emitting event "task update" to 20170509-172328-6826 [/jobs]
socketio: INFO: emitting event "task update" to 20170509-173403-2593 [/jobs]
socketio: INFO: emitting event "task update" to 20170509-174313-cb2c [/jobs]
socketio: INFO: emitting event "task update" to 20170509-172344-9606 [/jobs]
socketio: INFO: emitting event "task update" to 20170509-172430-a33c [/jobs]
socketio: INFO: emitting event "task update" to 20170509-172605-0fd8 [/jobs]
socketio: INFO: emitting event "task update" to 20170509-172706-cfe6 [/jobs]
socketio: INFO: emitting event "task update" to 20170509-173209-48ad [/jobs]
socketio: INFO: emitting event "task update" to 20170509-173320-66e3 [/jobs]
socketio: INFO: emitting event "task update" to 20170509-172927-67d2 [/jobs]
socketio: INFO: emitting event "task update" to 20170509-173515-e8bf [/jobs]
socketio: INFO: emitting event "task update" to 20170509-172524-d7c0 [/jobs]
socketio: INFO: emitting event "task update" to 20170509-172419-2d22 [/jobs]
socketio: INFO: emitting event "task update" to 20170509-172337-f1aa [/jobs]
socketio: INFO: emitting event "task update" to 20170509-173228-acad [/jobs]
socketio: INFO: emitting event "task update" to 20170509-172350-6fcd [/jobs]
socketio: INFO: emitting event "task update" to 20170509-173357-1ed1 [/jobs]
socketio: INFO: emitting event "task update" to 20170509-172259-8252 [/jobs]
socketio: INFO: emitting event "task update" to 20170509-173322-0807 [/jobs]
socketio: INFO: emitting event "task update" to 20170509-172114-d063 [/jobs]
socketio: INFO: emitting event "task update" to 20170509-172323-89b4 [/jobs]
socketio: INFO: emitting event "task update" to 20170509-174411-45b4 [/jobs]
socketio: INFO: emitting event "task update" to 20170509-173300-0377 [/jobs]
socketio: INFO: emitting event "task update" to 20170509-173245-3417 [/jobs]
socketio: INFO: emitting event "task update" to 20170509-173324-49b0 [/jobs]
socketio: INFO: emitting event "task update" to 20170509-172342-e0ef [/jobs]
socketio: INFO: emitting event "task update" to 20170509-173108-a6ff [/jobs]
socketio: INFO: emitting event "task update" to 20170509-172725-6a13 [/jobs]
socketio: INFO: emitting event "task update" to 20170509-172806-b5bc [/jobs]
socketio: INFO: emitting event "task update" to 20170509-172227-0156 [/jobs]
socketio: INFO: emitting event "task update" to 20170509-174451-4b24 [/jobs]
socketio: INFO: emitting event "task update" to 20170509-172334-9d18 [/jobs]
socketio: INFO: emitting event "task update" to 20170509-173128-33ce [/jobs]
socketio: INFO: emitting event "task update" to 20170509-172347-b92a [/jobs]
socketio: INFO: emitting event "task update" to 20170509-173326-3e6f [/jobs]
socketio: INFO: emitting event "task update" to 20170509-172315-d38b [/jobs]
socketio: INFO: emitting event "task update" to 20170509-174340-86bb [/jobs]
socketio: INFO: emitting event "task update" to 20170509-172516-8f4b [/jobs]
socketio: INFO: emitting event "task update" to 20170509-172352-bfdd [/jobs]
socketio: INFO: emitting event "task update" to 20170509-172412-e6f0 [/jobs]
socketio: INFO: emitting event "task update" to 20170509-173329-1cea [/jobs]
socketio: INFO: emitting event "task update" to 20170509-173229-c795 [/jobs]
socketio: INFO: emitting event "task update" to 20170509-172202-9230 [/jobs]
socketio: INFO: emitting event "task update" to 20170509-173331-d237 [/jobs]
socketio: INFO: emitting event "task update" to 20170509-172317-7da8 [/jobs]
socketio: INFO: emitting event "task update" to 20170509-173008-ee07 [/jobs]
socketio: INFO: emitting event "task update" to 20170509-172210-1907 [/jobs]
socketio: INFO: emitting event "task update" to 20170509-173333-e98b [/jobs]
socketio: INFO: emitting event "task update" to 20170509-172825-84c5 [/jobs]
socketio: INFO: emitting event "task update" to 20170509-173335-6067 [/jobs]
socketio: INFO: emitting event "task update" to 20170509-172147-4505 [/jobs]
socketio: INFO: emitting event "task update" to 20170509-173337-8532 [/jobs]
socketio: INFO: emitting event "task update" to 20170509-172907-6ffa [/jobs]
socketio: INFO: emitting event "task update" to 20170509-172339-dc52 [/jobs]
socketio: INFO: emitting event "task update" to 20170509-172625-e177 [/jobs]
socketio: INFO: emitting event "task update" to 20170509-173316-5f8a [/jobs]
socketio: INFO: emitting event "task update" to 20170509-173318-416e [/jobs]
socketio: INFO: emitting event "task update" to 20170509-173415-8046 [/jobs]
socketio: INFO: emitting event "task update" to 20170509-173027-0946 [/jobs]
socketio: INFO: emitting event "task update" to 20170509-172218-c9c0 [/jobs]
socketio: INFO: emitting event "task update" to 20170509-172328-6826 [/jobs]
socketio: INFO: emitting event "task update" to 20170509-173403-2593 [/jobs]
socketio: INFO: emitting event "task update" to 20170509-174313-cb2c [/jobs]
socketio: INFO: emitting event "task update" to 20170509-172344-9606 [/jobs]
socketio: INFO: emitting event "task update" to 20170509-172430-a33c [/jobs]
socketio: INFO: emitting event "task update" to 20170509-172605-0fd8 [/jobs]
socketio: INFO: emitting event "task update" to 20170509-172706-cfe6 [/jobs]
socketio: INFO: emitting event "task update" to 20170509-173209-48ad [/jobs]
socketio: INFO: emitting event "task update" to 20170509-173320-66e3 [/jobs]
socketio: INFO: emitting event "task update" to 20170509-172927-67d2 [/jobs]
socketio: INFO: emitting event "task update" to 20170509-173515-e8bf [/jobs]
socketio: INFO: emitting event "task update" to 20170509-172524-d7c0 [/jobs]
socketio: INFO: emitting event "task update" to 20170509-172419-2d22 [/jobs]
socketio: INFO: emitting event "task update" to 20170509-172337-f1aa [/jobs]
socketio: INFO: emitting event "task update" to 20170509-173228-acad [/jobs]
socketio: INFO: emitting event "task update" to 20170509-172350-6fcd [/jobs]
socketio: INFO: emitting event "task update" to 20170509-173357-1ed1 [/jobs]
socketio: INFO: emitting event "task update" to 20170509-172259-8252 [/jobs]
socketio: INFO: emitting event "task update" to 20170509-173322-0807 [/jobs]
socketio: INFO: emitting event "task update" to 20170509-172114-d063 [/jobs]
socketio: INFO: emitting event "task update" to 20170509-172323-89b4 [/jobs]
socketio: INFO: emitting event "task update" to 20170509-174411-45b4 [/jobs]
socketio: INFO: emitting event "task update" to 20170509-173300-0377 [/jobs]
socketio: INFO: emitting event "task update" to 20170509-173245-3417 [/jobs]
socketio: INFO: emitting event "task update" to 20170509-173324-49b0 [/jobs]
socketio: INFO: emitting event "task update" to 20170509-172342-e0ef [/jobs]
socketio: INFO: emitting event "task update" to 20170509-173108-a6ff [/jobs]
socketio: INFO: emitting event "task update" to 20170509-172725-6a13 [/jobs]
socketio: INFO: emitting event "task update" to 20170509-172806-b5bc [/jobs]
socketio: INFO: emitting event "task update" to 20170509-172227-0156 [/jobs]
digits.webapp: WARNING: Infer Model unrecognized output: WARNING: log_file config option not found - no log file is being saved
digits.webapp: WARNING: Infer Model unrecognized output: 2017-05-09 17:45:10 [ERROR] InferenceError: Unable to find snapshot for epoch=-1.0
digits.webapp: WARNING: Infer Model unrecognized output: Traceback (most recent call last):
digits.webapp: WARNING: Infer Model unrecognized output: File "/home/ethan/digits_GAN/digits/tools/inference.py", line 293, in <module>
digits.webapp: WARNING: Infer Model unrecognized output: args['resize']
digits.webapp: WARNING: Infer Model unrecognized output: File "/home/ethan/digits_GAN/digits/tools/inference.py", line 79, in infer
digits.webapp: WARNING: Infer Model unrecognized output: raise InferenceError("Unable to find snapshot for epoch=%s" % repr(epoch))
digits.webapp: WARNING: Infer Model unrecognized output: digits.inference.errors.InferenceError: 'Unable to find snapshot for epoch=-1.0'
socketio: INFO: emitting event "task update" to 20170509-174451-4b24 [/jobs]
socketio: INFO: emitting event "task update" to 20170509-172334-9d18 [/jobs]
socketio: INFO: emitting event "task update" to 20170509-173128-33ce [/jobs]
digits.webapp: ERROR: Infer Model task failed with error code 1
socketio: INFO: emitting event "task update" to 20170509-174508-19ac [/jobs]
socketio: INFO: emitting event "job update" to 20170509-174508-19ac [/jobs]
socketio: INFO: emitting event "job update" to job_management [/jobs]
socketio: INFO: emitting event "server update" to job_management [/jobs]
socketio: INFO: emitting event "server update" to job_management [/jobs]
socketio: INFO: emitting event "job update" to 20170509-174508-19ac [/jobs]
socketio: INFO: emitting event "job update" to job_management [/jobs]
digits: INFO: Job deleted.
socketio: INFO: emitting event "job update" to job_management [/jobs]
digits: INFO: Job deleted.
socketio: INFO: emitting event "job update" to job_management [/jobs]
--------------------- >> end captured logging << ---------------------

======================================================================
FAIL: digits.model.images.generic.test_views.TestTensorflowCreatedWithGradientDataExtensionNoValSet.test_infer_many
----------------------------------------------------------------------
Traceback (most recent call last):
  File "/home/ethan/.local/lib/python2.7/site-packages/nose/case.py", line 197, in runTest
    self.test(*self.arg)
  File "/home/ethan/digits_GAN/digits/model/images/generic/test_views.py", line 626, in test_infer_many
    assert rv.status_code == 200, 'POST failed with %s\n\n%s' % (rv.status_code, body)
AssertionError: POST failed with 500

[<body>\n<div class="navbar navbar-inverse navbar-fixed-top">\n<div class="container">\n<div class="navbar-header">\n<a class="navbar-brand" href="/">DIGITS</a>\n</div>\n<ul class="nav navbar-nav">\n<li><a href="/models/20170509-174451-4b24">test_model</a></li>\n<li class="active"><a>Test Many</a></li>\n</ul>\n<ul class="nav navbar-nav navbar-right">\n<li>\n<p class="navbar-text">\n            digits-testsuite (<a class="navbar-link" href="/logout">Logout</a>)\n            </p>\n</li>\n<li class="dropdown">\n<a class="dropdown-toggle" data-toggle="dropdown" href="#">Info<span class="caret"></span></a>\n<ul class="dropdown-menu navbar-inverse">\n<li><span class="navbar-text">Server: ethan-computer</span></li>\n<li><span class="navbar-text">DIGITS version: <br> 5.1-dev</br></span></li>\n<li><span class="navbar-text">Caffe version: <br> 0.15.13</br></span></li>\n<li><span class="navbar-text">Caffe flavor: <br> NVIDIA</br></span></li>\n</ul>\n</li>\n<li class="dropdown">\n<a class="dropdown-toggle" data-toggle="dropdown" href="#">About<span class="caret"></span></a>\n<ul class="dropdown-menu about-menu navbar-inverse">\n<li><span class="navbar-text"><a href="https://developer.nvidia.com/digits" target="_blank">\n                        DIGITS on developer.nvidia.com\n                    </a></span></li>\n<li><span class="navbar-text"><a href="https://github.com/NVIDIA/DIGITS" target="_blank">\n                        DIGITS on GitHub\n                    </a></span></li>\n<li><span class="navbar-text"><a href="https://groups.google.com/d/forum/digits-users" target="_blank">\n                        DIGITS user group\n                    </a></span></li>\n<li><span class="navbar-text"><a href="mailto:digits@nvidia.com">\n                        digits@nvidia.com\n                    </a></span></li>\n</ul>\n</li>\n</ul>\n</div>\n</div>\n<div class="container">\n<div class="jumbotron">\n<div class="container">\n<div class="row">\n<div class="col-sm-12" id="show-job-name">\n<h2 style="display:inline;">Infer Many Images</h2>\n</div>\n<div class="col-sm-4" id="edit-job-name" style="display:none;">\n<script>\nfunction updateJobName() {\n    var newName = $("input[name=job-name]").val();\n    $.ajax("/jobs/20170509-174511-eaae",\n            {\n                type: "PUT",\n                data: {"job_name": newName}\n                }\n          )\n    .done(function() {\n            $("#show-job-name h2").html(newName);\n            $('#edit-job-name').hide(); $('#show-job-name').show();\n            })\n    .fail(function(data) { errorAlert(data); });\n    return false;\n}\n                </script>\n<input class="form-control" name="job-name" value="Infer Many Images"/>\n<a class="btn btn-primary" href="#" onclick="return updateJobName();">Update</a>\n<a class="btn btn-info" href="#" onclick="$('#edit-job-name').hide(); $('#show-job-name').show(); return false;">Cancel</a>\n</div>\n</div>\n<small>Owner: digits-testsuite</small>\n<div class="pull-right">\n<a class="btn btn-info" disabled="" id="clone-job">Clone Job</a>\n<a class="btn btn-warning hidden disabled" id="abort-job">Abort Job</a>\n<a class="btn btn-danger disabled" id="delete-job">Delete Job</a>\n</div>\n</div>\n<script>\n$('#abort-job').on('click', function(event) {\n        event.preventDefault();\n        bootbox.confirm(\n            'Are you sure you want to abort this job?',\n            function(result) {\n                if (result)\n                    $.ajax("/jobs/20170509-174511-eaae/abort",\n                        {type: "POST"})\n                    .done(function() {\n                        $("#abort-job").hide();\n                        })\n                    .fail(function(data) { errorAlert(data); });\n            });\n        });\n\n$('#delete-job').on('click', function(event) {\n        event.preventDefault();\n        bootbox.confirm(\n            'Are you sure you want to delete this job?<br><br>All related files will be permanently removed.',\n            function(result) {\n                if (result)\n                    $.ajax("/jobs/20170509-174511-eaae",\n                        {type: "DELETE"})\n                    .done(function() {\n                        window.location = "/";\n                        })\n                    .fail(function(data) { errorAlert(data); });\n            });\n        });\n    </script>\n</div>\n<div class="row">\n<!-- Job content -->\n<div class="col-sm-8">\n<div class="page-header">\n<h1>\n        test_model\n        <small>\n            Image Inference\n        </small>\n</h1>\n</div>\n</div>\n<!-- Tasks -->\n<div class="col-sm-4">\n<div class="panel-group">\n<div class="panel panel-danger" id="job-statuses">\n<div class="panel-heading">\n<h4 class="panel-title">\n                    Job Status\n                    <small>Error</small>\n</h4>\n</div>\n<div class="panel-collapse">\n<div class="panel-body">\n<div class="job-statuses">\n<ul>\n<li>\n<span class="text-warning">Initialized</span>\n        at 05:45:11 PM\n            <small>(0 seconds)</small>\n</li>\n<li>\n<span class="text-info">Running</span>\n        at 05:45:11 PM\n            <small>(3 seconds)</small>\n</li>\n<li>\n<span class="text-danger">Error</span>\n        at 05:45:14 PM\n            <br>\n<small>(Total - 3 seconds)</small>\n</br></li>\n</ul>\n</div>\n<div class="panel-group">\n<div class="panel panel-danger" id="task-140099411686160-status">\n<div class="panel-heading">\n<h4 class="panel-title">\n<a data-toggle="collapse" href="#task-140099411686160-status-collapse">\n                                            Infer Model\n                                            <small>Error</small>\n<span class="caret"></span>\n</a>\n</h4>\n</div>\n<div class="panel-collapse collapse in" id="task-140099411686160-status-collapse">\n<div class="panel-body">\n<div class="task-progress" style="display:none;">\n<div class="progress">\n<div class="progress-bar" style="width:0%">\n                                                    0%\n                                                </div>\n</div>\n                                            Estimated time remaining: <span class="task-eta">?</span>\n<br/>\n<br/>\n</div>\n<div class="task-statuses">\n<ul>\n<li>\n<span class="text-warning">Initialized</span>\n        at 05:45:11 PM\n            <small>(0 seconds)</small>\n</li>\n<li>\n<span class="text-info">Running</span>\n        at 05:45:11 PM\n            <small>(3 seconds)</small>\n</li>\n<li>\n<span class="text-danger">Error</span>\n        at 05:45:14 PM\n            <br>\n<small>(Total - 3 seconds)</small>\n</br></li>\n</ul>\n<h4 class="text-danger">ERROR: error code 1</h4>\n<pre>\nWARNING: log_file config option not found - no log file is being saved\n2017-05-09 17:45:13 [ERROR] InferenceError: Unable to find snapshot for epoch=-1.0\nTraceback (most recent call last):\nFile "/home/ethan/digits_GAN/digits/tools/inference.py", line 293, in &lt;module&gt;\nargs['resize']\nFile "/home/ethan/digits_GAN/digits/tools/inference.py", line 79, in infer\nraise InferenceError("Unable to find snapshot for epoch=%s" % repr(epoch))\ndigits.inference.errors.InferenceError: 'Unable to find snapshot for epoch=-1.0'\n        </pre>\n</div>\n</div>\n</div>\n</div>\n</div>\n</div>\n</div>\n</div>\n</div>\n<div class="gpu-utilization-info" style="display:none;"></div>\n<!-- Related jobs -->\n<div class="panel panel-default" id="notes-information">\n<div class="panel-heading">\n<h4>Notes</h4>\n</div>\n<div class="panel-body">\n<div class="col-sm-12" id="show-job-notes">\n<p style="display:inline;">None</p>\n</div>\n<div class="col-sm-12" id="edit-job-notes" style="display:none;">\n<script type="text/javascript">\n                        function updateJobNotes() {\n                        var newNotes = $("textarea[name=job-notes]").val();\n                        $.ajax("/jobs/20170509-174511-eaae",\n                                {\n                                    type: "PUT",\n                                    data: {"job_notes": newNotes}\n                                    }\n                              )\n                        .done(function() {\n                                $("#show-job-notes p").html(newNotes);\n                                $('#edit-job-notes').hide(); $('#show-job-notes').show();\n                                })\n                        .fail(function(data) { errorAlert(data); });\n                        return false;\n                    }\n                    </script>\n<textarea class="form-control" name="job-notes" placeholder="Enter notes" rows="5"></textarea>\n<a class="btn btn-primary" href="#" onclick="return updateJobNotes();">Update</a>\n<a class="btn btn-info" href="#" onclick="$('#edit-job-notes').hide(); $('#show-job-notes').show(); return false;">Cancel</a>\n</div>\n</div>\n</div>\n</div>\n</div>\n<div class="row">\n<div class="row">\n<h3>Visualizations</h3>\n<div style="overflow:scroll; height:800px;">\n<table class="table">\n<tr>\n<td></td>\n<th>Image</th>\n<th>Data</th>\n</tr>\n<tr>\n<td>1</td>\n<td>/tmp/tmplS27TP/test.png</td>\n<td></td>\n</tr>\n<tr>\n<td>2</td>\n<td>/tmp/tmplS27TP/test.png</td>\n<td></td>\n</tr>\n</table>\n</div>\n</div>\n</div>\n</div>\n<script>\n$SCRIPT_ROOT = "";\n\n$(".explanation-tooltip").tooltip();\n\nwindow.onload = function () {\n    $('.autocomplete_path').autocomplete({\n       serviceUrl: '/autocomplete/path',\n       formatResult: function (suggestion, currentValue)\n       {\n            function baseName(str)\n            {\n               var base = new String(str).substring(str.lastIndexOf('/') + 1);\n               return base;\n            }\n            return baseName(suggestion.value);\n        },\n        minChars: 0\n    });\n    $(".autocomplete_path").removeAttr("autocomplete");\n};\n\n</script>\n<style>\n .about-menu {\n     width: 240px !important;\n }\n .brightness {\n     display: inline-block;\n }\n .brightness img:hover {\n     opacity: .75;\n }\n</style>\n</body>]
-------------------- >> begin captured logging << --------------------
socketio: INFO: emitting event "job update" to job_management [/jobs]
socketio: INFO: emitting event "job update" to 20170509-174511-eaae [/jobs]
socketio: INFO: emitting event "job update" to job_management [/jobs]
socketio: INFO: emitting event "server update" to job_management [/jobs]
socketio: INFO: emitting event "server update" to job_management [/jobs]
digits.webapp: INFO: Infer Model task started.
socketio: INFO: emitting event "task update" to 20170509-174511-eaae [/jobs]
socketio: INFO: emitting event "job update" to 20170509-174511-eaae [/jobs]
socketio: INFO: emitting event "job update" to job_management [/jobs]
digits.webapp: INFO: Task subprocess args: "/usr/bin/python2 /home/ethan/digits_GAN/digits/tools/inference.py /tmp/tmpX3R8Ve/20170509-174511-eaae/tmpBsZ3jW.txt /tmp/tmpX3R8Ve/20170509-174511-eaae 20170509-174451-4b24 --jobs_dir=/tmp/tmpX3R8Ve --layers=none --gpu=0"
socketio: INFO: emitting event "task update" to 20170509-172347-b92a [/jobs]
socketio: INFO: emitting event "task update" to 20170509-173326-3e6f [/jobs]
socketio: INFO: emitting event "task update" to 20170509-172315-d38b [/jobs]
socketio: INFO: emitting event "task update" to 20170509-174340-86bb [/jobs]
socketio: INFO: emitting event "task update" to 20170509-172516-8f4b [/jobs]
socketio: INFO: emitting event "task update" to 20170509-172352-bfdd [/jobs]
socketio: INFO: emitting event "task update" to 20170509-172412-e6f0 [/jobs]
socketio: INFO: emitting event "task update" to 20170509-173329-1cea [/jobs]
socketio: INFO: emitting event "task update" to 20170509-173229-c795 [/jobs]
socketio: INFO: emitting event "task update" to 20170509-172202-9230 [/jobs]
socketio: INFO: emitting event "task update" to 20170509-173331-d237 [/jobs]
socketio: INFO: emitting event "task update" to 20170509-172317-7da8 [/jobs]
socketio: INFO: emitting event "task update" to 20170509-173008-ee07 [/jobs]
socketio: INFO: emitting event "task update" to 20170509-172210-1907 [/jobs]
socketio: INFO: emitting event "task update" to 20170509-173333-e98b [/jobs]
socketio: INFO: emitting event "task update" to 20170509-172825-84c5 [/jobs]
socketio: INFO: emitting event "task update" to 20170509-173335-6067 [/jobs]
socketio: INFO: emitting event "task update" to 20170509-172147-4505 [/jobs]
socketio: INFO: emitting event "task update" to 20170509-173337-8532 [/jobs]
socketio: INFO: emitting event "task update" to 20170509-172907-6ffa [/jobs]
socketio: INFO: emitting event "task update" to 20170509-172339-dc52 [/jobs]
socketio: INFO: emitting event "task update" to 20170509-172625-e177 [/jobs]
socketio: INFO: emitting event "task update" to 20170509-173316-5f8a [/jobs]
socketio: INFO: emitting event "task update" to 20170509-173318-416e [/jobs]
socketio: INFO: emitting event "task update" to 20170509-173415-8046 [/jobs]
socketio: INFO: emitting event "task update" to 20170509-173027-0946 [/jobs]
socketio: INFO: emitting event "task update" to 20170509-172218-c9c0 [/jobs]
socketio: INFO: emitting event "task update" to 20170509-172328-6826 [/jobs]
socketio: INFO: emitting event "task update" to 20170509-173403-2593 [/jobs]
socketio: INFO: emitting event "task update" to 20170509-174313-cb2c [/jobs]
socketio: INFO: emitting event "task update" to 20170509-172344-9606 [/jobs]
socketio: INFO: emitting event "task update" to 20170509-172430-a33c [/jobs]
socketio: INFO: emitting event "task update" to 20170509-172605-0fd8 [/jobs]
socketio: INFO: emitting event "task update" to 20170509-172706-cfe6 [/jobs]
socketio: INFO: emitting event "task update" to 20170509-173209-48ad [/jobs]
socketio: INFO: emitting event "task update" to 20170509-173320-66e3 [/jobs]
socketio: INFO: emitting event "task update" to 20170509-172927-67d2 [/jobs]
socketio: INFO: emitting event "task update" to 20170509-173515-e8bf [/jobs]
socketio: INFO: emitting event "task update" to 20170509-172524-d7c0 [/jobs]
socketio: INFO: emitting event "task update" to 20170509-172419-2d22 [/jobs]
socketio: INFO: emitting event "task update" to 20170509-172337-f1aa [/jobs]
socketio: INFO: emitting event "task update" to 20170509-173228-acad [/jobs]
socketio: INFO: emitting event "task update" to 20170509-172350-6fcd [/jobs]
socketio: INFO: emitting event "task update" to 20170509-173357-1ed1 [/jobs]
socketio: INFO: emitting event "task update" to 20170509-172259-8252 [/jobs]
socketio: INFO: emitting event "task update" to 20170509-173322-0807 [/jobs]
socketio: INFO: emitting event "task update" to 20170509-172114-d063 [/jobs]
socketio: INFO: emitting event "task update" to 20170509-172323-89b4 [/jobs]
socketio: INFO: emitting event "task update" to 20170509-174411-45b4 [/jobs]
socketio: INFO: emitting event "task update" to 20170509-173300-0377 [/jobs]
socketio: INFO: emitting event "task update" to 20170509-173245-3417 [/jobs]
socketio: INFO: emitting event "task update" to 20170509-173324-49b0 [/jobs]
socketio: INFO: emitting event "task update" to 20170509-172342-e0ef [/jobs]
socketio: INFO: emitting event "task update" to 20170509-173108-a6ff [/jobs]
socketio: INFO: emitting event "task update" to 20170509-172725-6a13 [/jobs]
socketio: INFO: emitting event "task update" to 20170509-172806-b5bc [/jobs]
socketio: INFO: emitting event "task update" to 20170509-172227-0156 [/jobs]
socketio: INFO: emitting event "task update" to 20170509-174451-4b24 [/jobs]
socketio: INFO: emitting event "task update" to 20170509-172334-9d18 [/jobs]
socketio: INFO: emitting event "task update" to 20170509-173128-33ce [/jobs]
socketio: INFO: emitting event "task update" to 20170509-172347-b92a [/jobs]
socketio: INFO: emitting event "task update" to 20170509-173326-3e6f [/jobs]
socketio: INFO: emitting event "task update" to 20170509-172315-d38b [/jobs]
socketio: INFO: emitting event "task update" to 20170509-174340-86bb [/jobs]
socketio: INFO: emitting event "task update" to 20170509-172516-8f4b [/jobs]
socketio: INFO: emitting event "task update" to 20170509-172352-bfdd [/jobs]
socketio: INFO: emitting event "task update" to 20170509-172412-e6f0 [/jobs]
socketio: INFO: emitting event "task update" to 20170509-173329-1cea [/jobs]
socketio: INFO: emitting event "task update" to 20170509-173229-c795 [/jobs]
socketio: INFO: emitting event "task update" to 20170509-172202-9230 [/jobs]
socketio: INFO: emitting event "task update" to 20170509-173331-d237 [/jobs]
socketio: INFO: emitting event "task update" to 20170509-172317-7da8 [/jobs]
socketio: INFO: emitting event "task update" to 20170509-173008-ee07 [/jobs]
socketio: INFO: emitting event "task update" to 20170509-172210-1907 [/jobs]
socketio: INFO: emitting event "task update" to 20170509-173333-e98b [/jobs]
socketio: INFO: emitting event "task update" to 20170509-172825-84c5 [/jobs]
socketio: INFO: emitting event "task update" to 20170509-173335-6067 [/jobs]
socketio: INFO: emitting event "task update" to 20170509-172147-4505 [/jobs]
socketio: INFO: emitting event "task update" to 20170509-173337-8532 [/jobs]
socketio: INFO: emitting event "task update" to 20170509-172907-6ffa [/jobs]
socketio: INFO: emitting event "task update" to 20170509-172339-dc52 [/jobs]
socketio: INFO: emitting event "task update" to 20170509-172625-e177 [/jobs]
socketio: INFO: emitting event "task update" to 20170509-173316-5f8a [/jobs]
socketio: INFO: emitting event "task update" to 20170509-173318-416e [/jobs]
socketio: INFO: emitting event "task update" to 20170509-173415-8046 [/jobs]
socketio: INFO: emitting event "task update" to 20170509-173027-0946 [/jobs]
socketio: INFO: emitting event "task update" to 20170509-172218-c9c0 [/jobs]
socketio: INFO: emitting event "task update" to 20170509-172328-6826 [/jobs]
socketio: INFO: emitting event "task update" to 20170509-173403-2593 [/jobs]
socketio: INFO: emitting event "task update" to 20170509-174313-cb2c [/jobs]
socketio: INFO: emitting event "task update" to 20170509-172344-9606 [/jobs]
socketio: INFO: emitting event "task update" to 20170509-172430-a33c [/jobs]
socketio: INFO: emitting event "task update" to 20170509-172605-0fd8 [/jobs]
socketio: INFO: emitting event "task update" to 20170509-172706-cfe6 [/jobs]
socketio: INFO: emitting event "task update" to 20170509-173209-48ad [/jobs]
socketio: INFO: emitting event "task update" to 20170509-173320-66e3 [/jobs]
socketio: INFO: emitting event "task update" to 20170509-172927-67d2 [/jobs]
socketio: INFO: emitting event "task update" to 20170509-173515-e8bf [/jobs]
socketio: INFO: emitting event "task update" to 20170509-172524-d7c0 [/jobs]
socketio: INFO: emitting event "task update" to 20170509-172419-2d22 [/jobs]
socketio: INFO: emitting event "task update" to 20170509-172337-f1aa [/jobs]
socketio: INFO: emitting event "task update" to 20170509-173228-acad [/jobs]
socketio: INFO: emitting event "task update" to 20170509-172350-6fcd [/jobs]
socketio: INFO: emitting event "task update" to 20170509-173357-1ed1 [/jobs]
socketio: INFO: emitting event "task update" to 20170509-172259-8252 [/jobs]
socketio: INFO: emitting event "task update" to 20170509-173322-0807 [/jobs]
socketio: INFO: emitting event "task update" to 20170509-172114-d063 [/jobs]
socketio: INFO: emitting event "task update" to 20170509-172323-89b4 [/jobs]
socketio: INFO: emitting event "task update" to 20170509-174411-45b4 [/jobs]
socketio: INFO: emitting event "task update" to 20170509-173300-0377 [/jobs]
socketio: INFO: emitting event "task update" to 20170509-173245-3417 [/jobs]
socketio: INFO: emitting event "task update" to 20170509-173324-49b0 [/jobs]
socketio: INFO: emitting event "task update" to 20170509-172342-e0ef [/jobs]
socketio: INFO: emitting event "task update" to 20170509-173108-a6ff [/jobs]
socketio: INFO: emitting event "task update" to 20170509-172725-6a13 [/jobs]
socketio: INFO: emitting event "task update" to 20170509-172806-b5bc [/jobs]
socketio: INFO: emitting event "task update" to 20170509-172227-0156 [/jobs]
socketio: INFO: emitting event "task update" to 20170509-174451-4b24 [/jobs]
socketio: INFO: emitting event "task update" to 20170509-172334-9d18 [/jobs]
socketio: INFO: emitting event "task update" to 20170509-173128-33ce [/jobs]
socketio: INFO: emitting event "task update" to 20170509-172347-b92a [/jobs]
socketio: INFO: emitting event "task update" to 20170509-173326-3e6f [/jobs]
socketio: INFO: emitting event "task update" to 20170509-172315-d38b [/jobs]
socketio: INFO: emitting event "task update" to 20170509-174340-86bb [/jobs]
socketio: INFO: emitting event "task update" to 20170509-172516-8f4b [/jobs]
socketio: INFO: emitting event "task update" to 20170509-172352-bfdd [/jobs]
socketio: INFO: emitting event "task update" to 20170509-172412-e6f0 [/jobs]
socketio: INFO: emitting event "task update" to 20170509-173329-1cea [/jobs]
socketio: INFO: emitting event "task update" to 20170509-173229-c795 [/jobs]
socketio: INFO: emitting event "task update" to 20170509-172202-9230 [/jobs]
socketio: INFO: emitting event "task update" to 20170509-173331-d237 [/jobs]
socketio: INFO: emitting event "task update" to 20170509-172317-7da8 [/jobs]
socketio: INFO: emitting event "task update" to 20170509-173008-ee07 [/jobs]
socketio: INFO: emitting event "task update" to 20170509-172210-1907 [/jobs]
socketio: INFO: emitting event "task update" to 20170509-173333-e98b [/jobs]
socketio: INFO: emitting event "task update" to 20170509-172825-84c5 [/jobs]
socketio: INFO: emitting event "task update" to 20170509-173335-6067 [/jobs]
socketio: INFO: emitting event "task update" to 20170509-172147-4505 [/jobs]
socketio: INFO: emitting event "task update" to 20170509-173337-8532 [/jobs]
socketio: INFO: emitting event "task update" to 20170509-172907-6ffa [/jobs]
socketio: INFO: emitting event "task update" to 20170509-172339-dc52 [/jobs]
socketio: INFO: emitting event "task update" to 20170509-172625-e177 [/jobs]
socketio: INFO: emitting event "task update" to 20170509-173316-5f8a [/jobs]
socketio: INFO: emitting event "task update" to 20170509-173318-416e [/jobs]
socketio: INFO: emitting event "task update" to 20170509-173415-8046 [/jobs]
socketio: INFO: emitting event "task update" to 20170509-173027-0946 [/jobs]
socketio: INFO: emitting event "task update" to 20170509-172218-c9c0 [/jobs]
socketio: INFO: emitting event "task update" to 20170509-172328-6826 [/jobs]
socketio: INFO: emitting event "task update" to 20170509-173403-2593 [/jobs]
socketio: INFO: emitting event "task update" to 20170509-174313-cb2c [/jobs]
socketio: INFO: emitting event "task update" to 20170509-172344-9606 [/jobs]
socketio: INFO: emitting event "task update" to 20170509-172430-a33c [/jobs]
socketio: INFO: emitting event "task update" to 20170509-172605-0fd8 [/jobs]
socketio: INFO: emitting event "task update" to 20170509-172706-cfe6 [/jobs]
socketio: INFO: emitting event "task update" to 20170509-173209-48ad [/jobs]
socketio: INFO: emitting event "task update" to 20170509-173320-66e3 [/jobs]
socketio: INFO: emitting event "task update" to 20170509-172927-67d2 [/jobs]
socketio: INFO: emitting event "task update" to 20170509-173515-e8bf [/jobs]
socketio: INFO: emitting event "task update" to 20170509-172524-d7c0 [/jobs]
socketio: INFO: emitting event "task update" to 20170509-172419-2d22 [/jobs]
socketio: INFO: emitting event "task update" to 20170509-172337-f1aa [/jobs]
socketio: INFO: emitting event "task update" to 20170509-173228-acad [/jobs]
socketio: INFO: emitting event "task update" to 20170509-172350-6fcd [/jobs]
socketio: INFO: emitting event "task update" to 20170509-173357-1ed1 [/jobs]
socketio: INFO: emitting event "task update" to 20170509-172259-8252 [/jobs]
socketio: INFO: emitting event "task update" to 20170509-173322-0807 [/jobs]
socketio: INFO: emitting event "task update" to 20170509-172114-d063 [/jobs]
socketio: INFO: emitting event "task update" to 20170509-172323-89b4 [/jobs]
socketio: INFO: emitting event "task update" to 20170509-174411-45b4 [/jobs]
socketio: INFO: emitting event "task update" to 20170509-173300-0377 [/jobs]
socketio: INFO: emitting event "task update" to 20170509-173245-3417 [/jobs]
socketio: INFO: emitting event "task update" to 20170509-173324-49b0 [/jobs]
socketio: INFO: emitting event "task update" to 20170509-172342-e0ef [/jobs]
socketio: INFO: emitting event "task update" to 20170509-173108-a6ff [/jobs]
socketio: INFO: emitting event "task update" to 20170509-172725-6a13 [/jobs]
socketio: INFO: emitting event "task update" to 20170509-172806-b5bc [/jobs]
socketio: INFO: emitting event "task update" to 20170509-172227-0156 [/jobs]
digits.webapp: WARNING: Infer Model unrecognized output: WARNING: log_file config option not found - no log file is being saved
digits.webapp: WARNING: Infer Model unrecognized output: 2017-05-09 17:45:13 [ERROR] InferenceError: Unable to find snapshot for epoch=-1.0
digits.webapp: WARNING: Infer Model unrecognized output: Traceback (most recent call last):
digits.webapp: WARNING: Infer Model unrecognized output: File "/home/ethan/digits_GAN/digits/tools/inference.py", line 293, in <module>
digits.webapp: WARNING: Infer Model unrecognized output: args['resize']
digits.webapp: WARNING: Infer Model unrecognized output: File "/home/ethan/digits_GAN/digits/tools/inference.py", line 79, in infer
digits.webapp: WARNING: Infer Model unrecognized output: raise InferenceError("Unable to find snapshot for epoch=%s" % repr(epoch))
digits.webapp: WARNING: Infer Model unrecognized output: digits.inference.errors.InferenceError: 'Unable to find snapshot for epoch=-1.0'
socketio: INFO: emitting event "task update" to 20170509-174451-4b24 [/jobs]
socketio: INFO: emitting event "task update" to 20170509-172334-9d18 [/jobs]
socketio: INFO: emitting event "task update" to 20170509-173128-33ce [/jobs]
digits.webapp: ERROR: Infer Model task failed with error code 1
socketio: INFO: emitting event "task update" to 20170509-174511-eaae [/jobs]
socketio: INFO: emitting event "job update" to 20170509-174511-eaae [/jobs]
socketio: INFO: emitting event "job update" to job_management [/jobs]
socketio: INFO: emitting event "server update" to job_management [/jobs]
socketio: INFO: emitting event "server update" to job_management [/jobs]
socketio: INFO: emitting event "job update" to 20170509-174511-eaae [/jobs]
socketio: INFO: emitting event "job update" to job_management [/jobs]
digits: INFO: Job deleted.
socketio: INFO: emitting event "job update" to job_management [/jobs]
--------------------- >> end captured logging << ---------------------

======================================================================
FAIL: digits.model.images.generic.test_views.TestTensorflowCreatedWithGradientDataExtensionNoValSet.test_infer_many_from_folder
----------------------------------------------------------------------
Traceback (most recent call last):
  File "/home/ethan/.local/lib/python2.7/site-packages/nose/case.py", line 197, in runTest
    self.test(*self.arg)
  File "/home/ethan/digits_GAN/digits/model/images/generic/test_views.py", line 661, in test_infer_many_from_folder
    assert rv.status_code == 200, 'POST failed with %s\n\n%s' % (rv.status_code, body)
AssertionError: POST failed with 500

[<body>\n<div class="navbar navbar-inverse navbar-fixed-top">\n<div class="container">\n<div class="navbar-header">\n<a class="navbar-brand" href="/">DIGITS</a>\n</div>\n<ul class="nav navbar-nav">\n<li><a href="/models/20170509-174451-4b24">test_model</a></li>\n<li class="active"><a>Test Many</a></li>\n</ul>\n<ul class="nav navbar-nav navbar-right">\n<li>\n<p class="navbar-text">\n            digits-testsuite (<a class="navbar-link" href="/logout">Logout</a>)\n            </p>\n</li>\n<li class="dropdown">\n<a class="dropdown-toggle" data-toggle="dropdown" href="#">Info<span class="caret"></span></a>\n<ul class="dropdown-menu navbar-inverse">\n<li><span class="navbar-text">Server: ethan-computer</span></li>\n<li><span class="navbar-text">DIGITS version: <br> 5.1-dev</br></span></li>\n<li><span class="navbar-text">Caffe version: <br> 0.15.13</br></span></li>\n<li><span class="navbar-text">Caffe flavor: <br> NVIDIA</br></span></li>\n</ul>\n</li>\n<li class="dropdown">\n<a class="dropdown-toggle" data-toggle="dropdown" href="#">About<span class="caret"></span></a>\n<ul class="dropdown-menu about-menu navbar-inverse">\n<li><span class="navbar-text"><a href="https://developer.nvidia.com/digits" target="_blank">\n                        DIGITS on developer.nvidia.com\n                    </a></span></li>\n<li><span class="navbar-text"><a href="https://github.com/NVIDIA/DIGITS" target="_blank">\n                        DIGITS on GitHub\n                    </a></span></li>\n<li><span class="navbar-text"><a href="https://groups.google.com/d/forum/digits-users" target="_blank">\n                        DIGITS user group\n                    </a></span></li>\n<li><span class="navbar-text"><a href="mailto:digits@nvidia.com">\n                        digits@nvidia.com\n                    </a></span></li>\n</ul>\n</li>\n</ul>\n</div>\n</div>\n<div class="container">\n<div class="jumbotron">\n<div class="container">\n<div class="row">\n<div class="col-sm-12" id="show-job-name">\n<h2 style="display:inline;">Infer Many Images</h2>\n</div>\n<div class="col-sm-4" id="edit-job-name" style="display:none;">\n<script>\nfunction updateJobName() {\n    var newName = $("input[name=job-name]").val();\n    $.ajax("/jobs/20170509-174514-8ed3",\n            {\n                type: "PUT",\n                data: {"job_name": newName}\n                }\n          )\n    .done(function() {\n            $("#show-job-name h2").html(newName);\n            $('#edit-job-name').hide(); $('#show-job-name').show();\n            })\n    .fail(function(data) { errorAlert(data); });\n    return false;\n}\n                </script>\n<input class="form-control" name="job-name" value="Infer Many Images"/>\n<a class="btn btn-primary" href="#" onclick="return updateJobName();">Update</a>\n<a class="btn btn-info" href="#" onclick="$('#edit-job-name').hide(); $('#show-job-name').show(); return false;">Cancel</a>\n</div>\n</div>\n<small>Owner: digits-testsuite</small>\n<div class="pull-right">\n<a class="btn btn-info" disabled="" id="clone-job">Clone Job</a>\n<a class="btn btn-warning hidden disabled" id="abort-job">Abort Job</a>\n<a class="btn btn-danger disabled" id="delete-job">Delete Job</a>\n</div>\n</div>\n<script>\n$('#abort-job').on('click', function(event) {\n        event.preventDefault();\n        bootbox.confirm(\n            'Are you sure you want to abort this job?',\n            function(result) {\n                if (result)\n                    $.ajax("/jobs/20170509-174514-8ed3/abort",\n                        {type: "POST"})\n                    .done(function() {\n                        $("#abort-job").hide();\n                        })\n                    .fail(function(data) { errorAlert(data); });\n            });\n        });\n\n$('#delete-job').on('click', function(event) {\n        event.preventDefault();\n        bootbox.confirm(\n            'Are you sure you want to delete this job?<br><br>All related files will be permanently removed.',\n            function(result) {\n                if (result)\n                    $.ajax("/jobs/20170509-174514-8ed3",\n                        {type: "DELETE"})\n                    .done(function() {\n                        window.location = "/";\n                        })\n                    .fail(function(data) { errorAlert(data); });\n            });\n        });\n    </script>\n</div>\n<div class="row">\n<!-- Job content -->\n<div class="col-sm-8">\n<div class="page-header">\n<h1>\n        test_model\n        <small>\n            Image Inference\n        </small>\n</h1>\n</div>\n</div>\n<!-- Tasks -->\n<div class="col-sm-4">\n<div class="panel-group">\n<div class="panel panel-danger" id="job-statuses">\n<div class="panel-heading">\n<h4 class="panel-title">\n                    Job Status\n                    <small>Error</small>\n</h4>\n</div>\n<div class="panel-collapse">\n<div class="panel-body">\n<div class="job-statuses">\n<ul>\n<li>\n<span class="text-warning">Initialized</span>\n        at 05:45:14 PM\n            <small>(0 seconds)</small>\n</li>\n<li>\n<span class="text-info">Running</span>\n        at 05:45:14 PM\n            <small>(3 seconds)</small>\n</li>\n<li>\n<span class="text-danger">Error</span>\n        at 05:45:17 PM\n            <br>\n<small>(Total - 3 seconds)</small>\n</br></li>\n</ul>\n</div>\n<div class="panel-group">\n<div class="panel panel-danger" id="task-140099411988816-status">\n<div class="panel-heading">\n<h4 class="panel-title">\n<a data-toggle="collapse" href="#task-140099411988816-status-collapse">\n                                            Infer Model\n                                            <small>Error</small>\n<span class="caret"></span>\n</a>\n</h4>\n</div>\n<div class="panel-collapse collapse in" id="task-140099411988816-status-collapse">\n<div class="panel-body">\n<div class="task-progress" style="display:none;">\n<div class="progress">\n<div class="progress-bar" style="width:0%">\n                                                    0%\n                                                </div>\n</div>\n                                            Estimated time remaining: <span class="task-eta">?</span>\n<br/>\n<br/>\n</div>\n<div class="task-statuses">\n<ul>\n<li>\n<span class="text-warning">Initialized</span>\n        at 05:45:14 PM\n            <small>(0 seconds)</small>\n</li>\n<li>\n<span class="text-info">Running</span>\n        at 05:45:14 PM\n            <small>(3 seconds)</small>\n</li>\n<li>\n<span class="text-danger">Error</span>\n        at 05:45:17 PM\n            <br>\n<small>(Total - 3 seconds)</small>\n</br></li>\n</ul>\n<h4 class="text-danger">ERROR: error code 1</h4>\n<pre>\nWARNING: log_file config option not found - no log file is being saved\n2017-05-09 17:45:17 [ERROR] InferenceError: Unable to find snapshot for epoch=-1.0\nTraceback (most recent call last):\nFile "/home/ethan/digits_GAN/digits/tools/inference.py", line 293, in &lt;module&gt;\nargs['resize']\nFile "/home/ethan/digits_GAN/digits/tools/inference.py", line 79, in infer\nraise InferenceError("Unable to find snapshot for epoch=%s" % repr(epoch))\ndigits.inference.errors.InferenceError: 'Unable to find snapshot for epoch=-1.0'\n        </pre>\n</div>\n</div>\n</div>\n</div>\n</div>\n</div>\n</div>\n</div>\n</div>\n<div class="gpu-utilization-info" style="display:none;"></div>\n<!-- Related jobs -->\n<div class="panel panel-default" id="notes-information">\n<div class="panel-heading">\n<h4>Notes</h4>\n</div>\n<div class="panel-body">\n<div class="col-sm-12" id="show-job-notes">\n<p style="display:inline;">None</p>\n</div>\n<div class="col-sm-12" id="edit-job-notes" style="display:none;">\n<script type="text/javascript">\n                        function updateJobNotes() {\n                        var newNotes = $("textarea[name=job-notes]").val();\n                        $.ajax("/jobs/20170509-174514-8ed3",\n                                {\n                                    type: "PUT",\n                                    data: {"job_notes": newNotes}\n                                    }\n                              )\n                        .done(function() {\n                                $("#show-job-notes p").html(newNotes);\n                                $('#edit-job-notes').hide(); $('#show-job-notes').show();\n                                })\n                        .fail(function(data) { errorAlert(data); });\n                        return false;\n                    }\n                    </script>\n<textarea class="form-control" name="job-notes" placeholder="Enter notes" rows="5"></textarea>\n<a class="btn btn-primary" href="#" onclick="return updateJobNotes();">Update</a>\n<a class="btn btn-info" href="#" onclick="$('#edit-job-notes').hide(); $('#show-job-notes').show(); return false;">Cancel</a>\n</div>\n</div>\n</div>\n</div>\n</div>\n<div class="row">\n<div class="row">\n<h3>Visualizations</h3>\n<div style="overflow:scroll; height:800px;">\n<table class="table">\n<tr>\n<td></td>\n<th>Image</th>\n<th>Data</th>\n</tr>\n<tr>\n<td>1</td>\n<td>/tmp/tmplS27TP/test.png</td>\n<td></td>\n</tr>\n</table>\n</div>\n</div>\n</div>\n</div>\n<script>\n$SCRIPT_ROOT = "";\n\n$(".explanation-tooltip").tooltip();\n\nwindow.onload = function () {\n    $('.autocomplete_path').autocomplete({\n       serviceUrl: '/autocomplete/path',\n       formatResult: function (suggestion, currentValue)\n       {\n            function baseName(str)\n            {\n               var base = new String(str).substring(str.lastIndexOf('/') + 1);\n               return base;\n            }\n            return baseName(suggestion.value);\n        },\n        minChars: 0\n    });\n    $(".autocomplete_path").removeAttr("autocomplete");\n};\n\n</script>\n<style>\n .about-menu {\n     width: 240px !important;\n }\n .brightness {\n     display: inline-block;\n }\n .brightness img:hover {\n     opacity: .75;\n }\n</style>\n</body>]
-------------------- >> begin captured logging << --------------------
socketio: INFO: emitting event "job update" to job_management [/jobs]
socketio: INFO: emitting event "task update" to 20170509-172347-b92a [/jobs]
socketio: INFO: emitting event "task update" to 20170509-173326-3e6f [/jobs]
socketio: INFO: emitting event "task update" to 20170509-172315-d38b [/jobs]
socketio: INFO: emitting event "task update" to 20170509-174340-86bb [/jobs]
socketio: INFO: emitting event "task update" to 20170509-172516-8f4b [/jobs]
socketio: INFO: emitting event "task update" to 20170509-172352-bfdd [/jobs]
socketio: INFO: emitting event "task update" to 20170509-172412-e6f0 [/jobs]
socketio: INFO: emitting event "task update" to 20170509-173329-1cea [/jobs]
socketio: INFO: emitting event "task update" to 20170509-173229-c795 [/jobs]
socketio: INFO: emitting event "job update" to 20170509-174514-8ed3 [/jobs]
socketio: INFO: emitting event "job update" to job_management [/jobs]
socketio: INFO: emitting event "server update" to job_management [/jobs]
socketio: INFO: emitting event "server update" to job_management [/jobs]
digits.webapp: INFO: Infer Model task started.
socketio: INFO: emitting event "task update" to 20170509-174514-8ed3 [/jobs]
socketio: INFO: emitting event "job update" to 20170509-174514-8ed3 [/jobs]
socketio: INFO: emitting event "job update" to job_management [/jobs]
digits.webapp: INFO: Task subprocess args: "/usr/bin/python2 /home/ethan/digits_GAN/digits/tools/inference.py /tmp/tmpX3R8Ve/20170509-174514-8ed3/tmpPr9ImY.txt /tmp/tmpX3R8Ve/20170509-174514-8ed3 20170509-174451-4b24 --jobs_dir=/tmp/tmpX3R8Ve --layers=none --gpu=0"
socketio: INFO: emitting event "task update" to 20170509-172202-9230 [/jobs]
socketio: INFO: emitting event "task update" to 20170509-173331-d237 [/jobs]
socketio: INFO: emitting event "task update" to 20170509-172317-7da8 [/jobs]
socketio: INFO: emitting event "task update" to 20170509-173008-ee07 [/jobs]
socketio: INFO: emitting event "task update" to 20170509-172210-1907 [/jobs]
socketio: INFO: emitting event "task update" to 20170509-173333-e98b [/jobs]
socketio: INFO: emitting event "task update" to 20170509-172825-84c5 [/jobs]
socketio: INFO: emitting event "task update" to 20170509-173335-6067 [/jobs]
socketio: INFO: emitting event "task update" to 20170509-172147-4505 [/jobs]
socketio: INFO: emitting event "task update" to 20170509-173337-8532 [/jobs]
socketio: INFO: emitting event "task update" to 20170509-172907-6ffa [/jobs]
socketio: INFO: emitting event "task update" to 20170509-172339-dc52 [/jobs]
socketio: INFO: emitting event "task update" to 20170509-172625-e177 [/jobs]
socketio: INFO: emitting event "task update" to 20170509-173316-5f8a [/jobs]
socketio: INFO: emitting event "task update" to 20170509-173318-416e [/jobs]
socketio: INFO: emitting event "task update" to 20170509-173415-8046 [/jobs]
socketio: INFO: emitting event "task update" to 20170509-173027-0946 [/jobs]
socketio: INFO: emitting event "task update" to 20170509-172218-c9c0 [/jobs]
socketio: INFO: emitting event "task update" to 20170509-172328-6826 [/jobs]
socketio: INFO: emitting event "task update" to 20170509-173403-2593 [/jobs]
socketio: INFO: emitting event "task update" to 20170509-174313-cb2c [/jobs]
socketio: INFO: emitting event "task update" to 20170509-172344-9606 [/jobs]
socketio: INFO: emitting event "task update" to 20170509-172430-a33c [/jobs]
socketio: INFO: emitting event "task update" to 20170509-172605-0fd8 [/jobs]
socketio: INFO: emitting event "task update" to 20170509-172706-cfe6 [/jobs]
socketio: INFO: emitting event "task update" to 20170509-173209-48ad [/jobs]
socketio: INFO: emitting event "task update" to 20170509-173320-66e3 [/jobs]
socketio: INFO: emitting event "task update" to 20170509-172927-67d2 [/jobs]
socketio: INFO: emitting event "task update" to 20170509-173515-e8bf [/jobs]
socketio: INFO: emitting event "task update" to 20170509-172524-d7c0 [/jobs]
socketio: INFO: emitting event "task update" to 20170509-172419-2d22 [/jobs]
socketio: INFO: emitting event "task update" to 20170509-172337-f1aa [/jobs]
socketio: INFO: emitting event "task update" to 20170509-173228-acad [/jobs]
socketio: INFO: emitting event "task update" to 20170509-172350-6fcd [/jobs]
socketio: INFO: emitting event "task update" to 20170509-173357-1ed1 [/jobs]
socketio: INFO: emitting event "task update" to 20170509-172259-8252 [/jobs]
socketio: INFO: emitting event "task update" to 20170509-173322-0807 [/jobs]
socketio: INFO: emitting event "task update" to 20170509-172114-d063 [/jobs]
socketio: INFO: emitting event "task update" to 20170509-172323-89b4 [/jobs]
socketio: INFO: emitting event "task update" to 20170509-174411-45b4 [/jobs]
socketio: INFO: emitting event "task update" to 20170509-173300-0377 [/jobs]
socketio: INFO: emitting event "task update" to 20170509-173245-3417 [/jobs]
socketio: INFO: emitting event "task update" to 20170509-173324-49b0 [/jobs]
socketio: INFO: emitting event "task update" to 20170509-172342-e0ef [/jobs]
socketio: INFO: emitting event "task update" to 20170509-173108-a6ff [/jobs]
socketio: INFO: emitting event "task update" to 20170509-172725-6a13 [/jobs]
socketio: INFO: emitting event "task update" to 20170509-172806-b5bc [/jobs]
socketio: INFO: emitting event "task update" to 20170509-172227-0156 [/jobs]
socketio: INFO: emitting event "task update" to 20170509-174451-4b24 [/jobs]
socketio: INFO: emitting event "task update" to 20170509-172334-9d18 [/jobs]
socketio: INFO: emitting event "task update" to 20170509-173128-33ce [/jobs]
socketio: INFO: emitting event "task update" to 20170509-172347-b92a [/jobs]
socketio: INFO: emitting event "task update" to 20170509-173326-3e6f [/jobs]
socketio: INFO: emitting event "task update" to 20170509-172315-d38b [/jobs]
socketio: INFO: emitting event "task update" to 20170509-174340-86bb [/jobs]
socketio: INFO: emitting event "task update" to 20170509-172516-8f4b [/jobs]
socketio: INFO: emitting event "task update" to 20170509-172352-bfdd [/jobs]
socketio: INFO: emitting event "task update" to 20170509-172412-e6f0 [/jobs]
socketio: INFO: emitting event "task update" to 20170509-173329-1cea [/jobs]
socketio: INFO: emitting event "task update" to 20170509-173229-c795 [/jobs]
socketio: INFO: emitting event "task update" to 20170509-172202-9230 [/jobs]
socketio: INFO: emitting event "task update" to 20170509-173331-d237 [/jobs]
socketio: INFO: emitting event "task update" to 20170509-172317-7da8 [/jobs]
socketio: INFO: emitting event "task update" to 20170509-173008-ee07 [/jobs]
socketio: INFO: emitting event "task update" to 20170509-172210-1907 [/jobs]
socketio: INFO: emitting event "task update" to 20170509-173333-e98b [/jobs]
socketio: INFO: emitting event "task update" to 20170509-172825-84c5 [/jobs]
socketio: INFO: emitting event "task update" to 20170509-173335-6067 [/jobs]
socketio: INFO: emitting event "task update" to 20170509-172147-4505 [/jobs]
socketio: INFO: emitting event "task update" to 20170509-173337-8532 [/jobs]
socketio: INFO: emitting event "task update" to 20170509-172907-6ffa [/jobs]
socketio: INFO: emitting event "task update" to 20170509-172339-dc52 [/jobs]
socketio: INFO: emitting event "task update" to 20170509-172625-e177 [/jobs]
socketio: INFO: emitting event "task update" to 20170509-173316-5f8a [/jobs]
socketio: INFO: emitting event "task update" to 20170509-173318-416e [/jobs]
socketio: INFO: emitting event "task update" to 20170509-173415-8046 [/jobs]
socketio: INFO: emitting event "task update" to 20170509-173027-0946 [/jobs]
socketio: INFO: emitting event "task update" to 20170509-172218-c9c0 [/jobs]
socketio: INFO: emitting event "task update" to 20170509-172328-6826 [/jobs]
socketio: INFO: emitting event "task update" to 20170509-173403-2593 [/jobs]
socketio: INFO: emitting event "task update" to 20170509-174313-cb2c [/jobs]
socketio: INFO: emitting event "task update" to 20170509-172344-9606 [/jobs]
socketio: INFO: emitting event "task update" to 20170509-172430-a33c [/jobs]
socketio: INFO: emitting event "task update" to 20170509-172605-0fd8 [/jobs]
socketio: INFO: emitting event "task update" to 20170509-172706-cfe6 [/jobs]
socketio: INFO: emitting event "task update" to 20170509-173209-48ad [/jobs]
socketio: INFO: emitting event "task update" to 20170509-173320-66e3 [/jobs]
socketio: INFO: emitting event "task update" to 20170509-172927-67d2 [/jobs]
socketio: INFO: emitting event "task update" to 20170509-173515-e8bf [/jobs]
socketio: INFO: emitting event "task update" to 20170509-172524-d7c0 [/jobs]
socketio: INFO: emitting event "task update" to 20170509-172419-2d22 [/jobs]
socketio: INFO: emitting event "task update" to 20170509-172337-f1aa [/jobs]
socketio: INFO: emitting event "task update" to 20170509-173228-acad [/jobs]
socketio: INFO: emitting event "task update" to 20170509-172350-6fcd [/jobs]
socketio: INFO: emitting event "task update" to 20170509-173357-1ed1 [/jobs]
socketio: INFO: emitting event "task update" to 20170509-172259-8252 [/jobs]
socketio: INFO: emitting event "task update" to 20170509-173322-0807 [/jobs]
socketio: INFO: emitting event "task update" to 20170509-172114-d063 [/jobs]
socketio: INFO: emitting event "task update" to 20170509-172323-89b4 [/jobs]
socketio: INFO: emitting event "task update" to 20170509-174411-45b4 [/jobs]
socketio: INFO: emitting event "task update" to 20170509-173300-0377 [/jobs]
socketio: INFO: emitting event "task update" to 20170509-173245-3417 [/jobs]
socketio: INFO: emitting event "task update" to 20170509-173324-49b0 [/jobs]
socketio: INFO: emitting event "task update" to 20170509-172342-e0ef [/jobs]
socketio: INFO: emitting event "task update" to 20170509-173108-a6ff [/jobs]
socketio: INFO: emitting event "task update" to 20170509-172725-6a13 [/jobs]
socketio: INFO: emitting event "task update" to 20170509-172806-b5bc [/jobs]
socketio: INFO: emitting event "task update" to 20170509-172227-0156 [/jobs]
socketio: INFO: emitting event "task update" to 20170509-174451-4b24 [/jobs]
socketio: INFO: emitting event "task update" to 20170509-172334-9d18 [/jobs]
socketio: INFO: emitting event "task update" to 20170509-173128-33ce [/jobs]
socketio: INFO: emitting event "task update" to 20170509-172347-b92a [/jobs]
socketio: INFO: emitting event "task update" to 20170509-173326-3e6f [/jobs]
socketio: INFO: emitting event "task update" to 20170509-172315-d38b [/jobs]
socketio: INFO: emitting event "task update" to 20170509-174340-86bb [/jobs]
socketio: INFO: emitting event "task update" to 20170509-172516-8f4b [/jobs]
socketio: INFO: emitting event "task update" to 20170509-172352-bfdd [/jobs]
socketio: INFO: emitting event "task update" to 20170509-172412-e6f0 [/jobs]
socketio: INFO: emitting event "task update" to 20170509-173329-1cea [/jobs]
socketio: INFO: emitting event "task update" to 20170509-173229-c795 [/jobs]
socketio: INFO: emitting event "task update" to 20170509-172202-9230 [/jobs]
socketio: INFO: emitting event "task update" to 20170509-173331-d237 [/jobs]
socketio: INFO: emitting event "task update" to 20170509-172317-7da8 [/jobs]
socketio: INFO: emitting event "task update" to 20170509-173008-ee07 [/jobs]
socketio: INFO: emitting event "task update" to 20170509-172210-1907 [/jobs]
socketio: INFO: emitting event "task update" to 20170509-173333-e98b [/jobs]
socketio: INFO: emitting event "task update" to 20170509-172825-84c5 [/jobs]
socketio: INFO: emitting event "task update" to 20170509-173335-6067 [/jobs]
socketio: INFO: emitting event "task update" to 20170509-172147-4505 [/jobs]
socketio: INFO: emitting event "task update" to 20170509-173337-8532 [/jobs]
socketio: INFO: emitting event "task update" to 20170509-172907-6ffa [/jobs]
socketio: INFO: emitting event "task update" to 20170509-172339-dc52 [/jobs]
socketio: INFO: emitting event "task update" to 20170509-172625-e177 [/jobs]
socketio: INFO: emitting event "task update" to 20170509-173316-5f8a [/jobs]
socketio: INFO: emitting event "task update" to 20170509-173318-416e [/jobs]
socketio: INFO: emitting event "task update" to 20170509-173415-8046 [/jobs]
socketio: INFO: emitting event "task update" to 20170509-173027-0946 [/jobs]
socketio: INFO: emitting event "task update" to 20170509-172218-c9c0 [/jobs]
socketio: INFO: emitting event "task update" to 20170509-172328-6826 [/jobs]
socketio: INFO: emitting event "task update" to 20170509-173403-2593 [/jobs]
socketio: INFO: emitting event "task update" to 20170509-174313-cb2c [/jobs]
socketio: INFO: emitting event "task update" to 20170509-172344-9606 [/jobs]
socketio: INFO: emitting event "task update" to 20170509-172430-a33c [/jobs]
socketio: INFO: emitting event "task update" to 20170509-172605-0fd8 [/jobs]
socketio: INFO: emitting event "task update" to 20170509-172706-cfe6 [/jobs]
socketio: INFO: emitting event "task update" to 20170509-173209-48ad [/jobs]
socketio: INFO: emitting event "task update" to 20170509-173320-66e3 [/jobs]
socketio: INFO: emitting event "task update" to 20170509-172927-67d2 [/jobs]
socketio: INFO: emitting event "task update" to 20170509-173515-e8bf [/jobs]
socketio: INFO: emitting event "task update" to 20170509-172524-d7c0 [/jobs]
socketio: INFO: emitting event "task update" to 20170509-172419-2d22 [/jobs]
socketio: INFO: emitting event "task update" to 20170509-172337-f1aa [/jobs]
socketio: INFO: emitting event "task update" to 20170509-173228-acad [/jobs]
socketio: INFO: emitting event "task update" to 20170509-172350-6fcd [/jobs]
socketio: INFO: emitting event "task update" to 20170509-173357-1ed1 [/jobs]
socketio: INFO: emitting event "task update" to 20170509-172259-8252 [/jobs]
socketio: INFO: emitting event "task update" to 20170509-173322-0807 [/jobs]
socketio: INFO: emitting event "task update" to 20170509-172114-d063 [/jobs]
socketio: INFO: emitting event "task update" to 20170509-172323-89b4 [/jobs]
socketio: INFO: emitting event "task update" to 20170509-174411-45b4 [/jobs]
socketio: INFO: emitting event "task update" to 20170509-173300-0377 [/jobs]
socketio: INFO: emitting event "task update" to 20170509-173245-3417 [/jobs]
socketio: INFO: emitting event "task update" to 20170509-173324-49b0 [/jobs]
socketio: INFO: emitting event "task update" to 20170509-172342-e0ef [/jobs]
socketio: INFO: emitting event "task update" to 20170509-173108-a6ff [/jobs]
socketio: INFO: emitting event "task update" to 20170509-172725-6a13 [/jobs]
socketio: INFO: emitting event "task update" to 20170509-172806-b5bc [/jobs]
socketio: INFO: emitting event "task update" to 20170509-172227-0156 [/jobs]
socketio: INFO: emitting event "task update" to 20170509-174451-4b24 [/jobs]
socketio: INFO: emitting event "task update" to 20170509-172334-9d18 [/jobs]
socketio: INFO: emitting event "task update" to 20170509-173128-33ce [/jobs]
digits.webapp: WARNING: Infer Model unrecognized output: WARNING: log_file config option not found - no log file is being saved
digits.webapp: WARNING: Infer Model unrecognized output: 2017-05-09 17:45:17 [ERROR] InferenceError: Unable to find snapshot for epoch=-1.0
digits.webapp: WARNING: Infer Model unrecognized output: Traceback (most recent call last):
digits.webapp: WARNING: Infer Model unrecognized output: File "/home/ethan/digits_GAN/digits/tools/inference.py", line 293, in <module>
digits.webapp: WARNING: Infer Model unrecognized output: args['resize']
digits.webapp: WARNING: Infer Model unrecognized output: File "/home/ethan/digits_GAN/digits/tools/inference.py", line 79, in infer
digits.webapp: WARNING: Infer Model unrecognized output: raise InferenceError("Unable to find snapshot for epoch=%s" % repr(epoch))
digits.webapp: WARNING: Infer Model unrecognized output: digits.inference.errors.InferenceError: 'Unable to find snapshot for epoch=-1.0'
socketio: INFO: emitting event "task update" to 20170509-172347-b92a [/jobs]
socketio: INFO: emitting event "task update" to 20170509-173326-3e6f [/jobs]
socketio: INFO: emitting event "task update" to 20170509-172315-d38b [/jobs]
socketio: INFO: emitting event "task update" to 20170509-174340-86bb [/jobs]
socketio: INFO: emitting event "task update" to 20170509-172516-8f4b [/jobs]
socketio: INFO: emitting event "task update" to 20170509-172352-bfdd [/jobs]
socketio: INFO: emitting event "task update" to 20170509-172412-e6f0 [/jobs]
socketio: INFO: emitting event "task update" to 20170509-173329-1cea [/jobs]
socketio: INFO: emitting event "task update" to 20170509-173229-c795 [/jobs]
socketio: INFO: emitting event "task update" to 20170509-172202-9230 [/jobs]
socketio: INFO: emitting event "task update" to 20170509-173331-d237 [/jobs]
socketio: INFO: emitting event "task update" to 20170509-172317-7da8 [/jobs]
socketio: INFO: emitting event "task update" to 20170509-173008-ee07 [/jobs]
socketio: INFO: emitting event "task update" to 20170509-172210-1907 [/jobs]
digits.webapp: ERROR: Infer Model task failed with error code 1
socketio: INFO: emitting event "task update" to 20170509-174514-8ed3 [/jobs]
socketio: INFO: emitting event "job update" to 20170509-174514-8ed3 [/jobs]
socketio: INFO: emitting event "job update" to job_management [/jobs]
socketio: INFO: emitting event "server update" to job_management [/jobs]
socketio: INFO: emitting event "server update" to job_management [/jobs]
socketio: INFO: emitting event "task update" to 20170509-173333-e98b [/jobs]
socketio: INFO: emitting event "task update" to 20170509-172825-84c5 [/jobs]
socketio: INFO: emitting event "task update" to 20170509-173335-6067 [/jobs]
socketio: INFO: emitting event "task update" to 20170509-172147-4505 [/jobs]
socketio: INFO: emitting event "task update" to 20170509-173337-8532 [/jobs]
socketio: INFO: emitting event "job update" to 20170509-174514-8ed3 [/jobs]
socketio: INFO: emitting event "job update" to job_management [/jobs]
digits: INFO: Job deleted.
socketio: INFO: emitting event "job update" to job_management [/jobs]
--------------------- >> end captured logging << ---------------------

======================================================================
FAIL: digits.model.images.generic.test_views.TestTensorflowCreatedWithGradientDataExtensionNoValSet.test_infer_many_json
----------------------------------------------------------------------
Traceback (most recent call last):
  File "/home/ethan/.local/lib/python2.7/site-packages/nose/case.py", line 197, in runTest
    self.test(*self.arg)
  File "/home/ethan/digits_GAN/digits/model/images/generic/test_views.py", line 675, in test_infer_many_json
    assert rv.status_code == 200, 'POST failed with %s' % rv.status_code
AssertionError: POST failed with 500
-------------------- >> begin captured logging << --------------------
socketio: INFO: emitting event "job update" to job_management [/jobs]
socketio: INFO: emitting event "task update" to 20170509-172907-6ffa [/jobs]
socketio: INFO: emitting event "task update" to 20170509-172339-dc52 [/jobs]
socketio: INFO: emitting event "task update" to 20170509-172625-e177 [/jobs]
socketio: INFO: emitting event "task update" to 20170509-173316-5f8a [/jobs]
socketio: INFO: emitting event "task update" to 20170509-173318-416e [/jobs]
socketio: INFO: emitting event "job update" to 20170509-174517-0937 [/jobs]
socketio: INFO: emitting event "job update" to job_management [/jobs]
socketio: INFO: emitting event "server update" to job_management [/jobs]
socketio: INFO: emitting event "server update" to job_management [/jobs]
socketio: INFO: emitting event "task update" to 20170509-173415-8046 [/jobs]
socketio: INFO: emitting event "task update" to 20170509-173027-0946 [/jobs]
socketio: INFO: emitting event "task update" to 20170509-172218-c9c0 [/jobs]
socketio: INFO: emitting event "task update" to 20170509-172328-6826 [/jobs]
socketio: INFO: emitting event "task update" to 20170509-173403-2593 [/jobs]
socketio: INFO: emitting event "task update" to 20170509-174313-cb2c [/jobs]
socketio: INFO: emitting event "task update" to 20170509-172344-9606 [/jobs]
socketio: INFO: emitting event "task update" to 20170509-172430-a33c [/jobs]
socketio: INFO: emitting event "task update" to 20170509-172605-0fd8 [/jobs]
socketio: INFO: emitting event "task update" to 20170509-172706-cfe6 [/jobs]
socketio: INFO: emitting event "task update" to 20170509-173209-48ad [/jobs]
digits.webapp: INFO: Infer Model task started.
socketio: INFO: emitting event "task update" to 20170509-174517-0937 [/jobs]
socketio: INFO: emitting event "job update" to 20170509-174517-0937 [/jobs]
socketio: INFO: emitting event "job update" to job_management [/jobs]
digits.webapp: INFO: Task subprocess args: "/usr/bin/python2 /home/ethan/digits_GAN/digits/tools/inference.py /tmp/tmpX3R8Ve/20170509-174517-0937/tmpJLaFOZ.txt /tmp/tmpX3R8Ve/20170509-174517-0937 20170509-174451-4b24 --jobs_dir=/tmp/tmpX3R8Ve --layers=none --gpu=0"
socketio: INFO: emitting event "task update" to 20170509-173320-66e3 [/jobs]
socketio: INFO: emitting event "task update" to 20170509-172927-67d2 [/jobs]
socketio: INFO: emitting event "task update" to 20170509-173515-e8bf [/jobs]
socketio: INFO: emitting event "task update" to 20170509-172524-d7c0 [/jobs]
socketio: INFO: emitting event "task update" to 20170509-172419-2d22 [/jobs]
socketio: INFO: emitting event "task update" to 20170509-172337-f1aa [/jobs]
socketio: INFO: emitting event "task update" to 20170509-173228-acad [/jobs]
socketio: INFO: emitting event "task update" to 20170509-172350-6fcd [/jobs]
socketio: INFO: emitting event "task update" to 20170509-173357-1ed1 [/jobs]
socketio: INFO: emitting event "task update" to 20170509-172259-8252 [/jobs]
socketio: INFO: emitting event "task update" to 20170509-173322-0807 [/jobs]
socketio: INFO: emitting event "task update" to 20170509-172114-d063 [/jobs]
socketio: INFO: emitting event "task update" to 20170509-172323-89b4 [/jobs]
socketio: INFO: emitting event "task update" to 20170509-174411-45b4 [/jobs]
socketio: INFO: emitting event "task update" to 20170509-173300-0377 [/jobs]
socketio: INFO: emitting event "task update" to 20170509-173245-3417 [/jobs]
socketio: INFO: emitting event "task update" to 20170509-173324-49b0 [/jobs]
socketio: INFO: emitting event "task update" to 20170509-172342-e0ef [/jobs]
socketio: INFO: emitting event "task update" to 20170509-173108-a6ff [/jobs]
socketio: INFO: emitting event "task update" to 20170509-172725-6a13 [/jobs]
socketio: INFO: emitting event "task update" to 20170509-172806-b5bc [/jobs]
socketio: INFO: emitting event "task update" to 20170509-172227-0156 [/jobs]
socketio: INFO: emitting event "task update" to 20170509-174451-4b24 [/jobs]
socketio: INFO: emitting event "task update" to 20170509-172334-9d18 [/jobs]
socketio: INFO: emitting event "task update" to 20170509-173128-33ce [/jobs]
socketio: INFO: emitting event "task update" to 20170509-172347-b92a [/jobs]
socketio: INFO: emitting event "task update" to 20170509-173326-3e6f [/jobs]
socketio: INFO: emitting event "task update" to 20170509-172315-d38b [/jobs]
socketio: INFO: emitting event "task update" to 20170509-174340-86bb [/jobs]
socketio: INFO: emitting event "task update" to 20170509-172516-8f4b [/jobs]
socketio: INFO: emitting event "task update" to 20170509-172352-bfdd [/jobs]
socketio: INFO: emitting event "task update" to 20170509-172412-e6f0 [/jobs]
socketio: INFO: emitting event "task update" to 20170509-173329-1cea [/jobs]
socketio: INFO: emitting event "task update" to 20170509-173229-c795 [/jobs]
socketio: INFO: emitting event "task update" to 20170509-172202-9230 [/jobs]
socketio: INFO: emitting event "task update" to 20170509-173331-d237 [/jobs]
socketio: INFO: emitting event "task update" to 20170509-172317-7da8 [/jobs]
socketio: INFO: emitting event "task update" to 20170509-173008-ee07 [/jobs]
socketio: INFO: emitting event "task update" to 20170509-172210-1907 [/jobs]
socketio: INFO: emitting event "task update" to 20170509-173333-e98b [/jobs]
socketio: INFO: emitting event "task update" to 20170509-172825-84c5 [/jobs]
socketio: INFO: emitting event "task update" to 20170509-173335-6067 [/jobs]
socketio: INFO: emitting event "task update" to 20170509-172147-4505 [/jobs]
socketio: INFO: emitting event "task update" to 20170509-173337-8532 [/jobs]
socketio: INFO: emitting event "task update" to 20170509-172907-6ffa [/jobs]
socketio: INFO: emitting event "task update" to 20170509-172339-dc52 [/jobs]
socketio: INFO: emitting event "task update" to 20170509-172625-e177 [/jobs]
socketio: INFO: emitting event "task update" to 20170509-173316-5f8a [/jobs]
socketio: INFO: emitting event "task update" to 20170509-173318-416e [/jobs]
socketio: INFO: emitting event "task update" to 20170509-173415-8046 [/jobs]
socketio: INFO: emitting event "task update" to 20170509-173027-0946 [/jobs]
socketio: INFO: emitting event "task update" to 20170509-172218-c9c0 [/jobs]
socketio: INFO: emitting event "task update" to 20170509-172328-6826 [/jobs]
socketio: INFO: emitting event "task update" to 20170509-173403-2593 [/jobs]
socketio: INFO: emitting event "task update" to 20170509-174313-cb2c [/jobs]
socketio: INFO: emitting event "task update" to 20170509-172344-9606 [/jobs]
socketio: INFO: emitting event "task update" to 20170509-172430-a33c [/jobs]
socketio: INFO: emitting event "task update" to 20170509-172605-0fd8 [/jobs]
socketio: INFO: emitting event "task update" to 20170509-172706-cfe6 [/jobs]
socketio: INFO: emitting event "task update" to 20170509-173209-48ad [/jobs]
socketio: INFO: emitting event "task update" to 20170509-173320-66e3 [/jobs]
socketio: INFO: emitting event "task update" to 20170509-172927-67d2 [/jobs]
socketio: INFO: emitting event "task update" to 20170509-173515-e8bf [/jobs]
socketio: INFO: emitting event "task update" to 20170509-172524-d7c0 [/jobs]
socketio: INFO: emitting event "task update" to 20170509-172419-2d22 [/jobs]
socketio: INFO: emitting event "task update" to 20170509-172337-f1aa [/jobs]
socketio: INFO: emitting event "task update" to 20170509-173228-acad [/jobs]
socketio: INFO: emitting event "task update" to 20170509-172350-6fcd [/jobs]
socketio: INFO: emitting event "task update" to 20170509-173357-1ed1 [/jobs]
socketio: INFO: emitting event "task update" to 20170509-172259-8252 [/jobs]
socketio: INFO: emitting event "task update" to 20170509-173322-0807 [/jobs]
socketio: INFO: emitting event "task update" to 20170509-172114-d063 [/jobs]
socketio: INFO: emitting event "task update" to 20170509-172323-89b4 [/jobs]
socketio: INFO: emitting event "task update" to 20170509-174411-45b4 [/jobs]
socketio: INFO: emitting event "task update" to 20170509-173300-0377 [/jobs]
socketio: INFO: emitting event "task update" to 20170509-173245-3417 [/jobs]
socketio: INFO: emitting event "task update" to 20170509-173324-49b0 [/jobs]
socketio: INFO: emitting event "task update" to 20170509-172342-e0ef [/jobs]
socketio: INFO: emitting event "task update" to 20170509-173108-a6ff [/jobs]
socketio: INFO: emitting event "task update" to 20170509-172725-6a13 [/jobs]
socketio: INFO: emitting event "task update" to 20170509-172806-b5bc [/jobs]
socketio: INFO: emitting event "task update" to 20170509-172227-0156 [/jobs]
socketio: INFO: emitting event "task update" to 20170509-174451-4b24 [/jobs]
socketio: INFO: emitting event "task update" to 20170509-172334-9d18 [/jobs]
socketio: INFO: emitting event "task update" to 20170509-173128-33ce [/jobs]
socketio: INFO: emitting event "task update" to 20170509-172347-b92a [/jobs]
socketio: INFO: emitting event "task update" to 20170509-173326-3e6f [/jobs]
socketio: INFO: emitting event "task update" to 20170509-172315-d38b [/jobs]
socketio: INFO: emitting event "task update" to 20170509-174340-86bb [/jobs]
socketio: INFO: emitting event "task update" to 20170509-172516-8f4b [/jobs]
socketio: INFO: emitting event "task update" to 20170509-172352-bfdd [/jobs]
socketio: INFO: emitting event "task update" to 20170509-172412-e6f0 [/jobs]
socketio: INFO: emitting event "task update" to 20170509-173329-1cea [/jobs]
socketio: INFO: emitting event "task update" to 20170509-173229-c795 [/jobs]
socketio: INFO: emitting event "task update" to 20170509-172202-9230 [/jobs]
socketio: INFO: emitting event "task update" to 20170509-173331-d237 [/jobs]
socketio: INFO: emitting event "task update" to 20170509-172317-7da8 [/jobs]
socketio: INFO: emitting event "task update" to 20170509-173008-ee07 [/jobs]
socketio: INFO: emitting event "task update" to 20170509-172210-1907 [/jobs]
socketio: INFO: emitting event "task update" to 20170509-173333-e98b [/jobs]
socketio: INFO: emitting event "task update" to 20170509-172825-84c5 [/jobs]
socketio: INFO: emitting event "task update" to 20170509-173335-6067 [/jobs]
socketio: INFO: emitting event "task update" to 20170509-172147-4505 [/jobs]
socketio: INFO: emitting event "task update" to 20170509-173337-8532 [/jobs]
socketio: INFO: emitting event "task update" to 20170509-172907-6ffa [/jobs]
socketio: INFO: emitting event "task update" to 20170509-172339-dc52 [/jobs]
socketio: INFO: emitting event "task update" to 20170509-172625-e177 [/jobs]
socketio: INFO: emitting event "task update" to 20170509-173316-5f8a [/jobs]
socketio: INFO: emitting event "task update" to 20170509-173318-416e [/jobs]
socketio: INFO: emitting event "task update" to 20170509-173415-8046 [/jobs]
socketio: INFO: emitting event "task update" to 20170509-173027-0946 [/jobs]
socketio: INFO: emitting event "task update" to 20170509-172218-c9c0 [/jobs]
socketio: INFO: emitting event "task update" to 20170509-172328-6826 [/jobs]
socketio: INFO: emitting event "task update" to 20170509-173403-2593 [/jobs]
socketio: INFO: emitting event "task update" to 20170509-174313-cb2c [/jobs]
socketio: INFO: emitting event "task update" to 20170509-172344-9606 [/jobs]
socketio: INFO: emitting event "task update" to 20170509-172430-a33c [/jobs]
socketio: INFO: emitting event "task update" to 20170509-172605-0fd8 [/jobs]
socketio: INFO: emitting event "task update" to 20170509-172706-cfe6 [/jobs]
socketio: INFO: emitting event "task update" to 20170509-173209-48ad [/jobs]
socketio: INFO: emitting event "task update" to 20170509-173320-66e3 [/jobs]
socketio: INFO: emitting event "task update" to 20170509-172927-67d2 [/jobs]
socketio: INFO: emitting event "task update" to 20170509-173515-e8bf [/jobs]
socketio: INFO: emitting event "task update" to 20170509-172524-d7c0 [/jobs]
socketio: INFO: emitting event "task update" to 20170509-172419-2d22 [/jobs]
socketio: INFO: emitting event "task update" to 20170509-172337-f1aa [/jobs]
socketio: INFO: emitting event "task update" to 20170509-173228-acad [/jobs]
socketio: INFO: emitting event "task update" to 20170509-172350-6fcd [/jobs]
socketio: INFO: emitting event "task update" to 20170509-173357-1ed1 [/jobs]
socketio: INFO: emitting event "task update" to 20170509-172259-8252 [/jobs]
socketio: INFO: emitting event "task update" to 20170509-173322-0807 [/jobs]
socketio: INFO: emitting event "task update" to 20170509-172114-d063 [/jobs]
socketio: INFO: emitting event "task update" to 20170509-172323-89b4 [/jobs]
socketio: INFO: emitting event "task update" to 20170509-174411-45b4 [/jobs]
socketio: INFO: emitting event "task update" to 20170509-173300-0377 [/jobs]
socketio: INFO: emitting event "task update" to 20170509-173245-3417 [/jobs]
socketio: INFO: emitting event "task update" to 20170509-173324-49b0 [/jobs]
socketio: INFO: emitting event "task update" to 20170509-172342-e0ef [/jobs]
socketio: INFO: emitting event "task update" to 20170509-173108-a6ff [/jobs]
socketio: INFO: emitting event "task update" to 20170509-172725-6a13 [/jobs]
socketio: INFO: emitting event "task update" to 20170509-172806-b5bc [/jobs]
socketio: INFO: emitting event "task update" to 20170509-172227-0156 [/jobs]
socketio: INFO: emitting event "task update" to 20170509-174451-4b24 [/jobs]
socketio: INFO: emitting event "task update" to 20170509-172334-9d18 [/jobs]
socketio: INFO: emitting event "task update" to 20170509-173128-33ce [/jobs]
socketio: INFO: emitting event "task update" to 20170509-172347-b92a [/jobs]
socketio: INFO: emitting event "task update" to 20170509-173326-3e6f [/jobs]
socketio: INFO: emitting event "task update" to 20170509-172315-d38b [/jobs]
socketio: INFO: emitting event "task update" to 20170509-174340-86bb [/jobs]
socketio: INFO: emitting event "task update" to 20170509-172516-8f4b [/jobs]
socketio: INFO: emitting event "task update" to 20170509-172352-bfdd [/jobs]
socketio: INFO: emitting event "task update" to 20170509-172412-e6f0 [/jobs]
socketio: INFO: emitting event "task update" to 20170509-173329-1cea [/jobs]
socketio: INFO: emitting event "task update" to 20170509-173229-c795 [/jobs]
socketio: INFO: emitting event "task update" to 20170509-172202-9230 [/jobs]
socketio: INFO: emitting event "task update" to 20170509-173331-d237 [/jobs]
socketio: INFO: emitting event "task update" to 20170509-172317-7da8 [/jobs]
socketio: INFO: emitting event "task update" to 20170509-173008-ee07 [/jobs]
socketio: INFO: emitting event "task update" to 20170509-172210-1907 [/jobs]
socketio: INFO: emitting event "task update" to 20170509-173333-e98b [/jobs]
socketio: INFO: emitting event "task update" to 20170509-172825-84c5 [/jobs]
socketio: INFO: emitting event "task update" to 20170509-173335-6067 [/jobs]
socketio: INFO: emitting event "task update" to 20170509-172147-4505 [/jobs]
digits.webapp: WARNING: Infer Model unrecognized output: WARNING: log_file config option not found - no log file is being saved
digits.webapp: WARNING: Infer Model unrecognized output: 2017-05-09 17:45:20 [ERROR] InferenceError: Unable to find snapshot for epoch=-1.0
digits.webapp: WARNING: Infer Model unrecognized output: Traceback (most recent call last):
digits.webapp: WARNING: Infer Model unrecognized output: File "/home/ethan/digits_GAN/digits/tools/inference.py", line 293, in <module>
digits.webapp: WARNING: Infer Model unrecognized output: args['resize']
digits.webapp: WARNING: Infer Model unrecognized output: File "/home/ethan/digits_GAN/digits/tools/inference.py", line 79, in infer
digits.webapp: WARNING: Infer Model unrecognized output: raise InferenceError("Unable to find snapshot for epoch=%s" % repr(epoch))
digits.webapp: WARNING: Infer Model unrecognized output: digits.inference.errors.InferenceError: 'Unable to find snapshot for epoch=-1.0'
socketio: INFO: emitting event "task update" to 20170509-173337-8532 [/jobs]
socketio: INFO: emitting event "task update" to 20170509-172907-6ffa [/jobs]
socketio: INFO: emitting event "task update" to 20170509-172339-dc52 [/jobs]
socketio: INFO: emitting event "task update" to 20170509-172625-e177 [/jobs]
socketio: INFO: emitting event "task update" to 20170509-173316-5f8a [/jobs]
socketio: INFO: emitting event "task update" to 20170509-173318-416e [/jobs]
socketio: INFO: emitting event "task update" to 20170509-173415-8046 [/jobs]
socketio: INFO: emitting event "task update" to 20170509-173027-0946 [/jobs]
socketio: INFO: emitting event "task update" to 20170509-172218-c9c0 [/jobs]
socketio: INFO: emitting event "task update" to 20170509-172328-6826 [/jobs]
socketio: INFO: emitting event "task update" to 20170509-173403-2593 [/jobs]
socketio: INFO: emitting event "task update" to 20170509-174313-cb2c [/jobs]
socketio: INFO: emitting event "task update" to 20170509-172344-9606 [/jobs]
socketio: INFO: emitting event "task update" to 20170509-172430-a33c [/jobs]
socketio: INFO: emitting event "task update" to 20170509-172605-0fd8 [/jobs]
socketio: INFO: emitting event "task update" to 20170509-172706-cfe6 [/jobs]
socketio: INFO: emitting event "task update" to 20170509-173209-48ad [/jobs]
digits.webapp: ERROR: Infer Model task failed with error code 1
socketio: INFO: emitting event "task update" to 20170509-174517-0937 [/jobs]
socketio: INFO: emitting event "job update" to 20170509-174517-0937 [/jobs]
socketio: INFO: emitting event "job update" to job_management [/jobs]
socketio: INFO: emitting event "server update" to job_management [/jobs]
socketio: INFO: emitting event "server update" to job_management [/jobs]
socketio: INFO: emitting event "task update" to 20170509-173320-66e3 [/jobs]
socketio: INFO: emitting event "job update" to 20170509-174517-0937 [/jobs]
socketio: INFO: emitting event "job update" to job_management [/jobs]
digits: INFO: Job deleted.
socketio: INFO: emitting event "job update" to job_management [/jobs]
--------------------- >> end captured logging << ---------------------

======================================================================
FAIL: digits.model.images.generic.test_views.TestTensorflowCreatedWithGradientDataExtensionNoValSet.test_infer_one
----------------------------------------------------------------------
Traceback (most recent call last):
  File "/home/ethan/.local/lib/python2.7/site-packages/nose/case.py", line 197, in runTest
    self.test(*self.arg)
  File "/home/ethan/digits_GAN/digits/model/images/generic/test_views.py", line 593, in test_infer_one
    assert rv.status_code == 200, 'POST failed with %s\n\n%s' % (rv.status_code, body)
AssertionError: POST failed with 500

[<body>\n<div class="navbar navbar-inverse navbar-fixed-top">\n<div class="container">\n<div class="navbar-header">\n<a class="navbar-brand" href="/">DIGITS</a>\n</div>\n<ul class="nav navbar-nav">\n<li><a href="/models/20170509-174451-4b24">test_model</a></li>\n<li class="active"><a>Test One</a></li>\n</ul>\n<ul class="nav navbar-nav navbar-right">\n<li>\n<p class="navbar-text">\n            digits-testsuite (<a class="navbar-link" href="/logout">Logout</a>)\n            </p>\n</li>\n<li class="dropdown">\n<a class="dropdown-toggle" data-toggle="dropdown" href="#">Info<span class="caret"></span></a>\n<ul class="dropdown-menu navbar-inverse">\n<li><span class="navbar-text">Server: ethan-computer</span></li>\n<li><span class="navbar-text">DIGITS version: <br> 5.1-dev</br></span></li>\n<li><span class="navbar-text">Caffe version: <br> 0.15.13</br></span></li>\n<li><span class="navbar-text">Caffe flavor: <br> NVIDIA</br></span></li>\n</ul>\n</li>\n<li class="dropdown">\n<a class="dropdown-toggle" data-toggle="dropdown" href="#">About<span class="caret"></span></a>\n<ul class="dropdown-menu about-menu navbar-inverse">\n<li><span class="navbar-text"><a href="https://developer.nvidia.com/digits" target="_blank">\n                        DIGITS on developer.nvidia.com\n                    </a></span></li>\n<li><span class="navbar-text"><a href="https://github.com/NVIDIA/DIGITS" target="_blank">\n                        DIGITS on GitHub\n                    </a></span></li>\n<li><span class="navbar-text"><a href="https://groups.google.com/d/forum/digits-users" target="_blank">\n                        DIGITS user group\n                    </a></span></li>\n<li><span class="navbar-text"><a href="mailto:digits@nvidia.com">\n                        digits@nvidia.com\n                    </a></span></li>\n</ul>\n</li>\n</ul>\n</div>\n</div>\n<div class="container">\n<div class="jumbotron">\n<div class="container">\n<div class="row">\n<div class="col-sm-12" id="show-job-name">\n<h2 style="display:inline;">Infer One Image</h2>\n</div>\n<div class="col-sm-4" id="edit-job-name" style="display:none;">\n<script>\nfunction updateJobName() {\n    var newName = $("input[name=job-name]").val();\n    $.ajax("/jobs/20170509-174520-4cc4",\n            {\n                type: "PUT",\n                data: {"job_name": newName}\n                }\n          )\n    .done(function() {\n            $("#show-job-name h2").html(newName);\n            $('#edit-job-name').hide(); $('#show-job-name').show();\n            })\n    .fail(function(data) { errorAlert(data); });\n    return false;\n}\n                </script>\n<input class="form-control" name="job-name" value="Infer One Image"/>\n<a class="btn btn-primary" href="#" onclick="return updateJobName();">Update</a>\n<a class="btn btn-info" href="#" onclick="$('#edit-job-name').hide(); $('#show-job-name').show(); return false;">Cancel</a>\n</div>\n</div>\n<small>Owner: digits-testsuite</small>\n<div class="pull-right">\n<a class="btn btn-info" disabled="" id="clone-job">Clone Job</a>\n<a class="btn btn-warning hidden disabled" id="abort-job">Abort Job</a>\n<a class="btn btn-danger disabled" id="delete-job">Delete Job</a>\n</div>\n</div>\n<script>\n$('#abort-job').on('click', function(event) {\n        event.preventDefault();\n        bootbox.confirm(\n            'Are you sure you want to abort this job?',\n            function(result) {\n                if (result)\n                    $.ajax("/jobs/20170509-174520-4cc4/abort",\n                        {type: "POST"})\n                    .done(function() {\n                        $("#abort-job").hide();\n                        })\n                    .fail(function(data) { errorAlert(data); });\n            });\n        });\n\n$('#delete-job').on('click', function(event) {\n        event.preventDefault();\n        bootbox.confirm(\n            'Are you sure you want to delete this job?<br><br>All related files will be permanently removed.',\n            function(result) {\n                if (result)\n                    $.ajax("/jobs/20170509-174520-4cc4",\n                        {type: "DELETE"})\n                    .done(function() {\n                        window.location = "/";\n                        })\n                    .fail(function(data) { errorAlert(data); });\n            });\n        });\n    </script>\n</div>\n<div class="row">\n<!-- Job content -->\n<div class="col-sm-8">\n<script src="/static/js/3rdparty/jquery.elevateZoom-3.0.8.min.js?ver=4606b4a4404b87a591d409910710feb1"></script>\n<div class="page-header">\n<h1>\n        test_model\n        <small>\n            Generic Image Model\n        </small>\n</h1>\n</div>\n<div class="row">\n<div class="alert alert-danger">\n<p>Inference failed, see job log</p>\n</div>\n</div>\n</div>\n<!-- Tasks -->\n<div class="col-sm-4">\n<div class="panel-group">\n<div class="panel panel-danger" id="job-statuses">\n<div class="panel-heading">\n<h4 class="panel-title">\n                    Job Status\n                    <small>Error</small>\n</h4>\n</div>\n<div class="panel-collapse">\n<div class="panel-body">\n<div class="job-statuses">\n<ul>\n<li>\n<span class="text-warning">Initialized</span>\n        at 05:45:20 PM\n            <small>(0 seconds)</small>\n</li>\n<li>\n<span class="text-info">Running</span>\n        at 05:45:20 PM\n            <small>(3 seconds)</small>\n</li>\n<li>\n<span class="text-danger">Error</span>\n        at 05:45:23 PM\n            <br>\n<small>(Total - 3 seconds)</small>\n</br></li>\n</ul>\n</div>\n<div class="panel-group">\n<div class="panel panel-danger" id="task-140099415143440-status">\n<div class="panel-heading">\n<h4 class="panel-title">\n<a data-toggle="collapse" href="#task-140099415143440-status-collapse">\n                                            Infer Model\n                                            <small>Error</small>\n<span class="caret"></span>\n</a>\n</h4>\n</div>\n<div class="panel-collapse collapse in" id="task-140099415143440-status-collapse">\n<div class="panel-body">\n<div class="task-progress" style="display:none;">\n<div class="progress">\n<div class="progress-bar" style="width:0%">\n                                                    0%\n                                                </div>\n</div>\n                                            Estimated time remaining: <span class="task-eta">?</span>\n<br/>\n<br/>\n</div>\n<div class="task-statuses">\n<ul>\n<li>\n<span class="text-warning">Initialized</span>\n        at 05:45:20 PM\n            <small>(0 seconds)</small>\n</li>\n<li>\n<span class="text-info">Running</span>\n        at 05:45:20 PM\n            <small>(3 seconds)</small>\n</li>\n<li>\n<span class="text-danger">Error</span>\n        at 05:45:23 PM\n            <br>\n<small>(Total - 3 seconds)</small>\n</br></li>\n</ul>\n<h4 class="text-danger">ERROR: error code 1</h4>\n<pre>\nWARNING: log_file config option not found - no log file is being saved\n2017-05-09 17:45:23 [ERROR] InferenceError: Unable to find snapshot for epoch=-1.0\nTraceback (most recent call last):\nFile "/home/ethan/digits_GAN/digits/tools/inference.py", line 293, in &lt;module&gt;\nargs['resize']\nFile "/home/ethan/digits_GAN/digits/tools/inference.py", line 79, in infer\nraise InferenceError("Unable to find snapshot for epoch=%s" % repr(epoch))\ndigits.inference.errors.InferenceError: 'Unable to find snapshot for epoch=-1.0'\n        </pre>\n</div>\n</div>\n</div>\n</div>\n</div>\n</div>\n</div>\n</div>\n</div>\n<div class="gpu-utilization-info" style="display:none;"></div>\n<!-- Related jobs -->\n<div class="panel panel-default" id="notes-information">\n<div class="panel-heading">\n<h4>Notes</h4>\n</div>\n<div class="panel-body">\n<div class="col-sm-12" id="show-job-notes">\n<p style="display:inline;">None</p>\n</div>\n<div class="col-sm-12" id="edit-job-notes" style="display:none;">\n<script type="text/javascript">\n                        function updateJobNotes() {\n                        var newNotes = $("textarea[name=job-notes]").val();\n                        $.ajax("/jobs/20170509-174520-4cc4",\n                                {\n                                    type: "PUT",\n                                    data: {"job_notes": newNotes}\n                                    }\n                              )\n                        .done(function() {\n                                $("#show-job-notes p").html(newNotes);\n                                $('#edit-job-notes').hide(); $('#show-job-notes').show();\n                                })\n                        .fail(function(data) { errorAlert(data); });\n                        return false;\n                    }\n                    </script>\n<textarea class="form-control" name="job-notes" placeholder="Enter notes" rows="5"></textarea>\n<a class="btn btn-primary" href="#" onclick="return updateJobNotes();">Update</a>\n<a class="btn btn-info" href="#" onclick="$('#edit-job-notes').hide(); $('#show-job-notes').show(); return false;">Cancel</a>\n</div>\n</div>\n</div>\n</div>\n</div>\n<div class="row">\n<script type="text/javascript">\n    function drawHistogram(id, data) {\n        c3.generate({\n            bindto: id,\n            size: {height: 200},\n            data: {\n                columns: [\n                    ['Count'].concat(data[0]),\n                    ['Value'].concat(data[1]),\n                ],\n                x: 'Value',\n                type: 'area-spline',\n            },\n            axis: {\n                x: {\n                    label: {\n                        text: 'Value',\n                        position: 'outer-center',\n                    },\n                    tick: {\n                        values: data[2],\n                        format: d3.format('.3g'),\n                    },\n                    padding: {left: 0},\n                },\n                y: {\n                    padding: {bottom: 0},\n                },\n            },\n            bar: {\n               width: {ratio: 0.2}\n            },\n            padding: {left: 20, right: 20},\n            legend: {hide: true},\n        });\n    }\n</script>\n<style>\n    div.histogram .c3-axis-y .tick {\n        display: none;\n    }\n</style>\n</div>\n</div>\n<script>\n$SCRIPT_ROOT = "";\n\n$(".explanation-tooltip").tooltip();\n\nwindow.onload = function () {\n    $('.autocomplete_path').autocomplete({\n       serviceUrl: '/autocomplete/path',\n       formatResult: function (suggestion, currentValue)\n       {\n            function baseName(str)\n            {\n               var base = new String(str).substring(str.lastIndexOf('/') + 1);\n               return base;\n            }\n            return baseName(suggestion.value);\n        },\n        minChars: 0\n    });\n    $(".autocomplete_path").removeAttr("autocomplete");\n};\n\n</script>\n<style>\n .about-menu {\n     width: 240px !important;\n }\n .brightness {\n     display: inline-block;\n }\n .brightness img:hover {\n     opacity: .75;\n }\n</style>\n</body>]
-------------------- >> begin captured logging << --------------------
socketio: INFO: emitting event "job update" to job_management [/jobs]
socketio: INFO: emitting event "task update" to 20170509-172927-67d2 [/jobs]
socketio: INFO: emitting event "task update" to 20170509-173515-e8bf [/jobs]
socketio: INFO: emitting event "task update" to 20170509-172524-d7c0 [/jobs]
socketio: INFO: emitting event "task update" to 20170509-172419-2d22 [/jobs]
socketio: INFO: emitting event "task update" to 20170509-172337-f1aa [/jobs]
socketio: INFO: emitting event "job update" to 20170509-174520-4cc4 [/jobs]
socketio: INFO: emitting event "job update" to job_management [/jobs]
socketio: INFO: emitting event "server update" to job_management [/jobs]
socketio: INFO: emitting event "server update" to job_management [/jobs]
digits.webapp: INFO: Infer Model task started.
socketio: INFO: emitting event "task update" to 20170509-174520-4cc4 [/jobs]
socketio: INFO: emitting event "job update" to 20170509-174520-4cc4 [/jobs]
socketio: INFO: emitting event "job update" to job_management [/jobs]
digits.webapp: INFO: Task subprocess args: "/usr/bin/python2 /home/ethan/digits_GAN/digits/tools/inference.py /tmp/tmpX3R8Ve/20170509-174520-4cc4/tmpcqn5_Z.txt /tmp/tmpX3R8Ve/20170509-174520-4cc4 20170509-174451-4b24 --jobs_dir=/tmp/tmpX3R8Ve --layers=all --gpu=0"
socketio: INFO: emitting event "task update" to 20170509-173228-acad [/jobs]
socketio: INFO: emitting event "task update" to 20170509-172350-6fcd [/jobs]
socketio: INFO: emitting event "task update" to 20170509-173357-1ed1 [/jobs]
socketio: INFO: emitting event "task update" to 20170509-172259-8252 [/jobs]
socketio: INFO: emitting event "task update" to 20170509-173322-0807 [/jobs]
socketio: INFO: emitting event "task update" to 20170509-172114-d063 [/jobs]
socketio: INFO: emitting event "task update" to 20170509-172323-89b4 [/jobs]
socketio: INFO: emitting event "task update" to 20170509-174411-45b4 [/jobs]
socketio: INFO: emitting event "task update" to 20170509-173300-0377 [/jobs]
socketio: INFO: emitting event "task update" to 20170509-173245-3417 [/jobs]
socketio: INFO: emitting event "task update" to 20170509-173324-49b0 [/jobs]
socketio: INFO: emitting event "task update" to 20170509-172342-e0ef [/jobs]
socketio: INFO: emitting event "task update" to 20170509-173108-a6ff [/jobs]
socketio: INFO: emitting event "task update" to 20170509-172725-6a13 [/jobs]
socketio: INFO: emitting event "task update" to 20170509-172806-b5bc [/jobs]
socketio: INFO: emitting event "task update" to 20170509-172227-0156 [/jobs]
socketio: INFO: emitting event "task update" to 20170509-174451-4b24 [/jobs]
socketio: INFO: emitting event "task update" to 20170509-172334-9d18 [/jobs]
socketio: INFO: emitting event "task update" to 20170509-173128-33ce [/jobs]
socketio: INFO: emitting event "task update" to 20170509-172347-b92a [/jobs]
socketio: INFO: emitting event "task update" to 20170509-173326-3e6f [/jobs]
socketio: INFO: emitting event "task update" to 20170509-172315-d38b [/jobs]
socketio: INFO: emitting event "task update" to 20170509-174340-86bb [/jobs]
socketio: INFO: emitting event "task update" to 20170509-172516-8f4b [/jobs]
socketio: INFO: emitting event "task update" to 20170509-172352-bfdd [/jobs]
socketio: INFO: emitting event "task update" to 20170509-172412-e6f0 [/jobs]
socketio: INFO: emitting event "task update" to 20170509-173329-1cea [/jobs]
socketio: INFO: emitting event "task update" to 20170509-173229-c795 [/jobs]
socketio: INFO: emitting event "task update" to 20170509-172202-9230 [/jobs]
socketio: INFO: emitting event "task update" to 20170509-173331-d237 [/jobs]
socketio: INFO: emitting event "task update" to 20170509-172317-7da8 [/jobs]
socketio: INFO: emitting event "task update" to 20170509-173008-ee07 [/jobs]
socketio: INFO: emitting event "task update" to 20170509-172210-1907 [/jobs]
socketio: INFO: emitting event "task update" to 20170509-173333-e98b [/jobs]
socketio: INFO: emitting event "task update" to 20170509-172825-84c5 [/jobs]
socketio: INFO: emitting event "task update" to 20170509-173335-6067 [/jobs]
socketio: INFO: emitting event "task update" to 20170509-172147-4505 [/jobs]
socketio: INFO: emitting event "task update" to 20170509-173337-8532 [/jobs]
socketio: INFO: emitting event "task update" to 20170509-172907-6ffa [/jobs]
socketio: INFO: emitting event "task update" to 20170509-172339-dc52 [/jobs]
socketio: INFO: emitting event "task update" to 20170509-172625-e177 [/jobs]
socketio: INFO: emitting event "task update" to 20170509-173316-5f8a [/jobs]
socketio: INFO: emitting event "task update" to 20170509-173318-416e [/jobs]
socketio: INFO: emitting event "task update" to 20170509-173415-8046 [/jobs]
socketio: INFO: emitting event "task update" to 20170509-173027-0946 [/jobs]
socketio: INFO: emitting event "task update" to 20170509-172218-c9c0 [/jobs]
socketio: INFO: emitting event "task update" to 20170509-172328-6826 [/jobs]
socketio: INFO: emitting event "task update" to 20170509-173403-2593 [/jobs]
socketio: INFO: emitting event "task update" to 20170509-174313-cb2c [/jobs]
socketio: INFO: emitting event "task update" to 20170509-172344-9606 [/jobs]
socketio: INFO: emitting event "task update" to 20170509-172430-a33c [/jobs]
socketio: INFO: emitting event "task update" to 20170509-172605-0fd8 [/jobs]
socketio: INFO: emitting event "task update" to 20170509-172706-cfe6 [/jobs]
socketio: INFO: emitting event "task update" to 20170509-173209-48ad [/jobs]
socketio: INFO: emitting event "task update" to 20170509-173320-66e3 [/jobs]
socketio: INFO: emitting event "task update" to 20170509-172927-67d2 [/jobs]
socketio: INFO: emitting event "task update" to 20170509-173515-e8bf [/jobs]
socketio: INFO: emitting event "task update" to 20170509-172524-d7c0 [/jobs]
socketio: INFO: emitting event "task update" to 20170509-172419-2d22 [/jobs]
socketio: INFO: emitting event "task update" to 20170509-172337-f1aa [/jobs]
socketio: INFO: emitting event "task update" to 20170509-173228-acad [/jobs]
socketio: INFO: emitting event "task update" to 20170509-172350-6fcd [/jobs]
socketio: INFO: emitting event "task update" to 20170509-173357-1ed1 [/jobs]
socketio: INFO: emitting event "task update" to 20170509-172259-8252 [/jobs]
socketio: INFO: emitting event "task update" to 20170509-173322-0807 [/jobs]
socketio: INFO: emitting event "task update" to 20170509-172114-d063 [/jobs]
socketio: INFO: emitting event "task update" to 20170509-172323-89b4 [/jobs]
socketio: INFO: emitting event "task update" to 20170509-174411-45b4 [/jobs]
socketio: INFO: emitting event "task update" to 20170509-173300-0377 [/jobs]
socketio: INFO: emitting event "task update" to 20170509-173245-3417 [/jobs]
socketio: INFO: emitting event "task update" to 20170509-173324-49b0 [/jobs]
socketio: INFO: emitting event "task update" to 20170509-172342-e0ef [/jobs]
socketio: INFO: emitting event "task update" to 20170509-173108-a6ff [/jobs]
socketio: INFO: emitting event "task update" to 20170509-172725-6a13 [/jobs]
socketio: INFO: emitting event "task update" to 20170509-172806-b5bc [/jobs]
socketio: INFO: emitting event "task update" to 20170509-172227-0156 [/jobs]
socketio: INFO: emitting event "task update" to 20170509-174451-4b24 [/jobs]
socketio: INFO: emitting event "task update" to 20170509-172334-9d18 [/jobs]
socketio: INFO: emitting event "task update" to 20170509-173128-33ce [/jobs]
socketio: INFO: emitting event "task update" to 20170509-172347-b92a [/jobs]
socketio: INFO: emitting event "task update" to 20170509-173326-3e6f [/jobs]
socketio: INFO: emitting event "task update" to 20170509-172315-d38b [/jobs]
socketio: INFO: emitting event "task update" to 20170509-174340-86bb [/jobs]
socketio: INFO: emitting event "task update" to 20170509-172516-8f4b [/jobs]
socketio: INFO: emitting event "task update" to 20170509-172352-bfdd [/jobs]
socketio: INFO: emitting event "task update" to 20170509-172412-e6f0 [/jobs]
socketio: INFO: emitting event "task update" to 20170509-173329-1cea [/jobs]
socketio: INFO: emitting event "task update" to 20170509-173229-c795 [/jobs]
socketio: INFO: emitting event "task update" to 20170509-172202-9230 [/jobs]
socketio: INFO: emitting event "task update" to 20170509-173331-d237 [/jobs]
socketio: INFO: emitting event "task update" to 20170509-172317-7da8 [/jobs]
socketio: INFO: emitting event "task update" to 20170509-173008-ee07 [/jobs]
socketio: INFO: emitting event "task update" to 20170509-172210-1907 [/jobs]
socketio: INFO: emitting event "task update" to 20170509-173333-e98b [/jobs]
socketio: INFO: emitting event "task update" to 20170509-172825-84c5 [/jobs]
socketio: INFO: emitting event "task update" to 20170509-173335-6067 [/jobs]
socketio: INFO: emitting event "task update" to 20170509-172147-4505 [/jobs]
socketio: INFO: emitting event "task update" to 20170509-173337-8532 [/jobs]
socketio: INFO: emitting event "task update" to 20170509-172907-6ffa [/jobs]
socketio: INFO: emitting event "task update" to 20170509-172339-dc52 [/jobs]
socketio: INFO: emitting event "task update" to 20170509-172625-e177 [/jobs]
socketio: INFO: emitting event "task update" to 20170509-173316-5f8a [/jobs]
socketio: INFO: emitting event "task update" to 20170509-173318-416e [/jobs]
socketio: INFO: emitting event "task update" to 20170509-173415-8046 [/jobs]
socketio: INFO: emitting event "task update" to 20170509-173027-0946 [/jobs]
socketio: INFO: emitting event "task update" to 20170509-172218-c9c0 [/jobs]
socketio: INFO: emitting event "task update" to 20170509-172328-6826 [/jobs]
socketio: INFO: emitting event "task update" to 20170509-173403-2593 [/jobs]
socketio: INFO: emitting event "task update" to 20170509-174313-cb2c [/jobs]
socketio: INFO: emitting event "task update" to 20170509-172344-9606 [/jobs]
socketio: INFO: emitting event "task update" to 20170509-172430-a33c [/jobs]
socketio: INFO: emitting event "task update" to 20170509-172605-0fd8 [/jobs]
socketio: INFO: emitting event "task update" to 20170509-172706-cfe6 [/jobs]
socketio: INFO: emitting event "task update" to 20170509-173209-48ad [/jobs]
socketio: INFO: emitting event "task update" to 20170509-173320-66e3 [/jobs]
socketio: INFO: emitting event "task update" to 20170509-172927-67d2 [/jobs]
socketio: INFO: emitting event "task update" to 20170509-173515-e8bf [/jobs]
socketio: INFO: emitting event "task update" to 20170509-172524-d7c0 [/jobs]
socketio: INFO: emitting event "task update" to 20170509-172419-2d22 [/jobs]
socketio: INFO: emitting event "task update" to 20170509-172337-f1aa [/jobs]
socketio: INFO: emitting event "task update" to 20170509-173228-acad [/jobs]
socketio: INFO: emitting event "task update" to 20170509-172350-6fcd [/jobs]
socketio: INFO: emitting event "task update" to 20170509-173357-1ed1 [/jobs]
socketio: INFO: emitting event "task update" to 20170509-172259-8252 [/jobs]
socketio: INFO: emitting event "task update" to 20170509-173322-0807 [/jobs]
socketio: INFO: emitting event "task update" to 20170509-172114-d063 [/jobs]
socketio: INFO: emitting event "task update" to 20170509-172323-89b4 [/jobs]
socketio: INFO: emitting event "task update" to 20170509-174411-45b4 [/jobs]
socketio: INFO: emitting event "task update" to 20170509-173300-0377 [/jobs]
socketio: INFO: emitting event "task update" to 20170509-173245-3417 [/jobs]
socketio: INFO: emitting event "task update" to 20170509-173324-49b0 [/jobs]
socketio: INFO: emitting event "task update" to 20170509-172342-e0ef [/jobs]
socketio: INFO: emitting event "task update" to 20170509-173108-a6ff [/jobs]
socketio: INFO: emitting event "task update" to 20170509-172725-6a13 [/jobs]
socketio: INFO: emitting event "task update" to 20170509-172806-b5bc [/jobs]
socketio: INFO: emitting event "task update" to 20170509-172227-0156 [/jobs]
socketio: INFO: emitting event "task update" to 20170509-174451-4b24 [/jobs]
socketio: INFO: emitting event "task update" to 20170509-172334-9d18 [/jobs]
socketio: INFO: emitting event "task update" to 20170509-173128-33ce [/jobs]
socketio: INFO: emitting event "task update" to 20170509-172347-b92a [/jobs]
socketio: INFO: emitting event "task update" to 20170509-173326-3e6f [/jobs]
socketio: INFO: emitting event "task update" to 20170509-172315-d38b [/jobs]
socketio: INFO: emitting event "task update" to 20170509-174340-86bb [/jobs]
socketio: INFO: emitting event "task update" to 20170509-172516-8f4b [/jobs]
socketio: INFO: emitting event "task update" to 20170509-172352-bfdd [/jobs]
socketio: INFO: emitting event "task update" to 20170509-172412-e6f0 [/jobs]
socketio: INFO: emitting event "task update" to 20170509-173329-1cea [/jobs]
socketio: INFO: emitting event "task update" to 20170509-173229-c795 [/jobs]
socketio: INFO: emitting event "task update" to 20170509-172202-9230 [/jobs]
socketio: INFO: emitting event "task update" to 20170509-173331-d237 [/jobs]
socketio: INFO: emitting event "task update" to 20170509-172317-7da8 [/jobs]
socketio: INFO: emitting event "task update" to 20170509-173008-ee07 [/jobs]
socketio: INFO: emitting event "task update" to 20170509-172210-1907 [/jobs]
socketio: INFO: emitting event "task update" to 20170509-173333-e98b [/jobs]
socketio: INFO: emitting event "task update" to 20170509-172825-84c5 [/jobs]
socketio: INFO: emitting event "task update" to 20170509-173335-6067 [/jobs]
socketio: INFO: emitting event "task update" to 20170509-172147-4505 [/jobs]
socketio: INFO: emitting event "task update" to 20170509-173337-8532 [/jobs]
socketio: INFO: emitting event "task update" to 20170509-172907-6ffa [/jobs]
socketio: INFO: emitting event "task update" to 20170509-172339-dc52 [/jobs]
socketio: INFO: emitting event "task update" to 20170509-172625-e177 [/jobs]
socketio: INFO: emitting event "task update" to 20170509-173316-5f8a [/jobs]
socketio: INFO: emitting event "task update" to 20170509-173318-416e [/jobs]
socketio: INFO: emitting event "task update" to 20170509-173415-8046 [/jobs]
socketio: INFO: emitting event "task update" to 20170509-173027-0946 [/jobs]
socketio: INFO: emitting event "task update" to 20170509-172218-c9c0 [/jobs]
socketio: INFO: emitting event "task update" to 20170509-172328-6826 [/jobs]
socketio: INFO: emitting event "task update" to 20170509-173403-2593 [/jobs]
socketio: INFO: emitting event "task update" to 20170509-174313-cb2c [/jobs]
socketio: INFO: emitting event "task update" to 20170509-172344-9606 [/jobs]
socketio: INFO: emitting event "task update" to 20170509-172430-a33c [/jobs]
socketio: INFO: emitting event "task update" to 20170509-172605-0fd8 [/jobs]
socketio: INFO: emitting event "task update" to 20170509-172706-cfe6 [/jobs]
socketio: INFO: emitting event "task update" to 20170509-173209-48ad [/jobs]
socketio: INFO: emitting event "task update" to 20170509-173320-66e3 [/jobs]
socketio: INFO: emitting event "task update" to 20170509-172927-67d2 [/jobs]
socketio: INFO: emitting event "task update" to 20170509-173515-e8bf [/jobs]
socketio: INFO: emitting event "task update" to 20170509-172524-d7c0 [/jobs]
socketio: INFO: emitting event "task update" to 20170509-172419-2d22 [/jobs]
digits.webapp: WARNING: Infer Model unrecognized output: WARNING: log_file config option not found - no log file is being saved
digits.webapp: WARNING: Infer Model unrecognized output: 2017-05-09 17:45:23 [ERROR] InferenceError: Unable to find snapshot for epoch=-1.0
digits.webapp: WARNING: Infer Model unrecognized output: Traceback (most recent call last):
digits.webapp: WARNING: Infer Model unrecognized output: File "/home/ethan/digits_GAN/digits/tools/inference.py", line 293, in <module>
digits.webapp: WARNING: Infer Model unrecognized output: args['resize']
digits.webapp: WARNING: Infer Model unrecognized output: File "/home/ethan/digits_GAN/digits/tools/inference.py", line 79, in infer
digits.webapp: WARNING: Infer Model unrecognized output: raise InferenceError("Unable to find snapshot for epoch=%s" % repr(epoch))
digits.webapp: WARNING: Infer Model unrecognized output: digits.inference.errors.InferenceError: 'Unable to find snapshot for epoch=-1.0'
socketio: INFO: emitting event "task update" to 20170509-172337-f1aa [/jobs]
socketio: INFO: emitting event "task update" to 20170509-173228-acad [/jobs]
socketio: INFO: emitting event "task update" to 20170509-172350-6fcd [/jobs]
socketio: INFO: emitting event "task update" to 20170509-173357-1ed1 [/jobs]
socketio: INFO: emitting event "task update" to 20170509-172259-8252 [/jobs]
socketio: INFO: emitting event "task update" to 20170509-173322-0807 [/jobs]
socketio: INFO: emitting event "task update" to 20170509-172114-d063 [/jobs]
socketio: INFO: emitting event "task update" to 20170509-172323-89b4 [/jobs]
socketio: INFO: emitting event "task update" to 20170509-174411-45b4 [/jobs]
socketio: INFO: emitting event "task update" to 20170509-173300-0377 [/jobs]
socketio: INFO: emitting event "task update" to 20170509-173245-3417 [/jobs]
socketio: INFO: emitting event "task update" to 20170509-173324-49b0 [/jobs]
digits.webapp: ERROR: Infer Model task failed with error code 1
socketio: INFO: emitting event "task update" to 20170509-174520-4cc4 [/jobs]
socketio: INFO: emitting event "job update" to 20170509-174520-4cc4 [/jobs]
socketio: INFO: emitting event "job update" to job_management [/jobs]
socketio: INFO: emitting event "server update" to job_management [/jobs]
socketio: INFO: emitting event "server update" to job_management [/jobs]
socketio: INFO: emitting event "job update" to 20170509-174520-4cc4 [/jobs]
socketio: INFO: emitting event "job update" to job_management [/jobs]
digits: INFO: Job deleted.
socketio: INFO: emitting event "job update" to job_management [/jobs]
--------------------- >> end captured logging << ---------------------

======================================================================
FAIL: digits.model.images.generic.test_views.TestTensorflowCreatedWithGradientDataExtensionNoValSet.test_infer_one_json
----------------------------------------------------------------------
Traceback (most recent call last):
  File "/home/ethan/.local/lib/python2.7/site-packages/nose/case.py", line 197, in runTest
    self.test(*self.arg)
  File "/home/ethan/digits_GAN/digits/model/images/generic/test_views.py", line 607, in test_infer_one_json
    assert rv.status_code == 200, 'POST failed with %s' % rv.status_code
AssertionError: POST failed with 500
-------------------- >> begin captured logging << --------------------
socketio: INFO: emitting event "job update" to job_management [/jobs]
socketio: INFO: emitting event "job update" to 20170509-174523-e2fa [/jobs]
socketio: INFO: emitting event "job update" to job_management [/jobs]
socketio: INFO: emitting event "server update" to job_management [/jobs]
socketio: INFO: emitting event "server update" to job_management [/jobs]
digits.webapp: INFO: Infer Model task started.
socketio: INFO: emitting event "task update" to 20170509-174523-e2fa [/jobs]
socketio: INFO: emitting event "job update" to 20170509-174523-e2fa [/jobs]
socketio: INFO: emitting event "job update" to job_management [/jobs]
digits.webapp: INFO: Task subprocess args: "/usr/bin/python2 /home/ethan/digits_GAN/digits/tools/inference.py /tmp/tmpX3R8Ve/20170509-174523-e2fa/tmprklY41.txt /tmp/tmpX3R8Ve/20170509-174523-e2fa 20170509-174451-4b24 --jobs_dir=/tmp/tmpX3R8Ve --layers=none --gpu=0"
socketio: INFO: emitting event "task update" to 20170509-172342-e0ef [/jobs]
socketio: INFO: emitting event "task update" to 20170509-173108-a6ff [/jobs]
socketio: INFO: emitting event "task update" to 20170509-172725-6a13 [/jobs]
socketio: INFO: emitting event "task update" to 20170509-172806-b5bc [/jobs]
socketio: INFO: emitting event "task update" to 20170509-172227-0156 [/jobs]
socketio: INFO: emitting event "task update" to 20170509-174451-4b24 [/jobs]
socketio: INFO: emitting event "task update" to 20170509-172334-9d18 [/jobs]
socketio: INFO: emitting event "task update" to 20170509-173128-33ce [/jobs]
socketio: INFO: emitting event "task update" to 20170509-172347-b92a [/jobs]
socketio: INFO: emitting event "task update" to 20170509-173326-3e6f [/jobs]
socketio: INFO: emitting event "task update" to 20170509-172315-d38b [/jobs]
socketio: INFO: emitting event "task update" to 20170509-174340-86bb [/jobs]
socketio: INFO: emitting event "task update" to 20170509-172516-8f4b [/jobs]
socketio: INFO: emitting event "task update" to 20170509-172352-bfdd [/jobs]
socketio: INFO: emitting event "task update" to 20170509-172412-e6f0 [/jobs]
socketio: INFO: emitting event "task update" to 20170509-173329-1cea [/jobs]
socketio: INFO: emitting event "task update" to 20170509-173229-c795 [/jobs]
socketio: INFO: emitting event "task update" to 20170509-172202-9230 [/jobs]
socketio: INFO: emitting event "task update" to 20170509-173331-d237 [/jobs]
socketio: INFO: emitting event "task update" to 20170509-172317-7da8 [/jobs]
socketio: INFO: emitting event "task update" to 20170509-173008-ee07 [/jobs]
socketio: INFO: emitting event "task update" to 20170509-172210-1907 [/jobs]
socketio: INFO: emitting event "task update" to 20170509-173333-e98b [/jobs]
socketio: INFO: emitting event "task update" to 20170509-172825-84c5 [/jobs]
socketio: INFO: emitting event "task update" to 20170509-173335-6067 [/jobs]
socketio: INFO: emitting event "task update" to 20170509-172147-4505 [/jobs]
socketio: INFO: emitting event "task update" to 20170509-173337-8532 [/jobs]
socketio: INFO: emitting event "task update" to 20170509-172907-6ffa [/jobs]
socketio: INFO: emitting event "task update" to 20170509-172339-dc52 [/jobs]
socketio: INFO: emitting event "task update" to 20170509-172625-e177 [/jobs]
socketio: INFO: emitting event "task update" to 20170509-173316-5f8a [/jobs]
socketio: INFO: emitting event "task update" to 20170509-173318-416e [/jobs]
socketio: INFO: emitting event "task update" to 20170509-173415-8046 [/jobs]
socketio: INFO: emitting event "task update" to 20170509-173027-0946 [/jobs]
socketio: INFO: emitting event "task update" to 20170509-172218-c9c0 [/jobs]
socketio: INFO: emitting event "task update" to 20170509-172328-6826 [/jobs]
socketio: INFO: emitting event "task update" to 20170509-173403-2593 [/jobs]
socketio: INFO: emitting event "task update" to 20170509-174313-cb2c [/jobs]
socketio: INFO: emitting event "task update" to 20170509-172344-9606 [/jobs]
socketio: INFO: emitting event "task update" to 20170509-172430-a33c [/jobs]
socketio: INFO: emitting event "task update" to 20170509-172605-0fd8 [/jobs]
socketio: INFO: emitting event "task update" to 20170509-172706-cfe6 [/jobs]
socketio: INFO: emitting event "task update" to 20170509-173209-48ad [/jobs]
socketio: INFO: emitting event "task update" to 20170509-173320-66e3 [/jobs]
socketio: INFO: emitting event "task update" to 20170509-172927-67d2 [/jobs]
socketio: INFO: emitting event "task update" to 20170509-173515-e8bf [/jobs]
socketio: INFO: emitting event "task update" to 20170509-172524-d7c0 [/jobs]
socketio: INFO: emitting event "task update" to 20170509-172419-2d22 [/jobs]
socketio: INFO: emitting event "task update" to 20170509-172337-f1aa [/jobs]
socketio: INFO: emitting event "task update" to 20170509-173228-acad [/jobs]
socketio: INFO: emitting event "task update" to 20170509-172350-6fcd [/jobs]
socketio: INFO: emitting event "task update" to 20170509-173357-1ed1 [/jobs]
socketio: INFO: emitting event "task update" to 20170509-172259-8252 [/jobs]
socketio: INFO: emitting event "task update" to 20170509-173322-0807 [/jobs]
socketio: INFO: emitting event "task update" to 20170509-172114-d063 [/jobs]
socketio: INFO: emitting event "task update" to 20170509-172323-89b4 [/jobs]
socketio: INFO: emitting event "task update" to 20170509-174411-45b4 [/jobs]
socketio: INFO: emitting event "task update" to 20170509-173300-0377 [/jobs]
socketio: INFO: emitting event "task update" to 20170509-173245-3417 [/jobs]
socketio: INFO: emitting event "task update" to 20170509-173324-49b0 [/jobs]
socketio: INFO: emitting event "task update" to 20170509-172342-e0ef [/jobs]
socketio: INFO: emitting event "task update" to 20170509-173108-a6ff [/jobs]
socketio: INFO: emitting event "task update" to 20170509-172725-6a13 [/jobs]
socketio: INFO: emitting event "task update" to 20170509-172806-b5bc [/jobs]
socketio: INFO: emitting event "task update" to 20170509-172227-0156 [/jobs]
socketio: INFO: emitting event "task update" to 20170509-174451-4b24 [/jobs]
socketio: INFO: emitting event "task update" to 20170509-172334-9d18 [/jobs]
socketio: INFO: emitting event "task update" to 20170509-173128-33ce [/jobs]
socketio: INFO: emitting event "task update" to 20170509-172347-b92a [/jobs]
socketio: INFO: emitting event "task update" to 20170509-173326-3e6f [/jobs]
socketio: INFO: emitting event "task update" to 20170509-172315-d38b [/jobs]
socketio: INFO: emitting event "task update" to 20170509-174340-86bb [/jobs]
socketio: INFO: emitting event "task update" to 20170509-172516-8f4b [/jobs]
socketio: INFO: emitting event "task update" to 20170509-172352-bfdd [/jobs]
socketio: INFO: emitting event "task update" to 20170509-172412-e6f0 [/jobs]
socketio: INFO: emitting event "task update" to 20170509-173329-1cea [/jobs]
socketio: INFO: emitting event "task update" to 20170509-173229-c795 [/jobs]
socketio: INFO: emitting event "task update" to 20170509-172202-9230 [/jobs]
socketio: INFO: emitting event "task update" to 20170509-173331-d237 [/jobs]
socketio: INFO: emitting event "task update" to 20170509-172317-7da8 [/jobs]
socketio: INFO: emitting event "task update" to 20170509-173008-ee07 [/jobs]
socketio: INFO: emitting event "task update" to 20170509-172210-1907 [/jobs]
socketio: INFO: emitting event "task update" to 20170509-173333-e98b [/jobs]
socketio: INFO: emitting event "task update" to 20170509-172825-84c5 [/jobs]
socketio: INFO: emitting event "task update" to 20170509-173335-6067 [/jobs]
socketio: INFO: emitting event "task update" to 20170509-172147-4505 [/jobs]
socketio: INFO: emitting event "task update" to 20170509-173337-8532 [/jobs]
socketio: INFO: emitting event "task update" to 20170509-172907-6ffa [/jobs]
socketio: INFO: emitting event "task update" to 20170509-172339-dc52 [/jobs]
socketio: INFO: emitting event "task update" to 20170509-172625-e177 [/jobs]
socketio: INFO: emitting event "task update" to 20170509-173316-5f8a [/jobs]
socketio: INFO: emitting event "task update" to 20170509-173318-416e [/jobs]
socketio: INFO: emitting event "task update" to 20170509-173415-8046 [/jobs]
socketio: INFO: emitting event "task update" to 20170509-173027-0946 [/jobs]
socketio: INFO: emitting event "task update" to 20170509-172218-c9c0 [/jobs]
socketio: INFO: emitting event "task update" to 20170509-172328-6826 [/jobs]
socketio: INFO: emitting event "task update" to 20170509-173403-2593 [/jobs]
socketio: INFO: emitting event "task update" to 20170509-174313-cb2c [/jobs]
socketio: INFO: emitting event "task update" to 20170509-172344-9606 [/jobs]
socketio: INFO: emitting event "task update" to 20170509-172430-a33c [/jobs]
socketio: INFO: emitting event "task update" to 20170509-172605-0fd8 [/jobs]
socketio: INFO: emitting event "task update" to 20170509-172706-cfe6 [/jobs]
socketio: INFO: emitting event "task update" to 20170509-173209-48ad [/jobs]
socketio: INFO: emitting event "task update" to 20170509-173320-66e3 [/jobs]
socketio: INFO: emitting event "task update" to 20170509-172927-67d2 [/jobs]
socketio: INFO: emitting event "task update" to 20170509-173515-e8bf [/jobs]
socketio: INFO: emitting event "task update" to 20170509-172524-d7c0 [/jobs]
socketio: INFO: emitting event "task update" to 20170509-172419-2d22 [/jobs]
socketio: INFO: emitting event "task update" to 20170509-172337-f1aa [/jobs]
socketio: INFO: emitting event "task update" to 20170509-173228-acad [/jobs]
socketio: INFO: emitting event "task update" to 20170509-172350-6fcd [/jobs]
socketio: INFO: emitting event "task update" to 20170509-173357-1ed1 [/jobs]
socketio: INFO: emitting event "task update" to 20170509-172259-8252 [/jobs]
socketio: INFO: emitting event "task update" to 20170509-173322-0807 [/jobs]
socketio: INFO: emitting event "task update" to 20170509-172114-d063 [/jobs]
socketio: INFO: emitting event "task update" to 20170509-172323-89b4 [/jobs]
socketio: INFO: emitting event "task update" to 20170509-174411-45b4 [/jobs]
socketio: INFO: emitting event "task update" to 20170509-173300-0377 [/jobs]
socketio: INFO: emitting event "task update" to 20170509-173245-3417 [/jobs]
socketio: INFO: emitting event "task update" to 20170509-173324-49b0 [/jobs]
socketio: INFO: emitting event "task update" to 20170509-172342-e0ef [/jobs]
socketio: INFO: emitting event "task update" to 20170509-173108-a6ff [/jobs]
socketio: INFO: emitting event "task update" to 20170509-172725-6a13 [/jobs]
socketio: INFO: emitting event "task update" to 20170509-172806-b5bc [/jobs]
socketio: INFO: emitting event "task update" to 20170509-172227-0156 [/jobs]
socketio: INFO: emitting event "task update" to 20170509-174451-4b24 [/jobs]
socketio: INFO: emitting event "task update" to 20170509-172334-9d18 [/jobs]
socketio: INFO: emitting event "task update" to 20170509-173128-33ce [/jobs]
socketio: INFO: emitting event "task update" to 20170509-172347-b92a [/jobs]
socketio: INFO: emitting event "task update" to 20170509-173326-3e6f [/jobs]
socketio: INFO: emitting event "task update" to 20170509-172315-d38b [/jobs]
socketio: INFO: emitting event "task update" to 20170509-174340-86bb [/jobs]
socketio: INFO: emitting event "task update" to 20170509-172516-8f4b [/jobs]
socketio: INFO: emitting event "task update" to 20170509-172352-bfdd [/jobs]
socketio: INFO: emitting event "task update" to 20170509-172412-e6f0 [/jobs]
socketio: INFO: emitting event "task update" to 20170509-173329-1cea [/jobs]
socketio: INFO: emitting event "task update" to 20170509-173229-c795 [/jobs]
socketio: INFO: emitting event "task update" to 20170509-172202-9230 [/jobs]
socketio: INFO: emitting event "task update" to 20170509-173331-d237 [/jobs]
socketio: INFO: emitting event "task update" to 20170509-172317-7da8 [/jobs]
socketio: INFO: emitting event "task update" to 20170509-173008-ee07 [/jobs]
socketio: INFO: emitting event "task update" to 20170509-172210-1907 [/jobs]
socketio: INFO: emitting event "task update" to 20170509-173333-e98b [/jobs]
socketio: INFO: emitting event "task update" to 20170509-172825-84c5 [/jobs]
socketio: INFO: emitting event "task update" to 20170509-173335-6067 [/jobs]
socketio: INFO: emitting event "task update" to 20170509-172147-4505 [/jobs]
socketio: INFO: emitting event "task update" to 20170509-173337-8532 [/jobs]
socketio: INFO: emitting event "task update" to 20170509-172907-6ffa [/jobs]
socketio: INFO: emitting event "task update" to 20170509-172339-dc52 [/jobs]
socketio: INFO: emitting event "task update" to 20170509-172625-e177 [/jobs]
socketio: INFO: emitting event "task update" to 20170509-173316-5f8a [/jobs]
socketio: INFO: emitting event "task update" to 20170509-173318-416e [/jobs]
socketio: INFO: emitting event "task update" to 20170509-173415-8046 [/jobs]
socketio: INFO: emitting event "task update" to 20170509-173027-0946 [/jobs]
socketio: INFO: emitting event "task update" to 20170509-172218-c9c0 [/jobs]
socketio: INFO: emitting event "task update" to 20170509-172328-6826 [/jobs]
socketio: INFO: emitting event "task update" to 20170509-173403-2593 [/jobs]
socketio: INFO: emitting event "task update" to 20170509-174313-cb2c [/jobs]
socketio: INFO: emitting event "task update" to 20170509-172344-9606 [/jobs]
socketio: INFO: emitting event "task update" to 20170509-172430-a33c [/jobs]
socketio: INFO: emitting event "task update" to 20170509-172605-0fd8 [/jobs]
socketio: INFO: emitting event "task update" to 20170509-172706-cfe6 [/jobs]
socketio: INFO: emitting event "task update" to 20170509-173209-48ad [/jobs]
socketio: INFO: emitting event "task update" to 20170509-173320-66e3 [/jobs]
socketio: INFO: emitting event "task update" to 20170509-172927-67d2 [/jobs]
socketio: INFO: emitting event "task update" to 20170509-173515-e8bf [/jobs]
socketio: INFO: emitting event "task update" to 20170509-172524-d7c0 [/jobs]
socketio: INFO: emitting event "task update" to 20170509-172419-2d22 [/jobs]
socketio: INFO: emitting event "task update" to 20170509-172337-f1aa [/jobs]
digits.webapp: WARNING: Infer Model unrecognized output: WARNING: log_file config option not found - no log file is being saved
digits.webapp: WARNING: Infer Model unrecognized output: 2017-05-09 17:45:26 [ERROR] InferenceError: Unable to find snapshot for epoch=-1.0
digits.webapp: WARNING: Infer Model unrecognized output: Traceback (most recent call last):
digits.webapp: WARNING: Infer Model unrecognized output: File "/home/ethan/digits_GAN/digits/tools/inference.py", line 293, in <module>
digits.webapp: WARNING: Infer Model unrecognized output: args['resize']
digits.webapp: WARNING: Infer Model unrecognized output: File "/home/ethan/digits_GAN/digits/tools/inference.py", line 79, in infer
digits.webapp: WARNING: Infer Model unrecognized output: raise InferenceError("Unable to find snapshot for epoch=%s" % repr(epoch))
digits.webapp: WARNING: Infer Model unrecognized output: digits.inference.errors.InferenceError: 'Unable to find snapshot for epoch=-1.0'
socketio: INFO: emitting event "task update" to 20170509-173228-acad [/jobs]
socketio: INFO: emitting event "task update" to 20170509-172350-6fcd [/jobs]
socketio: INFO: emitting event "task update" to 20170509-173357-1ed1 [/jobs]
socketio: INFO: emitting event "task update" to 20170509-172259-8252 [/jobs]
socketio: INFO: emitting event "task update" to 20170509-173322-0807 [/jobs]
socketio: INFO: emitting event "task update" to 20170509-172114-d063 [/jobs]
socketio: INFO: emitting event "task update" to 20170509-172323-89b4 [/jobs]
socketio: INFO: emitting event "task update" to 20170509-174411-45b4 [/jobs]
digits.webapp: ERROR: Infer Model task failed with error code 1
socketio: INFO: emitting event "task update" to 20170509-174523-e2fa [/jobs]
socketio: INFO: emitting event "job update" to 20170509-174523-e2fa [/jobs]
socketio: INFO: emitting event "job update" to job_management [/jobs]
socketio: INFO: emitting event "server update" to job_management [/jobs]
socketio: INFO: emitting event "server update" to job_management [/jobs]
socketio: INFO: emitting event "task update" to 20170509-173300-0377 [/jobs]
socketio: INFO: emitting event "job update" to 20170509-174523-e2fa [/jobs]
socketio: INFO: emitting event "job update" to job_management [/jobs]
socketio: INFO: emitting event "task update" to 20170509-173245-3417 [/jobs]
socketio: INFO: emitting event "task update" to 20170509-173324-49b0 [/jobs]
digits: INFO: Job deleted.
socketio: INFO: emitting event "job update" to job_management [/jobs]
--------------------- >> end captured logging << ---------------------

======================================================================
FAIL: digits.model.images.generic.test_views.TestTensorflowCreatedWithGradientDataExtensionNoValSet.test_model_json
----------------------------------------------------------------------
Traceback (most recent call last):
  File "/home/ethan/.local/lib/python2.7/site-packages/nose/case.py", line 197, in runTest
    self.test(*self.arg)
  File "/home/ethan/digits_GAN/digits/model/images/generic/test_views.py", line 562, in test_model_json
    assert len(content['snapshots']) > 0, 'no snapshots in list'
AssertionError: no snapshots in list

======================================================================
FAIL: digits.model.images.generic.test_views.TestTensorflowCreatedWithImageProcessingExtensionMeanImage.test_download('tar',)
----------------------------------------------------------------------
Traceback (most recent call last):
  File "/home/ethan/.local/lib/python2.7/site-packages/nose/case.py", line 197, in runTest
    self.test(*self.arg)
  File "/home/ethan/digits_GAN/digits/model/images/generic/test_views.py", line 544, in check_download
    assert rv.status_code == 200, 'download "%s" failed with %s' % (url, rv.status_code)
AssertionError: download "/models/20170509-174533-2a57/download.tar" failed with 500
-------------------- >> begin captured logging << --------------------
socketio: INFO: emitting event "job update" to job_management [/jobs]
socketio: INFO: emitting event "job update" to 20170509-174526-76e1 [/jobs]
socketio: INFO: emitting event "job update" to job_management [/jobs]
socketio: INFO: emitting event "server update" to job_management [/jobs]
socketio: INFO: emitting event "server update" to job_management [/jobs]
socketio: INFO: emitting event "task update" to 20170509-174526-76e1 [/jobs]
socketio: INFO: emitting event "job update" to 20170509-174526-76e1 [/jobs]
socketio: INFO: emitting event "job update" to job_management [/jobs]
digits.webapp: INFO: Create train_db DB task started.
socketio: INFO: emitting event "task update" to 20170509-174526-76e1 [/jobs]
socketio: INFO: emitting event "job update" to 20170509-174526-76e1 [/jobs]
socketio: INFO: emitting event "job update" to job_management [/jobs]
digits.webapp: INFO: Task subprocess args: "/usr/bin/python2 /home/ethan/digits_GAN/digits/tools/create_generic_db.py 20170509-174526-76e1 --stage=train_db --jobs_dir=/tmp/tmpX3R8Ve"
digits.webapp: INFO: Create val_db DB task started.
socketio: INFO: emitting event "task update" to 20170509-174526-76e1 [/jobs]
socketio: INFO: emitting event "job update" to 20170509-174526-76e1 [/jobs]
socketio: INFO: emitting event "job update" to job_management [/jobs]
digits.webapp: INFO: Task subprocess args: "/usr/bin/python2 /home/ethan/digits_GAN/digits/tools/create_generic_db.py 20170509-174526-76e1 --stage=val_db --jobs_dir=/tmp/tmpX3R8Ve"
socketio: INFO: emitting event "task update" to 20170509-172342-e0ef [/jobs]
socketio: INFO: emitting event "task update" to 20170509-173108-a6ff [/jobs]
socketio: INFO: emitting event "task update" to 20170509-172725-6a13 [/jobs]
socketio: INFO: emitting event "task update" to 20170509-172806-b5bc [/jobs]
socketio: INFO: emitting event "task update" to 20170509-172227-0156 [/jobs]
socketio: INFO: emitting event "task update" to 20170509-174451-4b24 [/jobs]
socketio: INFO: emitting event "task update" to 20170509-172334-9d18 [/jobs]
socketio: INFO: emitting event "task update" to 20170509-173128-33ce [/jobs]
socketio: INFO: emitting event "task update" to 20170509-172347-b92a [/jobs]
socketio: INFO: emitting event "task update" to 20170509-173326-3e6f [/jobs]
socketio: INFO: emitting event "task update" to 20170509-172315-d38b [/jobs]
socketio: INFO: emitting event "task update" to 20170509-174340-86bb [/jobs]
socketio: INFO: emitting event "task update" to 20170509-172516-8f4b [/jobs]
socketio: INFO: emitting event "task update" to 20170509-172352-bfdd [/jobs]
socketio: INFO: emitting event "task update" to 20170509-172412-e6f0 [/jobs]
socketio: INFO: emitting event "task update" to 20170509-173329-1cea [/jobs]
socketio: INFO: emitting event "task update" to 20170509-173229-c795 [/jobs]
socketio: INFO: emitting event "task update" to 20170509-172202-9230 [/jobs]
socketio: INFO: emitting event "task update" to 20170509-173331-d237 [/jobs]
socketio: INFO: emitting event "task update" to 20170509-172317-7da8 [/jobs]
socketio: INFO: emitting event "task update" to 20170509-173008-ee07 [/jobs]
socketio: INFO: emitting event "task update" to 20170509-172210-1907 [/jobs]
socketio: INFO: emitting event "task update" to 20170509-173333-e98b [/jobs]
socketio: INFO: emitting event "task update" to 20170509-172825-84c5 [/jobs]
socketio: INFO: emitting event "task update" to 20170509-173335-6067 [/jobs]
socketio: INFO: emitting event "task update" to 20170509-172147-4505 [/jobs]
socketio: INFO: emitting event "task update" to 20170509-173337-8532 [/jobs]
socketio: INFO: emitting event "task update" to 20170509-172907-6ffa [/jobs]
socketio: INFO: emitting event "task update" to 20170509-172339-dc52 [/jobs]
socketio: INFO: emitting event "task update" to 20170509-172625-e177 [/jobs]
socketio: INFO: emitting event "task update" to 20170509-173316-5f8a [/jobs]
socketio: INFO: emitting event "task update" to 20170509-173318-416e [/jobs]
socketio: INFO: emitting event "task update" to 20170509-173415-8046 [/jobs]
socketio: INFO: emitting event "task update" to 20170509-173027-0946 [/jobs]
socketio: INFO: emitting event "task update" to 20170509-172218-c9c0 [/jobs]
socketio: INFO: emitting event "task update" to 20170509-172328-6826 [/jobs]
socketio: INFO: emitting event "task update" to 20170509-173403-2593 [/jobs]
socketio: INFO: emitting event "task update" to 20170509-174313-cb2c [/jobs]
socketio: INFO: emitting event "task update" to 20170509-172344-9606 [/jobs]
socketio: INFO: emitting event "task update" to 20170509-172430-a33c [/jobs]
socketio: INFO: emitting event "task update" to 20170509-172605-0fd8 [/jobs]
socketio: INFO: emitting event "task update" to 20170509-172706-cfe6 [/jobs]
socketio: INFO: emitting event "task update" to 20170509-173209-48ad [/jobs]
socketio: INFO: emitting event "task update" to 20170509-173320-66e3 [/jobs]
socketio: INFO: emitting event "task update" to 20170509-172927-67d2 [/jobs]
socketio: INFO: emitting event "task update" to 20170509-173515-e8bf [/jobs]
socketio: INFO: emitting event "task update" to 20170509-172524-d7c0 [/jobs]
socketio: INFO: emitting event "task update" to 20170509-172419-2d22 [/jobs]
socketio: INFO: emitting event "task update" to 20170509-172337-f1aa [/jobs]
socketio: INFO: emitting event "task update" to 20170509-173228-acad [/jobs]
socketio: INFO: emitting event "task update" to 20170509-172350-6fcd [/jobs]
socketio: INFO: emitting event "task update" to 20170509-173357-1ed1 [/jobs]
socketio: INFO: emitting event "task update" to 20170509-172259-8252 [/jobs]
socketio: INFO: emitting event "task update" to 20170509-173322-0807 [/jobs]
socketio: INFO: emitting event "task update" to 20170509-172114-d063 [/jobs]
socketio: INFO: emitting event "task update" to 20170509-172323-89b4 [/jobs]
socketio: INFO: emitting event "task update" to 20170509-174411-45b4 [/jobs]
socketio: INFO: emitting event "task update" to 20170509-173300-0377 [/jobs]
socketio: INFO: emitting event "task update" to 20170509-173245-3417 [/jobs]
socketio: INFO: emitting event "task update" to 20170509-173324-49b0 [/jobs]
socketio: INFO: emitting event "task update" to 20170509-172342-e0ef [/jobs]
socketio: INFO: emitting event "task update" to 20170509-173108-a6ff [/jobs]
socketio: INFO: emitting event "task update" to 20170509-172725-6a13 [/jobs]
socketio: INFO: emitting event "task update" to 20170509-172806-b5bc [/jobs]
socketio: INFO: emitting event "task update" to 20170509-172227-0156 [/jobs]
socketio: INFO: emitting event "task update" to 20170509-174451-4b24 [/jobs]
socketio: INFO: emitting event "task update" to 20170509-172334-9d18 [/jobs]
socketio: INFO: emitting event "task update" to 20170509-173128-33ce [/jobs]
socketio: INFO: emitting event "task update" to 20170509-172347-b92a [/jobs]
socketio: INFO: emitting event "task update" to 20170509-173326-3e6f [/jobs]
socketio: INFO: emitting event "task update" to 20170509-172315-d38b [/jobs]
socketio: INFO: emitting event "task update" to 20170509-174340-86bb [/jobs]
socketio: INFO: emitting event "task update" to 20170509-172516-8f4b [/jobs]
socketio: INFO: emitting event "task update" to 20170509-172352-bfdd [/jobs]
socketio: INFO: emitting event "task update" to 20170509-172412-e6f0 [/jobs]
socketio: INFO: emitting event "task update" to 20170509-173329-1cea [/jobs]
socketio: INFO: emitting event "task update" to 20170509-173229-c795 [/jobs]
socketio: INFO: emitting event "task update" to 20170509-172202-9230 [/jobs]
socketio: INFO: emitting event "task update" to 20170509-173331-d237 [/jobs]
socketio: INFO: emitting event "task update" to 20170509-172317-7da8 [/jobs]
socketio: INFO: emitting event "task update" to 20170509-173008-ee07 [/jobs]
socketio: INFO: emitting event "task update" to 20170509-172210-1907 [/jobs]
socketio: INFO: emitting event "task update" to 20170509-173333-e98b [/jobs]
socketio: INFO: emitting event "task update" to 20170509-172825-84c5 [/jobs]
socketio: INFO: emitting event "task update" to 20170509-173335-6067 [/jobs]
socketio: INFO: emitting event "task update" to 20170509-172147-4505 [/jobs]
socketio: INFO: emitting event "task update" to 20170509-173337-8532 [/jobs]
socketio: INFO: emitting event "task update" to 20170509-172907-6ffa [/jobs]
socketio: INFO: emitting event "task update" to 20170509-172339-dc52 [/jobs]
socketio: INFO: emitting event "task update" to 20170509-172625-e177 [/jobs]
socketio: INFO: emitting event "task update" to 20170509-173316-5f8a [/jobs]
socketio: INFO: emitting event "task update" to 20170509-173318-416e [/jobs]
socketio: INFO: emitting event "task update" to 20170509-173415-8046 [/jobs]
socketio: INFO: emitting event "task update" to 20170509-173027-0946 [/jobs]
socketio: INFO: emitting event "task update" to 20170509-172218-c9c0 [/jobs]
socketio: INFO: emitting event "task update" to 20170509-172328-6826 [/jobs]
socketio: INFO: emitting event "task update" to 20170509-173403-2593 [/jobs]
socketio: INFO: emitting event "task update" to 20170509-174313-cb2c [/jobs]
socketio: INFO: emitting event "task update" to 20170509-172344-9606 [/jobs]
socketio: INFO: emitting event "task update" to 20170509-172430-a33c [/jobs]
socketio: INFO: emitting event "task update" to 20170509-172605-0fd8 [/jobs]
socketio: INFO: emitting event "task update" to 20170509-172706-cfe6 [/jobs]
socketio: INFO: emitting event "task update" to 20170509-173209-48ad [/jobs]
socketio: INFO: emitting event "task update" to 20170509-173320-66e3 [/jobs]
socketio: INFO: emitting event "task update" to 20170509-172927-67d2 [/jobs]
socketio: INFO: emitting event "task update" to 20170509-173515-e8bf [/jobs]
socketio: INFO: emitting event "task update" to 20170509-172524-d7c0 [/jobs]
socketio: INFO: emitting event "task update" to 20170509-172419-2d22 [/jobs]
socketio: INFO: emitting event "task update" to 20170509-172337-f1aa [/jobs]
socketio: INFO: emitting event "task update" to 20170509-173228-acad [/jobs]
socketio: INFO: emitting event "task update" to 20170509-172350-6fcd [/jobs]
socketio: INFO: emitting event "task update" to 20170509-173357-1ed1 [/jobs]
socketio: INFO: emitting event "task update" to 20170509-172259-8252 [/jobs]
socketio: INFO: emitting event "task update" to 20170509-173322-0807 [/jobs]
socketio: INFO: emitting event "task update" to 20170509-172114-d063 [/jobs]
socketio: INFO: emitting event "task update" to 20170509-172323-89b4 [/jobs]
socketio: INFO: emitting event "task update" to 20170509-174411-45b4 [/jobs]
socketio: INFO: emitting event "task update" to 20170509-173300-0377 [/jobs]
socketio: INFO: emitting event "task update" to 20170509-173245-3417 [/jobs]
socketio: INFO: emitting event "task update" to 20170509-173324-49b0 [/jobs]
socketio: INFO: emitting event "task update" to 20170509-172342-e0ef [/jobs]
socketio: INFO: emitting event "task update" to 20170509-173108-a6ff [/jobs]
socketio: INFO: emitting event "task update" to 20170509-172725-6a13 [/jobs]
socketio: INFO: emitting event "task update" to 20170509-172806-b5bc [/jobs]
socketio: INFO: emitting event "task update" to 20170509-172227-0156 [/jobs]
socketio: INFO: emitting event "task update" to 20170509-174451-4b24 [/jobs]
socketio: INFO: emitting event "task update" to 20170509-172334-9d18 [/jobs]
socketio: INFO: emitting event "task update" to 20170509-173128-33ce [/jobs]
socketio: INFO: emitting event "task update" to 20170509-172347-b92a [/jobs]
socketio: INFO: emitting event "task update" to 20170509-173326-3e6f [/jobs]
socketio: INFO: emitting event "task update" to 20170509-172315-d38b [/jobs]
socketio: INFO: emitting event "task update" to 20170509-174340-86bb [/jobs]
socketio: INFO: emitting event "task update" to 20170509-172516-8f4b [/jobs]
socketio: INFO: emitting event "task update" to 20170509-172352-bfdd [/jobs]
socketio: INFO: emitting event "task update" to 20170509-172412-e6f0 [/jobs]
socketio: INFO: emitting event "task update" to 20170509-173329-1cea [/jobs]
socketio: INFO: emitting event "task update" to 20170509-173229-c795 [/jobs]
socketio: INFO: emitting event "task update" to 20170509-172202-9230 [/jobs]
socketio: INFO: emitting event "task update" to 20170509-173331-d237 [/jobs]
socketio: INFO: emitting event "task update" to 20170509-172317-7da8 [/jobs]
socketio: INFO: emitting event "task update" to 20170509-173008-ee07 [/jobs]
socketio: INFO: emitting event "task update" to 20170509-172210-1907 [/jobs]
socketio: INFO: emitting event "task update" to 20170509-173333-e98b [/jobs]
socketio: INFO: emitting event "task update" to 20170509-172825-84c5 [/jobs]
socketio: INFO: emitting event "task update" to 20170509-173335-6067 [/jobs]
socketio: INFO: emitting event "task update" to 20170509-172147-4505 [/jobs]
socketio: INFO: emitting event "task update" to 20170509-173337-8532 [/jobs]
socketio: INFO: emitting event "task update" to 20170509-172907-6ffa [/jobs]
socketio: INFO: emitting event "task update" to 20170509-172339-dc52 [/jobs]
socketio: INFO: emitting event "task update" to 20170509-172625-e177 [/jobs]
socketio: INFO: emitting event "task update" to 20170509-173316-5f8a [/jobs]
socketio: INFO: emitting event "task update" to 20170509-173318-416e [/jobs]
socketio: INFO: emitting event "task update" to 20170509-173415-8046 [/jobs]
socketio: INFO: emitting event "task update" to 20170509-173027-0946 [/jobs]
socketio: INFO: emitting event "task update" to 20170509-172218-c9c0 [/jobs]
socketio: INFO: emitting event "task update" to 20170509-172328-6826 [/jobs]
socketio: INFO: emitting event "task update" to 20170509-173403-2593 [/jobs]
socketio: INFO: emitting event "task update" to 20170509-174313-cb2c [/jobs]
socketio: INFO: emitting event "task update" to 20170509-172344-9606 [/jobs]
socketio: INFO: emitting event "task update" to 20170509-172430-a33c [/jobs]
socketio: INFO: emitting event "task update" to 20170509-172605-0fd8 [/jobs]
socketio: INFO: emitting event "task update" to 20170509-172706-cfe6 [/jobs]
socketio: INFO: emitting event "task update" to 20170509-173209-48ad [/jobs]
socketio: INFO: emitting event "task update" to 20170509-173320-66e3 [/jobs]
socketio: INFO: emitting event "task update" to 20170509-172927-67d2 [/jobs]
socketio: INFO: emitting event "task update" to 20170509-173515-e8bf [/jobs]
socketio: INFO: emitting event "task update" to 20170509-172524-d7c0 [/jobs]
socketio: INFO: emitting event "task update" to 20170509-172419-2d22 [/jobs]
socketio: INFO: emitting event "task update" to 20170509-172337-f1aa [/jobs]
socketio: INFO: emitting event "task update" to 20170509-173228-acad [/jobs]
socketio: INFO: emitting event "task update" to 20170509-172350-6fcd [/jobs]
socketio: INFO: emitting event "task update" to 20170509-173357-1ed1 [/jobs]
socketio: INFO: emitting event "task update" to 20170509-172259-8252 [/jobs]
socketio: INFO: emitting event "task update" to 20170509-173322-0807 [/jobs]
socketio: INFO: emitting event "task update" to 20170509-172114-d063 [/jobs]
socketio: INFO: emitting event "task update" to 20170509-172323-89b4 [/jobs]
socketio: INFO: emitting event "task update" to 20170509-174411-45b4 [/jobs]
digits.webapp: WARNING: Create val_db DB unrecognized output: WARNING: log_file config option not found - no log file is being saved
socketio: INFO: emitting event "task update" to 20170509-174526-76e1 [/jobs]
socketio: INFO: emitting event "job update" to job_management [/jobs]
socketio: INFO: emitting event "task update" to 20170509-173300-0377 [/jobs]
socketio: INFO: emitting event "task update" to 20170509-173245-3417 [/jobs]
socketio: INFO: emitting event "task update" to 20170509-173324-49b0 [/jobs]
digits.webapp: WARNING: Create train_db DB unrecognized output: WARNING: log_file config option not found - no log file is being saved
digits.webapp: WARNING: Create val_db DB unrecognized output: 2017-05-09 17:45:29 [INFO ] Generic DB creation Done
socketio: INFO: emitting event "task update" to 20170509-172342-e0ef [/jobs]
socketio: INFO: emitting event "task update" to 20170509-173108-a6ff [/jobs]
socketio: INFO: emitting event "task update" to 20170509-174526-76e1 [/jobs]
socketio: INFO: emitting event "job update" to job_management [/jobs]
socketio: INFO: emitting event "task update" to 20170509-174526-76e1 [/jobs]
socketio: INFO: emitting event "job update" to job_management [/jobs]
socketio: INFO: emitting event "task update" to 20170509-174526-76e1 [/jobs]
socketio: INFO: emitting event "job update" to job_management [/jobs]
socketio: INFO: emitting event "task update" to 20170509-172725-6a13 [/jobs]
socketio: INFO: emitting event "task update" to 20170509-172806-b5bc [/jobs]
socketio: INFO: emitting event "task update" to 20170509-172227-0156 [/jobs]
socketio: INFO: emitting event "task update" to 20170509-174451-4b24 [/jobs]
socketio: INFO: emitting event "task update" to 20170509-172334-9d18 [/jobs]
socketio: INFO: emitting event "task update" to 20170509-173128-33ce [/jobs]
digits.webapp: WARNING: Create train_db DB unrecognized output: 2017-05-09 17:45:30 [INFO ] Generic DB creation Done
digits.webapp: INFO: Create val_db DB task completed.
socketio: INFO: emitting event "task update" to 20170509-174526-76e1 [/jobs]
socketio: INFO: emitting event "job update" to job_management [/jobs]
socketio: INFO: emitting event "task update" to 20170509-174526-76e1 [/jobs]
socketio: INFO: emitting event "job update" to 20170509-174526-76e1 [/jobs]
socketio: INFO: emitting event "job update" to job_management [/jobs]
socketio: INFO: emitting event "server update" to job_management [/jobs]
socketio: INFO: emitting event "server update" to job_management [/jobs]
digits.webapp: INFO: Create test_db DB task started.
socketio: INFO: emitting event "task update" to 20170509-174526-76e1 [/jobs]
socketio: INFO: emitting event "job update" to 20170509-174526-76e1 [/jobs]
socketio: INFO: emitting event "job update" to job_management [/jobs]
digits.webapp: INFO: Task subprocess args: "/usr/bin/python2 /home/ethan/digits_GAN/digits/tools/create_generic_db.py 20170509-174526-76e1 --stage=test_db --jobs_dir=/tmp/tmpX3R8Ve"
digits.webapp: INFO: Create train_db DB task completed.
socketio: INFO: emitting event "task update" to 20170509-174526-76e1 [/jobs]
socketio: INFO: emitting event "job update" to job_management [/jobs]
socketio: INFO: emitting event "task update" to 20170509-174526-76e1 [/jobs]
socketio: INFO: emitting event "job update" to 20170509-174526-76e1 [/jobs]
socketio: INFO: emitting event "job update" to job_management [/jobs]
socketio: INFO: emitting event "server update" to job_management [/jobs]
socketio: INFO: emitting event "task update" to 20170509-172347-b92a [/jobs]
socketio: INFO: emitting event "task update" to 20170509-173326-3e6f [/jobs]
socketio: INFO: emitting event "task update" to 20170509-172315-d38b [/jobs]
socketio: INFO: emitting event "task update" to 20170509-174340-86bb [/jobs]
socketio: INFO: emitting event "task update" to 20170509-172516-8f4b [/jobs]
socketio: INFO: emitting event "task update" to 20170509-172352-bfdd [/jobs]
socketio: INFO: emitting event "task update" to 20170509-172412-e6f0 [/jobs]
socketio: INFO: emitting event "task update" to 20170509-173329-1cea [/jobs]
socketio: INFO: emitting event "task update" to 20170509-173229-c795 [/jobs]
socketio: INFO: emitting event "task update" to 20170509-172202-9230 [/jobs]
socketio: INFO: emitting event "task update" to 20170509-173331-d237 [/jobs]
socketio: INFO: emitting event "task update" to 20170509-172317-7da8 [/jobs]
socketio: INFO: emitting event "task update" to 20170509-173008-ee07 [/jobs]
socketio: INFO: emitting event "task update" to 20170509-172210-1907 [/jobs]
socketio: INFO: emitting event "task update" to 20170509-173333-e98b [/jobs]
socketio: INFO: emitting event "task update" to 20170509-172825-84c5 [/jobs]
socketio: INFO: emitting event "task update" to 20170509-173335-6067 [/jobs]
socketio: INFO: emitting event "task update" to 20170509-172147-4505 [/jobs]
socketio: INFO: emitting event "task update" to 20170509-173337-8532 [/jobs]
socketio: INFO: emitting event "task update" to 20170509-172907-6ffa [/jobs]
socketio: INFO: emitting event "task update" to 20170509-172339-dc52 [/jobs]
socketio: INFO: emitting event "task update" to 20170509-172625-e177 [/jobs]
socketio: INFO: emitting event "task update" to 20170509-173316-5f8a [/jobs]
socketio: INFO: emitting event "task update" to 20170509-173318-416e [/jobs]
socketio: INFO: emitting event "task update" to 20170509-173415-8046 [/jobs]
socketio: INFO: emitting event "task update" to 20170509-173027-0946 [/jobs]
socketio: INFO: emitting event "task update" to 20170509-172218-c9c0 [/jobs]
socketio: INFO: emitting event "task update" to 20170509-172328-6826 [/jobs]
socketio: INFO: emitting event "task update" to 20170509-173403-2593 [/jobs]
socketio: INFO: emitting event "task update" to 20170509-174313-cb2c [/jobs]
socketio: INFO: emitting event "task update" to 20170509-172344-9606 [/jobs]
socketio: INFO: emitting event "task update" to 20170509-172430-a33c [/jobs]
socketio: INFO: emitting event "task update" to 20170509-172605-0fd8 [/jobs]
socketio: INFO: emitting event "task update" to 20170509-172706-cfe6 [/jobs]
socketio: INFO: emitting event "task update" to 20170509-173209-48ad [/jobs]
socketio: INFO: emitting event "task update" to 20170509-173320-66e3 [/jobs]
socketio: INFO: emitting event "task update" to 20170509-172927-67d2 [/jobs]
socketio: INFO: emitting event "task update" to 20170509-173515-e8bf [/jobs]
socketio: INFO: emitting event "task update" to 20170509-172524-d7c0 [/jobs]
socketio: INFO: emitting event "task update" to 20170509-172419-2d22 [/jobs]
socketio: INFO: emitting event "task update" to 20170509-172337-f1aa [/jobs]
socketio: INFO: emitting event "task update" to 20170509-173228-acad [/jobs]
socketio: INFO: emitting event "task update" to 20170509-172350-6fcd [/jobs]
socketio: INFO: emitting event "task update" to 20170509-173357-1ed1 [/jobs]
socketio: INFO: emitting event "task update" to 20170509-172259-8252 [/jobs]
socketio: INFO: emitting event "task update" to 20170509-173322-0807 [/jobs]
socketio: INFO: emitting event "task update" to 20170509-172114-d063 [/jobs]
socketio: INFO: emitting event "task update" to 20170509-172323-89b4 [/jobs]
socketio: INFO: emitting event "task update" to 20170509-174411-45b4 [/jobs]
socketio: INFO: emitting event "task update" to 20170509-173300-0377 [/jobs]
socketio: INFO: emitting event "task update" to 20170509-173245-3417 [/jobs]
socketio: INFO: emitting event "task update" to 20170509-173324-49b0 [/jobs]
socketio: INFO: emitting event "task update" to 20170509-172342-e0ef [/jobs]
socketio: INFO: emitting event "task update" to 20170509-173108-a6ff [/jobs]
socketio: INFO: emitting event "task update" to 20170509-172725-6a13 [/jobs]
socketio: INFO: emitting event "task update" to 20170509-172806-b5bc [/jobs]
socketio: INFO: emitting event "task update" to 20170509-172227-0156 [/jobs]
socketio: INFO: emitting event "task update" to 20170509-174451-4b24 [/jobs]
socketio: INFO: emitting event "task update" to 20170509-172334-9d18 [/jobs]
socketio: INFO: emitting event "task update" to 20170509-173128-33ce [/jobs]
socketio: INFO: emitting event "task update" to 20170509-172347-b92a [/jobs]
socketio: INFO: emitting event "task update" to 20170509-173326-3e6f [/jobs]
socketio: INFO: emitting event "task update" to 20170509-172315-d38b [/jobs]
socketio: INFO: emitting event "task update" to 20170509-174340-86bb [/jobs]
socketio: INFO: emitting event "task update" to 20170509-172516-8f4b [/jobs]
socketio: INFO: emitting event "task update" to 20170509-172352-bfdd [/jobs]
socketio: INFO: emitting event "task update" to 20170509-172412-e6f0 [/jobs]
socketio: INFO: emitting event "task update" to 20170509-173329-1cea [/jobs]
socketio: INFO: emitting event "task update" to 20170509-173229-c795 [/jobs]
socketio: INFO: emitting event "task update" to 20170509-172202-9230 [/jobs]
socketio: INFO: emitting event "task update" to 20170509-173331-d237 [/jobs]
socketio: INFO: emitting event "task update" to 20170509-172317-7da8 [/jobs]
socketio: INFO: emitting event "task update" to 20170509-173008-ee07 [/jobs]
socketio: INFO: emitting event "task update" to 20170509-172210-1907 [/jobs]
socketio: INFO: emitting event "task update" to 20170509-173333-e98b [/jobs]
socketio: INFO: emitting event "task update" to 20170509-172825-84c5 [/jobs]
socketio: INFO: emitting event "task update" to 20170509-173335-6067 [/jobs]
socketio: INFO: emitting event "task update" to 20170509-172147-4505 [/jobs]
socketio: INFO: emitting event "task update" to 20170509-173337-8532 [/jobs]
socketio: INFO: emitting event "task update" to 20170509-172907-6ffa [/jobs]
socketio: INFO: emitting event "task update" to 20170509-172339-dc52 [/jobs]
socketio: INFO: emitting event "task update" to 20170509-172625-e177 [/jobs]
socketio: INFO: emitting event "task update" to 20170509-173316-5f8a [/jobs]
socketio: INFO: emitting event "task update" to 20170509-173318-416e [/jobs]
socketio: INFO: emitting event "task update" to 20170509-173415-8046 [/jobs]
socketio: INFO: emitting event "task update" to 20170509-173027-0946 [/jobs]
socketio: INFO: emitting event "task update" to 20170509-172218-c9c0 [/jobs]
socketio: INFO: emitting event "task update" to 20170509-172328-6826 [/jobs]
socketio: INFO: emitting event "task update" to 20170509-173403-2593 [/jobs]
socketio: INFO: emitting event "task update" to 20170509-174313-cb2c [/jobs]
socketio: INFO: emitting event "task update" to 20170509-172344-9606 [/jobs]
socketio: INFO: emitting event "task update" to 20170509-172430-a33c [/jobs]
socketio: INFO: emitting event "task update" to 20170509-172605-0fd8 [/jobs]
socketio: INFO: emitting event "task update" to 20170509-172706-cfe6 [/jobs]
socketio: INFO: emitting event "task update" to 20170509-173209-48ad [/jobs]
socketio: INFO: emitting event "task update" to 20170509-173320-66e3 [/jobs]
socketio: INFO: emitting event "task update" to 20170509-172927-67d2 [/jobs]
socketio: INFO: emitting event "task update" to 20170509-173515-e8bf [/jobs]
socketio: INFO: emitting event "task update" to 20170509-172524-d7c0 [/jobs]
socketio: INFO: emitting event "task update" to 20170509-172419-2d22 [/jobs]
socketio: INFO: emitting event "task update" to 20170509-172337-f1aa [/jobs]
socketio: INFO: emitting event "task update" to 20170509-173228-acad [/jobs]
socketio: INFO: emitting event "task update" to 20170509-172350-6fcd [/jobs]
socketio: INFO: emitting event "task update" to 20170509-173357-1ed1 [/jobs]
socketio: INFO: emitting event "task update" to 20170509-172259-8252 [/jobs]
socketio: INFO: emitting event "task update" to 20170509-173322-0807 [/jobs]
socketio: INFO: emitting event "task update" to 20170509-172114-d063 [/jobs]
socketio: INFO: emitting event "task update" to 20170509-172323-89b4 [/jobs]
socketio: INFO: emitting event "task update" to 20170509-174411-45b4 [/jobs]
socketio: INFO: emitting event "task update" to 20170509-173300-0377 [/jobs]
socketio: INFO: emitting event "task update" to 20170509-173245-3417 [/jobs]
socketio: INFO: emitting event "task update" to 20170509-173324-49b0 [/jobs]
socketio: INFO: emitting event "task update" to 20170509-172342-e0ef [/jobs]
socketio: INFO: emitting event "task update" to 20170509-173108-a6ff [/jobs]
socketio: INFO: emitting event "task update" to 20170509-172725-6a13 [/jobs]
socketio: INFO: emitting event "task update" to 20170509-172806-b5bc [/jobs]
socketio: INFO: emitting event "task update" to 20170509-172227-0156 [/jobs]
socketio: INFO: emitting event "task update" to 20170509-174451-4b24 [/jobs]
socketio: INFO: emitting event "task update" to 20170509-172334-9d18 [/jobs]
socketio: INFO: emitting event "task update" to 20170509-173128-33ce [/jobs]
socketio: INFO: emitting event "task update" to 20170509-172347-b92a [/jobs]
socketio: INFO: emitting event "task update" to 20170509-173326-3e6f [/jobs]
socketio: INFO: emitting event "task update" to 20170509-172315-d38b [/jobs]
socketio: INFO: emitting event "task update" to 20170509-174340-86bb [/jobs]
socketio: INFO: emitting event "task update" to 20170509-172516-8f4b [/jobs]
socketio: INFO: emitting event "task update" to 20170509-172352-bfdd [/jobs]
socketio: INFO: emitting event "task update" to 20170509-172412-e6f0 [/jobs]
socketio: INFO: emitting event "task update" to 20170509-173329-1cea [/jobs]
socketio: INFO: emitting event "task update" to 20170509-173229-c795 [/jobs]
socketio: INFO: emitting event "task update" to 20170509-172202-9230 [/jobs]
socketio: INFO: emitting event "task update" to 20170509-173331-d237 [/jobs]
socketio: INFO: emitting event "task update" to 20170509-172317-7da8 [/jobs]
socketio: INFO: emitting event "task update" to 20170509-173008-ee07 [/jobs]
socketio: INFO: emitting event "task update" to 20170509-172210-1907 [/jobs]
socketio: INFO: emitting event "task update" to 20170509-173333-e98b [/jobs]
socketio: INFO: emitting event "task update" to 20170509-172825-84c5 [/jobs]
socketio: INFO: emitting event "task update" to 20170509-173335-6067 [/jobs]
socketio: INFO: emitting event "task update" to 20170509-172147-4505 [/jobs]
socketio: INFO: emitting event "task update" to 20170509-173337-8532 [/jobs]
socketio: INFO: emitting event "task update" to 20170509-172907-6ffa [/jobs]
socketio: INFO: emitting event "task update" to 20170509-172339-dc52 [/jobs]
socketio: INFO: emitting event "task update" to 20170509-172625-e177 [/jobs]
socketio: INFO: emitting event "task update" to 20170509-173316-5f8a [/jobs]
socketio: INFO: emitting event "task update" to 20170509-173318-416e [/jobs]
socketio: INFO: emitting event "task update" to 20170509-173415-8046 [/jobs]
socketio: INFO: emitting event "task update" to 20170509-173027-0946 [/jobs]
socketio: INFO: emitting event "task update" to 20170509-172218-c9c0 [/jobs]
socketio: INFO: emitting event "task update" to 20170509-172328-6826 [/jobs]
socketio: INFO: emitting event "task update" to 20170509-173403-2593 [/jobs]
socketio: INFO: emitting event "task update" to 20170509-174313-cb2c [/jobs]
socketio: INFO: emitting event "task update" to 20170509-172344-9606 [/jobs]
socketio: INFO: emitting event "task update" to 20170509-172430-a33c [/jobs]
socketio: INFO: emitting event "task update" to 20170509-172605-0fd8 [/jobs]
socketio: INFO: emitting event "task update" to 20170509-172706-cfe6 [/jobs]
socketio: INFO: emitting event "task update" to 20170509-173209-48ad [/jobs]
socketio: INFO: emitting event "task update" to 20170509-173320-66e3 [/jobs]
socketio: INFO: emitting event "task update" to 20170509-172927-67d2 [/jobs]
socketio: INFO: emitting event "task update" to 20170509-173515-e8bf [/jobs]
socketio: INFO: emitting event "task update" to 20170509-172524-d7c0 [/jobs]
socketio: INFO: emitting event "task update" to 20170509-172419-2d22 [/jobs]
socketio: INFO: emitting event "task update" to 20170509-172337-f1aa [/jobs]
socketio: INFO: emitting event "task update" to 20170509-173228-acad [/jobs]
socketio: INFO: emitting event "task update" to 20170509-172350-6fcd [/jobs]
socketio: INFO: emitting event "task update" to 20170509-173357-1ed1 [/jobs]
socketio: INFO: emitting event "task update" to 20170509-172259-8252 [/jobs]
socketio: INFO: emitting event "task update" to 20170509-173322-0807 [/jobs]
socketio: INFO: emitting event "task update" to 20170509-172114-d063 [/jobs]
socketio: INFO: emitting event "task update" to 20170509-172323-89b4 [/jobs]
socketio: INFO: emitting event "task update" to 20170509-174411-45b4 [/jobs]
socketio: INFO: emitting event "task update" to 20170509-173300-0377 [/jobs]
socketio: INFO: emitting event "task update" to 20170509-173245-3417 [/jobs]
socketio: INFO: emitting event "task update" to 20170509-173324-49b0 [/jobs]
socketio: INFO: emitting event "task update" to 20170509-172342-e0ef [/jobs]
socketio: INFO: emitting event "task update" to 20170509-173108-a6ff [/jobs]
socketio: INFO: emitting event "task update" to 20170509-172725-6a13 [/jobs]
socketio: INFO: emitting event "task update" to 20170509-172806-b5bc [/jobs]
socketio: INFO: emitting event "task update" to 20170509-172227-0156 [/jobs]
socketio: INFO: emitting event "task update" to 20170509-174451-4b24 [/jobs]
socketio: INFO: emitting event "task update" to 20170509-172334-9d18 [/jobs]
socketio: INFO: emitting event "task update" to 20170509-173128-33ce [/jobs]
digits.webapp: WARNING: Create test_db DB unrecognized output: WARNING: log_file config option not found - no log file is being saved
digits.webapp: WARNING: Create test_db DB unrecognized output: 2017-05-09 17:45:33 [INFO ] Generic DB creation Done
digits.webapp: INFO: Create test_db DB task completed.
socketio: INFO: emitting event "task update" to 20170509-174526-76e1 [/jobs]
socketio: INFO: emitting event "job update" to job_management [/jobs]
socketio: INFO: emitting event "task update" to 20170509-174526-76e1 [/jobs]
socketio: INFO: emitting event "job update" to 20170509-174526-76e1 [/jobs]
socketio: INFO: emitting event "job update" to job_management [/jobs]
socketio: INFO: emitting event "server update" to job_management [/jobs]
socketio: INFO: emitting event "job update" to job_management [/jobs]
socketio: INFO: emitting event "job update" to 20170509-174526-76e1 [/jobs]
socketio: INFO: emitting event "job update" to job_management [/jobs]
digits: INFO: Job complete.
socketio: INFO: emitting event "task update" to 20170509-172347-b92a [/jobs]
socketio: INFO: emitting event "task update" to 20170509-173326-3e6f [/jobs]
socketio: INFO: emitting event "task update" to 20170509-172315-d38b [/jobs]
socketio: INFO: emitting event "task update" to 20170509-174340-86bb [/jobs]
socketio: INFO: emitting event "task update" to 20170509-172516-8f4b [/jobs]
socketio: INFO: emitting event "task update" to 20170509-172352-bfdd [/jobs]
socketio: INFO: emitting event "task update" to 20170509-172412-e6f0 [/jobs]
socketio: INFO: emitting event "task update" to 20170509-173329-1cea [/jobs]
socketio: INFO: emitting event "task update" to 20170509-173229-c795 [/jobs]
socketio: INFO: emitting event "task update" to 20170509-172202-9230 [/jobs]
socketio: INFO: emitting event "task update" to 20170509-173331-d237 [/jobs]
socketio: INFO: emitting event "task update" to 20170509-172317-7da8 [/jobs]
socketio: INFO: emitting event "task update" to 20170509-173008-ee07 [/jobs]
socketio: INFO: emitting event "task update" to 20170509-172210-1907 [/jobs]
socketio: INFO: emitting event "task update" to 20170509-173333-e98b [/jobs]
socketio: INFO: emitting event "task update" to 20170509-172825-84c5 [/jobs]
socketio: INFO: emitting event "task update" to 20170509-173335-6067 [/jobs]
socketio: INFO: emitting event "task update" to 20170509-172147-4505 [/jobs]
socketio: INFO: emitting event "task update" to 20170509-173337-8532 [/jobs]
socketio: INFO: emitting event "job update" to job_management [/jobs]
socketio: INFO: emitting event "job update" to 20170509-174533-2a57 [/jobs]
socketio: INFO: emitting event "job update" to job_management [/jobs]
socketio: INFO: emitting event "server update" to job_management [/jobs]
socketio: INFO: emitting event "task update" to 20170509-172907-6ffa [/jobs]
digits.webapp: INFO: Train Tensorflow Model task started.
socketio: INFO: emitting event "task update" to 20170509-174533-2a57 [/jobs]
socketio: INFO: emitting event "job update" to 20170509-174533-2a57 [/jobs]
socketio: INFO: emitting event "job update" to job_management [/jobs]
digits.webapp: INFO: Task subprocess args: "python2 /home/ethan/digits_GAN/digits/tools/tensorflow/main.py --network=network.py --epoch=3 --networkDirectory=/tmp/tmpX3R8Ve/20170509-174533-2a57 --save=/tmp/tmpX3R8Ve/20170509-174533-2a57 --snapshotPrefix=snapshot --snapshotInterval=1 --lr_base_rate=0.01 --lr_policy=step --batch_size=10 --mean=/tmp/tmpX3R8Ve/20170509-174526-76e1/train_db/mean.binaryproto --train_db=/tmp/tmpX3R8Ve/20170509-174526-76e1/train_db/features --train_labels=/tmp/tmpX3R8Ve/20170509-174526-76e1/train_db/labels --validation_db=/tmp/tmpX3R8Ve/20170509-174526-76e1/val_db/features --validation_labels=/tmp/tmpX3R8Ve/20170509-174526-76e1/val_db/labels --lr_gamma=0.1 --lr_stepvalues=33 --subtractMean=image --seed=3405691582 --optimization=sgd --validation_interval=1 --log_runtime_stats_per_step=0 --augFlip=none --augHSVh=0 --augHSVs=0 --augHSVv=0"
socketio: INFO: emitting event "task update" to 20170509-174533-2a57 [/jobs]
socketio: INFO: emitting event "task update" to 20170509-172339-dc52 [/jobs]
socketio: INFO: emitting event "task update" to 20170509-172625-e177 [/jobs]
socketio: INFO: emitting event "task update" to 20170509-173316-5f8a [/jobs]
socketio: INFO: emitting event "task update" to 20170509-173318-416e [/jobs]
socketio: INFO: emitting event "task update" to 20170509-173415-8046 [/jobs]
socketio: INFO: emitting event "task update" to 20170509-173027-0946 [/jobs]
socketio: INFO: emitting event "task update" to 20170509-172218-c9c0 [/jobs]
socketio: INFO: emitting event "task update" to 20170509-172328-6826 [/jobs]
socketio: INFO: emitting event "task update" to 20170509-173403-2593 [/jobs]
socketio: INFO: emitting event "task update" to 20170509-174313-cb2c [/jobs]
socketio: INFO: emitting event "task update" to 20170509-172344-9606 [/jobs]
socketio: INFO: emitting event "task update" to 20170509-172430-a33c [/jobs]
socketio: INFO: emitting event "task update" to 20170509-172605-0fd8 [/jobs]
socketio: INFO: emitting event "task update" to 20170509-172706-cfe6 [/jobs]
socketio: INFO: emitting event "task update" to 20170509-173209-48ad [/jobs]
socketio: INFO: emitting event "task update" to 20170509-173320-66e3 [/jobs]
socketio: INFO: emitting event "task update" to 20170509-172927-67d2 [/jobs]
socketio: INFO: emitting event "task update" to 20170509-173515-e8bf [/jobs]
socketio: INFO: emitting event "task update" to 20170509-172524-d7c0 [/jobs]
socketio: INFO: emitting event "task update" to 20170509-172419-2d22 [/jobs]
socketio: INFO: emitting event "task update" to 20170509-172337-f1aa [/jobs]
socketio: INFO: emitting event "task update" to 20170509-173228-acad [/jobs]
socketio: INFO: emitting event "task update" to 20170509-172350-6fcd [/jobs]
socketio: INFO: emitting event "task update" to 20170509-173357-1ed1 [/jobs]
socketio: INFO: emitting event "task update" to 20170509-172259-8252 [/jobs]
socketio: INFO: emitting event "task update" to 20170509-173322-0807 [/jobs]
socketio: INFO: emitting event "task update" to 20170509-172114-d063 [/jobs]
socketio: INFO: emitting event "task update" to 20170509-172323-89b4 [/jobs]
socketio: INFO: emitting event "task update" to 20170509-174411-45b4 [/jobs]
socketio: INFO: emitting event "task update" to 20170509-173300-0377 [/jobs]
socketio: INFO: emitting event "task update" to 20170509-173245-3417 [/jobs]
socketio: INFO: emitting event "task update" to 20170509-173324-49b0 [/jobs]
socketio: INFO: emitting event "task update" to 20170509-172342-e0ef [/jobs]
socketio: INFO: emitting event "task update" to 20170509-173108-a6ff [/jobs]
socketio: INFO: emitting event "task update" to 20170509-172725-6a13 [/jobs]
socketio: INFO: emitting event "task update" to 20170509-172806-b5bc [/jobs]
socketio: INFO: emitting event "task update" to 20170509-172227-0156 [/jobs]
socketio: INFO: emitting event "task update" to 20170509-174451-4b24 [/jobs]
socketio: INFO: emitting event "task update" to 20170509-172334-9d18 [/jobs]
socketio: INFO: emitting event "task update" to 20170509-173128-33ce [/jobs]
socketio: INFO: emitting event "task update" to 20170509-172347-b92a [/jobs]
socketio: INFO: emitting event "task update" to 20170509-173326-3e6f [/jobs]
socketio: INFO: emitting event "task update" to 20170509-172315-d38b [/jobs]
socketio: INFO: emitting event "task update" to 20170509-174340-86bb [/jobs]
socketio: INFO: emitting event "task update" to 20170509-172516-8f4b [/jobs]
socketio: INFO: emitting event "task update" to 20170509-172352-bfdd [/jobs]
socketio: INFO: emitting event "task update" to 20170509-172412-e6f0 [/jobs]
socketio: INFO: emitting event "task update" to 20170509-173329-1cea [/jobs]
socketio: INFO: emitting event "task update" to 20170509-173229-c795 [/jobs]
socketio: INFO: emitting event "task update" to 20170509-172202-9230 [/jobs]
socketio: INFO: emitting event "task update" to 20170509-173331-d237 [/jobs]
socketio: INFO: emitting event "task update" to 20170509-172317-7da8 [/jobs]
socketio: INFO: emitting event "task update" to 20170509-173008-ee07 [/jobs]
socketio: INFO: emitting event "task update" to 20170509-172210-1907 [/jobs]
socketio: INFO: emitting event "task update" to 20170509-173333-e98b [/jobs]
socketio: INFO: emitting event "task update" to 20170509-172825-84c5 [/jobs]
socketio: INFO: emitting event "task update" to 20170509-173335-6067 [/jobs]
socketio: INFO: emitting event "task update" to 20170509-172147-4505 [/jobs]
socketio: INFO: emitting event "task update" to 20170509-173337-8532 [/jobs]
socketio: INFO: emitting event "task update" to 20170509-172907-6ffa [/jobs]
socketio: INFO: emitting event "task update" to 20170509-172339-dc52 [/jobs]
socketio: INFO: emitting event "task update" to 20170509-172625-e177 [/jobs]
socketio: INFO: emitting event "task update" to 20170509-173316-5f8a [/jobs]
socketio: INFO: emitting event "task update" to 20170509-173318-416e [/jobs]
socketio: INFO: emitting event "task update" to 20170509-173415-8046 [/jobs]
socketio: INFO: emitting event "task update" to 20170509-173027-0946 [/jobs]
socketio: INFO: emitting event "task update" to 20170509-172218-c9c0 [/jobs]
socketio: INFO: emitting event "task update" to 20170509-172328-6826 [/jobs]
socketio: INFO: emitting event "task update" to 20170509-173403-2593 [/jobs]
socketio: INFO: emitting event "task update" to 20170509-174313-cb2c [/jobs]
socketio: INFO: emitting event "task update" to 20170509-172344-9606 [/jobs]
socketio: INFO: emitting event "task update" to 20170509-172430-a33c [/jobs]
socketio: INFO: emitting event "task update" to 20170509-172605-0fd8 [/jobs]
socketio: INFO: emitting event "task update" to 20170509-172706-cfe6 [/jobs]
socketio: INFO: emitting event "task update" to 20170509-173209-48ad [/jobs]
socketio: INFO: emitting event "task update" to 20170509-173320-66e3 [/jobs]
socketio: INFO: emitting event "task update" to 20170509-172927-67d2 [/jobs]
socketio: INFO: emitting event "task update" to 20170509-173515-e8bf [/jobs]
socketio: INFO: emitting event "task update" to 20170509-172524-d7c0 [/jobs]
socketio: INFO: emitting event "task update" to 20170509-172419-2d22 [/jobs]
socketio: INFO: emitting event "task update" to 20170509-172337-f1aa [/jobs]
socketio: INFO: emitting event "task update" to 20170509-173228-acad [/jobs]
socketio: INFO: emitting event "task update" to 20170509-172350-6fcd [/jobs]
socketio: INFO: emitting event "task update" to 20170509-173357-1ed1 [/jobs]
socketio: INFO: emitting event "task update" to 20170509-172259-8252 [/jobs]
socketio: INFO: emitting event "task update" to 20170509-173322-0807 [/jobs]
socketio: INFO: emitting event "task update" to 20170509-172114-d063 [/jobs]
socketio: INFO: emitting event "task update" to 20170509-172323-89b4 [/jobs]
socketio: INFO: emitting event "task update" to 20170509-174411-45b4 [/jobs]
socketio: INFO: emitting event "task update" to 20170509-173300-0377 [/jobs]
socketio: INFO: emitting event "task update" to 20170509-173245-3417 [/jobs]
socketio: INFO: emitting event "task update" to 20170509-173324-49b0 [/jobs]
digits.webapp: WARNING: Train Tensorflow Model unrecognized output: 2017-05-09 17:45:34.976600: W tensorflow/core/platform/cpu_feature_guard.cc:45] The TensorFlow library wasn't compiled to use SSE4.1 instructions, but these are available on your machine and could speed up CPU computations.
digits.webapp: WARNING: Train Tensorflow Model unrecognized output: 2017-05-09 17:45:34.976611: W tensorflow/core/platform/cpu_feature_guard.cc:45] The TensorFlow library wasn't compiled to use SSE4.2 instructions, but these are available on your machine and could speed up CPU computations.
digits.webapp: WARNING: Train Tensorflow Model unrecognized output: 2017-05-09 17:45:34.976616: W tensorflow/core/platform/cpu_feature_guard.cc:45] The TensorFlow library wasn't compiled to use AVX instructions, but these are available on your machine and could speed up CPU computations.
socketio: INFO: emitting event "task update" to 20170509-172342-e0ef [/jobs]
socketio: INFO: emitting event "task update" to 20170509-173108-a6ff [/jobs]
socketio: INFO: emitting event "task update" to 20170509-172725-6a13 [/jobs]
socketio: INFO: emitting event "task update" to 20170509-172806-b5bc [/jobs]
socketio: INFO: emitting event "task update" to 20170509-172227-0156 [/jobs]
socketio: INFO: emitting event "task update" to 20170509-174451-4b24 [/jobs]
socketio: INFO: emitting event "task update" to 20170509-172334-9d18 [/jobs]
socketio: INFO: emitting event "task update" to 20170509-173128-33ce [/jobs]
digits.webapp: WARNING: Train Tensorflow Model unrecognized output: 2017-05-09 17:45:35.090171: I tensorflow/stream_executor/cuda/cuda_gpu_executor.cc:901] successful NUMA node read from SysFS had negative value (-1), but there must be at least one NUMA node, so returning NUMA node zero
digits.webapp: WARNING: Train Tensorflow Model unrecognized output: 2017-05-09 17:45:35.090585: I tensorflow/core/common_runtime/gpu/gpu_device.cc:887] Found device 0 with properties:
digits.webapp: WARNING: Train Tensorflow Model unrecognized output: name: GeForce GTX TITAN X
digits.webapp: WARNING: Train Tensorflow Model unrecognized output: major: 5 minor: 2 memoryClockRate (GHz) 1.076
digits.webapp: WARNING: Train Tensorflow Model unrecognized output: pciBusID 0000:01:00.0
digits.webapp: WARNING: Train Tensorflow Model unrecognized output: Total memory: 11.92GiB
digits.webapp: WARNING: Train Tensorflow Model unrecognized output: Free memory: 10.21GiB
digits.webapp: WARNING: Train Tensorflow Model unrecognized output: 2017-05-09 17:45:35.090598: I tensorflow/core/common_runtime/gpu/gpu_device.cc:908] DMA: 0
digits.webapp: WARNING: Train Tensorflow Model unrecognized output: 2017-05-09 17:45:35.090603: I tensorflow/core/common_runtime/gpu/gpu_device.cc:918] 0:   Y
digits.webapp: WARNING: Train Tensorflow Model unrecognized output: 2017-05-09 17:45:35.090610: I tensorflow/core/common_runtime/gpu/gpu_device.cc:977] Creating TensorFlow device (/gpu:0) -> (device: 0, name: GeForce GTX TITAN X, pci bus id: 0000:01:00.0)
digits.webapp: WARNING: Train Tensorflow Model unrecognized output: 2017-05-09 17:45:35.202112: I tensorflow/core/common_runtime/gpu/gpu_device.cc:977] Creating TensorFlow device (/gpu:0) -> (device: 0, name: GeForce GTX TITAN X, pci bus id: 0000:01:00.0)
digits.webapp: WARNING: Train Tensorflow Model unrecognized output: 2017-05-09 17:45:35.208409: I tensorflow/core/common_runtime/gpu/gpu_device.cc:977] Creating TensorFlow device (/gpu:0) -> (device: 0, name: GeForce GTX TITAN X, pci bus id: 0000:01:00.0)
socketio: INFO: emitting event "task update" to 20170509-172347-b92a [/jobs]
socketio: INFO: emitting event "task update" to 20170509-173326-3e6f [/jobs]
socketio: INFO: emitting event "task update" to 20170509-172315-d38b [/jobs]
socketio: INFO: emitting event "task update" to 20170509-174340-86bb [/jobs]
socketio: INFO: emitting event "task update" to 20170509-172516-8f4b [/jobs]
socketio: INFO: emitting event "task update" to 20170509-172352-bfdd [/jobs]
socketio: INFO: emitting event "task update" to 20170509-172412-e6f0 [/jobs]
socketio: INFO: emitting event "task update" to 20170509-173329-1cea [/jobs]
socketio: INFO: emitting event "task update" to 20170509-173229-c795 [/jobs]
socketio: INFO: emitting event "task update" to 20170509-172202-9230 [/jobs]
socketio: INFO: emitting event "task update" to 20170509-173331-d237 [/jobs]
socketio: INFO: emitting event "task update" to 20170509-172317-7da8 [/jobs]
socketio: INFO: emitting event "task update" to 20170509-173008-ee07 [/jobs]
socketio: INFO: emitting event "task update" to 20170509-172210-1907 [/jobs]
socketio: INFO: emitting event "task update" to 20170509-173333-e98b [/jobs]
socketio: INFO: emitting event "task update" to 20170509-172825-84c5 [/jobs]
socketio: INFO: emitting event "task update" to 20170509-173335-6067 [/jobs]
socketio: INFO: emitting event "task update" to 20170509-172147-4505 [/jobs]
digits.webapp: WARNING: Train Tensorflow Model unrecognized output: 2017-05-09 17:45:35.401524: I tensorflow/core/kernels/logging_ops.cc:79] scale offset[1][0]
digits.webapp: DEBUG: Network validation loss #0.0: 26869.435547
digits.webapp: DEBUG: Validation (epoch 0): loss = 26869.435547
socketio: INFO: emitting event "task update" to 20170509-173337-8532 [/jobs]
digits.webapp: WARNING: Train Tensorflow Model unrecognized output: 2017-05-09 17:45:35.417178: I tensorflow/core/kernels/logging_ops.cc:79] scale offset[1][0]
digits.webapp: WARNING: Train Tensorflow Model unrecognized output: 2017-05-09 17:45:35.420645: I tensorflow/core/kernels/logging_ops.cc:79] scale offset[1][2.5514257]
socketio: INFO: emitting event "task update" to 20170509-174533-2a57 [/jobs]
socketio: INFO: emitting event "job update" to job_management [/jobs]
digits.webapp: DEBUG: Training 6.67% complete.
socketio: INFO: emitting event "task update" to 20170509-174533-2a57 [/jobs]
socketio: INFO: emitting event "task update" to job_management [/jobs]
digits.webapp: DEBUG: Training (epoch 0.2): loss = 26470.947266, lr = 0.010000
digits.webapp: WARNING: Train Tensorflow Model unrecognized output: 2017-05-09 17:45:35.424085: I tensorflow/core/kernels/logging_ops.cc:79] scale offset[1][5.0518231]
digits.webapp: WARNING: Train Tensorflow Model unrecognized output: 2017-05-09 17:45:35.427036: I tensorflow/core/kernels/logging_ops.cc:79] scale offset[1][7.5022125]
socketio: INFO: emitting event "task update" to 20170509-174533-2a57 [/jobs]
socketio: INFO: emitting event "job update" to job_management [/jobs]
digits.webapp: DEBUG: Training (epoch 0.4): loss = 25312.723633, lr = 0.010000
digits.webapp: WARNING: Train Tensorflow Model unrecognized output: 2017-05-09 17:45:35.430013: I tensorflow/core/kernels/logging_ops.cc:79] scale offset[1][9.903594]
digits.webapp: WARNING: Train Tensorflow Model unrecognized output: 2017-05-09 17:45:35.433470: I tensorflow/core/kernels/logging_ops.cc:79] scale offset[1][12.256948]
socketio: INFO: emitting event "task update" to 20170509-174533-2a57 [/jobs]
socketio: INFO: emitting event "job update" to job_management [/jobs]
digits.webapp: DEBUG: Training (epoch 0.7): loss = 23998.603516, lr = 0.010000
digits.webapp: WARNING: Train Tensorflow Model unrecognized output: 2017-05-09 17:45:35.435690: I tensorflow/core/kernels/logging_ops.cc:79] scale offset[1][14.563235]
digits.webapp: WARNING: Train Tensorflow Model unrecognized output: 2017-05-09 17:45:35.438603: I tensorflow/core/kernels/logging_ops.cc:79] scale offset[1][16.823397]
socketio: INFO: emitting event "task update" to 20170509-174533-2a57 [/jobs]
socketio: INFO: emitting event "job update" to job_management [/jobs]
digits.webapp: DEBUG: Training (epoch 0.9): loss = 23058.669922, lr = 0.010000
digits.webapp: WARNING: Train Tensorflow Model unrecognized output: 2017-05-09 17:45:35.441102: I tensorflow/core/kernels/logging_ops.cc:79] scale offset[1][19.038355]
digits.webapp: WARNING: Train Tensorflow Model unrecognized output: 2017-05-09 17:45:35.443146: I tensorflow/core/kernels/logging_ops.cc:79] scale offset[1][21.209013]
socketio: INFO: emitting event "task update" to 20170509-174533-2a57 [/jobs]
socketio: INFO: emitting event "job update" to job_management [/jobs]
socketio: INFO: emitting event "task update" to 20170509-174533-2a57 [/jobs]
digits.webapp: DEBUG: Network validation loss #1.0: 21907.941406
digits.webapp: DEBUG: Validation (epoch 1.0): loss = 21907.941406
digits.webapp: WARNING: Train Tensorflow Model unrecognized output: INFO:tensorflow:/tmp/tmpX3R8Ve/20170509-174533-2a57/snapshot_1.ckpt is not in all_model_checkpoint_paths. Manually adding it.
socketio: INFO: emitting event "task update" to 20170509-174533-2a57 [/jobs]
digits.webapp: WARNING: Train Tensorflow Model unrecognized output: 2017-05-09 17:45:35.468351: I tensorflow/core/kernels/logging_ops.cc:79] scale offset[1][21.209013]
socketio: INFO: emitting event "task update" to 20170509-174533-2a57 [/jobs]
socketio: INFO: emitting event "job update" to job_management [/jobs]
digits.webapp: DEBUG: Training (epoch 1.1): loss = 22048.405273, lr = 0.005500
digits.webapp: WARNING: Train Tensorflow Model unrecognized output: 2017-05-09 17:45:35.470956: I tensorflow/core/kernels/logging_ops.cc:79] scale offset[1][21.421738]
digits.webapp: WARNING: Train Tensorflow Model unrecognized output: 2017-05-09 17:45:35.473431: I tensorflow/core/kernels/logging_ops.cc:79] scale offset[1][21.634037]
socketio: INFO: emitting event "task update" to 20170509-174533-2a57 [/jobs]
socketio: INFO: emitting event "job update" to job_management [/jobs]
digits.webapp: DEBUG: Training (epoch 1.3): loss = 21765.205078, lr = 0.001000
digits.webapp: WARNING: Train Tensorflow Model unrecognized output: 2017-05-09 17:45:35.476356: I tensorflow/core/kernels/logging_ops.cc:79] scale offset[1][21.845911]
digits.webapp: WARNING: Train Tensorflow Model unrecognized output: 2017-05-09 17:45:35.478528: I tensorflow/core/kernels/logging_ops.cc:79] scale offset[1][22.057362]
socketio: INFO: emitting event "task update" to 20170509-174533-2a57 [/jobs]
socketio: INFO: emitting event "job update" to job_management [/jobs]
digits.webapp: DEBUG: Training (epoch 1.6): loss = 21689.677734, lr = 0.001000
digits.webapp: WARNING: Train Tensorflow Model unrecognized output: 2017-05-09 17:45:35.481211: I tensorflow/core/kernels/logging_ops.cc:79] scale offset[1][22.268389]
digits.webapp: WARNING: Train Tensorflow Model unrecognized output: 2017-05-09 17:45:35.484120: I tensorflow/core/kernels/logging_ops.cc:79] scale offset[1][22.478994]
socketio: INFO: emitting event "task update" to 20170509-174533-2a57 [/jobs]
socketio: INFO: emitting event "job update" to job_management [/jobs]
digits.webapp: DEBUG: Training (epoch 1.8): loss = 21596.569336, lr = 0.001000
digits.webapp: WARNING: Train Tensorflow Model unrecognized output: 2017-05-09 17:45:35.487074: I tensorflow/core/kernels/logging_ops.cc:79] scale offset[1][22.689178]
digits.webapp: WARNING: Train Tensorflow Model unrecognized output: 2017-05-09 17:45:35.489013: I tensorflow/core/kernels/logging_ops.cc:79] scale offset[1][22.898943]
socketio: INFO: emitting event "task update" to 20170509-174533-2a57 [/jobs]
socketio: INFO: emitting event "job update" to job_management [/jobs]
digits.webapp: DEBUG: Training (epoch 2.0): loss = 21426.486328, lr = 0.001000
digits.webapp: WARNING: Train Tensorflow Model unrecognized output: 2017-05-09 17:45:35.490609: I tensorflow/core/kernels/logging_ops.cc:79] scale offset[1][23.108288]
socketio: INFO: emitting event "task update" to 20170509-174533-2a57 [/jobs]
digits.webapp: DEBUG: Network validation loss #2.0: 21507.527344
digits.webapp: DEBUG: Validation (epoch 2.0): loss = 21507.527344
digits.webapp: WARNING: Train Tensorflow Model unrecognized output: INFO:tensorflow:/tmp/tmpX3R8Ve/20170509-174533-2a57/snapshot_2.ckpt is not in all_model_checkpoint_paths. Manually adding it.
socketio: INFO: emitting event "task update" to 20170509-174533-2a57 [/jobs]
digits.webapp: WARNING: Train Tensorflow Model unrecognized output: 2017-05-09 17:45:35.510775: I tensorflow/core/kernels/logging_ops.cc:79] scale offset[1][23.108288]
digits.webapp: WARNING: Train Tensorflow Model unrecognized output: 2017-05-09 17:45:35.512939: I tensorflow/core/kernels/logging_ops.cc:79] scale offset[1][23.129181]
socketio: INFO: emitting event "task update" to 20170509-174533-2a57 [/jobs]
socketio: INFO: emitting event "job update" to job_management [/jobs]
digits.webapp: DEBUG: Training (epoch 2.2): loss = 21418.859375, lr = 0.000100
digits.webapp: WARNING: Train Tensorflow Model unrecognized output: 2017-05-09 17:45:35.515719: I tensorflow/core/kernels/logging_ops.cc:79] scale offset[1][23.15007]
digits.webapp: WARNING: Train Tensorflow Model unrecognized output: 2017-05-09 17:45:35.518380: I tensorflow/core/kernels/logging_ops.cc:79] scale offset[1][23.170954]
socketio: INFO: emitting event "task update" to 20170509-174533-2a57 [/jobs]
socketio: INFO: emitting event "job update" to job_management [/jobs]
digits.webapp: DEBUG: Training (epoch 2.4): loss = 21526.242188, lr = 0.000100
socketio: INFO: emitting event "task update" to 20170509-172907-6ffa [/jobs]
digits.webapp: WARNING: Train Tensorflow Model unrecognized output: 2017-05-09 17:45:35.521617: I tensorflow/core/kernels/logging_ops.cc:79] scale offset[1][23.191833]
digits.webapp: WARNING: Train Tensorflow Model unrecognized output: 2017-05-09 17:45:35.524031: I tensorflow/core/kernels/logging_ops.cc:79] scale offset[1][23.212709]
socketio: INFO: emitting event "task update" to 20170509-174533-2a57 [/jobs]
socketio: INFO: emitting event "job update" to job_management [/jobs]
digits.webapp: DEBUG: Training (epoch 2.7): loss = 21319.958008, lr = 0.000100
digits.webapp: WARNING: Train Tensorflow Model unrecognized output: 2017-05-09 17:45:35.525678: I tensorflow/core/kernels/logging_ops.cc:79] scale offset[1][23.233582]
digits.webapp: WARNING: Train Tensorflow Model unrecognized output: 2017-05-09 17:45:35.526770: I tensorflow/core/kernels/logging_ops.cc:79] scale offset[1][23.25445]
socketio: INFO: emitting event "task update" to 20170509-174533-2a57 [/jobs]
socketio: INFO: emitting event "job update" to job_management [/jobs]
digits.webapp: DEBUG: Training (epoch 2.9): loss = 21437.207031, lr = 0.000100
digits.webapp: WARNING: Train Tensorflow Model unrecognized output: 2017-05-09 17:45:35.527860: I tensorflow/core/kernels/logging_ops.cc:79] scale offset[1][23.275312]
digits.webapp: WARNING: Train Tensorflow Model unrecognized output: 2017-05-09 17:45:35.528732: I tensorflow/core/kernels/logging_ops.cc:79] scale offset[1][23.296171]
socketio: INFO: emitting event "task update" to 20170509-174533-2a57 [/jobs]
socketio: INFO: emitting event "job update" to job_management [/jobs]
socketio: INFO: emitting event "task update" to 20170509-174533-2a57 [/jobs]
digits.webapp: DEBUG: Network validation loss #3.0: 21468.302734
digits.webapp: DEBUG: Validation (epoch 3.0): loss = 21468.302734
digits.webapp: WARNING: Train Tensorflow Model unrecognized output: INFO:tensorflow:/tmp/tmpX3R8Ve/20170509-174533-2a57/snapshot_3.ckpt is not in all_model_checkpoint_paths. Manually adding it.
socketio: INFO: emitting event "task update" to 20170509-174533-2a57 [/jobs]
digits.webapp: WARNING: Train Tensorflow Model unrecognized output: 2017-05-09 17:45:35.547437: W tensorflow/core/framework/op_kernel.cc:1152] Out of range: PaddingFIFOQueue '_3_train/data/batcher/padding_fifo_queue' is closed and has insufficient elements (requested 10, current size 0)
digits.webapp: WARNING: Train Tensorflow Model unrecognized output: [[Node: train/data/batcher = QueueDequeueUpToV2[component_types=[DT_STRING, DT_FLOAT, DT_FLOAT], timeout_ms=-1, _device="/job:localhost/replica:0/task:0/cpu:0"](train/data/batcher/padding_fifo_queue, train/data/batcher/n)]]
digits.webapp: WARNING: Train Tensorflow Model unrecognized output: 2017-05-09 17:45:35.547467: I tensorflow/core/kernels/logging_ops.cc:79] scale offset[1][23.296171]
digits.webapp: WARNING: Train Tensorflow Model unrecognized output: 2017-05-09 17:45:35.547484: W tensorflow/core/framework/op_kernel.cc:1152] Out of range: PaddingFIFOQueue '_3_train/data/batcher/padding_fifo_queue' is closed and has insufficient elements (requested 10, current size 0)
digits.webapp: WARNING: Train Tensorflow Model unrecognized output: [[Node: train/data/batcher = QueueDequeueUpToV2[component_types=[DT_STRING, DT_FLOAT, DT_FLOAT], timeout_ms=-1, _device="/job:localhost/replica:0/task:0/cpu:0"](train/data/batcher/padding_fifo_queue, train/data/batcher/n)]]
digits.webapp: WARNING: Train Tensorflow Model unrecognized output: Training wall-time: 0.158552885056
socketio: INFO: emitting event "task update" to 20170509-174533-2a57 [/jobs]
socketio: INFO: emitting event "task update" to 20170509-172339-dc52 [/jobs]
socketio: INFO: emitting event "task update" to 20170509-172625-e177 [/jobs]
socketio: INFO: emitting event "task update" to 20170509-173316-5f8a [/jobs]
socketio: INFO: emitting event "task update" to 20170509-173318-416e [/jobs]
socketio: INFO: emitting event "task update" to 20170509-173415-8046 [/jobs]
socketio: INFO: emitting event "task update" to 20170509-173027-0946 [/jobs]
socketio: INFO: emitting event "task update" to 20170509-172218-c9c0 [/jobs]
socketio: INFO: emitting event "task update" to 20170509-172328-6826 [/jobs]
socketio: INFO: emitting event "task update" to 20170509-173403-2593 [/jobs]
socketio: INFO: emitting event "task update" to 20170509-174313-cb2c [/jobs]
socketio: INFO: emitting event "task update" to 20170509-172344-9606 [/jobs]
socketio: INFO: emitting event "task update" to 20170509-172430-a33c [/jobs]
socketio: INFO: emitting event "task update" to 20170509-172605-0fd8 [/jobs]
socketio: INFO: emitting event "task update" to 20170509-172706-cfe6 [/jobs]
socketio: INFO: emitting event "task update" to 20170509-173209-48ad [/jobs]
socketio: INFO: emitting event "task update" to 20170509-173320-66e3 [/jobs]
socketio: INFO: emitting event "task update" to 20170509-172927-67d2 [/jobs]
socketio: INFO: emitting event "task update" to 20170509-173515-e8bf [/jobs]
socketio: INFO: emitting event "task update" to 20170509-172524-d7c0 [/jobs]
socketio: INFO: emitting event "task update" to 20170509-172419-2d22 [/jobs]
socketio: INFO: emitting event "task update" to 20170509-172337-f1aa [/jobs]
digits.webapp: INFO: Train Tensorflow Model task completed.
socketio: INFO: emitting event "task update" to 20170509-174533-2a57 [/jobs]
socketio: INFO: emitting event "job update" to job_management [/jobs]
socketio: INFO: emitting event "task update" to 20170509-174533-2a57 [/jobs]
socketio: INFO: emitting event "job update" to 20170509-174533-2a57 [/jobs]
socketio: INFO: emitting event "job update" to job_management [/jobs]
socketio: INFO: emitting event "server update" to job_management [/jobs]
socketio: INFO: emitting event "task update" to 20170509-173228-acad [/jobs]
socketio: INFO: emitting event "task update" to 20170509-172350-6fcd [/jobs]
socketio: INFO: emitting event "job update" to job_management [/jobs]
socketio: INFO: emitting event "job update" to 20170509-174533-2a57 [/jobs]
socketio: INFO: emitting event "job update" to job_management [/jobs]
digits: INFO: Job complete.
socketio: INFO: emitting event "task update" to 20170509-173357-1ed1 [/jobs]
socketio: INFO: emitting event "task update" to 20170509-172259-8252 [/jobs]
socketio: INFO: emitting event "task update" to 20170509-173322-0807 [/jobs]
socketio: INFO: emitting event "task update" to 20170509-172114-d063 [/jobs]
socketio: INFO: emitting event "task update" to 20170509-172323-89b4 [/jobs]
socketio: INFO: emitting event "task update" to 20170509-174411-45b4 [/jobs]
socketio: INFO: emitting event "task update" to 20170509-173300-0377 [/jobs]
socketio: INFO: emitting event "task update" to 20170509-173245-3417 [/jobs]
socketio: INFO: emitting event "task update" to 20170509-173324-49b0 [/jobs]
socketio: INFO: emitting event "task update" to 20170509-172342-e0ef [/jobs]
socketio: INFO: emitting event "task update" to 20170509-173108-a6ff [/jobs]
socketio: INFO: emitting event "task update" to 20170509-172725-6a13 [/jobs]
socketio: INFO: emitting event "task update" to 20170509-172806-b5bc [/jobs]
socketio: INFO: emitting event "task update" to 20170509-172227-0156 [/jobs]
socketio: INFO: emitting event "task update" to 20170509-174451-4b24 [/jobs]
socketio: INFO: emitting event "task update" to 20170509-172334-9d18 [/jobs]
socketio: INFO: emitting event "task update" to 20170509-173128-33ce [/jobs]
--------------------- >> end captured logging << ---------------------

======================================================================
FAIL: digits.model.images.generic.test_views.TestTensorflowCreatedWithImageProcessingExtensionMeanImage.test_download('zip',)
----------------------------------------------------------------------
Traceback (most recent call last):
  File "/home/ethan/.local/lib/python2.7/site-packages/nose/case.py", line 197, in runTest
    self.test(*self.arg)
  File "/home/ethan/digits_GAN/digits/model/images/generic/test_views.py", line 544, in check_download
    assert rv.status_code == 200, 'download "%s" failed with %s' % (url, rv.status_code)
AssertionError: download "/models/20170509-174533-2a57/download.zip" failed with 500

======================================================================
FAIL: digits.model.images.generic.test_views.TestTensorflowCreatedWithImageProcessingExtensionMeanImage.test_download('tar.gz',)
----------------------------------------------------------------------
Traceback (most recent call last):
  File "/home/ethan/.local/lib/python2.7/site-packages/nose/case.py", line 197, in runTest
    self.test(*self.arg)
  File "/home/ethan/digits_GAN/digits/model/images/generic/test_views.py", line 544, in check_download
    assert rv.status_code == 200, 'download "%s" failed with %s' % (url, rv.status_code)
AssertionError: download "/models/20170509-174533-2a57/download.tar.gz" failed with 500

======================================================================
FAIL: digits.model.images.generic.test_views.TestTensorflowCreatedWithImageProcessingExtensionMeanImage.test_download('tar.bz2',)
----------------------------------------------------------------------
Traceback (most recent call last):
  File "/home/ethan/.local/lib/python2.7/site-packages/nose/case.py", line 197, in runTest
    self.test(*self.arg)
  File "/home/ethan/digits_GAN/digits/model/images/generic/test_views.py", line 544, in check_download
    assert rv.status_code == 200, 'download "%s" failed with %s' % (url, rv.status_code)
AssertionError: download "/models/20170509-174533-2a57/download.tar.bz2" failed with 500

======================================================================
FAIL: digits.model.images.generic.test_views.TestTensorflowCreatedWithImageProcessingExtensionMeanImage.test_infer_db
----------------------------------------------------------------------
Traceback (most recent call last):
  File "/home/ethan/.local/lib/python2.7/site-packages/nose/case.py", line 197, in runTest
    self.test(*self.arg)
  File "/home/ethan/digits_GAN/digits/model/images/generic/test_views.py", line 876, in test_infer_db
    super(BaseTestCreatedWithImageProcessingExtension, self).test_infer_db()
  File "/home/ethan/digits_GAN/digits/model/images/generic/test_views.py", line 639, in test_infer_db
    assert rv.status_code == 200, 'POST failed with %s\n\n%s' % (rv.status_code, body)
AssertionError: POST failed with 500

[<body>\n<div class="navbar navbar-inverse navbar-fixed-top">\n<div class="container">\n<div class="navbar-header">\n<a class="navbar-brand" href="/">DIGITS</a>\n</div>\n<ul class="nav navbar-nav">\n<li><a href="/models/20170509-174533-2a57">test_model</a></li>\n<li class="active"><a>Test Many</a></li>\n</ul>\n<ul class="nav navbar-nav navbar-right">\n<li>\n<p class="navbar-text">\n            digits-testsuite (<a class="navbar-link" href="/logout">Logout</a>)\n            </p>\n</li>\n<li class="dropdown">\n<a class="dropdown-toggle" data-toggle="dropdown" href="#">Info<span class="caret"></span></a>\n<ul class="dropdown-menu navbar-inverse">\n<li><span class="navbar-text">Server: ethan-computer</span></li>\n<li><span class="navbar-text">DIGITS version: <br> 5.1-dev</br></span></li>\n<li><span class="navbar-text">Caffe version: <br> 0.15.13</br></span></li>\n<li><span class="navbar-text">Caffe flavor: <br> NVIDIA</br></span></li>\n</ul>\n</li>\n<li class="dropdown">\n<a class="dropdown-toggle" data-toggle="dropdown" href="#">About<span class="caret"></span></a>\n<ul class="dropdown-menu about-menu navbar-inverse">\n<li><span class="navbar-text"><a href="https://developer.nvidia.com/digits" target="_blank">\n                        DIGITS on developer.nvidia.com\n                    </a></span></li>\n<li><span class="navbar-text"><a href="https://github.com/NVIDIA/DIGITS" target="_blank">\n                        DIGITS on GitHub\n                    </a></span></li>\n<li><span class="navbar-text"><a href="https://groups.google.com/d/forum/digits-users" target="_blank">\n                        DIGITS user group\n                    </a></span></li>\n<li><span class="navbar-text"><a href="mailto:digits@nvidia.com">\n                        digits@nvidia.com\n                    </a></span></li>\n</ul>\n</li>\n</ul>\n</div>\n</div>\n<div class="container">\n<div class="jumbotron">\n<div class="container">\n<div class="row">\n<div class="col-sm-12" id="show-job-name">\n<h2 style="display:inline;">Infer Many Images</h2>\n</div>\n<div class="col-sm-4" id="edit-job-name" style="display:none;">\n<script>\nfunction updateJobName() {\n    var newName = $("input[name=job-name]").val();\n    $.ajax("/jobs/20170509-174536-6901",\n            {\n                type: "PUT",\n                data: {"job_name": newName}\n                }\n          )\n    .done(function() {\n            $("#show-job-name h2").html(newName);\n            $('#edit-job-name').hide(); $('#show-job-name').show();\n            })\n    .fail(function(data) { errorAlert(data); });\n    return false;\n}\n                </script>\n<input class="form-control" name="job-name" value="Infer Many Images"/>\n<a class="btn btn-primary" href="#" onclick="return updateJobName();">Update</a>\n<a class="btn btn-info" href="#" onclick="$('#edit-job-name').hide(); $('#show-job-name').show(); return false;">Cancel</a>\n</div>\n</div>\n<small>Owner: digits-testsuite</small>\n<div class="pull-right">\n<a class="btn btn-info" disabled="" id="clone-job">Clone Job</a>\n<a class="btn btn-warning hidden disabled" id="abort-job">Abort Job</a>\n<a class="btn btn-danger disabled" id="delete-job">Delete Job</a>\n</div>\n</div>\n<script>\n$('#abort-job').on('click', function(event) {\n        event.preventDefault();\n        bootbox.confirm(\n            'Are you sure you want to abort this job?',\n            function(result) {\n                if (result)\n                    $.ajax("/jobs/20170509-174536-6901/abort",\n                        {type: "POST"})\n                    .done(function() {\n                        $("#abort-job").hide();\n                        })\n                    .fail(function(data) { errorAlert(data); });\n            });\n        });\n\n$('#delete-job').on('click', function(event) {\n        event.preventDefault();\n        bootbox.confirm(\n            'Are you sure you want to delete this job?<br><br>All related files will be permanently removed.',\n            function(result) {\n                if (result)\n                    $.ajax("/jobs/20170509-174536-6901",\n                        {type: "DELETE"})\n                    .done(function() {\n                        window.location = "/";\n                        })\n                    .fail(function(data) { errorAlert(data); });\n            });\n        });\n    </script>\n</div>\n<div class="row">\n<!-- Job content -->\n<div class="col-sm-8">\n<div class="page-header">\n<h1>\n        test_model\n        <small>\n            Image Inference\n        </small>\n</h1>\n</div>\n<div class="alert alert-danger">\n<p>Inference failed, see job log</p>\n</div>\n</div>\n<!-- Tasks -->\n<div class="col-sm-4">\n<div class="panel-group">\n<div class="panel panel-danger" id="job-statuses">\n<div class="panel-heading">\n<h4 class="panel-title">\n                    Job Status\n                    <small>Error</small>\n</h4>\n</div>\n<div class="panel-collapse">\n<div class="panel-body">\n<div class="job-statuses">\n<ul>\n<li>\n<span class="text-warning">Initialized</span>\n        at 05:45:36 PM\n            <small>(0 seconds)</small>\n</li>\n<li>\n<span class="text-info">Running</span>\n        at 05:45:36 PM\n            <small>(2 seconds)</small>\n</li>\n<li>\n<span class="text-danger">Error</span>\n        at 05:45:39 PM\n            <br>\n<small>(Total - 2 seconds)</small>\n</br></li>\n</ul>\n</div>\n<div class="panel-group">\n<div class="panel panel-danger" id="task-140099415133584-status">\n<div class="panel-heading">\n<h4 class="panel-title">\n<a data-toggle="collapse" href="#task-140099415133584-status-collapse">\n                                            Infer Model\n                                            <small>Error</small>\n<span class="caret"></span>\n</a>\n</h4>\n</div>\n<div class="panel-collapse collapse in" id="task-140099415133584-status-collapse">\n<div class="panel-body">\n<div class="task-progress" style="display:none;">\n<div class="progress">\n<div class="progress-bar" style="width:0%">\n                                                    0%\n                                                </div>\n</div>\n                                            Estimated time remaining: <span class="task-eta">?</span>\n<br/>\n<br/>\n</div>\n<div class="task-statuses">\n<ul>\n<li>\n<span class="text-warning">Initialized</span>\n        at 05:45:36 PM\n            <small>(0 seconds)</small>\n</li>\n<li>\n<span class="text-info">Running</span>\n        at 05:45:36 PM\n            <small>(2 seconds)</small>\n</li>\n<li>\n<span class="text-danger">Error</span>\n        at 05:45:39 PM\n            <br>\n<small>(Total - 2 seconds)</small>\n</br></li>\n</ul>\n<h4 class="text-danger">ERROR: error code 1</h4>\n<pre>\nWARNING: log_file config option not found - no log file is being saved\n2017-05-09 17:45:38 [ERROR] InferenceError: Unable to find snapshot for epoch=-1.0\nTraceback (most recent call last):\nFile "/home/ethan/digits_GAN/digits/tools/inference.py", line 293, in &lt;module&gt;\nargs['resize']\nFile "/home/ethan/digits_GAN/digits/tools/inference.py", line 79, in infer\nraise InferenceError("Unable to find snapshot for epoch=%s" % repr(epoch))\ndigits.inference.errors.InferenceError: 'Unable to find snapshot for epoch=-1.0'\n        </pre>\n</div>\n</div>\n</div>\n</div>\n</div>\n</div>\n</div>\n</div>\n</div>\n<div class="gpu-utilization-info" style="display:none;"></div>\n<!-- Related jobs -->\n<div class="panel panel-default" id="notes-information">\n<div class="panel-heading">\n<h4>Notes</h4>\n</div>\n<div class="panel-body">\n<div class="col-sm-12" id="show-job-notes">\n<p style="display:inline;">None</p>\n</div>\n<div class="col-sm-12" id="edit-job-notes" style="display:none;">\n<script type="text/javascript">\n                        function updateJobNotes() {\n                        var newNotes = $("textarea[name=job-notes]").val();\n                        $.ajax("/jobs/20170509-174536-6901",\n                                {\n                                    type: "PUT",\n                                    data: {"job_notes": newNotes}\n                                    }\n                              )\n                        .done(function() {\n                                $("#show-job-notes p").html(newNotes);\n                                $('#edit-job-notes').hide(); $('#show-job-notes').show();\n                                })\n                        .fail(function(data) { errorAlert(data); });\n                        return false;\n                    }\n                    </script>\n<textarea class="form-control" name="job-notes" placeholder="Enter notes" rows="5"></textarea>\n<a class="btn btn-primary" href="#" onclick="return updateJobNotes();">Update</a>\n<a class="btn btn-info" href="#" onclick="$('#edit-job-notes').hide(); $('#show-job-notes').show(); return false;">Cancel</a>\n</div>\n</div>\n</div>\n</div>\n</div>\n<div class="row">\n</div>\n</div>\n<script>\n$SCRIPT_ROOT = "";\n\n$(".explanation-tooltip").tooltip();\n\nwindow.onload = function () {\n    $('.autocomplete_path').autocomplete({\n       serviceUrl: '/autocomplete/path',\n       formatResult: function (suggestion, currentValue)\n       {\n            function baseName(str)\n            {\n               var base = new String(str).substring(str.lastIndexOf('/') + 1);\n               return base;\n            }\n            return baseName(suggestion.value);\n        },\n        minChars: 0\n    });\n    $(".autocomplete_path").removeAttr("autocomplete");\n};\n\n</script>\n<style>\n .about-menu {\n     width: 240px !important;\n }\n .brightness {\n     display: inline-block;\n }\n .brightness img:hover {\n     opacity: .75;\n }\n</style>\n</body>]
-------------------- >> begin captured logging << --------------------
socketio: INFO: emitting event "job update" to job_management [/jobs]
socketio: INFO: emitting event "job update" to 20170509-174536-6901 [/jobs]
socketio: INFO: emitting event "job update" to job_management [/jobs]
socketio: INFO: emitting event "server update" to job_management [/jobs]
socketio: INFO: emitting event "server update" to job_management [/jobs]
digits.webapp: INFO: Infer Model task started.
socketio: INFO: emitting event "task update" to 20170509-174536-6901 [/jobs]
socketio: INFO: emitting event "job update" to 20170509-174536-6901 [/jobs]
socketio: INFO: emitting event "job update" to job_management [/jobs]
digits.webapp: INFO: Task subprocess args: "/usr/bin/python2 /home/ethan/digits_GAN/digits/tools/inference.py /tmp/tmpX3R8Ve/20170509-174526-76e1/val_db/features /tmp/tmpX3R8Ve/20170509-174536-6901 20170509-174533-2a57 --jobs_dir=/tmp/tmpX3R8Ve --layers=none --gpu=0 --db"
socketio: INFO: emitting event "task update" to 20170509-172347-b92a [/jobs]
socketio: INFO: emitting event "task update" to 20170509-173326-3e6f [/jobs]
socketio: INFO: emitting event "task update" to 20170509-172315-d38b [/jobs]
socketio: INFO: emitting event "task update" to 20170509-174340-86bb [/jobs]
socketio: INFO: emitting event "task update" to 20170509-172516-8f4b [/jobs]
socketio: INFO: emitting event "task update" to 20170509-172352-bfdd [/jobs]
socketio: INFO: emitting event "task update" to 20170509-172412-e6f0 [/jobs]
socketio: INFO: emitting event "task update" to 20170509-173329-1cea [/jobs]
socketio: INFO: emitting event "task update" to 20170509-173229-c795 [/jobs]
socketio: INFO: emitting event "task update" to 20170509-172202-9230 [/jobs]
socketio: INFO: emitting event "task update" to 20170509-173331-d237 [/jobs]
socketio: INFO: emitting event "task update" to 20170509-172317-7da8 [/jobs]
socketio: INFO: emitting event "task update" to 20170509-173008-ee07 [/jobs]
socketio: INFO: emitting event "task update" to 20170509-172210-1907 [/jobs]
socketio: INFO: emitting event "task update" to 20170509-173333-e98b [/jobs]
socketio: INFO: emitting event "task update" to 20170509-172825-84c5 [/jobs]
socketio: INFO: emitting event "task update" to 20170509-173335-6067 [/jobs]
socketio: INFO: emitting event "task update" to 20170509-172147-4505 [/jobs]
socketio: INFO: emitting event "task update" to 20170509-173337-8532 [/jobs]
socketio: INFO: emitting event "task update" to 20170509-172907-6ffa [/jobs]
socketio: INFO: emitting event "task update" to 20170509-174533-2a57 [/jobs]
socketio: INFO: emitting event "task update" to 20170509-172339-dc52 [/jobs]
socketio: INFO: emitting event "task update" to 20170509-172625-e177 [/jobs]
socketio: INFO: emitting event "task update" to 20170509-173316-5f8a [/jobs]
socketio: INFO: emitting event "task update" to 20170509-173318-416e [/jobs]
socketio: INFO: emitting event "task update" to 20170509-173415-8046 [/jobs]
socketio: INFO: emitting event "task update" to 20170509-173027-0946 [/jobs]
socketio: INFO: emitting event "task update" to 20170509-172218-c9c0 [/jobs]
socketio: INFO: emitting event "task update" to 20170509-172328-6826 [/jobs]
socketio: INFO: emitting event "task update" to 20170509-173403-2593 [/jobs]
socketio: INFO: emitting event "task update" to 20170509-174313-cb2c [/jobs]
socketio: INFO: emitting event "task update" to 20170509-172344-9606 [/jobs]
socketio: INFO: emitting event "task update" to 20170509-172430-a33c [/jobs]
socketio: INFO: emitting event "task update" to 20170509-172605-0fd8 [/jobs]
socketio: INFO: emitting event "task update" to 20170509-172706-cfe6 [/jobs]
socketio: INFO: emitting event "task update" to 20170509-173209-48ad [/jobs]
socketio: INFO: emitting event "task update" to 20170509-173320-66e3 [/jobs]
socketio: INFO: emitting event "task update" to 20170509-172927-67d2 [/jobs]
socketio: INFO: emitting event "task update" to 20170509-173515-e8bf [/jobs]
socketio: INFO: emitting event "task update" to 20170509-172524-d7c0 [/jobs]
socketio: INFO: emitting event "task update" to 20170509-172419-2d22 [/jobs]
socketio: INFO: emitting event "task update" to 20170509-172337-f1aa [/jobs]
socketio: INFO: emitting event "task update" to 20170509-173228-acad [/jobs]
socketio: INFO: emitting event "task update" to 20170509-172350-6fcd [/jobs]
socketio: INFO: emitting event "task update" to 20170509-173357-1ed1 [/jobs]
socketio: INFO: emitting event "task update" to 20170509-172259-8252 [/jobs]
socketio: INFO: emitting event "task update" to 20170509-173322-0807 [/jobs]
socketio: INFO: emitting event "task update" to 20170509-172114-d063 [/jobs]
socketio: INFO: emitting event "task update" to 20170509-172323-89b4 [/jobs]
socketio: INFO: emitting event "task update" to 20170509-174411-45b4 [/jobs]
socketio: INFO: emitting event "task update" to 20170509-173300-0377 [/jobs]
socketio: INFO: emitting event "task update" to 20170509-173245-3417 [/jobs]
socketio: INFO: emitting event "task update" to 20170509-173324-49b0 [/jobs]
socketio: INFO: emitting event "task update" to 20170509-172342-e0ef [/jobs]
socketio: INFO: emitting event "task update" to 20170509-173108-a6ff [/jobs]
socketio: INFO: emitting event "task update" to 20170509-172725-6a13 [/jobs]
socketio: INFO: emitting event "task update" to 20170509-172806-b5bc [/jobs]
socketio: INFO: emitting event "task update" to 20170509-172227-0156 [/jobs]
socketio: INFO: emitting event "task update" to 20170509-174451-4b24 [/jobs]
socketio: INFO: emitting event "task update" to 20170509-172334-9d18 [/jobs]
socketio: INFO: emitting event "task update" to 20170509-173128-33ce [/jobs]
socketio: INFO: emitting event "task update" to 20170509-172347-b92a [/jobs]
socketio: INFO: emitting event "task update" to 20170509-173326-3e6f [/jobs]
socketio: INFO: emitting event "task update" to 20170509-172315-d38b [/jobs]
socketio: INFO: emitting event "task update" to 20170509-174340-86bb [/jobs]
socketio: INFO: emitting event "task update" to 20170509-172516-8f4b [/jobs]
socketio: INFO: emitting event "task update" to 20170509-172352-bfdd [/jobs]
socketio: INFO: emitting event "task update" to 20170509-172412-e6f0 [/jobs]
socketio: INFO: emitting event "task update" to 20170509-173329-1cea [/jobs]
socketio: INFO: emitting event "task update" to 20170509-173229-c795 [/jobs]
socketio: INFO: emitting event "task update" to 20170509-172202-9230 [/jobs]
socketio: INFO: emitting event "task update" to 20170509-173331-d237 [/jobs]
socketio: INFO: emitting event "task update" to 20170509-172317-7da8 [/jobs]
socketio: INFO: emitting event "task update" to 20170509-173008-ee07 [/jobs]
socketio: INFO: emitting event "task update" to 20170509-172210-1907 [/jobs]
socketio: INFO: emitting event "task update" to 20170509-173333-e98b [/jobs]
socketio: INFO: emitting event "task update" to 20170509-172825-84c5 [/jobs]
socketio: INFO: emitting event "task update" to 20170509-173335-6067 [/jobs]
socketio: INFO: emitting event "task update" to 20170509-172147-4505 [/jobs]
socketio: INFO: emitting event "task update" to 20170509-173337-8532 [/jobs]
socketio: INFO: emitting event "task update" to 20170509-172907-6ffa [/jobs]
socketio: INFO: emitting event "task update" to 20170509-174533-2a57 [/jobs]
socketio: INFO: emitting event "task update" to 20170509-172339-dc52 [/jobs]
socketio: INFO: emitting event "task update" to 20170509-172625-e177 [/jobs]
socketio: INFO: emitting event "task update" to 20170509-173316-5f8a [/jobs]
socketio: INFO: emitting event "task update" to 20170509-173318-416e [/jobs]
socketio: INFO: emitting event "task update" to 20170509-173415-8046 [/jobs]
socketio: INFO: emitting event "task update" to 20170509-173027-0946 [/jobs]
socketio: INFO: emitting event "task update" to 20170509-172218-c9c0 [/jobs]
socketio: INFO: emitting event "task update" to 20170509-172328-6826 [/jobs]
socketio: INFO: emitting event "task update" to 20170509-173403-2593 [/jobs]
socketio: INFO: emitting event "task update" to 20170509-174313-cb2c [/jobs]
socketio: INFO: emitting event "task update" to 20170509-172344-9606 [/jobs]
socketio: INFO: emitting event "task update" to 20170509-172430-a33c [/jobs]
socketio: INFO: emitting event "task update" to 20170509-172605-0fd8 [/jobs]
socketio: INFO: emitting event "task update" to 20170509-172706-cfe6 [/jobs]
socketio: INFO: emitting event "task update" to 20170509-173209-48ad [/jobs]
socketio: INFO: emitting event "task update" to 20170509-173320-66e3 [/jobs]
socketio: INFO: emitting event "task update" to 20170509-172927-67d2 [/jobs]
socketio: INFO: emitting event "task update" to 20170509-173515-e8bf [/jobs]
socketio: INFO: emitting event "task update" to 20170509-172524-d7c0 [/jobs]
socketio: INFO: emitting event "task update" to 20170509-172419-2d22 [/jobs]
socketio: INFO: emitting event "task update" to 20170509-172337-f1aa [/jobs]
socketio: INFO: emitting event "task update" to 20170509-173228-acad [/jobs]
socketio: INFO: emitting event "task update" to 20170509-172350-6fcd [/jobs]
socketio: INFO: emitting event "task update" to 20170509-173357-1ed1 [/jobs]
socketio: INFO: emitting event "task update" to 20170509-172259-8252 [/jobs]
socketio: INFO: emitting event "task update" to 20170509-173322-0807 [/jobs]
socketio: INFO: emitting event "task update" to 20170509-172114-d063 [/jobs]
socketio: INFO: emitting event "task update" to 20170509-172323-89b4 [/jobs]
socketio: INFO: emitting event "task update" to 20170509-174411-45b4 [/jobs]
socketio: INFO: emitting event "task update" to 20170509-173300-0377 [/jobs]
socketio: INFO: emitting event "task update" to 20170509-173245-3417 [/jobs]
socketio: INFO: emitting event "task update" to 20170509-173324-49b0 [/jobs]
socketio: INFO: emitting event "task update" to 20170509-172342-e0ef [/jobs]
socketio: INFO: emitting event "task update" to 20170509-173108-a6ff [/jobs]
socketio: INFO: emitting event "task update" to 20170509-172725-6a13 [/jobs]
socketio: INFO: emitting event "task update" to 20170509-172806-b5bc [/jobs]
socketio: INFO: emitting event "task update" to 20170509-172227-0156 [/jobs]
socketio: INFO: emitting event "task update" to 20170509-174451-4b24 [/jobs]
socketio: INFO: emitting event "task update" to 20170509-172334-9d18 [/jobs]
socketio: INFO: emitting event "task update" to 20170509-173128-33ce [/jobs]
socketio: INFO: emitting event "task update" to 20170509-172347-b92a [/jobs]
socketio: INFO: emitting event "task update" to 20170509-173326-3e6f [/jobs]
socketio: INFO: emitting event "task update" to 20170509-172315-d38b [/jobs]
socketio: INFO: emitting event "task update" to 20170509-174340-86bb [/jobs]
socketio: INFO: emitting event "task update" to 20170509-172516-8f4b [/jobs]
socketio: INFO: emitting event "task update" to 20170509-172352-bfdd [/jobs]
socketio: INFO: emitting event "task update" to 20170509-172412-e6f0 [/jobs]
socketio: INFO: emitting event "task update" to 20170509-173329-1cea [/jobs]
socketio: INFO: emitting event "task update" to 20170509-173229-c795 [/jobs]
socketio: INFO: emitting event "task update" to 20170509-172202-9230 [/jobs]
socketio: INFO: emitting event "task update" to 20170509-173331-d237 [/jobs]
socketio: INFO: emitting event "task update" to 20170509-172317-7da8 [/jobs]
socketio: INFO: emitting event "task update" to 20170509-173008-ee07 [/jobs]
socketio: INFO: emitting event "task update" to 20170509-172210-1907 [/jobs]
socketio: INFO: emitting event "task update" to 20170509-173333-e98b [/jobs]
socketio: INFO: emitting event "task update" to 20170509-172825-84c5 [/jobs]
socketio: INFO: emitting event "task update" to 20170509-173335-6067 [/jobs]
socketio: INFO: emitting event "task update" to 20170509-172147-4505 [/jobs]
socketio: INFO: emitting event "task update" to 20170509-173337-8532 [/jobs]
socketio: INFO: emitting event "task update" to 20170509-172907-6ffa [/jobs]
socketio: INFO: emitting event "task update" to 20170509-174533-2a57 [/jobs]
socketio: INFO: emitting event "task update" to 20170509-172339-dc52 [/jobs]
socketio: INFO: emitting event "task update" to 20170509-172625-e177 [/jobs]
socketio: INFO: emitting event "task update" to 20170509-173316-5f8a [/jobs]
socketio: INFO: emitting event "task update" to 20170509-173318-416e [/jobs]
socketio: INFO: emitting event "task update" to 20170509-173415-8046 [/jobs]
socketio: INFO: emitting event "task update" to 20170509-173027-0946 [/jobs]
socketio: INFO: emitting event "task update" to 20170509-172218-c9c0 [/jobs]
socketio: INFO: emitting event "task update" to 20170509-172328-6826 [/jobs]
socketio: INFO: emitting event "task update" to 20170509-173403-2593 [/jobs]
socketio: INFO: emitting event "task update" to 20170509-174313-cb2c [/jobs]
socketio: INFO: emitting event "task update" to 20170509-172344-9606 [/jobs]
socketio: INFO: emitting event "task update" to 20170509-172430-a33c [/jobs]
socketio: INFO: emitting event "task update" to 20170509-172605-0fd8 [/jobs]
socketio: INFO: emitting event "task update" to 20170509-172706-cfe6 [/jobs]
socketio: INFO: emitting event "task update" to 20170509-173209-48ad [/jobs]
socketio: INFO: emitting event "task update" to 20170509-173320-66e3 [/jobs]
socketio: INFO: emitting event "task update" to 20170509-172927-67d2 [/jobs]
socketio: INFO: emitting event "task update" to 20170509-173515-e8bf [/jobs]
socketio: INFO: emitting event "task update" to 20170509-172524-d7c0 [/jobs]
socketio: INFO: emitting event "task update" to 20170509-172419-2d22 [/jobs]
socketio: INFO: emitting event "task update" to 20170509-172337-f1aa [/jobs]
socketio: INFO: emitting event "task update" to 20170509-173228-acad [/jobs]
socketio: INFO: emitting event "task update" to 20170509-172350-6fcd [/jobs]
socketio: INFO: emitting event "task update" to 20170509-173357-1ed1 [/jobs]
socketio: INFO: emitting event "task update" to 20170509-172259-8252 [/jobs]
socketio: INFO: emitting event "task update" to 20170509-173322-0807 [/jobs]
socketio: INFO: emitting event "task update" to 20170509-172114-d063 [/jobs]
socketio: INFO: emitting event "task update" to 20170509-172323-89b4 [/jobs]
socketio: INFO: emitting event "task update" to 20170509-174411-45b4 [/jobs]
socketio: INFO: emitting event "task update" to 20170509-173300-0377 [/jobs]
socketio: INFO: emitting event "task update" to 20170509-173245-3417 [/jobs]
socketio: INFO: emitting event "task update" to 20170509-173324-49b0 [/jobs]
digits.webapp: WARNING: Infer Model unrecognized output: WARNING: log_file config option not found - no log file is being saved
digits.webapp: WARNING: Infer Model unrecognized output: 2017-05-09 17:45:38 [ERROR] InferenceError: Unable to find snapshot for epoch=-1.0
digits.webapp: WARNING: Infer Model unrecognized output: Traceback (most recent call last):
digits.webapp: WARNING: Infer Model unrecognized output: File "/home/ethan/digits_GAN/digits/tools/inference.py", line 293, in <module>
digits.webapp: WARNING: Infer Model unrecognized output: args['resize']
digits.webapp: WARNING: Infer Model unrecognized output: File "/home/ethan/digits_GAN/digits/tools/inference.py", line 79, in infer
digits.webapp: WARNING: Infer Model unrecognized output: raise InferenceError("Unable to find snapshot for epoch=%s" % repr(epoch))
digits.webapp: WARNING: Infer Model unrecognized output: digits.inference.errors.InferenceError: 'Unable to find snapshot for epoch=-1.0'
socketio: INFO: emitting event "task update" to 20170509-172342-e0ef [/jobs]
socketio: INFO: emitting event "task update" to 20170509-173108-a6ff [/jobs]
socketio: INFO: emitting event "task update" to 20170509-172725-6a13 [/jobs]
socketio: INFO: emitting event "task update" to 20170509-172806-b5bc [/jobs]
socketio: INFO: emitting event "task update" to 20170509-172227-0156 [/jobs]
socketio: INFO: emitting event "task update" to 20170509-174451-4b24 [/jobs]
socketio: INFO: emitting event "task update" to 20170509-172334-9d18 [/jobs]
socketio: INFO: emitting event "task update" to 20170509-173128-33ce [/jobs]
digits.webapp: ERROR: Infer Model task failed with error code 1
socketio: INFO: emitting event "task update" to 20170509-174536-6901 [/jobs]
socketio: INFO: emitting event "job update" to 20170509-174536-6901 [/jobs]
socketio: INFO: emitting event "job update" to job_management [/jobs]
socketio: INFO: emitting event "server update" to job_management [/jobs]
socketio: INFO: emitting event "server update" to job_management [/jobs]
socketio: INFO: emitting event "job update" to 20170509-174536-6901 [/jobs]
socketio: INFO: emitting event "job update" to job_management [/jobs]
digits: INFO: Job deleted.
socketio: INFO: emitting event "job update" to job_management [/jobs]
--------------------- >> end captured logging << ---------------------

======================================================================
FAIL: digits.model.images.generic.test_views.TestTensorflowCreatedWithImageProcessingExtensionMeanImage.test_infer_db_json
----------------------------------------------------------------------
Traceback (most recent call last):
  File "/home/ethan/.local/lib/python2.7/site-packages/nose/case.py", line 197, in runTest
    self.test(*self.arg)
  File "/home/ethan/digits_GAN/digits/model/images/generic/test_views.py", line 881, in test_infer_db_json
    super(BaseTestCreatedWithImageProcessingExtension, self).test_infer_db_json()
  File "/home/ethan/digits_GAN/digits/model/images/generic/test_views.py", line 686, in test_infer_db_json
    assert rv.status_code == 200, 'POST failed with %s\n\n%s' % (rv.status_code, rv.data)
AssertionError: POST failed with 500

{
  "error": {
    "message": "'NoneType' object is not iterable",
    "trace": [
      "Traceback (most recent call last):",
      "  File \"/usr/lib/python2.7/dist-packages/flask/app.py\", line 1475, in full_dispatch_request",
      "    rv = self.dispatch_request()",
      "  File \"/usr/lib/python2.7/dist-packages/flask/app.py\", line 1461, in dispatch_request",
      "    return self.view_functions[rule.endpoint](**req.view_args)",
      "  File \"/home/ethan/digits_GAN/digits/webapp.py\", line 81, in decorated",
      "    return f(*args, **kwargs)",
      "  File \"/home/ethan/digits_GAN/digits/model/images/generic/views.py\", line 600, in infer_db",
      "    for i, key in enumerate(keys):",
      "TypeError: 'NoneType' object is not iterable",
      ""
    ],
    "type": "TypeError"
  }
}
-------------------- >> begin captured logging << --------------------
socketio: INFO: emitting event "job update" to job_management [/jobs]
socketio: INFO: emitting event "job update" to 20170509-174539-8c47 [/jobs]
socketio: INFO: emitting event "job update" to job_management [/jobs]
socketio: INFO: emitting event "server update" to job_management [/jobs]
socketio: INFO: emitting event "server update" to job_management [/jobs]
digits.webapp: INFO: Infer Model task started.
socketio: INFO: emitting event "task update" to 20170509-174539-8c47 [/jobs]
socketio: INFO: emitting event "job update" to 20170509-174539-8c47 [/jobs]
socketio: INFO: emitting event "job update" to job_management [/jobs]
digits.webapp: INFO: Task subprocess args: "/usr/bin/python2 /home/ethan/digits_GAN/digits/tools/inference.py /tmp/tmpX3R8Ve/20170509-174526-76e1/val_db/features /tmp/tmpX3R8Ve/20170509-174539-8c47 20170509-174533-2a57 --jobs_dir=/tmp/tmpX3R8Ve --layers=none --gpu=0 --db"
socketio: INFO: emitting event "task update" to 20170509-172347-b92a [/jobs]
socketio: INFO: emitting event "task update" to 20170509-173326-3e6f [/jobs]
socketio: INFO: emitting event "task update" to 20170509-172315-d38b [/jobs]
socketio: INFO: emitting event "task update" to 20170509-174340-86bb [/jobs]
socketio: INFO: emitting event "task update" to 20170509-172516-8f4b [/jobs]
socketio: INFO: emitting event "task update" to 20170509-172352-bfdd [/jobs]
socketio: INFO: emitting event "task update" to 20170509-172412-e6f0 [/jobs]
socketio: INFO: emitting event "task update" to 20170509-173329-1cea [/jobs]
socketio: INFO: emitting event "task update" to 20170509-173229-c795 [/jobs]
socketio: INFO: emitting event "task update" to 20170509-172202-9230 [/jobs]
socketio: INFO: emitting event "task update" to 20170509-173331-d237 [/jobs]
socketio: INFO: emitting event "task update" to 20170509-172317-7da8 [/jobs]
socketio: INFO: emitting event "task update" to 20170509-173008-ee07 [/jobs]
socketio: INFO: emitting event "task update" to 20170509-172210-1907 [/jobs]
socketio: INFO: emitting event "task update" to 20170509-173333-e98b [/jobs]
socketio: INFO: emitting event "task update" to 20170509-172825-84c5 [/jobs]
socketio: INFO: emitting event "task update" to 20170509-173335-6067 [/jobs]
socketio: INFO: emitting event "task update" to 20170509-172147-4505 [/jobs]
socketio: INFO: emitting event "task update" to 20170509-173337-8532 [/jobs]
socketio: INFO: emitting event "task update" to 20170509-172907-6ffa [/jobs]
socketio: INFO: emitting event "task update" to 20170509-174533-2a57 [/jobs]
socketio: INFO: emitting event "task update" to 20170509-172339-dc52 [/jobs]
socketio: INFO: emitting event "task update" to 20170509-172625-e177 [/jobs]
socketio: INFO: emitting event "task update" to 20170509-173316-5f8a [/jobs]
socketio: INFO: emitting event "task update" to 20170509-173318-416e [/jobs]
socketio: INFO: emitting event "task update" to 20170509-173415-8046 [/jobs]
socketio: INFO: emitting event "task update" to 20170509-173027-0946 [/jobs]
socketio: INFO: emitting event "task update" to 20170509-172218-c9c0 [/jobs]
socketio: INFO: emitting event "task update" to 20170509-172328-6826 [/jobs]
socketio: INFO: emitting event "task update" to 20170509-173403-2593 [/jobs]
socketio: INFO: emitting event "task update" to 20170509-174313-cb2c [/jobs]
socketio: INFO: emitting event "task update" to 20170509-172344-9606 [/jobs]
socketio: INFO: emitting event "task update" to 20170509-172430-a33c [/jobs]
socketio: INFO: emitting event "task update" to 20170509-172605-0fd8 [/jobs]
socketio: INFO: emitting event "task update" to 20170509-172706-cfe6 [/jobs]
socketio: INFO: emitting event "task update" to 20170509-173209-48ad [/jobs]
socketio: INFO: emitting event "task update" to 20170509-173320-66e3 [/jobs]
socketio: INFO: emitting event "task update" to 20170509-172927-67d2 [/jobs]
socketio: INFO: emitting event "task update" to 20170509-173515-e8bf [/jobs]
socketio: INFO: emitting event "task update" to 20170509-172524-d7c0 [/jobs]
socketio: INFO: emitting event "task update" to 20170509-172419-2d22 [/jobs]
socketio: INFO: emitting event "task update" to 20170509-172337-f1aa [/jobs]
socketio: INFO: emitting event "task update" to 20170509-173228-acad [/jobs]
socketio: INFO: emitting event "task update" to 20170509-172350-6fcd [/jobs]
socketio: INFO: emitting event "task update" to 20170509-173357-1ed1 [/jobs]
socketio: INFO: emitting event "task update" to 20170509-172259-8252 [/jobs]
socketio: INFO: emitting event "task update" to 20170509-173322-0807 [/jobs]
socketio: INFO: emitting event "task update" to 20170509-172114-d063 [/jobs]
socketio: INFO: emitting event "task update" to 20170509-172323-89b4 [/jobs]
socketio: INFO: emitting event "task update" to 20170509-174411-45b4 [/jobs]
socketio: INFO: emitting event "task update" to 20170509-173300-0377 [/jobs]
socketio: INFO: emitting event "task update" to 20170509-173245-3417 [/jobs]
socketio: INFO: emitting event "task update" to 20170509-173324-49b0 [/jobs]
socketio: INFO: emitting event "task update" to 20170509-172342-e0ef [/jobs]
socketio: INFO: emitting event "task update" to 20170509-173108-a6ff [/jobs]
socketio: INFO: emitting event "task update" to 20170509-172725-6a13 [/jobs]
socketio: INFO: emitting event "task update" to 20170509-172806-b5bc [/jobs]
socketio: INFO: emitting event "task update" to 20170509-172227-0156 [/jobs]
socketio: INFO: emitting event "task update" to 20170509-174451-4b24 [/jobs]
socketio: INFO: emitting event "task update" to 20170509-172334-9d18 [/jobs]
socketio: INFO: emitting event "task update" to 20170509-173128-33ce [/jobs]
socketio: INFO: emitting event "task update" to 20170509-172347-b92a [/jobs]
socketio: INFO: emitting event "task update" to 20170509-173326-3e6f [/jobs]
socketio: INFO: emitting event "task update" to 20170509-172315-d38b [/jobs]
socketio: INFO: emitting event "task update" to 20170509-174340-86bb [/jobs]
socketio: INFO: emitting event "task update" to 20170509-172516-8f4b [/jobs]
socketio: INFO: emitting event "task update" to 20170509-172352-bfdd [/jobs]
socketio: INFO: emitting event "task update" to 20170509-172412-e6f0 [/jobs]
socketio: INFO: emitting event "task update" to 20170509-173329-1cea [/jobs]
socketio: INFO: emitting event "task update" to 20170509-173229-c795 [/jobs]
socketio: INFO: emitting event "task update" to 20170509-172202-9230 [/jobs]
socketio: INFO: emitting event "task update" to 20170509-173331-d237 [/jobs]
socketio: INFO: emitting event "task update" to 20170509-172317-7da8 [/jobs]
socketio: INFO: emitting event "task update" to 20170509-173008-ee07 [/jobs]
socketio: INFO: emitting event "task update" to 20170509-172210-1907 [/jobs]
socketio: INFO: emitting event "task update" to 20170509-173333-e98b [/jobs]
socketio: INFO: emitting event "task update" to 20170509-172825-84c5 [/jobs]
socketio: INFO: emitting event "task update" to 20170509-173335-6067 [/jobs]
socketio: INFO: emitting event "task update" to 20170509-172147-4505 [/jobs]
socketio: INFO: emitting event "task update" to 20170509-173337-8532 [/jobs]
socketio: INFO: emitting event "task update" to 20170509-172907-6ffa [/jobs]
socketio: INFO: emitting event "task update" to 20170509-174533-2a57 [/jobs]
socketio: INFO: emitting event "task update" to 20170509-172339-dc52 [/jobs]
socketio: INFO: emitting event "task update" to 20170509-172625-e177 [/jobs]
socketio: INFO: emitting event "task update" to 20170509-173316-5f8a [/jobs]
socketio: INFO: emitting event "task update" to 20170509-173318-416e [/jobs]
socketio: INFO: emitting event "task update" to 20170509-173415-8046 [/jobs]
socketio: INFO: emitting event "task update" to 20170509-173027-0946 [/jobs]
socketio: INFO: emitting event "task update" to 20170509-172218-c9c0 [/jobs]
socketio: INFO: emitting event "task update" to 20170509-172328-6826 [/jobs]
socketio: INFO: emitting event "task update" to 20170509-173403-2593 [/jobs]
socketio: INFO: emitting event "task update" to 20170509-174313-cb2c [/jobs]
socketio: INFO: emitting event "task update" to 20170509-172344-9606 [/jobs]
socketio: INFO: emitting event "task update" to 20170509-172430-a33c [/jobs]
socketio: INFO: emitting event "task update" to 20170509-172605-0fd8 [/jobs]
socketio: INFO: emitting event "task update" to 20170509-172706-cfe6 [/jobs]
socketio: INFO: emitting event "task update" to 20170509-173209-48ad [/jobs]
socketio: INFO: emitting event "task update" to 20170509-173320-66e3 [/jobs]
socketio: INFO: emitting event "task update" to 20170509-172927-67d2 [/jobs]
socketio: INFO: emitting event "task update" to 20170509-173515-e8bf [/jobs]
socketio: INFO: emitting event "task update" to 20170509-172524-d7c0 [/jobs]
socketio: INFO: emitting event "task update" to 20170509-172419-2d22 [/jobs]
socketio: INFO: emitting event "task update" to 20170509-172337-f1aa [/jobs]
socketio: INFO: emitting event "task update" to 20170509-173228-acad [/jobs]
socketio: INFO: emitting event "task update" to 20170509-172350-6fcd [/jobs]
socketio: INFO: emitting event "task update" to 20170509-173357-1ed1 [/jobs]
socketio: INFO: emitting event "task update" to 20170509-172259-8252 [/jobs]
socketio: INFO: emitting event "task update" to 20170509-173322-0807 [/jobs]
socketio: INFO: emitting event "task update" to 20170509-172114-d063 [/jobs]
socketio: INFO: emitting event "task update" to 20170509-172323-89b4 [/jobs]
socketio: INFO: emitting event "task update" to 20170509-174411-45b4 [/jobs]
socketio: INFO: emitting event "task update" to 20170509-173300-0377 [/jobs]
socketio: INFO: emitting event "task update" to 20170509-173245-3417 [/jobs]
socketio: INFO: emitting event "task update" to 20170509-173324-49b0 [/jobs]
socketio: INFO: emitting event "task update" to 20170509-172342-e0ef [/jobs]
socketio: INFO: emitting event "task update" to 20170509-173108-a6ff [/jobs]
socketio: INFO: emitting event "task update" to 20170509-172725-6a13 [/jobs]
socketio: INFO: emitting event "task update" to 20170509-172806-b5bc [/jobs]
socketio: INFO: emitting event "task update" to 20170509-172227-0156 [/jobs]
socketio: INFO: emitting event "task update" to 20170509-174451-4b24 [/jobs]
socketio: INFO: emitting event "task update" to 20170509-172334-9d18 [/jobs]
socketio: INFO: emitting event "task update" to 20170509-173128-33ce [/jobs]
socketio: INFO: emitting event "task update" to 20170509-172347-b92a [/jobs]
socketio: INFO: emitting event "task update" to 20170509-173326-3e6f [/jobs]
socketio: INFO: emitting event "task update" to 20170509-172315-d38b [/jobs]
socketio: INFO: emitting event "task update" to 20170509-174340-86bb [/jobs]
socketio: INFO: emitting event "task update" to 20170509-172516-8f4b [/jobs]
socketio: INFO: emitting event "task update" to 20170509-172352-bfdd [/jobs]
socketio: INFO: emitting event "task update" to 20170509-172412-e6f0 [/jobs]
socketio: INFO: emitting event "task update" to 20170509-173329-1cea [/jobs]
socketio: INFO: emitting event "task update" to 20170509-173229-c795 [/jobs]
socketio: INFO: emitting event "task update" to 20170509-172202-9230 [/jobs]
socketio: INFO: emitting event "task update" to 20170509-173331-d237 [/jobs]
socketio: INFO: emitting event "task update" to 20170509-172317-7da8 [/jobs]
socketio: INFO: emitting event "task update" to 20170509-173008-ee07 [/jobs]
socketio: INFO: emitting event "task update" to 20170509-172210-1907 [/jobs]
socketio: INFO: emitting event "task update" to 20170509-173333-e98b [/jobs]
socketio: INFO: emitting event "task update" to 20170509-172825-84c5 [/jobs]
socketio: INFO: emitting event "task update" to 20170509-173335-6067 [/jobs]
socketio: INFO: emitting event "task update" to 20170509-172147-4505 [/jobs]
socketio: INFO: emitting event "task update" to 20170509-173337-8532 [/jobs]
socketio: INFO: emitting event "task update" to 20170509-172907-6ffa [/jobs]
socketio: INFO: emitting event "task update" to 20170509-174533-2a57 [/jobs]
socketio: INFO: emitting event "task update" to 20170509-172339-dc52 [/jobs]
socketio: INFO: emitting event "task update" to 20170509-172625-e177 [/jobs]
socketio: INFO: emitting event "task update" to 20170509-173316-5f8a [/jobs]
socketio: INFO: emitting event "task update" to 20170509-173318-416e [/jobs]
socketio: INFO: emitting event "task update" to 20170509-173415-8046 [/jobs]
socketio: INFO: emitting event "task update" to 20170509-173027-0946 [/jobs]
socketio: INFO: emitting event "task update" to 20170509-172218-c9c0 [/jobs]
socketio: INFO: emitting event "task update" to 20170509-172328-6826 [/jobs]
socketio: INFO: emitting event "task update" to 20170509-173403-2593 [/jobs]
socketio: INFO: emitting event "task update" to 20170509-174313-cb2c [/jobs]
socketio: INFO: emitting event "task update" to 20170509-172344-9606 [/jobs]
socketio: INFO: emitting event "task update" to 20170509-172430-a33c [/jobs]
socketio: INFO: emitting event "task update" to 20170509-172605-0fd8 [/jobs]
socketio: INFO: emitting event "task update" to 20170509-172706-cfe6 [/jobs]
socketio: INFO: emitting event "task update" to 20170509-173209-48ad [/jobs]
socketio: INFO: emitting event "task update" to 20170509-173320-66e3 [/jobs]
socketio: INFO: emitting event "task update" to 20170509-172927-67d2 [/jobs]
socketio: INFO: emitting event "task update" to 20170509-173515-e8bf [/jobs]
socketio: INFO: emitting event "task update" to 20170509-172524-d7c0 [/jobs]
socketio: INFO: emitting event "task update" to 20170509-172419-2d22 [/jobs]
socketio: INFO: emitting event "task update" to 20170509-172337-f1aa [/jobs]
socketio: INFO: emitting event "task update" to 20170509-173228-acad [/jobs]
socketio: INFO: emitting event "task update" to 20170509-172350-6fcd [/jobs]
socketio: INFO: emitting event "task update" to 20170509-173357-1ed1 [/jobs]
socketio: INFO: emitting event "task update" to 20170509-172259-8252 [/jobs]
socketio: INFO: emitting event "task update" to 20170509-173322-0807 [/jobs]
socketio: INFO: emitting event "task update" to 20170509-172114-d063 [/jobs]
socketio: INFO: emitting event "task update" to 20170509-172323-89b4 [/jobs]
socketio: INFO: emitting event "task update" to 20170509-174411-45b4 [/jobs]
socketio: INFO: emitting event "task update" to 20170509-173300-0377 [/jobs]
socketio: INFO: emitting event "task update" to 20170509-173245-3417 [/jobs]
socketio: INFO: emitting event "task update" to 20170509-173324-49b0 [/jobs]
socketio: INFO: emitting event "task update" to 20170509-172342-e0ef [/jobs]
socketio: INFO: emitting event "task update" to 20170509-173108-a6ff [/jobs]
digits.webapp: WARNING: Infer Model unrecognized output: WARNING: log_file config option not found - no log file is being saved
digits.webapp: WARNING: Infer Model unrecognized output: 2017-05-09 17:45:42 [ERROR] InferenceError: Unable to find snapshot for epoch=-1.0
digits.webapp: WARNING: Infer Model unrecognized output: Traceback (most recent call last):
digits.webapp: WARNING: Infer Model unrecognized output: File "/home/ethan/digits_GAN/digits/tools/inference.py", line 293, in <module>
digits.webapp: WARNING: Infer Model unrecognized output: args['resize']
digits.webapp: WARNING: Infer Model unrecognized output: File "/home/ethan/digits_GAN/digits/tools/inference.py", line 79, in infer
digits.webapp: WARNING: Infer Model unrecognized output: raise InferenceError("Unable to find snapshot for epoch=%s" % repr(epoch))
digits.webapp: WARNING: Infer Model unrecognized output: digits.inference.errors.InferenceError: 'Unable to find snapshot for epoch=-1.0'
socketio: INFO: emitting event "task update" to 20170509-172725-6a13 [/jobs]
socketio: INFO: emitting event "task update" to 20170509-172806-b5bc [/jobs]
socketio: INFO: emitting event "task update" to 20170509-172227-0156 [/jobs]
socketio: INFO: emitting event "task update" to 20170509-174451-4b24 [/jobs]
socketio: INFO: emitting event "task update" to 20170509-172334-9d18 [/jobs]
socketio: INFO: emitting event "task update" to 20170509-173128-33ce [/jobs]
digits.webapp: ERROR: Infer Model task failed with error code 1
socketio: INFO: emitting event "task update" to 20170509-174539-8c47 [/jobs]
socketio: INFO: emitting event "job update" to 20170509-174539-8c47 [/jobs]
socketio: INFO: emitting event "job update" to job_management [/jobs]
socketio: INFO: emitting event "server update" to job_management [/jobs]
socketio: INFO: emitting event "server update" to job_management [/jobs]
socketio: INFO: emitting event "job update" to 20170509-174539-8c47 [/jobs]
socketio: INFO: emitting event "job update" to job_management [/jobs]
digits: INFO: Job deleted.
socketio: INFO: emitting event "job update" to job_management [/jobs]
--------------------- >> end captured logging << ---------------------

======================================================================
FAIL: digits.model.images.generic.test_views.TestTensorflowCreatedWithImageProcessingExtensionMeanImage.test_infer_many
----------------------------------------------------------------------
Traceback (most recent call last):
  File "/home/ethan/.local/lib/python2.7/site-packages/nose/case.py", line 197, in runTest
    self.test(*self.arg)
  File "/home/ethan/digits_GAN/digits/model/images/generic/test_views.py", line 626, in test_infer_many
    assert rv.status_code == 200, 'POST failed with %s\n\n%s' % (rv.status_code, body)
AssertionError: POST failed with 500

[<body>\n<div class="navbar navbar-inverse navbar-fixed-top">\n<div class="container">\n<div class="navbar-header">\n<a class="navbar-brand" href="/">DIGITS</a>\n</div>\n<ul class="nav navbar-nav">\n<li><a href="/models/20170509-174533-2a57">test_model</a></li>\n<li class="active"><a>Test Many</a></li>\n</ul>\n<ul class="nav navbar-nav navbar-right">\n<li>\n<p class="navbar-text">\n            digits-testsuite (<a class="navbar-link" href="/logout">Logout</a>)\n            </p>\n</li>\n<li class="dropdown">\n<a class="dropdown-toggle" data-toggle="dropdown" href="#">Info<span class="caret"></span></a>\n<ul class="dropdown-menu navbar-inverse">\n<li><span class="navbar-text">Server: ethan-computer</span></li>\n<li><span class="navbar-text">DIGITS version: <br> 5.1-dev</br></span></li>\n<li><span class="navbar-text">Caffe version: <br> 0.15.13</br></span></li>\n<li><span class="navbar-text">Caffe flavor: <br> NVIDIA</br></span></li>\n</ul>\n</li>\n<li class="dropdown">\n<a class="dropdown-toggle" data-toggle="dropdown" href="#">About<span class="caret"></span></a>\n<ul class="dropdown-menu about-menu navbar-inverse">\n<li><span class="navbar-text"><a href="https://developer.nvidia.com/digits" target="_blank">\n                        DIGITS on developer.nvidia.com\n                    </a></span></li>\n<li><span class="navbar-text"><a href="https://github.com/NVIDIA/DIGITS" target="_blank">\n                        DIGITS on GitHub\n                    </a></span></li>\n<li><span class="navbar-text"><a href="https://groups.google.com/d/forum/digits-users" target="_blank">\n                        DIGITS user group\n                    </a></span></li>\n<li><span class="navbar-text"><a href="mailto:digits@nvidia.com">\n                        digits@nvidia.com\n                    </a></span></li>\n</ul>\n</li>\n</ul>\n</div>\n</div>\n<div class="container">\n<div class="jumbotron">\n<div class="container">\n<div class="row">\n<div class="col-sm-12" id="show-job-name">\n<h2 style="display:inline;">Infer Many Images</h2>\n</div>\n<div class="col-sm-4" id="edit-job-name" style="display:none;">\n<script>\nfunction updateJobName() {\n    var newName = $("input[name=job-name]").val();\n    $.ajax("/jobs/20170509-174542-2181",\n            {\n                type: "PUT",\n                data: {"job_name": newName}\n                }\n          )\n    .done(function() {\n            $("#show-job-name h2").html(newName);\n            $('#edit-job-name').hide(); $('#show-job-name').show();\n            })\n    .fail(function(data) { errorAlert(data); });\n    return false;\n}\n                </script>\n<input class="form-control" name="job-name" value="Infer Many Images"/>\n<a class="btn btn-primary" href="#" onclick="return updateJobName();">Update</a>\n<a class="btn btn-info" href="#" onclick="$('#edit-job-name').hide(); $('#show-job-name').show(); return false;">Cancel</a>\n</div>\n</div>\n<small>Owner: digits-testsuite</small>\n<div class="pull-right">\n<a class="btn btn-info" disabled="" id="clone-job">Clone Job</a>\n<a class="btn btn-warning hidden disabled" id="abort-job">Abort Job</a>\n<a class="btn btn-danger disabled" id="delete-job">Delete Job</a>\n</div>\n</div>\n<script>\n$('#abort-job').on('click', function(event) {\n        event.preventDefault();\n        bootbox.confirm(\n            'Are you sure you want to abort this job?',\n            function(result) {\n                if (result)\n                    $.ajax("/jobs/20170509-174542-2181/abort",\n                        {type: "POST"})\n                    .done(function() {\n                        $("#abort-job").hide();\n                        })\n                    .fail(function(data) { errorAlert(data); });\n            });\n        });\n\n$('#delete-job').on('click', function(event) {\n        event.preventDefault();\n        bootbox.confirm(\n            'Are you sure you want to delete this job?<br><br>All related files will be permanently removed.',\n            function(result) {\n                if (result)\n                    $.ajax("/jobs/20170509-174542-2181",\n                        {type: "DELETE"})\n                    .done(function() {\n                        window.location = "/";\n                        })\n                    .fail(function(data) { errorAlert(data); });\n            });\n        });\n    </script>\n</div>\n<div class="row">\n<!-- Job content -->\n<div class="col-sm-8">\n<div class="page-header">\n<h1>\n        test_model\n        <small>\n            Image Inference\n        </small>\n</h1>\n</div>\n</div>\n<!-- Tasks -->\n<div class="col-sm-4">\n<div class="panel-group">\n<div class="panel panel-danger" id="job-statuses">\n<div class="panel-heading">\n<h4 class="panel-title">\n                    Job Status\n                    <small>Error</small>\n</h4>\n</div>\n<div class="panel-collapse">\n<div class="panel-body">\n<div class="job-statuses">\n<ul>\n<li>\n<span class="text-warning">Initialized</span>\n        at 05:45:42 PM\n            <small>(0 seconds)</small>\n</li>\n<li>\n<span class="text-info">Running</span>\n        at 05:45:42 PM\n            <small>(3 seconds)</small>\n</li>\n<li>\n<span class="text-danger">Error</span>\n        at 05:45:45 PM\n            <br>\n<small>(Total - 3 seconds)</small>\n</br></li>\n</ul>\n</div>\n<div class="panel-group">\n<div class="panel panel-danger" id="task-140099414553680-status">\n<div class="panel-heading">\n<h4 class="panel-title">\n<a data-toggle="collapse" href="#task-140099414553680-status-collapse">\n                                            Infer Model\n                                            <small>Error</small>\n<span class="caret"></span>\n</a>\n</h4>\n</div>\n<div class="panel-collapse collapse in" id="task-140099414553680-status-collapse">\n<div class="panel-body">\n<div class="task-progress" style="display:none;">\n<div class="progress">\n<div class="progress-bar" style="width:0%">\n                                                    0%\n                                                </div>\n</div>\n                                            Estimated time remaining: <span class="task-eta">?</span>\n<br/>\n<br/>\n</div>\n<div class="task-statuses">\n<ul>\n<li>\n<span class="text-warning">Initialized</span>\n        at 05:45:42 PM\n            <small>(0 seconds)</small>\n</li>\n<li>\n<span class="text-info">Running</span>\n        at 05:45:42 PM\n            <small>(3 seconds)</small>\n</li>\n<li>\n<span class="text-danger">Error</span>\n        at 05:45:45 PM\n            <br>\n<small>(Total - 3 seconds)</small>\n</br></li>\n</ul>\n<h4 class="text-danger">ERROR: error code 1</h4>\n<pre>\nWARNING: log_file config option not found - no log file is being saved\n2017-05-09 17:45:45 [ERROR] InferenceError: Unable to find snapshot for epoch=-1.0\nTraceback (most recent call last):\nFile "/home/ethan/digits_GAN/digits/tools/inference.py", line 293, in &lt;module&gt;\nargs['resize']\nFile "/home/ethan/digits_GAN/digits/tools/inference.py", line 79, in infer\nraise InferenceError("Unable to find snapshot for epoch=%s" % repr(epoch))\ndigits.inference.errors.InferenceError: 'Unable to find snapshot for epoch=-1.0'\n        </pre>\n</div>\n</div>\n</div>\n</div>\n</div>\n</div>\n</div>\n</div>\n</div>\n<div class="gpu-utilization-info" style="display:none;"></div>\n<!-- Related jobs -->\n<div class="panel panel-default" id="notes-information">\n<div class="panel-heading">\n<h4>Notes</h4>\n</div>\n<div class="panel-body">\n<div class="col-sm-12" id="show-job-notes">\n<p style="display:inline;">None</p>\n</div>\n<div class="col-sm-12" id="edit-job-notes" style="display:none;">\n<script type="text/javascript">\n                        function updateJobNotes() {\n                        var newNotes = $("textarea[name=job-notes]").val();\n                        $.ajax("/jobs/20170509-174542-2181",\n                                {\n                                    type: "PUT",\n                                    data: {"job_notes": newNotes}\n                                    }\n                              )\n                        .done(function() {\n                                $("#show-job-notes p").html(newNotes);\n                                $('#edit-job-notes').hide(); $('#show-job-notes').show();\n                                })\n                        .fail(function(data) { errorAlert(data); });\n                        return false;\n                    }\n                    </script>\n<textarea class="form-control" name="job-notes" placeholder="Enter notes" rows="5"></textarea>\n<a class="btn btn-primary" href="#" onclick="return updateJobNotes();">Update</a>\n<a class="btn btn-info" href="#" onclick="$('#edit-job-notes').hide(); $('#show-job-notes').show(); return false;">Cancel</a>\n</div>\n</div>\n</div>\n</div>\n</div>\n<div class="row">\n<div class="row">\n<h3>Visualizations</h3>\n<div style="overflow:scroll; height:800px;">\n<table class="table">\n<tr>\n<td></td>\n<th>Image</th>\n<th>Data</th>\n</tr>\n<tr>\n<td>1</td>\n<td>/tmp/tmp2HQd2J/0.png</td>\n<td></td>\n</tr>\n<tr>\n<td>2</td>\n<td>/tmp/tmp2HQd2J/0.png</td>\n<td></td>\n</tr>\n</table>\n</div>\n</div>\n</div>\n</div>\n<script>\n$SCRIPT_ROOT = "";\n\n$(".explanation-tooltip").tooltip();\n\nwindow.onload = function () {\n    $('.autocomplete_path').autocomplete({\n       serviceUrl: '/autocomplete/path',\n       formatResult: function (suggestion, currentValue)\n       {\n            function baseName(str)\n            {\n               var base = new String(str).substring(str.lastIndexOf('/') + 1);\n               return base;\n            }\n            return baseName(suggestion.value);\n        },\n        minChars: 0\n    });\n    $(".autocomplete_path").removeAttr("autocomplete");\n};\n\n</script>\n<style>\n .about-menu {\n     width: 240px !important;\n }\n .brightness {\n     display: inline-block;\n }\n .brightness img:hover {\n     opacity: .75;\n }\n</style>\n</body>]
-------------------- >> begin captured logging << --------------------
socketio: INFO: emitting event "job update" to job_management [/jobs]
socketio: INFO: emitting event "job update" to 20170509-174542-2181 [/jobs]
socketio: INFO: emitting event "job update" to job_management [/jobs]
socketio: INFO: emitting event "server update" to job_management [/jobs]
socketio: INFO: emitting event "server update" to job_management [/jobs]
digits.webapp: INFO: Infer Model task started.
socketio: INFO: emitting event "task update" to 20170509-174542-2181 [/jobs]
socketio: INFO: emitting event "job update" to 20170509-174542-2181 [/jobs]
socketio: INFO: emitting event "job update" to job_management [/jobs]
digits.webapp: INFO: Task subprocess args: "/usr/bin/python2 /home/ethan/digits_GAN/digits/tools/inference.py /tmp/tmpX3R8Ve/20170509-174542-2181/tmp6NXzFq.txt /tmp/tmpX3R8Ve/20170509-174542-2181 20170509-174533-2a57 --jobs_dir=/tmp/tmpX3R8Ve --layers=none --gpu=0"
socketio: INFO: emitting event "task update" to 20170509-172347-b92a [/jobs]
socketio: INFO: emitting event "task update" to 20170509-173326-3e6f [/jobs]
socketio: INFO: emitting event "task update" to 20170509-172315-d38b [/jobs]
socketio: INFO: emitting event "task update" to 20170509-174340-86bb [/jobs]
socketio: INFO: emitting event "task update" to 20170509-172516-8f4b [/jobs]
socketio: INFO: emitting event "task update" to 20170509-172352-bfdd [/jobs]
socketio: INFO: emitting event "task update" to 20170509-172412-e6f0 [/jobs]
socketio: INFO: emitting event "task update" to 20170509-173329-1cea [/jobs]
socketio: INFO: emitting event "task update" to 20170509-173229-c795 [/jobs]
socketio: INFO: emitting event "task update" to 20170509-172202-9230 [/jobs]
socketio: INFO: emitting event "task update" to 20170509-173331-d237 [/jobs]
socketio: INFO: emitting event "task update" to 20170509-172317-7da8 [/jobs]
socketio: INFO: emitting event "task update" to 20170509-173008-ee07 [/jobs]
socketio: INFO: emitting event "task update" to 20170509-172210-1907 [/jobs]
socketio: INFO: emitting event "task update" to 20170509-173333-e98b [/jobs]
socketio: INFO: emitting event "task update" to 20170509-172825-84c5 [/jobs]
socketio: INFO: emitting event "task update" to 20170509-173335-6067 [/jobs]
socketio: INFO: emitting event "task update" to 20170509-172147-4505 [/jobs]
socketio: INFO: emitting event "task update" to 20170509-173337-8532 [/jobs]
socketio: INFO: emitting event "task update" to 20170509-172907-6ffa [/jobs]
socketio: INFO: emitting event "task update" to 20170509-174533-2a57 [/jobs]
socketio: INFO: emitting event "task update" to 20170509-172339-dc52 [/jobs]
socketio: INFO: emitting event "task update" to 20170509-172625-e177 [/jobs]
socketio: INFO: emitting event "task update" to 20170509-173316-5f8a [/jobs]
socketio: INFO: emitting event "task update" to 20170509-173318-416e [/jobs]
socketio: INFO: emitting event "task update" to 20170509-173415-8046 [/jobs]
socketio: INFO: emitting event "task update" to 20170509-173027-0946 [/jobs]
socketio: INFO: emitting event "task update" to 20170509-172218-c9c0 [/jobs]
socketio: INFO: emitting event "task update" to 20170509-172328-6826 [/jobs]
socketio: INFO: emitting event "task update" to 20170509-173403-2593 [/jobs]
socketio: INFO: emitting event "task update" to 20170509-174313-cb2c [/jobs]
socketio: INFO: emitting event "task update" to 20170509-172344-9606 [/jobs]
socketio: INFO: emitting event "task update" to 20170509-172430-a33c [/jobs]
socketio: INFO: emitting event "task update" to 20170509-172605-0fd8 [/jobs]
socketio: INFO: emitting event "task update" to 20170509-172706-cfe6 [/jobs]
socketio: INFO: emitting event "task update" to 20170509-173209-48ad [/jobs]
socketio: INFO: emitting event "task update" to 20170509-173320-66e3 [/jobs]
socketio: INFO: emitting event "task update" to 20170509-172927-67d2 [/jobs]
socketio: INFO: emitting event "task update" to 20170509-173515-e8bf [/jobs]
socketio: INFO: emitting event "task update" to 20170509-172524-d7c0 [/jobs]
socketio: INFO: emitting event "task update" to 20170509-172419-2d22 [/jobs]
socketio: INFO: emitting event "task update" to 20170509-172337-f1aa [/jobs]
socketio: INFO: emitting event "task update" to 20170509-173228-acad [/jobs]
socketio: INFO: emitting event "task update" to 20170509-172350-6fcd [/jobs]
socketio: INFO: emitting event "task update" to 20170509-173357-1ed1 [/jobs]
socketio: INFO: emitting event "task update" to 20170509-172259-8252 [/jobs]
socketio: INFO: emitting event "task update" to 20170509-173322-0807 [/jobs]
socketio: INFO: emitting event "task update" to 20170509-172114-d063 [/jobs]
socketio: INFO: emitting event "task update" to 20170509-172323-89b4 [/jobs]
socketio: INFO: emitting event "task update" to 20170509-174411-45b4 [/jobs]
socketio: INFO: emitting event "task update" to 20170509-173300-0377 [/jobs]
socketio: INFO: emitting event "task update" to 20170509-173245-3417 [/jobs]
socketio: INFO: emitting event "task update" to 20170509-173324-49b0 [/jobs]
socketio: INFO: emitting event "task update" to 20170509-172342-e0ef [/jobs]
socketio: INFO: emitting event "task update" to 20170509-173108-a6ff [/jobs]
socketio: INFO: emitting event "task update" to 20170509-172725-6a13 [/jobs]
socketio: INFO: emitting event "task update" to 20170509-172806-b5bc [/jobs]
socketio: INFO: emitting event "task update" to 20170509-172227-0156 [/jobs]
socketio: INFO: emitting event "task update" to 20170509-174451-4b24 [/jobs]
socketio: INFO: emitting event "task update" to 20170509-172334-9d18 [/jobs]
socketio: INFO: emitting event "task update" to 20170509-173128-33ce [/jobs]
socketio: INFO: emitting event "task update" to 20170509-172347-b92a [/jobs]
socketio: INFO: emitting event "task update" to 20170509-173326-3e6f [/jobs]
socketio: INFO: emitting event "task update" to 20170509-172315-d38b [/jobs]
socketio: INFO: emitting event "task update" to 20170509-174340-86bb [/jobs]
socketio: INFO: emitting event "task update" to 20170509-172516-8f4b [/jobs]
socketio: INFO: emitting event "task update" to 20170509-172352-bfdd [/jobs]
socketio: INFO: emitting event "task update" to 20170509-172412-e6f0 [/jobs]
socketio: INFO: emitting event "task update" to 20170509-173329-1cea [/jobs]
socketio: INFO: emitting event "task update" to 20170509-173229-c795 [/jobs]
socketio: INFO: emitting event "task update" to 20170509-172202-9230 [/jobs]
socketio: INFO: emitting event "task update" to 20170509-173331-d237 [/jobs]
socketio: INFO: emitting event "task update" to 20170509-172317-7da8 [/jobs]
socketio: INFO: emitting event "task update" to 20170509-173008-ee07 [/jobs]
socketio: INFO: emitting event "task update" to 20170509-172210-1907 [/jobs]
socketio: INFO: emitting event "task update" to 20170509-173333-e98b [/jobs]
socketio: INFO: emitting event "task update" to 20170509-172825-84c5 [/jobs]
socketio: INFO: emitting event "task update" to 20170509-173335-6067 [/jobs]
socketio: INFO: emitting event "task update" to 20170509-172147-4505 [/jobs]
socketio: INFO: emitting event "task update" to 20170509-173337-8532 [/jobs]
socketio: INFO: emitting event "task update" to 20170509-172907-6ffa [/jobs]
socketio: INFO: emitting event "task update" to 20170509-174533-2a57 [/jobs]
socketio: INFO: emitting event "task update" to 20170509-172339-dc52 [/jobs]
socketio: INFO: emitting event "task update" to 20170509-172625-e177 [/jobs]
socketio: INFO: emitting event "task update" to 20170509-173316-5f8a [/jobs]
socketio: INFO: emitting event "task update" to 20170509-173318-416e [/jobs]
socketio: INFO: emitting event "task update" to 20170509-173415-8046 [/jobs]
socketio: INFO: emitting event "task update" to 20170509-173027-0946 [/jobs]
socketio: INFO: emitting event "task update" to 20170509-172218-c9c0 [/jobs]
socketio: INFO: emitting event "task update" to 20170509-172328-6826 [/jobs]
socketio: INFO: emitting event "task update" to 20170509-173403-2593 [/jobs]
socketio: INFO: emitting event "task update" to 20170509-174313-cb2c [/jobs]
socketio: INFO: emitting event "task update" to 20170509-172344-9606 [/jobs]
socketio: INFO: emitting event "task update" to 20170509-172430-a33c [/jobs]
socketio: INFO: emitting event "task update" to 20170509-172605-0fd8 [/jobs]
socketio: INFO: emitting event "task update" to 20170509-172706-cfe6 [/jobs]
socketio: INFO: emitting event "task update" to 20170509-173209-48ad [/jobs]
socketio: INFO: emitting event "task update" to 20170509-173320-66e3 [/jobs]
socketio: INFO: emitting event "task update" to 20170509-172927-67d2 [/jobs]
socketio: INFO: emitting event "task update" to 20170509-173515-e8bf [/jobs]
socketio: INFO: emitting event "task update" to 20170509-172524-d7c0 [/jobs]
socketio: INFO: emitting event "task update" to 20170509-172419-2d22 [/jobs]
socketio: INFO: emitting event "task update" to 20170509-172337-f1aa [/jobs]
socketio: INFO: emitting event "task update" to 20170509-173228-acad [/jobs]
socketio: INFO: emitting event "task update" to 20170509-172350-6fcd [/jobs]
socketio: INFO: emitting event "task update" to 20170509-173357-1ed1 [/jobs]
socketio: INFO: emitting event "task update" to 20170509-172259-8252 [/jobs]
socketio: INFO: emitting event "task update" to 20170509-173322-0807 [/jobs]
socketio: INFO: emitting event "task update" to 20170509-172114-d063 [/jobs]
socketio: INFO: emitting event "task update" to 20170509-172323-89b4 [/jobs]
socketio: INFO: emitting event "task update" to 20170509-174411-45b4 [/jobs]
socketio: INFO: emitting event "task update" to 20170509-173300-0377 [/jobs]
socketio: INFO: emitting event "task update" to 20170509-173245-3417 [/jobs]
socketio: INFO: emitting event "task update" to 20170509-173324-49b0 [/jobs]
socketio: INFO: emitting event "task update" to 20170509-172342-e0ef [/jobs]
socketio: INFO: emitting event "task update" to 20170509-173108-a6ff [/jobs]
socketio: INFO: emitting event "task update" to 20170509-172725-6a13 [/jobs]
socketio: INFO: emitting event "task update" to 20170509-172806-b5bc [/jobs]
socketio: INFO: emitting event "task update" to 20170509-172227-0156 [/jobs]
socketio: INFO: emitting event "task update" to 20170509-174451-4b24 [/jobs]
socketio: INFO: emitting event "task update" to 20170509-172334-9d18 [/jobs]
socketio: INFO: emitting event "task update" to 20170509-173128-33ce [/jobs]
socketio: INFO: emitting event "task update" to 20170509-172347-b92a [/jobs]
socketio: INFO: emitting event "task update" to 20170509-173326-3e6f [/jobs]
socketio: INFO: emitting event "task update" to 20170509-172315-d38b [/jobs]
socketio: INFO: emitting event "task update" to 20170509-174340-86bb [/jobs]
socketio: INFO: emitting event "task update" to 20170509-172516-8f4b [/jobs]
socketio: INFO: emitting event "task update" to 20170509-172352-bfdd [/jobs]
socketio: INFO: emitting event "task update" to 20170509-172412-e6f0 [/jobs]
socketio: INFO: emitting event "task update" to 20170509-173329-1cea [/jobs]
socketio: INFO: emitting event "task update" to 20170509-173229-c795 [/jobs]
socketio: INFO: emitting event "task update" to 20170509-172202-9230 [/jobs]
socketio: INFO: emitting event "task update" to 20170509-173331-d237 [/jobs]
socketio: INFO: emitting event "task update" to 20170509-172317-7da8 [/jobs]
socketio: INFO: emitting event "task update" to 20170509-173008-ee07 [/jobs]
socketio: INFO: emitting event "task update" to 20170509-172210-1907 [/jobs]
socketio: INFO: emitting event "task update" to 20170509-173333-e98b [/jobs]
socketio: INFO: emitting event "task update" to 20170509-172825-84c5 [/jobs]
socketio: INFO: emitting event "task update" to 20170509-173335-6067 [/jobs]
socketio: INFO: emitting event "task update" to 20170509-172147-4505 [/jobs]
socketio: INFO: emitting event "task update" to 20170509-173337-8532 [/jobs]
socketio: INFO: emitting event "task update" to 20170509-172907-6ffa [/jobs]
socketio: INFO: emitting event "task update" to 20170509-174533-2a57 [/jobs]
socketio: INFO: emitting event "task update" to 20170509-172339-dc52 [/jobs]
socketio: INFO: emitting event "task update" to 20170509-172625-e177 [/jobs]
socketio: INFO: emitting event "task update" to 20170509-173316-5f8a [/jobs]
socketio: INFO: emitting event "task update" to 20170509-173318-416e [/jobs]
socketio: INFO: emitting event "task update" to 20170509-173415-8046 [/jobs]
socketio: INFO: emitting event "task update" to 20170509-173027-0946 [/jobs]
socketio: INFO: emitting event "task update" to 20170509-172218-c9c0 [/jobs]
socketio: INFO: emitting event "task update" to 20170509-172328-6826 [/jobs]
socketio: INFO: emitting event "task update" to 20170509-173403-2593 [/jobs]
socketio: INFO: emitting event "task update" to 20170509-174313-cb2c [/jobs]
socketio: INFO: emitting event "task update" to 20170509-172344-9606 [/jobs]
socketio: INFO: emitting event "task update" to 20170509-172430-a33c [/jobs]
socketio: INFO: emitting event "task update" to 20170509-172605-0fd8 [/jobs]
socketio: INFO: emitting event "task update" to 20170509-172706-cfe6 [/jobs]
socketio: INFO: emitting event "task update" to 20170509-173209-48ad [/jobs]
socketio: INFO: emitting event "task update" to 20170509-173320-66e3 [/jobs]
socketio: INFO: emitting event "task update" to 20170509-172927-67d2 [/jobs]
socketio: INFO: emitting event "task update" to 20170509-173515-e8bf [/jobs]
socketio: INFO: emitting event "task update" to 20170509-172524-d7c0 [/jobs]
socketio: INFO: emitting event "task update" to 20170509-172419-2d22 [/jobs]
socketio: INFO: emitting event "task update" to 20170509-172337-f1aa [/jobs]
socketio: INFO: emitting event "task update" to 20170509-173228-acad [/jobs]
socketio: INFO: emitting event "task update" to 20170509-172350-6fcd [/jobs]
socketio: INFO: emitting event "task update" to 20170509-173357-1ed1 [/jobs]
socketio: INFO: emitting event "task update" to 20170509-172259-8252 [/jobs]
socketio: INFO: emitting event "task update" to 20170509-173322-0807 [/jobs]
socketio: INFO: emitting event "task update" to 20170509-172114-d063 [/jobs]
socketio: INFO: emitting event "task update" to 20170509-172323-89b4 [/jobs]
socketio: INFO: emitting event "task update" to 20170509-174411-45b4 [/jobs]
socketio: INFO: emitting event "task update" to 20170509-173300-0377 [/jobs]
socketio: INFO: emitting event "task update" to 20170509-173245-3417 [/jobs]
socketio: INFO: emitting event "task update" to 20170509-173324-49b0 [/jobs]
socketio: INFO: emitting event "task update" to 20170509-172342-e0ef [/jobs]
socketio: INFO: emitting event "task update" to 20170509-173108-a6ff [/jobs]
socketio: INFO: emitting event "task update" to 20170509-172725-6a13 [/jobs]
socketio: INFO: emitting event "task update" to 20170509-172806-b5bc [/jobs]
socketio: INFO: emitting event "task update" to 20170509-172227-0156 [/jobs]
socketio: INFO: emitting event "task update" to 20170509-174451-4b24 [/jobs]
socketio: INFO: emitting event "task update" to 20170509-172334-9d18 [/jobs]
socketio: INFO: emitting event "task update" to 20170509-173128-33ce [/jobs]
digits.webapp: WARNING: Infer Model unrecognized output: WARNING: log_file config option not found - no log file is being saved
digits.webapp: WARNING: Infer Model unrecognized output: 2017-05-09 17:45:45 [ERROR] InferenceError: Unable to find snapshot for epoch=-1.0
digits.webapp: WARNING: Infer Model unrecognized output: Traceback (most recent call last):
digits.webapp: WARNING: Infer Model unrecognized output: File "/home/ethan/digits_GAN/digits/tools/inference.py", line 293, in <module>
digits.webapp: WARNING: Infer Model unrecognized output: args['resize']
digits.webapp: WARNING: Infer Model unrecognized output: File "/home/ethan/digits_GAN/digits/tools/inference.py", line 79, in infer
digits.webapp: WARNING: Infer Model unrecognized output: raise InferenceError("Unable to find snapshot for epoch=%s" % repr(epoch))
digits.webapp: WARNING: Infer Model unrecognized output: digits.inference.errors.InferenceError: 'Unable to find snapshot for epoch=-1.0'
socketio: INFO: emitting event "task update" to 20170509-172347-b92a [/jobs]
socketio: INFO: emitting event "task update" to 20170509-173326-3e6f [/jobs]
socketio: INFO: emitting event "task update" to 20170509-172315-d38b [/jobs]
socketio: INFO: emitting event "task update" to 20170509-174340-86bb [/jobs]
socketio: INFO: emitting event "task update" to 20170509-172516-8f4b [/jobs]
socketio: INFO: emitting event "task update" to 20170509-172352-bfdd [/jobs]
socketio: INFO: emitting event "task update" to 20170509-172412-e6f0 [/jobs]
socketio: INFO: emitting event "task update" to 20170509-173329-1cea [/jobs]
socketio: INFO: emitting event "task update" to 20170509-173229-c795 [/jobs]
socketio: INFO: emitting event "task update" to 20170509-172202-9230 [/jobs]
socketio: INFO: emitting event "task update" to 20170509-173331-d237 [/jobs]
socketio: INFO: emitting event "task update" to 20170509-172317-7da8 [/jobs]
socketio: INFO: emitting event "task update" to 20170509-173008-ee07 [/jobs]
socketio: INFO: emitting event "task update" to 20170509-172210-1907 [/jobs]
socketio: INFO: emitting event "task update" to 20170509-173333-e98b [/jobs]
socketio: INFO: emitting event "task update" to 20170509-172825-84c5 [/jobs]
digits.webapp: ERROR: Infer Model task failed with error code 1
socketio: INFO: emitting event "task update" to 20170509-174542-2181 [/jobs]
socketio: INFO: emitting event "job update" to 20170509-174542-2181 [/jobs]
socketio: INFO: emitting event "job update" to job_management [/jobs]
socketio: INFO: emitting event "server update" to job_management [/jobs]
socketio: INFO: emitting event "server update" to job_management [/jobs]
socketio: INFO: emitting event "task update" to 20170509-173335-6067 [/jobs]
socketio: INFO: emitting event "task update" to 20170509-172147-4505 [/jobs]
socketio: INFO: emitting event "task update" to 20170509-173337-8532 [/jobs]
socketio: INFO: emitting event "job update" to 20170509-174542-2181 [/jobs]
socketio: INFO: emitting event "job update" to job_management [/jobs]
digits: INFO: Job deleted.
socketio: INFO: emitting event "job update" to job_management [/jobs]
--------------------- >> end captured logging << ---------------------

======================================================================
FAIL: digits.model.images.generic.test_views.TestTensorflowCreatedWithImageProcessingExtensionMeanImage.test_infer_many_from_folder
----------------------------------------------------------------------
Traceback (most recent call last):
  File "/home/ethan/.local/lib/python2.7/site-packages/nose/case.py", line 197, in runTest
    self.test(*self.arg)
  File "/home/ethan/digits_GAN/digits/model/images/generic/test_views.py", line 661, in test_infer_many_from_folder
    assert rv.status_code == 200, 'POST failed with %s\n\n%s' % (rv.status_code, body)
AssertionError: POST failed with 500

[<body>\n<div class="navbar navbar-inverse navbar-fixed-top">\n<div class="container">\n<div class="navbar-header">\n<a class="navbar-brand" href="/">DIGITS</a>\n</div>\n<ul class="nav navbar-nav">\n<li><a href="/models/20170509-174533-2a57">test_model</a></li>\n<li class="active"><a>Test Many</a></li>\n</ul>\n<ul class="nav navbar-nav navbar-right">\n<li>\n<p class="navbar-text">\n            digits-testsuite (<a class="navbar-link" href="/logout">Logout</a>)\n            </p>\n</li>\n<li class="dropdown">\n<a class="dropdown-toggle" data-toggle="dropdown" href="#">Info<span class="caret"></span></a>\n<ul class="dropdown-menu navbar-inverse">\n<li><span class="navbar-text">Server: ethan-computer</span></li>\n<li><span class="navbar-text">DIGITS version: <br> 5.1-dev</br></span></li>\n<li><span class="navbar-text">Caffe version: <br> 0.15.13</br></span></li>\n<li><span class="navbar-text">Caffe flavor: <br> NVIDIA</br></span></li>\n</ul>\n</li>\n<li class="dropdown">\n<a class="dropdown-toggle" data-toggle="dropdown" href="#">About<span class="caret"></span></a>\n<ul class="dropdown-menu about-menu navbar-inverse">\n<li><span class="navbar-text"><a href="https://developer.nvidia.com/digits" target="_blank">\n                        DIGITS on developer.nvidia.com\n                    </a></span></li>\n<li><span class="navbar-text"><a href="https://github.com/NVIDIA/DIGITS" target="_blank">\n                        DIGITS on GitHub\n                    </a></span></li>\n<li><span class="navbar-text"><a href="https://groups.google.com/d/forum/digits-users" target="_blank">\n                        DIGITS user group\n                    </a></span></li>\n<li><span class="navbar-text"><a href="mailto:digits@nvidia.com">\n                        digits@nvidia.com\n                    </a></span></li>\n</ul>\n</li>\n</ul>\n</div>\n</div>\n<div class="container">\n<div class="jumbotron">\n<div class="container">\n<div class="row">\n<div class="col-sm-12" id="show-job-name">\n<h2 style="display:inline;">Infer Many Images</h2>\n</div>\n<div class="col-sm-4" id="edit-job-name" style="display:none;">\n<script>\nfunction updateJobName() {\n    var newName = $("input[name=job-name]").val();\n    $.ajax("/jobs/20170509-174545-2172",\n            {\n                type: "PUT",\n                data: {"job_name": newName}\n                }\n          )\n    .done(function() {\n            $("#show-job-name h2").html(newName);\n            $('#edit-job-name').hide(); $('#show-job-name').show();\n            })\n    .fail(function(data) { errorAlert(data); });\n    return false;\n}\n                </script>\n<input class="form-control" name="job-name" value="Infer Many Images"/>\n<a class="btn btn-primary" href="#" onclick="return updateJobName();">Update</a>\n<a class="btn btn-info" href="#" onclick="$('#edit-job-name').hide(); $('#show-job-name').show(); return false;">Cancel</a>\n</div>\n</div>\n<small>Owner: digits-testsuite</small>\n<div class="pull-right">\n<a class="btn btn-info" disabled="" id="clone-job">Clone Job</a>\n<a class="btn btn-warning hidden disabled" id="abort-job">Abort Job</a>\n<a class="btn btn-danger disabled" id="delete-job">Delete Job</a>\n</div>\n</div>\n<script>\n$('#abort-job').on('click', function(event) {\n        event.preventDefault();\n        bootbox.confirm(\n            'Are you sure you want to abort this job?',\n            function(result) {\n                if (result)\n                    $.ajax("/jobs/20170509-174545-2172/abort",\n                        {type: "POST"})\n                    .done(function() {\n                        $("#abort-job").hide();\n                        })\n                    .fail(function(data) { errorAlert(data); });\n            });\n        });\n\n$('#delete-job').on('click', function(event) {\n        event.preventDefault();\n        bootbox.confirm(\n            'Are you sure you want to delete this job?<br><br>All related files will be permanently removed.',\n            function(result) {\n                if (result)\n                    $.ajax("/jobs/20170509-174545-2172",\n                        {type: "DELETE"})\n                    .done(function() {\n                        window.location = "/";\n                        })\n                    .fail(function(data) { errorAlert(data); });\n            });\n        });\n    </script>\n</div>\n<div class="row">\n<!-- Job content -->\n<div class="col-sm-8">\n<div class="page-header">\n<h1>\n        test_model\n        <small>\n            Image Inference\n        </small>\n</h1>\n</div>\n</div>\n<!-- Tasks -->\n<div class="col-sm-4">\n<div class="panel-group">\n<div class="panel panel-danger" id="job-statuses">\n<div class="panel-heading">\n<h4 class="panel-title">\n                    Job Status\n                    <small>Error</small>\n</h4>\n</div>\n<div class="panel-collapse">\n<div class="panel-body">\n<div class="job-statuses">\n<ul>\n<li>\n<span class="text-warning">Initialized</span>\n        at 05:45:45 PM\n            <small>(0 seconds)</small>\n</li>\n<li>\n<span class="text-info">Running</span>\n        at 05:45:45 PM\n            <small>(3 seconds)</small>\n</li>\n<li>\n<span class="text-danger">Error</span>\n        at 05:45:48 PM\n            <br>\n<small>(Total - 3 seconds)</small>\n</br></li>\n</ul>\n</div>\n<div class="panel-group">\n<div class="panel panel-danger" id="task-140099411192656-status">\n<div class="panel-heading">\n<h4 class="panel-title">\n<a data-toggle="collapse" href="#task-140099411192656-status-collapse">\n                                            Infer Model\n                                            <small>Error</small>\n<span class="caret"></span>\n</a>\n</h4>\n</div>\n<div class="panel-collapse collapse in" id="task-140099411192656-status-collapse">\n<div class="panel-body">\n<div class="task-progress" style="display:none;">\n<div class="progress">\n<div class="progress-bar" style="width:0%">\n                                                    0%\n                                                </div>\n</div>\n                                            Estimated time remaining: <span class="task-eta">?</span>\n<br/>\n<br/>\n</div>\n<div class="task-statuses">\n<ul>\n<li>\n<span class="text-warning">Initialized</span>\n        at 05:45:45 PM\n            <small>(0 seconds)</small>\n</li>\n<li>\n<span class="text-info">Running</span>\n        at 05:45:45 PM\n            <small>(2 seconds)</small>\n</li>\n<li>\n<span class="text-danger">Error</span>\n        at 05:45:48 PM\n            <br>\n<small>(Total - 2 seconds)</small>\n</br></li>\n</ul>\n<h4 class="text-danger">ERROR: error code 1</h4>\n<pre>\nWARNING: log_file config option not found - no log file is being saved\n2017-05-09 17:45:48 [ERROR] InferenceError: Unable to find snapshot for epoch=-1.0\nTraceback (most recent call last):\nFile "/home/ethan/digits_GAN/digits/tools/inference.py", line 293, in &lt;module&gt;\nargs['resize']\nFile "/home/ethan/digits_GAN/digits/tools/inference.py", line 79, in infer\nraise InferenceError("Unable to find snapshot for epoch=%s" % repr(epoch))\ndigits.inference.errors.InferenceError: 'Unable to find snapshot for epoch=-1.0'\n        </pre>\n</div>\n</div>\n</div>\n</div>\n</div>\n</div>\n</div>\n</div>\n</div>\n<div class="gpu-utilization-info" style="display:none;"></div>\n<!-- Related jobs -->\n<div class="panel panel-default" id="notes-information">\n<div class="panel-heading">\n<h4>Notes</h4>\n</div>\n<div class="panel-body">\n<div class="col-sm-12" id="show-job-notes">\n<p style="display:inline;">None</p>\n</div>\n<div class="col-sm-12" id="edit-job-notes" style="display:none;">\n<script type="text/javascript">\n                        function updateJobNotes() {\n                        var newNotes = $("textarea[name=job-notes]").val();\n                        $.ajax("/jobs/20170509-174545-2172",\n                                {\n                                    type: "PUT",\n                                    data: {"job_notes": newNotes}\n                                    }\n                              )\n                        .done(function() {\n                                $("#show-job-notes p").html(newNotes);\n                                $('#edit-job-notes').hide(); $('#show-job-notes').show();\n                                })\n                        .fail(function(data) { errorAlert(data); });\n                        return false;\n                    }\n                    </script>\n<textarea class="form-control" name="job-notes" placeholder="Enter notes" rows="5"></textarea>\n<a class="btn btn-primary" href="#" onclick="return updateJobNotes();">Update</a>\n<a class="btn btn-info" href="#" onclick="$('#edit-job-notes').hide(); $('#show-job-notes').show(); return false;">Cancel</a>\n</div>\n</div>\n</div>\n</div>\n</div>\n<div class="row">\n<div class="row">\n<h3>Visualizations</h3>\n<div style="overflow:scroll; height:800px;">\n<table class="table">\n<tr>\n<td></td>\n<th>Image</th>\n<th>Data</th>\n</tr>\n<tr>\n<td>1</td>\n<td>/tmp/tmp2HQd2J/0.png</td>\n<td></td>\n</tr>\n</table>\n</div>\n</div>\n</div>\n</div>\n<script>\n$SCRIPT_ROOT = "";\n\n$(".explanation-tooltip").tooltip();\n\nwindow.onload = function () {\n    $('.autocomplete_path').autocomplete({\n       serviceUrl: '/autocomplete/path',\n       formatResult: function (suggestion, currentValue)\n       {\n            function baseName(str)\n            {\n               var base = new String(str).substring(str.lastIndexOf('/') + 1);\n               return base;\n            }\n            return baseName(suggestion.value);\n        },\n        minChars: 0\n    });\n    $(".autocomplete_path").removeAttr("autocomplete");\n};\n\n</script>\n<style>\n .about-menu {\n     width: 240px !important;\n }\n .brightness {\n     display: inline-block;\n }\n .brightness img:hover {\n     opacity: .75;\n }\n</style>\n</body>]
-------------------- >> begin captured logging << --------------------
socketio: INFO: emitting event "job update" to job_management [/jobs]
socketio: INFO: emitting event "job update" to 20170509-174545-2172 [/jobs]
socketio: INFO: emitting event "job update" to job_management [/jobs]
socketio: INFO: emitting event "server update" to job_management [/jobs]
socketio: INFO: emitting event "server update" to job_management [/jobs]
digits.webapp: INFO: Infer Model task started.
socketio: INFO: emitting event "task update" to 20170509-174545-2172 [/jobs]
socketio: INFO: emitting event "job update" to 20170509-174545-2172 [/jobs]
socketio: INFO: emitting event "job update" to job_management [/jobs]
digits.webapp: INFO: Task subprocess args: "/usr/bin/python2 /home/ethan/digits_GAN/digits/tools/inference.py /tmp/tmpX3R8Ve/20170509-174545-2172/tmpVJ8p1y.txt /tmp/tmpX3R8Ve/20170509-174545-2172 20170509-174533-2a57 --jobs_dir=/tmp/tmpX3R8Ve --layers=none --gpu=0"
socketio: INFO: emitting event "task update" to 20170509-172907-6ffa [/jobs]
socketio: INFO: emitting event "task update" to 20170509-174533-2a57 [/jobs]
socketio: INFO: emitting event "task update" to 20170509-172339-dc52 [/jobs]
socketio: INFO: emitting event "task update" to 20170509-172625-e177 [/jobs]
socketio: INFO: emitting event "task update" to 20170509-173316-5f8a [/jobs]
socketio: INFO: emitting event "task update" to 20170509-173318-416e [/jobs]
socketio: INFO: emitting event "task update" to 20170509-173415-8046 [/jobs]
socketio: INFO: emitting event "task update" to 20170509-173027-0946 [/jobs]
socketio: INFO: emitting event "task update" to 20170509-172218-c9c0 [/jobs]
socketio: INFO: emitting event "task update" to 20170509-172328-6826 [/jobs]
socketio: INFO: emitting event "task update" to 20170509-173403-2593 [/jobs]
socketio: INFO: emitting event "task update" to 20170509-174313-cb2c [/jobs]
socketio: INFO: emitting event "task update" to 20170509-172344-9606 [/jobs]
socketio: INFO: emitting event "task update" to 20170509-172430-a33c [/jobs]
socketio: INFO: emitting event "task update" to 20170509-172605-0fd8 [/jobs]
socketio: INFO: emitting event "task update" to 20170509-172706-cfe6 [/jobs]
socketio: INFO: emitting event "task update" to 20170509-173209-48ad [/jobs]
socketio: INFO: emitting event "task update" to 20170509-173320-66e3 [/jobs]
socketio: INFO: emitting event "task update" to 20170509-172927-67d2 [/jobs]
socketio: INFO: emitting event "task update" to 20170509-173515-e8bf [/jobs]
socketio: INFO: emitting event "task update" to 20170509-172524-d7c0 [/jobs]
socketio: INFO: emitting event "task update" to 20170509-172419-2d22 [/jobs]
socketio: INFO: emitting event "task update" to 20170509-172337-f1aa [/jobs]
socketio: INFO: emitting event "task update" to 20170509-173228-acad [/jobs]
socketio: INFO: emitting event "task update" to 20170509-172350-6fcd [/jobs]
socketio: INFO: emitting event "task update" to 20170509-173357-1ed1 [/jobs]
socketio: INFO: emitting event "task update" to 20170509-172259-8252 [/jobs]
socketio: INFO: emitting event "task update" to 20170509-173322-0807 [/jobs]
socketio: INFO: emitting event "task update" to 20170509-172114-d063 [/jobs]
socketio: INFO: emitting event "task update" to 20170509-172323-89b4 [/jobs]
socketio: INFO: emitting event "task update" to 20170509-174411-45b4 [/jobs]
socketio: INFO: emitting event "task update" to 20170509-173300-0377 [/jobs]
socketio: INFO: emitting event "task update" to 20170509-173245-3417 [/jobs]
socketio: INFO: emitting event "task update" to 20170509-173324-49b0 [/jobs]
socketio: INFO: emitting event "task update" to 20170509-172342-e0ef [/jobs]
socketio: INFO: emitting event "task update" to 20170509-173108-a6ff [/jobs]
socketio: INFO: emitting event "task update" to 20170509-172725-6a13 [/jobs]
socketio: INFO: emitting event "task update" to 20170509-172806-b5bc [/jobs]
socketio: INFO: emitting event "task update" to 20170509-172227-0156 [/jobs]
socketio: INFO: emitting event "task update" to 20170509-174451-4b24 [/jobs]
socketio: INFO: emitting event "task update" to 20170509-172334-9d18 [/jobs]
socketio: INFO: emitting event "task update" to 20170509-173128-33ce [/jobs]
socketio: INFO: emitting event "task update" to 20170509-172347-b92a [/jobs]
socketio: INFO: emitting event "task update" to 20170509-173326-3e6f [/jobs]
socketio: INFO: emitting event "task update" to 20170509-172315-d38b [/jobs]
socketio: INFO: emitting event "task update" to 20170509-174340-86bb [/jobs]
socketio: INFO: emitting event "task update" to 20170509-172516-8f4b [/jobs]
socketio: INFO: emitting event "task update" to 20170509-172352-bfdd [/jobs]
socketio: INFO: emitting event "task update" to 20170509-172412-e6f0 [/jobs]
socketio: INFO: emitting event "task update" to 20170509-173329-1cea [/jobs]
socketio: INFO: emitting event "task update" to 20170509-173229-c795 [/jobs]
socketio: INFO: emitting event "task update" to 20170509-172202-9230 [/jobs]
socketio: INFO: emitting event "task update" to 20170509-173331-d237 [/jobs]
socketio: INFO: emitting event "task update" to 20170509-172317-7da8 [/jobs]
socketio: INFO: emitting event "task update" to 20170509-173008-ee07 [/jobs]
socketio: INFO: emitting event "task update" to 20170509-172210-1907 [/jobs]
socketio: INFO: emitting event "task update" to 20170509-173333-e98b [/jobs]
socketio: INFO: emitting event "task update" to 20170509-172825-84c5 [/jobs]
socketio: INFO: emitting event "task update" to 20170509-173335-6067 [/jobs]
socketio: INFO: emitting event "task update" to 20170509-172147-4505 [/jobs]
socketio: INFO: emitting event "task update" to 20170509-173337-8532 [/jobs]
socketio: INFO: emitting event "task update" to 20170509-172907-6ffa [/jobs]
socketio: INFO: emitting event "task update" to 20170509-174533-2a57 [/jobs]
socketio: INFO: emitting event "task update" to 20170509-172339-dc52 [/jobs]
socketio: INFO: emitting event "task update" to 20170509-172625-e177 [/jobs]
socketio: INFO: emitting event "task update" to 20170509-173316-5f8a [/jobs]
socketio: INFO: emitting event "task update" to 20170509-173318-416e [/jobs]
socketio: INFO: emitting event "task update" to 20170509-173415-8046 [/jobs]
socketio: INFO: emitting event "task update" to 20170509-173027-0946 [/jobs]
socketio: INFO: emitting event "task update" to 20170509-172218-c9c0 [/jobs]
socketio: INFO: emitting event "task update" to 20170509-172328-6826 [/jobs]
socketio: INFO: emitting event "task update" to 20170509-173403-2593 [/jobs]
socketio: INFO: emitting event "task update" to 20170509-174313-cb2c [/jobs]
socketio: INFO: emitting event "task update" to 20170509-172344-9606 [/jobs]
socketio: INFO: emitting event "task update" to 20170509-172430-a33c [/jobs]
socketio: INFO: emitting event "task update" to 20170509-172605-0fd8 [/jobs]
socketio: INFO: emitting event "task update" to 20170509-172706-cfe6 [/jobs]
socketio: INFO: emitting event "task update" to 20170509-173209-48ad [/jobs]
socketio: INFO: emitting event "task update" to 20170509-173320-66e3 [/jobs]
socketio: INFO: emitting event "task update" to 20170509-172927-67d2 [/jobs]
socketio: INFO: emitting event "task update" to 20170509-173515-e8bf [/jobs]
socketio: INFO: emitting event "task update" to 20170509-172524-d7c0 [/jobs]
socketio: INFO: emitting event "task update" to 20170509-172419-2d22 [/jobs]
socketio: INFO: emitting event "task update" to 20170509-172337-f1aa [/jobs]
socketio: INFO: emitting event "task update" to 20170509-173228-acad [/jobs]
socketio: INFO: emitting event "task update" to 20170509-172350-6fcd [/jobs]
socketio: INFO: emitting event "task update" to 20170509-173357-1ed1 [/jobs]
socketio: INFO: emitting event "task update" to 20170509-172259-8252 [/jobs]
socketio: INFO: emitting event "task update" to 20170509-173322-0807 [/jobs]
socketio: INFO: emitting event "task update" to 20170509-172114-d063 [/jobs]
socketio: INFO: emitting event "task update" to 20170509-172323-89b4 [/jobs]
socketio: INFO: emitting event "task update" to 20170509-174411-45b4 [/jobs]
socketio: INFO: emitting event "task update" to 20170509-173300-0377 [/jobs]
socketio: INFO: emitting event "task update" to 20170509-173245-3417 [/jobs]
socketio: INFO: emitting event "task update" to 20170509-173324-49b0 [/jobs]
socketio: INFO: emitting event "task update" to 20170509-172342-e0ef [/jobs]
socketio: INFO: emitting event "task update" to 20170509-173108-a6ff [/jobs]
socketio: INFO: emitting event "task update" to 20170509-172725-6a13 [/jobs]
socketio: INFO: emitting event "task update" to 20170509-172806-b5bc [/jobs]
socketio: INFO: emitting event "task update" to 20170509-172227-0156 [/jobs]
socketio: INFO: emitting event "task update" to 20170509-174451-4b24 [/jobs]
socketio: INFO: emitting event "task update" to 20170509-172334-9d18 [/jobs]
socketio: INFO: emitting event "task update" to 20170509-173128-33ce [/jobs]
socketio: INFO: emitting event "task update" to 20170509-172347-b92a [/jobs]
socketio: INFO: emitting event "task update" to 20170509-173326-3e6f [/jobs]
socketio: INFO: emitting event "task update" to 20170509-172315-d38b [/jobs]
socketio: INFO: emitting event "task update" to 20170509-174340-86bb [/jobs]
socketio: INFO: emitting event "task update" to 20170509-172516-8f4b [/jobs]
socketio: INFO: emitting event "task update" to 20170509-172352-bfdd [/jobs]
socketio: INFO: emitting event "task update" to 20170509-172412-e6f0 [/jobs]
socketio: INFO: emitting event "task update" to 20170509-173329-1cea [/jobs]
socketio: INFO: emitting event "task update" to 20170509-173229-c795 [/jobs]
socketio: INFO: emitting event "task update" to 20170509-172202-9230 [/jobs]
socketio: INFO: emitting event "task update" to 20170509-173331-d237 [/jobs]
socketio: INFO: emitting event "task update" to 20170509-172317-7da8 [/jobs]
socketio: INFO: emitting event "task update" to 20170509-173008-ee07 [/jobs]
socketio: INFO: emitting event "task update" to 20170509-172210-1907 [/jobs]
socketio: INFO: emitting event "task update" to 20170509-173333-e98b [/jobs]
socketio: INFO: emitting event "task update" to 20170509-172825-84c5 [/jobs]
socketio: INFO: emitting event "task update" to 20170509-173335-6067 [/jobs]
socketio: INFO: emitting event "task update" to 20170509-172147-4505 [/jobs]
socketio: INFO: emitting event "task update" to 20170509-173337-8532 [/jobs]
socketio: INFO: emitting event "task update" to 20170509-172907-6ffa [/jobs]
socketio: INFO: emitting event "task update" to 20170509-174533-2a57 [/jobs]
socketio: INFO: emitting event "task update" to 20170509-172339-dc52 [/jobs]
socketio: INFO: emitting event "task update" to 20170509-172625-e177 [/jobs]
socketio: INFO: emitting event "task update" to 20170509-173316-5f8a [/jobs]
socketio: INFO: emitting event "task update" to 20170509-173318-416e [/jobs]
socketio: INFO: emitting event "task update" to 20170509-173415-8046 [/jobs]
socketio: INFO: emitting event "task update" to 20170509-173027-0946 [/jobs]
socketio: INFO: emitting event "task update" to 20170509-172218-c9c0 [/jobs]
socketio: INFO: emitting event "task update" to 20170509-172328-6826 [/jobs]
socketio: INFO: emitting event "task update" to 20170509-173403-2593 [/jobs]
socketio: INFO: emitting event "task update" to 20170509-174313-cb2c [/jobs]
socketio: INFO: emitting event "task update" to 20170509-172344-9606 [/jobs]
socketio: INFO: emitting event "task update" to 20170509-172430-a33c [/jobs]
socketio: INFO: emitting event "task update" to 20170509-172605-0fd8 [/jobs]
socketio: INFO: emitting event "task update" to 20170509-172706-cfe6 [/jobs]
socketio: INFO: emitting event "task update" to 20170509-173209-48ad [/jobs]
socketio: INFO: emitting event "task update" to 20170509-173320-66e3 [/jobs]
socketio: INFO: emitting event "task update" to 20170509-172927-67d2 [/jobs]
socketio: INFO: emitting event "task update" to 20170509-173515-e8bf [/jobs]
socketio: INFO: emitting event "task update" to 20170509-172524-d7c0 [/jobs]
socketio: INFO: emitting event "task update" to 20170509-172419-2d22 [/jobs]
socketio: INFO: emitting event "task update" to 20170509-172337-f1aa [/jobs]
socketio: INFO: emitting event "task update" to 20170509-173228-acad [/jobs]
socketio: INFO: emitting event "task update" to 20170509-172350-6fcd [/jobs]
socketio: INFO: emitting event "task update" to 20170509-173357-1ed1 [/jobs]
socketio: INFO: emitting event "task update" to 20170509-172259-8252 [/jobs]
socketio: INFO: emitting event "task update" to 20170509-173322-0807 [/jobs]
socketio: INFO: emitting event "task update" to 20170509-172114-d063 [/jobs]
socketio: INFO: emitting event "task update" to 20170509-172323-89b4 [/jobs]
socketio: INFO: emitting event "task update" to 20170509-174411-45b4 [/jobs]
socketio: INFO: emitting event "task update" to 20170509-173300-0377 [/jobs]
socketio: INFO: emitting event "task update" to 20170509-173245-3417 [/jobs]
socketio: INFO: emitting event "task update" to 20170509-173324-49b0 [/jobs]
socketio: INFO: emitting event "task update" to 20170509-172342-e0ef [/jobs]
socketio: INFO: emitting event "task update" to 20170509-173108-a6ff [/jobs]
socketio: INFO: emitting event "task update" to 20170509-172725-6a13 [/jobs]
socketio: INFO: emitting event "task update" to 20170509-172806-b5bc [/jobs]
socketio: INFO: emitting event "task update" to 20170509-172227-0156 [/jobs]
socketio: INFO: emitting event "task update" to 20170509-174451-4b24 [/jobs]
socketio: INFO: emitting event "task update" to 20170509-172334-9d18 [/jobs]
socketio: INFO: emitting event "task update" to 20170509-173128-33ce [/jobs]
digits.webapp: WARNING: Infer Model unrecognized output: WARNING: log_file config option not found - no log file is being saved
digits.webapp: WARNING: Infer Model unrecognized output: 2017-05-09 17:45:48 [ERROR] InferenceError: Unable to find snapshot for epoch=-1.0
digits.webapp: WARNING: Infer Model unrecognized output: Traceback (most recent call last):
digits.webapp: WARNING: Infer Model unrecognized output: File "/home/ethan/digits_GAN/digits/tools/inference.py", line 293, in <module>
digits.webapp: WARNING: Infer Model unrecognized output: args['resize']
digits.webapp: WARNING: Infer Model unrecognized output: File "/home/ethan/digits_GAN/digits/tools/inference.py", line 79, in infer
digits.webapp: WARNING: Infer Model unrecognized output: raise InferenceError("Unable to find snapshot for epoch=%s" % repr(epoch))
digits.webapp: WARNING: Infer Model unrecognized output: digits.inference.errors.InferenceError: 'Unable to find snapshot for epoch=-1.0'
socketio: INFO: emitting event "task update" to 20170509-172347-b92a [/jobs]
socketio: INFO: emitting event "task update" to 20170509-173326-3e6f [/jobs]
socketio: INFO: emitting event "task update" to 20170509-172315-d38b [/jobs]
socketio: INFO: emitting event "task update" to 20170509-174340-86bb [/jobs]
socketio: INFO: emitting event "task update" to 20170509-172516-8f4b [/jobs]
socketio: INFO: emitting event "task update" to 20170509-172352-bfdd [/jobs]
socketio: INFO: emitting event "task update" to 20170509-172412-e6f0 [/jobs]
socketio: INFO: emitting event "task update" to 20170509-173329-1cea [/jobs]
socketio: INFO: emitting event "task update" to 20170509-173229-c795 [/jobs]
socketio: INFO: emitting event "task update" to 20170509-172202-9230 [/jobs]
socketio: INFO: emitting event "task update" to 20170509-173331-d237 [/jobs]
socketio: INFO: emitting event "task update" to 20170509-172317-7da8 [/jobs]
socketio: INFO: emitting event "task update" to 20170509-173008-ee07 [/jobs]
socketio: INFO: emitting event "task update" to 20170509-172210-1907 [/jobs]
socketio: INFO: emitting event "task update" to 20170509-173333-e98b [/jobs]
socketio: INFO: emitting event "task update" to 20170509-172825-84c5 [/jobs]
socketio: INFO: emitting event "task update" to 20170509-173335-6067 [/jobs]
socketio: INFO: emitting event "task update" to 20170509-172147-4505 [/jobs]
socketio: INFO: emitting event "task update" to 20170509-173337-8532 [/jobs]
digits.webapp: ERROR: Infer Model task failed with error code 1
socketio: INFO: emitting event "task update" to 20170509-174545-2172 [/jobs]
socketio: INFO: emitting event "job update" to 20170509-174545-2172 [/jobs]
socketio: INFO: emitting event "job update" to job_management [/jobs]
socketio: INFO: emitting event "server update" to job_management [/jobs]
socketio: INFO: emitting event "server update" to job_management [/jobs]
socketio: INFO: emitting event "job update" to 20170509-174545-2172 [/jobs]
socketio: INFO: emitting event "job update" to job_management [/jobs]
digits: INFO: Job deleted.
socketio: INFO: emitting event "job update" to job_management [/jobs]
--------------------- >> end captured logging << ---------------------

======================================================================
FAIL: digits.model.images.generic.test_views.TestTensorflowCreatedWithImageProcessingExtensionMeanImage.test_infer_many_json
----------------------------------------------------------------------
Traceback (most recent call last):
  File "/home/ethan/.local/lib/python2.7/site-packages/nose/case.py", line 197, in runTest
    self.test(*self.arg)
  File "/home/ethan/digits_GAN/digits/model/images/generic/test_views.py", line 675, in test_infer_many_json
    assert rv.status_code == 200, 'POST failed with %s' % rv.status_code
AssertionError: POST failed with 500
-------------------- >> begin captured logging << --------------------
socketio: INFO: emitting event "job update" to job_management [/jobs]
socketio: INFO: emitting event "task update" to 20170509-172907-6ffa [/jobs]
socketio: INFO: emitting event "task update" to 20170509-174533-2a57 [/jobs]
socketio: INFO: emitting event "job update" to 20170509-174548-12fa [/jobs]
socketio: INFO: emitting event "job update" to job_management [/jobs]
socketio: INFO: emitting event "server update" to job_management [/jobs]
socketio: INFO: emitting event "server update" to job_management [/jobs]
socketio: INFO: emitting event "task update" to 20170509-172339-dc52 [/jobs]
digits.webapp: INFO: Infer Model task started.
socketio: INFO: emitting event "task update" to 20170509-174548-12fa [/jobs]
socketio: INFO: emitting event "job update" to 20170509-174548-12fa [/jobs]
socketio: INFO: emitting event "job update" to job_management [/jobs]
digits.webapp: INFO: Task subprocess args: "/usr/bin/python2 /home/ethan/digits_GAN/digits/tools/inference.py /tmp/tmpX3R8Ve/20170509-174548-12fa/tmpg33MQN.txt /tmp/tmpX3R8Ve/20170509-174548-12fa 20170509-174533-2a57 --jobs_dir=/tmp/tmpX3R8Ve --layers=none --gpu=0"
socketio: INFO: emitting event "task update" to 20170509-172625-e177 [/jobs]
socketio: INFO: emitting event "task update" to 20170509-173316-5f8a [/jobs]
socketio: INFO: emitting event "task update" to 20170509-173318-416e [/jobs]
socketio: INFO: emitting event "task update" to 20170509-173415-8046 [/jobs]
socketio: INFO: emitting event "task update" to 20170509-173027-0946 [/jobs]
socketio: INFO: emitting event "task update" to 20170509-172218-c9c0 [/jobs]
socketio: INFO: emitting event "task update" to 20170509-172328-6826 [/jobs]
socketio: INFO: emitting event "task update" to 20170509-173403-2593 [/jobs]
socketio: INFO: emitting event "task update" to 20170509-174313-cb2c [/jobs]
socketio: INFO: emitting event "task update" to 20170509-172344-9606 [/jobs]
socketio: INFO: emitting event "task update" to 20170509-172430-a33c [/jobs]
socketio: INFO: emitting event "task update" to 20170509-172605-0fd8 [/jobs]
socketio: INFO: emitting event "task update" to 20170509-172706-cfe6 [/jobs]
socketio: INFO: emitting event "task update" to 20170509-173209-48ad [/jobs]
socketio: INFO: emitting event "task update" to 20170509-173320-66e3 [/jobs]
socketio: INFO: emitting event "task update" to 20170509-172927-67d2 [/jobs]
socketio: INFO: emitting event "task update" to 20170509-173515-e8bf [/jobs]
socketio: INFO: emitting event "task update" to 20170509-172524-d7c0 [/jobs]
socketio: INFO: emitting event "task update" to 20170509-172419-2d22 [/jobs]
socketio: INFO: emitting event "task update" to 20170509-172337-f1aa [/jobs]
socketio: INFO: emitting event "task update" to 20170509-173228-acad [/jobs]
socketio: INFO: emitting event "task update" to 20170509-172350-6fcd [/jobs]
socketio: INFO: emitting event "task update" to 20170509-173357-1ed1 [/jobs]
socketio: INFO: emitting event "task update" to 20170509-172259-8252 [/jobs]
socketio: INFO: emitting event "task update" to 20170509-173322-0807 [/jobs]
socketio: INFO: emitting event "task update" to 20170509-172114-d063 [/jobs]
socketio: INFO: emitting event "task update" to 20170509-172323-89b4 [/jobs]
socketio: INFO: emitting event "task update" to 20170509-174411-45b4 [/jobs]
socketio: INFO: emitting event "task update" to 20170509-173300-0377 [/jobs]
socketio: INFO: emitting event "task update" to 20170509-173245-3417 [/jobs]
socketio: INFO: emitting event "task update" to 20170509-173324-49b0 [/jobs]
socketio: INFO: emitting event "task update" to 20170509-172342-e0ef [/jobs]
socketio: INFO: emitting event "task update" to 20170509-173108-a6ff [/jobs]
socketio: INFO: emitting event "task update" to 20170509-172725-6a13 [/jobs]
socketio: INFO: emitting event "task update" to 20170509-172806-b5bc [/jobs]
socketio: INFO: emitting event "task update" to 20170509-172227-0156 [/jobs]
socketio: INFO: emitting event "task update" to 20170509-174451-4b24 [/jobs]
socketio: INFO: emitting event "task update" to 20170509-172334-9d18 [/jobs]
socketio: INFO: emitting event "task update" to 20170509-173128-33ce [/jobs]
socketio: INFO: emitting event "task update" to 20170509-172347-b92a [/jobs]
socketio: INFO: emitting event "task update" to 20170509-173326-3e6f [/jobs]
socketio: INFO: emitting event "task update" to 20170509-172315-d38b [/jobs]
socketio: INFO: emitting event "task update" to 20170509-174340-86bb [/jobs]
socketio: INFO: emitting event "task update" to 20170509-172516-8f4b [/jobs]
socketio: INFO: emitting event "task update" to 20170509-172352-bfdd [/jobs]
socketio: INFO: emitting event "task update" to 20170509-172412-e6f0 [/jobs]
socketio: INFO: emitting event "task update" to 20170509-173329-1cea [/jobs]
socketio: INFO: emitting event "task update" to 20170509-173229-c795 [/jobs]
socketio: INFO: emitting event "task update" to 20170509-172202-9230 [/jobs]
socketio: INFO: emitting event "task update" to 20170509-173331-d237 [/jobs]
socketio: INFO: emitting event "task update" to 20170509-172317-7da8 [/jobs]
socketio: INFO: emitting event "task update" to 20170509-173008-ee07 [/jobs]
socketio: INFO: emitting event "task update" to 20170509-172210-1907 [/jobs]
socketio: INFO: emitting event "task update" to 20170509-173333-e98b [/jobs]
socketio: INFO: emitting event "task update" to 20170509-172825-84c5 [/jobs]
socketio: INFO: emitting event "task update" to 20170509-173335-6067 [/jobs]
socketio: INFO: emitting event "task update" to 20170509-172147-4505 [/jobs]
socketio: INFO: emitting event "task update" to 20170509-173337-8532 [/jobs]
socketio: INFO: emitting event "task update" to 20170509-172907-6ffa [/jobs]
socketio: INFO: emitting event "task update" to 20170509-174533-2a57 [/jobs]
socketio: INFO: emitting event "task update" to 20170509-172339-dc52 [/jobs]
socketio: INFO: emitting event "task update" to 20170509-172625-e177 [/jobs]
socketio: INFO: emitting event "task update" to 20170509-173316-5f8a [/jobs]
socketio: INFO: emitting event "task update" to 20170509-173318-416e [/jobs]
socketio: INFO: emitting event "task update" to 20170509-173415-8046 [/jobs]
socketio: INFO: emitting event "task update" to 20170509-173027-0946 [/jobs]
socketio: INFO: emitting event "task update" to 20170509-172218-c9c0 [/jobs]
socketio: INFO: emitting event "task update" to 20170509-172328-6826 [/jobs]
socketio: INFO: emitting event "task update" to 20170509-173403-2593 [/jobs]
socketio: INFO: emitting event "task update" to 20170509-174313-cb2c [/jobs]
socketio: INFO: emitting event "task update" to 20170509-172344-9606 [/jobs]
socketio: INFO: emitting event "task update" to 20170509-172430-a33c [/jobs]
socketio: INFO: emitting event "task update" to 20170509-172605-0fd8 [/jobs]
socketio: INFO: emitting event "task update" to 20170509-172706-cfe6 [/jobs]
socketio: INFO: emitting event "task update" to 20170509-173209-48ad [/jobs]
socketio: INFO: emitting event "task update" to 20170509-173320-66e3 [/jobs]
socketio: INFO: emitting event "task update" to 20170509-172927-67d2 [/jobs]
socketio: INFO: emitting event "task update" to 20170509-173515-e8bf [/jobs]
socketio: INFO: emitting event "task update" to 20170509-172524-d7c0 [/jobs]
socketio: INFO: emitting event "task update" to 20170509-172419-2d22 [/jobs]
socketio: INFO: emitting event "task update" to 20170509-172337-f1aa [/jobs]
socketio: INFO: emitting event "task update" to 20170509-173228-acad [/jobs]
socketio: INFO: emitting event "task update" to 20170509-172350-6fcd [/jobs]
socketio: INFO: emitting event "task update" to 20170509-173357-1ed1 [/jobs]
socketio: INFO: emitting event "task update" to 20170509-172259-8252 [/jobs]
socketio: INFO: emitting event "task update" to 20170509-173322-0807 [/jobs]
socketio: INFO: emitting event "task update" to 20170509-172114-d063 [/jobs]
socketio: INFO: emitting event "task update" to 20170509-172323-89b4 [/jobs]
socketio: INFO: emitting event "task update" to 20170509-174411-45b4 [/jobs]
socketio: INFO: emitting event "task update" to 20170509-173300-0377 [/jobs]
socketio: INFO: emitting event "task update" to 20170509-173245-3417 [/jobs]
socketio: INFO: emitting event "task update" to 20170509-173324-49b0 [/jobs]
socketio: INFO: emitting event "task update" to 20170509-172342-e0ef [/jobs]
socketio: INFO: emitting event "task update" to 20170509-173108-a6ff [/jobs]
socketio: INFO: emitting event "task update" to 20170509-172725-6a13 [/jobs]
socketio: INFO: emitting event "task update" to 20170509-172806-b5bc [/jobs]
socketio: INFO: emitting event "task update" to 20170509-172227-0156 [/jobs]
socketio: INFO: emitting event "task update" to 20170509-174451-4b24 [/jobs]
socketio: INFO: emitting event "task update" to 20170509-172334-9d18 [/jobs]
socketio: INFO: emitting event "task update" to 20170509-173128-33ce [/jobs]
socketio: INFO: emitting event "task update" to 20170509-172347-b92a [/jobs]
socketio: INFO: emitting event "task update" to 20170509-173326-3e6f [/jobs]
socketio: INFO: emitting event "task update" to 20170509-172315-d38b [/jobs]
socketio: INFO: emitting event "task update" to 20170509-174340-86bb [/jobs]
socketio: INFO: emitting event "task update" to 20170509-172516-8f4b [/jobs]
socketio: INFO: emitting event "task update" to 20170509-172352-bfdd [/jobs]
socketio: INFO: emitting event "task update" to 20170509-172412-e6f0 [/jobs]
socketio: INFO: emitting event "task update" to 20170509-173329-1cea [/jobs]
socketio: INFO: emitting event "task update" to 20170509-173229-c795 [/jobs]
socketio: INFO: emitting event "task update" to 20170509-172202-9230 [/jobs]
socketio: INFO: emitting event "task update" to 20170509-173331-d237 [/jobs]
socketio: INFO: emitting event "task update" to 20170509-172317-7da8 [/jobs]
socketio: INFO: emitting event "task update" to 20170509-173008-ee07 [/jobs]
socketio: INFO: emitting event "task update" to 20170509-172210-1907 [/jobs]
socketio: INFO: emitting event "task update" to 20170509-173333-e98b [/jobs]
socketio: INFO: emitting event "task update" to 20170509-172825-84c5 [/jobs]
socketio: INFO: emitting event "task update" to 20170509-173335-6067 [/jobs]
socketio: INFO: emitting event "task update" to 20170509-172147-4505 [/jobs]
socketio: INFO: emitting event "task update" to 20170509-173337-8532 [/jobs]
socketio: INFO: emitting event "task update" to 20170509-172907-6ffa [/jobs]
socketio: INFO: emitting event "task update" to 20170509-174533-2a57 [/jobs]
socketio: INFO: emitting event "task update" to 20170509-172339-dc52 [/jobs]
socketio: INFO: emitting event "task update" to 20170509-172625-e177 [/jobs]
socketio: INFO: emitting event "task update" to 20170509-173316-5f8a [/jobs]
socketio: INFO: emitting event "task update" to 20170509-173318-416e [/jobs]
socketio: INFO: emitting event "task update" to 20170509-173415-8046 [/jobs]
socketio: INFO: emitting event "task update" to 20170509-173027-0946 [/jobs]
socketio: INFO: emitting event "task update" to 20170509-172218-c9c0 [/jobs]
socketio: INFO: emitting event "task update" to 20170509-172328-6826 [/jobs]
socketio: INFO: emitting event "task update" to 20170509-173403-2593 [/jobs]
socketio: INFO: emitting event "task update" to 20170509-174313-cb2c [/jobs]
socketio: INFO: emitting event "task update" to 20170509-172344-9606 [/jobs]
socketio: INFO: emitting event "task update" to 20170509-172430-a33c [/jobs]
socketio: INFO: emitting event "task update" to 20170509-172605-0fd8 [/jobs]
socketio: INFO: emitting event "task update" to 20170509-172706-cfe6 [/jobs]
socketio: INFO: emitting event "task update" to 20170509-173209-48ad [/jobs]
socketio: INFO: emitting event "task update" to 20170509-173320-66e3 [/jobs]
socketio: INFO: emitting event "task update" to 20170509-172927-67d2 [/jobs]
socketio: INFO: emitting event "task update" to 20170509-173515-e8bf [/jobs]
socketio: INFO: emitting event "task update" to 20170509-172524-d7c0 [/jobs]
socketio: INFO: emitting event "task update" to 20170509-172419-2d22 [/jobs]
socketio: INFO: emitting event "task update" to 20170509-172337-f1aa [/jobs]
socketio: INFO: emitting event "task update" to 20170509-173228-acad [/jobs]
socketio: INFO: emitting event "task update" to 20170509-172350-6fcd [/jobs]
socketio: INFO: emitting event "task update" to 20170509-173357-1ed1 [/jobs]
socketio: INFO: emitting event "task update" to 20170509-172259-8252 [/jobs]
socketio: INFO: emitting event "task update" to 20170509-173322-0807 [/jobs]
socketio: INFO: emitting event "task update" to 20170509-172114-d063 [/jobs]
socketio: INFO: emitting event "task update" to 20170509-172323-89b4 [/jobs]
socketio: INFO: emitting event "task update" to 20170509-174411-45b4 [/jobs]
socketio: INFO: emitting event "task update" to 20170509-173300-0377 [/jobs]
socketio: INFO: emitting event "task update" to 20170509-173245-3417 [/jobs]
socketio: INFO: emitting event "task update" to 20170509-173324-49b0 [/jobs]
socketio: INFO: emitting event "task update" to 20170509-172342-e0ef [/jobs]
socketio: INFO: emitting event "task update" to 20170509-173108-a6ff [/jobs]
socketio: INFO: emitting event "task update" to 20170509-172725-6a13 [/jobs]
socketio: INFO: emitting event "task update" to 20170509-172806-b5bc [/jobs]
socketio: INFO: emitting event "task update" to 20170509-172227-0156 [/jobs]
socketio: INFO: emitting event "task update" to 20170509-174451-4b24 [/jobs]
socketio: INFO: emitting event "task update" to 20170509-172334-9d18 [/jobs]
socketio: INFO: emitting event "task update" to 20170509-173128-33ce [/jobs]
socketio: INFO: emitting event "task update" to 20170509-172347-b92a [/jobs]
socketio: INFO: emitting event "task update" to 20170509-173326-3e6f [/jobs]
socketio: INFO: emitting event "task update" to 20170509-172315-d38b [/jobs]
digits.webapp: WARNING: Infer Model unrecognized output: WARNING: log_file config option not found - no log file is being saved
digits.webapp: WARNING: Infer Model unrecognized output: 2017-05-09 17:45:51 [ERROR] InferenceError: Unable to find snapshot for epoch=-1.0
digits.webapp: WARNING: Infer Model unrecognized output: Traceback (most recent call last):
digits.webapp: WARNING: Infer Model unrecognized output: File "/home/ethan/digits_GAN/digits/tools/inference.py", line 293, in <module>
digits.webapp: WARNING: Infer Model unrecognized output: args['resize']
digits.webapp: WARNING: Infer Model unrecognized output: File "/home/ethan/digits_GAN/digits/tools/inference.py", line 79, in infer
digits.webapp: WARNING: Infer Model unrecognized output: raise InferenceError("Unable to find snapshot for epoch=%s" % repr(epoch))
digits.webapp: WARNING: Infer Model unrecognized output: digits.inference.errors.InferenceError: 'Unable to find snapshot for epoch=-1.0'
socketio: INFO: emitting event "task update" to 20170509-174340-86bb [/jobs]
socketio: INFO: emitting event "task update" to 20170509-172516-8f4b [/jobs]
socketio: INFO: emitting event "task update" to 20170509-172352-bfdd [/jobs]
socketio: INFO: emitting event "task update" to 20170509-172412-e6f0 [/jobs]
socketio: INFO: emitting event "task update" to 20170509-173329-1cea [/jobs]
socketio: INFO: emitting event "task update" to 20170509-173229-c795 [/jobs]
socketio: INFO: emitting event "task update" to 20170509-172202-9230 [/jobs]
socketio: INFO: emitting event "task update" to 20170509-173331-d237 [/jobs]
socketio: INFO: emitting event "task update" to 20170509-172317-7da8 [/jobs]
socketio: INFO: emitting event "task update" to 20170509-173008-ee07 [/jobs]
socketio: INFO: emitting event "task update" to 20170509-172210-1907 [/jobs]
socketio: INFO: emitting event "task update" to 20170509-173333-e98b [/jobs]
socketio: INFO: emitting event "task update" to 20170509-172825-84c5 [/jobs]
socketio: INFO: emitting event "task update" to 20170509-173335-6067 [/jobs]
socketio: INFO: emitting event "task update" to 20170509-172147-4505 [/jobs]
socketio: INFO: emitting event "task update" to 20170509-173337-8532 [/jobs]
digits.webapp: ERROR: Infer Model task failed with error code 1
socketio: INFO: emitting event "task update" to 20170509-174548-12fa [/jobs]
socketio: INFO: emitting event "job update" to 20170509-174548-12fa [/jobs]
socketio: INFO: emitting event "job update" to job_management [/jobs]
socketio: INFO: emitting event "server update" to job_management [/jobs]
socketio: INFO: emitting event "server update" to job_management [/jobs]
socketio: INFO: emitting event "task update" to 20170509-172907-6ffa [/jobs]
socketio: INFO: emitting event "task update" to 20170509-174533-2a57 [/jobs]
socketio: INFO: emitting event "task update" to 20170509-172339-dc52 [/jobs]
socketio: INFO: emitting event "job update" to 20170509-174548-12fa [/jobs]
socketio: INFO: emitting event "job update" to job_management [/jobs]
digits: INFO: Job deleted.
socketio: INFO: emitting event "job update" to job_management [/jobs]
--------------------- >> end captured logging << ---------------------

======================================================================
FAIL: digits.model.images.generic.test_views.TestTensorflowCreatedWithImageProcessingExtensionMeanImage.test_infer_one
----------------------------------------------------------------------
Traceback (most recent call last):
  File "/home/ethan/.local/lib/python2.7/site-packages/nose/case.py", line 197, in runTest
    self.test(*self.arg)
  File "/home/ethan/digits_GAN/digits/model/images/generic/test_views.py", line 593, in test_infer_one
    assert rv.status_code == 200, 'POST failed with %s\n\n%s' % (rv.status_code, body)
AssertionError: POST failed with 500

[<body>\n<div class="navbar navbar-inverse navbar-fixed-top">\n<div class="container">\n<div class="navbar-header">\n<a class="navbar-brand" href="/">DIGITS</a>\n</div>\n<ul class="nav navbar-nav">\n<li><a href="/models/20170509-174533-2a57">test_model</a></li>\n<li class="active"><a>Test One</a></li>\n</ul>\n<ul class="nav navbar-nav navbar-right">\n<li>\n<p class="navbar-text">\n            digits-testsuite (<a class="navbar-link" href="/logout">Logout</a>)\n            </p>\n</li>\n<li class="dropdown">\n<a class="dropdown-toggle" data-toggle="dropdown" href="#">Info<span class="caret"></span></a>\n<ul class="dropdown-menu navbar-inverse">\n<li><span class="navbar-text">Server: ethan-computer</span></li>\n<li><span class="navbar-text">DIGITS version: <br> 5.1-dev</br></span></li>\n<li><span class="navbar-text">Caffe version: <br> 0.15.13</br></span></li>\n<li><span class="navbar-text">Caffe flavor: <br> NVIDIA</br></span></li>\n</ul>\n</li>\n<li class="dropdown">\n<a class="dropdown-toggle" data-toggle="dropdown" href="#">About<span class="caret"></span></a>\n<ul class="dropdown-menu about-menu navbar-inverse">\n<li><span class="navbar-text"><a href="https://developer.nvidia.com/digits" target="_blank">\n                        DIGITS on developer.nvidia.com\n                    </a></span></li>\n<li><span class="navbar-text"><a href="https://github.com/NVIDIA/DIGITS" target="_blank">\n                        DIGITS on GitHub\n                    </a></span></li>\n<li><span class="navbar-text"><a href="https://groups.google.com/d/forum/digits-users" target="_blank">\n                        DIGITS user group\n                    </a></span></li>\n<li><span class="navbar-text"><a href="mailto:digits@nvidia.com">\n                        digits@nvidia.com\n                    </a></span></li>\n</ul>\n</li>\n</ul>\n</div>\n</div>\n<div class="container">\n<div class="jumbotron">\n<div class="container">\n<div class="row">\n<div class="col-sm-12" id="show-job-name">\n<h2 style="display:inline;">Infer One Image</h2>\n</div>\n<div class="col-sm-4" id="edit-job-name" style="display:none;">\n<script>\nfunction updateJobName() {\n    var newName = $("input[name=job-name]").val();\n    $.ajax("/jobs/20170509-174551-0d9a",\n            {\n                type: "PUT",\n                data: {"job_name": newName}\n                }\n          )\n    .done(function() {\n            $("#show-job-name h2").html(newName);\n            $('#edit-job-name').hide(); $('#show-job-name').show();\n            })\n    .fail(function(data) { errorAlert(data); });\n    return false;\n}\n                </script>\n<input class="form-control" name="job-name" value="Infer One Image"/>\n<a class="btn btn-primary" href="#" onclick="return updateJobName();">Update</a>\n<a class="btn btn-info" href="#" onclick="$('#edit-job-name').hide(); $('#show-job-name').show(); return false;">Cancel</a>\n</div>\n</div>\n<small>Owner: digits-testsuite</small>\n<div class="pull-right">\n<a class="btn btn-info" disabled="" id="clone-job">Clone Job</a>\n<a class="btn btn-warning hidden disabled" id="abort-job">Abort Job</a>\n<a class="btn btn-danger disabled" id="delete-job">Delete Job</a>\n</div>\n</div>\n<script>\n$('#abort-job').on('click', function(event) {\n        event.preventDefault();\n        bootbox.confirm(\n            'Are you sure you want to abort this job?',\n            function(result) {\n                if (result)\n                    $.ajax("/jobs/20170509-174551-0d9a/abort",\n                        {type: "POST"})\n                    .done(function() {\n                        $("#abort-job").hide();\n                        })\n                    .fail(function(data) { errorAlert(data); });\n            });\n        });\n\n$('#delete-job').on('click', function(event) {\n        event.preventDefault();\n        bootbox.confirm(\n            'Are you sure you want to delete this job?<br><br>All related files will be permanently removed.',\n            function(result) {\n                if (result)\n                    $.ajax("/jobs/20170509-174551-0d9a",\n                        {type: "DELETE"})\n                    .done(function() {\n                        window.location = "/";\n                        })\n                    .fail(function(data) { errorAlert(data); });\n            });\n        });\n    </script>\n</div>\n<div class="row">\n<!-- Job content -->\n<div class="col-sm-8">\n<script src="/static/js/3rdparty/jquery.elevateZoom-3.0.8.min.js?ver=4606b4a4404b87a591d409910710feb1"></script>\n<div class="page-header">\n<h1>\n        test_model\n        <small>\n            Generic Image Model\n        </small>\n</h1>\n</div>\n<div class="row">\n<div class="alert alert-danger">\n<p>Inference failed, see job log</p>\n</div>\n</div>\n</div>\n<!-- Tasks -->\n<div class="col-sm-4">\n<div class="panel-group">\n<div class="panel panel-danger" id="job-statuses">\n<div class="panel-heading">\n<h4 class="panel-title">\n                    Job Status\n                    <small>Error</small>\n</h4>\n</div>\n<div class="panel-collapse">\n<div class="panel-body">\n<div class="job-statuses">\n<ul>\n<li>\n<span class="text-warning">Initialized</span>\n        at 05:45:51 PM\n            <small>(0 seconds)</small>\n</li>\n<li>\n<span class="text-info">Running</span>\n        at 05:45:51 PM\n            <small>(2 seconds)</small>\n</li>\n<li>\n<span class="text-danger">Error</span>\n        at 05:45:54 PM\n            <br>\n<small>(Total - 2 seconds)</small>\n</br></li>\n</ul>\n</div>\n<div class="panel-group">\n<div class="panel panel-danger" id="task-140099415142992-status">\n<div class="panel-heading">\n<h4 class="panel-title">\n<a data-toggle="collapse" href="#task-140099415142992-status-collapse">\n                                            Infer Model\n                                            <small>Error</small>\n<span class="caret"></span>\n</a>\n</h4>\n</div>\n<div class="panel-collapse collapse in" id="task-140099415142992-status-collapse">\n<div class="panel-body">\n<div class="task-progress" style="display:none;">\n<div class="progress">\n<div class="progress-bar" style="width:0%">\n                                                    0%\n                                                </div>\n</div>\n                                            Estimated time remaining: <span class="task-eta">?</span>\n<br/>\n<br/>\n</div>\n<div class="task-statuses">\n<ul>\n<li>\n<span class="text-warning">Initialized</span>\n        at 05:45:51 PM\n            <small>(0 seconds)</small>\n</li>\n<li>\n<span class="text-info">Running</span>\n        at 05:45:51 PM\n            <small>(2 seconds)</small>\n</li>\n<li>\n<span class="text-danger">Error</span>\n        at 05:45:54 PM\n            <br>\n<small>(Total - 2 seconds)</small>\n</br></li>\n</ul>\n<h4 class="text-danger">ERROR: error code 1</h4>\n<pre>\nWARNING: log_file config option not found - no log file is being saved\n2017-05-09 17:45:54 [ERROR] InferenceError: Unable to find snapshot for epoch=-1.0\nTraceback (most recent call last):\nFile "/home/ethan/digits_GAN/digits/tools/inference.py", line 293, in &lt;module&gt;\nargs['resize']\nFile "/home/ethan/digits_GAN/digits/tools/inference.py", line 79, in infer\nraise InferenceError("Unable to find snapshot for epoch=%s" % repr(epoch))\ndigits.inference.errors.InferenceError: 'Unable to find snapshot for epoch=-1.0'\n        </pre>\n</div>\n</div>\n</div>\n</div>\n</div>\n</div>\n</div>\n</div>\n</div>\n<div class="gpu-utilization-info" style="display:none;"></div>\n<!-- Related jobs -->\n<div class="panel panel-default" id="notes-information">\n<div class="panel-heading">\n<h4>Notes</h4>\n</div>\n<div class="panel-body">\n<div class="col-sm-12" id="show-job-notes">\n<p style="display:inline;">None</p>\n</div>\n<div class="col-sm-12" id="edit-job-notes" style="display:none;">\n<script type="text/javascript">\n                        function updateJobNotes() {\n                        var newNotes = $("textarea[name=job-notes]").val();\n                        $.ajax("/jobs/20170509-174551-0d9a",\n                                {\n                                    type: "PUT",\n                                    data: {"job_notes": newNotes}\n                                    }\n                              )\n                        .done(function() {\n                                $("#show-job-notes p").html(newNotes);\n                                $('#edit-job-notes').hide(); $('#show-job-notes').show();\n                                })\n                        .fail(function(data) { errorAlert(data); });\n                        return false;\n                    }\n                    </script>\n<textarea class="form-control" name="job-notes" placeholder="Enter notes" rows="5"></textarea>\n<a class="btn btn-primary" href="#" onclick="return updateJobNotes();">Update</a>\n<a class="btn btn-info" href="#" onclick="$('#edit-job-notes').hide(); $('#show-job-notes').show(); return false;">Cancel</a>\n</div>\n</div>\n</div>\n</div>\n</div>\n<div class="row">\n<script type="text/javascript">\n    function drawHistogram(id, data) {\n        c3.generate({\n            bindto: id,\n            size: {height: 200},\n            data: {\n                columns: [\n                    ['Count'].concat(data[0]),\n                    ['Value'].concat(data[1]),\n                ],\n                x: 'Value',\n                type: 'area-spline',\n            },\n            axis: {\n                x: {\n                    label: {\n                        text: 'Value',\n                        position: 'outer-center',\n                    },\n                    tick: {\n                        values: data[2],\n                        format: d3.format('.3g'),\n                    },\n                    padding: {left: 0},\n                },\n                y: {\n                    padding: {bottom: 0},\n                },\n            },\n            bar: {\n               width: {ratio: 0.2}\n            },\n            padding: {left: 20, right: 20},\n            legend: {hide: true},\n        });\n    }\n</script>\n<style>\n    div.histogram .c3-axis-y .tick {\n        display: none;\n    }\n</style>\n</div>\n</div>\n<script>\n$SCRIPT_ROOT = "";\n\n$(".explanation-tooltip").tooltip();\n\nwindow.onload = function () {\n    $('.autocomplete_path').autocomplete({\n       serviceUrl: '/autocomplete/path',\n       formatResult: function (suggestion, currentValue)\n       {\n            function baseName(str)\n            {\n               var base = new String(str).substring(str.lastIndexOf('/') + 1);\n               return base;\n            }\n            return baseName(suggestion.value);\n        },\n        minChars: 0\n    });\n    $(".autocomplete_path").removeAttr("autocomplete");\n};\n\n</script>\n<style>\n .about-menu {\n     width: 240px !important;\n }\n .brightness {\n     display: inline-block;\n }\n .brightness img:hover {\n     opacity: .75;\n }\n</style>\n</body>]
-------------------- >> begin captured logging << --------------------
socketio: INFO: emitting event "job update" to job_management [/jobs]
socketio: INFO: emitting event "task update" to 20170509-172625-e177 [/jobs]
socketio: INFO: emitting event "task update" to 20170509-173316-5f8a [/jobs]
socketio: INFO: emitting event "task update" to 20170509-173318-416e [/jobs]
socketio: INFO: emitting event "task update" to 20170509-173415-8046 [/jobs]
socketio: INFO: emitting event "task update" to 20170509-173027-0946 [/jobs]
socketio: INFO: emitting event "task update" to 20170509-172218-c9c0 [/jobs]
socketio: INFO: emitting event "task update" to 20170509-172328-6826 [/jobs]
socketio: INFO: emitting event "task update" to 20170509-173403-2593 [/jobs]
socketio: INFO: emitting event "task update" to 20170509-174313-cb2c [/jobs]
socketio: INFO: emitting event "task update" to 20170509-172344-9606 [/jobs]
socketio: INFO: emitting event "task update" to 20170509-172430-a33c [/jobs]
socketio: INFO: emitting event "task update" to 20170509-172605-0fd8 [/jobs]
socketio: INFO: emitting event "task update" to 20170509-172706-cfe6 [/jobs]
socketio: INFO: emitting event "task update" to 20170509-173209-48ad [/jobs]
socketio: INFO: emitting event "job update" to 20170509-174551-0d9a [/jobs]
socketio: INFO: emitting event "job update" to job_management [/jobs]
socketio: INFO: emitting event "server update" to job_management [/jobs]
socketio: INFO: emitting event "server update" to job_management [/jobs]
socketio: INFO: emitting event "task update" to 20170509-173320-66e3 [/jobs]
socketio: INFO: emitting event "task update" to 20170509-172927-67d2 [/jobs]
digits.webapp: INFO: Infer Model task started.
socketio: INFO: emitting event "task update" to 20170509-174551-0d9a [/jobs]
socketio: INFO: emitting event "job update" to 20170509-174551-0d9a [/jobs]
socketio: INFO: emitting event "job update" to job_management [/jobs]
digits.webapp: INFO: Task subprocess args: "/usr/bin/python2 /home/ethan/digits_GAN/digits/tools/inference.py /tmp/tmpX3R8Ve/20170509-174551-0d9a/tmp1DdSBg.txt /tmp/tmpX3R8Ve/20170509-174551-0d9a 20170509-174533-2a57 --jobs_dir=/tmp/tmpX3R8Ve --layers=all --gpu=0"
socketio: INFO: emitting event "task update" to 20170509-173515-e8bf [/jobs]
socketio: INFO: emitting event "task update" to 20170509-172524-d7c0 [/jobs]
socketio: INFO: emitting event "task update" to 20170509-172419-2d22 [/jobs]
socketio: INFO: emitting event "task update" to 20170509-172337-f1aa [/jobs]
socketio: INFO: emitting event "task update" to 20170509-173228-acad [/jobs]
socketio: INFO: emitting event "task update" to 20170509-172350-6fcd [/jobs]
socketio: INFO: emitting event "task update" to 20170509-173357-1ed1 [/jobs]
socketio: INFO: emitting event "task update" to 20170509-172259-8252 [/jobs]
socketio: INFO: emitting event "task update" to 20170509-173322-0807 [/jobs]
socketio: INFO: emitting event "task update" to 20170509-172114-d063 [/jobs]
socketio: INFO: emitting event "task update" to 20170509-172323-89b4 [/jobs]
socketio: INFO: emitting event "task update" to 20170509-174411-45b4 [/jobs]
socketio: INFO: emitting event "task update" to 20170509-173300-0377 [/jobs]
socketio: INFO: emitting event "task update" to 20170509-173245-3417 [/jobs]
socketio: INFO: emitting event "task update" to 20170509-173324-49b0 [/jobs]
socketio: INFO: emitting event "task update" to 20170509-172342-e0ef [/jobs]
socketio: INFO: emitting event "task update" to 20170509-173108-a6ff [/jobs]
socketio: INFO: emitting event "task update" to 20170509-172725-6a13 [/jobs]
socketio: INFO: emitting event "task update" to 20170509-172806-b5bc [/jobs]
socketio: INFO: emitting event "task update" to 20170509-172227-0156 [/jobs]
socketio: INFO: emitting event "task update" to 20170509-174451-4b24 [/jobs]
socketio: INFO: emitting event "task update" to 20170509-172334-9d18 [/jobs]
socketio: INFO: emitting event "task update" to 20170509-173128-33ce [/jobs]
socketio: INFO: emitting event "task update" to 20170509-172347-b92a [/jobs]
socketio: INFO: emitting event "task update" to 20170509-173326-3e6f [/jobs]
socketio: INFO: emitting event "task update" to 20170509-172315-d38b [/jobs]
socketio: INFO: emitting event "task update" to 20170509-174340-86bb [/jobs]
socketio: INFO: emitting event "task update" to 20170509-172516-8f4b [/jobs]
socketio: INFO: emitting event "task update" to 20170509-172352-bfdd [/jobs]
socketio: INFO: emitting event "task update" to 20170509-172412-e6f0 [/jobs]
socketio: INFO: emitting event "task update" to 20170509-173329-1cea [/jobs]
socketio: INFO: emitting event "task update" to 20170509-173229-c795 [/jobs]
socketio: INFO: emitting event "task update" to 20170509-172202-9230 [/jobs]
socketio: INFO: emitting event "task update" to 20170509-173331-d237 [/jobs]
socketio: INFO: emitting event "task update" to 20170509-172317-7da8 [/jobs]
socketio: INFO: emitting event "task update" to 20170509-173008-ee07 [/jobs]
socketio: INFO: emitting event "task update" to 20170509-172210-1907 [/jobs]
socketio: INFO: emitting event "task update" to 20170509-173333-e98b [/jobs]
socketio: INFO: emitting event "task update" to 20170509-172825-84c5 [/jobs]
socketio: INFO: emitting event "task update" to 20170509-173335-6067 [/jobs]
socketio: INFO: emitting event "task update" to 20170509-172147-4505 [/jobs]
socketio: INFO: emitting event "task update" to 20170509-173337-8532 [/jobs]
socketio: INFO: emitting event "task update" to 20170509-172907-6ffa [/jobs]
socketio: INFO: emitting event "task update" to 20170509-174533-2a57 [/jobs]
socketio: INFO: emitting event "task update" to 20170509-172339-dc52 [/jobs]
socketio: INFO: emitting event "task update" to 20170509-172625-e177 [/jobs]
socketio: INFO: emitting event "task update" to 20170509-173316-5f8a [/jobs]
socketio: INFO: emitting event "task update" to 20170509-173318-416e [/jobs]
socketio: INFO: emitting event "task update" to 20170509-173415-8046 [/jobs]
socketio: INFO: emitting event "task update" to 20170509-173027-0946 [/jobs]
socketio: INFO: emitting event "task update" to 20170509-172218-c9c0 [/jobs]
socketio: INFO: emitting event "task update" to 20170509-172328-6826 [/jobs]
socketio: INFO: emitting event "task update" to 20170509-173403-2593 [/jobs]
socketio: INFO: emitting event "task update" to 20170509-174313-cb2c [/jobs]
socketio: INFO: emitting event "task update" to 20170509-172344-9606 [/jobs]
socketio: INFO: emitting event "task update" to 20170509-172430-a33c [/jobs]
socketio: INFO: emitting event "task update" to 20170509-172605-0fd8 [/jobs]
socketio: INFO: emitting event "task update" to 20170509-172706-cfe6 [/jobs]
socketio: INFO: emitting event "task update" to 20170509-173209-48ad [/jobs]
socketio: INFO: emitting event "task update" to 20170509-173320-66e3 [/jobs]
socketio: INFO: emitting event "task update" to 20170509-172927-67d2 [/jobs]
socketio: INFO: emitting event "task update" to 20170509-173515-e8bf [/jobs]
socketio: INFO: emitting event "task update" to 20170509-172524-d7c0 [/jobs]
socketio: INFO: emitting event "task update" to 20170509-172419-2d22 [/jobs]
socketio: INFO: emitting event "task update" to 20170509-172337-f1aa [/jobs]
socketio: INFO: emitting event "task update" to 20170509-173228-acad [/jobs]
socketio: INFO: emitting event "task update" to 20170509-172350-6fcd [/jobs]
socketio: INFO: emitting event "task update" to 20170509-173357-1ed1 [/jobs]
socketio: INFO: emitting event "task update" to 20170509-172259-8252 [/jobs]
socketio: INFO: emitting event "task update" to 20170509-173322-0807 [/jobs]
socketio: INFO: emitting event "task update" to 20170509-172114-d063 [/jobs]
socketio: INFO: emitting event "task update" to 20170509-172323-89b4 [/jobs]
socketio: INFO: emitting event "task update" to 20170509-174411-45b4 [/jobs]
socketio: INFO: emitting event "task update" to 20170509-173300-0377 [/jobs]
socketio: INFO: emitting event "task update" to 20170509-173245-3417 [/jobs]
socketio: INFO: emitting event "task update" to 20170509-173324-49b0 [/jobs]
socketio: INFO: emitting event "task update" to 20170509-172342-e0ef [/jobs]
socketio: INFO: emitting event "task update" to 20170509-173108-a6ff [/jobs]
socketio: INFO: emitting event "task update" to 20170509-172725-6a13 [/jobs]
socketio: INFO: emitting event "task update" to 20170509-172806-b5bc [/jobs]
socketio: INFO: emitting event "task update" to 20170509-172227-0156 [/jobs]
socketio: INFO: emitting event "task update" to 20170509-174451-4b24 [/jobs]
socketio: INFO: emitting event "task update" to 20170509-172334-9d18 [/jobs]
socketio: INFO: emitting event "task update" to 20170509-173128-33ce [/jobs]
socketio: INFO: emitting event "task update" to 20170509-172347-b92a [/jobs]
socketio: INFO: emitting event "task update" to 20170509-173326-3e6f [/jobs]
socketio: INFO: emitting event "task update" to 20170509-172315-d38b [/jobs]
socketio: INFO: emitting event "task update" to 20170509-174340-86bb [/jobs]
socketio: INFO: emitting event "task update" to 20170509-172516-8f4b [/jobs]
socketio: INFO: emitting event "task update" to 20170509-172352-bfdd [/jobs]
socketio: INFO: emitting event "task update" to 20170509-172412-e6f0 [/jobs]
socketio: INFO: emitting event "task update" to 20170509-173329-1cea [/jobs]
socketio: INFO: emitting event "task update" to 20170509-173229-c795 [/jobs]
socketio: INFO: emitting event "task update" to 20170509-172202-9230 [/jobs]
socketio: INFO: emitting event "task update" to 20170509-173331-d237 [/jobs]
socketio: INFO: emitting event "task update" to 20170509-172317-7da8 [/jobs]
socketio: INFO: emitting event "task update" to 20170509-173008-ee07 [/jobs]
socketio: INFO: emitting event "task update" to 20170509-172210-1907 [/jobs]
socketio: INFO: emitting event "task update" to 20170509-173333-e98b [/jobs]
socketio: INFO: emitting event "task update" to 20170509-172825-84c5 [/jobs]
socketio: INFO: emitting event "task update" to 20170509-173335-6067 [/jobs]
socketio: INFO: emitting event "task update" to 20170509-172147-4505 [/jobs]
socketio: INFO: emitting event "task update" to 20170509-173337-8532 [/jobs]
socketio: INFO: emitting event "task update" to 20170509-172907-6ffa [/jobs]
socketio: INFO: emitting event "task update" to 20170509-174533-2a57 [/jobs]
socketio: INFO: emitting event "task update" to 20170509-172339-dc52 [/jobs]
socketio: INFO: emitting event "task update" to 20170509-172625-e177 [/jobs]
socketio: INFO: emitting event "task update" to 20170509-173316-5f8a [/jobs]
socketio: INFO: emitting event "task update" to 20170509-173318-416e [/jobs]
socketio: INFO: emitting event "task update" to 20170509-173415-8046 [/jobs]
socketio: INFO: emitting event "task update" to 20170509-173027-0946 [/jobs]
socketio: INFO: emitting event "task update" to 20170509-172218-c9c0 [/jobs]
socketio: INFO: emitting event "task update" to 20170509-172328-6826 [/jobs]
socketio: INFO: emitting event "task update" to 20170509-173403-2593 [/jobs]
socketio: INFO: emitting event "task update" to 20170509-174313-cb2c [/jobs]
socketio: INFO: emitting event "task update" to 20170509-172344-9606 [/jobs]
socketio: INFO: emitting event "task update" to 20170509-172430-a33c [/jobs]
socketio: INFO: emitting event "task update" to 20170509-172605-0fd8 [/jobs]
socketio: INFO: emitting event "task update" to 20170509-172706-cfe6 [/jobs]
socketio: INFO: emitting event "task update" to 20170509-173209-48ad [/jobs]
socketio: INFO: emitting event "task update" to 20170509-173320-66e3 [/jobs]
socketio: INFO: emitting event "task update" to 20170509-172927-67d2 [/jobs]
socketio: INFO: emitting event "task update" to 20170509-173515-e8bf [/jobs]
socketio: INFO: emitting event "task update" to 20170509-172524-d7c0 [/jobs]
socketio: INFO: emitting event "task update" to 20170509-172419-2d22 [/jobs]
socketio: INFO: emitting event "task update" to 20170509-172337-f1aa [/jobs]
socketio: INFO: emitting event "task update" to 20170509-173228-acad [/jobs]
socketio: INFO: emitting event "task update" to 20170509-172350-6fcd [/jobs]
socketio: INFO: emitting event "task update" to 20170509-173357-1ed1 [/jobs]
socketio: INFO: emitting event "task update" to 20170509-172259-8252 [/jobs]
socketio: INFO: emitting event "task update" to 20170509-173322-0807 [/jobs]
socketio: INFO: emitting event "task update" to 20170509-172114-d063 [/jobs]
socketio: INFO: emitting event "task update" to 20170509-172323-89b4 [/jobs]
socketio: INFO: emitting event "task update" to 20170509-174411-45b4 [/jobs]
socketio: INFO: emitting event "task update" to 20170509-173300-0377 [/jobs]
socketio: INFO: emitting event "task update" to 20170509-173245-3417 [/jobs]
socketio: INFO: emitting event "task update" to 20170509-173324-49b0 [/jobs]
socketio: INFO: emitting event "task update" to 20170509-172342-e0ef [/jobs]
socketio: INFO: emitting event "task update" to 20170509-173108-a6ff [/jobs]
socketio: INFO: emitting event "task update" to 20170509-172725-6a13 [/jobs]
socketio: INFO: emitting event "task update" to 20170509-172806-b5bc [/jobs]
socketio: INFO: emitting event "task update" to 20170509-172227-0156 [/jobs]
socketio: INFO: emitting event "task update" to 20170509-174451-4b24 [/jobs]
socketio: INFO: emitting event "task update" to 20170509-172334-9d18 [/jobs]
socketio: INFO: emitting event "task update" to 20170509-173128-33ce [/jobs]
socketio: INFO: emitting event "task update" to 20170509-172347-b92a [/jobs]
socketio: INFO: emitting event "task update" to 20170509-173326-3e6f [/jobs]
digits.webapp: WARNING: Infer Model unrecognized output: WARNING: log_file config option not found - no log file is being saved
digits.webapp: WARNING: Infer Model unrecognized output: 2017-05-09 17:45:54 [ERROR] InferenceError: Unable to find snapshot for epoch=-1.0
digits.webapp: WARNING: Infer Model unrecognized output: Traceback (most recent call last):
digits.webapp: WARNING: Infer Model unrecognized output: File "/home/ethan/digits_GAN/digits/tools/inference.py", line 293, in <module>
digits.webapp: WARNING: Infer Model unrecognized output: args['resize']
digits.webapp: WARNING: Infer Model unrecognized output: File "/home/ethan/digits_GAN/digits/tools/inference.py", line 79, in infer
digits.webapp: WARNING: Infer Model unrecognized output: raise InferenceError("Unable to find snapshot for epoch=%s" % repr(epoch))
digits.webapp: WARNING: Infer Model unrecognized output: digits.inference.errors.InferenceError: 'Unable to find snapshot for epoch=-1.0'
socketio: INFO: emitting event "task update" to 20170509-172315-d38b [/jobs]
socketio: INFO: emitting event "task update" to 20170509-174340-86bb [/jobs]
socketio: INFO: emitting event "task update" to 20170509-172516-8f4b [/jobs]
socketio: INFO: emitting event "task update" to 20170509-172352-bfdd [/jobs]
socketio: INFO: emitting event "task update" to 20170509-172412-e6f0 [/jobs]
socketio: INFO: emitting event "task update" to 20170509-173329-1cea [/jobs]
socketio: INFO: emitting event "task update" to 20170509-173229-c795 [/jobs]
socketio: INFO: emitting event "task update" to 20170509-172202-9230 [/jobs]
socketio: INFO: emitting event "task update" to 20170509-173331-d237 [/jobs]
socketio: INFO: emitting event "task update" to 20170509-172317-7da8 [/jobs]
socketio: INFO: emitting event "task update" to 20170509-173008-ee07 [/jobs]
socketio: INFO: emitting event "task update" to 20170509-172210-1907 [/jobs]
socketio: INFO: emitting event "task update" to 20170509-173333-e98b [/jobs]
socketio: INFO: emitting event "task update" to 20170509-172825-84c5 [/jobs]
socketio: INFO: emitting event "task update" to 20170509-173335-6067 [/jobs]
socketio: INFO: emitting event "task update" to 20170509-172147-4505 [/jobs]
socketio: INFO: emitting event "task update" to 20170509-173337-8532 [/jobs]
digits.webapp: ERROR: Infer Model task failed with error code 1
socketio: INFO: emitting event "task update" to 20170509-174551-0d9a [/jobs]
socketio: INFO: emitting event "job update" to 20170509-174551-0d9a [/jobs]
socketio: INFO: emitting event "job update" to job_management [/jobs]
socketio: INFO: emitting event "server update" to job_management [/jobs]
socketio: INFO: emitting event "server update" to job_management [/jobs]
socketio: INFO: emitting event "job update" to 20170509-174551-0d9a [/jobs]
socketio: INFO: emitting event "job update" to job_management [/jobs]
digits: INFO: Job deleted.
socketio: INFO: emitting event "job update" to job_management [/jobs]
--------------------- >> end captured logging << ---------------------

======================================================================
FAIL: digits.model.images.generic.test_views.TestTensorflowCreatedWithImageProcessingExtensionMeanImage.test_infer_one_json
----------------------------------------------------------------------
Traceback (most recent call last):
  File "/home/ethan/.local/lib/python2.7/site-packages/nose/case.py", line 197, in runTest
    self.test(*self.arg)
  File "/home/ethan/digits_GAN/digits/model/images/generic/test_views.py", line 830, in test_infer_one_json
    assert rv.status_code == 200, 'POST failed with %s' % rv.status_code
AssertionError: POST failed with 500
-------------------- >> begin captured logging << --------------------
socketio: INFO: emitting event "job update" to job_management [/jobs]
socketio: INFO: emitting event "task update" to 20170509-172907-6ffa [/jobs]
socketio: INFO: emitting event "task update" to 20170509-174533-2a57 [/jobs]
socketio: INFO: emitting event "task update" to 20170509-172339-dc52 [/jobs]
socketio: INFO: emitting event "task update" to 20170509-172625-e177 [/jobs]
socketio: INFO: emitting event "task update" to 20170509-173316-5f8a [/jobs]
socketio: INFO: emitting event "job update" to 20170509-174554-bb69 [/jobs]
socketio: INFO: emitting event "job update" to job_management [/jobs]
socketio: INFO: emitting event "server update" to job_management [/jobs]
socketio: INFO: emitting event "server update" to job_management [/jobs]
digits.webapp: INFO: Infer Model task started.
socketio: INFO: emitting event "task update" to 20170509-174554-bb69 [/jobs]
socketio: INFO: emitting event "job update" to 20170509-174554-bb69 [/jobs]
socketio: INFO: emitting event "job update" to job_management [/jobs]
digits.webapp: INFO: Task subprocess args: "/usr/bin/python2 /home/ethan/digits_GAN/digits/tools/inference.py /tmp/tmpX3R8Ve/20170509-174554-bb69/tmpwG6Rhk.txt /tmp/tmpX3R8Ve/20170509-174554-bb69 20170509-174533-2a57 --jobs_dir=/tmp/tmpX3R8Ve --layers=none --gpu=0"
socketio: INFO: emitting event "task update" to 20170509-173318-416e [/jobs]
socketio: INFO: emitting event "task update" to 20170509-173415-8046 [/jobs]
socketio: INFO: emitting event "task update" to 20170509-173027-0946 [/jobs]
socketio: INFO: emitting event "task update" to 20170509-172218-c9c0 [/jobs]
socketio: INFO: emitting event "task update" to 20170509-172328-6826 [/jobs]
socketio: INFO: emitting event "task update" to 20170509-173403-2593 [/jobs]
socketio: INFO: emitting event "task update" to 20170509-174313-cb2c [/jobs]
socketio: INFO: emitting event "task update" to 20170509-172344-9606 [/jobs]
socketio: INFO: emitting event "task update" to 20170509-172430-a33c [/jobs]
socketio: INFO: emitting event "task update" to 20170509-172605-0fd8 [/jobs]
socketio: INFO: emitting event "task update" to 20170509-172706-cfe6 [/jobs]
socketio: INFO: emitting event "task update" to 20170509-173209-48ad [/jobs]
socketio: INFO: emitting event "task update" to 20170509-173320-66e3 [/jobs]
socketio: INFO: emitting event "task update" to 20170509-172927-67d2 [/jobs]
socketio: INFO: emitting event "task update" to 20170509-173515-e8bf [/jobs]
socketio: INFO: emitting event "task update" to 20170509-172524-d7c0 [/jobs]
socketio: INFO: emitting event "task update" to 20170509-172419-2d22 [/jobs]
socketio: INFO: emitting event "task update" to 20170509-172337-f1aa [/jobs]
socketio: INFO: emitting event "task update" to 20170509-173228-acad [/jobs]
socketio: INFO: emitting event "task update" to 20170509-172350-6fcd [/jobs]
socketio: INFO: emitting event "task update" to 20170509-173357-1ed1 [/jobs]
socketio: INFO: emitting event "task update" to 20170509-172259-8252 [/jobs]
socketio: INFO: emitting event "task update" to 20170509-173322-0807 [/jobs]
socketio: INFO: emitting event "task update" to 20170509-172114-d063 [/jobs]
socketio: INFO: emitting event "task update" to 20170509-172323-89b4 [/jobs]
socketio: INFO: emitting event "task update" to 20170509-174411-45b4 [/jobs]
socketio: INFO: emitting event "task update" to 20170509-173300-0377 [/jobs]
socketio: INFO: emitting event "task update" to 20170509-173245-3417 [/jobs]
socketio: INFO: emitting event "task update" to 20170509-173324-49b0 [/jobs]
socketio: INFO: emitting event "task update" to 20170509-172342-e0ef [/jobs]
socketio: INFO: emitting event "task update" to 20170509-173108-a6ff [/jobs]
socketio: INFO: emitting event "task update" to 20170509-172725-6a13 [/jobs]
socketio: INFO: emitting event "task update" to 20170509-172806-b5bc [/jobs]
socketio: INFO: emitting event "task update" to 20170509-172227-0156 [/jobs]
socketio: INFO: emitting event "task update" to 20170509-174451-4b24 [/jobs]
socketio: INFO: emitting event "task update" to 20170509-172334-9d18 [/jobs]
socketio: INFO: emitting event "task update" to 20170509-173128-33ce [/jobs]
socketio: INFO: emitting event "task update" to 20170509-172347-b92a [/jobs]
socketio: INFO: emitting event "task update" to 20170509-173326-3e6f [/jobs]
socketio: INFO: emitting event "task update" to 20170509-172315-d38b [/jobs]
socketio: INFO: emitting event "task update" to 20170509-174340-86bb [/jobs]
socketio: INFO: emitting event "task update" to 20170509-172516-8f4b [/jobs]
socketio: INFO: emitting event "task update" to 20170509-172352-bfdd [/jobs]
socketio: INFO: emitting event "task update" to 20170509-172412-e6f0 [/jobs]
socketio: INFO: emitting event "task update" to 20170509-173329-1cea [/jobs]
socketio: INFO: emitting event "task update" to 20170509-173229-c795 [/jobs]
socketio: INFO: emitting event "task update" to 20170509-172202-9230 [/jobs]
socketio: INFO: emitting event "task update" to 20170509-173331-d237 [/jobs]
socketio: INFO: emitting event "task update" to 20170509-172317-7da8 [/jobs]
socketio: INFO: emitting event "task update" to 20170509-173008-ee07 [/jobs]
socketio: INFO: emitting event "task update" to 20170509-172210-1907 [/jobs]
socketio: INFO: emitting event "task update" to 20170509-173333-e98b [/jobs]
socketio: INFO: emitting event "task update" to 20170509-172825-84c5 [/jobs]
socketio: INFO: emitting event "task update" to 20170509-173335-6067 [/jobs]
socketio: INFO: emitting event "task update" to 20170509-172147-4505 [/jobs]
socketio: INFO: emitting event "task update" to 20170509-173337-8532 [/jobs]
socketio: INFO: emitting event "task update" to 20170509-172907-6ffa [/jobs]
socketio: INFO: emitting event "task update" to 20170509-174533-2a57 [/jobs]
socketio: INFO: emitting event "task update" to 20170509-172339-dc52 [/jobs]
socketio: INFO: emitting event "task update" to 20170509-172625-e177 [/jobs]
socketio: INFO: emitting event "task update" to 20170509-173316-5f8a [/jobs]
socketio: INFO: emitting event "task update" to 20170509-173318-416e [/jobs]
socketio: INFO: emitting event "task update" to 20170509-173415-8046 [/jobs]
socketio: INFO: emitting event "task update" to 20170509-173027-0946 [/jobs]
socketio: INFO: emitting event "task update" to 20170509-172218-c9c0 [/jobs]
socketio: INFO: emitting event "task update" to 20170509-172328-6826 [/jobs]
socketio: INFO: emitting event "task update" to 20170509-173403-2593 [/jobs]
socketio: INFO: emitting event "task update" to 20170509-174313-cb2c [/jobs]
socketio: INFO: emitting event "task update" to 20170509-172344-9606 [/jobs]
socketio: INFO: emitting event "task update" to 20170509-172430-a33c [/jobs]
socketio: INFO: emitting event "task update" to 20170509-172605-0fd8 [/jobs]
socketio: INFO: emitting event "task update" to 20170509-172706-cfe6 [/jobs]
socketio: INFO: emitting event "task update" to 20170509-173209-48ad [/jobs]
socketio: INFO: emitting event "task update" to 20170509-173320-66e3 [/jobs]
socketio: INFO: emitting event "task update" to 20170509-172927-67d2 [/jobs]
socketio: INFO: emitting event "task update" to 20170509-173515-e8bf [/jobs]
socketio: INFO: emitting event "task update" to 20170509-172524-d7c0 [/jobs]
socketio: INFO: emitting event "task update" to 20170509-172419-2d22 [/jobs]
socketio: INFO: emitting event "task update" to 20170509-172337-f1aa [/jobs]
socketio: INFO: emitting event "task update" to 20170509-173228-acad [/jobs]
socketio: INFO: emitting event "task update" to 20170509-172350-6fcd [/jobs]
socketio: INFO: emitting event "task update" to 20170509-173357-1ed1 [/jobs]
socketio: INFO: emitting event "task update" to 20170509-172259-8252 [/jobs]
socketio: INFO: emitting event "task update" to 20170509-173322-0807 [/jobs]
socketio: INFO: emitting event "task update" to 20170509-172114-d063 [/jobs]
socketio: INFO: emitting event "task update" to 20170509-172323-89b4 [/jobs]
socketio: INFO: emitting event "task update" to 20170509-174411-45b4 [/jobs]
socketio: INFO: emitting event "task update" to 20170509-173300-0377 [/jobs]
socketio: INFO: emitting event "task update" to 20170509-173245-3417 [/jobs]
socketio: INFO: emitting event "task update" to 20170509-173324-49b0 [/jobs]
socketio: INFO: emitting event "task update" to 20170509-172342-e0ef [/jobs]
socketio: INFO: emitting event "task update" to 20170509-173108-a6ff [/jobs]
socketio: INFO: emitting event "task update" to 20170509-172725-6a13 [/jobs]
socketio: INFO: emitting event "task update" to 20170509-172806-b5bc [/jobs]
socketio: INFO: emitting event "task update" to 20170509-172227-0156 [/jobs]
socketio: INFO: emitting event "task update" to 20170509-174451-4b24 [/jobs]
socketio: INFO: emitting event "task update" to 20170509-172334-9d18 [/jobs]
socketio: INFO: emitting event "task update" to 20170509-173128-33ce [/jobs]
socketio: INFO: emitting event "task update" to 20170509-172347-b92a [/jobs]
socketio: INFO: emitting event "task update" to 20170509-173326-3e6f [/jobs]
socketio: INFO: emitting event "task update" to 20170509-172315-d38b [/jobs]
socketio: INFO: emitting event "task update" to 20170509-174340-86bb [/jobs]
socketio: INFO: emitting event "task update" to 20170509-172516-8f4b [/jobs]
socketio: INFO: emitting event "task update" to 20170509-172352-bfdd [/jobs]
socketio: INFO: emitting event "task update" to 20170509-172412-e6f0 [/jobs]
socketio: INFO: emitting event "task update" to 20170509-173329-1cea [/jobs]
socketio: INFO: emitting event "task update" to 20170509-173229-c795 [/jobs]
socketio: INFO: emitting event "task update" to 20170509-172202-9230 [/jobs]
socketio: INFO: emitting event "task update" to 20170509-173331-d237 [/jobs]
socketio: INFO: emitting event "task update" to 20170509-172317-7da8 [/jobs]
socketio: INFO: emitting event "task update" to 20170509-173008-ee07 [/jobs]
socketio: INFO: emitting event "task update" to 20170509-172210-1907 [/jobs]
socketio: INFO: emitting event "task update" to 20170509-173333-e98b [/jobs]
socketio: INFO: emitting event "task update" to 20170509-172825-84c5 [/jobs]
socketio: INFO: emitting event "task update" to 20170509-173335-6067 [/jobs]
socketio: INFO: emitting event "task update" to 20170509-172147-4505 [/jobs]
socketio: INFO: emitting event "task update" to 20170509-173337-8532 [/jobs]
socketio: INFO: emitting event "task update" to 20170509-172907-6ffa [/jobs]
socketio: INFO: emitting event "task update" to 20170509-174533-2a57 [/jobs]
socketio: INFO: emitting event "task update" to 20170509-172339-dc52 [/jobs]
socketio: INFO: emitting event "task update" to 20170509-172625-e177 [/jobs]
socketio: INFO: emitting event "task update" to 20170509-173316-5f8a [/jobs]
socketio: INFO: emitting event "task update" to 20170509-173318-416e [/jobs]
socketio: INFO: emitting event "task update" to 20170509-173415-8046 [/jobs]
socketio: INFO: emitting event "task update" to 20170509-173027-0946 [/jobs]
socketio: INFO: emitting event "task update" to 20170509-172218-c9c0 [/jobs]
socketio: INFO: emitting event "task update" to 20170509-172328-6826 [/jobs]
socketio: INFO: emitting event "task update" to 20170509-173403-2593 [/jobs]
socketio: INFO: emitting event "task update" to 20170509-174313-cb2c [/jobs]
socketio: INFO: emitting event "task update" to 20170509-172344-9606 [/jobs]
socketio: INFO: emitting event "task update" to 20170509-172430-a33c [/jobs]
socketio: INFO: emitting event "task update" to 20170509-172605-0fd8 [/jobs]
socketio: INFO: emitting event "task update" to 20170509-172706-cfe6 [/jobs]
socketio: INFO: emitting event "task update" to 20170509-173209-48ad [/jobs]
socketio: INFO: emitting event "task update" to 20170509-173320-66e3 [/jobs]
socketio: INFO: emitting event "task update" to 20170509-172927-67d2 [/jobs]
socketio: INFO: emitting event "task update" to 20170509-173515-e8bf [/jobs]
socketio: INFO: emitting event "task update" to 20170509-172524-d7c0 [/jobs]
socketio: INFO: emitting event "task update" to 20170509-172419-2d22 [/jobs]
socketio: INFO: emitting event "task update" to 20170509-172337-f1aa [/jobs]
socketio: INFO: emitting event "task update" to 20170509-173228-acad [/jobs]
socketio: INFO: emitting event "task update" to 20170509-172350-6fcd [/jobs]
socketio: INFO: emitting event "task update" to 20170509-173357-1ed1 [/jobs]
socketio: INFO: emitting event "task update" to 20170509-172259-8252 [/jobs]
socketio: INFO: emitting event "task update" to 20170509-173322-0807 [/jobs]
socketio: INFO: emitting event "task update" to 20170509-172114-d063 [/jobs]
socketio: INFO: emitting event "task update" to 20170509-172323-89b4 [/jobs]
socketio: INFO: emitting event "task update" to 20170509-174411-45b4 [/jobs]
socketio: INFO: emitting event "task update" to 20170509-173300-0377 [/jobs]
socketio: INFO: emitting event "task update" to 20170509-173245-3417 [/jobs]
socketio: INFO: emitting event "task update" to 20170509-173324-49b0 [/jobs]
socketio: INFO: emitting event "task update" to 20170509-172342-e0ef [/jobs]
socketio: INFO: emitting event "task update" to 20170509-173108-a6ff [/jobs]
socketio: INFO: emitting event "task update" to 20170509-172725-6a13 [/jobs]
socketio: INFO: emitting event "task update" to 20170509-172806-b5bc [/jobs]
socketio: INFO: emitting event "task update" to 20170509-172227-0156 [/jobs]
socketio: INFO: emitting event "task update" to 20170509-174451-4b24 [/jobs]
socketio: INFO: emitting event "task update" to 20170509-172334-9d18 [/jobs]
socketio: INFO: emitting event "task update" to 20170509-173128-33ce [/jobs]
digits.webapp: WARNING: Infer Model unrecognized output: WARNING: log_file config option not found - no log file is being saved
digits.webapp: WARNING: Infer Model unrecognized output: 2017-05-09 17:45:57 [ERROR] InferenceError: Unable to find snapshot for epoch=-1.0
digits.webapp: WARNING: Infer Model unrecognized output: Traceback (most recent call last):
digits.webapp: WARNING: Infer Model unrecognized output: File "/home/ethan/digits_GAN/digits/tools/inference.py", line 293, in <module>
digits.webapp: WARNING: Infer Model unrecognized output: args['resize']
digits.webapp: WARNING: Infer Model unrecognized output: File "/home/ethan/digits_GAN/digits/tools/inference.py", line 79, in infer
digits.webapp: WARNING: Infer Model unrecognized output: raise InferenceError("Unable to find snapshot for epoch=%s" % repr(epoch))
digits.webapp: WARNING: Infer Model unrecognized output: digits.inference.errors.InferenceError: 'Unable to find snapshot for epoch=-1.0'
socketio: INFO: emitting event "task update" to 20170509-172347-b92a [/jobs]
socketio: INFO: emitting event "task update" to 20170509-173326-3e6f [/jobs]
socketio: INFO: emitting event "task update" to 20170509-172315-d38b [/jobs]
socketio: INFO: emitting event "task update" to 20170509-174340-86bb [/jobs]
socketio: INFO: emitting event "task update" to 20170509-172516-8f4b [/jobs]
socketio: INFO: emitting event "task update" to 20170509-172352-bfdd [/jobs]
digits.webapp: ERROR: Infer Model task failed with error code 1
socketio: INFO: emitting event "task update" to 20170509-174554-bb69 [/jobs]
socketio: INFO: emitting event "job update" to 20170509-174554-bb69 [/jobs]
socketio: INFO: emitting event "job update" to job_management [/jobs]
socketio: INFO: emitting event "server update" to job_management [/jobs]
socketio: INFO: emitting event "server update" to job_management [/jobs]
socketio: INFO: emitting event "job update" to 20170509-174554-bb69 [/jobs]
socketio: INFO: emitting event "job update" to job_management [/jobs]
digits: INFO: Job deleted.
socketio: INFO: emitting event "job update" to job_management [/jobs]
--------------------- >> end captured logging << ---------------------

======================================================================
FAIL: digits.model.images.generic.test_views.TestTensorflowCreatedWithImageProcessingExtensionMeanImage.test_model_json
----------------------------------------------------------------------
Traceback (most recent call last):
  File "/home/ethan/.local/lib/python2.7/site-packages/nose/case.py", line 197, in runTest
    self.test(*self.arg)
  File "/home/ethan/digits_GAN/digits/model/images/generic/test_views.py", line 562, in test_model_json
    assert len(content['snapshots']) > 0, 'no snapshots in list'
AssertionError: no snapshots in list

======================================================================
FAIL: digits.model.images.generic.test_views.TestTensorflowCreatedWithImageProcessingExtensionMeanNone.test_download('tar',)
----------------------------------------------------------------------
Traceback (most recent call last):
  File "/home/ethan/.local/lib/python2.7/site-packages/nose/case.py", line 197, in runTest
    self.test(*self.arg)
  File "/home/ethan/digits_GAN/digits/model/images/generic/test_views.py", line 544, in check_download
    assert rv.status_code == 200, 'download "%s" failed with %s' % (url, rv.status_code)
AssertionError: download "/models/20170509-174604-6d86/download.tar" failed with 500
-------------------- >> begin captured logging << --------------------
socketio: INFO: emitting event "job update" to job_management [/jobs]
socketio: INFO: emitting event "task update" to 20170509-172412-e6f0 [/jobs]
socketio: INFO: emitting event "task update" to 20170509-173329-1cea [/jobs]
socketio: INFO: emitting event "task update" to 20170509-173229-c795 [/jobs]
socketio: INFO: emitting event "task update" to 20170509-172202-9230 [/jobs]
socketio: INFO: emitting event "task update" to 20170509-173331-d237 [/jobs]
socketio: INFO: emitting event "task update" to 20170509-172317-7da8 [/jobs]
socketio: INFO: emitting event "task update" to 20170509-173008-ee07 [/jobs]
socketio: INFO: emitting event "task update" to 20170509-172210-1907 [/jobs]
socketio: INFO: emitting event "task update" to 20170509-173333-e98b [/jobs]
socketio: INFO: emitting event "task update" to 20170509-172825-84c5 [/jobs]
socketio: INFO: emitting event "task update" to 20170509-173335-6067 [/jobs]
socketio: INFO: emitting event "task update" to 20170509-172147-4505 [/jobs]
socketio: INFO: emitting event "task update" to 20170509-173337-8532 [/jobs]
socketio: INFO: emitting event "job update" to 20170509-174557-4a3e [/jobs]
socketio: INFO: emitting event "job update" to job_management [/jobs]
socketio: INFO: emitting event "server update" to job_management [/jobs]
socketio: INFO: emitting event "server update" to job_management [/jobs]
socketio: INFO: emitting event "task update" to 20170509-174557-4a3e [/jobs]
socketio: INFO: emitting event "job update" to 20170509-174557-4a3e [/jobs]
socketio: INFO: emitting event "job update" to job_management [/jobs]
digits.webapp: INFO: Create train_db DB task started.
socketio: INFO: emitting event "task update" to 20170509-174557-4a3e [/jobs]
socketio: INFO: emitting event "job update" to 20170509-174557-4a3e [/jobs]
socketio: INFO: emitting event "job update" to job_management [/jobs]
digits.webapp: INFO: Task subprocess args: "/usr/bin/python2 /home/ethan/digits_GAN/digits/tools/create_generic_db.py 20170509-174557-4a3e --stage=train_db --jobs_dir=/tmp/tmpX3R8Ve"
digits.webapp: INFO: Create val_db DB task started.
socketio: INFO: emitting event "task update" to 20170509-174557-4a3e [/jobs]
socketio: INFO: emitting event "job update" to 20170509-174557-4a3e [/jobs]
socketio: INFO: emitting event "job update" to job_management [/jobs]
digits.webapp: INFO: Task subprocess args: "/usr/bin/python2 /home/ethan/digits_GAN/digits/tools/create_generic_db.py 20170509-174557-4a3e --stage=val_db --jobs_dir=/tmp/tmpX3R8Ve"
socketio: INFO: emitting event "task update" to 20170509-172907-6ffa [/jobs]
socketio: INFO: emitting event "task update" to 20170509-174533-2a57 [/jobs]
socketio: INFO: emitting event "task update" to 20170509-172339-dc52 [/jobs]
socketio: INFO: emitting event "task update" to 20170509-172625-e177 [/jobs]
socketio: INFO: emitting event "task update" to 20170509-173316-5f8a [/jobs]
socketio: INFO: emitting event "task update" to 20170509-173318-416e [/jobs]
socketio: INFO: emitting event "task update" to 20170509-173415-8046 [/jobs]
socketio: INFO: emitting event "task update" to 20170509-173027-0946 [/jobs]
socketio: INFO: emitting event "task update" to 20170509-172218-c9c0 [/jobs]
socketio: INFO: emitting event "task update" to 20170509-172328-6826 [/jobs]
socketio: INFO: emitting event "task update" to 20170509-173403-2593 [/jobs]
socketio: INFO: emitting event "task update" to 20170509-174313-cb2c [/jobs]
socketio: INFO: emitting event "task update" to 20170509-172344-9606 [/jobs]
socketio: INFO: emitting event "task update" to 20170509-172430-a33c [/jobs]
socketio: INFO: emitting event "task update" to 20170509-172605-0fd8 [/jobs]
socketio: INFO: emitting event "task update" to 20170509-172706-cfe6 [/jobs]
socketio: INFO: emitting event "task update" to 20170509-173209-48ad [/jobs]
socketio: INFO: emitting event "task update" to 20170509-173320-66e3 [/jobs]
socketio: INFO: emitting event "task update" to 20170509-172927-67d2 [/jobs]
socketio: INFO: emitting event "task update" to 20170509-173515-e8bf [/jobs]
socketio: INFO: emitting event "task update" to 20170509-172524-d7c0 [/jobs]
socketio: INFO: emitting event "task update" to 20170509-172419-2d22 [/jobs]
socketio: INFO: emitting event "task update" to 20170509-172337-f1aa [/jobs]
socketio: INFO: emitting event "task update" to 20170509-173228-acad [/jobs]
socketio: INFO: emitting event "task update" to 20170509-172350-6fcd [/jobs]
socketio: INFO: emitting event "task update" to 20170509-173357-1ed1 [/jobs]
socketio: INFO: emitting event "task update" to 20170509-172259-8252 [/jobs]
socketio: INFO: emitting event "task update" to 20170509-173322-0807 [/jobs]
socketio: INFO: emitting event "task update" to 20170509-172114-d063 [/jobs]
socketio: INFO: emitting event "task update" to 20170509-172323-89b4 [/jobs]
socketio: INFO: emitting event "task update" to 20170509-174411-45b4 [/jobs]
socketio: INFO: emitting event "task update" to 20170509-173300-0377 [/jobs]
socketio: INFO: emitting event "task update" to 20170509-173245-3417 [/jobs]
socketio: INFO: emitting event "task update" to 20170509-173324-49b0 [/jobs]
socketio: INFO: emitting event "task update" to 20170509-172342-e0ef [/jobs]
socketio: INFO: emitting event "task update" to 20170509-173108-a6ff [/jobs]
socketio: INFO: emitting event "task update" to 20170509-172725-6a13 [/jobs]
socketio: INFO: emitting event "task update" to 20170509-172806-b5bc [/jobs]
socketio: INFO: emitting event "task update" to 20170509-172227-0156 [/jobs]
socketio: INFO: emitting event "task update" to 20170509-174451-4b24 [/jobs]
socketio: INFO: emitting event "task update" to 20170509-172334-9d18 [/jobs]
socketio: INFO: emitting event "task update" to 20170509-173128-33ce [/jobs]
socketio: INFO: emitting event "task update" to 20170509-172347-b92a [/jobs]
socketio: INFO: emitting event "task update" to 20170509-173326-3e6f [/jobs]
socketio: INFO: emitting event "task update" to 20170509-172315-d38b [/jobs]
socketio: INFO: emitting event "task update" to 20170509-174340-86bb [/jobs]
socketio: INFO: emitting event "task update" to 20170509-172516-8f4b [/jobs]
socketio: INFO: emitting event "task update" to 20170509-172352-bfdd [/jobs]
socketio: INFO: emitting event "task update" to 20170509-172412-e6f0 [/jobs]
socketio: INFO: emitting event "task update" to 20170509-173329-1cea [/jobs]
socketio: INFO: emitting event "task update" to 20170509-173229-c795 [/jobs]
socketio: INFO: emitting event "task update" to 20170509-172202-9230 [/jobs]
socketio: INFO: emitting event "task update" to 20170509-173331-d237 [/jobs]
socketio: INFO: emitting event "task update" to 20170509-172317-7da8 [/jobs]
socketio: INFO: emitting event "task update" to 20170509-173008-ee07 [/jobs]
socketio: INFO: emitting event "task update" to 20170509-172210-1907 [/jobs]
socketio: INFO: emitting event "task update" to 20170509-173333-e98b [/jobs]
socketio: INFO: emitting event "task update" to 20170509-172825-84c5 [/jobs]
socketio: INFO: emitting event "task update" to 20170509-173335-6067 [/jobs]
socketio: INFO: emitting event "task update" to 20170509-172147-4505 [/jobs]
socketio: INFO: emitting event "task update" to 20170509-173337-8532 [/jobs]
socketio: INFO: emitting event "task update" to 20170509-172907-6ffa [/jobs]
socketio: INFO: emitting event "task update" to 20170509-174533-2a57 [/jobs]
socketio: INFO: emitting event "task update" to 20170509-172339-dc52 [/jobs]
socketio: INFO: emitting event "task update" to 20170509-172625-e177 [/jobs]
socketio: INFO: emitting event "task update" to 20170509-173316-5f8a [/jobs]
socketio: INFO: emitting event "task update" to 20170509-173318-416e [/jobs]
socketio: INFO: emitting event "task update" to 20170509-173415-8046 [/jobs]
socketio: INFO: emitting event "task update" to 20170509-173027-0946 [/jobs]
socketio: INFO: emitting event "task update" to 20170509-172218-c9c0 [/jobs]
socketio: INFO: emitting event "task update" to 20170509-172328-6826 [/jobs]
socketio: INFO: emitting event "task update" to 20170509-173403-2593 [/jobs]
socketio: INFO: emitting event "task update" to 20170509-174313-cb2c [/jobs]
socketio: INFO: emitting event "task update" to 20170509-172344-9606 [/jobs]
socketio: INFO: emitting event "task update" to 20170509-172430-a33c [/jobs]
socketio: INFO: emitting event "task update" to 20170509-172605-0fd8 [/jobs]
socketio: INFO: emitting event "task update" to 20170509-172706-cfe6 [/jobs]
socketio: INFO: emitting event "task update" to 20170509-173209-48ad [/jobs]
socketio: INFO: emitting event "task update" to 20170509-173320-66e3 [/jobs]
socketio: INFO: emitting event "task update" to 20170509-172927-67d2 [/jobs]
socketio: INFO: emitting event "task update" to 20170509-173515-e8bf [/jobs]
socketio: INFO: emitting event "task update" to 20170509-172524-d7c0 [/jobs]
socketio: INFO: emitting event "task update" to 20170509-172419-2d22 [/jobs]
socketio: INFO: emitting event "task update" to 20170509-172337-f1aa [/jobs]
socketio: INFO: emitting event "task update" to 20170509-173228-acad [/jobs]
socketio: INFO: emitting event "task update" to 20170509-172350-6fcd [/jobs]
socketio: INFO: emitting event "task update" to 20170509-173357-1ed1 [/jobs]
socketio: INFO: emitting event "task update" to 20170509-172259-8252 [/jobs]
socketio: INFO: emitting event "task update" to 20170509-173322-0807 [/jobs]
socketio: INFO: emitting event "task update" to 20170509-172114-d063 [/jobs]
socketio: INFO: emitting event "task update" to 20170509-172323-89b4 [/jobs]
socketio: INFO: emitting event "task update" to 20170509-174411-45b4 [/jobs]
socketio: INFO: emitting event "task update" to 20170509-173300-0377 [/jobs]
socketio: INFO: emitting event "task update" to 20170509-173245-3417 [/jobs]
socketio: INFO: emitting event "task update" to 20170509-173324-49b0 [/jobs]
socketio: INFO: emitting event "task update" to 20170509-172342-e0ef [/jobs]
socketio: INFO: emitting event "task update" to 20170509-173108-a6ff [/jobs]
socketio: INFO: emitting event "task update" to 20170509-172725-6a13 [/jobs]
socketio: INFO: emitting event "task update" to 20170509-172806-b5bc [/jobs]
socketio: INFO: emitting event "task update" to 20170509-172227-0156 [/jobs]
socketio: INFO: emitting event "task update" to 20170509-174451-4b24 [/jobs]
socketio: INFO: emitting event "task update" to 20170509-172334-9d18 [/jobs]
socketio: INFO: emitting event "task update" to 20170509-173128-33ce [/jobs]
socketio: INFO: emitting event "task update" to 20170509-172347-b92a [/jobs]
socketio: INFO: emitting event "task update" to 20170509-173326-3e6f [/jobs]
socketio: INFO: emitting event "task update" to 20170509-172315-d38b [/jobs]
socketio: INFO: emitting event "task update" to 20170509-174340-86bb [/jobs]
socketio: INFO: emitting event "task update" to 20170509-172516-8f4b [/jobs]
socketio: INFO: emitting event "task update" to 20170509-172352-bfdd [/jobs]
socketio: INFO: emitting event "task update" to 20170509-172412-e6f0 [/jobs]
socketio: INFO: emitting event "task update" to 20170509-173329-1cea [/jobs]
socketio: INFO: emitting event "task update" to 20170509-173229-c795 [/jobs]
socketio: INFO: emitting event "task update" to 20170509-172202-9230 [/jobs]
socketio: INFO: emitting event "task update" to 20170509-173331-d237 [/jobs]
socketio: INFO: emitting event "task update" to 20170509-172317-7da8 [/jobs]
socketio: INFO: emitting event "task update" to 20170509-173008-ee07 [/jobs]
socketio: INFO: emitting event "task update" to 20170509-172210-1907 [/jobs]
socketio: INFO: emitting event "task update" to 20170509-173333-e98b [/jobs]
socketio: INFO: emitting event "task update" to 20170509-172825-84c5 [/jobs]
socketio: INFO: emitting event "task update" to 20170509-173335-6067 [/jobs]
socketio: INFO: emitting event "task update" to 20170509-172147-4505 [/jobs]
socketio: INFO: emitting event "task update" to 20170509-173337-8532 [/jobs]
socketio: INFO: emitting event "task update" to 20170509-172907-6ffa [/jobs]
socketio: INFO: emitting event "task update" to 20170509-174533-2a57 [/jobs]
socketio: INFO: emitting event "task update" to 20170509-172339-dc52 [/jobs]
socketio: INFO: emitting event "task update" to 20170509-172625-e177 [/jobs]
socketio: INFO: emitting event "task update" to 20170509-173316-5f8a [/jobs]
socketio: INFO: emitting event "task update" to 20170509-173318-416e [/jobs]
socketio: INFO: emitting event "task update" to 20170509-173415-8046 [/jobs]
socketio: INFO: emitting event "task update" to 20170509-173027-0946 [/jobs]
socketio: INFO: emitting event "task update" to 20170509-172218-c9c0 [/jobs]
socketio: INFO: emitting event "task update" to 20170509-172328-6826 [/jobs]
socketio: INFO: emitting event "task update" to 20170509-173403-2593 [/jobs]
socketio: INFO: emitting event "task update" to 20170509-174313-cb2c [/jobs]
socketio: INFO: emitting event "task update" to 20170509-172344-9606 [/jobs]
socketio: INFO: emitting event "task update" to 20170509-172430-a33c [/jobs]
socketio: INFO: emitting event "task update" to 20170509-172605-0fd8 [/jobs]
socketio: INFO: emitting event "task update" to 20170509-172706-cfe6 [/jobs]
socketio: INFO: emitting event "task update" to 20170509-173209-48ad [/jobs]
socketio: INFO: emitting event "task update" to 20170509-173320-66e3 [/jobs]
socketio: INFO: emitting event "task update" to 20170509-172927-67d2 [/jobs]
socketio: INFO: emitting event "task update" to 20170509-173515-e8bf [/jobs]
socketio: INFO: emitting event "task update" to 20170509-172524-d7c0 [/jobs]
socketio: INFO: emitting event "task update" to 20170509-172419-2d22 [/jobs]
socketio: INFO: emitting event "task update" to 20170509-172337-f1aa [/jobs]
socketio: INFO: emitting event "task update" to 20170509-173228-acad [/jobs]
socketio: INFO: emitting event "task update" to 20170509-172350-6fcd [/jobs]
socketio: INFO: emitting event "task update" to 20170509-173357-1ed1 [/jobs]
socketio: INFO: emitting event "task update" to 20170509-172259-8252 [/jobs]
socketio: INFO: emitting event "task update" to 20170509-173322-0807 [/jobs]
socketio: INFO: emitting event "task update" to 20170509-172114-d063 [/jobs]
socketio: INFO: emitting event "task update" to 20170509-172323-89b4 [/jobs]
socketio: INFO: emitting event "task update" to 20170509-174411-45b4 [/jobs]
socketio: INFO: emitting event "task update" to 20170509-173300-0377 [/jobs]
socketio: INFO: emitting event "task update" to 20170509-173245-3417 [/jobs]
socketio: INFO: emitting event "task update" to 20170509-173324-49b0 [/jobs]
socketio: INFO: emitting event "task update" to 20170509-172342-e0ef [/jobs]
socketio: INFO: emitting event "task update" to 20170509-173108-a6ff [/jobs]
socketio: INFO: emitting event "task update" to 20170509-172725-6a13 [/jobs]
socketio: INFO: emitting event "task update" to 20170509-172806-b5bc [/jobs]
socketio: INFO: emitting event "task update" to 20170509-172227-0156 [/jobs]
socketio: INFO: emitting event "task update" to 20170509-174451-4b24 [/jobs]
socketio: INFO: emitting event "task update" to 20170509-172334-9d18 [/jobs]
socketio: INFO: emitting event "task update" to 20170509-173128-33ce [/jobs]
socketio: INFO: emitting event "task update" to 20170509-172347-b92a [/jobs]
socketio: INFO: emitting event "task update" to 20170509-173326-3e6f [/jobs]
socketio: INFO: emitting event "task update" to 20170509-172315-d38b [/jobs]
socketio: INFO: emitting event "task update" to 20170509-174340-86bb [/jobs]
socketio: INFO: emitting event "task update" to 20170509-172516-8f4b [/jobs]
socketio: INFO: emitting event "task update" to 20170509-172352-bfdd [/jobs]
digits.webapp: WARNING: Create train_db DB unrecognized output: WARNING: log_file config option not found - no log file is being saved
digits.webapp: WARNING: Create val_db DB unrecognized output: WARNING: log_file config option not found - no log file is being saved
socketio: INFO: emitting event "task update" to 20170509-174557-4a3e [/jobs]
socketio: INFO: emitting event "job update" to job_management [/jobs]
socketio: INFO: emitting event "task update" to 20170509-174557-4a3e [/jobs]
socketio: INFO: emitting event "job update" to job_management [/jobs]
socketio: INFO: emitting event "task update" to 20170509-172412-e6f0 [/jobs]
socketio: INFO: emitting event "task update" to 20170509-173329-1cea [/jobs]
socketio: INFO: emitting event "task update" to 20170509-173229-c795 [/jobs]
socketio: INFO: emitting event "task update" to 20170509-172202-9230 [/jobs]
socketio: INFO: emitting event "task update" to 20170509-173331-d237 [/jobs]
socketio: INFO: emitting event "task update" to 20170509-172317-7da8 [/jobs]
socketio: INFO: emitting event "task update" to 20170509-173008-ee07 [/jobs]
socketio: INFO: emitting event "task update" to 20170509-172210-1907 [/jobs]
socketio: INFO: emitting event "task update" to 20170509-173333-e98b [/jobs]
socketio: INFO: emitting event "task update" to 20170509-172825-84c5 [/jobs]
socketio: INFO: emitting event "task update" to 20170509-173335-6067 [/jobs]
socketio: INFO: emitting event "task update" to 20170509-174557-4a3e [/jobs]
socketio: INFO: emitting event "job update" to job_management [/jobs]
socketio: INFO: emitting event "task update" to 20170509-174557-4a3e [/jobs]
socketio: INFO: emitting event "job update" to job_management [/jobs]
digits.webapp: WARNING: Create val_db DB unrecognized output: 2017-05-09 17:46:00 [INFO ] Generic DB creation Done
socketio: INFO: emitting event "task update" to 20170509-172147-4505 [/jobs]
socketio: INFO: emitting event "task update" to 20170509-173337-8532 [/jobs]
socketio: INFO: emitting event "task update" to 20170509-172907-6ffa [/jobs]
socketio: INFO: emitting event "task update" to 20170509-174533-2a57 [/jobs]
socketio: INFO: emitting event "task update" to 20170509-172339-dc52 [/jobs]
socketio: INFO: emitting event "task update" to 20170509-172625-e177 [/jobs]
socketio: INFO: emitting event "task update" to 20170509-173316-5f8a [/jobs]
socketio: INFO: emitting event "task update" to 20170509-173318-416e [/jobs]
socketio: INFO: emitting event "task update" to 20170509-173415-8046 [/jobs]
socketio: INFO: emitting event "task update" to 20170509-173027-0946 [/jobs]
socketio: INFO: emitting event "task update" to 20170509-172218-c9c0 [/jobs]
socketio: INFO: emitting event "task update" to 20170509-172328-6826 [/jobs]
socketio: INFO: emitting event "task update" to 20170509-173403-2593 [/jobs]
socketio: INFO: emitting event "task update" to 20170509-174313-cb2c [/jobs]
socketio: INFO: emitting event "task update" to 20170509-172344-9606 [/jobs]
socketio: INFO: emitting event "task update" to 20170509-172430-a33c [/jobs]
socketio: INFO: emitting event "task update" to 20170509-172605-0fd8 [/jobs]
socketio: INFO: emitting event "task update" to 20170509-172706-cfe6 [/jobs]
socketio: INFO: emitting event "task update" to 20170509-173209-48ad [/jobs]
socketio: INFO: emitting event "task update" to 20170509-173320-66e3 [/jobs]
socketio: INFO: emitting event "task update" to 20170509-172927-67d2 [/jobs]
socketio: INFO: emitting event "task update" to 20170509-173515-e8bf [/jobs]
socketio: INFO: emitting event "task update" to 20170509-172524-d7c0 [/jobs]
socketio: INFO: emitting event "task update" to 20170509-172419-2d22 [/jobs]
socketio: INFO: emitting event "task update" to 20170509-172337-f1aa [/jobs]
digits.webapp: WARNING: Create train_db DB unrecognized output: 2017-05-09 17:46:00 [INFO ] Generic DB creation Done
socketio: INFO: emitting event "task update" to 20170509-173228-acad [/jobs]
socketio: INFO: emitting event "task update" to 20170509-172350-6fcd [/jobs]
socketio: INFO: emitting event "task update" to 20170509-173357-1ed1 [/jobs]
digits.webapp: INFO: Create val_db DB task completed.
socketio: INFO: emitting event "task update" to 20170509-174557-4a3e [/jobs]
socketio: INFO: emitting event "job update" to job_management [/jobs]
socketio: INFO: emitting event "task update" to 20170509-174557-4a3e [/jobs]
socketio: INFO: emitting event "job update" to 20170509-174557-4a3e [/jobs]
socketio: INFO: emitting event "job update" to job_management [/jobs]
socketio: INFO: emitting event "server update" to job_management [/jobs]
socketio: INFO: emitting event "task update" to 20170509-172259-8252 [/jobs]
socketio: INFO: emitting event "task update" to 20170509-173322-0807 [/jobs]
socketio: INFO: emitting event "task update" to 20170509-172114-d063 [/jobs]
socketio: INFO: emitting event "server update" to job_management [/jobs]
digits.webapp: INFO: Create test_db DB task started.
socketio: INFO: emitting event "task update" to 20170509-174557-4a3e [/jobs]
socketio: INFO: emitting event "job update" to 20170509-174557-4a3e [/jobs]
socketio: INFO: emitting event "job update" to job_management [/jobs]
digits.webapp: INFO: Task subprocess args: "/usr/bin/python2 /home/ethan/digits_GAN/digits/tools/create_generic_db.py 20170509-174557-4a3e --stage=test_db --jobs_dir=/tmp/tmpX3R8Ve"
socketio: INFO: emitting event "task update" to 20170509-172323-89b4 [/jobs]
socketio: INFO: emitting event "task update" to 20170509-174411-45b4 [/jobs]
socketio: INFO: emitting event "task update" to 20170509-173300-0377 [/jobs]
digits.webapp: INFO: Create train_db DB task completed.
socketio: INFO: emitting event "task update" to 20170509-174557-4a3e [/jobs]
socketio: INFO: emitting event "job update" to job_management [/jobs]
socketio: INFO: emitting event "task update" to 20170509-174557-4a3e [/jobs]
socketio: INFO: emitting event "job update" to 20170509-174557-4a3e [/jobs]
socketio: INFO: emitting event "job update" to job_management [/jobs]
socketio: INFO: emitting event "server update" to job_management [/jobs]
socketio: INFO: emitting event "task update" to 20170509-173245-3417 [/jobs]
socketio: INFO: emitting event "task update" to 20170509-173324-49b0 [/jobs]
socketio: INFO: emitting event "task update" to 20170509-172342-e0ef [/jobs]
socketio: INFO: emitting event "task update" to 20170509-173108-a6ff [/jobs]
socketio: INFO: emitting event "task update" to 20170509-172725-6a13 [/jobs]
socketio: INFO: emitting event "task update" to 20170509-172806-b5bc [/jobs]
socketio: INFO: emitting event "task update" to 20170509-172227-0156 [/jobs]
socketio: INFO: emitting event "task update" to 20170509-174451-4b24 [/jobs]
socketio: INFO: emitting event "task update" to 20170509-172334-9d18 [/jobs]
socketio: INFO: emitting event "task update" to 20170509-173128-33ce [/jobs]
socketio: INFO: emitting event "task update" to 20170509-172347-b92a [/jobs]
socketio: INFO: emitting event "task update" to 20170509-173326-3e6f [/jobs]
socketio: INFO: emitting event "task update" to 20170509-172315-d38b [/jobs]
socketio: INFO: emitting event "task update" to 20170509-174340-86bb [/jobs]
socketio: INFO: emitting event "task update" to 20170509-172516-8f4b [/jobs]
socketio: INFO: emitting event "task update" to 20170509-172352-bfdd [/jobs]
socketio: INFO: emitting event "task update" to 20170509-172412-e6f0 [/jobs]
socketio: INFO: emitting event "task update" to 20170509-173329-1cea [/jobs]
socketio: INFO: emitting event "task update" to 20170509-173229-c795 [/jobs]
socketio: INFO: emitting event "task update" to 20170509-172202-9230 [/jobs]
socketio: INFO: emitting event "task update" to 20170509-173331-d237 [/jobs]
socketio: INFO: emitting event "task update" to 20170509-172317-7da8 [/jobs]
socketio: INFO: emitting event "task update" to 20170509-173008-ee07 [/jobs]
socketio: INFO: emitting event "task update" to 20170509-172210-1907 [/jobs]
socketio: INFO: emitting event "task update" to 20170509-173333-e98b [/jobs]
socketio: INFO: emitting event "task update" to 20170509-172825-84c5 [/jobs]
socketio: INFO: emitting event "task update" to 20170509-173335-6067 [/jobs]
socketio: INFO: emitting event "task update" to 20170509-172147-4505 [/jobs]
socketio: INFO: emitting event "task update" to 20170509-173337-8532 [/jobs]
socketio: INFO: emitting event "task update" to 20170509-172907-6ffa [/jobs]
socketio: INFO: emitting event "task update" to 20170509-174533-2a57 [/jobs]
socketio: INFO: emitting event "task update" to 20170509-172339-dc52 [/jobs]
socketio: INFO: emitting event "task update" to 20170509-172625-e177 [/jobs]
socketio: INFO: emitting event "task update" to 20170509-173316-5f8a [/jobs]
socketio: INFO: emitting event "task update" to 20170509-173318-416e [/jobs]
socketio: INFO: emitting event "task update" to 20170509-173415-8046 [/jobs]
socketio: INFO: emitting event "task update" to 20170509-173027-0946 [/jobs]
socketio: INFO: emitting event "task update" to 20170509-172218-c9c0 [/jobs]
socketio: INFO: emitting event "task update" to 20170509-172328-6826 [/jobs]
socketio: INFO: emitting event "task update" to 20170509-173403-2593 [/jobs]
socketio: INFO: emitting event "task update" to 20170509-174313-cb2c [/jobs]
socketio: INFO: emitting event "task update" to 20170509-172344-9606 [/jobs]
socketio: INFO: emitting event "task update" to 20170509-172430-a33c [/jobs]
socketio: INFO: emitting event "task update" to 20170509-172605-0fd8 [/jobs]
socketio: INFO: emitting event "task update" to 20170509-172706-cfe6 [/jobs]
socketio: INFO: emitting event "task update" to 20170509-173209-48ad [/jobs]
socketio: INFO: emitting event "task update" to 20170509-173320-66e3 [/jobs]
socketio: INFO: emitting event "task update" to 20170509-172927-67d2 [/jobs]
socketio: INFO: emitting event "task update" to 20170509-173515-e8bf [/jobs]
socketio: INFO: emitting event "task update" to 20170509-172524-d7c0 [/jobs]
socketio: INFO: emitting event "task update" to 20170509-172419-2d22 [/jobs]
socketio: INFO: emitting event "task update" to 20170509-172337-f1aa [/jobs]
socketio: INFO: emitting event "task update" to 20170509-173228-acad [/jobs]
socketio: INFO: emitting event "task update" to 20170509-172350-6fcd [/jobs]
socketio: INFO: emitting event "task update" to 20170509-173357-1ed1 [/jobs]
socketio: INFO: emitting event "task update" to 20170509-172259-8252 [/jobs]
socketio: INFO: emitting event "task update" to 20170509-173322-0807 [/jobs]
socketio: INFO: emitting event "task update" to 20170509-172114-d063 [/jobs]
socketio: INFO: emitting event "task update" to 20170509-172323-89b4 [/jobs]
socketio: INFO: emitting event "task update" to 20170509-174411-45b4 [/jobs]
socketio: INFO: emitting event "task update" to 20170509-173300-0377 [/jobs]
socketio: INFO: emitting event "task update" to 20170509-173245-3417 [/jobs]
socketio: INFO: emitting event "task update" to 20170509-173324-49b0 [/jobs]
socketio: INFO: emitting event "task update" to 20170509-172342-e0ef [/jobs]
socketio: INFO: emitting event "task update" to 20170509-173108-a6ff [/jobs]
socketio: INFO: emitting event "task update" to 20170509-172725-6a13 [/jobs]
socketio: INFO: emitting event "task update" to 20170509-172806-b5bc [/jobs]
socketio: INFO: emitting event "task update" to 20170509-172227-0156 [/jobs]
socketio: INFO: emitting event "task update" to 20170509-174451-4b24 [/jobs]
socketio: INFO: emitting event "task update" to 20170509-172334-9d18 [/jobs]
socketio: INFO: emitting event "task update" to 20170509-173128-33ce [/jobs]
socketio: INFO: emitting event "task update" to 20170509-172347-b92a [/jobs]
socketio: INFO: emitting event "task update" to 20170509-173326-3e6f [/jobs]
socketio: INFO: emitting event "task update" to 20170509-172315-d38b [/jobs]
socketio: INFO: emitting event "task update" to 20170509-174340-86bb [/jobs]
socketio: INFO: emitting event "task update" to 20170509-172516-8f4b [/jobs]
socketio: INFO: emitting event "task update" to 20170509-172352-bfdd [/jobs]
socketio: INFO: emitting event "task update" to 20170509-172412-e6f0 [/jobs]
socketio: INFO: emitting event "task update" to 20170509-173329-1cea [/jobs]
socketio: INFO: emitting event "task update" to 20170509-173229-c795 [/jobs]
socketio: INFO: emitting event "task update" to 20170509-172202-9230 [/jobs]
socketio: INFO: emitting event "task update" to 20170509-173331-d237 [/jobs]
socketio: INFO: emitting event "task update" to 20170509-172317-7da8 [/jobs]
socketio: INFO: emitting event "task update" to 20170509-173008-ee07 [/jobs]
socketio: INFO: emitting event "task update" to 20170509-172210-1907 [/jobs]
socketio: INFO: emitting event "task update" to 20170509-173333-e98b [/jobs]
socketio: INFO: emitting event "task update" to 20170509-172825-84c5 [/jobs]
socketio: INFO: emitting event "task update" to 20170509-173335-6067 [/jobs]
socketio: INFO: emitting event "task update" to 20170509-172147-4505 [/jobs]
socketio: INFO: emitting event "task update" to 20170509-173337-8532 [/jobs]
socketio: INFO: emitting event "task update" to 20170509-172907-6ffa [/jobs]
socketio: INFO: emitting event "task update" to 20170509-174533-2a57 [/jobs]
socketio: INFO: emitting event "task update" to 20170509-172339-dc52 [/jobs]
socketio: INFO: emitting event "task update" to 20170509-172625-e177 [/jobs]
socketio: INFO: emitting event "task update" to 20170509-173316-5f8a [/jobs]
socketio: INFO: emitting event "task update" to 20170509-173318-416e [/jobs]
socketio: INFO: emitting event "task update" to 20170509-173415-8046 [/jobs]
socketio: INFO: emitting event "task update" to 20170509-173027-0946 [/jobs]
socketio: INFO: emitting event "task update" to 20170509-172218-c9c0 [/jobs]
socketio: INFO: emitting event "task update" to 20170509-172328-6826 [/jobs]
socketio: INFO: emitting event "task update" to 20170509-173403-2593 [/jobs]
socketio: INFO: emitting event "task update" to 20170509-174313-cb2c [/jobs]
socketio: INFO: emitting event "task update" to 20170509-172344-9606 [/jobs]
socketio: INFO: emitting event "task update" to 20170509-172430-a33c [/jobs]
socketio: INFO: emitting event "task update" to 20170509-172605-0fd8 [/jobs]
socketio: INFO: emitting event "task update" to 20170509-172706-cfe6 [/jobs]
socketio: INFO: emitting event "task update" to 20170509-173209-48ad [/jobs]
socketio: INFO: emitting event "task update" to 20170509-173320-66e3 [/jobs]
socketio: INFO: emitting event "task update" to 20170509-172927-67d2 [/jobs]
socketio: INFO: emitting event "task update" to 20170509-173515-e8bf [/jobs]
socketio: INFO: emitting event "task update" to 20170509-172524-d7c0 [/jobs]
socketio: INFO: emitting event "task update" to 20170509-172419-2d22 [/jobs]
socketio: INFO: emitting event "task update" to 20170509-172337-f1aa [/jobs]
socketio: INFO: emitting event "task update" to 20170509-173228-acad [/jobs]
socketio: INFO: emitting event "task update" to 20170509-172350-6fcd [/jobs]
socketio: INFO: emitting event "task update" to 20170509-173357-1ed1 [/jobs]
socketio: INFO: emitting event "task update" to 20170509-172259-8252 [/jobs]
socketio: INFO: emitting event "task update" to 20170509-173322-0807 [/jobs]
socketio: INFO: emitting event "task update" to 20170509-172114-d063 [/jobs]
socketio: INFO: emitting event "task update" to 20170509-172323-89b4 [/jobs]
socketio: INFO: emitting event "task update" to 20170509-174411-45b4 [/jobs]
socketio: INFO: emitting event "task update" to 20170509-173300-0377 [/jobs]
socketio: INFO: emitting event "task update" to 20170509-173245-3417 [/jobs]
socketio: INFO: emitting event "task update" to 20170509-173324-49b0 [/jobs]
socketio: INFO: emitting event "task update" to 20170509-172342-e0ef [/jobs]
socketio: INFO: emitting event "task update" to 20170509-173108-a6ff [/jobs]
socketio: INFO: emitting event "task update" to 20170509-172725-6a13 [/jobs]
socketio: INFO: emitting event "task update" to 20170509-172806-b5bc [/jobs]
socketio: INFO: emitting event "task update" to 20170509-172227-0156 [/jobs]
socketio: INFO: emitting event "task update" to 20170509-174451-4b24 [/jobs]
socketio: INFO: emitting event "task update" to 20170509-172334-9d18 [/jobs]
socketio: INFO: emitting event "task update" to 20170509-173128-33ce [/jobs]
socketio: INFO: emitting event "task update" to 20170509-172347-b92a [/jobs]
socketio: INFO: emitting event "task update" to 20170509-173326-3e6f [/jobs]
socketio: INFO: emitting event "task update" to 20170509-172315-d38b [/jobs]
socketio: INFO: emitting event "task update" to 20170509-174340-86bb [/jobs]
socketio: INFO: emitting event "task update" to 20170509-172516-8f4b [/jobs]
socketio: INFO: emitting event "task update" to 20170509-172352-bfdd [/jobs]
socketio: INFO: emitting event "task update" to 20170509-172412-e6f0 [/jobs]
digits.webapp: WARNING: Create test_db DB unrecognized output: WARNING: log_file config option not found - no log file is being saved
digits.webapp: WARNING: Create test_db DB unrecognized output: 2017-05-09 17:46:03 [INFO ] Generic DB creation Done
socketio: INFO: emitting event "task update" to 20170509-173329-1cea [/jobs]
socketio: INFO: emitting event "task update" to 20170509-173229-c795 [/jobs]
socketio: INFO: emitting event "task update" to 20170509-172202-9230 [/jobs]
socketio: INFO: emitting event "task update" to 20170509-173331-d237 [/jobs]
socketio: INFO: emitting event "task update" to 20170509-172317-7da8 [/jobs]
socketio: INFO: emitting event "task update" to 20170509-173008-ee07 [/jobs]
socketio: INFO: emitting event "task update" to 20170509-172210-1907 [/jobs]
socketio: INFO: emitting event "task update" to 20170509-173333-e98b [/jobs]
socketio: INFO: emitting event "task update" to 20170509-172825-84c5 [/jobs]
socketio: INFO: emitting event "task update" to 20170509-173335-6067 [/jobs]
socketio: INFO: emitting event "task update" to 20170509-172147-4505 [/jobs]
socketio: INFO: emitting event "task update" to 20170509-173337-8532 [/jobs]
socketio: INFO: emitting event "task update" to 20170509-172907-6ffa [/jobs]
socketio: INFO: emitting event "task update" to 20170509-174533-2a57 [/jobs]
socketio: INFO: emitting event "task update" to 20170509-172339-dc52 [/jobs]
socketio: INFO: emitting event "task update" to 20170509-172625-e177 [/jobs]
socketio: INFO: emitting event "task update" to 20170509-173316-5f8a [/jobs]
socketio: INFO: emitting event "task update" to 20170509-173318-416e [/jobs]
socketio: INFO: emitting event "task update" to 20170509-173415-8046 [/jobs]
socketio: INFO: emitting event "task update" to 20170509-173027-0946 [/jobs]
socketio: INFO: emitting event "task update" to 20170509-172218-c9c0 [/jobs]
socketio: INFO: emitting event "task update" to 20170509-172328-6826 [/jobs]
socketio: INFO: emitting event "task update" to 20170509-173403-2593 [/jobs]
socketio: INFO: emitting event "task update" to 20170509-174313-cb2c [/jobs]
socketio: INFO: emitting event "task update" to 20170509-172344-9606 [/jobs]
socketio: INFO: emitting event "task update" to 20170509-172430-a33c [/jobs]
socketio: INFO: emitting event "task update" to 20170509-172605-0fd8 [/jobs]
socketio: INFO: emitting event "task update" to 20170509-172706-cfe6 [/jobs]
socketio: INFO: emitting event "task update" to 20170509-173209-48ad [/jobs]
socketio: INFO: emitting event "task update" to 20170509-173320-66e3 [/jobs]
socketio: INFO: emitting event "task update" to 20170509-172927-67d2 [/jobs]
socketio: INFO: emitting event "task update" to 20170509-173515-e8bf [/jobs]
socketio: INFO: emitting event "task update" to 20170509-172524-d7c0 [/jobs]
socketio: INFO: emitting event "task update" to 20170509-172419-2d22 [/jobs]
socketio: INFO: emitting event "task update" to 20170509-172337-f1aa [/jobs]
digits.webapp: INFO: Create test_db DB task completed.
socketio: INFO: emitting event "task update" to 20170509-174557-4a3e [/jobs]
socketio: INFO: emitting event "job update" to job_management [/jobs]
socketio: INFO: emitting event "task update" to 20170509-174557-4a3e [/jobs]
socketio: INFO: emitting event "job update" to 20170509-174557-4a3e [/jobs]
socketio: INFO: emitting event "job update" to job_management [/jobs]
socketio: INFO: emitting event "server update" to job_management [/jobs]
socketio: INFO: emitting event "task update" to 20170509-173228-acad [/jobs]
socketio: INFO: emitting event "task update" to 20170509-172350-6fcd [/jobs]
socketio: INFO: emitting event "task update" to 20170509-173357-1ed1 [/jobs]
socketio: INFO: emitting event "task update" to 20170509-172259-8252 [/jobs]
socketio: INFO: emitting event "task update" to 20170509-173322-0807 [/jobs]
socketio: INFO: emitting event "job update" to job_management [/jobs]
socketio: INFO: emitting event "job update" to 20170509-174557-4a3e [/jobs]
socketio: INFO: emitting event "job update" to job_management [/jobs]
digits: INFO: Job complete.
socketio: INFO: emitting event "task update" to 20170509-172114-d063 [/jobs]
socketio: INFO: emitting event "task update" to 20170509-172323-89b4 [/jobs]
socketio: INFO: emitting event "task update" to 20170509-174411-45b4 [/jobs]
socketio: INFO: emitting event "task update" to 20170509-173300-0377 [/jobs]
socketio: INFO: emitting event "task update" to 20170509-173245-3417 [/jobs]
socketio: INFO: emitting event "task update" to 20170509-173324-49b0 [/jobs]
socketio: INFO: emitting event "task update" to 20170509-172342-e0ef [/jobs]
socketio: INFO: emitting event "task update" to 20170509-173108-a6ff [/jobs]
socketio: INFO: emitting event "task update" to 20170509-172725-6a13 [/jobs]
socketio: INFO: emitting event "task update" to 20170509-172806-b5bc [/jobs]
socketio: INFO: emitting event "task update" to 20170509-172227-0156 [/jobs]
socketio: INFO: emitting event "task update" to 20170509-174451-4b24 [/jobs]
socketio: INFO: emitting event "task update" to 20170509-172334-9d18 [/jobs]
socketio: INFO: emitting event "task update" to 20170509-173128-33ce [/jobs]
socketio: INFO: emitting event "job update" to job_management [/jobs]
socketio: INFO: emitting event "job update" to 20170509-174604-6d86 [/jobs]
socketio: INFO: emitting event "job update" to job_management [/jobs]
socketio: INFO: emitting event "server update" to job_management [/jobs]
digits.webapp: INFO: Train Tensorflow Model task started.
socketio: INFO: emitting event "task update" to 20170509-174604-6d86 [/jobs]
socketio: INFO: emitting event "job update" to 20170509-174604-6d86 [/jobs]
socketio: INFO: emitting event "job update" to job_management [/jobs]
digits.webapp: INFO: Task subprocess args: "python2 /home/ethan/digits_GAN/digits/tools/tensorflow/main.py --network=network.py --epoch=3 --networkDirectory=/tmp/tmpX3R8Ve/20170509-174604-6d86 --save=/tmp/tmpX3R8Ve/20170509-174604-6d86 --snapshotPrefix=snapshot --snapshotInterval=1 --lr_base_rate=0.01 --lr_policy=step --batch_size=10 --train_db=/tmp/tmpX3R8Ve/20170509-174557-4a3e/train_db/features --train_labels=/tmp/tmpX3R8Ve/20170509-174557-4a3e/train_db/labels --validation_db=/tmp/tmpX3R8Ve/20170509-174557-4a3e/val_db/features --validation_labels=/tmp/tmpX3R8Ve/20170509-174557-4a3e/val_db/labels --lr_gamma=0.1 --lr_stepvalues=33 --subtractMean=none --seed=3405691582 --optimization=sgd --validation_interval=1 --log_runtime_stats_per_step=0 --augFlip=none --augHSVh=0 --augHSVs=0 --augHSVv=0"
socketio: INFO: emitting event "task update" to 20170509-174604-6d86 [/jobs]
socketio: INFO: emitting event "task update" to 20170509-172347-b92a [/jobs]
socketio: INFO: emitting event "task update" to 20170509-173326-3e6f [/jobs]
socketio: INFO: emitting event "task update" to 20170509-172315-d38b [/jobs]
socketio: INFO: emitting event "task update" to 20170509-174340-86bb [/jobs]
socketio: INFO: emitting event "task update" to 20170509-172516-8f4b [/jobs]
socketio: INFO: emitting event "task update" to 20170509-172352-bfdd [/jobs]
socketio: INFO: emitting event "task update" to 20170509-172412-e6f0 [/jobs]
socketio: INFO: emitting event "task update" to 20170509-173329-1cea [/jobs]
socketio: INFO: emitting event "task update" to 20170509-173229-c795 [/jobs]
socketio: INFO: emitting event "task update" to 20170509-172202-9230 [/jobs]
socketio: INFO: emitting event "task update" to 20170509-173331-d237 [/jobs]
socketio: INFO: emitting event "task update" to 20170509-172317-7da8 [/jobs]
socketio: INFO: emitting event "task update" to 20170509-173008-ee07 [/jobs]
socketio: INFO: emitting event "task update" to 20170509-172210-1907 [/jobs]
socketio: INFO: emitting event "task update" to 20170509-173333-e98b [/jobs]
socketio: INFO: emitting event "task update" to 20170509-172825-84c5 [/jobs]
socketio: INFO: emitting event "task update" to 20170509-173335-6067 [/jobs]
socketio: INFO: emitting event "task update" to 20170509-172147-4505 [/jobs]
socketio: INFO: emitting event "task update" to 20170509-173337-8532 [/jobs]
socketio: INFO: emitting event "task update" to 20170509-172907-6ffa [/jobs]
socketio: INFO: emitting event "task update" to 20170509-174533-2a57 [/jobs]
socketio: INFO: emitting event "task update" to 20170509-172339-dc52 [/jobs]
socketio: INFO: emitting event "task update" to 20170509-172625-e177 [/jobs]
socketio: INFO: emitting event "task update" to 20170509-173316-5f8a [/jobs]
socketio: INFO: emitting event "task update" to 20170509-173318-416e [/jobs]
socketio: INFO: emitting event "task update" to 20170509-173415-8046 [/jobs]
socketio: INFO: emitting event "task update" to 20170509-173027-0946 [/jobs]
socketio: INFO: emitting event "task update" to 20170509-172218-c9c0 [/jobs]
socketio: INFO: emitting event "task update" to 20170509-172328-6826 [/jobs]
socketio: INFO: emitting event "task update" to 20170509-173403-2593 [/jobs]
socketio: INFO: emitting event "task update" to 20170509-174313-cb2c [/jobs]
socketio: INFO: emitting event "task update" to 20170509-172344-9606 [/jobs]
socketio: INFO: emitting event "task update" to 20170509-172430-a33c [/jobs]
socketio: INFO: emitting event "task update" to 20170509-172605-0fd8 [/jobs]
socketio: INFO: emitting event "task update" to 20170509-172706-cfe6 [/jobs]
socketio: INFO: emitting event "task update" to 20170509-173209-48ad [/jobs]
socketio: INFO: emitting event "task update" to 20170509-173320-66e3 [/jobs]
socketio: INFO: emitting event "task update" to 20170509-172927-67d2 [/jobs]
socketio: INFO: emitting event "task update" to 20170509-173515-e8bf [/jobs]
socketio: INFO: emitting event "task update" to 20170509-172524-d7c0 [/jobs]
socketio: INFO: emitting event "task update" to 20170509-172419-2d22 [/jobs]
socketio: INFO: emitting event "task update" to 20170509-172337-f1aa [/jobs]
socketio: INFO: emitting event "task update" to 20170509-173228-acad [/jobs]
socketio: INFO: emitting event "task update" to 20170509-172350-6fcd [/jobs]
socketio: INFO: emitting event "task update" to 20170509-173357-1ed1 [/jobs]
socketio: INFO: emitting event "task update" to 20170509-172259-8252 [/jobs]
socketio: INFO: emitting event "task update" to 20170509-173322-0807 [/jobs]
socketio: INFO: emitting event "task update" to 20170509-172114-d063 [/jobs]
socketio: INFO: emitting event "task update" to 20170509-172323-89b4 [/jobs]
socketio: INFO: emitting event "task update" to 20170509-174411-45b4 [/jobs]
socketio: INFO: emitting event "task update" to 20170509-173300-0377 [/jobs]
socketio: INFO: emitting event "task update" to 20170509-173245-3417 [/jobs]
socketio: INFO: emitting event "task update" to 20170509-173324-49b0 [/jobs]
socketio: INFO: emitting event "task update" to 20170509-172342-e0ef [/jobs]
socketio: INFO: emitting event "task update" to 20170509-173108-a6ff [/jobs]
socketio: INFO: emitting event "task update" to 20170509-172725-6a13 [/jobs]
socketio: INFO: emitting event "task update" to 20170509-172806-b5bc [/jobs]
socketio: INFO: emitting event "task update" to 20170509-172227-0156 [/jobs]
socketio: INFO: emitting event "task update" to 20170509-174451-4b24 [/jobs]
socketio: INFO: emitting event "task update" to 20170509-172334-9d18 [/jobs]
socketio: INFO: emitting event "task update" to 20170509-173128-33ce [/jobs]
socketio: INFO: emitting event "task update" to 20170509-172347-b92a [/jobs]
socketio: INFO: emitting event "task update" to 20170509-173326-3e6f [/jobs]
socketio: INFO: emitting event "task update" to 20170509-172315-d38b [/jobs]
socketio: INFO: emitting event "task update" to 20170509-174340-86bb [/jobs]
socketio: INFO: emitting event "task update" to 20170509-172516-8f4b [/jobs]
socketio: INFO: emitting event "task update" to 20170509-172352-bfdd [/jobs]
socketio: INFO: emitting event "task update" to 20170509-172412-e6f0 [/jobs]
socketio: INFO: emitting event "task update" to 20170509-173329-1cea [/jobs]
socketio: INFO: emitting event "task update" to 20170509-173229-c795 [/jobs]
socketio: INFO: emitting event "task update" to 20170509-172202-9230 [/jobs]
socketio: INFO: emitting event "task update" to 20170509-173331-d237 [/jobs]
socketio: INFO: emitting event "task update" to 20170509-172317-7da8 [/jobs]
socketio: INFO: emitting event "task update" to 20170509-173008-ee07 [/jobs]
socketio: INFO: emitting event "task update" to 20170509-172210-1907 [/jobs]
socketio: INFO: emitting event "task update" to 20170509-173333-e98b [/jobs]
socketio: INFO: emitting event "task update" to 20170509-172825-84c5 [/jobs]
socketio: INFO: emitting event "task update" to 20170509-173335-6067 [/jobs]
socketio: INFO: emitting event "task update" to 20170509-172147-4505 [/jobs]
digits.webapp: WARNING: Train Tensorflow Model unrecognized output: 2017-05-09 17:46:05.694494: W tensorflow/core/platform/cpu_feature_guard.cc:45] The TensorFlow library wasn't compiled to use SSE4.1 instructions, but these are available on your machine and could speed up CPU computations.
digits.webapp: WARNING: Train Tensorflow Model unrecognized output: 2017-05-09 17:46:05.694507: W tensorflow/core/platform/cpu_feature_guard.cc:45] The TensorFlow library wasn't compiled to use SSE4.2 instructions, but these are available on your machine and could speed up CPU computations.
digits.webapp: WARNING: Train Tensorflow Model unrecognized output: 2017-05-09 17:46:05.694511: W tensorflow/core/platform/cpu_feature_guard.cc:45] The TensorFlow library wasn't compiled to use AVX instructions, but these are available on your machine and could speed up CPU computations.
socketio: INFO: emitting event "task update" to 20170509-173337-8532 [/jobs]
socketio: INFO: emitting event "task update" to 20170509-172907-6ffa [/jobs]
socketio: INFO: emitting event "task update" to 20170509-174533-2a57 [/jobs]
socketio: INFO: emitting event "task update" to 20170509-172339-dc52 [/jobs]
socketio: INFO: emitting event "task update" to 20170509-172625-e177 [/jobs]
socketio: INFO: emitting event "task update" to 20170509-173316-5f8a [/jobs]
socketio: INFO: emitting event "task update" to 20170509-173318-416e [/jobs]
socketio: INFO: emitting event "task update" to 20170509-173415-8046 [/jobs]
socketio: INFO: emitting event "task update" to 20170509-173027-0946 [/jobs]
socketio: INFO: emitting event "task update" to 20170509-172218-c9c0 [/jobs]
socketio: INFO: emitting event "task update" to 20170509-172328-6826 [/jobs]
socketio: INFO: emitting event "task update" to 20170509-173403-2593 [/jobs]
socketio: INFO: emitting event "task update" to 20170509-174313-cb2c [/jobs]
socketio: INFO: emitting event "task update" to 20170509-172344-9606 [/jobs]
socketio: INFO: emitting event "task update" to 20170509-172430-a33c [/jobs]
socketio: INFO: emitting event "task update" to 20170509-172605-0fd8 [/jobs]
digits.webapp: WARNING: Train Tensorflow Model unrecognized output: 2017-05-09 17:46:05.828655: I tensorflow/stream_executor/cuda/cuda_gpu_executor.cc:901] successful NUMA node read from SysFS had negative value (-1), but there must be at least one NUMA node, so returning NUMA node zero
digits.webapp: WARNING: Train Tensorflow Model unrecognized output: 2017-05-09 17:46:05.829402: I tensorflow/core/common_runtime/gpu/gpu_device.cc:887] Found device 0 with properties:
digits.webapp: WARNING: Train Tensorflow Model unrecognized output: name: GeForce GTX TITAN X
digits.webapp: WARNING: Train Tensorflow Model unrecognized output: major: 5 minor: 2 memoryClockRate (GHz) 1.076
digits.webapp: WARNING: Train Tensorflow Model unrecognized output: pciBusID 0000:01:00.0
digits.webapp: WARNING: Train Tensorflow Model unrecognized output: Total memory: 11.92GiB
digits.webapp: WARNING: Train Tensorflow Model unrecognized output: Free memory: 10.21GiB
digits.webapp: WARNING: Train Tensorflow Model unrecognized output: 2017-05-09 17:46:05.829416: I tensorflow/core/common_runtime/gpu/gpu_device.cc:908] DMA: 0
digits.webapp: WARNING: Train Tensorflow Model unrecognized output: 2017-05-09 17:46:05.829421: I tensorflow/core/common_runtime/gpu/gpu_device.cc:918] 0:   Y
digits.webapp: WARNING: Train Tensorflow Model unrecognized output: 2017-05-09 17:46:05.829432: I tensorflow/core/common_runtime/gpu/gpu_device.cc:977] Creating TensorFlow device (/gpu:0) -> (device: 0, name: GeForce GTX TITAN X, pci bus id: 0000:01:00.0)
socketio: INFO: emitting event "task update" to 20170509-172706-cfe6 [/jobs]
socketio: INFO: emitting event "task update" to 20170509-173209-48ad [/jobs]
socketio: INFO: emitting event "task update" to 20170509-173320-66e3 [/jobs]
socketio: INFO: emitting event "task update" to 20170509-172927-67d2 [/jobs]
socketio: INFO: emitting event "task update" to 20170509-173515-e8bf [/jobs]
socketio: INFO: emitting event "task update" to 20170509-172524-d7c0 [/jobs]
socketio: INFO: emitting event "task update" to 20170509-172419-2d22 [/jobs]
socketio: INFO: emitting event "task update" to 20170509-172337-f1aa [/jobs]
socketio: INFO: emitting event "task update" to 20170509-173228-acad [/jobs]
socketio: INFO: emitting event "task update" to 20170509-172350-6fcd [/jobs]
socketio: INFO: emitting event "task update" to 20170509-173357-1ed1 [/jobs]
socketio: INFO: emitting event "task update" to 20170509-172259-8252 [/jobs]
socketio: INFO: emitting event "task update" to 20170509-173322-0807 [/jobs]
socketio: INFO: emitting event "task update" to 20170509-172114-d063 [/jobs]
socketio: INFO: emitting event "task update" to 20170509-172323-89b4 [/jobs]
socketio: INFO: emitting event "task update" to 20170509-174411-45b4 [/jobs]
socketio: INFO: emitting event "task update" to 20170509-173300-0377 [/jobs]
socketio: INFO: emitting event "task update" to 20170509-173245-3417 [/jobs]
socketio: INFO: emitting event "task update" to 20170509-173324-49b0 [/jobs]
digits.webapp: WARNING: Train Tensorflow Model unrecognized output: 2017-05-09 17:46:05.939953: I tensorflow/core/common_runtime/gpu/gpu_device.cc:977] Creating TensorFlow device (/gpu:0) -> (device: 0, name: GeForce GTX TITAN X, pci bus id: 0000:01:00.0)
digits.webapp: WARNING: Train Tensorflow Model unrecognized output: 2017-05-09 17:46:05.945838: I tensorflow/core/common_runtime/gpu/gpu_device.cc:977] Creating TensorFlow device (/gpu:0) -> (device: 0, name: GeForce GTX TITAN X, pci bus id: 0000:01:00.0)
socketio: INFO: emitting event "task update" to 20170509-172342-e0ef [/jobs]
socketio: INFO: emitting event "task update" to 20170509-173108-a6ff [/jobs]
socketio: INFO: emitting event "task update" to 20170509-172725-6a13 [/jobs]
socketio: INFO: emitting event "task update" to 20170509-172806-b5bc [/jobs]
socketio: INFO: emitting event "task update" to 20170509-172227-0156 [/jobs]
socketio: INFO: emitting event "task update" to 20170509-174451-4b24 [/jobs]
socketio: INFO: emitting event "task update" to 20170509-172334-9d18 [/jobs]
socketio: INFO: emitting event "task update" to 20170509-173128-33ce [/jobs]
digits.webapp: WARNING: Train Tensorflow Model unrecognized output: 2017-05-09 17:46:06.146469: I tensorflow/core/kernels/logging_ops.cc:79] scale offset[1][0]
digits.webapp: DEBUG: Network validation loss #0.0: 10566.211914
digits.webapp: DEBUG: Validation (epoch 0): loss = 10566.211914
digits.webapp: WARNING: Train Tensorflow Model unrecognized output: 2017-05-09 17:46:06.161854: I tensorflow/core/kernels/logging_ops.cc:79] scale offset[1][0]
digits.webapp: WARNING: Train Tensorflow Model unrecognized output: 2017-05-09 17:46:06.164966: I tensorflow/core/kernels/logging_ops.cc:79] scale offset[1][-2.9802322e-10]
socketio: INFO: emitting event "task update" to 20170509-174604-6d86 [/jobs]
socketio: INFO: emitting event "job update" to job_management [/jobs]
digits.webapp: DEBUG: Training 6.67% complete.
socketio: INFO: emitting event "task update" to 20170509-174604-6d86 [/jobs]
socketio: INFO: emitting event "task update" to job_management [/jobs]
digits.webapp: DEBUG: Training (epoch 0.2): loss = 10579.945801, lr = 0.010000
digits.webapp: WARNING: Train Tensorflow Model unrecognized output: 2017-05-09 17:46:06.167448: I tensorflow/core/kernels/logging_ops.cc:79] scale offset[1][-2.8312206e-09]
digits.webapp: WARNING: Train Tensorflow Model unrecognized output: 2017-05-09 17:46:06.170233: I tensorflow/core/kernels/logging_ops.cc:79] scale offset[1][-3.4272669e-09]
socketio: INFO: emitting event "task update" to 20170509-174604-6d86 [/jobs]
socketio: INFO: emitting event "job update" to job_management [/jobs]
digits.webapp: DEBUG: Training (epoch 0.4): loss = 10580.308594, lr = 0.010000
digits.webapp: WARNING: Train Tensorflow Model unrecognized output: 2017-05-09 17:46:06.174457: I tensorflow/core/kernels/logging_ops.cc:79] scale offset[1][-1.6391276e-09]
digits.webapp: WARNING: Train Tensorflow Model unrecognized output: 2017-05-09 17:46:06.176782: I tensorflow/core/kernels/logging_ops.cc:79] scale offset[1][-3.4272669e-09]
socketio: INFO: emitting event "task update" to 20170509-174604-6d86 [/jobs]
socketio: INFO: emitting event "job update" to job_management [/jobs]
digits.webapp: DEBUG: Training (epoch 0.7): loss = 10648.293945, lr = 0.010000
digits.webapp: WARNING: Train Tensorflow Model unrecognized output: 2017-05-09 17:46:06.178989: I tensorflow/core/kernels/logging_ops.cc:79] scale offset[1][-5.9604641e-09]
digits.webapp: WARNING: Train Tensorflow Model unrecognized output: 2017-05-09 17:46:06.181633: I tensorflow/core/kernels/logging_ops.cc:79] scale offset[1][-5.0663944e-09]
socketio: INFO: emitting event "task update" to 20170509-174604-6d86 [/jobs]
socketio: INFO: emitting event "job update" to job_management [/jobs]
digits.webapp: DEBUG: Training (epoch 0.9): loss = 10561.085449, lr = 0.010000
digits.webapp: WARNING: Train Tensorflow Model unrecognized output: 2017-05-09 17:46:06.184520: I tensorflow/core/kernels/logging_ops.cc:79] scale offset[1][-4.9173829e-09]
digits.webapp: WARNING: Train Tensorflow Model unrecognized output: 2017-05-09 17:46:06.186290: I tensorflow/core/kernels/logging_ops.cc:79] scale offset[1][-7.450579e-10]
socketio: INFO: emitting event "task update" to 20170509-174604-6d86 [/jobs]
socketio: INFO: emitting event "job update" to job_management [/jobs]
socketio: INFO: emitting event "task update" to 20170509-174604-6d86 [/jobs]
digits.webapp: DEBUG: Network validation loss #1.0: 10566.213867
digits.webapp: DEBUG: Validation (epoch 1.0): loss = 10566.213867
digits.webapp: WARNING: Train Tensorflow Model unrecognized output: INFO:tensorflow:/tmp/tmpX3R8Ve/20170509-174604-6d86/snapshot_1.ckpt is not in all_model_checkpoint_paths. Manually adding it.
socketio: INFO: emitting event "task update" to 20170509-174604-6d86 [/jobs]
digits.webapp: WARNING: Train Tensorflow Model unrecognized output: 2017-05-09 17:46:06.212963: I tensorflow/core/kernels/logging_ops.cc:79] scale offset[1][-7.450579e-10]
socketio: INFO: emitting event "task update" to 20170509-174604-6d86 [/jobs]
socketio: INFO: emitting event "job update" to job_management [/jobs]
digits.webapp: DEBUG: Training (epoch 1.1): loss = 10609.855957, lr = 0.005500
digits.webapp: WARNING: Train Tensorflow Model unrecognized output: 2017-05-09 17:46:06.215343: I tensorflow/core/kernels/logging_ops.cc:79] scale offset[1][-7.0035444e-10]
digits.webapp: WARNING: Train Tensorflow Model unrecognized output: 2017-05-09 17:46:06.218003: I tensorflow/core/kernels/logging_ops.cc:79] scale offset[1][-1.0132788e-09]
socketio: INFO: emitting event "task update" to 20170509-174604-6d86 [/jobs]
socketio: INFO: emitting event "job update" to job_management [/jobs]
digits.webapp: DEBUG: Training (epoch 1.3): loss = 10584.781738, lr = 0.001000
digits.webapp: WARNING: Train Tensorflow Model unrecognized output: 2017-05-09 17:46:06.220417: I tensorflow/core/kernels/logging_ops.cc:79] scale offset[1][-1.0430811e-09]
digits.webapp: WARNING: Train Tensorflow Model unrecognized output: 2017-05-09 17:46:06.223102: I tensorflow/core/kernels/logging_ops.cc:79] scale offset[1][-8.9406943e-10]
socketio: INFO: emitting event "task update" to 20170509-174604-6d86 [/jobs]
socketio: INFO: emitting event "job update" to job_management [/jobs]
digits.webapp: DEBUG: Training (epoch 1.6): loss = 10660.479004, lr = 0.001000
digits.webapp: WARNING: Train Tensorflow Model unrecognized output: 2017-05-09 17:46:06.225785: I tensorflow/core/kernels/logging_ops.cc:79] scale offset[1][-1.221895e-09]
digits.webapp: WARNING: Train Tensorflow Model unrecognized output: 2017-05-09 17:46:06.228527: I tensorflow/core/kernels/logging_ops.cc:79] scale offset[1][-1.5199183e-09]
socketio: INFO: emitting event "task update" to 20170509-174604-6d86 [/jobs]
socketio: INFO: emitting event "job update" to job_management [/jobs]
digits.webapp: DEBUG: Training (epoch 1.8): loss = 10555.448730, lr = 0.001000
digits.webapp: WARNING: Train Tensorflow Model unrecognized output: 2017-05-09 17:46:06.232004: I tensorflow/core/kernels/logging_ops.cc:79] scale offset[1][-2.0265578e-09]
digits.webapp: WARNING: Train Tensorflow Model unrecognized output: 2017-05-09 17:46:06.234573: I tensorflow/core/kernels/logging_ops.cc:79] scale offset[1][-2.0116566e-09]
socketio: INFO: emitting event "task update" to 20170509-174604-6d86 [/jobs]
socketio: INFO: emitting event "job update" to job_management [/jobs]
digits.webapp: DEBUG: Training (epoch 2.0): loss = 10610.993652, lr = 0.001000
digits.webapp: WARNING: Train Tensorflow Model unrecognized output: 2017-05-09 17:46:06.236816: I tensorflow/core/kernels/logging_ops.cc:79] scale offset[1][-1.8775461e-09]
socketio: INFO: emitting event "task update" to 20170509-174604-6d86 [/jobs]
digits.webapp: DEBUG: Network validation loss #2.0: 10566.209961
digits.webapp: DEBUG: Validation (epoch 2.0): loss = 10566.209961
digits.webapp: WARNING: Train Tensorflow Model unrecognized output: INFO:tensorflow:/tmp/tmpX3R8Ve/20170509-174604-6d86/snapshot_2.ckpt is not in all_model_checkpoint_paths. Manually adding it.
socketio: INFO: emitting event "task update" to 20170509-174604-6d86 [/jobs]
digits.webapp: WARNING: Train Tensorflow Model unrecognized output: 2017-05-09 17:46:06.255791: I tensorflow/core/kernels/logging_ops.cc:79] scale offset[1][-1.8775461e-09]
digits.webapp: WARNING: Train Tensorflow Model unrecognized output: 2017-05-09 17:46:06.258228: I tensorflow/core/kernels/logging_ops.cc:79] scale offset[1][-1.8805264e-09]
socketio: INFO: emitting event "task update" to 20170509-174604-6d86 [/jobs]
socketio: INFO: emitting event "job update" to job_management [/jobs]
digits.webapp: DEBUG: Training (epoch 2.2): loss = 10579.943359, lr = 0.000100
digits.webapp: WARNING: Train Tensorflow Model unrecognized output: 2017-05-09 17:46:06.260956: I tensorflow/core/kernels/logging_ops.cc:79] scale offset[1][-1.8388031e-09]
digits.webapp: WARNING: Train Tensorflow Model unrecognized output: 2017-05-09 17:46:06.263311: I tensorflow/core/kernels/logging_ops.cc:79] scale offset[1][-1.8477438e-09]
socketio: INFO: emitting event "task update" to 20170509-174604-6d86 [/jobs]
socketio: INFO: emitting event "job update" to job_management [/jobs]
digits.webapp: DEBUG: Training (epoch 2.4): loss = 10580.308594, lr = 0.000100
digits.webapp: WARNING: Train Tensorflow Model unrecognized output: 2017-05-09 17:46:06.265949: I tensorflow/core/kernels/logging_ops.cc:79] scale offset[1][-1.8477438e-09]
digits.webapp: WARNING: Train Tensorflow Model unrecognized output: 2017-05-09 17:46:06.268469: I tensorflow/core/kernels/logging_ops.cc:79] scale offset[1][-1.8149613e-09]
socketio: INFO: emitting event "task update" to 20170509-174604-6d86 [/jobs]
socketio: INFO: emitting event "job update" to job_management [/jobs]
digits.webapp: DEBUG: Training (epoch 2.7): loss = 10654.270996, lr = 0.000100
digits.webapp: WARNING: Train Tensorflow Model unrecognized output: 2017-05-09 17:46:06.271169: I tensorflow/core/kernels/logging_ops.cc:79] scale offset[1][-1.8581746e-09]
digits.webapp: WARNING: Train Tensorflow Model unrecognized output: 2017-05-09 17:46:06.272195: I tensorflow/core/kernels/logging_ops.cc:79] scale offset[1][-1.8879769e-09]
socketio: INFO: emitting event "task update" to 20170509-174604-6d86 [/jobs]
socketio: INFO: emitting event "job update" to job_management [/jobs]
digits.webapp: DEBUG: Training (epoch 2.9): loss = 10564.593750, lr = 0.000100
digits.webapp: WARNING: Train Tensorflow Model unrecognized output: 2017-05-09 17:46:06.273337: I tensorflow/core/kernels/logging_ops.cc:79] scale offset[1][-1.8790363e-09]
digits.webapp: WARNING: Train Tensorflow Model unrecognized output: 2017-05-09 17:46:06.274179: I tensorflow/core/kernels/logging_ops.cc:79] scale offset[1][-1.8671154e-09]
socketio: INFO: emitting event "task update" to 20170509-174604-6d86 [/jobs]
socketio: INFO: emitting event "job update" to job_management [/jobs]
socketio: INFO: emitting event "task update" to 20170509-174604-6d86 [/jobs]
digits.webapp: DEBUG: Network validation loss #3.0: 10566.213867
digits.webapp: DEBUG: Validation (epoch 3.0): loss = 10566.213867
digits.webapp: WARNING: Train Tensorflow Model unrecognized output: INFO:tensorflow:/tmp/tmpX3R8Ve/20170509-174604-6d86/snapshot_3.ckpt is not in all_model_checkpoint_paths. Manually adding it.
socketio: INFO: emitting event "task update" to 20170509-174604-6d86 [/jobs]
socketio: INFO: emitting event "task update" to 20170509-174604-6d86 [/jobs]
digits.webapp: WARNING: Train Tensorflow Model unrecognized output: 2017-05-09 17:46:06.296951: W tensorflow/core/framework/op_kernel.cc:1152] Out of range: PaddingFIFOQueue '_3_train/data/batcher/padding_fifo_queue' is closed and has insufficient elements (requested 10, current size 0)
digits.webapp: WARNING: Train Tensorflow Model unrecognized output: [[Node: train/data/batcher = QueueDequeueUpToV2[component_types=[DT_STRING, DT_FLOAT, DT_FLOAT], timeout_ms=-1, _device="/job:localhost/replica:0/task:0/cpu:0"](train/data/batcher/padding_fifo_queue, train/data/batcher/n)]]
digits.webapp: WARNING: Train Tensorflow Model unrecognized output: 2017-05-09 17:46:06.296992: W tensorflow/core/framework/op_kernel.cc:1152] Out of range: PaddingFIFOQueue '_3_train/data/batcher/padding_fifo_queue' is closed and has insufficient elements (requested 10, current size 0)
digits.webapp: WARNING: Train Tensorflow Model unrecognized output: [[Node: train/data/batcher = QueueDequeueUpToV2[component_types=[DT_STRING, DT_FLOAT, DT_FLOAT], timeout_ms=-1, _device="/job:localhost/replica:0/task:0/cpu:0"](train/data/batcher/padding_fifo_queue, train/data/batcher/n)]]
digits.webapp: WARNING: Train Tensorflow Model unrecognized output: Training wall-time: 0.162142038345
socketio: INFO: emitting event "task update" to 20170509-172347-b92a [/jobs]
socketio: INFO: emitting event "task update" to 20170509-173326-3e6f [/jobs]
socketio: INFO: emitting event "task update" to 20170509-172315-d38b [/jobs]
digits.webapp: INFO: Train Tensorflow Model task completed.
socketio: INFO: emitting event "task update" to 20170509-174604-6d86 [/jobs]
socketio: INFO: emitting event "job update" to job_management [/jobs]
socketio: INFO: emitting event "task update" to 20170509-174604-6d86 [/jobs]
socketio: INFO: emitting event "job update" to 20170509-174604-6d86 [/jobs]
socketio: INFO: emitting event "job update" to job_management [/jobs]
socketio: INFO: emitting event "server update" to job_management [/jobs]
socketio: INFO: emitting event "task update" to 20170509-174340-86bb [/jobs]
socketio: INFO: emitting event "task update" to 20170509-172516-8f4b [/jobs]
socketio: INFO: emitting event "job update" to job_management [/jobs]
socketio: INFO: emitting event "job update" to 20170509-174604-6d86 [/jobs]
socketio: INFO: emitting event "job update" to job_management [/jobs]
digits: INFO: Job complete.
socketio: INFO: emitting event "task update" to 20170509-172352-bfdd [/jobs]
socketio: INFO: emitting event "task update" to 20170509-172412-e6f0 [/jobs]
socketio: INFO: emitting event "task update" to 20170509-173329-1cea [/jobs]
socketio: INFO: emitting event "task update" to 20170509-173229-c795 [/jobs]
socketio: INFO: emitting event "task update" to 20170509-172202-9230 [/jobs]
socketio: INFO: emitting event "task update" to 20170509-173331-d237 [/jobs]
socketio: INFO: emitting event "task update" to 20170509-172317-7da8 [/jobs]
socketio: INFO: emitting event "task update" to 20170509-173008-ee07 [/jobs]
socketio: INFO: emitting event "task update" to 20170509-172210-1907 [/jobs]
socketio: INFO: emitting event "task update" to 20170509-173333-e98b [/jobs]
socketio: INFO: emitting event "task update" to 20170509-172825-84c5 [/jobs]
socketio: INFO: emitting event "task update" to 20170509-173335-6067 [/jobs]
socketio: INFO: emitting event "task update" to 20170509-172147-4505 [/jobs]
socketio: INFO: emitting event "task update" to 20170509-173337-8532 [/jobs]
socketio: INFO: emitting event "task update" to 20170509-172907-6ffa [/jobs]
socketio: INFO: emitting event "task update" to 20170509-174533-2a57 [/jobs]
socketio: INFO: emitting event "task update" to 20170509-172339-dc52 [/jobs]
socketio: INFO: emitting event "task update" to 20170509-172625-e177 [/jobs]
socketio: INFO: emitting event "task update" to 20170509-173316-5f8a [/jobs]
socketio: INFO: emitting event "task update" to 20170509-173318-416e [/jobs]
socketio: INFO: emitting event "task update" to 20170509-173415-8046 [/jobs]
socketio: INFO: emitting event "task update" to 20170509-173027-0946 [/jobs]
socketio: INFO: emitting event "task update" to 20170509-172218-c9c0 [/jobs]
socketio: INFO: emitting event "task update" to 20170509-172328-6826 [/jobs]
socketio: INFO: emitting event "task update" to 20170509-173403-2593 [/jobs]
--------------------- >> end captured logging << ---------------------

======================================================================
FAIL: digits.model.images.generic.test_views.TestTensorflowCreatedWithImageProcessingExtensionMeanNone.test_download('zip',)
----------------------------------------------------------------------
Traceback (most recent call last):
  File "/home/ethan/.local/lib/python2.7/site-packages/nose/case.py", line 197, in runTest
    self.test(*self.arg)
  File "/home/ethan/digits_GAN/digits/model/images/generic/test_views.py", line 544, in check_download
    assert rv.status_code == 200, 'download "%s" failed with %s' % (url, rv.status_code)
AssertionError: download "/models/20170509-174604-6d86/download.zip" failed with 500

======================================================================
FAIL: digits.model.images.generic.test_views.TestTensorflowCreatedWithImageProcessingExtensionMeanNone.test_download('tar.gz',)
----------------------------------------------------------------------
Traceback (most recent call last):
  File "/home/ethan/.local/lib/python2.7/site-packages/nose/case.py", line 197, in runTest
    self.test(*self.arg)
  File "/home/ethan/digits_GAN/digits/model/images/generic/test_views.py", line 544, in check_download
    assert rv.status_code == 200, 'download "%s" failed with %s' % (url, rv.status_code)
AssertionError: download "/models/20170509-174604-6d86/download.tar.gz" failed with 500

======================================================================
FAIL: digits.model.images.generic.test_views.TestTensorflowCreatedWithImageProcessingExtensionMeanNone.test_download('tar.bz2',)
----------------------------------------------------------------------
Traceback (most recent call last):
  File "/home/ethan/.local/lib/python2.7/site-packages/nose/case.py", line 197, in runTest
    self.test(*self.arg)
  File "/home/ethan/digits_GAN/digits/model/images/generic/test_views.py", line 544, in check_download
    assert rv.status_code == 200, 'download "%s" failed with %s' % (url, rv.status_code)
AssertionError: download "/models/20170509-174604-6d86/download.tar.bz2" failed with 500

======================================================================
FAIL: digits.model.images.generic.test_views.TestTensorflowCreatedWithImageProcessingExtensionMeanNone.test_infer_db
----------------------------------------------------------------------
Traceback (most recent call last):
  File "/home/ethan/.local/lib/python2.7/site-packages/nose/case.py", line 197, in runTest
    self.test(*self.arg)
  File "/home/ethan/digits_GAN/digits/model/images/generic/test_views.py", line 876, in test_infer_db
    super(BaseTestCreatedWithImageProcessingExtension, self).test_infer_db()
  File "/home/ethan/digits_GAN/digits/model/images/generic/test_views.py", line 639, in test_infer_db
    assert rv.status_code == 200, 'POST failed with %s\n\n%s' % (rv.status_code, body)
AssertionError: POST failed with 500

[<body>\n<div class="navbar navbar-inverse navbar-fixed-top">\n<div class="container">\n<div class="navbar-header">\n<a class="navbar-brand" href="/">DIGITS</a>\n</div>\n<ul class="nav navbar-nav">\n<li><a href="/models/20170509-174604-6d86">test_model</a></li>\n<li class="active"><a>Test Many</a></li>\n</ul>\n<ul class="nav navbar-nav navbar-right">\n<li>\n<p class="navbar-text">\n            digits-testsuite (<a class="navbar-link" href="/logout">Logout</a>)\n            </p>\n</li>\n<li class="dropdown">\n<a class="dropdown-toggle" data-toggle="dropdown" href="#">Info<span class="caret"></span></a>\n<ul class="dropdown-menu navbar-inverse">\n<li><span class="navbar-text">Server: ethan-computer</span></li>\n<li><span class="navbar-text">DIGITS version: <br> 5.1-dev</br></span></li>\n<li><span class="navbar-text">Caffe version: <br> 0.15.13</br></span></li>\n<li><span class="navbar-text">Caffe flavor: <br> NVIDIA</br></span></li>\n</ul>\n</li>\n<li class="dropdown">\n<a class="dropdown-toggle" data-toggle="dropdown" href="#">About<span class="caret"></span></a>\n<ul class="dropdown-menu about-menu navbar-inverse">\n<li><span class="navbar-text"><a href="https://developer.nvidia.com/digits" target="_blank">\n                        DIGITS on developer.nvidia.com\n                    </a></span></li>\n<li><span class="navbar-text"><a href="https://github.com/NVIDIA/DIGITS" target="_blank">\n                        DIGITS on GitHub\n                    </a></span></li>\n<li><span class="navbar-text"><a href="https://groups.google.com/d/forum/digits-users" target="_blank">\n                        DIGITS user group\n                    </a></span></li>\n<li><span class="navbar-text"><a href="mailto:digits@nvidia.com">\n                        digits@nvidia.com\n                    </a></span></li>\n</ul>\n</li>\n</ul>\n</div>\n</div>\n<div class="container">\n<div class="jumbotron">\n<div class="container">\n<div class="row">\n<div class="col-sm-12" id="show-job-name">\n<h2 style="display:inline;">Infer Many Images</h2>\n</div>\n<div class="col-sm-4" id="edit-job-name" style="display:none;">\n<script>\nfunction updateJobName() {\n    var newName = $("input[name=job-name]").val();\n    $.ajax("/jobs/20170509-174606-5941",\n            {\n                type: "PUT",\n                data: {"job_name": newName}\n                }\n          )\n    .done(function() {\n            $("#show-job-name h2").html(newName);\n            $('#edit-job-name').hide(); $('#show-job-name').show();\n            })\n    .fail(function(data) { errorAlert(data); });\n    return false;\n}\n                </script>\n<input class="form-control" name="job-name" value="Infer Many Images"/>\n<a class="btn btn-primary" href="#" onclick="return updateJobName();">Update</a>\n<a class="btn btn-info" href="#" onclick="$('#edit-job-name').hide(); $('#show-job-name').show(); return false;">Cancel</a>\n</div>\n</div>\n<small>Owner: digits-testsuite</small>\n<div class="pull-right">\n<a class="btn btn-info" disabled="" id="clone-job">Clone Job</a>\n<a class="btn btn-warning hidden disabled" id="abort-job">Abort Job</a>\n<a class="btn btn-danger disabled" id="delete-job">Delete Job</a>\n</div>\n</div>\n<script>\n$('#abort-job').on('click', function(event) {\n        event.preventDefault();\n        bootbox.confirm(\n            'Are you sure you want to abort this job?',\n            function(result) {\n                if (result)\n                    $.ajax("/jobs/20170509-174606-5941/abort",\n                        {type: "POST"})\n                    .done(function() {\n                        $("#abort-job").hide();\n                        })\n                    .fail(function(data) { errorAlert(data); });\n            });\n        });\n\n$('#delete-job').on('click', function(event) {\n        event.preventDefault();\n        bootbox.confirm(\n            'Are you sure you want to delete this job?<br><br>All related files will be permanently removed.',\n            function(result) {\n                if (result)\n                    $.ajax("/jobs/20170509-174606-5941",\n                        {type: "DELETE"})\n                    .done(function() {\n                        window.location = "/";\n                        })\n                    .fail(function(data) { errorAlert(data); });\n            });\n        });\n    </script>\n</div>\n<div class="row">\n<!-- Job content -->\n<div class="col-sm-8">\n<div class="page-header">\n<h1>\n        test_model\n        <small>\n            Image Inference\n        </small>\n</h1>\n</div>\n<div class="alert alert-danger">\n<p>Inference failed, see job log</p>\n</div>\n</div>\n<!-- Tasks -->\n<div class="col-sm-4">\n<div class="panel-group">\n<div class="panel panel-danger" id="job-statuses">\n<div class="panel-heading">\n<h4 class="panel-title">\n                    Job Status\n                    <small>Error</small>\n</h4>\n</div>\n<div class="panel-collapse">\n<div class="panel-body">\n<div class="job-statuses">\n<ul>\n<li>\n<span class="text-warning">Initialized</span>\n        at 05:46:06 PM\n            <small>(0 seconds)</small>\n</li>\n<li>\n<span class="text-info">Running</span>\n        at 05:46:07 PM\n            <small>(3 seconds)</small>\n</li>\n<li>\n<span class="text-danger">Error</span>\n        at 05:46:10 PM\n            <br>\n<small>(Total - 3 seconds)</small>\n</br></li>\n</ul>\n</div>\n<div class="panel-group">\n<div class="panel panel-danger" id="task-140099410826704-status">\n<div class="panel-heading">\n<h4 class="panel-title">\n<a data-toggle="collapse" href="#task-140099410826704-status-collapse">\n                                            Infer Model\n                                            <small>Error</small>\n<span class="caret"></span>\n</a>\n</h4>\n</div>\n<div class="panel-collapse collapse in" id="task-140099410826704-status-collapse">\n<div class="panel-body">\n<div class="task-progress" style="display:none;">\n<div class="progress">\n<div class="progress-bar" style="width:0%">\n                                                    0%\n                                                </div>\n</div>\n                                            Estimated time remaining: <span class="task-eta">?</span>\n<br/>\n<br/>\n</div>\n<div class="task-statuses">\n<ul>\n<li>\n<span class="text-warning">Initialized</span>\n        at 05:46:06 PM\n            <small>(0 seconds)</small>\n</li>\n<li>\n<span class="text-info">Running</span>\n        at 05:46:07 PM\n            <small>(3 seconds)</small>\n</li>\n<li>\n<span class="text-danger">Error</span>\n        at 05:46:10 PM\n            <br>\n<small>(Total - 3 seconds)</small>\n</br></li>\n</ul>\n<h4 class="text-danger">ERROR: error code 1</h4>\n<pre>\nWARNING: log_file config option not found - no log file is being saved\n2017-05-09 17:46:09 [ERROR] InferenceError: Unable to find snapshot for epoch=-1.0\nTraceback (most recent call last):\nFile "/home/ethan/digits_GAN/digits/tools/inference.py", line 293, in &lt;module&gt;\nargs['resize']\nFile "/home/ethan/digits_GAN/digits/tools/inference.py", line 79, in infer\nraise InferenceError("Unable to find snapshot for epoch=%s" % repr(epoch))\ndigits.inference.errors.InferenceError: 'Unable to find snapshot for epoch=-1.0'\n        </pre>\n</div>\n</div>\n</div>\n</div>\n</div>\n</div>\n</div>\n</div>\n</div>\n<div class="gpu-utilization-info" style="display:none;"></div>\n<!-- Related jobs -->\n<div class="panel panel-default" id="notes-information">\n<div class="panel-heading">\n<h4>Notes</h4>\n</div>\n<div class="panel-body">\n<div class="col-sm-12" id="show-job-notes">\n<p style="display:inline;">None</p>\n</div>\n<div class="col-sm-12" id="edit-job-notes" style="display:none;">\n<script type="text/javascript">\n                        function updateJobNotes() {\n                        var newNotes = $("textarea[name=job-notes]").val();\n                        $.ajax("/jobs/20170509-174606-5941",\n                                {\n                                    type: "PUT",\n                                    data: {"job_notes": newNotes}\n                                    }\n                              )\n                        .done(function() {\n                                $("#show-job-notes p").html(newNotes);\n                                $('#edit-job-notes').hide(); $('#show-job-notes').show();\n                                })\n                        .fail(function(data) { errorAlert(data); });\n                        return false;\n                    }\n                    </script>\n<textarea class="form-control" name="job-notes" placeholder="Enter notes" rows="5"></textarea>\n<a class="btn btn-primary" href="#" onclick="return updateJobNotes();">Update</a>\n<a class="btn btn-info" href="#" onclick="$('#edit-job-notes').hide(); $('#show-job-notes').show(); return false;">Cancel</a>\n</div>\n</div>\n</div>\n</div>\n</div>\n<div class="row">\n</div>\n</div>\n<script>\n$SCRIPT_ROOT = "";\n\n$(".explanation-tooltip").tooltip();\n\nwindow.onload = function () {\n    $('.autocomplete_path').autocomplete({\n       serviceUrl: '/autocomplete/path',\n       formatResult: function (suggestion, currentValue)\n       {\n            function baseName(str)\n            {\n               var base = new String(str).substring(str.lastIndexOf('/') + 1);\n               return base;\n            }\n            return baseName(suggestion.value);\n        },\n        minChars: 0\n    });\n    $(".autocomplete_path").removeAttr("autocomplete");\n};\n\n</script>\n<style>\n .about-menu {\n     width: 240px !important;\n }\n .brightness {\n     display: inline-block;\n }\n .brightness img:hover {\n     opacity: .75;\n }\n</style>\n</body>]
-------------------- >> begin captured logging << --------------------
socketio: INFO: emitting event "job update" to job_management [/jobs]
socketio: INFO: emitting event "task update" to 20170509-174313-cb2c [/jobs]
socketio: INFO: emitting event "task update" to 20170509-172344-9606 [/jobs]
socketio: INFO: emitting event "task update" to 20170509-172430-a33c [/jobs]
socketio: INFO: emitting event "task update" to 20170509-172605-0fd8 [/jobs]
socketio: INFO: emitting event "task update" to 20170509-172706-cfe6 [/jobs]
socketio: INFO: emitting event "task update" to 20170509-173209-48ad [/jobs]
socketio: INFO: emitting event "task update" to 20170509-173320-66e3 [/jobs]
socketio: INFO: emitting event "task update" to 20170509-172927-67d2 [/jobs]
socketio: INFO: emitting event "task update" to 20170509-173515-e8bf [/jobs]
socketio: INFO: emitting event "task update" to 20170509-172524-d7c0 [/jobs]
socketio: INFO: emitting event "task update" to 20170509-172419-2d22 [/jobs]
socketio: INFO: emitting event "task update" to 20170509-172337-f1aa [/jobs]
socketio: INFO: emitting event "task update" to 20170509-173228-acad [/jobs]
socketio: INFO: emitting event "task update" to 20170509-172350-6fcd [/jobs]
socketio: INFO: emitting event "task update" to 20170509-173357-1ed1 [/jobs]
socketio: INFO: emitting event "task update" to 20170509-172259-8252 [/jobs]
socketio: INFO: emitting event "task update" to 20170509-173322-0807 [/jobs]
socketio: INFO: emitting event "task update" to 20170509-172114-d063 [/jobs]
socketio: INFO: emitting event "job update" to 20170509-174606-5941 [/jobs]
socketio: INFO: emitting event "job update" to job_management [/jobs]
socketio: INFO: emitting event "server update" to job_management [/jobs]
socketio: INFO: emitting event "server update" to job_management [/jobs]
socketio: INFO: emitting event "task update" to 20170509-172323-89b4 [/jobs]
socketio: INFO: emitting event "task update" to 20170509-174411-45b4 [/jobs]
socketio: INFO: emitting event "task update" to 20170509-173300-0377 [/jobs]
socketio: INFO: emitting event "task update" to 20170509-173245-3417 [/jobs]
socketio: INFO: emitting event "task update" to 20170509-173324-49b0 [/jobs]
digits.webapp: INFO: Infer Model task started.
socketio: INFO: emitting event "task update" to 20170509-174606-5941 [/jobs]
socketio: INFO: emitting event "job update" to 20170509-174606-5941 [/jobs]
socketio: INFO: emitting event "job update" to job_management [/jobs]
digits.webapp: INFO: Task subprocess args: "/usr/bin/python2 /home/ethan/digits_GAN/digits/tools/inference.py /tmp/tmpX3R8Ve/20170509-174557-4a3e/val_db/features /tmp/tmpX3R8Ve/20170509-174606-5941 20170509-174604-6d86 --jobs_dir=/tmp/tmpX3R8Ve --layers=none --gpu=0 --db"
socketio: INFO: emitting event "task update" to 20170509-172342-e0ef [/jobs]
socketio: INFO: emitting event "task update" to 20170509-173108-a6ff [/jobs]
socketio: INFO: emitting event "task update" to 20170509-172725-6a13 [/jobs]
socketio: INFO: emitting event "task update" to 20170509-172806-b5bc [/jobs]
socketio: INFO: emitting event "task update" to 20170509-172227-0156 [/jobs]
socketio: INFO: emitting event "task update" to 20170509-174451-4b24 [/jobs]
socketio: INFO: emitting event "task update" to 20170509-172334-9d18 [/jobs]
socketio: INFO: emitting event "task update" to 20170509-173128-33ce [/jobs]
socketio: INFO: emitting event "task update" to 20170509-174604-6d86 [/jobs]
socketio: INFO: emitting event "task update" to 20170509-172347-b92a [/jobs]
socketio: INFO: emitting event "task update" to 20170509-173326-3e6f [/jobs]
socketio: INFO: emitting event "task update" to 20170509-172315-d38b [/jobs]
socketio: INFO: emitting event "task update" to 20170509-174340-86bb [/jobs]
socketio: INFO: emitting event "task update" to 20170509-172516-8f4b [/jobs]
socketio: INFO: emitting event "task update" to 20170509-172352-bfdd [/jobs]
socketio: INFO: emitting event "task update" to 20170509-172412-e6f0 [/jobs]
socketio: INFO: emitting event "task update" to 20170509-173329-1cea [/jobs]
socketio: INFO: emitting event "task update" to 20170509-173229-c795 [/jobs]
socketio: INFO: emitting event "task update" to 20170509-172202-9230 [/jobs]
socketio: INFO: emitting event "task update" to 20170509-173331-d237 [/jobs]
socketio: INFO: emitting event "task update" to 20170509-172317-7da8 [/jobs]
socketio: INFO: emitting event "task update" to 20170509-173008-ee07 [/jobs]
socketio: INFO: emitting event "task update" to 20170509-172210-1907 [/jobs]
socketio: INFO: emitting event "task update" to 20170509-173333-e98b [/jobs]
socketio: INFO: emitting event "task update" to 20170509-172825-84c5 [/jobs]
socketio: INFO: emitting event "task update" to 20170509-173335-6067 [/jobs]
socketio: INFO: emitting event "task update" to 20170509-172147-4505 [/jobs]
socketio: INFO: emitting event "task update" to 20170509-173337-8532 [/jobs]
socketio: INFO: emitting event "task update" to 20170509-172907-6ffa [/jobs]
socketio: INFO: emitting event "task update" to 20170509-174533-2a57 [/jobs]
socketio: INFO: emitting event "task update" to 20170509-172339-dc52 [/jobs]
socketio: INFO: emitting event "task update" to 20170509-172625-e177 [/jobs]
socketio: INFO: emitting event "task update" to 20170509-173316-5f8a [/jobs]
socketio: INFO: emitting event "task update" to 20170509-173318-416e [/jobs]
socketio: INFO: emitting event "task update" to 20170509-173415-8046 [/jobs]
socketio: INFO: emitting event "task update" to 20170509-173027-0946 [/jobs]
socketio: INFO: emitting event "task update" to 20170509-172218-c9c0 [/jobs]
socketio: INFO: emitting event "task update" to 20170509-172328-6826 [/jobs]
socketio: INFO: emitting event "task update" to 20170509-173403-2593 [/jobs]
socketio: INFO: emitting event "task update" to 20170509-174313-cb2c [/jobs]
socketio: INFO: emitting event "task update" to 20170509-172344-9606 [/jobs]
socketio: INFO: emitting event "task update" to 20170509-172430-a33c [/jobs]
socketio: INFO: emitting event "task update" to 20170509-172605-0fd8 [/jobs]
socketio: INFO: emitting event "task update" to 20170509-172706-cfe6 [/jobs]
socketio: INFO: emitting event "task update" to 20170509-173209-48ad [/jobs]
socketio: INFO: emitting event "task update" to 20170509-173320-66e3 [/jobs]
socketio: INFO: emitting event "task update" to 20170509-172927-67d2 [/jobs]
socketio: INFO: emitting event "task update" to 20170509-173515-e8bf [/jobs]
socketio: INFO: emitting event "task update" to 20170509-172524-d7c0 [/jobs]
socketio: INFO: emitting event "task update" to 20170509-172419-2d22 [/jobs]
socketio: INFO: emitting event "task update" to 20170509-172337-f1aa [/jobs]
socketio: INFO: emitting event "task update" to 20170509-173228-acad [/jobs]
socketio: INFO: emitting event "task update" to 20170509-172350-6fcd [/jobs]
socketio: INFO: emitting event "task update" to 20170509-173357-1ed1 [/jobs]
socketio: INFO: emitting event "task update" to 20170509-172259-8252 [/jobs]
socketio: INFO: emitting event "task update" to 20170509-173322-0807 [/jobs]
socketio: INFO: emitting event "task update" to 20170509-172114-d063 [/jobs]
socketio: INFO: emitting event "task update" to 20170509-172323-89b4 [/jobs]
socketio: INFO: emitting event "task update" to 20170509-174411-45b4 [/jobs]
socketio: INFO: emitting event "task update" to 20170509-173300-0377 [/jobs]
socketio: INFO: emitting event "task update" to 20170509-173245-3417 [/jobs]
socketio: INFO: emitting event "task update" to 20170509-173324-49b0 [/jobs]
socketio: INFO: emitting event "task update" to 20170509-172342-e0ef [/jobs]
socketio: INFO: emitting event "task update" to 20170509-173108-a6ff [/jobs]
socketio: INFO: emitting event "task update" to 20170509-172725-6a13 [/jobs]
socketio: INFO: emitting event "task update" to 20170509-172806-b5bc [/jobs]
socketio: INFO: emitting event "task update" to 20170509-172227-0156 [/jobs]
socketio: INFO: emitting event "task update" to 20170509-174451-4b24 [/jobs]
socketio: INFO: emitting event "task update" to 20170509-172334-9d18 [/jobs]
socketio: INFO: emitting event "task update" to 20170509-173128-33ce [/jobs]
socketio: INFO: emitting event "task update" to 20170509-174604-6d86 [/jobs]
socketio: INFO: emitting event "task update" to 20170509-172347-b92a [/jobs]
socketio: INFO: emitting event "task update" to 20170509-173326-3e6f [/jobs]
socketio: INFO: emitting event "task update" to 20170509-172315-d38b [/jobs]
socketio: INFO: emitting event "task update" to 20170509-174340-86bb [/jobs]
socketio: INFO: emitting event "task update" to 20170509-172516-8f4b [/jobs]
socketio: INFO: emitting event "task update" to 20170509-172352-bfdd [/jobs]
socketio: INFO: emitting event "task update" to 20170509-172412-e6f0 [/jobs]
socketio: INFO: emitting event "task update" to 20170509-173329-1cea [/jobs]
socketio: INFO: emitting event "task update" to 20170509-173229-c795 [/jobs]
socketio: INFO: emitting event "task update" to 20170509-172202-9230 [/jobs]
socketio: INFO: emitting event "task update" to 20170509-173331-d237 [/jobs]
socketio: INFO: emitting event "task update" to 20170509-172317-7da8 [/jobs]
socketio: INFO: emitting event "task update" to 20170509-173008-ee07 [/jobs]
socketio: INFO: emitting event "task update" to 20170509-172210-1907 [/jobs]
socketio: INFO: emitting event "task update" to 20170509-173333-e98b [/jobs]
socketio: INFO: emitting event "task update" to 20170509-172825-84c5 [/jobs]
socketio: INFO: emitting event "task update" to 20170509-173335-6067 [/jobs]
socketio: INFO: emitting event "task update" to 20170509-172147-4505 [/jobs]
socketio: INFO: emitting event "task update" to 20170509-173337-8532 [/jobs]
socketio: INFO: emitting event "task update" to 20170509-172907-6ffa [/jobs]
socketio: INFO: emitting event "task update" to 20170509-174533-2a57 [/jobs]
socketio: INFO: emitting event "task update" to 20170509-172339-dc52 [/jobs]
socketio: INFO: emitting event "task update" to 20170509-172625-e177 [/jobs]
socketio: INFO: emitting event "task update" to 20170509-173316-5f8a [/jobs]
socketio: INFO: emitting event "task update" to 20170509-173318-416e [/jobs]
socketio: INFO: emitting event "task update" to 20170509-173415-8046 [/jobs]
socketio: INFO: emitting event "task update" to 20170509-173027-0946 [/jobs]
socketio: INFO: emitting event "task update" to 20170509-172218-c9c0 [/jobs]
socketio: INFO: emitting event "task update" to 20170509-172328-6826 [/jobs]
socketio: INFO: emitting event "task update" to 20170509-173403-2593 [/jobs]
socketio: INFO: emitting event "task update" to 20170509-174313-cb2c [/jobs]
socketio: INFO: emitting event "task update" to 20170509-172344-9606 [/jobs]
socketio: INFO: emitting event "task update" to 20170509-172430-a33c [/jobs]
socketio: INFO: emitting event "task update" to 20170509-172605-0fd8 [/jobs]
socketio: INFO: emitting event "task update" to 20170509-172706-cfe6 [/jobs]
socketio: INFO: emitting event "task update" to 20170509-173209-48ad [/jobs]
socketio: INFO: emitting event "task update" to 20170509-173320-66e3 [/jobs]
socketio: INFO: emitting event "task update" to 20170509-172927-67d2 [/jobs]
socketio: INFO: emitting event "task update" to 20170509-173515-e8bf [/jobs]
socketio: INFO: emitting event "task update" to 20170509-172524-d7c0 [/jobs]
socketio: INFO: emitting event "task update" to 20170509-172419-2d22 [/jobs]
socketio: INFO: emitting event "task update" to 20170509-172337-f1aa [/jobs]
socketio: INFO: emitting event "task update" to 20170509-173228-acad [/jobs]
socketio: INFO: emitting event "task update" to 20170509-172350-6fcd [/jobs]
socketio: INFO: emitting event "task update" to 20170509-173357-1ed1 [/jobs]
socketio: INFO: emitting event "task update" to 20170509-172259-8252 [/jobs]
socketio: INFO: emitting event "task update" to 20170509-173322-0807 [/jobs]
socketio: INFO: emitting event "task update" to 20170509-172114-d063 [/jobs]
socketio: INFO: emitting event "task update" to 20170509-172323-89b4 [/jobs]
socketio: INFO: emitting event "task update" to 20170509-174411-45b4 [/jobs]
socketio: INFO: emitting event "task update" to 20170509-173300-0377 [/jobs]
socketio: INFO: emitting event "task update" to 20170509-173245-3417 [/jobs]
socketio: INFO: emitting event "task update" to 20170509-173324-49b0 [/jobs]
socketio: INFO: emitting event "task update" to 20170509-172342-e0ef [/jobs]
socketio: INFO: emitting event "task update" to 20170509-173108-a6ff [/jobs]
socketio: INFO: emitting event "task update" to 20170509-172725-6a13 [/jobs]
socketio: INFO: emitting event "task update" to 20170509-172806-b5bc [/jobs]
socketio: INFO: emitting event "task update" to 20170509-172227-0156 [/jobs]
socketio: INFO: emitting event "task update" to 20170509-174451-4b24 [/jobs]
socketio: INFO: emitting event "task update" to 20170509-172334-9d18 [/jobs]
socketio: INFO: emitting event "task update" to 20170509-173128-33ce [/jobs]
socketio: INFO: emitting event "task update" to 20170509-174604-6d86 [/jobs]
socketio: INFO: emitting event "task update" to 20170509-172347-b92a [/jobs]
socketio: INFO: emitting event "task update" to 20170509-173326-3e6f [/jobs]
socketio: INFO: emitting event "task update" to 20170509-172315-d38b [/jobs]
socketio: INFO: emitting event "task update" to 20170509-174340-86bb [/jobs]
socketio: INFO: emitting event "task update" to 20170509-172516-8f4b [/jobs]
socketio: INFO: emitting event "task update" to 20170509-172352-bfdd [/jobs]
socketio: INFO: emitting event "task update" to 20170509-172412-e6f0 [/jobs]
socketio: INFO: emitting event "task update" to 20170509-173329-1cea [/jobs]
socketio: INFO: emitting event "task update" to 20170509-173229-c795 [/jobs]
socketio: INFO: emitting event "task update" to 20170509-172202-9230 [/jobs]
socketio: INFO: emitting event "task update" to 20170509-173331-d237 [/jobs]
socketio: INFO: emitting event "task update" to 20170509-172317-7da8 [/jobs]
socketio: INFO: emitting event "task update" to 20170509-173008-ee07 [/jobs]
socketio: INFO: emitting event "task update" to 20170509-172210-1907 [/jobs]
socketio: INFO: emitting event "task update" to 20170509-173333-e98b [/jobs]
socketio: INFO: emitting event "task update" to 20170509-172825-84c5 [/jobs]
socketio: INFO: emitting event "task update" to 20170509-173335-6067 [/jobs]
socketio: INFO: emitting event "task update" to 20170509-172147-4505 [/jobs]
socketio: INFO: emitting event "task update" to 20170509-173337-8532 [/jobs]
socketio: INFO: emitting event "task update" to 20170509-172907-6ffa [/jobs]
socketio: INFO: emitting event "task update" to 20170509-174533-2a57 [/jobs]
socketio: INFO: emitting event "task update" to 20170509-172339-dc52 [/jobs]
digits.webapp: WARNING: Infer Model unrecognized output: WARNING: log_file config option not found - no log file is being saved
digits.webapp: WARNING: Infer Model unrecognized output: 2017-05-09 17:46:09 [ERROR] InferenceError: Unable to find snapshot for epoch=-1.0
digits.webapp: WARNING: Infer Model unrecognized output: Traceback (most recent call last):
digits.webapp: WARNING: Infer Model unrecognized output: File "/home/ethan/digits_GAN/digits/tools/inference.py", line 293, in <module>
digits.webapp: WARNING: Infer Model unrecognized output: args['resize']
digits.webapp: WARNING: Infer Model unrecognized output: File "/home/ethan/digits_GAN/digits/tools/inference.py", line 79, in infer
digits.webapp: WARNING: Infer Model unrecognized output: raise InferenceError("Unable to find snapshot for epoch=%s" % repr(epoch))
digits.webapp: WARNING: Infer Model unrecognized output: digits.inference.errors.InferenceError: 'Unable to find snapshot for epoch=-1.0'
socketio: INFO: emitting event "task update" to 20170509-172625-e177 [/jobs]
socketio: INFO: emitting event "task update" to 20170509-173316-5f8a [/jobs]
socketio: INFO: emitting event "task update" to 20170509-173318-416e [/jobs]
socketio: INFO: emitting event "task update" to 20170509-173415-8046 [/jobs]
socketio: INFO: emitting event "task update" to 20170509-173027-0946 [/jobs]
socketio: INFO: emitting event "task update" to 20170509-172218-c9c0 [/jobs]
socketio: INFO: emitting event "task update" to 20170509-172328-6826 [/jobs]
socketio: INFO: emitting event "task update" to 20170509-173403-2593 [/jobs]
socketio: INFO: emitting event "task update" to 20170509-174313-cb2c [/jobs]
socketio: INFO: emitting event "task update" to 20170509-172344-9606 [/jobs]
socketio: INFO: emitting event "task update" to 20170509-172430-a33c [/jobs]
socketio: INFO: emitting event "task update" to 20170509-172605-0fd8 [/jobs]
socketio: INFO: emitting event "task update" to 20170509-172706-cfe6 [/jobs]
socketio: INFO: emitting event "task update" to 20170509-173209-48ad [/jobs]
socketio: INFO: emitting event "task update" to 20170509-173320-66e3 [/jobs]
socketio: INFO: emitting event "task update" to 20170509-172927-67d2 [/jobs]
socketio: INFO: emitting event "task update" to 20170509-173515-e8bf [/jobs]
digits.webapp: ERROR: Infer Model task failed with error code 1
socketio: INFO: emitting event "task update" to 20170509-174606-5941 [/jobs]
socketio: INFO: emitting event "job update" to 20170509-174606-5941 [/jobs]
socketio: INFO: emitting event "job update" to job_management [/jobs]
socketio: INFO: emitting event "server update" to job_management [/jobs]
socketio: INFO: emitting event "server update" to job_management [/jobs]
socketio: INFO: emitting event "task update" to 20170509-172524-d7c0 [/jobs]
socketio: INFO: emitting event "task update" to 20170509-172419-2d22 [/jobs]
socketio: INFO: emitting event "task update" to 20170509-172337-f1aa [/jobs]
socketio: INFO: emitting event "job update" to 20170509-174606-5941 [/jobs]
socketio: INFO: emitting event "job update" to job_management [/jobs]
digits: INFO: Job deleted.
socketio: INFO: emitting event "job update" to job_management [/jobs]
--------------------- >> end captured logging << ---------------------

======================================================================
FAIL: digits.model.images.generic.test_views.TestTensorflowCreatedWithImageProcessingExtensionMeanNone.test_infer_db_json
----------------------------------------------------------------------
Traceback (most recent call last):
  File "/home/ethan/.local/lib/python2.7/site-packages/nose/case.py", line 197, in runTest
    self.test(*self.arg)
  File "/home/ethan/digits_GAN/digits/model/images/generic/test_views.py", line 881, in test_infer_db_json
    super(BaseTestCreatedWithImageProcessingExtension, self).test_infer_db_json()
  File "/home/ethan/digits_GAN/digits/model/images/generic/test_views.py", line 686, in test_infer_db_json
    assert rv.status_code == 200, 'POST failed with %s\n\n%s' % (rv.status_code, rv.data)
AssertionError: POST failed with 500

{
  "error": {
    "message": "'NoneType' object is not iterable",
    "trace": [
      "Traceback (most recent call last):",
      "  File \"/usr/lib/python2.7/dist-packages/flask/app.py\", line 1475, in full_dispatch_request",
      "    rv = self.dispatch_request()",
      "  File \"/usr/lib/python2.7/dist-packages/flask/app.py\", line 1461, in dispatch_request",
      "    return self.view_functions[rule.endpoint](**req.view_args)",
      "  File \"/home/ethan/digits_GAN/digits/webapp.py\", line 81, in decorated",
      "    return f(*args, **kwargs)",
      "  File \"/home/ethan/digits_GAN/digits/model/images/generic/views.py\", line 600, in infer_db",
      "    for i, key in enumerate(keys):",
      "TypeError: 'NoneType' object is not iterable",
      ""
    ],
    "type": "TypeError"
  }
}
-------------------- >> begin captured logging << --------------------
socketio: INFO: emitting event "job update" to job_management [/jobs]
socketio: INFO: emitting event "task update" to 20170509-173228-acad [/jobs]
socketio: INFO: emitting event "task update" to 20170509-172350-6fcd [/jobs]
socketio: INFO: emitting event "task update" to 20170509-173357-1ed1 [/jobs]
socketio: INFO: emitting event "task update" to 20170509-172259-8252 [/jobs]
socketio: INFO: emitting event "task update" to 20170509-173322-0807 [/jobs]
socketio: INFO: emitting event "task update" to 20170509-172114-d063 [/jobs]
socketio: INFO: emitting event "task update" to 20170509-172323-89b4 [/jobs]
socketio: INFO: emitting event "task update" to 20170509-174411-45b4 [/jobs]
socketio: INFO: emitting event "task update" to 20170509-173300-0377 [/jobs]
socketio: INFO: emitting event "task update" to 20170509-173245-3417 [/jobs]
socketio: INFO: emitting event "task update" to 20170509-173324-49b0 [/jobs]
socketio: INFO: emitting event "job update" to 20170509-174610-bd4a [/jobs]
socketio: INFO: emitting event "job update" to job_management [/jobs]
socketio: INFO: emitting event "server update" to job_management [/jobs]
socketio: INFO: emitting event "server update" to job_management [/jobs]
digits.webapp: INFO: Infer Model task started.
socketio: INFO: emitting event "task update" to 20170509-174610-bd4a [/jobs]
socketio: INFO: emitting event "job update" to 20170509-174610-bd4a [/jobs]
socketio: INFO: emitting event "job update" to job_management [/jobs]
digits.webapp: INFO: Task subprocess args: "/usr/bin/python2 /home/ethan/digits_GAN/digits/tools/inference.py /tmp/tmpX3R8Ve/20170509-174557-4a3e/val_db/features /tmp/tmpX3R8Ve/20170509-174610-bd4a 20170509-174604-6d86 --jobs_dir=/tmp/tmpX3R8Ve --layers=none --gpu=0 --db"
socketio: INFO: emitting event "task update" to 20170509-172342-e0ef [/jobs]
socketio: INFO: emitting event "task update" to 20170509-173108-a6ff [/jobs]
socketio: INFO: emitting event "task update" to 20170509-172725-6a13 [/jobs]
socketio: INFO: emitting event "task update" to 20170509-172806-b5bc [/jobs]
socketio: INFO: emitting event "task update" to 20170509-172227-0156 [/jobs]
socketio: INFO: emitting event "task update" to 20170509-174451-4b24 [/jobs]
socketio: INFO: emitting event "task update" to 20170509-172334-9d18 [/jobs]
socketio: INFO: emitting event "task update" to 20170509-173128-33ce [/jobs]
socketio: INFO: emitting event "task update" to 20170509-174604-6d86 [/jobs]
socketio: INFO: emitting event "task update" to 20170509-172347-b92a [/jobs]
socketio: INFO: emitting event "task update" to 20170509-173326-3e6f [/jobs]
socketio: INFO: emitting event "task update" to 20170509-172315-d38b [/jobs]
socketio: INFO: emitting event "task update" to 20170509-174340-86bb [/jobs]
socketio: INFO: emitting event "task update" to 20170509-172516-8f4b [/jobs]
socketio: INFO: emitting event "task update" to 20170509-172352-bfdd [/jobs]
socketio: INFO: emitting event "task update" to 20170509-172412-e6f0 [/jobs]
socketio: INFO: emitting event "task update" to 20170509-173329-1cea [/jobs]
socketio: INFO: emitting event "task update" to 20170509-173229-c795 [/jobs]
socketio: INFO: emitting event "task update" to 20170509-172202-9230 [/jobs]
socketio: INFO: emitting event "task update" to 20170509-173331-d237 [/jobs]
socketio: INFO: emitting event "task update" to 20170509-172317-7da8 [/jobs]
socketio: INFO: emitting event "task update" to 20170509-173008-ee07 [/jobs]
socketio: INFO: emitting event "task update" to 20170509-172210-1907 [/jobs]
socketio: INFO: emitting event "task update" to 20170509-173333-e98b [/jobs]
socketio: INFO: emitting event "task update" to 20170509-172825-84c5 [/jobs]
socketio: INFO: emitting event "task update" to 20170509-173335-6067 [/jobs]
socketio: INFO: emitting event "task update" to 20170509-172147-4505 [/jobs]
socketio: INFO: emitting event "task update" to 20170509-173337-8532 [/jobs]
socketio: INFO: emitting event "task update" to 20170509-172907-6ffa [/jobs]
socketio: INFO: emitting event "task update" to 20170509-174533-2a57 [/jobs]
socketio: INFO: emitting event "task update" to 20170509-172339-dc52 [/jobs]
socketio: INFO: emitting event "task update" to 20170509-172625-e177 [/jobs]
socketio: INFO: emitting event "task update" to 20170509-173316-5f8a [/jobs]
socketio: INFO: emitting event "task update" to 20170509-173318-416e [/jobs]
socketio: INFO: emitting event "task update" to 20170509-173415-8046 [/jobs]
socketio: INFO: emitting event "task update" to 20170509-173027-0946 [/jobs]
socketio: INFO: emitting event "task update" to 20170509-172218-c9c0 [/jobs]
socketio: INFO: emitting event "task update" to 20170509-172328-6826 [/jobs]
socketio: INFO: emitting event "task update" to 20170509-173403-2593 [/jobs]
socketio: INFO: emitting event "task update" to 20170509-174313-cb2c [/jobs]
socketio: INFO: emitting event "task update" to 20170509-172344-9606 [/jobs]
socketio: INFO: emitting event "task update" to 20170509-172430-a33c [/jobs]
socketio: INFO: emitting event "task update" to 20170509-172605-0fd8 [/jobs]
socketio: INFO: emitting event "task update" to 20170509-172706-cfe6 [/jobs]
socketio: INFO: emitting event "task update" to 20170509-173209-48ad [/jobs]
socketio: INFO: emitting event "task update" to 20170509-173320-66e3 [/jobs]
socketio: INFO: emitting event "task update" to 20170509-172927-67d2 [/jobs]
socketio: INFO: emitting event "task update" to 20170509-173515-e8bf [/jobs]
socketio: INFO: emitting event "task update" to 20170509-172524-d7c0 [/jobs]
socketio: INFO: emitting event "task update" to 20170509-172419-2d22 [/jobs]
socketio: INFO: emitting event "task update" to 20170509-172337-f1aa [/jobs]
socketio: INFO: emitting event "task update" to 20170509-173228-acad [/jobs]
socketio: INFO: emitting event "task update" to 20170509-172350-6fcd [/jobs]
socketio: INFO: emitting event "task update" to 20170509-173357-1ed1 [/jobs]
socketio: INFO: emitting event "task update" to 20170509-172259-8252 [/jobs]
socketio: INFO: emitting event "task update" to 20170509-173322-0807 [/jobs]
socketio: INFO: emitting event "task update" to 20170509-172114-d063 [/jobs]
socketio: INFO: emitting event "task update" to 20170509-172323-89b4 [/jobs]
socketio: INFO: emitting event "task update" to 20170509-174411-45b4 [/jobs]
socketio: INFO: emitting event "task update" to 20170509-173300-0377 [/jobs]
socketio: INFO: emitting event "task update" to 20170509-173245-3417 [/jobs]
socketio: INFO: emitting event "task update" to 20170509-173324-49b0 [/jobs]
socketio: INFO: emitting event "task update" to 20170509-172342-e0ef [/jobs]
socketio: INFO: emitting event "task update" to 20170509-173108-a6ff [/jobs]
socketio: INFO: emitting event "task update" to 20170509-172725-6a13 [/jobs]
socketio: INFO: emitting event "task update" to 20170509-172806-b5bc [/jobs]
socketio: INFO: emitting event "task update" to 20170509-172227-0156 [/jobs]
socketio: INFO: emitting event "task update" to 20170509-174451-4b24 [/jobs]
socketio: INFO: emitting event "task update" to 20170509-172334-9d18 [/jobs]
socketio: INFO: emitting event "task update" to 20170509-173128-33ce [/jobs]
socketio: INFO: emitting event "task update" to 20170509-174604-6d86 [/jobs]
socketio: INFO: emitting event "task update" to 20170509-172347-b92a [/jobs]
socketio: INFO: emitting event "task update" to 20170509-173326-3e6f [/jobs]
socketio: INFO: emitting event "task update" to 20170509-172315-d38b [/jobs]
socketio: INFO: emitting event "task update" to 20170509-174340-86bb [/jobs]
socketio: INFO: emitting event "task update" to 20170509-172516-8f4b [/jobs]
socketio: INFO: emitting event "task update" to 20170509-172352-bfdd [/jobs]
socketio: INFO: emitting event "task update" to 20170509-172412-e6f0 [/jobs]
socketio: INFO: emitting event "task update" to 20170509-173329-1cea [/jobs]
socketio: INFO: emitting event "task update" to 20170509-173229-c795 [/jobs]
socketio: INFO: emitting event "task update" to 20170509-172202-9230 [/jobs]
socketio: INFO: emitting event "task update" to 20170509-173331-d237 [/jobs]
socketio: INFO: emitting event "task update" to 20170509-172317-7da8 [/jobs]
socketio: INFO: emitting event "task update" to 20170509-173008-ee07 [/jobs]
socketio: INFO: emitting event "task update" to 20170509-172210-1907 [/jobs]
socketio: INFO: emitting event "task update" to 20170509-173333-e98b [/jobs]
socketio: INFO: emitting event "task update" to 20170509-172825-84c5 [/jobs]
socketio: INFO: emitting event "task update" to 20170509-173335-6067 [/jobs]
socketio: INFO: emitting event "task update" to 20170509-172147-4505 [/jobs]
socketio: INFO: emitting event "task update" to 20170509-173337-8532 [/jobs]
socketio: INFO: emitting event "task update" to 20170509-172907-6ffa [/jobs]
socketio: INFO: emitting event "task update" to 20170509-174533-2a57 [/jobs]
socketio: INFO: emitting event "task update" to 20170509-172339-dc52 [/jobs]
socketio: INFO: emitting event "task update" to 20170509-172625-e177 [/jobs]
socketio: INFO: emitting event "task update" to 20170509-173316-5f8a [/jobs]
socketio: INFO: emitting event "task update" to 20170509-173318-416e [/jobs]
socketio: INFO: emitting event "task update" to 20170509-173415-8046 [/jobs]
socketio: INFO: emitting event "task update" to 20170509-173027-0946 [/jobs]
socketio: INFO: emitting event "task update" to 20170509-172218-c9c0 [/jobs]
socketio: INFO: emitting event "task update" to 20170509-172328-6826 [/jobs]
socketio: INFO: emitting event "task update" to 20170509-173403-2593 [/jobs]
socketio: INFO: emitting event "task update" to 20170509-174313-cb2c [/jobs]
socketio: INFO: emitting event "task update" to 20170509-172344-9606 [/jobs]
socketio: INFO: emitting event "task update" to 20170509-172430-a33c [/jobs]
socketio: INFO: emitting event "task update" to 20170509-172605-0fd8 [/jobs]
socketio: INFO: emitting event "task update" to 20170509-172706-cfe6 [/jobs]
socketio: INFO: emitting event "task update" to 20170509-173209-48ad [/jobs]
socketio: INFO: emitting event "task update" to 20170509-173320-66e3 [/jobs]
socketio: INFO: emitting event "task update" to 20170509-172927-67d2 [/jobs]
socketio: INFO: emitting event "task update" to 20170509-173515-e8bf [/jobs]
socketio: INFO: emitting event "task update" to 20170509-172524-d7c0 [/jobs]
socketio: INFO: emitting event "task update" to 20170509-172419-2d22 [/jobs]
socketio: INFO: emitting event "task update" to 20170509-172337-f1aa [/jobs]
socketio: INFO: emitting event "task update" to 20170509-173228-acad [/jobs]
socketio: INFO: emitting event "task update" to 20170509-172350-6fcd [/jobs]
socketio: INFO: emitting event "task update" to 20170509-173357-1ed1 [/jobs]
socketio: INFO: emitting event "task update" to 20170509-172259-8252 [/jobs]
socketio: INFO: emitting event "task update" to 20170509-173322-0807 [/jobs]
socketio: INFO: emitting event "task update" to 20170509-172114-d063 [/jobs]
socketio: INFO: emitting event "task update" to 20170509-172323-89b4 [/jobs]
socketio: INFO: emitting event "task update" to 20170509-174411-45b4 [/jobs]
socketio: INFO: emitting event "task update" to 20170509-173300-0377 [/jobs]
socketio: INFO: emitting event "task update" to 20170509-173245-3417 [/jobs]
socketio: INFO: emitting event "task update" to 20170509-173324-49b0 [/jobs]
socketio: INFO: emitting event "task update" to 20170509-172342-e0ef [/jobs]
socketio: INFO: emitting event "task update" to 20170509-173108-a6ff [/jobs]
socketio: INFO: emitting event "task update" to 20170509-172725-6a13 [/jobs]
socketio: INFO: emitting event "task update" to 20170509-172806-b5bc [/jobs]
socketio: INFO: emitting event "task update" to 20170509-172227-0156 [/jobs]
socketio: INFO: emitting event "task update" to 20170509-174451-4b24 [/jobs]
socketio: INFO: emitting event "task update" to 20170509-172334-9d18 [/jobs]
socketio: INFO: emitting event "task update" to 20170509-173128-33ce [/jobs]
socketio: INFO: emitting event "task update" to 20170509-174604-6d86 [/jobs]
socketio: INFO: emitting event "task update" to 20170509-172347-b92a [/jobs]
socketio: INFO: emitting event "task update" to 20170509-173326-3e6f [/jobs]
socketio: INFO: emitting event "task update" to 20170509-172315-d38b [/jobs]
socketio: INFO: emitting event "task update" to 20170509-174340-86bb [/jobs]
socketio: INFO: emitting event "task update" to 20170509-172516-8f4b [/jobs]
socketio: INFO: emitting event "task update" to 20170509-172352-bfdd [/jobs]
socketio: INFO: emitting event "task update" to 20170509-172412-e6f0 [/jobs]
socketio: INFO: emitting event "task update" to 20170509-173329-1cea [/jobs]
socketio: INFO: emitting event "task update" to 20170509-173229-c795 [/jobs]
socketio: INFO: emitting event "task update" to 20170509-172202-9230 [/jobs]
socketio: INFO: emitting event "task update" to 20170509-173331-d237 [/jobs]
socketio: INFO: emitting event "task update" to 20170509-172317-7da8 [/jobs]
socketio: INFO: emitting event "task update" to 20170509-173008-ee07 [/jobs]
socketio: INFO: emitting event "task update" to 20170509-172210-1907 [/jobs]
socketio: INFO: emitting event "task update" to 20170509-173333-e98b [/jobs]
socketio: INFO: emitting event "task update" to 20170509-172825-84c5 [/jobs]
socketio: INFO: emitting event "task update" to 20170509-173335-6067 [/jobs]
socketio: INFO: emitting event "task update" to 20170509-172147-4505 [/jobs]
socketio: INFO: emitting event "task update" to 20170509-173337-8532 [/jobs]
socketio: INFO: emitting event "task update" to 20170509-172907-6ffa [/jobs]
digits.webapp: WARNING: Infer Model unrecognized output: WARNING: log_file config option not found - no log file is being saved
digits.webapp: WARNING: Infer Model unrecognized output: 2017-05-09 17:46:12 [ERROR] InferenceError: Unable to find snapshot for epoch=-1.0
digits.webapp: WARNING: Infer Model unrecognized output: Traceback (most recent call last):
digits.webapp: WARNING: Infer Model unrecognized output: File "/home/ethan/digits_GAN/digits/tools/inference.py", line 293, in <module>
digits.webapp: WARNING: Infer Model unrecognized output: args['resize']
digits.webapp: WARNING: Infer Model unrecognized output: File "/home/ethan/digits_GAN/digits/tools/inference.py", line 79, in infer
digits.webapp: WARNING: Infer Model unrecognized output: raise InferenceError("Unable to find snapshot for epoch=%s" % repr(epoch))
digits.webapp: WARNING: Infer Model unrecognized output: digits.inference.errors.InferenceError: 'Unable to find snapshot for epoch=-1.0'
socketio: INFO: emitting event "task update" to 20170509-174533-2a57 [/jobs]
socketio: INFO: emitting event "task update" to 20170509-172339-dc52 [/jobs]
socketio: INFO: emitting event "task update" to 20170509-172625-e177 [/jobs]
socketio: INFO: emitting event "task update" to 20170509-173316-5f8a [/jobs]
socketio: INFO: emitting event "task update" to 20170509-173318-416e [/jobs]
socketio: INFO: emitting event "task update" to 20170509-173415-8046 [/jobs]
socketio: INFO: emitting event "task update" to 20170509-173027-0946 [/jobs]
socketio: INFO: emitting event "task update" to 20170509-172218-c9c0 [/jobs]
socketio: INFO: emitting event "task update" to 20170509-172328-6826 [/jobs]
socketio: INFO: emitting event "task update" to 20170509-173403-2593 [/jobs]
socketio: INFO: emitting event "task update" to 20170509-174313-cb2c [/jobs]
socketio: INFO: emitting event "task update" to 20170509-172344-9606 [/jobs]
socketio: INFO: emitting event "task update" to 20170509-172430-a33c [/jobs]
socketio: INFO: emitting event "task update" to 20170509-172605-0fd8 [/jobs]
socketio: INFO: emitting event "task update" to 20170509-172706-cfe6 [/jobs]
socketio: INFO: emitting event "task update" to 20170509-173209-48ad [/jobs]
socketio: INFO: emitting event "task update" to 20170509-173320-66e3 [/jobs]
socketio: INFO: emitting event "task update" to 20170509-172927-67d2 [/jobs]
socketio: INFO: emitting event "task update" to 20170509-173515-e8bf [/jobs]
socketio: INFO: emitting event "task update" to 20170509-172524-d7c0 [/jobs]
socketio: INFO: emitting event "task update" to 20170509-172419-2d22 [/jobs]
socketio: INFO: emitting event "task update" to 20170509-172337-f1aa [/jobs]
socketio: INFO: emitting event "task update" to 20170509-173228-acad [/jobs]
digits.webapp: ERROR: Infer Model task failed with error code 1
socketio: INFO: emitting event "task update" to 20170509-174610-bd4a [/jobs]
socketio: INFO: emitting event "job update" to 20170509-174610-bd4a [/jobs]
socketio: INFO: emitting event "job update" to job_management [/jobs]
socketio: INFO: emitting event "server update" to job_management [/jobs]
socketio: INFO: emitting event "server update" to job_management [/jobs]
socketio: INFO: emitting event "task update" to 20170509-172350-6fcd [/jobs]
socketio: INFO: emitting event "task update" to 20170509-173357-1ed1 [/jobs]
socketio: INFO: emitting event "task update" to 20170509-172259-8252 [/jobs]
socketio: INFO: emitting event "task update" to 20170509-173322-0807 [/jobs]
socketio: INFO: emitting event "task update" to 20170509-172114-d063 [/jobs]
socketio: INFO: emitting event "task update" to 20170509-172323-89b4 [/jobs]
socketio: INFO: emitting event "task update" to 20170509-174411-45b4 [/jobs]
socketio: INFO: emitting event "task update" to 20170509-173300-0377 [/jobs]
socketio: INFO: emitting event "task update" to 20170509-173245-3417 [/jobs]
socketio: INFO: emitting event "task update" to 20170509-173324-49b0 [/jobs]
socketio: INFO: emitting event "job update" to 20170509-174610-bd4a [/jobs]
socketio: INFO: emitting event "job update" to job_management [/jobs]
digits: INFO: Job deleted.
socketio: INFO: emitting event "job update" to job_management [/jobs]
--------------------- >> end captured logging << ---------------------

======================================================================
FAIL: digits.model.images.generic.test_views.TestTensorflowCreatedWithImageProcessingExtensionMeanNone.test_infer_many
----------------------------------------------------------------------
Traceback (most recent call last):
  File "/home/ethan/.local/lib/python2.7/site-packages/nose/case.py", line 197, in runTest
    self.test(*self.arg)
  File "/home/ethan/digits_GAN/digits/model/images/generic/test_views.py", line 626, in test_infer_many
    assert rv.status_code == 200, 'POST failed with %s\n\n%s' % (rv.status_code, body)
AssertionError: POST failed with 500

[<body>\n<div class="navbar navbar-inverse navbar-fixed-top">\n<div class="container">\n<div class="navbar-header">\n<a class="navbar-brand" href="/">DIGITS</a>\n</div>\n<ul class="nav navbar-nav">\n<li><a href="/models/20170509-174604-6d86">test_model</a></li>\n<li class="active"><a>Test Many</a></li>\n</ul>\n<ul class="nav navbar-nav navbar-right">\n<li>\n<p class="navbar-text">\n            digits-testsuite (<a class="navbar-link" href="/logout">Logout</a>)\n            </p>\n</li>\n<li class="dropdown">\n<a class="dropdown-toggle" data-toggle="dropdown" href="#">Info<span class="caret"></span></a>\n<ul class="dropdown-menu navbar-inverse">\n<li><span class="navbar-text">Server: ethan-computer</span></li>\n<li><span class="navbar-text">DIGITS version: <br> 5.1-dev</br></span></li>\n<li><span class="navbar-text">Caffe version: <br> 0.15.13</br></span></li>\n<li><span class="navbar-text">Caffe flavor: <br> NVIDIA</br></span></li>\n</ul>\n</li>\n<li class="dropdown">\n<a class="dropdown-toggle" data-toggle="dropdown" href="#">About<span class="caret"></span></a>\n<ul class="dropdown-menu about-menu navbar-inverse">\n<li><span class="navbar-text"><a href="https://developer.nvidia.com/digits" target="_blank">\n                        DIGITS on developer.nvidia.com\n                    </a></span></li>\n<li><span class="navbar-text"><a href="https://github.com/NVIDIA/DIGITS" target="_blank">\n                        DIGITS on GitHub\n                    </a></span></li>\n<li><span class="navbar-text"><a href="https://groups.google.com/d/forum/digits-users" target="_blank">\n                        DIGITS user group\n                    </a></span></li>\n<li><span class="navbar-text"><a href="mailto:digits@nvidia.com">\n                        digits@nvidia.com\n                    </a></span></li>\n</ul>\n</li>\n</ul>\n</div>\n</div>\n<div class="container">\n<div class="jumbotron">\n<div class="container">\n<div class="row">\n<div class="col-sm-12" id="show-job-name">\n<h2 style="display:inline;">Infer Many Images</h2>\n</div>\n<div class="col-sm-4" id="edit-job-name" style="display:none;">\n<script>\nfunction updateJobName() {\n    var newName = $("input[name=job-name]").val();\n    $.ajax("/jobs/20170509-174613-4768",\n            {\n                type: "PUT",\n                data: {"job_name": newName}\n                }\n          )\n    .done(function() {\n            $("#show-job-name h2").html(newName);\n            $('#edit-job-name').hide(); $('#show-job-name').show();\n            })\n    .fail(function(data) { errorAlert(data); });\n    return false;\n}\n                </script>\n<input class="form-control" name="job-name" value="Infer Many Images"/>\n<a class="btn btn-primary" href="#" onclick="return updateJobName();">Update</a>\n<a class="btn btn-info" href="#" onclick="$('#edit-job-name').hide(); $('#show-job-name').show(); return false;">Cancel</a>\n</div>\n</div>\n<small>Owner: digits-testsuite</small>\n<div class="pull-right">\n<a class="btn btn-info" disabled="" id="clone-job">Clone Job</a>\n<a class="btn btn-warning hidden disabled" id="abort-job">Abort Job</a>\n<a class="btn btn-danger disabled" id="delete-job">Delete Job</a>\n</div>\n</div>\n<script>\n$('#abort-job').on('click', function(event) {\n        event.preventDefault();\n        bootbox.confirm(\n            'Are you sure you want to abort this job?',\n            function(result) {\n                if (result)\n                    $.ajax("/jobs/20170509-174613-4768/abort",\n                        {type: "POST"})\n                    .done(function() {\n                        $("#abort-job").hide();\n                        })\n                    .fail(function(data) { errorAlert(data); });\n            });\n        });\n\n$('#delete-job').on('click', function(event) {\n        event.preventDefault();\n        bootbox.confirm(\n            'Are you sure you want to delete this job?<br><br>All related files will be permanently removed.',\n            function(result) {\n                if (result)\n                    $.ajax("/jobs/20170509-174613-4768",\n                        {type: "DELETE"})\n                    .done(function() {\n                        window.location = "/";\n                        })\n                    .fail(function(data) { errorAlert(data); });\n            });\n        });\n    </script>\n</div>\n<div class="row">\n<!-- Job content -->\n<div class="col-sm-8">\n<div class="page-header">\n<h1>\n        test_model\n        <small>\n            Image Inference\n        </small>\n</h1>\n</div>\n</div>\n<!-- Tasks -->\n<div class="col-sm-4">\n<div class="panel-group">\n<div class="panel panel-danger" id="job-statuses">\n<div class="panel-heading">\n<h4 class="panel-title">\n                    Job Status\n                    <small>Error</small>\n</h4>\n</div>\n<div class="panel-collapse">\n<div class="panel-body">\n<div class="job-statuses">\n<ul>\n<li>\n<span class="text-warning">Initialized</span>\n        at 05:46:13 PM\n            <small>(0 seconds)</small>\n</li>\n<li>\n<span class="text-info">Running</span>\n        at 05:46:13 PM\n            <small>(3 seconds)</small>\n</li>\n<li>\n<span class="text-danger">Error</span>\n        at 05:46:16 PM\n            <br>\n<small>(Total - 3 seconds)</small>\n</br></li>\n</ul>\n</div>\n<div class="panel-group">\n<div class="panel panel-danger" id="task-140099415128208-status">\n<div class="panel-heading">\n<h4 class="panel-title">\n<a data-toggle="collapse" href="#task-140099415128208-status-collapse">\n                                            Infer Model\n                                            <small>Error</small>\n<span class="caret"></span>\n</a>\n</h4>\n</div>\n<div class="panel-collapse collapse in" id="task-140099415128208-status-collapse">\n<div class="panel-body">\n<div class="task-progress" style="display:none;">\n<div class="progress">\n<div class="progress-bar" style="width:0%">\n                                                    0%\n                                                </div>\n</div>\n                                            Estimated time remaining: <span class="task-eta">?</span>\n<br/>\n<br/>\n</div>\n<div class="task-statuses">\n<ul>\n<li>\n<span class="text-warning">Initialized</span>\n        at 05:46:13 PM\n            <small>(0 seconds)</small>\n</li>\n<li>\n<span class="text-info">Running</span>\n        at 05:46:13 PM\n            <small>(2 seconds)</small>\n</li>\n<li>\n<span class="text-danger">Error</span>\n        at 05:46:16 PM\n            <br>\n<small>(Total - 3 seconds)</small>\n</br></li>\n</ul>\n<h4 class="text-danger">ERROR: error code 1</h4>\n<pre>\nWARNING: log_file config option not found - no log file is being saved\n2017-05-09 17:46:15 [ERROR] InferenceError: Unable to find snapshot for epoch=-1.0\nTraceback (most recent call last):\nFile "/home/ethan/digits_GAN/digits/tools/inference.py", line 293, in &lt;module&gt;\nargs['resize']\nFile "/home/ethan/digits_GAN/digits/tools/inference.py", line 79, in infer\nraise InferenceError("Unable to find snapshot for epoch=%s" % repr(epoch))\ndigits.inference.errors.InferenceError: 'Unable to find snapshot for epoch=-1.0'\n        </pre>\n</div>\n</div>\n</div>\n</div>\n</div>\n</div>\n</div>\n</div>\n</div>\n<div class="gpu-utilization-info" style="display:none;"></div>\n<!-- Related jobs -->\n<div class="panel panel-default" id="notes-information">\n<div class="panel-heading">\n<h4>Notes</h4>\n</div>\n<div class="panel-body">\n<div class="col-sm-12" id="show-job-notes">\n<p style="display:inline;">None</p>\n</div>\n<div class="col-sm-12" id="edit-job-notes" style="display:none;">\n<script type="text/javascript">\n                        function updateJobNotes() {\n                        var newNotes = $("textarea[name=job-notes]").val();\n                        $.ajax("/jobs/20170509-174613-4768",\n                                {\n                                    type: "PUT",\n                                    data: {"job_notes": newNotes}\n                                    }\n                              )\n                        .done(function() {\n                                $("#show-job-notes p").html(newNotes);\n                                $('#edit-job-notes').hide(); $('#show-job-notes').show();\n                                })\n                        .fail(function(data) { errorAlert(data); });\n                        return false;\n                    }\n                    </script>\n<textarea class="form-control" name="job-notes" placeholder="Enter notes" rows="5"></textarea>\n<a class="btn btn-primary" href="#" onclick="return updateJobNotes();">Update</a>\n<a class="btn btn-info" href="#" onclick="$('#edit-job-notes').hide(); $('#show-job-notes').show(); return false;">Cancel</a>\n</div>\n</div>\n</div>\n</div>\n</div>\n<div class="row">\n<div class="row">\n<h3>Visualizations</h3>\n<div style="overflow:scroll; height:800px;">\n<table class="table">\n<tr>\n<td></td>\n<th>Image</th>\n<th>Data</th>\n</tr>\n<tr>\n<td>1</td>\n<td>/tmp/tmp_xDsDy/0.png</td>\n<td></td>\n</tr>\n<tr>\n<td>2</td>\n<td>/tmp/tmp_xDsDy/0.png</td>\n<td></td>\n</tr>\n</table>\n</div>\n</div>\n</div>\n</div>\n<script>\n$SCRIPT_ROOT = "";\n\n$(".explanation-tooltip").tooltip();\n\nwindow.onload = function () {\n    $('.autocomplete_path').autocomplete({\n       serviceUrl: '/autocomplete/path',\n       formatResult: function (suggestion, currentValue)\n       {\n            function baseName(str)\n            {\n               var base = new String(str).substring(str.lastIndexOf('/') + 1);\n               return base;\n            }\n            return baseName(suggestion.value);\n        },\n        minChars: 0\n    });\n    $(".autocomplete_path").removeAttr("autocomplete");\n};\n\n</script>\n<style>\n .about-menu {\n     width: 240px !important;\n }\n .brightness {\n     display: inline-block;\n }\n .brightness img:hover {\n     opacity: .75;\n }\n</style>\n</body>]
-------------------- >> begin captured logging << --------------------
socketio: INFO: emitting event "job update" to job_management [/jobs]
socketio: INFO: emitting event "task update" to 20170509-172342-e0ef [/jobs]
socketio: INFO: emitting event "task update" to 20170509-173108-a6ff [/jobs]
socketio: INFO: emitting event "task update" to 20170509-172725-6a13 [/jobs]
socketio: INFO: emitting event "task update" to 20170509-172806-b5bc [/jobs]
socketio: INFO: emitting event "task update" to 20170509-172227-0156 [/jobs]
socketio: INFO: emitting event "task update" to 20170509-174451-4b24 [/jobs]
socketio: INFO: emitting event "task update" to 20170509-172334-9d18 [/jobs]
socketio: INFO: emitting event "job update" to 20170509-174613-4768 [/jobs]
socketio: INFO: emitting event "job update" to job_management [/jobs]
socketio: INFO: emitting event "server update" to job_management [/jobs]
socketio: INFO: emitting event "server update" to job_management [/jobs]
digits.webapp: INFO: Infer Model task started.
socketio: INFO: emitting event "task update" to 20170509-174613-4768 [/jobs]
socketio: INFO: emitting event "job update" to 20170509-174613-4768 [/jobs]
socketio: INFO: emitting event "job update" to job_management [/jobs]
digits.webapp: INFO: Task subprocess args: "/usr/bin/python2 /home/ethan/digits_GAN/digits/tools/inference.py /tmp/tmpX3R8Ve/20170509-174613-4768/tmpE1PWDs.txt /tmp/tmpX3R8Ve/20170509-174613-4768 20170509-174604-6d86 --jobs_dir=/tmp/tmpX3R8Ve --layers=none --gpu=0"
socketio: INFO: emitting event "task update" to 20170509-173128-33ce [/jobs]
socketio: INFO: emitting event "task update" to 20170509-174604-6d86 [/jobs]
socketio: INFO: emitting event "task update" to 20170509-172347-b92a [/jobs]
socketio: INFO: emitting event "task update" to 20170509-173326-3e6f [/jobs]
socketio: INFO: emitting event "task update" to 20170509-172315-d38b [/jobs]
socketio: INFO: emitting event "task update" to 20170509-174340-86bb [/jobs]
socketio: INFO: emitting event "task update" to 20170509-172516-8f4b [/jobs]
socketio: INFO: emitting event "task update" to 20170509-172352-bfdd [/jobs]
socketio: INFO: emitting event "task update" to 20170509-172412-e6f0 [/jobs]
socketio: INFO: emitting event "task update" to 20170509-173329-1cea [/jobs]
socketio: INFO: emitting event "task update" to 20170509-173229-c795 [/jobs]
socketio: INFO: emitting event "task update" to 20170509-172202-9230 [/jobs]
socketio: INFO: emitting event "task update" to 20170509-173331-d237 [/jobs]
socketio: INFO: emitting event "task update" to 20170509-172317-7da8 [/jobs]
socketio: INFO: emitting event "task update" to 20170509-173008-ee07 [/jobs]
socketio: INFO: emitting event "task update" to 20170509-172210-1907 [/jobs]
socketio: INFO: emitting event "task update" to 20170509-173333-e98b [/jobs]
socketio: INFO: emitting event "task update" to 20170509-172825-84c5 [/jobs]
socketio: INFO: emitting event "task update" to 20170509-173335-6067 [/jobs]
socketio: INFO: emitting event "task update" to 20170509-172147-4505 [/jobs]
socketio: INFO: emitting event "task update" to 20170509-173337-8532 [/jobs]
socketio: INFO: emitting event "task update" to 20170509-172907-6ffa [/jobs]
socketio: INFO: emitting event "task update" to 20170509-174533-2a57 [/jobs]
socketio: INFO: emitting event "task update" to 20170509-172339-dc52 [/jobs]
socketio: INFO: emitting event "task update" to 20170509-172625-e177 [/jobs]
socketio: INFO: emitting event "task update" to 20170509-173316-5f8a [/jobs]
socketio: INFO: emitting event "task update" to 20170509-173318-416e [/jobs]
socketio: INFO: emitting event "task update" to 20170509-173415-8046 [/jobs]
socketio: INFO: emitting event "task update" to 20170509-173027-0946 [/jobs]
socketio: INFO: emitting event "task update" to 20170509-172218-c9c0 [/jobs]
socketio: INFO: emitting event "task update" to 20170509-172328-6826 [/jobs]
socketio: INFO: emitting event "task update" to 20170509-173403-2593 [/jobs]
socketio: INFO: emitting event "task update" to 20170509-174313-cb2c [/jobs]
socketio: INFO: emitting event "task update" to 20170509-172344-9606 [/jobs]
socketio: INFO: emitting event "task update" to 20170509-172430-a33c [/jobs]
socketio: INFO: emitting event "task update" to 20170509-172605-0fd8 [/jobs]
socketio: INFO: emitting event "task update" to 20170509-172706-cfe6 [/jobs]
socketio: INFO: emitting event "task update" to 20170509-173209-48ad [/jobs]
socketio: INFO: emitting event "task update" to 20170509-173320-66e3 [/jobs]
socketio: INFO: emitting event "task update" to 20170509-172927-67d2 [/jobs]
socketio: INFO: emitting event "task update" to 20170509-173515-e8bf [/jobs]
socketio: INFO: emitting event "task update" to 20170509-172524-d7c0 [/jobs]
socketio: INFO: emitting event "task update" to 20170509-172419-2d22 [/jobs]
socketio: INFO: emitting event "task update" to 20170509-172337-f1aa [/jobs]
socketio: INFO: emitting event "task update" to 20170509-173228-acad [/jobs]
socketio: INFO: emitting event "task update" to 20170509-172350-6fcd [/jobs]
socketio: INFO: emitting event "task update" to 20170509-173357-1ed1 [/jobs]
socketio: INFO: emitting event "task update" to 20170509-172259-8252 [/jobs]
socketio: INFO: emitting event "task update" to 20170509-173322-0807 [/jobs]
socketio: INFO: emitting event "task update" to 20170509-172114-d063 [/jobs]
socketio: INFO: emitting event "task update" to 20170509-172323-89b4 [/jobs]
socketio: INFO: emitting event "task update" to 20170509-174411-45b4 [/jobs]
socketio: INFO: emitting event "task update" to 20170509-173300-0377 [/jobs]
socketio: INFO: emitting event "task update" to 20170509-173245-3417 [/jobs]
socketio: INFO: emitting event "task update" to 20170509-173324-49b0 [/jobs]
socketio: INFO: emitting event "task update" to 20170509-172342-e0ef [/jobs]
socketio: INFO: emitting event "task update" to 20170509-173108-a6ff [/jobs]
socketio: INFO: emitting event "task update" to 20170509-172725-6a13 [/jobs]
socketio: INFO: emitting event "task update" to 20170509-172806-b5bc [/jobs]
socketio: INFO: emitting event "task update" to 20170509-172227-0156 [/jobs]
socketio: INFO: emitting event "task update" to 20170509-174451-4b24 [/jobs]
socketio: INFO: emitting event "task update" to 20170509-172334-9d18 [/jobs]
socketio: INFO: emitting event "task update" to 20170509-173128-33ce [/jobs]
socketio: INFO: emitting event "task update" to 20170509-174604-6d86 [/jobs]
socketio: INFO: emitting event "task update" to 20170509-172347-b92a [/jobs]
socketio: INFO: emitting event "task update" to 20170509-173326-3e6f [/jobs]
socketio: INFO: emitting event "task update" to 20170509-172315-d38b [/jobs]
socketio: INFO: emitting event "task update" to 20170509-174340-86bb [/jobs]
socketio: INFO: emitting event "task update" to 20170509-172516-8f4b [/jobs]
socketio: INFO: emitting event "task update" to 20170509-172352-bfdd [/jobs]
socketio: INFO: emitting event "task update" to 20170509-172412-e6f0 [/jobs]
socketio: INFO: emitting event "task update" to 20170509-173329-1cea [/jobs]
socketio: INFO: emitting event "task update" to 20170509-173229-c795 [/jobs]
socketio: INFO: emitting event "task update" to 20170509-172202-9230 [/jobs]
socketio: INFO: emitting event "task update" to 20170509-173331-d237 [/jobs]
socketio: INFO: emitting event "task update" to 20170509-172317-7da8 [/jobs]
socketio: INFO: emitting event "task update" to 20170509-173008-ee07 [/jobs]
socketio: INFO: emitting event "task update" to 20170509-172210-1907 [/jobs]
socketio: INFO: emitting event "task update" to 20170509-173333-e98b [/jobs]
socketio: INFO: emitting event "task update" to 20170509-172825-84c5 [/jobs]
socketio: INFO: emitting event "task update" to 20170509-173335-6067 [/jobs]
socketio: INFO: emitting event "task update" to 20170509-172147-4505 [/jobs]
socketio: INFO: emitting event "task update" to 20170509-173337-8532 [/jobs]
socketio: INFO: emitting event "task update" to 20170509-172907-6ffa [/jobs]
socketio: INFO: emitting event "task update" to 20170509-174533-2a57 [/jobs]
socketio: INFO: emitting event "task update" to 20170509-172339-dc52 [/jobs]
socketio: INFO: emitting event "task update" to 20170509-172625-e177 [/jobs]
socketio: INFO: emitting event "task update" to 20170509-173316-5f8a [/jobs]
socketio: INFO: emitting event "task update" to 20170509-173318-416e [/jobs]
socketio: INFO: emitting event "task update" to 20170509-173415-8046 [/jobs]
socketio: INFO: emitting event "task update" to 20170509-173027-0946 [/jobs]
socketio: INFO: emitting event "task update" to 20170509-172218-c9c0 [/jobs]
socketio: INFO: emitting event "task update" to 20170509-172328-6826 [/jobs]
socketio: INFO: emitting event "task update" to 20170509-173403-2593 [/jobs]
socketio: INFO: emitting event "task update" to 20170509-174313-cb2c [/jobs]
socketio: INFO: emitting event "task update" to 20170509-172344-9606 [/jobs]
socketio: INFO: emitting event "task update" to 20170509-172430-a33c [/jobs]
socketio: INFO: emitting event "task update" to 20170509-172605-0fd8 [/jobs]
socketio: INFO: emitting event "task update" to 20170509-172706-cfe6 [/jobs]
socketio: INFO: emitting event "task update" to 20170509-173209-48ad [/jobs]
socketio: INFO: emitting event "task update" to 20170509-173320-66e3 [/jobs]
socketio: INFO: emitting event "task update" to 20170509-172927-67d2 [/jobs]
socketio: INFO: emitting event "task update" to 20170509-173515-e8bf [/jobs]
socketio: INFO: emitting event "task update" to 20170509-172524-d7c0 [/jobs]
socketio: INFO: emitting event "task update" to 20170509-172419-2d22 [/jobs]
socketio: INFO: emitting event "task update" to 20170509-172337-f1aa [/jobs]
socketio: INFO: emitting event "task update" to 20170509-173228-acad [/jobs]
socketio: INFO: emitting event "task update" to 20170509-172350-6fcd [/jobs]
socketio: INFO: emitting event "task update" to 20170509-173357-1ed1 [/jobs]
socketio: INFO: emitting event "task update" to 20170509-172259-8252 [/jobs]
socketio: INFO: emitting event "task update" to 20170509-173322-0807 [/jobs]
socketio: INFO: emitting event "task update" to 20170509-172114-d063 [/jobs]
socketio: INFO: emitting event "task update" to 20170509-172323-89b4 [/jobs]
socketio: INFO: emitting event "task update" to 20170509-174411-45b4 [/jobs]
socketio: INFO: emitting event "task update" to 20170509-173300-0377 [/jobs]
socketio: INFO: emitting event "task update" to 20170509-173245-3417 [/jobs]
socketio: INFO: emitting event "task update" to 20170509-173324-49b0 [/jobs]
socketio: INFO: emitting event "task update" to 20170509-172342-e0ef [/jobs]
socketio: INFO: emitting event "task update" to 20170509-173108-a6ff [/jobs]
socketio: INFO: emitting event "task update" to 20170509-172725-6a13 [/jobs]
socketio: INFO: emitting event "task update" to 20170509-172806-b5bc [/jobs]
socketio: INFO: emitting event "task update" to 20170509-172227-0156 [/jobs]
socketio: INFO: emitting event "task update" to 20170509-174451-4b24 [/jobs]
socketio: INFO: emitting event "task update" to 20170509-172334-9d18 [/jobs]
socketio: INFO: emitting event "task update" to 20170509-173128-33ce [/jobs]
socketio: INFO: emitting event "task update" to 20170509-174604-6d86 [/jobs]
socketio: INFO: emitting event "task update" to 20170509-172347-b92a [/jobs]
socketio: INFO: emitting event "task update" to 20170509-173326-3e6f [/jobs]
socketio: INFO: emitting event "task update" to 20170509-172315-d38b [/jobs]
socketio: INFO: emitting event "task update" to 20170509-174340-86bb [/jobs]
socketio: INFO: emitting event "task update" to 20170509-172516-8f4b [/jobs]
socketio: INFO: emitting event "task update" to 20170509-172352-bfdd [/jobs]
socketio: INFO: emitting event "task update" to 20170509-172412-e6f0 [/jobs]
socketio: INFO: emitting event "task update" to 20170509-173329-1cea [/jobs]
socketio: INFO: emitting event "task update" to 20170509-173229-c795 [/jobs]
socketio: INFO: emitting event "task update" to 20170509-172202-9230 [/jobs]
socketio: INFO: emitting event "task update" to 20170509-173331-d237 [/jobs]
socketio: INFO: emitting event "task update" to 20170509-172317-7da8 [/jobs]
socketio: INFO: emitting event "task update" to 20170509-173008-ee07 [/jobs]
socketio: INFO: emitting event "task update" to 20170509-172210-1907 [/jobs]
socketio: INFO: emitting event "task update" to 20170509-173333-e98b [/jobs]
socketio: INFO: emitting event "task update" to 20170509-172825-84c5 [/jobs]
socketio: INFO: emitting event "task update" to 20170509-173335-6067 [/jobs]
socketio: INFO: emitting event "task update" to 20170509-172147-4505 [/jobs]
socketio: INFO: emitting event "task update" to 20170509-173337-8532 [/jobs]
socketio: INFO: emitting event "task update" to 20170509-172907-6ffa [/jobs]
socketio: INFO: emitting event "task update" to 20170509-174533-2a57 [/jobs]
socketio: INFO: emitting event "task update" to 20170509-172339-dc52 [/jobs]
socketio: INFO: emitting event "task update" to 20170509-172625-e177 [/jobs]
socketio: INFO: emitting event "task update" to 20170509-173316-5f8a [/jobs]
socketio: INFO: emitting event "task update" to 20170509-173318-416e [/jobs]
socketio: INFO: emitting event "task update" to 20170509-173415-8046 [/jobs]
socketio: INFO: emitting event "task update" to 20170509-173027-0946 [/jobs]
socketio: INFO: emitting event "task update" to 20170509-172218-c9c0 [/jobs]
socketio: INFO: emitting event "task update" to 20170509-172328-6826 [/jobs]
socketio: INFO: emitting event "task update" to 20170509-173403-2593 [/jobs]
digits.webapp: WARNING: Infer Model unrecognized output: WARNING: log_file config option not found - no log file is being saved
digits.webapp: WARNING: Infer Model unrecognized output: 2017-05-09 17:46:15 [ERROR] InferenceError: Unable to find snapshot for epoch=-1.0
digits.webapp: WARNING: Infer Model unrecognized output: Traceback (most recent call last):
digits.webapp: WARNING: Infer Model unrecognized output: File "/home/ethan/digits_GAN/digits/tools/inference.py", line 293, in <module>
digits.webapp: WARNING: Infer Model unrecognized output: args['resize']
digits.webapp: WARNING: Infer Model unrecognized output: File "/home/ethan/digits_GAN/digits/tools/inference.py", line 79, in infer
digits.webapp: WARNING: Infer Model unrecognized output: raise InferenceError("Unable to find snapshot for epoch=%s" % repr(epoch))
digits.webapp: WARNING: Infer Model unrecognized output: digits.inference.errors.InferenceError: 'Unable to find snapshot for epoch=-1.0'
socketio: INFO: emitting event "task update" to 20170509-174313-cb2c [/jobs]
socketio: INFO: emitting event "task update" to 20170509-172344-9606 [/jobs]
socketio: INFO: emitting event "task update" to 20170509-172430-a33c [/jobs]
socketio: INFO: emitting event "task update" to 20170509-172605-0fd8 [/jobs]
socketio: INFO: emitting event "task update" to 20170509-172706-cfe6 [/jobs]
socketio: INFO: emitting event "task update" to 20170509-173209-48ad [/jobs]
socketio: INFO: emitting event "task update" to 20170509-173320-66e3 [/jobs]
socketio: INFO: emitting event "task update" to 20170509-172927-67d2 [/jobs]
socketio: INFO: emitting event "task update" to 20170509-173515-e8bf [/jobs]
socketio: INFO: emitting event "task update" to 20170509-172524-d7c0 [/jobs]
socketio: INFO: emitting event "task update" to 20170509-172419-2d22 [/jobs]
socketio: INFO: emitting event "task update" to 20170509-172337-f1aa [/jobs]
socketio: INFO: emitting event "task update" to 20170509-173228-acad [/jobs]
socketio: INFO: emitting event "task update" to 20170509-172350-6fcd [/jobs]
socketio: INFO: emitting event "task update" to 20170509-173357-1ed1 [/jobs]
socketio: INFO: emitting event "task update" to 20170509-172259-8252 [/jobs]
socketio: INFO: emitting event "task update" to 20170509-173322-0807 [/jobs]
socketio: INFO: emitting event "task update" to 20170509-172114-d063 [/jobs]
socketio: INFO: emitting event "task update" to 20170509-172323-89b4 [/jobs]
socketio: INFO: emitting event "task update" to 20170509-174411-45b4 [/jobs]
socketio: INFO: emitting event "task update" to 20170509-173300-0377 [/jobs]
socketio: INFO: emitting event "task update" to 20170509-173245-3417 [/jobs]
socketio: INFO: emitting event "task update" to 20170509-173324-49b0 [/jobs]
digits.webapp: ERROR: Infer Model task failed with error code 1
socketio: INFO: emitting event "task update" to 20170509-174613-4768 [/jobs]
socketio: INFO: emitting event "job update" to 20170509-174613-4768 [/jobs]
socketio: INFO: emitting event "job update" to job_management [/jobs]
socketio: INFO: emitting event "server update" to job_management [/jobs]
socketio: INFO: emitting event "server update" to job_management [/jobs]
socketio: INFO: emitting event "task update" to 20170509-172342-e0ef [/jobs]
socketio: INFO: emitting event "task update" to 20170509-173108-a6ff [/jobs]
socketio: INFO: emitting event "task update" to 20170509-172725-6a13 [/jobs]
socketio: INFO: emitting event "task update" to 20170509-172806-b5bc [/jobs]
socketio: INFO: emitting event "task update" to 20170509-172227-0156 [/jobs]
socketio: INFO: emitting event "task update" to 20170509-174451-4b24 [/jobs]
socketio: INFO: emitting event "task update" to 20170509-172334-9d18 [/jobs]
socketio: INFO: emitting event "job update" to 20170509-174613-4768 [/jobs]
socketio: INFO: emitting event "job update" to job_management [/jobs]
digits: INFO: Job deleted.
socketio: INFO: emitting event "job update" to job_management [/jobs]
--------------------- >> end captured logging << ---------------------

======================================================================
FAIL: digits.model.images.generic.test_views.TestTensorflowCreatedWithImageProcessingExtensionMeanNone.test_infer_many_from_folder
----------------------------------------------------------------------
Traceback (most recent call last):
  File "/home/ethan/.local/lib/python2.7/site-packages/nose/case.py", line 197, in runTest
    self.test(*self.arg)
  File "/home/ethan/digits_GAN/digits/model/images/generic/test_views.py", line 661, in test_infer_many_from_folder
    assert rv.status_code == 200, 'POST failed with %s\n\n%s' % (rv.status_code, body)
AssertionError: POST failed with 500

[<body>\n<div class="navbar navbar-inverse navbar-fixed-top">\n<div class="container">\n<div class="navbar-header">\n<a class="navbar-brand" href="/">DIGITS</a>\n</div>\n<ul class="nav navbar-nav">\n<li><a href="/models/20170509-174604-6d86">test_model</a></li>\n<li class="active"><a>Test Many</a></li>\n</ul>\n<ul class="nav navbar-nav navbar-right">\n<li>\n<p class="navbar-text">\n            digits-testsuite (<a class="navbar-link" href="/logout">Logout</a>)\n            </p>\n</li>\n<li class="dropdown">\n<a class="dropdown-toggle" data-toggle="dropdown" href="#">Info<span class="caret"></span></a>\n<ul class="dropdown-menu navbar-inverse">\n<li><span class="navbar-text">Server: ethan-computer</span></li>\n<li><span class="navbar-text">DIGITS version: <br> 5.1-dev</br></span></li>\n<li><span class="navbar-text">Caffe version: <br> 0.15.13</br></span></li>\n<li><span class="navbar-text">Caffe flavor: <br> NVIDIA</br></span></li>\n</ul>\n</li>\n<li class="dropdown">\n<a class="dropdown-toggle" data-toggle="dropdown" href="#">About<span class="caret"></span></a>\n<ul class="dropdown-menu about-menu navbar-inverse">\n<li><span class="navbar-text"><a href="https://developer.nvidia.com/digits" target="_blank">\n                        DIGITS on developer.nvidia.com\n                    </a></span></li>\n<li><span class="navbar-text"><a href="https://github.com/NVIDIA/DIGITS" target="_blank">\n                        DIGITS on GitHub\n                    </a></span></li>\n<li><span class="navbar-text"><a href="https://groups.google.com/d/forum/digits-users" target="_blank">\n                        DIGITS user group\n                    </a></span></li>\n<li><span class="navbar-text"><a href="mailto:digits@nvidia.com">\n                        digits@nvidia.com\n                    </a></span></li>\n</ul>\n</li>\n</ul>\n</div>\n</div>\n<div class="container">\n<div class="jumbotron">\n<div class="container">\n<div class="row">\n<div class="col-sm-12" id="show-job-name">\n<h2 style="display:inline;">Infer Many Images</h2>\n</div>\n<div class="col-sm-4" id="edit-job-name" style="display:none;">\n<script>\nfunction updateJobName() {\n    var newName = $("input[name=job-name]").val();\n    $.ajax("/jobs/20170509-174616-3240",\n            {\n                type: "PUT",\n                data: {"job_name": newName}\n                }\n          )\n    .done(function() {\n            $("#show-job-name h2").html(newName);\n            $('#edit-job-name').hide(); $('#show-job-name').show();\n            })\n    .fail(function(data) { errorAlert(data); });\n    return false;\n}\n                </script>\n<input class="form-control" name="job-name" value="Infer Many Images"/>\n<a class="btn btn-primary" href="#" onclick="return updateJobName();">Update</a>\n<a class="btn btn-info" href="#" onclick="$('#edit-job-name').hide(); $('#show-job-name').show(); return false;">Cancel</a>\n</div>\n</div>\n<small>Owner: digits-testsuite</small>\n<div class="pull-right">\n<a class="btn btn-info" disabled="" id="clone-job">Clone Job</a>\n<a class="btn btn-warning hidden disabled" id="abort-job">Abort Job</a>\n<a class="btn btn-danger disabled" id="delete-job">Delete Job</a>\n</div>\n</div>\n<script>\n$('#abort-job').on('click', function(event) {\n        event.preventDefault();\n        bootbox.confirm(\n            'Are you sure you want to abort this job?',\n            function(result) {\n                if (result)\n                    $.ajax("/jobs/20170509-174616-3240/abort",\n                        {type: "POST"})\n                    .done(function() {\n                        $("#abort-job").hide();\n                        })\n                    .fail(function(data) { errorAlert(data); });\n            });\n        });\n\n$('#delete-job').on('click', function(event) {\n        event.preventDefault();\n        bootbox.confirm(\n            'Are you sure you want to delete this job?<br><br>All related files will be permanently removed.',\n            function(result) {\n                if (result)\n                    $.ajax("/jobs/20170509-174616-3240",\n                        {type: "DELETE"})\n                    .done(function() {\n                        window.location = "/";\n                        })\n                    .fail(function(data) { errorAlert(data); });\n            });\n        });\n    </script>\n</div>\n<div class="row">\n<!-- Job content -->\n<div class="col-sm-8">\n<div class="page-header">\n<h1>\n        test_model\n        <small>\n            Image Inference\n        </small>\n</h1>\n</div>\n</div>\n<!-- Tasks -->\n<div class="col-sm-4">\n<div class="panel-group">\n<div class="panel panel-danger" id="job-statuses">\n<div class="panel-heading">\n<h4 class="panel-title">\n                    Job Status\n                    <small>Error</small>\n</h4>\n</div>\n<div class="panel-collapse">\n<div class="panel-body">\n<div class="job-statuses">\n<ul>\n<li>\n<span class="text-warning">Initialized</span>\n        at 05:46:16 PM\n            <small>(0 seconds)</small>\n</li>\n<li>\n<span class="text-info">Running</span>\n        at 05:46:16 PM\n            <small>(2 seconds)</small>\n</li>\n<li>\n<span class="text-danger">Error</span>\n        at 05:46:19 PM\n            <br>\n<small>(Total - 2 seconds)</small>\n</br></li>\n</ul>\n</div>\n<div class="panel-group">\n<div class="panel panel-danger" id="task-140099415134480-status">\n<div class="panel-heading">\n<h4 class="panel-title">\n<a data-toggle="collapse" href="#task-140099415134480-status-collapse">\n                                            Infer Model\n                                            <small>Error</small>\n<span class="caret"></span>\n</a>\n</h4>\n</div>\n<div class="panel-collapse collapse in" id="task-140099415134480-status-collapse">\n<div class="panel-body">\n<div class="task-progress" style="display:none;">\n<div class="progress">\n<div class="progress-bar" style="width:0%">\n                                                    0%\n                                                </div>\n</div>\n                                            Estimated time remaining: <span class="task-eta">?</span>\n<br/>\n<br/>\n</div>\n<div class="task-statuses">\n<ul>\n<li>\n<span class="text-warning">Initialized</span>\n        at 05:46:16 PM\n            <small>(0 seconds)</small>\n</li>\n<li>\n<span class="text-info">Running</span>\n        at 05:46:16 PM\n            <small>(2 seconds)</small>\n</li>\n<li>\n<span class="text-danger">Error</span>\n        at 05:46:19 PM\n            <br>\n<small>(Total - 2 seconds)</small>\n</br></li>\n</ul>\n<h4 class="text-danger">ERROR: error code 1</h4>\n<pre>\nWARNING: log_file config option not found - no log file is being saved\n2017-05-09 17:46:18 [ERROR] InferenceError: Unable to find snapshot for epoch=-1.0\nTraceback (most recent call last):\nFile "/home/ethan/digits_GAN/digits/tools/inference.py", line 293, in &lt;module&gt;\nargs['resize']\nFile "/home/ethan/digits_GAN/digits/tools/inference.py", line 79, in infer\nraise InferenceError("Unable to find snapshot for epoch=%s" % repr(epoch))\ndigits.inference.errors.InferenceError: 'Unable to find snapshot for epoch=-1.0'\n        </pre>\n</div>\n</div>\n</div>\n</div>\n</div>\n</div>\n</div>\n</div>\n</div>\n<div class="gpu-utilization-info" style="display:none;"></div>\n<!-- Related jobs -->\n<div class="panel panel-default" id="notes-information">\n<div class="panel-heading">\n<h4>Notes</h4>\n</div>\n<div class="panel-body">\n<div class="col-sm-12" id="show-job-notes">\n<p style="display:inline;">None</p>\n</div>\n<div class="col-sm-12" id="edit-job-notes" style="display:none;">\n<script type="text/javascript">\n                        function updateJobNotes() {\n                        var newNotes = $("textarea[name=job-notes]").val();\n                        $.ajax("/jobs/20170509-174616-3240",\n                                {\n                                    type: "PUT",\n                                    data: {"job_notes": newNotes}\n                                    }\n                              )\n                        .done(function() {\n                                $("#show-job-notes p").html(newNotes);\n                                $('#edit-job-notes').hide(); $('#show-job-notes').show();\n                                })\n                        .fail(function(data) { errorAlert(data); });\n                        return false;\n                    }\n                    </script>\n<textarea class="form-control" name="job-notes" placeholder="Enter notes" rows="5"></textarea>\n<a class="btn btn-primary" href="#" onclick="return updateJobNotes();">Update</a>\n<a class="btn btn-info" href="#" onclick="$('#edit-job-notes').hide(); $('#show-job-notes').show(); return false;">Cancel</a>\n</div>\n</div>\n</div>\n</div>\n</div>\n<div class="row">\n<div class="row">\n<h3>Visualizations</h3>\n<div style="overflow:scroll; height:800px;">\n<table class="table">\n<tr>\n<td></td>\n<th>Image</th>\n<th>Data</th>\n</tr>\n<tr>\n<td>1</td>\n<td>/tmp/tmp_xDsDy/0.png</td>\n<td></td>\n</tr>\n</table>\n</div>\n</div>\n</div>\n</div>\n<script>\n$SCRIPT_ROOT = "";\n\n$(".explanation-tooltip").tooltip();\n\nwindow.onload = function () {\n    $('.autocomplete_path').autocomplete({\n       serviceUrl: '/autocomplete/path',\n       formatResult: function (suggestion, currentValue)\n       {\n            function baseName(str)\n            {\n               var base = new String(str).substring(str.lastIndexOf('/') + 1);\n               return base;\n            }\n            return baseName(suggestion.value);\n        },\n        minChars: 0\n    });\n    $(".autocomplete_path").removeAttr("autocomplete");\n};\n\n</script>\n<style>\n .about-menu {\n     width: 240px !important;\n }\n .brightness {\n     display: inline-block;\n }\n .brightness img:hover {\n     opacity: .75;\n }\n</style>\n</body>]
-------------------- >> begin captured logging << --------------------
socketio: INFO: emitting event "job update" to job_management [/jobs]
socketio: INFO: emitting event "task update" to 20170509-173128-33ce [/jobs]
socketio: INFO: emitting event "job update" to 20170509-174616-3240 [/jobs]
socketio: INFO: emitting event "job update" to job_management [/jobs]
socketio: INFO: emitting event "server update" to job_management [/jobs]
socketio: INFO: emitting event "server update" to job_management [/jobs]
digits.webapp: INFO: Infer Model task started.
socketio: INFO: emitting event "task update" to 20170509-174616-3240 [/jobs]
socketio: INFO: emitting event "job update" to 20170509-174616-3240 [/jobs]
socketio: INFO: emitting event "job update" to job_management [/jobs]
digits.webapp: INFO: Task subprocess args: "/usr/bin/python2 /home/ethan/digits_GAN/digits/tools/inference.py /tmp/tmpX3R8Ve/20170509-174616-3240/tmpEqP4sD.txt /tmp/tmpX3R8Ve/20170509-174616-3240 20170509-174604-6d86 --jobs_dir=/tmp/tmpX3R8Ve --layers=none --gpu=0"
socketio: INFO: emitting event "task update" to 20170509-174604-6d86 [/jobs]
socketio: INFO: emitting event "task update" to 20170509-172347-b92a [/jobs]
socketio: INFO: emitting event "task update" to 20170509-173326-3e6f [/jobs]
socketio: INFO: emitting event "task update" to 20170509-172315-d38b [/jobs]
socketio: INFO: emitting event "task update" to 20170509-174340-86bb [/jobs]
socketio: INFO: emitting event "task update" to 20170509-172516-8f4b [/jobs]
socketio: INFO: emitting event "task update" to 20170509-172352-bfdd [/jobs]
socketio: INFO: emitting event "task update" to 20170509-172412-e6f0 [/jobs]
socketio: INFO: emitting event "task update" to 20170509-173329-1cea [/jobs]
socketio: INFO: emitting event "task update" to 20170509-173229-c795 [/jobs]
socketio: INFO: emitting event "task update" to 20170509-172202-9230 [/jobs]
socketio: INFO: emitting event "task update" to 20170509-173331-d237 [/jobs]
socketio: INFO: emitting event "task update" to 20170509-172317-7da8 [/jobs]
socketio: INFO: emitting event "task update" to 20170509-173008-ee07 [/jobs]
socketio: INFO: emitting event "task update" to 20170509-172210-1907 [/jobs]
socketio: INFO: emitting event "task update" to 20170509-173333-e98b [/jobs]
socketio: INFO: emitting event "task update" to 20170509-172825-84c5 [/jobs]
socketio: INFO: emitting event "task update" to 20170509-173335-6067 [/jobs]
socketio: INFO: emitting event "task update" to 20170509-172147-4505 [/jobs]
socketio: INFO: emitting event "task update" to 20170509-173337-8532 [/jobs]
socketio: INFO: emitting event "task update" to 20170509-172907-6ffa [/jobs]
socketio: INFO: emitting event "task update" to 20170509-174533-2a57 [/jobs]
socketio: INFO: emitting event "task update" to 20170509-172339-dc52 [/jobs]
socketio: INFO: emitting event "task update" to 20170509-172625-e177 [/jobs]
socketio: INFO: emitting event "task update" to 20170509-173316-5f8a [/jobs]
socketio: INFO: emitting event "task update" to 20170509-173318-416e [/jobs]
socketio: INFO: emitting event "task update" to 20170509-173415-8046 [/jobs]
socketio: INFO: emitting event "task update" to 20170509-173027-0946 [/jobs]
socketio: INFO: emitting event "task update" to 20170509-172218-c9c0 [/jobs]
socketio: INFO: emitting event "task update" to 20170509-172328-6826 [/jobs]
socketio: INFO: emitting event "task update" to 20170509-173403-2593 [/jobs]
socketio: INFO: emitting event "task update" to 20170509-174313-cb2c [/jobs]
socketio: INFO: emitting event "task update" to 20170509-172344-9606 [/jobs]
socketio: INFO: emitting event "task update" to 20170509-172430-a33c [/jobs]
socketio: INFO: emitting event "task update" to 20170509-172605-0fd8 [/jobs]
socketio: INFO: emitting event "task update" to 20170509-172706-cfe6 [/jobs]
socketio: INFO: emitting event "task update" to 20170509-173209-48ad [/jobs]
socketio: INFO: emitting event "task update" to 20170509-173320-66e3 [/jobs]
socketio: INFO: emitting event "task update" to 20170509-172927-67d2 [/jobs]
socketio: INFO: emitting event "task update" to 20170509-173515-e8bf [/jobs]
socketio: INFO: emitting event "task update" to 20170509-172524-d7c0 [/jobs]
socketio: INFO: emitting event "task update" to 20170509-172419-2d22 [/jobs]
socketio: INFO: emitting event "task update" to 20170509-172337-f1aa [/jobs]
socketio: INFO: emitting event "task update" to 20170509-173228-acad [/jobs]
socketio: INFO: emitting event "task update" to 20170509-172350-6fcd [/jobs]
socketio: INFO: emitting event "task update" to 20170509-173357-1ed1 [/jobs]
socketio: INFO: emitting event "task update" to 20170509-172259-8252 [/jobs]
socketio: INFO: emitting event "task update" to 20170509-173322-0807 [/jobs]
socketio: INFO: emitting event "task update" to 20170509-172114-d063 [/jobs]
socketio: INFO: emitting event "task update" to 20170509-172323-89b4 [/jobs]
socketio: INFO: emitting event "task update" to 20170509-174411-45b4 [/jobs]
socketio: INFO: emitting event "task update" to 20170509-173300-0377 [/jobs]
socketio: INFO: emitting event "task update" to 20170509-173245-3417 [/jobs]
socketio: INFO: emitting event "task update" to 20170509-173324-49b0 [/jobs]
socketio: INFO: emitting event "task update" to 20170509-172342-e0ef [/jobs]
socketio: INFO: emitting event "task update" to 20170509-173108-a6ff [/jobs]
socketio: INFO: emitting event "task update" to 20170509-172725-6a13 [/jobs]
socketio: INFO: emitting event "task update" to 20170509-172806-b5bc [/jobs]
socketio: INFO: emitting event "task update" to 20170509-172227-0156 [/jobs]
socketio: INFO: emitting event "task update" to 20170509-174451-4b24 [/jobs]
socketio: INFO: emitting event "task update" to 20170509-172334-9d18 [/jobs]
socketio: INFO: emitting event "task update" to 20170509-173128-33ce [/jobs]
socketio: INFO: emitting event "task update" to 20170509-174604-6d86 [/jobs]
socketio: INFO: emitting event "task update" to 20170509-172347-b92a [/jobs]
socketio: INFO: emitting event "task update" to 20170509-173326-3e6f [/jobs]
socketio: INFO: emitting event "task update" to 20170509-172315-d38b [/jobs]
socketio: INFO: emitting event "task update" to 20170509-174340-86bb [/jobs]
socketio: INFO: emitting event "task update" to 20170509-172516-8f4b [/jobs]
socketio: INFO: emitting event "task update" to 20170509-172352-bfdd [/jobs]
socketio: INFO: emitting event "task update" to 20170509-172412-e6f0 [/jobs]
socketio: INFO: emitting event "task update" to 20170509-173329-1cea [/jobs]
socketio: INFO: emitting event "task update" to 20170509-173229-c795 [/jobs]
socketio: INFO: emitting event "task update" to 20170509-172202-9230 [/jobs]
socketio: INFO: emitting event "task update" to 20170509-173331-d237 [/jobs]
socketio: INFO: emitting event "task update" to 20170509-172317-7da8 [/jobs]
socketio: INFO: emitting event "task update" to 20170509-173008-ee07 [/jobs]
socketio: INFO: emitting event "task update" to 20170509-172210-1907 [/jobs]
socketio: INFO: emitting event "task update" to 20170509-173333-e98b [/jobs]
socketio: INFO: emitting event "task update" to 20170509-172825-84c5 [/jobs]
socketio: INFO: emitting event "task update" to 20170509-173335-6067 [/jobs]
socketio: INFO: emitting event "task update" to 20170509-172147-4505 [/jobs]
socketio: INFO: emitting event "task update" to 20170509-173337-8532 [/jobs]
socketio: INFO: emitting event "task update" to 20170509-172907-6ffa [/jobs]
socketio: INFO: emitting event "task update" to 20170509-174533-2a57 [/jobs]
socketio: INFO: emitting event "task update" to 20170509-172339-dc52 [/jobs]
socketio: INFO: emitting event "task update" to 20170509-172625-e177 [/jobs]
socketio: INFO: emitting event "task update" to 20170509-173316-5f8a [/jobs]
socketio: INFO: emitting event "task update" to 20170509-173318-416e [/jobs]
socketio: INFO: emitting event "task update" to 20170509-173415-8046 [/jobs]
socketio: INFO: emitting event "task update" to 20170509-173027-0946 [/jobs]
socketio: INFO: emitting event "task update" to 20170509-172218-c9c0 [/jobs]
socketio: INFO: emitting event "task update" to 20170509-172328-6826 [/jobs]
socketio: INFO: emitting event "task update" to 20170509-173403-2593 [/jobs]
socketio: INFO: emitting event "task update" to 20170509-174313-cb2c [/jobs]
socketio: INFO: emitting event "task update" to 20170509-172344-9606 [/jobs]
socketio: INFO: emitting event "task update" to 20170509-172430-a33c [/jobs]
socketio: INFO: emitting event "task update" to 20170509-172605-0fd8 [/jobs]
socketio: INFO: emitting event "task update" to 20170509-172706-cfe6 [/jobs]
socketio: INFO: emitting event "task update" to 20170509-173209-48ad [/jobs]
socketio: INFO: emitting event "task update" to 20170509-173320-66e3 [/jobs]
socketio: INFO: emitting event "task update" to 20170509-172927-67d2 [/jobs]
socketio: INFO: emitting event "task update" to 20170509-173515-e8bf [/jobs]
socketio: INFO: emitting event "task update" to 20170509-172524-d7c0 [/jobs]
socketio: INFO: emitting event "task update" to 20170509-172419-2d22 [/jobs]
socketio: INFO: emitting event "task update" to 20170509-172337-f1aa [/jobs]
socketio: INFO: emitting event "task update" to 20170509-173228-acad [/jobs]
socketio: INFO: emitting event "task update" to 20170509-172350-6fcd [/jobs]
socketio: INFO: emitting event "task update" to 20170509-173357-1ed1 [/jobs]
socketio: INFO: emitting event "task update" to 20170509-172259-8252 [/jobs]
socketio: INFO: emitting event "task update" to 20170509-173322-0807 [/jobs]
socketio: INFO: emitting event "task update" to 20170509-172114-d063 [/jobs]
socketio: INFO: emitting event "task update" to 20170509-172323-89b4 [/jobs]
socketio: INFO: emitting event "task update" to 20170509-174411-45b4 [/jobs]
socketio: INFO: emitting event "task update" to 20170509-173300-0377 [/jobs]
socketio: INFO: emitting event "task update" to 20170509-173245-3417 [/jobs]
socketio: INFO: emitting event "task update" to 20170509-173324-49b0 [/jobs]
socketio: INFO: emitting event "task update" to 20170509-172342-e0ef [/jobs]
socketio: INFO: emitting event "task update" to 20170509-173108-a6ff [/jobs]
socketio: INFO: emitting event "task update" to 20170509-172725-6a13 [/jobs]
socketio: INFO: emitting event "task update" to 20170509-172806-b5bc [/jobs]
socketio: INFO: emitting event "task update" to 20170509-172227-0156 [/jobs]
socketio: INFO: emitting event "task update" to 20170509-174451-4b24 [/jobs]
socketio: INFO: emitting event "task update" to 20170509-172334-9d18 [/jobs]
socketio: INFO: emitting event "task update" to 20170509-173128-33ce [/jobs]
socketio: INFO: emitting event "task update" to 20170509-174604-6d86 [/jobs]
socketio: INFO: emitting event "task update" to 20170509-172347-b92a [/jobs]
socketio: INFO: emitting event "task update" to 20170509-173326-3e6f [/jobs]
socketio: INFO: emitting event "task update" to 20170509-172315-d38b [/jobs]
socketio: INFO: emitting event "task update" to 20170509-174340-86bb [/jobs]
socketio: INFO: emitting event "task update" to 20170509-172516-8f4b [/jobs]
socketio: INFO: emitting event "task update" to 20170509-172352-bfdd [/jobs]
socketio: INFO: emitting event "task update" to 20170509-172412-e6f0 [/jobs]
socketio: INFO: emitting event "task update" to 20170509-173329-1cea [/jobs]
socketio: INFO: emitting event "task update" to 20170509-173229-c795 [/jobs]
socketio: INFO: emitting event "task update" to 20170509-172202-9230 [/jobs]
socketio: INFO: emitting event "task update" to 20170509-173331-d237 [/jobs]
socketio: INFO: emitting event "task update" to 20170509-172317-7da8 [/jobs]
socketio: INFO: emitting event "task update" to 20170509-173008-ee07 [/jobs]
socketio: INFO: emitting event "task update" to 20170509-172210-1907 [/jobs]
socketio: INFO: emitting event "task update" to 20170509-173333-e98b [/jobs]
socketio: INFO: emitting event "task update" to 20170509-172825-84c5 [/jobs]
socketio: INFO: emitting event "task update" to 20170509-173335-6067 [/jobs]
socketio: INFO: emitting event "task update" to 20170509-172147-4505 [/jobs]
socketio: INFO: emitting event "task update" to 20170509-173337-8532 [/jobs]
socketio: INFO: emitting event "task update" to 20170509-172907-6ffa [/jobs]
socketio: INFO: emitting event "task update" to 20170509-174533-2a57 [/jobs]
socketio: INFO: emitting event "task update" to 20170509-172339-dc52 [/jobs]
socketio: INFO: emitting event "task update" to 20170509-172625-e177 [/jobs]
socketio: INFO: emitting event "task update" to 20170509-173316-5f8a [/jobs]
socketio: INFO: emitting event "task update" to 20170509-173318-416e [/jobs]
socketio: INFO: emitting event "task update" to 20170509-173415-8046 [/jobs]
socketio: INFO: emitting event "task update" to 20170509-173027-0946 [/jobs]
socketio: INFO: emitting event "task update" to 20170509-172218-c9c0 [/jobs]
socketio: INFO: emitting event "task update" to 20170509-172328-6826 [/jobs]
socketio: INFO: emitting event "task update" to 20170509-173403-2593 [/jobs]
digits.webapp: WARNING: Infer Model unrecognized output: WARNING: log_file config option not found - no log file is being saved
digits.webapp: WARNING: Infer Model unrecognized output: 2017-05-09 17:46:18 [ERROR] InferenceError: Unable to find snapshot for epoch=-1.0
digits.webapp: WARNING: Infer Model unrecognized output: Traceback (most recent call last):
digits.webapp: WARNING: Infer Model unrecognized output: File "/home/ethan/digits_GAN/digits/tools/inference.py", line 293, in <module>
digits.webapp: WARNING: Infer Model unrecognized output: args['resize']
digits.webapp: WARNING: Infer Model unrecognized output: File "/home/ethan/digits_GAN/digits/tools/inference.py", line 79, in infer
digits.webapp: WARNING: Infer Model unrecognized output: raise InferenceError("Unable to find snapshot for epoch=%s" % repr(epoch))
digits.webapp: WARNING: Infer Model unrecognized output: digits.inference.errors.InferenceError: 'Unable to find snapshot for epoch=-1.0'
socketio: INFO: emitting event "task update" to 20170509-174313-cb2c [/jobs]
socketio: INFO: emitting event "task update" to 20170509-172344-9606 [/jobs]
socketio: INFO: emitting event "task update" to 20170509-172430-a33c [/jobs]
socketio: INFO: emitting event "task update" to 20170509-172605-0fd8 [/jobs]
socketio: INFO: emitting event "task update" to 20170509-172706-cfe6 [/jobs]
socketio: INFO: emitting event "task update" to 20170509-173209-48ad [/jobs]
socketio: INFO: emitting event "task update" to 20170509-173320-66e3 [/jobs]
socketio: INFO: emitting event "task update" to 20170509-172927-67d2 [/jobs]
socketio: INFO: emitting event "task update" to 20170509-173515-e8bf [/jobs]
socketio: INFO: emitting event "task update" to 20170509-172524-d7c0 [/jobs]
digits.webapp: ERROR: Infer Model task failed with error code 1
socketio: INFO: emitting event "task update" to 20170509-174616-3240 [/jobs]
socketio: INFO: emitting event "job update" to 20170509-174616-3240 [/jobs]
socketio: INFO: emitting event "job update" to job_management [/jobs]
socketio: INFO: emitting event "server update" to job_management [/jobs]
socketio: INFO: emitting event "server update" to job_management [/jobs]
socketio: INFO: emitting event "task update" to 20170509-172419-2d22 [/jobs]
socketio: INFO: emitting event "task update" to 20170509-172337-f1aa [/jobs]
socketio: INFO: emitting event "task update" to 20170509-173228-acad [/jobs]
socketio: INFO: emitting event "task update" to 20170509-172350-6fcd [/jobs]
socketio: INFO: emitting event "task update" to 20170509-173357-1ed1 [/jobs]
socketio: INFO: emitting event "task update" to 20170509-172259-8252 [/jobs]
socketio: INFO: emitting event "task update" to 20170509-173322-0807 [/jobs]
socketio: INFO: emitting event "task update" to 20170509-172114-d063 [/jobs]
socketio: INFO: emitting event "task update" to 20170509-172323-89b4 [/jobs]
socketio: INFO: emitting event "task update" to 20170509-174411-45b4 [/jobs]
socketio: INFO: emitting event "task update" to 20170509-173300-0377 [/jobs]
socketio: INFO: emitting event "task update" to 20170509-173245-3417 [/jobs]
socketio: INFO: emitting event "task update" to 20170509-173324-49b0 [/jobs]
socketio: INFO: emitting event "task update" to 20170509-172342-e0ef [/jobs]
socketio: INFO: emitting event "task update" to 20170509-173108-a6ff [/jobs]
socketio: INFO: emitting event "task update" to 20170509-172725-6a13 [/jobs]
socketio: INFO: emitting event "task update" to 20170509-172806-b5bc [/jobs]
socketio: INFO: emitting event "task update" to 20170509-172227-0156 [/jobs]
socketio: INFO: emitting event "task update" to 20170509-174451-4b24 [/jobs]
socketio: INFO: emitting event "job update" to 20170509-174616-3240 [/jobs]
socketio: INFO: emitting event "job update" to job_management [/jobs]
digits: INFO: Job deleted.
socketio: INFO: emitting event "job update" to job_management [/jobs]
--------------------- >> end captured logging << ---------------------

======================================================================
FAIL: digits.model.images.generic.test_views.TestTensorflowCreatedWithImageProcessingExtensionMeanNone.test_infer_many_json
----------------------------------------------------------------------
Traceback (most recent call last):
  File "/home/ethan/.local/lib/python2.7/site-packages/nose/case.py", line 197, in runTest
    self.test(*self.arg)
  File "/home/ethan/digits_GAN/digits/model/images/generic/test_views.py", line 675, in test_infer_many_json
    assert rv.status_code == 200, 'POST failed with %s' % rv.status_code
AssertionError: POST failed with 500
-------------------- >> begin captured logging << --------------------
socketio: INFO: emitting event "job update" to job_management [/jobs]
socketio: INFO: emitting event "task update" to 20170509-172334-9d18 [/jobs]
socketio: INFO: emitting event "task update" to 20170509-173128-33ce [/jobs]
socketio: INFO: emitting event "job update" to 20170509-174619-8e84 [/jobs]
socketio: INFO: emitting event "job update" to job_management [/jobs]
socketio: INFO: emitting event "server update" to job_management [/jobs]
socketio: INFO: emitting event "server update" to job_management [/jobs]
digits.webapp: INFO: Infer Model task started.
socketio: INFO: emitting event "task update" to 20170509-174619-8e84 [/jobs]
socketio: INFO: emitting event "job update" to 20170509-174619-8e84 [/jobs]
socketio: INFO: emitting event "job update" to job_management [/jobs]
digits.webapp: INFO: Task subprocess args: "/usr/bin/python2 /home/ethan/digits_GAN/digits/tools/inference.py /tmp/tmpX3R8Ve/20170509-174619-8e84/tmpGJG3RY.txt /tmp/tmpX3R8Ve/20170509-174619-8e84 20170509-174604-6d86 --jobs_dir=/tmp/tmpX3R8Ve --layers=none --gpu=0"
socketio: INFO: emitting event "task update" to 20170509-174604-6d86 [/jobs]
socketio: INFO: emitting event "task update" to 20170509-172347-b92a [/jobs]
socketio: INFO: emitting event "task update" to 20170509-173326-3e6f [/jobs]
socketio: INFO: emitting event "task update" to 20170509-172315-d38b [/jobs]
socketio: INFO: emitting event "task update" to 20170509-174340-86bb [/jobs]
socketio: INFO: emitting event "task update" to 20170509-172516-8f4b [/jobs]
socketio: INFO: emitting event "task update" to 20170509-172352-bfdd [/jobs]
socketio: INFO: emitting event "task update" to 20170509-172412-e6f0 [/jobs]
socketio: INFO: emitting event "task update" to 20170509-173329-1cea [/jobs]
socketio: INFO: emitting event "task update" to 20170509-173229-c795 [/jobs]
socketio: INFO: emitting event "task update" to 20170509-172202-9230 [/jobs]
socketio: INFO: emitting event "task update" to 20170509-173331-d237 [/jobs]
socketio: INFO: emitting event "task update" to 20170509-172317-7da8 [/jobs]
socketio: INFO: emitting event "task update" to 20170509-173008-ee07 [/jobs]
socketio: INFO: emitting event "task update" to 20170509-172210-1907 [/jobs]
socketio: INFO: emitting event "task update" to 20170509-173333-e98b [/jobs]
socketio: INFO: emitting event "task update" to 20170509-172825-84c5 [/jobs]
socketio: INFO: emitting event "task update" to 20170509-173335-6067 [/jobs]
socketio: INFO: emitting event "task update" to 20170509-172147-4505 [/jobs]
socketio: INFO: emitting event "task update" to 20170509-173337-8532 [/jobs]
socketio: INFO: emitting event "task update" to 20170509-172907-6ffa [/jobs]
socketio: INFO: emitting event "task update" to 20170509-174533-2a57 [/jobs]
socketio: INFO: emitting event "task update" to 20170509-172339-dc52 [/jobs]
socketio: INFO: emitting event "task update" to 20170509-172625-e177 [/jobs]
socketio: INFO: emitting event "task update" to 20170509-173316-5f8a [/jobs]
socketio: INFO: emitting event "task update" to 20170509-173318-416e [/jobs]
socketio: INFO: emitting event "task update" to 20170509-173415-8046 [/jobs]
socketio: INFO: emitting event "task update" to 20170509-173027-0946 [/jobs]
socketio: INFO: emitting event "task update" to 20170509-172218-c9c0 [/jobs]
socketio: INFO: emitting event "task update" to 20170509-172328-6826 [/jobs]
socketio: INFO: emitting event "task update" to 20170509-173403-2593 [/jobs]
socketio: INFO: emitting event "task update" to 20170509-174313-cb2c [/jobs]
socketio: INFO: emitting event "task update" to 20170509-172344-9606 [/jobs]
socketio: INFO: emitting event "task update" to 20170509-172430-a33c [/jobs]
socketio: INFO: emitting event "task update" to 20170509-172605-0fd8 [/jobs]
socketio: INFO: emitting event "task update" to 20170509-172706-cfe6 [/jobs]
socketio: INFO: emitting event "task update" to 20170509-173209-48ad [/jobs]
socketio: INFO: emitting event "task update" to 20170509-173320-66e3 [/jobs]
socketio: INFO: emitting event "task update" to 20170509-172927-67d2 [/jobs]
socketio: INFO: emitting event "task update" to 20170509-173515-e8bf [/jobs]
socketio: INFO: emitting event "task update" to 20170509-172524-d7c0 [/jobs]
socketio: INFO: emitting event "task update" to 20170509-172419-2d22 [/jobs]
socketio: INFO: emitting event "task update" to 20170509-172337-f1aa [/jobs]
socketio: INFO: emitting event "task update" to 20170509-173228-acad [/jobs]
socketio: INFO: emitting event "task update" to 20170509-172350-6fcd [/jobs]
socketio: INFO: emitting event "task update" to 20170509-173357-1ed1 [/jobs]
socketio: INFO: emitting event "task update" to 20170509-172259-8252 [/jobs]
socketio: INFO: emitting event "task update" to 20170509-173322-0807 [/jobs]
socketio: INFO: emitting event "task update" to 20170509-172114-d063 [/jobs]
socketio: INFO: emitting event "task update" to 20170509-172323-89b4 [/jobs]
socketio: INFO: emitting event "task update" to 20170509-174411-45b4 [/jobs]
socketio: INFO: emitting event "task update" to 20170509-173300-0377 [/jobs]
socketio: INFO: emitting event "task update" to 20170509-173245-3417 [/jobs]
socketio: INFO: emitting event "task update" to 20170509-173324-49b0 [/jobs]
socketio: INFO: emitting event "task update" to 20170509-172342-e0ef [/jobs]
socketio: INFO: emitting event "task update" to 20170509-173108-a6ff [/jobs]
socketio: INFO: emitting event "task update" to 20170509-172725-6a13 [/jobs]
socketio: INFO: emitting event "task update" to 20170509-172806-b5bc [/jobs]
socketio: INFO: emitting event "task update" to 20170509-172227-0156 [/jobs]
socketio: INFO: emitting event "task update" to 20170509-174451-4b24 [/jobs]
socketio: INFO: emitting event "task update" to 20170509-172334-9d18 [/jobs]
socketio: INFO: emitting event "task update" to 20170509-173128-33ce [/jobs]
socketio: INFO: emitting event "task update" to 20170509-174604-6d86 [/jobs]
socketio: INFO: emitting event "task update" to 20170509-172347-b92a [/jobs]
socketio: INFO: emitting event "task update" to 20170509-173326-3e6f [/jobs]
socketio: INFO: emitting event "task update" to 20170509-172315-d38b [/jobs]
socketio: INFO: emitting event "task update" to 20170509-174340-86bb [/jobs]
socketio: INFO: emitting event "task update" to 20170509-172516-8f4b [/jobs]
socketio: INFO: emitting event "task update" to 20170509-172352-bfdd [/jobs]
socketio: INFO: emitting event "task update" to 20170509-172412-e6f0 [/jobs]
socketio: INFO: emitting event "task update" to 20170509-173329-1cea [/jobs]
socketio: INFO: emitting event "task update" to 20170509-173229-c795 [/jobs]
socketio: INFO: emitting event "task update" to 20170509-172202-9230 [/jobs]
socketio: INFO: emitting event "task update" to 20170509-173331-d237 [/jobs]
socketio: INFO: emitting event "task update" to 20170509-172317-7da8 [/jobs]
socketio: INFO: emitting event "task update" to 20170509-173008-ee07 [/jobs]
socketio: INFO: emitting event "task update" to 20170509-172210-1907 [/jobs]
socketio: INFO: emitting event "task update" to 20170509-173333-e98b [/jobs]
socketio: INFO: emitting event "task update" to 20170509-172825-84c5 [/jobs]
socketio: INFO: emitting event "task update" to 20170509-173335-6067 [/jobs]
socketio: INFO: emitting event "task update" to 20170509-172147-4505 [/jobs]
socketio: INFO: emitting event "task update" to 20170509-173337-8532 [/jobs]
socketio: INFO: emitting event "task update" to 20170509-172907-6ffa [/jobs]
socketio: INFO: emitting event "task update" to 20170509-174533-2a57 [/jobs]
socketio: INFO: emitting event "task update" to 20170509-172339-dc52 [/jobs]
socketio: INFO: emitting event "task update" to 20170509-172625-e177 [/jobs]
socketio: INFO: emitting event "task update" to 20170509-173316-5f8a [/jobs]
socketio: INFO: emitting event "task update" to 20170509-173318-416e [/jobs]
socketio: INFO: emitting event "task update" to 20170509-173415-8046 [/jobs]
socketio: INFO: emitting event "task update" to 20170509-173027-0946 [/jobs]
socketio: INFO: emitting event "task update" to 20170509-172218-c9c0 [/jobs]
socketio: INFO: emitting event "task update" to 20170509-172328-6826 [/jobs]
socketio: INFO: emitting event "task update" to 20170509-173403-2593 [/jobs]
socketio: INFO: emitting event "task update" to 20170509-174313-cb2c [/jobs]
socketio: INFO: emitting event "task update" to 20170509-172344-9606 [/jobs]
socketio: INFO: emitting event "task update" to 20170509-172430-a33c [/jobs]
socketio: INFO: emitting event "task update" to 20170509-172605-0fd8 [/jobs]
socketio: INFO: emitting event "task update" to 20170509-172706-cfe6 [/jobs]
socketio: INFO: emitting event "task update" to 20170509-173209-48ad [/jobs]
socketio: INFO: emitting event "task update" to 20170509-173320-66e3 [/jobs]
socketio: INFO: emitting event "task update" to 20170509-172927-67d2 [/jobs]
socketio: INFO: emitting event "task update" to 20170509-173515-e8bf [/jobs]
socketio: INFO: emitting event "task update" to 20170509-172524-d7c0 [/jobs]
socketio: INFO: emitting event "task update" to 20170509-172419-2d22 [/jobs]
socketio: INFO: emitting event "task update" to 20170509-172337-f1aa [/jobs]
socketio: INFO: emitting event "task update" to 20170509-173228-acad [/jobs]
socketio: INFO: emitting event "task update" to 20170509-172350-6fcd [/jobs]
socketio: INFO: emitting event "task update" to 20170509-173357-1ed1 [/jobs]
socketio: INFO: emitting event "task update" to 20170509-172259-8252 [/jobs]
socketio: INFO: emitting event "task update" to 20170509-173322-0807 [/jobs]
socketio: INFO: emitting event "task update" to 20170509-172114-d063 [/jobs]
socketio: INFO: emitting event "task update" to 20170509-172323-89b4 [/jobs]
socketio: INFO: emitting event "task update" to 20170509-174411-45b4 [/jobs]
socketio: INFO: emitting event "task update" to 20170509-173300-0377 [/jobs]
socketio: INFO: emitting event "task update" to 20170509-173245-3417 [/jobs]
socketio: INFO: emitting event "task update" to 20170509-173324-49b0 [/jobs]
socketio: INFO: emitting event "task update" to 20170509-172342-e0ef [/jobs]
socketio: INFO: emitting event "task update" to 20170509-173108-a6ff [/jobs]
socketio: INFO: emitting event "task update" to 20170509-172725-6a13 [/jobs]
socketio: INFO: emitting event "task update" to 20170509-172806-b5bc [/jobs]
socketio: INFO: emitting event "task update" to 20170509-172227-0156 [/jobs]
socketio: INFO: emitting event "task update" to 20170509-174451-4b24 [/jobs]
socketio: INFO: emitting event "task update" to 20170509-172334-9d18 [/jobs]
socketio: INFO: emitting event "task update" to 20170509-173128-33ce [/jobs]
socketio: INFO: emitting event "task update" to 20170509-174604-6d86 [/jobs]
socketio: INFO: emitting event "task update" to 20170509-172347-b92a [/jobs]
socketio: INFO: emitting event "task update" to 20170509-173326-3e6f [/jobs]
socketio: INFO: emitting event "task update" to 20170509-172315-d38b [/jobs]
socketio: INFO: emitting event "task update" to 20170509-174340-86bb [/jobs]
socketio: INFO: emitting event "task update" to 20170509-172516-8f4b [/jobs]
socketio: INFO: emitting event "task update" to 20170509-172352-bfdd [/jobs]
socketio: INFO: emitting event "task update" to 20170509-172412-e6f0 [/jobs]
socketio: INFO: emitting event "task update" to 20170509-173329-1cea [/jobs]
socketio: INFO: emitting event "task update" to 20170509-173229-c795 [/jobs]
socketio: INFO: emitting event "task update" to 20170509-172202-9230 [/jobs]
socketio: INFO: emitting event "task update" to 20170509-173331-d237 [/jobs]
socketio: INFO: emitting event "task update" to 20170509-172317-7da8 [/jobs]
socketio: INFO: emitting event "task update" to 20170509-173008-ee07 [/jobs]
socketio: INFO: emitting event "task update" to 20170509-172210-1907 [/jobs]
socketio: INFO: emitting event "task update" to 20170509-173333-e98b [/jobs]
socketio: INFO: emitting event "task update" to 20170509-172825-84c5 [/jobs]
socketio: INFO: emitting event "task update" to 20170509-173335-6067 [/jobs]
socketio: INFO: emitting event "task update" to 20170509-172147-4505 [/jobs]
socketio: INFO: emitting event "task update" to 20170509-173337-8532 [/jobs]
socketio: INFO: emitting event "task update" to 20170509-172907-6ffa [/jobs]
socketio: INFO: emitting event "task update" to 20170509-174533-2a57 [/jobs]
socketio: INFO: emitting event "task update" to 20170509-172339-dc52 [/jobs]
socketio: INFO: emitting event "task update" to 20170509-172625-e177 [/jobs]
socketio: INFO: emitting event "task update" to 20170509-173316-5f8a [/jobs]
socketio: INFO: emitting event "task update" to 20170509-173318-416e [/jobs]
socketio: INFO: emitting event "task update" to 20170509-173415-8046 [/jobs]
socketio: INFO: emitting event "task update" to 20170509-173027-0946 [/jobs]
socketio: INFO: emitting event "task update" to 20170509-172218-c9c0 [/jobs]
socketio: INFO: emitting event "task update" to 20170509-172328-6826 [/jobs]
socketio: INFO: emitting event "task update" to 20170509-173403-2593 [/jobs]
digits.webapp: WARNING: Infer Model unrecognized output: WARNING: log_file config option not found - no log file is being saved
digits.webapp: WARNING: Infer Model unrecognized output: 2017-05-09 17:46:21 [ERROR] InferenceError: Unable to find snapshot for epoch=-1.0
digits.webapp: WARNING: Infer Model unrecognized output: Traceback (most recent call last):
digits.webapp: WARNING: Infer Model unrecognized output: File "/home/ethan/digits_GAN/digits/tools/inference.py", line 293, in <module>
digits.webapp: WARNING: Infer Model unrecognized output: args['resize']
digits.webapp: WARNING: Infer Model unrecognized output: File "/home/ethan/digits_GAN/digits/tools/inference.py", line 79, in infer
digits.webapp: WARNING: Infer Model unrecognized output: raise InferenceError("Unable to find snapshot for epoch=%s" % repr(epoch))
digits.webapp: WARNING: Infer Model unrecognized output: digits.inference.errors.InferenceError: 'Unable to find snapshot for epoch=-1.0'
socketio: INFO: emitting event "task update" to 20170509-174313-cb2c [/jobs]
socketio: INFO: emitting event "task update" to 20170509-172344-9606 [/jobs]
socketio: INFO: emitting event "task update" to 20170509-172430-a33c [/jobs]
socketio: INFO: emitting event "task update" to 20170509-172605-0fd8 [/jobs]
socketio: INFO: emitting event "task update" to 20170509-172706-cfe6 [/jobs]
socketio: INFO: emitting event "task update" to 20170509-173209-48ad [/jobs]
digits.webapp: ERROR: Infer Model task failed with error code 1
socketio: INFO: emitting event "task update" to 20170509-174619-8e84 [/jobs]
socketio: INFO: emitting event "job update" to 20170509-174619-8e84 [/jobs]
socketio: INFO: emitting event "job update" to job_management [/jobs]
socketio: INFO: emitting event "server update" to job_management [/jobs]
socketio: INFO: emitting event "server update" to job_management [/jobs]
socketio: INFO: emitting event "task update" to 20170509-173320-66e3 [/jobs]
socketio: INFO: emitting event "task update" to 20170509-172927-67d2 [/jobs]
socketio: INFO: emitting event "task update" to 20170509-173515-e8bf [/jobs]
socketio: INFO: emitting event "task update" to 20170509-172524-d7c0 [/jobs]
socketio: INFO: emitting event "job update" to 20170509-174619-8e84 [/jobs]
socketio: INFO: emitting event "job update" to job_management [/jobs]
socketio: INFO: emitting event "task update" to 20170509-172419-2d22 [/jobs]
socketio: INFO: emitting event "task update" to 20170509-172337-f1aa [/jobs]
digits: INFO: Job deleted.
socketio: INFO: emitting event "job update" to job_management [/jobs]
--------------------- >> end captured logging << ---------------------

======================================================================
FAIL: digits.model.images.generic.test_views.TestTensorflowCreatedWithImageProcessingExtensionMeanNone.test_infer_one
----------------------------------------------------------------------
Traceback (most recent call last):
  File "/home/ethan/.local/lib/python2.7/site-packages/nose/case.py", line 197, in runTest
    self.test(*self.arg)
  File "/home/ethan/digits_GAN/digits/model/images/generic/test_views.py", line 593, in test_infer_one
    assert rv.status_code == 200, 'POST failed with %s\n\n%s' % (rv.status_code, body)
AssertionError: POST failed with 500

[<body>\n<div class="navbar navbar-inverse navbar-fixed-top">\n<div class="container">\n<div class="navbar-header">\n<a class="navbar-brand" href="/">DIGITS</a>\n</div>\n<ul class="nav navbar-nav">\n<li><a href="/models/20170509-174604-6d86">test_model</a></li>\n<li class="active"><a>Test One</a></li>\n</ul>\n<ul class="nav navbar-nav navbar-right">\n<li>\n<p class="navbar-text">\n            digits-testsuite (<a class="navbar-link" href="/logout">Logout</a>)\n            </p>\n</li>\n<li class="dropdown">\n<a class="dropdown-toggle" data-toggle="dropdown" href="#">Info<span class="caret"></span></a>\n<ul class="dropdown-menu navbar-inverse">\n<li><span class="navbar-text">Server: ethan-computer</span></li>\n<li><span class="navbar-text">DIGITS version: <br> 5.1-dev</br></span></li>\n<li><span class="navbar-text">Caffe version: <br> 0.15.13</br></span></li>\n<li><span class="navbar-text">Caffe flavor: <br> NVIDIA</br></span></li>\n</ul>\n</li>\n<li class="dropdown">\n<a class="dropdown-toggle" data-toggle="dropdown" href="#">About<span class="caret"></span></a>\n<ul class="dropdown-menu about-menu navbar-inverse">\n<li><span class="navbar-text"><a href="https://developer.nvidia.com/digits" target="_blank">\n                        DIGITS on developer.nvidia.com\n                    </a></span></li>\n<li><span class="navbar-text"><a href="https://github.com/NVIDIA/DIGITS" target="_blank">\n                        DIGITS on GitHub\n                    </a></span></li>\n<li><span class="navbar-text"><a href="https://groups.google.com/d/forum/digits-users" target="_blank">\n                        DIGITS user group\n                    </a></span></li>\n<li><span class="navbar-text"><a href="mailto:digits@nvidia.com">\n                        digits@nvidia.com\n                    </a></span></li>\n</ul>\n</li>\n</ul>\n</div>\n</div>\n<div class="container">\n<div class="jumbotron">\n<div class="container">\n<div class="row">\n<div class="col-sm-12" id="show-job-name">\n<h2 style="display:inline;">Infer One Image</h2>\n</div>\n<div class="col-sm-4" id="edit-job-name" style="display:none;">\n<script>\nfunction updateJobName() {\n    var newName = $("input[name=job-name]").val();\n    $.ajax("/jobs/20170509-174622-d3cc",\n            {\n                type: "PUT",\n                data: {"job_name": newName}\n                }\n          )\n    .done(function() {\n            $("#show-job-name h2").html(newName);\n            $('#edit-job-name').hide(); $('#show-job-name').show();\n            })\n    .fail(function(data) { errorAlert(data); });\n    return false;\n}\n                </script>\n<input class="form-control" name="job-name" value="Infer One Image"/>\n<a class="btn btn-primary" href="#" onclick="return updateJobName();">Update</a>\n<a class="btn btn-info" href="#" onclick="$('#edit-job-name').hide(); $('#show-job-name').show(); return false;">Cancel</a>\n</div>\n</div>\n<small>Owner: digits-testsuite</small>\n<div class="pull-right">\n<a class="btn btn-info" disabled="" id="clone-job">Clone Job</a>\n<a class="btn btn-warning hidden disabled" id="abort-job">Abort Job</a>\n<a class="btn btn-danger disabled" id="delete-job">Delete Job</a>\n</div>\n</div>\n<script>\n$('#abort-job').on('click', function(event) {\n        event.preventDefault();\n        bootbox.confirm(\n            'Are you sure you want to abort this job?',\n            function(result) {\n                if (result)\n                    $.ajax("/jobs/20170509-174622-d3cc/abort",\n                        {type: "POST"})\n                    .done(function() {\n                        $("#abort-job").hide();\n                        })\n                    .fail(function(data) { errorAlert(data); });\n            });\n        });\n\n$('#delete-job').on('click', function(event) {\n        event.preventDefault();\n        bootbox.confirm(\n            'Are you sure you want to delete this job?<br><br>All related files will be permanently removed.',\n            function(result) {\n                if (result)\n                    $.ajax("/jobs/20170509-174622-d3cc",\n                        {type: "DELETE"})\n                    .done(function() {\n                        window.location = "/";\n                        })\n                    .fail(function(data) { errorAlert(data); });\n            });\n        });\n    </script>\n</div>\n<div class="row">\n<!-- Job content -->\n<div class="col-sm-8">\n<script src="/static/js/3rdparty/jquery.elevateZoom-3.0.8.min.js?ver=4606b4a4404b87a591d409910710feb1"></script>\n<div class="page-header">\n<h1>\n        test_model\n        <small>\n            Generic Image Model\n        </small>\n</h1>\n</div>\n<div class="row">\n<div class="alert alert-danger">\n<p>Inference failed, see job log</p>\n</div>\n</div>\n</div>\n<!-- Tasks -->\n<div class="col-sm-4">\n<div class="panel-group">\n<div class="panel panel-danger" id="job-statuses">\n<div class="panel-heading">\n<h4 class="panel-title">\n                    Job Status\n                    <small>Error</small>\n</h4>\n</div>\n<div class="panel-collapse">\n<div class="panel-body">\n<div class="job-statuses">\n<ul>\n<li>\n<span class="text-warning">Initialized</span>\n        at 05:46:22 PM\n            <small>(0 seconds)</small>\n</li>\n<li>\n<span class="text-info">Running</span>\n        at 05:46:22 PM\n            <small>(2 seconds)</small>\n</li>\n<li>\n<span class="text-danger">Error</span>\n        at 05:46:25 PM\n            <br>\n<small>(Total - 3 seconds)</small>\n</br></li>\n</ul>\n</div>\n<div class="panel-group">\n<div class="panel panel-danger" id="task-140099415129616-status">\n<div class="panel-heading">\n<h4 class="panel-title">\n<a data-toggle="collapse" href="#task-140099415129616-status-collapse">\n                                            Infer Model\n                                            <small>Error</small>\n<span class="caret"></span>\n</a>\n</h4>\n</div>\n<div class="panel-collapse collapse in" id="task-140099415129616-status-collapse">\n<div class="panel-body">\n<div class="task-progress" style="display:none;">\n<div class="progress">\n<div class="progress-bar" style="width:0%">\n                                                    0%\n                                                </div>\n</div>\n                                            Estimated time remaining: <span class="task-eta">?</span>\n<br/>\n<br/>\n</div>\n<div class="task-statuses">\n<ul>\n<li>\n<span class="text-warning">Initialized</span>\n        at 05:46:22 PM\n            <small>(0 seconds)</small>\n</li>\n<li>\n<span class="text-info">Running</span>\n        at 05:46:22 PM\n            <small>(2 seconds)</small>\n</li>\n<li>\n<span class="text-danger">Error</span>\n        at 05:46:25 PM\n            <br>\n<small>(Total - 2 seconds)</small>\n</br></li>\n</ul>\n<h4 class="text-danger">ERROR: error code 1</h4>\n<pre>\nWARNING: log_file config option not found - no log file is being saved\n2017-05-09 17:46:24 [ERROR] InferenceError: Unable to find snapshot for epoch=-1.0\nTraceback (most recent call last):\nFile "/home/ethan/digits_GAN/digits/tools/inference.py", line 293, in &lt;module&gt;\nargs['resize']\nFile "/home/ethan/digits_GAN/digits/tools/inference.py", line 79, in infer\nraise InferenceError("Unable to find snapshot for epoch=%s" % repr(epoch))\ndigits.inference.errors.InferenceError: 'Unable to find snapshot for epoch=-1.0'\n        </pre>\n</div>\n</div>\n</div>\n</div>\n</div>\n</div>\n</div>\n</div>\n</div>\n<div class="gpu-utilization-info" style="display:none;"></div>\n<!-- Related jobs -->\n<div class="panel panel-default" id="notes-information">\n<div class="panel-heading">\n<h4>Notes</h4>\n</div>\n<div class="panel-body">\n<div class="col-sm-12" id="show-job-notes">\n<p style="display:inline;">None</p>\n</div>\n<div class="col-sm-12" id="edit-job-notes" style="display:none;">\n<script type="text/javascript">\n                        function updateJobNotes() {\n                        var newNotes = $("textarea[name=job-notes]").val();\n                        $.ajax("/jobs/20170509-174622-d3cc",\n                                {\n                                    type: "PUT",\n                                    data: {"job_notes": newNotes}\n                                    }\n                              )\n                        .done(function() {\n                                $("#show-job-notes p").html(newNotes);\n                                $('#edit-job-notes').hide(); $('#show-job-notes').show();\n                                })\n                        .fail(function(data) { errorAlert(data); });\n                        return false;\n                    }\n                    </script>\n<textarea class="form-control" name="job-notes" placeholder="Enter notes" rows="5"></textarea>\n<a class="btn btn-primary" href="#" onclick="return updateJobNotes();">Update</a>\n<a class="btn btn-info" href="#" onclick="$('#edit-job-notes').hide(); $('#show-job-notes').show(); return false;">Cancel</a>\n</div>\n</div>\n</div>\n</div>\n</div>\n<div class="row">\n<script type="text/javascript">\n    function drawHistogram(id, data) {\n        c3.generate({\n            bindto: id,\n            size: {height: 200},\n            data: {\n                columns: [\n                    ['Count'].concat(data[0]),\n                    ['Value'].concat(data[1]),\n                ],\n                x: 'Value',\n                type: 'area-spline',\n            },\n            axis: {\n                x: {\n                    label: {\n                        text: 'Value',\n                        position: 'outer-center',\n                    },\n                    tick: {\n                        values: data[2],\n                        format: d3.format('.3g'),\n                    },\n                    padding: {left: 0},\n                },\n                y: {\n                    padding: {bottom: 0},\n                },\n            },\n            bar: {\n               width: {ratio: 0.2}\n            },\n            padding: {left: 20, right: 20},\n            legend: {hide: true},\n        });\n    }\n</script>\n<style>\n    div.histogram .c3-axis-y .tick {\n        display: none;\n    }\n</style>\n</div>\n</div>\n<script>\n$SCRIPT_ROOT = "";\n\n$(".explanation-tooltip").tooltip();\n\nwindow.onload = function () {\n    $('.autocomplete_path').autocomplete({\n       serviceUrl: '/autocomplete/path',\n       formatResult: function (suggestion, currentValue)\n       {\n            function baseName(str)\n            {\n               var base = new String(str).substring(str.lastIndexOf('/') + 1);\n               return base;\n            }\n            return baseName(suggestion.value);\n        },\n        minChars: 0\n    });\n    $(".autocomplete_path").removeAttr("autocomplete");\n};\n\n</script>\n<style>\n .about-menu {\n     width: 240px !important;\n }\n .brightness {\n     display: inline-block;\n }\n .brightness img:hover {\n     opacity: .75;\n }\n</style>\n</body>]
-------------------- >> begin captured logging << --------------------
socketio: INFO: emitting event "job update" to job_management [/jobs]
socketio: INFO: emitting event "task update" to 20170509-173228-acad [/jobs]
socketio: INFO: emitting event "task update" to 20170509-172350-6fcd [/jobs]
socketio: INFO: emitting event "task update" to 20170509-173357-1ed1 [/jobs]
socketio: INFO: emitting event "task update" to 20170509-172259-8252 [/jobs]
socketio: INFO: emitting event "task update" to 20170509-173322-0807 [/jobs]
socketio: INFO: emitting event "task update" to 20170509-172114-d063 [/jobs]
socketio: INFO: emitting event "task update" to 20170509-172323-89b4 [/jobs]
socketio: INFO: emitting event "task update" to 20170509-174411-45b4 [/jobs]
socketio: INFO: emitting event "task update" to 20170509-173300-0377 [/jobs]
socketio: INFO: emitting event "task update" to 20170509-173245-3417 [/jobs]
socketio: INFO: emitting event "task update" to 20170509-173324-49b0 [/jobs]
socketio: INFO: emitting event "task update" to 20170509-172342-e0ef [/jobs]
socketio: INFO: emitting event "task update" to 20170509-173108-a6ff [/jobs]
socketio: INFO: emitting event "task update" to 20170509-172725-6a13 [/jobs]
socketio: INFO: emitting event "task update" to 20170509-172806-b5bc [/jobs]
socketio: INFO: emitting event "task update" to 20170509-172227-0156 [/jobs]
socketio: INFO: emitting event "task update" to 20170509-174451-4b24 [/jobs]
socketio: INFO: emitting event "job update" to 20170509-174622-d3cc [/jobs]
socketio: INFO: emitting event "job update" to job_management [/jobs]
socketio: INFO: emitting event "server update" to job_management [/jobs]
socketio: INFO: emitting event "server update" to job_management [/jobs]
digits.webapp: INFO: Infer Model task started.
socketio: INFO: emitting event "task update" to 20170509-174622-d3cc [/jobs]
socketio: INFO: emitting event "job update" to 20170509-174622-d3cc [/jobs]
socketio: INFO: emitting event "job update" to job_management [/jobs]
digits.webapp: INFO: Task subprocess args: "/usr/bin/python2 /home/ethan/digits_GAN/digits/tools/inference.py /tmp/tmpX3R8Ve/20170509-174622-d3cc/tmpSY5UJ6.txt /tmp/tmpX3R8Ve/20170509-174622-d3cc 20170509-174604-6d86 --jobs_dir=/tmp/tmpX3R8Ve --layers=all --gpu=0"
socketio: INFO: emitting event "task update" to 20170509-172334-9d18 [/jobs]
socketio: INFO: emitting event "task update" to 20170509-173128-33ce [/jobs]
socketio: INFO: emitting event "task update" to 20170509-174604-6d86 [/jobs]
socketio: INFO: emitting event "task update" to 20170509-172347-b92a [/jobs]
socketio: INFO: emitting event "task update" to 20170509-173326-3e6f [/jobs]
socketio: INFO: emitting event "task update" to 20170509-172315-d38b [/jobs]
socketio: INFO: emitting event "task update" to 20170509-174340-86bb [/jobs]
socketio: INFO: emitting event "task update" to 20170509-172516-8f4b [/jobs]
socketio: INFO: emitting event "task update" to 20170509-172352-bfdd [/jobs]
socketio: INFO: emitting event "task update" to 20170509-172412-e6f0 [/jobs]
socketio: INFO: emitting event "task update" to 20170509-173329-1cea [/jobs]
socketio: INFO: emitting event "task update" to 20170509-173229-c795 [/jobs]
socketio: INFO: emitting event "task update" to 20170509-172202-9230 [/jobs]
socketio: INFO: emitting event "task update" to 20170509-173331-d237 [/jobs]
socketio: INFO: emitting event "task update" to 20170509-172317-7da8 [/jobs]
socketio: INFO: emitting event "task update" to 20170509-173008-ee07 [/jobs]
socketio: INFO: emitting event "task update" to 20170509-172210-1907 [/jobs]
socketio: INFO: emitting event "task update" to 20170509-173333-e98b [/jobs]
socketio: INFO: emitting event "task update" to 20170509-172825-84c5 [/jobs]
socketio: INFO: emitting event "task update" to 20170509-173335-6067 [/jobs]
socketio: INFO: emitting event "task update" to 20170509-172147-4505 [/jobs]
socketio: INFO: emitting event "task update" to 20170509-173337-8532 [/jobs]
socketio: INFO: emitting event "task update" to 20170509-172907-6ffa [/jobs]
socketio: INFO: emitting event "task update" to 20170509-174533-2a57 [/jobs]
socketio: INFO: emitting event "task update" to 20170509-172339-dc52 [/jobs]
socketio: INFO: emitting event "task update" to 20170509-172625-e177 [/jobs]
socketio: INFO: emitting event "task update" to 20170509-173316-5f8a [/jobs]
socketio: INFO: emitting event "task update" to 20170509-173318-416e [/jobs]
socketio: INFO: emitting event "task update" to 20170509-173415-8046 [/jobs]
socketio: INFO: emitting event "task update" to 20170509-173027-0946 [/jobs]
socketio: INFO: emitting event "task update" to 20170509-172218-c9c0 [/jobs]
socketio: INFO: emitting event "task update" to 20170509-172328-6826 [/jobs]
socketio: INFO: emitting event "task update" to 20170509-173403-2593 [/jobs]
socketio: INFO: emitting event "task update" to 20170509-174313-cb2c [/jobs]
socketio: INFO: emitting event "task update" to 20170509-172344-9606 [/jobs]
socketio: INFO: emitting event "task update" to 20170509-172430-a33c [/jobs]
socketio: INFO: emitting event "task update" to 20170509-172605-0fd8 [/jobs]
socketio: INFO: emitting event "task update" to 20170509-172706-cfe6 [/jobs]
socketio: INFO: emitting event "task update" to 20170509-173209-48ad [/jobs]
socketio: INFO: emitting event "task update" to 20170509-173320-66e3 [/jobs]
socketio: INFO: emitting event "task update" to 20170509-172927-67d2 [/jobs]
socketio: INFO: emitting event "task update" to 20170509-173515-e8bf [/jobs]
socketio: INFO: emitting event "task update" to 20170509-172524-d7c0 [/jobs]
socketio: INFO: emitting event "task update" to 20170509-172419-2d22 [/jobs]
socketio: INFO: emitting event "task update" to 20170509-172337-f1aa [/jobs]
socketio: INFO: emitting event "task update" to 20170509-173228-acad [/jobs]
socketio: INFO: emitting event "task update" to 20170509-172350-6fcd [/jobs]
socketio: INFO: emitting event "task update" to 20170509-173357-1ed1 [/jobs]
socketio: INFO: emitting event "task update" to 20170509-172259-8252 [/jobs]
socketio: INFO: emitting event "task update" to 20170509-173322-0807 [/jobs]
socketio: INFO: emitting event "task update" to 20170509-172114-d063 [/jobs]
socketio: INFO: emitting event "task update" to 20170509-172323-89b4 [/jobs]
socketio: INFO: emitting event "task update" to 20170509-174411-45b4 [/jobs]
socketio: INFO: emitting event "task update" to 20170509-173300-0377 [/jobs]
socketio: INFO: emitting event "task update" to 20170509-173245-3417 [/jobs]
socketio: INFO: emitting event "task update" to 20170509-173324-49b0 [/jobs]
socketio: INFO: emitting event "task update" to 20170509-172342-e0ef [/jobs]
socketio: INFO: emitting event "task update" to 20170509-173108-a6ff [/jobs]
socketio: INFO: emitting event "task update" to 20170509-172725-6a13 [/jobs]
socketio: INFO: emitting event "task update" to 20170509-172806-b5bc [/jobs]
socketio: INFO: emitting event "task update" to 20170509-172227-0156 [/jobs]
socketio: INFO: emitting event "task update" to 20170509-174451-4b24 [/jobs]
socketio: INFO: emitting event "task update" to 20170509-172334-9d18 [/jobs]
socketio: INFO: emitting event "task update" to 20170509-173128-33ce [/jobs]
socketio: INFO: emitting event "task update" to 20170509-174604-6d86 [/jobs]
socketio: INFO: emitting event "task update" to 20170509-172347-b92a [/jobs]
socketio: INFO: emitting event "task update" to 20170509-173326-3e6f [/jobs]
socketio: INFO: emitting event "task update" to 20170509-172315-d38b [/jobs]
socketio: INFO: emitting event "task update" to 20170509-174340-86bb [/jobs]
socketio: INFO: emitting event "task update" to 20170509-172516-8f4b [/jobs]
socketio: INFO: emitting event "task update" to 20170509-172352-bfdd [/jobs]
socketio: INFO: emitting event "task update" to 20170509-172412-e6f0 [/jobs]
socketio: INFO: emitting event "task update" to 20170509-173329-1cea [/jobs]
socketio: INFO: emitting event "task update" to 20170509-173229-c795 [/jobs]
socketio: INFO: emitting event "task update" to 20170509-172202-9230 [/jobs]
socketio: INFO: emitting event "task update" to 20170509-173331-d237 [/jobs]
socketio: INFO: emitting event "task update" to 20170509-172317-7da8 [/jobs]
socketio: INFO: emitting event "task update" to 20170509-173008-ee07 [/jobs]
socketio: INFO: emitting event "task update" to 20170509-172210-1907 [/jobs]
socketio: INFO: emitting event "task update" to 20170509-173333-e98b [/jobs]
socketio: INFO: emitting event "task update" to 20170509-172825-84c5 [/jobs]
socketio: INFO: emitting event "task update" to 20170509-173335-6067 [/jobs]
socketio: INFO: emitting event "task update" to 20170509-172147-4505 [/jobs]
socketio: INFO: emitting event "task update" to 20170509-173337-8532 [/jobs]
socketio: INFO: emitting event "task update" to 20170509-172907-6ffa [/jobs]
socketio: INFO: emitting event "task update" to 20170509-174533-2a57 [/jobs]
socketio: INFO: emitting event "task update" to 20170509-172339-dc52 [/jobs]
socketio: INFO: emitting event "task update" to 20170509-172625-e177 [/jobs]
socketio: INFO: emitting event "task update" to 20170509-173316-5f8a [/jobs]
socketio: INFO: emitting event "task update" to 20170509-173318-416e [/jobs]
socketio: INFO: emitting event "task update" to 20170509-173415-8046 [/jobs]
socketio: INFO: emitting event "task update" to 20170509-173027-0946 [/jobs]
socketio: INFO: emitting event "task update" to 20170509-172218-c9c0 [/jobs]
socketio: INFO: emitting event "task update" to 20170509-172328-6826 [/jobs]
socketio: INFO: emitting event "task update" to 20170509-173403-2593 [/jobs]
socketio: INFO: emitting event "task update" to 20170509-174313-cb2c [/jobs]
socketio: INFO: emitting event "task update" to 20170509-172344-9606 [/jobs]
socketio: INFO: emitting event "task update" to 20170509-172430-a33c [/jobs]
socketio: INFO: emitting event "task update" to 20170509-172605-0fd8 [/jobs]
socketio: INFO: emitting event "task update" to 20170509-172706-cfe6 [/jobs]
socketio: INFO: emitting event "task update" to 20170509-173209-48ad [/jobs]
socketio: INFO: emitting event "task update" to 20170509-173320-66e3 [/jobs]
socketio: INFO: emitting event "task update" to 20170509-172927-67d2 [/jobs]
socketio: INFO: emitting event "task update" to 20170509-173515-e8bf [/jobs]
socketio: INFO: emitting event "task update" to 20170509-172524-d7c0 [/jobs]
socketio: INFO: emitting event "task update" to 20170509-172419-2d22 [/jobs]
socketio: INFO: emitting event "task update" to 20170509-172337-f1aa [/jobs]
socketio: INFO: emitting event "task update" to 20170509-173228-acad [/jobs]
socketio: INFO: emitting event "task update" to 20170509-172350-6fcd [/jobs]
socketio: INFO: emitting event "task update" to 20170509-173357-1ed1 [/jobs]
socketio: INFO: emitting event "task update" to 20170509-172259-8252 [/jobs]
socketio: INFO: emitting event "task update" to 20170509-173322-0807 [/jobs]
socketio: INFO: emitting event "task update" to 20170509-172114-d063 [/jobs]
socketio: INFO: emitting event "task update" to 20170509-172323-89b4 [/jobs]
socketio: INFO: emitting event "task update" to 20170509-174411-45b4 [/jobs]
socketio: INFO: emitting event "task update" to 20170509-173300-0377 [/jobs]
socketio: INFO: emitting event "task update" to 20170509-173245-3417 [/jobs]
socketio: INFO: emitting event "task update" to 20170509-173324-49b0 [/jobs]
socketio: INFO: emitting event "task update" to 20170509-172342-e0ef [/jobs]
socketio: INFO: emitting event "task update" to 20170509-173108-a6ff [/jobs]
socketio: INFO: emitting event "task update" to 20170509-172725-6a13 [/jobs]
socketio: INFO: emitting event "task update" to 20170509-172806-b5bc [/jobs]
socketio: INFO: emitting event "task update" to 20170509-172227-0156 [/jobs]
socketio: INFO: emitting event "task update" to 20170509-174451-4b24 [/jobs]
socketio: INFO: emitting event "task update" to 20170509-172334-9d18 [/jobs]
socketio: INFO: emitting event "task update" to 20170509-173128-33ce [/jobs]
socketio: INFO: emitting event "task update" to 20170509-174604-6d86 [/jobs]
socketio: INFO: emitting event "task update" to 20170509-172347-b92a [/jobs]
socketio: INFO: emitting event "task update" to 20170509-173326-3e6f [/jobs]
socketio: INFO: emitting event "task update" to 20170509-172315-d38b [/jobs]
socketio: INFO: emitting event "task update" to 20170509-174340-86bb [/jobs]
socketio: INFO: emitting event "task update" to 20170509-172516-8f4b [/jobs]
socketio: INFO: emitting event "task update" to 20170509-172352-bfdd [/jobs]
socketio: INFO: emitting event "task update" to 20170509-172412-e6f0 [/jobs]
socketio: INFO: emitting event "task update" to 20170509-173329-1cea [/jobs]
socketio: INFO: emitting event "task update" to 20170509-173229-c795 [/jobs]
socketio: INFO: emitting event "task update" to 20170509-172202-9230 [/jobs]
socketio: INFO: emitting event "task update" to 20170509-173331-d237 [/jobs]
socketio: INFO: emitting event "task update" to 20170509-172317-7da8 [/jobs]
socketio: INFO: emitting event "task update" to 20170509-173008-ee07 [/jobs]
socketio: INFO: emitting event "task update" to 20170509-172210-1907 [/jobs]
socketio: INFO: emitting event "task update" to 20170509-173333-e98b [/jobs]
socketio: INFO: emitting event "task update" to 20170509-172825-84c5 [/jobs]
socketio: INFO: emitting event "task update" to 20170509-173335-6067 [/jobs]
socketio: INFO: emitting event "task update" to 20170509-172147-4505 [/jobs]
socketio: INFO: emitting event "task update" to 20170509-173337-8532 [/jobs]
socketio: INFO: emitting event "task update" to 20170509-172907-6ffa [/jobs]
socketio: INFO: emitting event "task update" to 20170509-174533-2a57 [/jobs]
socketio: INFO: emitting event "task update" to 20170509-172339-dc52 [/jobs]
socketio: INFO: emitting event "task update" to 20170509-172625-e177 [/jobs]
socketio: INFO: emitting event "task update" to 20170509-173316-5f8a [/jobs]
socketio: INFO: emitting event "task update" to 20170509-173318-416e [/jobs]
socketio: INFO: emitting event "task update" to 20170509-173415-8046 [/jobs]
socketio: INFO: emitting event "task update" to 20170509-173027-0946 [/jobs]
digits.webapp: WARNING: Infer Model unrecognized output: WARNING: log_file config option not found - no log file is being saved
digits.webapp: WARNING: Infer Model unrecognized output: 2017-05-09 17:46:24 [ERROR] InferenceError: Unable to find snapshot for epoch=-1.0
digits.webapp: WARNING: Infer Model unrecognized output: Traceback (most recent call last):
digits.webapp: WARNING: Infer Model unrecognized output: File "/home/ethan/digits_GAN/digits/tools/inference.py", line 293, in <module>
digits.webapp: WARNING: Infer Model unrecognized output: args['resize']
digits.webapp: WARNING: Infer Model unrecognized output: File "/home/ethan/digits_GAN/digits/tools/inference.py", line 79, in infer
digits.webapp: WARNING: Infer Model unrecognized output: raise InferenceError("Unable to find snapshot for epoch=%s" % repr(epoch))
digits.webapp: WARNING: Infer Model unrecognized output: digits.inference.errors.InferenceError: 'Unable to find snapshot for epoch=-1.0'
socketio: INFO: emitting event "task update" to 20170509-172218-c9c0 [/jobs]
socketio: INFO: emitting event "task update" to 20170509-172328-6826 [/jobs]
socketio: INFO: emitting event "task update" to 20170509-173403-2593 [/jobs]
digits.webapp: ERROR: Infer Model task failed with error code 1
socketio: INFO: emitting event "task update" to 20170509-174622-d3cc [/jobs]
socketio: INFO: emitting event "job update" to 20170509-174622-d3cc [/jobs]
socketio: INFO: emitting event "job update" to job_management [/jobs]
socketio: INFO: emitting event "server update" to job_management [/jobs]
socketio: INFO: emitting event "server update" to job_management [/jobs]
socketio: INFO: emitting event "task update" to 20170509-174313-cb2c [/jobs]
socketio: INFO: emitting event "task update" to 20170509-172344-9606 [/jobs]
socketio: INFO: emitting event "task update" to 20170509-172430-a33c [/jobs]
socketio: INFO: emitting event "task update" to 20170509-172605-0fd8 [/jobs]
socketio: INFO: emitting event "task update" to 20170509-172706-cfe6 [/jobs]
socketio: INFO: emitting event "task update" to 20170509-173209-48ad [/jobs]
socketio: INFO: emitting event "task update" to 20170509-173320-66e3 [/jobs]
socketio: INFO: emitting event "task update" to 20170509-172927-67d2 [/jobs]
socketio: INFO: emitting event "task update" to 20170509-173515-e8bf [/jobs]
socketio: INFO: emitting event "task update" to 20170509-172524-d7c0 [/jobs]
socketio: INFO: emitting event "task update" to 20170509-172419-2d22 [/jobs]
socketio: INFO: emitting event "job update" to 20170509-174622-d3cc [/jobs]
socketio: INFO: emitting event "job update" to job_management [/jobs]
socketio: INFO: emitting event "task update" to 20170509-172337-f1aa [/jobs]
digits: INFO: Job deleted.
socketio: INFO: emitting event "job update" to job_management [/jobs]
--------------------- >> end captured logging << ---------------------

======================================================================
FAIL: digits.model.images.generic.test_views.TestTensorflowCreatedWithImageProcessingExtensionMeanNone.test_infer_one_json
----------------------------------------------------------------------
Traceback (most recent call last):
  File "/home/ethan/.local/lib/python2.7/site-packages/nose/case.py", line 197, in runTest
    self.test(*self.arg)
  File "/home/ethan/digits_GAN/digits/model/images/generic/test_views.py", line 830, in test_infer_one_json
    assert rv.status_code == 200, 'POST failed with %s' % rv.status_code
AssertionError: POST failed with 500
-------------------- >> begin captured logging << --------------------
socketio: INFO: emitting event "job update" to job_management [/jobs]
socketio: INFO: emitting event "task update" to 20170509-173228-acad [/jobs]
socketio: INFO: emitting event "task update" to 20170509-172350-6fcd [/jobs]
socketio: INFO: emitting event "task update" to 20170509-173357-1ed1 [/jobs]
socketio: INFO: emitting event "task update" to 20170509-172259-8252 [/jobs]
socketio: INFO: emitting event "task update" to 20170509-173322-0807 [/jobs]
socketio: INFO: emitting event "task update" to 20170509-172114-d063 [/jobs]
socketio: INFO: emitting event "task update" to 20170509-172323-89b4 [/jobs]
socketio: INFO: emitting event "task update" to 20170509-174411-45b4 [/jobs]
socketio: INFO: emitting event "task update" to 20170509-173300-0377 [/jobs]
socketio: INFO: emitting event "task update" to 20170509-173245-3417 [/jobs]
socketio: INFO: emitting event "task update" to 20170509-173324-49b0 [/jobs]
socketio: INFO: emitting event "task update" to 20170509-172342-e0ef [/jobs]
socketio: INFO: emitting event "task update" to 20170509-173108-a6ff [/jobs]
socketio: INFO: emitting event "task update" to 20170509-172725-6a13 [/jobs]
socketio: INFO: emitting event "task update" to 20170509-172806-b5bc [/jobs]
socketio: INFO: emitting event "task update" to 20170509-172227-0156 [/jobs]
socketio: INFO: emitting event "task update" to 20170509-174451-4b24 [/jobs]
socketio: INFO: emitting event "task update" to 20170509-172334-9d18 [/jobs]
socketio: INFO: emitting event "task update" to 20170509-173128-33ce [/jobs]
socketio: INFO: emitting event "job update" to 20170509-174625-29ec [/jobs]
socketio: INFO: emitting event "job update" to job_management [/jobs]
socketio: INFO: emitting event "server update" to job_management [/jobs]
socketio: INFO: emitting event "server update" to job_management [/jobs]
digits.webapp: INFO: Infer Model task started.
socketio: INFO: emitting event "task update" to 20170509-174625-29ec [/jobs]
socketio: INFO: emitting event "job update" to 20170509-174625-29ec [/jobs]
socketio: INFO: emitting event "job update" to job_management [/jobs]
digits.webapp: INFO: Task subprocess args: "/usr/bin/python2 /home/ethan/digits_GAN/digits/tools/inference.py /tmp/tmpX3R8Ve/20170509-174625-29ec/tmp10uKNR.txt /tmp/tmpX3R8Ve/20170509-174625-29ec 20170509-174604-6d86 --jobs_dir=/tmp/tmpX3R8Ve --layers=none --gpu=0"
socketio: INFO: emitting event "task update" to 20170509-174604-6d86 [/jobs]
socketio: INFO: emitting event "task update" to 20170509-172347-b92a [/jobs]
socketio: INFO: emitting event "task update" to 20170509-173326-3e6f [/jobs]
socketio: INFO: emitting event "task update" to 20170509-172315-d38b [/jobs]
socketio: INFO: emitting event "task update" to 20170509-174340-86bb [/jobs]
socketio: INFO: emitting event "task update" to 20170509-172516-8f4b [/jobs]
socketio: INFO: emitting event "task update" to 20170509-172352-bfdd [/jobs]
socketio: INFO: emitting event "task update" to 20170509-172412-e6f0 [/jobs]
socketio: INFO: emitting event "task update" to 20170509-173329-1cea [/jobs]
socketio: INFO: emitting event "task update" to 20170509-173229-c795 [/jobs]
socketio: INFO: emitting event "task update" to 20170509-172202-9230 [/jobs]
socketio: INFO: emitting event "task update" to 20170509-173331-d237 [/jobs]
socketio: INFO: emitting event "task update" to 20170509-172317-7da8 [/jobs]
socketio: INFO: emitting event "task update" to 20170509-173008-ee07 [/jobs]
socketio: INFO: emitting event "task update" to 20170509-172210-1907 [/jobs]
socketio: INFO: emitting event "task update" to 20170509-173333-e98b [/jobs]
socketio: INFO: emitting event "task update" to 20170509-172825-84c5 [/jobs]
socketio: INFO: emitting event "task update" to 20170509-173335-6067 [/jobs]
socketio: INFO: emitting event "task update" to 20170509-172147-4505 [/jobs]
socketio: INFO: emitting event "task update" to 20170509-173337-8532 [/jobs]
socketio: INFO: emitting event "task update" to 20170509-172907-6ffa [/jobs]
socketio: INFO: emitting event "task update" to 20170509-174533-2a57 [/jobs]
socketio: INFO: emitting event "task update" to 20170509-172339-dc52 [/jobs]
socketio: INFO: emitting event "task update" to 20170509-172625-e177 [/jobs]
socketio: INFO: emitting event "task update" to 20170509-173316-5f8a [/jobs]
socketio: INFO: emitting event "task update" to 20170509-173318-416e [/jobs]
socketio: INFO: emitting event "task update" to 20170509-173415-8046 [/jobs]
socketio: INFO: emitting event "task update" to 20170509-173027-0946 [/jobs]
socketio: INFO: emitting event "task update" to 20170509-172218-c9c0 [/jobs]
socketio: INFO: emitting event "task update" to 20170509-172328-6826 [/jobs]
socketio: INFO: emitting event "task update" to 20170509-173403-2593 [/jobs]
socketio: INFO: emitting event "task update" to 20170509-174313-cb2c [/jobs]
socketio: INFO: emitting event "task update" to 20170509-172344-9606 [/jobs]
socketio: INFO: emitting event "task update" to 20170509-172430-a33c [/jobs]
socketio: INFO: emitting event "task update" to 20170509-172605-0fd8 [/jobs]
socketio: INFO: emitting event "task update" to 20170509-172706-cfe6 [/jobs]
socketio: INFO: emitting event "task update" to 20170509-173209-48ad [/jobs]
socketio: INFO: emitting event "task update" to 20170509-173320-66e3 [/jobs]
socketio: INFO: emitting event "task update" to 20170509-172927-67d2 [/jobs]
socketio: INFO: emitting event "task update" to 20170509-173515-e8bf [/jobs]
socketio: INFO: emitting event "task update" to 20170509-172524-d7c0 [/jobs]
socketio: INFO: emitting event "task update" to 20170509-172419-2d22 [/jobs]
socketio: INFO: emitting event "task update" to 20170509-172337-f1aa [/jobs]
socketio: INFO: emitting event "task update" to 20170509-173228-acad [/jobs]
socketio: INFO: emitting event "task update" to 20170509-172350-6fcd [/jobs]
socketio: INFO: emitting event "task update" to 20170509-173357-1ed1 [/jobs]
socketio: INFO: emitting event "task update" to 20170509-172259-8252 [/jobs]
socketio: INFO: emitting event "task update" to 20170509-173322-0807 [/jobs]
socketio: INFO: emitting event "task update" to 20170509-172114-d063 [/jobs]
socketio: INFO: emitting event "task update" to 20170509-172323-89b4 [/jobs]
socketio: INFO: emitting event "task update" to 20170509-174411-45b4 [/jobs]
socketio: INFO: emitting event "task update" to 20170509-173300-0377 [/jobs]
socketio: INFO: emitting event "task update" to 20170509-173245-3417 [/jobs]
socketio: INFO: emitting event "task update" to 20170509-173324-49b0 [/jobs]
socketio: INFO: emitting event "task update" to 20170509-172342-e0ef [/jobs]
socketio: INFO: emitting event "task update" to 20170509-173108-a6ff [/jobs]
socketio: INFO: emitting event "task update" to 20170509-172725-6a13 [/jobs]
socketio: INFO: emitting event "task update" to 20170509-172806-b5bc [/jobs]
socketio: INFO: emitting event "task update" to 20170509-172227-0156 [/jobs]
socketio: INFO: emitting event "task update" to 20170509-174451-4b24 [/jobs]
socketio: INFO: emitting event "task update" to 20170509-172334-9d18 [/jobs]
socketio: INFO: emitting event "task update" to 20170509-173128-33ce [/jobs]
socketio: INFO: emitting event "task update" to 20170509-174604-6d86 [/jobs]
socketio: INFO: emitting event "task update" to 20170509-172347-b92a [/jobs]
socketio: INFO: emitting event "task update" to 20170509-173326-3e6f [/jobs]
socketio: INFO: emitting event "task update" to 20170509-172315-d38b [/jobs]
socketio: INFO: emitting event "task update" to 20170509-174340-86bb [/jobs]
socketio: INFO: emitting event "task update" to 20170509-172516-8f4b [/jobs]
socketio: INFO: emitting event "task update" to 20170509-172352-bfdd [/jobs]
socketio: INFO: emitting event "task update" to 20170509-172412-e6f0 [/jobs]
socketio: INFO: emitting event "task update" to 20170509-173329-1cea [/jobs]
socketio: INFO: emitting event "task update" to 20170509-173229-c795 [/jobs]
socketio: INFO: emitting event "task update" to 20170509-172202-9230 [/jobs]
socketio: INFO: emitting event "task update" to 20170509-173331-d237 [/jobs]
socketio: INFO: emitting event "task update" to 20170509-172317-7da8 [/jobs]
socketio: INFO: emitting event "task update" to 20170509-173008-ee07 [/jobs]
socketio: INFO: emitting event "task update" to 20170509-172210-1907 [/jobs]
socketio: INFO: emitting event "task update" to 20170509-173333-e98b [/jobs]
socketio: INFO: emitting event "task update" to 20170509-172825-84c5 [/jobs]
socketio: INFO: emitting event "task update" to 20170509-173335-6067 [/jobs]
socketio: INFO: emitting event "task update" to 20170509-172147-4505 [/jobs]
socketio: INFO: emitting event "task update" to 20170509-173337-8532 [/jobs]
socketio: INFO: emitting event "task update" to 20170509-172907-6ffa [/jobs]
socketio: INFO: emitting event "task update" to 20170509-174533-2a57 [/jobs]
socketio: INFO: emitting event "task update" to 20170509-172339-dc52 [/jobs]
socketio: INFO: emitting event "task update" to 20170509-172625-e177 [/jobs]
socketio: INFO: emitting event "task update" to 20170509-173316-5f8a [/jobs]
socketio: INFO: emitting event "task update" to 20170509-173318-416e [/jobs]
socketio: INFO: emitting event "task update" to 20170509-173415-8046 [/jobs]
socketio: INFO: emitting event "task update" to 20170509-173027-0946 [/jobs]
socketio: INFO: emitting event "task update" to 20170509-172218-c9c0 [/jobs]
socketio: INFO: emitting event "task update" to 20170509-172328-6826 [/jobs]
socketio: INFO: emitting event "task update" to 20170509-173403-2593 [/jobs]
socketio: INFO: emitting event "task update" to 20170509-174313-cb2c [/jobs]
socketio: INFO: emitting event "task update" to 20170509-172344-9606 [/jobs]
socketio: INFO: emitting event "task update" to 20170509-172430-a33c [/jobs]
socketio: INFO: emitting event "task update" to 20170509-172605-0fd8 [/jobs]
socketio: INFO: emitting event "task update" to 20170509-172706-cfe6 [/jobs]
socketio: INFO: emitting event "task update" to 20170509-173209-48ad [/jobs]
socketio: INFO: emitting event "task update" to 20170509-173320-66e3 [/jobs]
socketio: INFO: emitting event "task update" to 20170509-172927-67d2 [/jobs]
socketio: INFO: emitting event "task update" to 20170509-173515-e8bf [/jobs]
socketio: INFO: emitting event "task update" to 20170509-172524-d7c0 [/jobs]
socketio: INFO: emitting event "task update" to 20170509-172419-2d22 [/jobs]
socketio: INFO: emitting event "task update" to 20170509-172337-f1aa [/jobs]
socketio: INFO: emitting event "task update" to 20170509-173228-acad [/jobs]
socketio: INFO: emitting event "task update" to 20170509-172350-6fcd [/jobs]
socketio: INFO: emitting event "task update" to 20170509-173357-1ed1 [/jobs]
socketio: INFO: emitting event "task update" to 20170509-172259-8252 [/jobs]
socketio: INFO: emitting event "task update" to 20170509-173322-0807 [/jobs]
socketio: INFO: emitting event "task update" to 20170509-172114-d063 [/jobs]
socketio: INFO: emitting event "task update" to 20170509-172323-89b4 [/jobs]
socketio: INFO: emitting event "task update" to 20170509-174411-45b4 [/jobs]
socketio: INFO: emitting event "task update" to 20170509-173300-0377 [/jobs]
socketio: INFO: emitting event "task update" to 20170509-173245-3417 [/jobs]
socketio: INFO: emitting event "task update" to 20170509-173324-49b0 [/jobs]
socketio: INFO: emitting event "task update" to 20170509-172342-e0ef [/jobs]
socketio: INFO: emitting event "task update" to 20170509-173108-a6ff [/jobs]
socketio: INFO: emitting event "task update" to 20170509-172725-6a13 [/jobs]
socketio: INFO: emitting event "task update" to 20170509-172806-b5bc [/jobs]
socketio: INFO: emitting event "task update" to 20170509-172227-0156 [/jobs]
socketio: INFO: emitting event "task update" to 20170509-174451-4b24 [/jobs]
socketio: INFO: emitting event "task update" to 20170509-172334-9d18 [/jobs]
socketio: INFO: emitting event "task update" to 20170509-173128-33ce [/jobs]
socketio: INFO: emitting event "task update" to 20170509-174604-6d86 [/jobs]
socketio: INFO: emitting event "task update" to 20170509-172347-b92a [/jobs]
socketio: INFO: emitting event "task update" to 20170509-173326-3e6f [/jobs]
socketio: INFO: emitting event "task update" to 20170509-172315-d38b [/jobs]
socketio: INFO: emitting event "task update" to 20170509-174340-86bb [/jobs]
socketio: INFO: emitting event "task update" to 20170509-172516-8f4b [/jobs]
socketio: INFO: emitting event "task update" to 20170509-172352-bfdd [/jobs]
socketio: INFO: emitting event "task update" to 20170509-172412-e6f0 [/jobs]
socketio: INFO: emitting event "task update" to 20170509-173329-1cea [/jobs]
socketio: INFO: emitting event "task update" to 20170509-173229-c795 [/jobs]
socketio: INFO: emitting event "task update" to 20170509-172202-9230 [/jobs]
socketio: INFO: emitting event "task update" to 20170509-173331-d237 [/jobs]
socketio: INFO: emitting event "task update" to 20170509-172317-7da8 [/jobs]
socketio: INFO: emitting event "task update" to 20170509-173008-ee07 [/jobs]
socketio: INFO: emitting event "task update" to 20170509-172210-1907 [/jobs]
socketio: INFO: emitting event "task update" to 20170509-173333-e98b [/jobs]
socketio: INFO: emitting event "task update" to 20170509-172825-84c5 [/jobs]
socketio: INFO: emitting event "task update" to 20170509-173335-6067 [/jobs]
socketio: INFO: emitting event "task update" to 20170509-172147-4505 [/jobs]
socketio: INFO: emitting event "task update" to 20170509-173337-8532 [/jobs]
socketio: INFO: emitting event "task update" to 20170509-172907-6ffa [/jobs]
socketio: INFO: emitting event "task update" to 20170509-174533-2a57 [/jobs]
socketio: INFO: emitting event "task update" to 20170509-172339-dc52 [/jobs]
socketio: INFO: emitting event "task update" to 20170509-172625-e177 [/jobs]
socketio: INFO: emitting event "task update" to 20170509-173316-5f8a [/jobs]
socketio: INFO: emitting event "task update" to 20170509-173318-416e [/jobs]
socketio: INFO: emitting event "task update" to 20170509-173415-8046 [/jobs]
socketio: INFO: emitting event "task update" to 20170509-173027-0946 [/jobs]
socketio: INFO: emitting event "task update" to 20170509-172218-c9c0 [/jobs]
socketio: INFO: emitting event "task update" to 20170509-172328-6826 [/jobs]
socketio: INFO: emitting event "task update" to 20170509-173403-2593 [/jobs]
digits.webapp: WARNING: Infer Model unrecognized output: WARNING: log_file config option not found - no log file is being saved
digits.webapp: WARNING: Infer Model unrecognized output: 2017-05-09 17:46:27 [ERROR] InferenceError: Unable to find snapshot for epoch=-1.0
digits.webapp: WARNING: Infer Model unrecognized output: Traceback (most recent call last):
digits.webapp: WARNING: Infer Model unrecognized output: File "/home/ethan/digits_GAN/digits/tools/inference.py", line 293, in <module>
digits.webapp: WARNING: Infer Model unrecognized output: args['resize']
digits.webapp: WARNING: Infer Model unrecognized output: File "/home/ethan/digits_GAN/digits/tools/inference.py", line 79, in infer
digits.webapp: WARNING: Infer Model unrecognized output: raise InferenceError("Unable to find snapshot for epoch=%s" % repr(epoch))
digits.webapp: WARNING: Infer Model unrecognized output: digits.inference.errors.InferenceError: 'Unable to find snapshot for epoch=-1.0'
socketio: INFO: emitting event "task update" to 20170509-174313-cb2c [/jobs]
socketio: INFO: emitting event "task update" to 20170509-172344-9606 [/jobs]
socketio: INFO: emitting event "task update" to 20170509-172430-a33c [/jobs]
socketio: INFO: emitting event "task update" to 20170509-172605-0fd8 [/jobs]
socketio: INFO: emitting event "task update" to 20170509-172706-cfe6 [/jobs]
socketio: INFO: emitting event "task update" to 20170509-173209-48ad [/jobs]
socketio: INFO: emitting event "task update" to 20170509-173320-66e3 [/jobs]
socketio: INFO: emitting event "task update" to 20170509-172927-67d2 [/jobs]
socketio: INFO: emitting event "task update" to 20170509-173515-e8bf [/jobs]
digits.webapp: ERROR: Infer Model task failed with error code 1
socketio: INFO: emitting event "task update" to 20170509-174625-29ec [/jobs]
socketio: INFO: emitting event "job update" to 20170509-174625-29ec [/jobs]
socketio: INFO: emitting event "job update" to job_management [/jobs]
socketio: INFO: emitting event "server update" to job_management [/jobs]
socketio: INFO: emitting event "server update" to job_management [/jobs]
socketio: INFO: emitting event "task update" to 20170509-172524-d7c0 [/jobs]
socketio: INFO: emitting event "task update" to 20170509-172419-2d22 [/jobs]
socketio: INFO: emitting event "task update" to 20170509-172337-f1aa [/jobs]
socketio: INFO: emitting event "job update" to 20170509-174625-29ec [/jobs]
socketio: INFO: emitting event "job update" to job_management [/jobs]
digits: INFO: Job deleted.
socketio: INFO: emitting event "job update" to job_management [/jobs]
--------------------- >> end captured logging << ---------------------

======================================================================
FAIL: digits.model.images.generic.test_views.TestTensorflowCreatedWithImageProcessingExtensionMeanNone.test_infer_one_noresize_json
----------------------------------------------------------------------
Traceback (most recent call last):
  File "/home/ethan/.local/lib/python2.7/site-packages/nose/case.py", line 197, in runTest
    self.test(*self.arg)
  File "/home/ethan/digits_GAN/digits/model/images/generic/test_views.py", line 867, in test_infer_one_noresize_json
    assert rv.status_code == 200, 'POST failed with %s' % rv.status_code
AssertionError: POST failed with 500
-------------------- >> begin captured logging << --------------------
socketio: INFO: emitting event "job update" to job_management [/jobs]
socketio: INFO: emitting event "task update" to 20170509-173228-acad [/jobs]
socketio: INFO: emitting event "task update" to 20170509-172350-6fcd [/jobs]
socketio: INFO: emitting event "task update" to 20170509-173357-1ed1 [/jobs]
socketio: INFO: emitting event "task update" to 20170509-172259-8252 [/jobs]
socketio: INFO: emitting event "job update" to 20170509-174628-760f [/jobs]
socketio: INFO: emitting event "job update" to job_management [/jobs]
socketio: INFO: emitting event "server update" to job_management [/jobs]
socketio: INFO: emitting event "server update" to job_management [/jobs]
socketio: INFO: emitting event "task update" to 20170509-173322-0807 [/jobs]
socketio: INFO: emitting event "task update" to 20170509-172114-d063 [/jobs]
digits.webapp: INFO: Infer Model task started.
socketio: INFO: emitting event "task update" to 20170509-174628-760f [/jobs]
socketio: INFO: emitting event "job update" to 20170509-174628-760f [/jobs]
socketio: INFO: emitting event "job update" to job_management [/jobs]
digits.webapp: INFO: Task subprocess args: "/usr/bin/python2 /home/ethan/digits_GAN/digits/tools/inference.py /tmp/tmpX3R8Ve/20170509-174628-760f/tmpxNxJsW.txt /tmp/tmpX3R8Ve/20170509-174628-760f 20170509-174604-6d86 --jobs_dir=/tmp/tmpX3R8Ve --layers=none --gpu=0 --no-resize"
socketio: INFO: emitting event "task update" to 20170509-172323-89b4 [/jobs]
socketio: INFO: emitting event "task update" to 20170509-174411-45b4 [/jobs]
socketio: INFO: emitting event "task update" to 20170509-173300-0377 [/jobs]
socketio: INFO: emitting event "task update" to 20170509-173245-3417 [/jobs]
socketio: INFO: emitting event "task update" to 20170509-173324-49b0 [/jobs]
socketio: INFO: emitting event "task update" to 20170509-172342-e0ef [/jobs]
socketio: INFO: emitting event "task update" to 20170509-173108-a6ff [/jobs]
socketio: INFO: emitting event "task update" to 20170509-172725-6a13 [/jobs]
socketio: INFO: emitting event "task update" to 20170509-172806-b5bc [/jobs]
socketio: INFO: emitting event "task update" to 20170509-172227-0156 [/jobs]
socketio: INFO: emitting event "task update" to 20170509-174451-4b24 [/jobs]
socketio: INFO: emitting event "task update" to 20170509-172334-9d18 [/jobs]
socketio: INFO: emitting event "task update" to 20170509-173128-33ce [/jobs]
socketio: INFO: emitting event "task update" to 20170509-174604-6d86 [/jobs]
socketio: INFO: emitting event "task update" to 20170509-172347-b92a [/jobs]
socketio: INFO: emitting event "task update" to 20170509-173326-3e6f [/jobs]
socketio: INFO: emitting event "task update" to 20170509-172315-d38b [/jobs]
socketio: INFO: emitting event "task update" to 20170509-174340-86bb [/jobs]
socketio: INFO: emitting event "task update" to 20170509-172516-8f4b [/jobs]
socketio: INFO: emitting event "task update" to 20170509-172352-bfdd [/jobs]
socketio: INFO: emitting event "task update" to 20170509-172412-e6f0 [/jobs]
socketio: INFO: emitting event "task update" to 20170509-173329-1cea [/jobs]
socketio: INFO: emitting event "task update" to 20170509-173229-c795 [/jobs]
socketio: INFO: emitting event "task update" to 20170509-172202-9230 [/jobs]
socketio: INFO: emitting event "task update" to 20170509-173331-d237 [/jobs]
socketio: INFO: emitting event "task update" to 20170509-172317-7da8 [/jobs]
socketio: INFO: emitting event "task update" to 20170509-173008-ee07 [/jobs]
socketio: INFO: emitting event "task update" to 20170509-172210-1907 [/jobs]
socketio: INFO: emitting event "task update" to 20170509-173333-e98b [/jobs]
socketio: INFO: emitting event "task update" to 20170509-172825-84c5 [/jobs]
socketio: INFO: emitting event "task update" to 20170509-173335-6067 [/jobs]
socketio: INFO: emitting event "task update" to 20170509-172147-4505 [/jobs]
socketio: INFO: emitting event "task update" to 20170509-173337-8532 [/jobs]
socketio: INFO: emitting event "task update" to 20170509-172907-6ffa [/jobs]
socketio: INFO: emitting event "task update" to 20170509-174533-2a57 [/jobs]
socketio: INFO: emitting event "task update" to 20170509-172339-dc52 [/jobs]
socketio: INFO: emitting event "task update" to 20170509-172625-e177 [/jobs]
socketio: INFO: emitting event "task update" to 20170509-173316-5f8a [/jobs]
socketio: INFO: emitting event "task update" to 20170509-173318-416e [/jobs]
socketio: INFO: emitting event "task update" to 20170509-173415-8046 [/jobs]
socketio: INFO: emitting event "task update" to 20170509-173027-0946 [/jobs]
socketio: INFO: emitting event "task update" to 20170509-172218-c9c0 [/jobs]
socketio: INFO: emitting event "task update" to 20170509-172328-6826 [/jobs]
socketio: INFO: emitting event "task update" to 20170509-173403-2593 [/jobs]
socketio: INFO: emitting event "task update" to 20170509-174313-cb2c [/jobs]
socketio: INFO: emitting event "task update" to 20170509-172344-9606 [/jobs]
socketio: INFO: emitting event "task update" to 20170509-172430-a33c [/jobs]
socketio: INFO: emitting event "task update" to 20170509-172605-0fd8 [/jobs]
socketio: INFO: emitting event "task update" to 20170509-172706-cfe6 [/jobs]
socketio: INFO: emitting event "task update" to 20170509-173209-48ad [/jobs]
socketio: INFO: emitting event "task update" to 20170509-173320-66e3 [/jobs]
socketio: INFO: emitting event "task update" to 20170509-172927-67d2 [/jobs]
socketio: INFO: emitting event "task update" to 20170509-173515-e8bf [/jobs]
socketio: INFO: emitting event "task update" to 20170509-172524-d7c0 [/jobs]
socketio: INFO: emitting event "task update" to 20170509-172419-2d22 [/jobs]
socketio: INFO: emitting event "task update" to 20170509-172337-f1aa [/jobs]
socketio: INFO: emitting event "task update" to 20170509-173228-acad [/jobs]
socketio: INFO: emitting event "task update" to 20170509-172350-6fcd [/jobs]
socketio: INFO: emitting event "task update" to 20170509-173357-1ed1 [/jobs]
socketio: INFO: emitting event "task update" to 20170509-172259-8252 [/jobs]
socketio: INFO: emitting event "task update" to 20170509-173322-0807 [/jobs]
socketio: INFO: emitting event "task update" to 20170509-172114-d063 [/jobs]
socketio: INFO: emitting event "task update" to 20170509-172323-89b4 [/jobs]
socketio: INFO: emitting event "task update" to 20170509-174411-45b4 [/jobs]
socketio: INFO: emitting event "task update" to 20170509-173300-0377 [/jobs]
socketio: INFO: emitting event "task update" to 20170509-173245-3417 [/jobs]
socketio: INFO: emitting event "task update" to 20170509-173324-49b0 [/jobs]
socketio: INFO: emitting event "task update" to 20170509-172342-e0ef [/jobs]
socketio: INFO: emitting event "task update" to 20170509-173108-a6ff [/jobs]
socketio: INFO: emitting event "task update" to 20170509-172725-6a13 [/jobs]
socketio: INFO: emitting event "task update" to 20170509-172806-b5bc [/jobs]
socketio: INFO: emitting event "task update" to 20170509-172227-0156 [/jobs]
socketio: INFO: emitting event "task update" to 20170509-174451-4b24 [/jobs]
socketio: INFO: emitting event "task update" to 20170509-172334-9d18 [/jobs]
socketio: INFO: emitting event "task update" to 20170509-173128-33ce [/jobs]
socketio: INFO: emitting event "task update" to 20170509-174604-6d86 [/jobs]
socketio: INFO: emitting event "task update" to 20170509-172347-b92a [/jobs]
socketio: INFO: emitting event "task update" to 20170509-173326-3e6f [/jobs]
socketio: INFO: emitting event "task update" to 20170509-172315-d38b [/jobs]
socketio: INFO: emitting event "task update" to 20170509-174340-86bb [/jobs]
socketio: INFO: emitting event "task update" to 20170509-172516-8f4b [/jobs]
socketio: INFO: emitting event "task update" to 20170509-172352-bfdd [/jobs]
socketio: INFO: emitting event "task update" to 20170509-172412-e6f0 [/jobs]
socketio: INFO: emitting event "task update" to 20170509-173329-1cea [/jobs]
socketio: INFO: emitting event "task update" to 20170509-173229-c795 [/jobs]
socketio: INFO: emitting event "task update" to 20170509-172202-9230 [/jobs]
socketio: INFO: emitting event "task update" to 20170509-173331-d237 [/jobs]
socketio: INFO: emitting event "task update" to 20170509-172317-7da8 [/jobs]
socketio: INFO: emitting event "task update" to 20170509-173008-ee07 [/jobs]
socketio: INFO: emitting event "task update" to 20170509-172210-1907 [/jobs]
socketio: INFO: emitting event "task update" to 20170509-173333-e98b [/jobs]
socketio: INFO: emitting event "task update" to 20170509-172825-84c5 [/jobs]
socketio: INFO: emitting event "task update" to 20170509-173335-6067 [/jobs]
socketio: INFO: emitting event "task update" to 20170509-172147-4505 [/jobs]
socketio: INFO: emitting event "task update" to 20170509-173337-8532 [/jobs]
socketio: INFO: emitting event "task update" to 20170509-172907-6ffa [/jobs]
socketio: INFO: emitting event "task update" to 20170509-174533-2a57 [/jobs]
socketio: INFO: emitting event "task update" to 20170509-172339-dc52 [/jobs]
socketio: INFO: emitting event "task update" to 20170509-172625-e177 [/jobs]
socketio: INFO: emitting event "task update" to 20170509-173316-5f8a [/jobs]
socketio: INFO: emitting event "task update" to 20170509-173318-416e [/jobs]
socketio: INFO: emitting event "task update" to 20170509-173415-8046 [/jobs]
socketio: INFO: emitting event "task update" to 20170509-173027-0946 [/jobs]
socketio: INFO: emitting event "task update" to 20170509-172218-c9c0 [/jobs]
socketio: INFO: emitting event "task update" to 20170509-172328-6826 [/jobs]
socketio: INFO: emitting event "task update" to 20170509-173403-2593 [/jobs]
socketio: INFO: emitting event "task update" to 20170509-174313-cb2c [/jobs]
socketio: INFO: emitting event "task update" to 20170509-172344-9606 [/jobs]
socketio: INFO: emitting event "task update" to 20170509-172430-a33c [/jobs]
socketio: INFO: emitting event "task update" to 20170509-172605-0fd8 [/jobs]
socketio: INFO: emitting event "task update" to 20170509-172706-cfe6 [/jobs]
socketio: INFO: emitting event "task update" to 20170509-173209-48ad [/jobs]
socketio: INFO: emitting event "task update" to 20170509-173320-66e3 [/jobs]
socketio: INFO: emitting event "task update" to 20170509-172927-67d2 [/jobs]
socketio: INFO: emitting event "task update" to 20170509-173515-e8bf [/jobs]
socketio: INFO: emitting event "task update" to 20170509-172524-d7c0 [/jobs]
socketio: INFO: emitting event "task update" to 20170509-172419-2d22 [/jobs]
socketio: INFO: emitting event "task update" to 20170509-172337-f1aa [/jobs]
socketio: INFO: emitting event "task update" to 20170509-173228-acad [/jobs]
socketio: INFO: emitting event "task update" to 20170509-172350-6fcd [/jobs]
socketio: INFO: emitting event "task update" to 20170509-173357-1ed1 [/jobs]
socketio: INFO: emitting event "task update" to 20170509-172259-8252 [/jobs]
socketio: INFO: emitting event "task update" to 20170509-173322-0807 [/jobs]
socketio: INFO: emitting event "task update" to 20170509-172114-d063 [/jobs]
socketio: INFO: emitting event "task update" to 20170509-172323-89b4 [/jobs]
socketio: INFO: emitting event "task update" to 20170509-174411-45b4 [/jobs]
socketio: INFO: emitting event "task update" to 20170509-173300-0377 [/jobs]
socketio: INFO: emitting event "task update" to 20170509-173245-3417 [/jobs]
socketio: INFO: emitting event "task update" to 20170509-173324-49b0 [/jobs]
socketio: INFO: emitting event "task update" to 20170509-172342-e0ef [/jobs]
socketio: INFO: emitting event "task update" to 20170509-173108-a6ff [/jobs]
socketio: INFO: emitting event "task update" to 20170509-172725-6a13 [/jobs]
socketio: INFO: emitting event "task update" to 20170509-172806-b5bc [/jobs]
socketio: INFO: emitting event "task update" to 20170509-172227-0156 [/jobs]
socketio: INFO: emitting event "task update" to 20170509-174451-4b24 [/jobs]
socketio: INFO: emitting event "task update" to 20170509-172334-9d18 [/jobs]
socketio: INFO: emitting event "task update" to 20170509-173128-33ce [/jobs]
socketio: INFO: emitting event "task update" to 20170509-174604-6d86 [/jobs]
socketio: INFO: emitting event "task update" to 20170509-172347-b92a [/jobs]
socketio: INFO: emitting event "task update" to 20170509-173326-3e6f [/jobs]
socketio: INFO: emitting event "task update" to 20170509-172315-d38b [/jobs]
socketio: INFO: emitting event "task update" to 20170509-174340-86bb [/jobs]
socketio: INFO: emitting event "task update" to 20170509-172516-8f4b [/jobs]
socketio: INFO: emitting event "task update" to 20170509-172352-bfdd [/jobs]
socketio: INFO: emitting event "task update" to 20170509-172412-e6f0 [/jobs]
socketio: INFO: emitting event "task update" to 20170509-173329-1cea [/jobs]
socketio: INFO: emitting event "task update" to 20170509-173229-c795 [/jobs]
socketio: INFO: emitting event "task update" to 20170509-172202-9230 [/jobs]
socketio: INFO: emitting event "task update" to 20170509-173331-d237 [/jobs]
socketio: INFO: emitting event "task update" to 20170509-172317-7da8 [/jobs]
socketio: INFO: emitting event "task update" to 20170509-173008-ee07 [/jobs]
socketio: INFO: emitting event "task update" to 20170509-172210-1907 [/jobs]
socketio: INFO: emitting event "task update" to 20170509-173333-e98b [/jobs]
socketio: INFO: emitting event "task update" to 20170509-172825-84c5 [/jobs]
socketio: INFO: emitting event "task update" to 20170509-173335-6067 [/jobs]
socketio: INFO: emitting event "task update" to 20170509-172147-4505 [/jobs]
socketio: INFO: emitting event "task update" to 20170509-173337-8532 [/jobs]
socketio: INFO: emitting event "task update" to 20170509-172907-6ffa [/jobs]
socketio: INFO: emitting event "task update" to 20170509-174533-2a57 [/jobs]
socketio: INFO: emitting event "task update" to 20170509-172339-dc52 [/jobs]
socketio: INFO: emitting event "task update" to 20170509-172625-e177 [/jobs]
socketio: INFO: emitting event "task update" to 20170509-173316-5f8a [/jobs]
socketio: INFO: emitting event "task update" to 20170509-173318-416e [/jobs]
socketio: INFO: emitting event "task update" to 20170509-173415-8046 [/jobs]
socketio: INFO: emitting event "task update" to 20170509-173027-0946 [/jobs]
socketio: INFO: emitting event "task update" to 20170509-172218-c9c0 [/jobs]
socketio: INFO: emitting event "task update" to 20170509-172328-6826 [/jobs]
digits.webapp: WARNING: Infer Model unrecognized output: WARNING: log_file config option not found - no log file is being saved
digits.webapp: WARNING: Infer Model unrecognized output: 2017-05-09 17:46:30 [ERROR] InferenceError: Unable to find snapshot for epoch=-1.0
digits.webapp: WARNING: Infer Model unrecognized output: Traceback (most recent call last):
digits.webapp: WARNING: Infer Model unrecognized output: File "/home/ethan/digits_GAN/digits/tools/inference.py", line 293, in <module>
digits.webapp: WARNING: Infer Model unrecognized output: args['resize']
digits.webapp: WARNING: Infer Model unrecognized output: File "/home/ethan/digits_GAN/digits/tools/inference.py", line 79, in infer
digits.webapp: WARNING: Infer Model unrecognized output: raise InferenceError("Unable to find snapshot for epoch=%s" % repr(epoch))
digits.webapp: WARNING: Infer Model unrecognized output: digits.inference.errors.InferenceError: 'Unable to find snapshot for epoch=-1.0'
socketio: INFO: emitting event "task update" to 20170509-173403-2593 [/jobs]
digits.webapp: ERROR: Infer Model task failed with error code 1
socketio: INFO: emitting event "task update" to 20170509-174628-760f [/jobs]
socketio: INFO: emitting event "job update" to 20170509-174628-760f [/jobs]
socketio: INFO: emitting event "job update" to job_management [/jobs]
socketio: INFO: emitting event "server update" to job_management [/jobs]
socketio: INFO: emitting event "server update" to job_management [/jobs]
socketio: INFO: emitting event "task update" to 20170509-174313-cb2c [/jobs]
socketio: INFO: emitting event "task update" to 20170509-172344-9606 [/jobs]
socketio: INFO: emitting event "job update" to 20170509-174628-760f [/jobs]
socketio: INFO: emitting event "job update" to job_management [/jobs]
socketio: INFO: emitting event "task update" to 20170509-172430-a33c [/jobs]
digits: INFO: Job deleted.
socketio: INFO: emitting event "job update" to job_management [/jobs]
--------------------- >> end captured logging << ---------------------

======================================================================
FAIL: digits.model.images.generic.test_views.TestTensorflowCreatedWithImageProcessingExtensionMeanNone.test_model_json
----------------------------------------------------------------------
Traceback (most recent call last):
  File "/home/ethan/.local/lib/python2.7/site-packages/nose/case.py", line 197, in runTest
    self.test(*self.arg)
  File "/home/ethan/digits_GAN/digits/model/images/generic/test_views.py", line 562, in test_model_json
    assert len(content['snapshots']) > 0, 'no snapshots in list'
AssertionError: no snapshots in list

======================================================================
FAIL: digits.model.images.generic.test_views.TestTensorflowCreatedWithImageProcessingExtensionMeanPixel.test_download('tar',)
----------------------------------------------------------------------
Traceback (most recent call last):
  File "/home/ethan/.local/lib/python2.7/site-packages/nose/case.py", line 197, in runTest
    self.test(*self.arg)
  File "/home/ethan/digits_GAN/digits/model/images/generic/test_views.py", line 544, in check_download
    assert rv.status_code == 200, 'download "%s" failed with %s' % (url, rv.status_code)
AssertionError: download "/models/20170509-174637-00ca/download.tar" failed with 500
-------------------- >> begin captured logging << --------------------
socketio: INFO: emitting event "job update" to job_management [/jobs]
socketio: INFO: emitting event "task update" to 20170509-172605-0fd8 [/jobs]
socketio: INFO: emitting event "task update" to 20170509-172706-cfe6 [/jobs]
socketio: INFO: emitting event "task update" to 20170509-173209-48ad [/jobs]
socketio: INFO: emitting event "task update" to 20170509-173320-66e3 [/jobs]
socketio: INFO: emitting event "task update" to 20170509-172927-67d2 [/jobs]
socketio: INFO: emitting event "task update" to 20170509-173515-e8bf [/jobs]
socketio: INFO: emitting event "task update" to 20170509-172524-d7c0 [/jobs]
socketio: INFO: emitting event "task update" to 20170509-172419-2d22 [/jobs]
socketio: INFO: emitting event "task update" to 20170509-172337-f1aa [/jobs]
socketio: INFO: emitting event "job update" to 20170509-174631-2c16 [/jobs]
socketio: INFO: emitting event "job update" to job_management [/jobs]
socketio: INFO: emitting event "server update" to job_management [/jobs]
socketio: INFO: emitting event "server update" to job_management [/jobs]
socketio: INFO: emitting event "task update" to 20170509-174631-2c16 [/jobs]
socketio: INFO: emitting event "job update" to 20170509-174631-2c16 [/jobs]
socketio: INFO: emitting event "job update" to job_management [/jobs]
socketio: INFO: emitting event "task update" to 20170509-173228-acad [/jobs]
socketio: INFO: emitting event "task update" to 20170509-172350-6fcd [/jobs]
digits.webapp: INFO: Create train_db DB task started.
socketio: INFO: emitting event "task update" to 20170509-174631-2c16 [/jobs]
socketio: INFO: emitting event "job update" to 20170509-174631-2c16 [/jobs]
socketio: INFO: emitting event "job update" to job_management [/jobs]
digits.webapp: INFO: Task subprocess args: "/usr/bin/python2 /home/ethan/digits_GAN/digits/tools/create_generic_db.py 20170509-174631-2c16 --stage=train_db --jobs_dir=/tmp/tmpX3R8Ve"
digits.webapp: INFO: Create val_db DB task started.
socketio: INFO: emitting event "task update" to 20170509-174631-2c16 [/jobs]
socketio: INFO: emitting event "job update" to 20170509-174631-2c16 [/jobs]
socketio: INFO: emitting event "job update" to job_management [/jobs]
digits.webapp: INFO: Task subprocess args: "/usr/bin/python2 /home/ethan/digits_GAN/digits/tools/create_generic_db.py 20170509-174631-2c16 --stage=val_db --jobs_dir=/tmp/tmpX3R8Ve"
socketio: INFO: emitting event "task update" to 20170509-173357-1ed1 [/jobs]
socketio: INFO: emitting event "task update" to 20170509-172259-8252 [/jobs]
socketio: INFO: emitting event "task update" to 20170509-173322-0807 [/jobs]
socketio: INFO: emitting event "task update" to 20170509-172114-d063 [/jobs]
socketio: INFO: emitting event "task update" to 20170509-172323-89b4 [/jobs]
socketio: INFO: emitting event "task update" to 20170509-174411-45b4 [/jobs]
socketio: INFO: emitting event "task update" to 20170509-173300-0377 [/jobs]
socketio: INFO: emitting event "task update" to 20170509-173245-3417 [/jobs]
socketio: INFO: emitting event "task update" to 20170509-173324-49b0 [/jobs]
socketio: INFO: emitting event "task update" to 20170509-172342-e0ef [/jobs]
socketio: INFO: emitting event "task update" to 20170509-173108-a6ff [/jobs]
socketio: INFO: emitting event "task update" to 20170509-172725-6a13 [/jobs]
socketio: INFO: emitting event "task update" to 20170509-172806-b5bc [/jobs]
socketio: INFO: emitting event "task update" to 20170509-172227-0156 [/jobs]
socketio: INFO: emitting event "task update" to 20170509-174451-4b24 [/jobs]
socketio: INFO: emitting event "task update" to 20170509-172334-9d18 [/jobs]
socketio: INFO: emitting event "task update" to 20170509-173128-33ce [/jobs]
socketio: INFO: emitting event "task update" to 20170509-174604-6d86 [/jobs]
socketio: INFO: emitting event "task update" to 20170509-172347-b92a [/jobs]
socketio: INFO: emitting event "task update" to 20170509-173326-3e6f [/jobs]
socketio: INFO: emitting event "task update" to 20170509-172315-d38b [/jobs]
socketio: INFO: emitting event "task update" to 20170509-174340-86bb [/jobs]
socketio: INFO: emitting event "task update" to 20170509-172516-8f4b [/jobs]
socketio: INFO: emitting event "task update" to 20170509-172352-bfdd [/jobs]
socketio: INFO: emitting event "task update" to 20170509-172412-e6f0 [/jobs]
socketio: INFO: emitting event "task update" to 20170509-173329-1cea [/jobs]
socketio: INFO: emitting event "task update" to 20170509-173229-c795 [/jobs]
socketio: INFO: emitting event "task update" to 20170509-172202-9230 [/jobs]
socketio: INFO: emitting event "task update" to 20170509-173331-d237 [/jobs]
socketio: INFO: emitting event "task update" to 20170509-172317-7da8 [/jobs]
socketio: INFO: emitting event "task update" to 20170509-173008-ee07 [/jobs]
socketio: INFO: emitting event "task update" to 20170509-172210-1907 [/jobs]
socketio: INFO: emitting event "task update" to 20170509-173333-e98b [/jobs]
socketio: INFO: emitting event "task update" to 20170509-172825-84c5 [/jobs]
socketio: INFO: emitting event "task update" to 20170509-173335-6067 [/jobs]
socketio: INFO: emitting event "task update" to 20170509-172147-4505 [/jobs]
socketio: INFO: emitting event "task update" to 20170509-173337-8532 [/jobs]
socketio: INFO: emitting event "task update" to 20170509-172907-6ffa [/jobs]
socketio: INFO: emitting event "task update" to 20170509-174533-2a57 [/jobs]
socketio: INFO: emitting event "task update" to 20170509-172339-dc52 [/jobs]
socketio: INFO: emitting event "task update" to 20170509-172625-e177 [/jobs]
socketio: INFO: emitting event "task update" to 20170509-173316-5f8a [/jobs]
socketio: INFO: emitting event "task update" to 20170509-173318-416e [/jobs]
socketio: INFO: emitting event "task update" to 20170509-173415-8046 [/jobs]
socketio: INFO: emitting event "task update" to 20170509-173027-0946 [/jobs]
socketio: INFO: emitting event "task update" to 20170509-172218-c9c0 [/jobs]
socketio: INFO: emitting event "task update" to 20170509-172328-6826 [/jobs]
socketio: INFO: emitting event "task update" to 20170509-173403-2593 [/jobs]
socketio: INFO: emitting event "task update" to 20170509-174313-cb2c [/jobs]
socketio: INFO: emitting event "task update" to 20170509-172344-9606 [/jobs]
socketio: INFO: emitting event "task update" to 20170509-172430-a33c [/jobs]
socketio: INFO: emitting event "task update" to 20170509-172605-0fd8 [/jobs]
socketio: INFO: emitting event "task update" to 20170509-172706-cfe6 [/jobs]
socketio: INFO: emitting event "task update" to 20170509-173209-48ad [/jobs]
socketio: INFO: emitting event "task update" to 20170509-173320-66e3 [/jobs]
socketio: INFO: emitting event "task update" to 20170509-172927-67d2 [/jobs]
socketio: INFO: emitting event "task update" to 20170509-173515-e8bf [/jobs]
socketio: INFO: emitting event "task update" to 20170509-172524-d7c0 [/jobs]
socketio: INFO: emitting event "task update" to 20170509-172419-2d22 [/jobs]
socketio: INFO: emitting event "task update" to 20170509-172337-f1aa [/jobs]
socketio: INFO: emitting event "task update" to 20170509-173228-acad [/jobs]
socketio: INFO: emitting event "task update" to 20170509-172350-6fcd [/jobs]
socketio: INFO: emitting event "task update" to 20170509-173357-1ed1 [/jobs]
socketio: INFO: emitting event "task update" to 20170509-172259-8252 [/jobs]
socketio: INFO: emitting event "task update" to 20170509-173322-0807 [/jobs]
socketio: INFO: emitting event "task update" to 20170509-172114-d063 [/jobs]
socketio: INFO: emitting event "task update" to 20170509-172323-89b4 [/jobs]
socketio: INFO: emitting event "task update" to 20170509-174411-45b4 [/jobs]
socketio: INFO: emitting event "task update" to 20170509-173300-0377 [/jobs]
socketio: INFO: emitting event "task update" to 20170509-173245-3417 [/jobs]
socketio: INFO: emitting event "task update" to 20170509-173324-49b0 [/jobs]
socketio: INFO: emitting event "task update" to 20170509-172342-e0ef [/jobs]
socketio: INFO: emitting event "task update" to 20170509-173108-a6ff [/jobs]
socketio: INFO: emitting event "task update" to 20170509-172725-6a13 [/jobs]
socketio: INFO: emitting event "task update" to 20170509-172806-b5bc [/jobs]
socketio: INFO: emitting event "task update" to 20170509-172227-0156 [/jobs]
socketio: INFO: emitting event "task update" to 20170509-174451-4b24 [/jobs]
socketio: INFO: emitting event "task update" to 20170509-172334-9d18 [/jobs]
socketio: INFO: emitting event "task update" to 20170509-173128-33ce [/jobs]
socketio: INFO: emitting event "task update" to 20170509-174604-6d86 [/jobs]
socketio: INFO: emitting event "task update" to 20170509-172347-b92a [/jobs]
socketio: INFO: emitting event "task update" to 20170509-173326-3e6f [/jobs]
socketio: INFO: emitting event "task update" to 20170509-172315-d38b [/jobs]
socketio: INFO: emitting event "task update" to 20170509-174340-86bb [/jobs]
socketio: INFO: emitting event "task update" to 20170509-172516-8f4b [/jobs]
socketio: INFO: emitting event "task update" to 20170509-172352-bfdd [/jobs]
socketio: INFO: emitting event "task update" to 20170509-172412-e6f0 [/jobs]
socketio: INFO: emitting event "task update" to 20170509-173329-1cea [/jobs]
socketio: INFO: emitting event "task update" to 20170509-173229-c795 [/jobs]
socketio: INFO: emitting event "task update" to 20170509-172202-9230 [/jobs]
socketio: INFO: emitting event "task update" to 20170509-173331-d237 [/jobs]
socketio: INFO: emitting event "task update" to 20170509-172317-7da8 [/jobs]
socketio: INFO: emitting event "task update" to 20170509-173008-ee07 [/jobs]
socketio: INFO: emitting event "task update" to 20170509-172210-1907 [/jobs]
socketio: INFO: emitting event "task update" to 20170509-173333-e98b [/jobs]
socketio: INFO: emitting event "task update" to 20170509-172825-84c5 [/jobs]
socketio: INFO: emitting event "task update" to 20170509-173335-6067 [/jobs]
socketio: INFO: emitting event "task update" to 20170509-172147-4505 [/jobs]
socketio: INFO: emitting event "task update" to 20170509-173337-8532 [/jobs]
socketio: INFO: emitting event "task update" to 20170509-172907-6ffa [/jobs]
socketio: INFO: emitting event "task update" to 20170509-174533-2a57 [/jobs]
socketio: INFO: emitting event "task update" to 20170509-172339-dc52 [/jobs]
socketio: INFO: emitting event "task update" to 20170509-172625-e177 [/jobs]
socketio: INFO: emitting event "task update" to 20170509-173316-5f8a [/jobs]
socketio: INFO: emitting event "task update" to 20170509-173318-416e [/jobs]
socketio: INFO: emitting event "task update" to 20170509-173415-8046 [/jobs]
socketio: INFO: emitting event "task update" to 20170509-173027-0946 [/jobs]
socketio: INFO: emitting event "task update" to 20170509-172218-c9c0 [/jobs]
socketio: INFO: emitting event "task update" to 20170509-172328-6826 [/jobs]
socketio: INFO: emitting event "task update" to 20170509-173403-2593 [/jobs]
socketio: INFO: emitting event "task update" to 20170509-174313-cb2c [/jobs]
socketio: INFO: emitting event "task update" to 20170509-172344-9606 [/jobs]
socketio: INFO: emitting event "task update" to 20170509-172430-a33c [/jobs]
socketio: INFO: emitting event "task update" to 20170509-172605-0fd8 [/jobs]
socketio: INFO: emitting event "task update" to 20170509-172706-cfe6 [/jobs]
socketio: INFO: emitting event "task update" to 20170509-173209-48ad [/jobs]
socketio: INFO: emitting event "task update" to 20170509-173320-66e3 [/jobs]
socketio: INFO: emitting event "task update" to 20170509-172927-67d2 [/jobs]
socketio: INFO: emitting event "task update" to 20170509-173515-e8bf [/jobs]
socketio: INFO: emitting event "task update" to 20170509-172524-d7c0 [/jobs]
socketio: INFO: emitting event "task update" to 20170509-172419-2d22 [/jobs]
socketio: INFO: emitting event "task update" to 20170509-172337-f1aa [/jobs]
socketio: INFO: emitting event "task update" to 20170509-173228-acad [/jobs]
socketio: INFO: emitting event "task update" to 20170509-172350-6fcd [/jobs]
socketio: INFO: emitting event "task update" to 20170509-173357-1ed1 [/jobs]
socketio: INFO: emitting event "task update" to 20170509-172259-8252 [/jobs]
socketio: INFO: emitting event "task update" to 20170509-173322-0807 [/jobs]
socketio: INFO: emitting event "task update" to 20170509-172114-d063 [/jobs]
socketio: INFO: emitting event "task update" to 20170509-172323-89b4 [/jobs]
socketio: INFO: emitting event "task update" to 20170509-174411-45b4 [/jobs]
socketio: INFO: emitting event "task update" to 20170509-173300-0377 [/jobs]
socketio: INFO: emitting event "task update" to 20170509-173245-3417 [/jobs]
socketio: INFO: emitting event "task update" to 20170509-173324-49b0 [/jobs]
socketio: INFO: emitting event "task update" to 20170509-172342-e0ef [/jobs]
socketio: INFO: emitting event "task update" to 20170509-173108-a6ff [/jobs]
socketio: INFO: emitting event "task update" to 20170509-172725-6a13 [/jobs]
socketio: INFO: emitting event "task update" to 20170509-172806-b5bc [/jobs]
socketio: INFO: emitting event "task update" to 20170509-172227-0156 [/jobs]
socketio: INFO: emitting event "task update" to 20170509-174451-4b24 [/jobs]
socketio: INFO: emitting event "task update" to 20170509-172334-9d18 [/jobs]
socketio: INFO: emitting event "task update" to 20170509-173128-33ce [/jobs]
socketio: INFO: emitting event "task update" to 20170509-174604-6d86 [/jobs]
socketio: INFO: emitting event "task update" to 20170509-172347-b92a [/jobs]
socketio: INFO: emitting event "task update" to 20170509-173326-3e6f [/jobs]
socketio: INFO: emitting event "task update" to 20170509-172315-d38b [/jobs]
socketio: INFO: emitting event "task update" to 20170509-174340-86bb [/jobs]
socketio: INFO: emitting event "task update" to 20170509-172516-8f4b [/jobs]
socketio: INFO: emitting event "task update" to 20170509-172352-bfdd [/jobs]
socketio: INFO: emitting event "task update" to 20170509-172412-e6f0 [/jobs]
socketio: INFO: emitting event "task update" to 20170509-173329-1cea [/jobs]
socketio: INFO: emitting event "task update" to 20170509-173229-c795 [/jobs]
socketio: INFO: emitting event "task update" to 20170509-172202-9230 [/jobs]
socketio: INFO: emitting event "task update" to 20170509-173331-d237 [/jobs]
socketio: INFO: emitting event "task update" to 20170509-172317-7da8 [/jobs]
socketio: INFO: emitting event "task update" to 20170509-173008-ee07 [/jobs]
socketio: INFO: emitting event "task update" to 20170509-172210-1907 [/jobs]
socketio: INFO: emitting event "task update" to 20170509-173333-e98b [/jobs]
socketio: INFO: emitting event "task update" to 20170509-172825-84c5 [/jobs]
socketio: INFO: emitting event "task update" to 20170509-173335-6067 [/jobs]
socketio: INFO: emitting event "task update" to 20170509-172147-4505 [/jobs]
socketio: INFO: emitting event "task update" to 20170509-173337-8532 [/jobs]
socketio: INFO: emitting event "task update" to 20170509-172907-6ffa [/jobs]
socketio: INFO: emitting event "task update" to 20170509-174533-2a57 [/jobs]
socketio: INFO: emitting event "task update" to 20170509-172339-dc52 [/jobs]
socketio: INFO: emitting event "task update" to 20170509-172625-e177 [/jobs]
socketio: INFO: emitting event "task update" to 20170509-173316-5f8a [/jobs]
socketio: INFO: emitting event "task update" to 20170509-173318-416e [/jobs]
socketio: INFO: emitting event "task update" to 20170509-173415-8046 [/jobs]
socketio: INFO: emitting event "task update" to 20170509-173027-0946 [/jobs]
socketio: INFO: emitting event "task update" to 20170509-172218-c9c0 [/jobs]
socketio: INFO: emitting event "task update" to 20170509-172328-6826 [/jobs]
socketio: INFO: emitting event "task update" to 20170509-173403-2593 [/jobs]
socketio: INFO: emitting event "task update" to 20170509-174313-cb2c [/jobs]
digits.webapp: WARNING: Create val_db DB unrecognized output: WARNING: log_file config option not found - no log file is being saved
socketio: INFO: emitting event "task update" to 20170509-174631-2c16 [/jobs]
socketio: INFO: emitting event "job update" to job_management [/jobs]
socketio: INFO: emitting event "task update" to 20170509-172344-9606 [/jobs]
socketio: INFO: emitting event "task update" to 20170509-172430-a33c [/jobs]
digits.webapp: WARNING: Create train_db DB unrecognized output: WARNING: log_file config option not found - no log file is being saved
socketio: INFO: emitting event "task update" to 20170509-172605-0fd8 [/jobs]
socketio: INFO: emitting event "task update" to 20170509-172706-cfe6 [/jobs]
socketio: INFO: emitting event "task update" to 20170509-173209-48ad [/jobs]
socketio: INFO: emitting event "task update" to 20170509-173320-66e3 [/jobs]
socketio: INFO: emitting event "task update" to 20170509-172927-67d2 [/jobs]
socketio: INFO: emitting event "task update" to 20170509-173515-e8bf [/jobs]
socketio: INFO: emitting event "task update" to 20170509-172524-d7c0 [/jobs]
socketio: INFO: emitting event "task update" to 20170509-172419-2d22 [/jobs]
socketio: INFO: emitting event "task update" to 20170509-172337-f1aa [/jobs]
socketio: INFO: emitting event "task update" to 20170509-173228-acad [/jobs]
socketio: INFO: emitting event "task update" to 20170509-172350-6fcd [/jobs]
socketio: INFO: emitting event "task update" to 20170509-174631-2c16 [/jobs]
socketio: INFO: emitting event "job update" to job_management [/jobs]
socketio: INFO: emitting event "task update" to 20170509-174631-2c16 [/jobs]
socketio: INFO: emitting event "job update" to job_management [/jobs]
digits.webapp: WARNING: Create val_db DB unrecognized output: 2017-05-09 17:46:34 [INFO ] Generic DB creation Done
socketio: INFO: emitting event "task update" to 20170509-173357-1ed1 [/jobs]
socketio: INFO: emitting event "task update" to 20170509-172259-8252 [/jobs]
socketio: INFO: emitting event "task update" to 20170509-173322-0807 [/jobs]
socketio: INFO: emitting event "task update" to 20170509-172114-d063 [/jobs]
socketio: INFO: emitting event "task update" to 20170509-172323-89b4 [/jobs]
socketio: INFO: emitting event "task update" to 20170509-174411-45b4 [/jobs]
socketio: INFO: emitting event "task update" to 20170509-173300-0377 [/jobs]
socketio: INFO: emitting event "task update" to 20170509-173245-3417 [/jobs]
socketio: INFO: emitting event "task update" to 20170509-173324-49b0 [/jobs]
socketio: INFO: emitting event "task update" to 20170509-174631-2c16 [/jobs]
socketio: INFO: emitting event "job update" to job_management [/jobs]
socketio: INFO: emitting event "task update" to 20170509-172342-e0ef [/jobs]
socketio: INFO: emitting event "task update" to 20170509-173108-a6ff [/jobs]
socketio: INFO: emitting event "task update" to 20170509-172725-6a13 [/jobs]
socketio: INFO: emitting event "task update" to 20170509-172806-b5bc [/jobs]
socketio: INFO: emitting event "task update" to 20170509-172227-0156 [/jobs]
socketio: INFO: emitting event "task update" to 20170509-174451-4b24 [/jobs]
socketio: INFO: emitting event "task update" to 20170509-172334-9d18 [/jobs]
socketio: INFO: emitting event "task update" to 20170509-173128-33ce [/jobs]
socketio: INFO: emitting event "task update" to 20170509-174604-6d86 [/jobs]
digits.webapp: WARNING: Create train_db DB unrecognized output: 2017-05-09 17:46:34 [INFO ] Generic DB creation Done
digits.webapp: INFO: Create val_db DB task completed.
socketio: INFO: emitting event "task update" to 20170509-174631-2c16 [/jobs]
socketio: INFO: emitting event "job update" to job_management [/jobs]
socketio: INFO: emitting event "task update" to 20170509-174631-2c16 [/jobs]
socketio: INFO: emitting event "job update" to 20170509-174631-2c16 [/jobs]
socketio: INFO: emitting event "job update" to job_management [/jobs]
socketio: INFO: emitting event "server update" to job_management [/jobs]
socketio: INFO: emitting event "server update" to job_management [/jobs]
digits.webapp: INFO: Create test_db DB task started.
socketio: INFO: emitting event "task update" to 20170509-174631-2c16 [/jobs]
socketio: INFO: emitting event "job update" to 20170509-174631-2c16 [/jobs]
socketio: INFO: emitting event "job update" to job_management [/jobs]
digits.webapp: INFO: Task subprocess args: "/usr/bin/python2 /home/ethan/digits_GAN/digits/tools/create_generic_db.py 20170509-174631-2c16 --stage=test_db --jobs_dir=/tmp/tmpX3R8Ve"
socketio: INFO: emitting event "task update" to 20170509-172347-b92a [/jobs]
socketio: INFO: emitting event "task update" to 20170509-173326-3e6f [/jobs]
socketio: INFO: emitting event "task update" to 20170509-172315-d38b [/jobs]
socketio: INFO: emitting event "task update" to 20170509-174340-86bb [/jobs]
socketio: INFO: emitting event "task update" to 20170509-172516-8f4b [/jobs]
digits.webapp: INFO: Create train_db DB task completed.
socketio: INFO: emitting event "task update" to 20170509-174631-2c16 [/jobs]
socketio: INFO: emitting event "job update" to job_management [/jobs]
socketio: INFO: emitting event "task update" to 20170509-174631-2c16 [/jobs]
socketio: INFO: emitting event "job update" to 20170509-174631-2c16 [/jobs]
socketio: INFO: emitting event "job update" to job_management [/jobs]
socketio: INFO: emitting event "server update" to job_management [/jobs]
socketio: INFO: emitting event "task update" to 20170509-172352-bfdd [/jobs]
socketio: INFO: emitting event "task update" to 20170509-172412-e6f0 [/jobs]
socketio: INFO: emitting event "task update" to 20170509-173329-1cea [/jobs]
socketio: INFO: emitting event "task update" to 20170509-173229-c795 [/jobs]
socketio: INFO: emitting event "task update" to 20170509-172202-9230 [/jobs]
socketio: INFO: emitting event "task update" to 20170509-173331-d237 [/jobs]
socketio: INFO: emitting event "task update" to 20170509-172317-7da8 [/jobs]
socketio: INFO: emitting event "task update" to 20170509-173008-ee07 [/jobs]
socketio: INFO: emitting event "task update" to 20170509-172210-1907 [/jobs]
socketio: INFO: emitting event "task update" to 20170509-173333-e98b [/jobs]
socketio: INFO: emitting event "task update" to 20170509-172825-84c5 [/jobs]
socketio: INFO: emitting event "task update" to 20170509-173335-6067 [/jobs]
socketio: INFO: emitting event "task update" to 20170509-172147-4505 [/jobs]
socketio: INFO: emitting event "task update" to 20170509-173337-8532 [/jobs]
socketio: INFO: emitting event "task update" to 20170509-172907-6ffa [/jobs]
socketio: INFO: emitting event "task update" to 20170509-174533-2a57 [/jobs]
socketio: INFO: emitting event "task update" to 20170509-172339-dc52 [/jobs]
socketio: INFO: emitting event "task update" to 20170509-172625-e177 [/jobs]
socketio: INFO: emitting event "task update" to 20170509-173316-5f8a [/jobs]
socketio: INFO: emitting event "task update" to 20170509-173318-416e [/jobs]
socketio: INFO: emitting event "task update" to 20170509-173415-8046 [/jobs]
socketio: INFO: emitting event "task update" to 20170509-173027-0946 [/jobs]
socketio: INFO: emitting event "task update" to 20170509-172218-c9c0 [/jobs]
socketio: INFO: emitting event "task update" to 20170509-172328-6826 [/jobs]
socketio: INFO: emitting event "task update" to 20170509-173403-2593 [/jobs]
socketio: INFO: emitting event "task update" to 20170509-174313-cb2c [/jobs]
socketio: INFO: emitting event "task update" to 20170509-172344-9606 [/jobs]
socketio: INFO: emitting event "task update" to 20170509-172430-a33c [/jobs]
socketio: INFO: emitting event "task update" to 20170509-172605-0fd8 [/jobs]
socketio: INFO: emitting event "task update" to 20170509-172706-cfe6 [/jobs]
socketio: INFO: emitting event "task update" to 20170509-173209-48ad [/jobs]
socketio: INFO: emitting event "task update" to 20170509-173320-66e3 [/jobs]
socketio: INFO: emitting event "task update" to 20170509-172927-67d2 [/jobs]
socketio: INFO: emitting event "task update" to 20170509-173515-e8bf [/jobs]
socketio: INFO: emitting event "task update" to 20170509-172524-d7c0 [/jobs]
socketio: INFO: emitting event "task update" to 20170509-172419-2d22 [/jobs]
socketio: INFO: emitting event "task update" to 20170509-172337-f1aa [/jobs]
socketio: INFO: emitting event "task update" to 20170509-173228-acad [/jobs]
socketio: INFO: emitting event "task update" to 20170509-172350-6fcd [/jobs]
socketio: INFO: emitting event "task update" to 20170509-173357-1ed1 [/jobs]
socketio: INFO: emitting event "task update" to 20170509-172259-8252 [/jobs]
socketio: INFO: emitting event "task update" to 20170509-173322-0807 [/jobs]
socketio: INFO: emitting event "task update" to 20170509-172114-d063 [/jobs]
socketio: INFO: emitting event "task update" to 20170509-172323-89b4 [/jobs]
socketio: INFO: emitting event "task update" to 20170509-174411-45b4 [/jobs]
socketio: INFO: emitting event "task update" to 20170509-173300-0377 [/jobs]
socketio: INFO: emitting event "task update" to 20170509-173245-3417 [/jobs]
socketio: INFO: emitting event "task update" to 20170509-173324-49b0 [/jobs]
socketio: INFO: emitting event "task update" to 20170509-172342-e0ef [/jobs]
socketio: INFO: emitting event "task update" to 20170509-173108-a6ff [/jobs]
socketio: INFO: emitting event "task update" to 20170509-172725-6a13 [/jobs]
socketio: INFO: emitting event "task update" to 20170509-172806-b5bc [/jobs]
socketio: INFO: emitting event "task update" to 20170509-172227-0156 [/jobs]
socketio: INFO: emitting event "task update" to 20170509-174451-4b24 [/jobs]
socketio: INFO: emitting event "task update" to 20170509-172334-9d18 [/jobs]
socketio: INFO: emitting event "task update" to 20170509-173128-33ce [/jobs]
socketio: INFO: emitting event "task update" to 20170509-174604-6d86 [/jobs]
socketio: INFO: emitting event "task update" to 20170509-172347-b92a [/jobs]
socketio: INFO: emitting event "task update" to 20170509-173326-3e6f [/jobs]
socketio: INFO: emitting event "task update" to 20170509-172315-d38b [/jobs]
socketio: INFO: emitting event "task update" to 20170509-174340-86bb [/jobs]
socketio: INFO: emitting event "task update" to 20170509-172516-8f4b [/jobs]
socketio: INFO: emitting event "task update" to 20170509-172352-bfdd [/jobs]
socketio: INFO: emitting event "task update" to 20170509-172412-e6f0 [/jobs]
socketio: INFO: emitting event "task update" to 20170509-173329-1cea [/jobs]
socketio: INFO: emitting event "task update" to 20170509-173229-c795 [/jobs]
socketio: INFO: emitting event "task update" to 20170509-172202-9230 [/jobs]
socketio: INFO: emitting event "task update" to 20170509-173331-d237 [/jobs]
socketio: INFO: emitting event "task update" to 20170509-172317-7da8 [/jobs]
socketio: INFO: emitting event "task update" to 20170509-173008-ee07 [/jobs]
socketio: INFO: emitting event "task update" to 20170509-172210-1907 [/jobs]
socketio: INFO: emitting event "task update" to 20170509-173333-e98b [/jobs]
socketio: INFO: emitting event "task update" to 20170509-172825-84c5 [/jobs]
socketio: INFO: emitting event "task update" to 20170509-173335-6067 [/jobs]
socketio: INFO: emitting event "task update" to 20170509-172147-4505 [/jobs]
socketio: INFO: emitting event "task update" to 20170509-173337-8532 [/jobs]
socketio: INFO: emitting event "task update" to 20170509-172907-6ffa [/jobs]
socketio: INFO: emitting event "task update" to 20170509-174533-2a57 [/jobs]
socketio: INFO: emitting event "task update" to 20170509-172339-dc52 [/jobs]
socketio: INFO: emitting event "task update" to 20170509-172625-e177 [/jobs]
socketio: INFO: emitting event "task update" to 20170509-173316-5f8a [/jobs]
socketio: INFO: emitting event "task update" to 20170509-173318-416e [/jobs]
socketio: INFO: emitting event "task update" to 20170509-173415-8046 [/jobs]
socketio: INFO: emitting event "task update" to 20170509-173027-0946 [/jobs]
socketio: INFO: emitting event "task update" to 20170509-172218-c9c0 [/jobs]
socketio: INFO: emitting event "task update" to 20170509-172328-6826 [/jobs]
socketio: INFO: emitting event "task update" to 20170509-173403-2593 [/jobs]
socketio: INFO: emitting event "task update" to 20170509-174313-cb2c [/jobs]
socketio: INFO: emitting event "task update" to 20170509-172344-9606 [/jobs]
socketio: INFO: emitting event "task update" to 20170509-172430-a33c [/jobs]
socketio: INFO: emitting event "task update" to 20170509-172605-0fd8 [/jobs]
socketio: INFO: emitting event "task update" to 20170509-172706-cfe6 [/jobs]
socketio: INFO: emitting event "task update" to 20170509-173209-48ad [/jobs]
socketio: INFO: emitting event "task update" to 20170509-173320-66e3 [/jobs]
socketio: INFO: emitting event "task update" to 20170509-172927-67d2 [/jobs]
socketio: INFO: emitting event "task update" to 20170509-173515-e8bf [/jobs]
socketio: INFO: emitting event "task update" to 20170509-172524-d7c0 [/jobs]
socketio: INFO: emitting event "task update" to 20170509-172419-2d22 [/jobs]
socketio: INFO: emitting event "task update" to 20170509-172337-f1aa [/jobs]
socketio: INFO: emitting event "task update" to 20170509-173228-acad [/jobs]
socketio: INFO: emitting event "task update" to 20170509-172350-6fcd [/jobs]
socketio: INFO: emitting event "task update" to 20170509-173357-1ed1 [/jobs]
socketio: INFO: emitting event "task update" to 20170509-172259-8252 [/jobs]
socketio: INFO: emitting event "task update" to 20170509-173322-0807 [/jobs]
socketio: INFO: emitting event "task update" to 20170509-172114-d063 [/jobs]
socketio: INFO: emitting event "task update" to 20170509-172323-89b4 [/jobs]
socketio: INFO: emitting event "task update" to 20170509-174411-45b4 [/jobs]
socketio: INFO: emitting event "task update" to 20170509-173300-0377 [/jobs]
socketio: INFO: emitting event "task update" to 20170509-173245-3417 [/jobs]
socketio: INFO: emitting event "task update" to 20170509-173324-49b0 [/jobs]
socketio: INFO: emitting event "task update" to 20170509-172342-e0ef [/jobs]
socketio: INFO: emitting event "task update" to 20170509-173108-a6ff [/jobs]
socketio: INFO: emitting event "task update" to 20170509-172725-6a13 [/jobs]
socketio: INFO: emitting event "task update" to 20170509-172806-b5bc [/jobs]
socketio: INFO: emitting event "task update" to 20170509-172227-0156 [/jobs]
socketio: INFO: emitting event "task update" to 20170509-174451-4b24 [/jobs]
socketio: INFO: emitting event "task update" to 20170509-172334-9d18 [/jobs]
socketio: INFO: emitting event "task update" to 20170509-173128-33ce [/jobs]
socketio: INFO: emitting event "task update" to 20170509-174604-6d86 [/jobs]
socketio: INFO: emitting event "task update" to 20170509-172347-b92a [/jobs]
socketio: INFO: emitting event "task update" to 20170509-173326-3e6f [/jobs]
socketio: INFO: emitting event "task update" to 20170509-172315-d38b [/jobs]
socketio: INFO: emitting event "task update" to 20170509-174340-86bb [/jobs]
socketio: INFO: emitting event "task update" to 20170509-172516-8f4b [/jobs]
socketio: INFO: emitting event "task update" to 20170509-172352-bfdd [/jobs]
socketio: INFO: emitting event "task update" to 20170509-172412-e6f0 [/jobs]
socketio: INFO: emitting event "task update" to 20170509-173329-1cea [/jobs]
socketio: INFO: emitting event "task update" to 20170509-173229-c795 [/jobs]
socketio: INFO: emitting event "task update" to 20170509-172202-9230 [/jobs]
socketio: INFO: emitting event "task update" to 20170509-173331-d237 [/jobs]
socketio: INFO: emitting event "task update" to 20170509-172317-7da8 [/jobs]
socketio: INFO: emitting event "task update" to 20170509-173008-ee07 [/jobs]
socketio: INFO: emitting event "task update" to 20170509-172210-1907 [/jobs]
socketio: INFO: emitting event "task update" to 20170509-173333-e98b [/jobs]
socketio: INFO: emitting event "task update" to 20170509-172825-84c5 [/jobs]
socketio: INFO: emitting event "task update" to 20170509-173335-6067 [/jobs]
socketio: INFO: emitting event "task update" to 20170509-172147-4505 [/jobs]
socketio: INFO: emitting event "task update" to 20170509-173337-8532 [/jobs]
socketio: INFO: emitting event "task update" to 20170509-172907-6ffa [/jobs]
socketio: INFO: emitting event "task update" to 20170509-174533-2a57 [/jobs]
socketio: INFO: emitting event "task update" to 20170509-172339-dc52 [/jobs]
socketio: INFO: emitting event "task update" to 20170509-172625-e177 [/jobs]
socketio: INFO: emitting event "task update" to 20170509-173316-5f8a [/jobs]
socketio: INFO: emitting event "task update" to 20170509-173318-416e [/jobs]
socketio: INFO: emitting event "task update" to 20170509-173415-8046 [/jobs]
socketio: INFO: emitting event "task update" to 20170509-173027-0946 [/jobs]
socketio: INFO: emitting event "task update" to 20170509-172218-c9c0 [/jobs]
socketio: INFO: emitting event "task update" to 20170509-172328-6826 [/jobs]
socketio: INFO: emitting event "task update" to 20170509-173403-2593 [/jobs]
socketio: INFO: emitting event "task update" to 20170509-174313-cb2c [/jobs]
socketio: INFO: emitting event "task update" to 20170509-172344-9606 [/jobs]
socketio: INFO: emitting event "task update" to 20170509-172430-a33c [/jobs]
digits.webapp: WARNING: Create test_db DB unrecognized output: WARNING: log_file config option not found - no log file is being saved
digits.webapp: WARNING: Create test_db DB unrecognized output: 2017-05-09 17:46:37 [INFO ] Generic DB creation Done
socketio: INFO: emitting event "task update" to 20170509-172605-0fd8 [/jobs]
socketio: INFO: emitting event "task update" to 20170509-172706-cfe6 [/jobs]
socketio: INFO: emitting event "task update" to 20170509-173209-48ad [/jobs]
socketio: INFO: emitting event "task update" to 20170509-173320-66e3 [/jobs]
socketio: INFO: emitting event "task update" to 20170509-172927-67d2 [/jobs]
socketio: INFO: emitting event "task update" to 20170509-173515-e8bf [/jobs]
socketio: INFO: emitting event "task update" to 20170509-172524-d7c0 [/jobs]
socketio: INFO: emitting event "task update" to 20170509-172419-2d22 [/jobs]
socketio: INFO: emitting event "task update" to 20170509-172337-f1aa [/jobs]
socketio: INFO: emitting event "task update" to 20170509-173228-acad [/jobs]
socketio: INFO: emitting event "task update" to 20170509-172350-6fcd [/jobs]
socketio: INFO: emitting event "task update" to 20170509-173357-1ed1 [/jobs]
socketio: INFO: emitting event "task update" to 20170509-172259-8252 [/jobs]
socketio: INFO: emitting event "task update" to 20170509-173322-0807 [/jobs]
socketio: INFO: emitting event "task update" to 20170509-172114-d063 [/jobs]
socketio: INFO: emitting event "task update" to 20170509-172323-89b4 [/jobs]
socketio: INFO: emitting event "task update" to 20170509-174411-45b4 [/jobs]
socketio: INFO: emitting event "task update" to 20170509-173300-0377 [/jobs]
socketio: INFO: emitting event "task update" to 20170509-173245-3417 [/jobs]
socketio: INFO: emitting event "task update" to 20170509-173324-49b0 [/jobs]
socketio: INFO: emitting event "task update" to 20170509-172342-e0ef [/jobs]
socketio: INFO: emitting event "task update" to 20170509-173108-a6ff [/jobs]
socketio: INFO: emitting event "task update" to 20170509-172725-6a13 [/jobs]
socketio: INFO: emitting event "task update" to 20170509-172806-b5bc [/jobs]
socketio: INFO: emitting event "task update" to 20170509-172227-0156 [/jobs]
socketio: INFO: emitting event "task update" to 20170509-174451-4b24 [/jobs]
socketio: INFO: emitting event "task update" to 20170509-172334-9d18 [/jobs]
socketio: INFO: emitting event "task update" to 20170509-173128-33ce [/jobs]
socketio: INFO: emitting event "task update" to 20170509-174604-6d86 [/jobs]
digits.webapp: INFO: Create test_db DB task completed.
socketio: INFO: emitting event "task update" to 20170509-174631-2c16 [/jobs]
socketio: INFO: emitting event "job update" to job_management [/jobs]
socketio: INFO: emitting event "task update" to 20170509-174631-2c16 [/jobs]
socketio: INFO: emitting event "job update" to 20170509-174631-2c16 [/jobs]
socketio: INFO: emitting event "job update" to job_management [/jobs]
socketio: INFO: emitting event "server update" to job_management [/jobs]
socketio: INFO: emitting event "job update" to job_management [/jobs]
socketio: INFO: emitting event "job update" to 20170509-174631-2c16 [/jobs]
socketio: INFO: emitting event "job update" to job_management [/jobs]
digits: INFO: Job complete.
socketio: INFO: emitting event "task update" to 20170509-172347-b92a [/jobs]
socketio: INFO: emitting event "task update" to 20170509-173326-3e6f [/jobs]
socketio: INFO: emitting event "task update" to 20170509-172315-d38b [/jobs]
socketio: INFO: emitting event "task update" to 20170509-174340-86bb [/jobs]
socketio: INFO: emitting event "task update" to 20170509-172516-8f4b [/jobs]
socketio: INFO: emitting event "task update" to 20170509-172352-bfdd [/jobs]
socketio: INFO: emitting event "task update" to 20170509-172412-e6f0 [/jobs]
socketio: INFO: emitting event "task update" to 20170509-173329-1cea [/jobs]
socketio: INFO: emitting event "task update" to 20170509-173229-c795 [/jobs]
socketio: INFO: emitting event "task update" to 20170509-172202-9230 [/jobs]
socketio: INFO: emitting event "task update" to 20170509-173331-d237 [/jobs]
socketio: INFO: emitting event "task update" to 20170509-172317-7da8 [/jobs]
socketio: INFO: emitting event "job update" to job_management [/jobs]
socketio: INFO: emitting event "task update" to 20170509-173008-ee07 [/jobs]
socketio: INFO: emitting event "job update" to 20170509-174637-00ca [/jobs]
socketio: INFO: emitting event "job update" to job_management [/jobs]
socketio: INFO: emitting event "server update" to job_management [/jobs]
socketio: INFO: emitting event "task update" to 20170509-172210-1907 [/jobs]
socketio: INFO: emitting event "task update" to 20170509-173333-e98b [/jobs]
socketio: INFO: emitting event "task update" to 20170509-172825-84c5 [/jobs]
socketio: INFO: emitting event "task update" to 20170509-173335-6067 [/jobs]
socketio: INFO: emitting event "task update" to 20170509-172147-4505 [/jobs]
socketio: INFO: emitting event "task update" to 20170509-173337-8532 [/jobs]
socketio: INFO: emitting event "task update" to 20170509-172907-6ffa [/jobs]
socketio: INFO: emitting event "task update" to 20170509-174533-2a57 [/jobs]
digits.webapp: INFO: Train Tensorflow Model task started.
socketio: INFO: emitting event "task update" to 20170509-174637-00ca [/jobs]
socketio: INFO: emitting event "job update" to 20170509-174637-00ca [/jobs]
socketio: INFO: emitting event "job update" to job_management [/jobs]
digits.webapp: INFO: Task subprocess args: "python2 /home/ethan/digits_GAN/digits/tools/tensorflow/main.py --network=network.py --epoch=3 --networkDirectory=/tmp/tmpX3R8Ve/20170509-174637-00ca --save=/tmp/tmpX3R8Ve/20170509-174637-00ca --snapshotPrefix=snapshot --snapshotInterval=1 --lr_base_rate=0.01 --lr_policy=step --batch_size=10 --mean=/tmp/tmpX3R8Ve/20170509-174631-2c16/train_db/mean.binaryproto --train_db=/tmp/tmpX3R8Ve/20170509-174631-2c16/train_db/features --train_labels=/tmp/tmpX3R8Ve/20170509-174631-2c16/train_db/labels --validation_db=/tmp/tmpX3R8Ve/20170509-174631-2c16/val_db/features --validation_labels=/tmp/tmpX3R8Ve/20170509-174631-2c16/val_db/labels --lr_gamma=0.1 --lr_stepvalues=33 --subtractMean=pixel --seed=3405691582 --optimization=sgd --validation_interval=1 --log_runtime_stats_per_step=0 --augFlip=none --augHSVh=0 --augHSVs=0 --augHSVv=0"
socketio: INFO: emitting event "task update" to 20170509-174637-00ca [/jobs]
socketio: INFO: emitting event "task update" to 20170509-172339-dc52 [/jobs]
socketio: INFO: emitting event "task update" to 20170509-172625-e177 [/jobs]
socketio: INFO: emitting event "task update" to 20170509-173316-5f8a [/jobs]
socketio: INFO: emitting event "task update" to 20170509-173318-416e [/jobs]
socketio: INFO: emitting event "task update" to 20170509-173415-8046 [/jobs]
socketio: INFO: emitting event "task update" to 20170509-173027-0946 [/jobs]
socketio: INFO: emitting event "task update" to 20170509-172218-c9c0 [/jobs]
socketio: INFO: emitting event "task update" to 20170509-172328-6826 [/jobs]
socketio: INFO: emitting event "task update" to 20170509-173403-2593 [/jobs]
socketio: INFO: emitting event "task update" to 20170509-174313-cb2c [/jobs]
socketio: INFO: emitting event "task update" to 20170509-172344-9606 [/jobs]
socketio: INFO: emitting event "task update" to 20170509-172430-a33c [/jobs]
socketio: INFO: emitting event "task update" to 20170509-172605-0fd8 [/jobs]
socketio: INFO: emitting event "task update" to 20170509-172706-cfe6 [/jobs]
socketio: INFO: emitting event "task update" to 20170509-173209-48ad [/jobs]
socketio: INFO: emitting event "task update" to 20170509-173320-66e3 [/jobs]
socketio: INFO: emitting event "task update" to 20170509-172927-67d2 [/jobs]
socketio: INFO: emitting event "task update" to 20170509-173515-e8bf [/jobs]
socketio: INFO: emitting event "task update" to 20170509-172524-d7c0 [/jobs]
socketio: INFO: emitting event "task update" to 20170509-172419-2d22 [/jobs]
socketio: INFO: emitting event "task update" to 20170509-172337-f1aa [/jobs]
socketio: INFO: emitting event "task update" to 20170509-173228-acad [/jobs]
socketio: INFO: emitting event "task update" to 20170509-172350-6fcd [/jobs]
socketio: INFO: emitting event "task update" to 20170509-173357-1ed1 [/jobs]
socketio: INFO: emitting event "task update" to 20170509-172259-8252 [/jobs]
socketio: INFO: emitting event "task update" to 20170509-173322-0807 [/jobs]
socketio: INFO: emitting event "task update" to 20170509-172114-d063 [/jobs]
socketio: INFO: emitting event "task update" to 20170509-172323-89b4 [/jobs]
socketio: INFO: emitting event "task update" to 20170509-174411-45b4 [/jobs]
socketio: INFO: emitting event "task update" to 20170509-173300-0377 [/jobs]
socketio: INFO: emitting event "task update" to 20170509-173245-3417 [/jobs]
socketio: INFO: emitting event "task update" to 20170509-173324-49b0 [/jobs]
socketio: INFO: emitting event "task update" to 20170509-172342-e0ef [/jobs]
socketio: INFO: emitting event "task update" to 20170509-173108-a6ff [/jobs]
socketio: INFO: emitting event "task update" to 20170509-172725-6a13 [/jobs]
socketio: INFO: emitting event "task update" to 20170509-172806-b5bc [/jobs]
socketio: INFO: emitting event "task update" to 20170509-172227-0156 [/jobs]
socketio: INFO: emitting event "task update" to 20170509-174451-4b24 [/jobs]
socketio: INFO: emitting event "task update" to 20170509-172334-9d18 [/jobs]
socketio: INFO: emitting event "task update" to 20170509-173128-33ce [/jobs]
socketio: INFO: emitting event "task update" to 20170509-174604-6d86 [/jobs]
socketio: INFO: emitting event "task update" to 20170509-172347-b92a [/jobs]
socketio: INFO: emitting event "task update" to 20170509-173326-3e6f [/jobs]
socketio: INFO: emitting event "task update" to 20170509-172315-d38b [/jobs]
socketio: INFO: emitting event "task update" to 20170509-174340-86bb [/jobs]
socketio: INFO: emitting event "task update" to 20170509-172516-8f4b [/jobs]
socketio: INFO: emitting event "task update" to 20170509-172352-bfdd [/jobs]
socketio: INFO: emitting event "task update" to 20170509-172412-e6f0 [/jobs]
socketio: INFO: emitting event "task update" to 20170509-173329-1cea [/jobs]
socketio: INFO: emitting event "task update" to 20170509-173229-c795 [/jobs]
socketio: INFO: emitting event "task update" to 20170509-172202-9230 [/jobs]
socketio: INFO: emitting event "task update" to 20170509-173331-d237 [/jobs]
socketio: INFO: emitting event "task update" to 20170509-172317-7da8 [/jobs]
socketio: INFO: emitting event "task update" to 20170509-173008-ee07 [/jobs]
socketio: INFO: emitting event "task update" to 20170509-172210-1907 [/jobs]
socketio: INFO: emitting event "task update" to 20170509-173333-e98b [/jobs]
socketio: INFO: emitting event "task update" to 20170509-172825-84c5 [/jobs]
socketio: INFO: emitting event "task update" to 20170509-173335-6067 [/jobs]
socketio: INFO: emitting event "task update" to 20170509-172147-4505 [/jobs]
socketio: INFO: emitting event "task update" to 20170509-173337-8532 [/jobs]
socketio: INFO: emitting event "task update" to 20170509-172907-6ffa [/jobs]
socketio: INFO: emitting event "task update" to 20170509-174533-2a57 [/jobs]
socketio: INFO: emitting event "task update" to 20170509-172339-dc52 [/jobs]
socketio: INFO: emitting event "task update" to 20170509-172625-e177 [/jobs]
socketio: INFO: emitting event "task update" to 20170509-173316-5f8a [/jobs]
socketio: INFO: emitting event "task update" to 20170509-173318-416e [/jobs]
socketio: INFO: emitting event "task update" to 20170509-173415-8046 [/jobs]
socketio: INFO: emitting event "task update" to 20170509-173027-0946 [/jobs]
socketio: INFO: emitting event "task update" to 20170509-172218-c9c0 [/jobs]
socketio: INFO: emitting event "task update" to 20170509-172328-6826 [/jobs]
socketio: INFO: emitting event "task update" to 20170509-173403-2593 [/jobs]
socketio: INFO: emitting event "task update" to 20170509-174313-cb2c [/jobs]
socketio: INFO: emitting event "task update" to 20170509-172344-9606 [/jobs]
socketio: INFO: emitting event "task update" to 20170509-172430-a33c [/jobs]
socketio: INFO: emitting event "task update" to 20170509-172605-0fd8 [/jobs]
socketio: INFO: emitting event "task update" to 20170509-172706-cfe6 [/jobs]
socketio: INFO: emitting event "task update" to 20170509-173209-48ad [/jobs]
socketio: INFO: emitting event "task update" to 20170509-173320-66e3 [/jobs]
socketio: INFO: emitting event "task update" to 20170509-172927-67d2 [/jobs]
socketio: INFO: emitting event "task update" to 20170509-173515-e8bf [/jobs]
socketio: INFO: emitting event "task update" to 20170509-172524-d7c0 [/jobs]
socketio: INFO: emitting event "task update" to 20170509-172419-2d22 [/jobs]
socketio: INFO: emitting event "task update" to 20170509-172337-f1aa [/jobs]
socketio: INFO: emitting event "task update" to 20170509-173228-acad [/jobs]
socketio: INFO: emitting event "task update" to 20170509-172350-6fcd [/jobs]
socketio: INFO: emitting event "task update" to 20170509-173357-1ed1 [/jobs]
socketio: INFO: emitting event "task update" to 20170509-172259-8252 [/jobs]
socketio: INFO: emitting event "task update" to 20170509-173322-0807 [/jobs]
socketio: INFO: emitting event "task update" to 20170509-172114-d063 [/jobs]
socketio: INFO: emitting event "task update" to 20170509-172323-89b4 [/jobs]
socketio: INFO: emitting event "task update" to 20170509-174411-45b4 [/jobs]
socketio: INFO: emitting event "task update" to 20170509-173300-0377 [/jobs]
socketio: INFO: emitting event "task update" to 20170509-173245-3417 [/jobs]
socketio: INFO: emitting event "task update" to 20170509-173324-49b0 [/jobs]
socketio: INFO: emitting event "task update" to 20170509-172342-e0ef [/jobs]
socketio: INFO: emitting event "task update" to 20170509-173108-a6ff [/jobs]
socketio: INFO: emitting event "task update" to 20170509-172725-6a13 [/jobs]
socketio: INFO: emitting event "task update" to 20170509-172806-b5bc [/jobs]
socketio: INFO: emitting event "task update" to 20170509-172227-0156 [/jobs]
socketio: INFO: emitting event "task update" to 20170509-174451-4b24 [/jobs]
socketio: INFO: emitting event "task update" to 20170509-172334-9d18 [/jobs]
socketio: INFO: emitting event "task update" to 20170509-173128-33ce [/jobs]
socketio: INFO: emitting event "task update" to 20170509-174604-6d86 [/jobs]
digits.webapp: WARNING: Train Tensorflow Model unrecognized output: 2017-05-09 17:46:39.409147: W tensorflow/core/platform/cpu_feature_guard.cc:45] The TensorFlow library wasn't compiled to use SSE4.1 instructions, but these are available on your machine and could speed up CPU computations.
digits.webapp: WARNING: Train Tensorflow Model unrecognized output: 2017-05-09 17:46:39.409161: W tensorflow/core/platform/cpu_feature_guard.cc:45] The TensorFlow library wasn't compiled to use SSE4.2 instructions, but these are available on your machine and could speed up CPU computations.
digits.webapp: WARNING: Train Tensorflow Model unrecognized output: 2017-05-09 17:46:39.409166: W tensorflow/core/platform/cpu_feature_guard.cc:45] The TensorFlow library wasn't compiled to use AVX instructions, but these are available on your machine and could speed up CPU computations.
digits.webapp: WARNING: Train Tensorflow Model unrecognized output: 2017-05-09 17:46:39.531719: I tensorflow/stream_executor/cuda/cuda_gpu_executor.cc:901] successful NUMA node read from SysFS had negative value (-1), but there must be at least one NUMA node, so returning NUMA node zero
digits.webapp: WARNING: Train Tensorflow Model unrecognized output: 2017-05-09 17:46:39.532149: I tensorflow/core/common_runtime/gpu/gpu_device.cc:887] Found device 0 with properties:
digits.webapp: WARNING: Train Tensorflow Model unrecognized output: name: GeForce GTX TITAN X
digits.webapp: WARNING: Train Tensorflow Model unrecognized output: major: 5 minor: 2 memoryClockRate (GHz) 1.076
digits.webapp: WARNING: Train Tensorflow Model unrecognized output: pciBusID 0000:01:00.0
digits.webapp: WARNING: Train Tensorflow Model unrecognized output: Total memory: 11.92GiB
digits.webapp: WARNING: Train Tensorflow Model unrecognized output: Free memory: 10.21GiB
digits.webapp: WARNING: Train Tensorflow Model unrecognized output: 2017-05-09 17:46:39.532164: I tensorflow/core/common_runtime/gpu/gpu_device.cc:908] DMA: 0
digits.webapp: WARNING: Train Tensorflow Model unrecognized output: 2017-05-09 17:46:39.532168: I tensorflow/core/common_runtime/gpu/gpu_device.cc:918] 0:   Y
digits.webapp: WARNING: Train Tensorflow Model unrecognized output: 2017-05-09 17:46:39.532180: I tensorflow/core/common_runtime/gpu/gpu_device.cc:977] Creating TensorFlow device (/gpu:0) -> (device: 0, name: GeForce GTX TITAN X, pci bus id: 0000:01:00.0)
socketio: INFO: emitting event "task update" to 20170509-172347-b92a [/jobs]
socketio: INFO: emitting event "task update" to 20170509-173326-3e6f [/jobs]
socketio: INFO: emitting event "task update" to 20170509-172315-d38b [/jobs]
socketio: INFO: emitting event "task update" to 20170509-174340-86bb [/jobs]
socketio: INFO: emitting event "task update" to 20170509-172516-8f4b [/jobs]
socketio: INFO: emitting event "task update" to 20170509-172352-bfdd [/jobs]
digits.webapp: WARNING: Train Tensorflow Model unrecognized output: 2017-05-09 17:46:39.644360: I tensorflow/core/common_runtime/gpu/gpu_device.cc:977] Creating TensorFlow device (/gpu:0) -> (device: 0, name: GeForce GTX TITAN X, pci bus id: 0000:01:00.0)
digits.webapp: WARNING: Train Tensorflow Model unrecognized output: 2017-05-09 17:46:39.650385: I tensorflow/core/common_runtime/gpu/gpu_device.cc:977] Creating TensorFlow device (/gpu:0) -> (device: 0, name: GeForce GTX TITAN X, pci bus id: 0000:01:00.0)
socketio: INFO: emitting event "task update" to 20170509-172412-e6f0 [/jobs]
socketio: INFO: emitting event "task update" to 20170509-173329-1cea [/jobs]
socketio: INFO: emitting event "task update" to 20170509-173229-c795 [/jobs]
socketio: INFO: emitting event "task update" to 20170509-172202-9230 [/jobs]
socketio: INFO: emitting event "task update" to 20170509-173331-d237 [/jobs]
socketio: INFO: emitting event "task update" to 20170509-172317-7da8 [/jobs]
digits.webapp: WARNING: Train Tensorflow Model unrecognized output: 2017-05-09 17:46:39.852577: I tensorflow/core/kernels/logging_ops.cc:79] scale offset[1][0]
digits.webapp: DEBUG: Network validation loss #0.0: 26953.310547
digits.webapp: DEBUG: Validation (epoch 0): loss = 26953.310547
digits.webapp: WARNING: Train Tensorflow Model unrecognized output: 2017-05-09 17:46:39.869692: I tensorflow/core/kernels/logging_ops.cc:79] scale offset[1][0]
digits.webapp: WARNING: Train Tensorflow Model unrecognized output: 2017-05-09 17:46:39.873163: I tensorflow/core/kernels/logging_ops.cc:79] scale offset[1][2.5535545]
socketio: INFO: emitting event "task update" to 20170509-174637-00ca [/jobs]
socketio: INFO: emitting event "job update" to job_management [/jobs]
digits.webapp: DEBUG: Training 6.67% complete.
socketio: INFO: emitting event "task update" to 20170509-174637-00ca [/jobs]
socketio: INFO: emitting event "task update" to job_management [/jobs]
digits.webapp: DEBUG: Training (epoch 0.2): loss = 26679.205078, lr = 0.010000
digits.webapp: WARNING: Train Tensorflow Model unrecognized output: 2017-05-09 17:46:39.876155: I tensorflow/core/kernels/logging_ops.cc:79] scale offset[1][5.0560379]
digits.webapp: WARNING: Train Tensorflow Model unrecognized output: 2017-05-09 17:46:39.878928: I tensorflow/core/kernels/logging_ops.cc:79] scale offset[1][7.508472]
socketio: INFO: emitting event "task update" to 20170509-174637-00ca [/jobs]
socketio: INFO: emitting event "job update" to job_management [/jobs]
digits.webapp: DEBUG: Training (epoch 0.4): loss = 25393.971680, lr = 0.010000
digits.webapp: WARNING: Train Tensorflow Model unrecognized output: 2017-05-09 17:46:39.882237: I tensorflow/core/kernels/logging_ops.cc:79] scale offset[1][9.9118576]
digits.webapp: WARNING: Train Tensorflow Model unrecognized output: 2017-05-09 17:46:39.885476: I tensorflow/core/kernels/logging_ops.cc:79] scale offset[1][12.267175]
socketio: INFO: emitting event "task update" to 20170509-174637-00ca [/jobs]
socketio: INFO: emitting event "job update" to job_management [/jobs]
digits.webapp: DEBUG: Training (epoch 0.7): loss = 24125.974609, lr = 0.010000
digits.webapp: WARNING: Train Tensorflow Model unrecognized output: 2017-05-09 17:46:39.888298: I tensorflow/core/kernels/logging_ops.cc:79] scale offset[1][14.575386]
digits.webapp: WARNING: Train Tensorflow Model unrecognized output: 2017-05-09 17:46:39.891084: I tensorflow/core/kernels/logging_ops.cc:79] scale offset[1][16.837433]
socketio: INFO: emitting event "task update" to 20170509-174637-00ca [/jobs]
socketio: INFO: emitting event "job update" to job_management [/jobs]
digits.webapp: DEBUG: Training (epoch 0.9): loss = 23166.488281, lr = 0.010000
digits.webapp: WARNING: Train Tensorflow Model unrecognized output: 2017-05-09 17:46:39.893366: I tensorflow/core/kernels/logging_ops.cc:79] scale offset[1][19.054239]
digits.webapp: WARNING: Train Tensorflow Model unrecognized output: 2017-05-09 17:46:39.895489: I tensorflow/core/kernels/logging_ops.cc:79] scale offset[1][21.226709]
socketio: INFO: emitting event "task update" to 20170509-174637-00ca [/jobs]
socketio: INFO: emitting event "job update" to job_management [/jobs]
socketio: INFO: emitting event "task update" to 20170509-174637-00ca [/jobs]
digits.webapp: DEBUG: Network validation loss #1.0: 21983.525391
digits.webapp: DEBUG: Validation (epoch 1.0): loss = 21983.525391
socketio: INFO: emitting event "task update" to 20170509-173008-ee07 [/jobs]
socketio: INFO: emitting event "task update" to 20170509-172210-1907 [/jobs]
socketio: INFO: emitting event "task update" to 20170509-173333-e98b [/jobs]
socketio: INFO: emitting event "task update" to 20170509-172825-84c5 [/jobs]
socketio: INFO: emitting event "task update" to 20170509-173335-6067 [/jobs]
socketio: INFO: emitting event "task update" to 20170509-172147-4505 [/jobs]
socketio: INFO: emitting event "task update" to 20170509-173337-8532 [/jobs]
socketio: INFO: emitting event "task update" to 20170509-172907-6ffa [/jobs]
socketio: INFO: emitting event "task update" to 20170509-174533-2a57 [/jobs]
socketio: INFO: emitting event "task update" to 20170509-174637-00ca [/jobs]
socketio: INFO: emitting event "task update" to 20170509-172339-dc52 [/jobs]
socketio: INFO: emitting event "task update" to 20170509-172625-e177 [/jobs]
socketio: INFO: emitting event "task update" to 20170509-173316-5f8a [/jobs]
socketio: INFO: emitting event "task update" to 20170509-173318-416e [/jobs]
socketio: INFO: emitting event "task update" to 20170509-173415-8046 [/jobs]
digits.webapp: WARNING: Train Tensorflow Model unrecognized output: INFO:tensorflow:/tmp/tmpX3R8Ve/20170509-174637-00ca/snapshot_1.ckpt is not in all_model_checkpoint_paths. Manually adding it.
socketio: INFO: emitting event "task update" to 20170509-174637-00ca [/jobs]
digits.webapp: WARNING: Train Tensorflow Model unrecognized output: 2017-05-09 17:46:39.920429: I tensorflow/core/kernels/logging_ops.cc:79] scale offset[1][21.226709]
socketio: INFO: emitting event "task update" to 20170509-174637-00ca [/jobs]
socketio: INFO: emitting event "job update" to job_management [/jobs]
digits.webapp: DEBUG: Training (epoch 1.1): loss = 22164.931641, lr = 0.005500
digits.webapp: WARNING: Train Tensorflow Model unrecognized output: 2017-05-09 17:46:39.922775: I tensorflow/core/kernels/logging_ops.cc:79] scale offset[1][21.439611]
digits.webapp: WARNING: Train Tensorflow Model unrecognized output: 2017-05-09 17:46:39.925853: I tensorflow/core/kernels/logging_ops.cc:79] scale offset[1][21.652088]
socketio: INFO: emitting event "task update" to 20170509-174637-00ca [/jobs]
socketio: INFO: emitting event "job update" to job_management [/jobs]
digits.webapp: DEBUG: Training (epoch 1.3): loss = 22031.914062, lr = 0.001000
digits.webapp: WARNING: Train Tensorflow Model unrecognized output: 2017-05-09 17:46:39.928436: I tensorflow/core/kernels/logging_ops.cc:79] scale offset[1][21.86414]
digits.webapp: WARNING: Train Tensorflow Model unrecognized output: 2017-05-09 17:46:39.930533: I tensorflow/core/kernels/logging_ops.cc:79] scale offset[1][22.075768]
socketio: INFO: emitting event "task update" to 20170509-174637-00ca [/jobs]
socketio: INFO: emitting event "job update" to job_management [/jobs]
digits.webapp: DEBUG: Training (epoch 1.6): loss = 21776.068359, lr = 0.001000
digits.webapp: WARNING: Train Tensorflow Model unrecognized output: 2017-05-09 17:46:39.933175: I tensorflow/core/kernels/logging_ops.cc:79] scale offset[1][22.286972]
digits.webapp: WARNING: Train Tensorflow Model unrecognized output: 2017-05-09 17:46:39.936046: I tensorflow/core/kernels/logging_ops.cc:79] scale offset[1][22.497753]
socketio: INFO: emitting event "task update" to 20170509-174637-00ca [/jobs]
socketio: INFO: emitting event "job update" to job_management [/jobs]
digits.webapp: DEBUG: Training (epoch 1.8): loss = 21569.044922, lr = 0.001000
digits.webapp: WARNING: Train Tensorflow Model unrecognized output: 2017-05-09 17:46:39.939083: I tensorflow/core/kernels/logging_ops.cc:79] scale offset[1][22.708113]
digits.webapp: WARNING: Train Tensorflow Model unrecognized output: 2017-05-09 17:46:39.941496: I tensorflow/core/kernels/logging_ops.cc:79] scale offset[1][22.918053]
socketio: INFO: emitting event "task update" to 20170509-174637-00ca [/jobs]
socketio: INFO: emitting event "job update" to job_management [/jobs]
digits.webapp: DEBUG: Training (epoch 2.0): loss = 21659.044922, lr = 0.001000
digits.webapp: WARNING: Train Tensorflow Model unrecognized output: 2017-05-09 17:46:39.943869: I tensorflow/core/kernels/logging_ops.cc:79] scale offset[1][23.127571]
socketio: INFO: emitting event "task update" to 20170509-174637-00ca [/jobs]
digits.webapp: DEBUG: Network validation loss #2.0: 21582.441406
digits.webapp: DEBUG: Validation (epoch 2.0): loss = 21582.441406
digits.webapp: WARNING: Train Tensorflow Model unrecognized output: INFO:tensorflow:/tmp/tmpX3R8Ve/20170509-174637-00ca/snapshot_2.ckpt is not in all_model_checkpoint_paths. Manually adding it.
socketio: INFO: emitting event "task update" to 20170509-174637-00ca [/jobs]
socketio: INFO: emitting event "task update" to 20170509-173027-0946 [/jobs]
socketio: INFO: emitting event "task update" to 20170509-172218-c9c0 [/jobs]
socketio: INFO: emitting event "task update" to 20170509-172328-6826 [/jobs]
socketio: INFO: emitting event "task update" to 20170509-173403-2593 [/jobs]
digits.webapp: WARNING: Train Tensorflow Model unrecognized output: 2017-05-09 17:46:39.963275: I tensorflow/core/kernels/logging_ops.cc:79] scale offset[1][23.127571]
digits.webapp: WARNING: Train Tensorflow Model unrecognized output: 2017-05-09 17:46:39.965405: I tensorflow/core/kernels/logging_ops.cc:79] scale offset[1][23.148481]
socketio: INFO: emitting event "task update" to 20170509-174637-00ca [/jobs]
socketio: INFO: emitting event "job update" to job_management [/jobs]
digits.webapp: DEBUG: Training (epoch 2.2): loss = 21628.921875, lr = 0.000100
digits.webapp: WARNING: Train Tensorflow Model unrecognized output: 2017-05-09 17:46:39.967848: I tensorflow/core/kernels/logging_ops.cc:79] scale offset[1][23.169388]
digits.webapp: WARNING: Train Tensorflow Model unrecognized output: 2017-05-09 17:46:39.970628: I tensorflow/core/kernels/logging_ops.cc:79] scale offset[1][23.190289]
socketio: INFO: emitting event "task update" to 20170509-174637-00ca [/jobs]
socketio: INFO: emitting event "job update" to job_management [/jobs]
digits.webapp: DEBUG: Training (epoch 2.4): loss = 21633.807617, lr = 0.000100
digits.webapp: WARNING: Train Tensorflow Model unrecognized output: 2017-05-09 17:46:39.973762: I tensorflow/core/kernels/logging_ops.cc:79] scale offset[1][23.211185]
digits.webapp: WARNING: Train Tensorflow Model unrecognized output: 2017-05-09 17:46:39.976311: I tensorflow/core/kernels/logging_ops.cc:79] scale offset[1][23.232079]
socketio: INFO: emitting event "task update" to 20170509-174637-00ca [/jobs]
socketio: INFO: emitting event "job update" to job_management [/jobs]
digits.webapp: DEBUG: Training (epoch 2.7): loss = 21433.418945, lr = 0.000100
digits.webapp: WARNING: Train Tensorflow Model unrecognized output: 2017-05-09 17:46:39.978355: I tensorflow/core/kernels/logging_ops.cc:79] scale offset[1][23.252968]
digits.webapp: WARNING: Train Tensorflow Model unrecognized output: 2017-05-09 17:46:39.979372: I tensorflow/core/kernels/logging_ops.cc:79] scale offset[1][23.273853]
socketio: INFO: emitting event "task update" to 20170509-174637-00ca [/jobs]
socketio: INFO: emitting event "job update" to job_management [/jobs]
digits.webapp: DEBUG: Training (epoch 2.9): loss = 21481.029297, lr = 0.000100
digits.webapp: WARNING: Train Tensorflow Model unrecognized output: 2017-05-09 17:46:39.980408: I tensorflow/core/kernels/logging_ops.cc:79] scale offset[1][23.294735]
digits.webapp: WARNING: Train Tensorflow Model unrecognized output: 2017-05-09 17:46:39.981198: I tensorflow/core/kernels/logging_ops.cc:79] scale offset[1][23.315611]
socketio: INFO: emitting event "task update" to 20170509-174637-00ca [/jobs]
socketio: INFO: emitting event "job update" to job_management [/jobs]
socketio: INFO: emitting event "task update" to 20170509-174637-00ca [/jobs]
digits.webapp: DEBUG: Network validation loss #3.0: 21543.162109
digits.webapp: DEBUG: Validation (epoch 3.0): loss = 21543.162109
digits.webapp: WARNING: Train Tensorflow Model unrecognized output: INFO:tensorflow:/tmp/tmpX3R8Ve/20170509-174637-00ca/snapshot_3.ckpt is not in all_model_checkpoint_paths. Manually adding it.
socketio: INFO: emitting event "task update" to 20170509-174637-00ca [/jobs]
digits.webapp: WARNING: Train Tensorflow Model unrecognized output: 2017-05-09 17:46:39.999731: W tensorflow/core/framework/op_kernel.cc:1152] Out of range: PaddingFIFOQueue '_3_train/data/batcher/padding_fifo_queue' is closed and has insufficient elements (requested 10, current size 0)
digits.webapp: WARNING: Train Tensorflow Model unrecognized output: [[Node: train/data/batcher = QueueDequeueUpToV2[component_types=[DT_STRING, DT_FLOAT, DT_FLOAT], timeout_ms=-1, _device="/job:localhost/replica:0/task:0/cpu:0"](train/data/batcher/padding_fifo_queue, train/data/batcher/n)]]
digits.webapp: WARNING: Train Tensorflow Model unrecognized output: 2017-05-09 17:46:39.999738: W tensorflow/core/framework/op_kernel.cc:1152] Out of range: PaddingFIFOQueue '_3_train/data/batcher/padding_fifo_queue' is closed and has insufficient elements (requested 10, current size 0)
digits.webapp: WARNING: Train Tensorflow Model unrecognized output: [[Node: train/data/batcher = QueueDequeueUpToV2[component_types=[DT_STRING, DT_FLOAT, DT_FLOAT], timeout_ms=-1, _device="/job:localhost/replica:0/task:0/cpu:0"](train/data/batcher/padding_fifo_queue, train/data/batcher/n)]]
digits.webapp: WARNING: Train Tensorflow Model unrecognized output: Training wall-time: 0.16637301445
socketio: INFO: emitting event "task update" to 20170509-174313-cb2c [/jobs]
socketio: INFO: emitting event "task update" to 20170509-172344-9606 [/jobs]
socketio: INFO: emitting event "task update" to 20170509-172430-a33c [/jobs]
digits.webapp: INFO: Train Tensorflow Model task completed.
socketio: INFO: emitting event "task update" to 20170509-174637-00ca [/jobs]
socketio: INFO: emitting event "job update" to job_management [/jobs]
socketio: INFO: emitting event "task update" to 20170509-174637-00ca [/jobs]
socketio: INFO: emitting event "job update" to 20170509-174637-00ca [/jobs]
socketio: INFO: emitting event "job update" to job_management [/jobs]
socketio: INFO: emitting event "server update" to job_management [/jobs]
socketio: INFO: emitting event "job update" to job_management [/jobs]
socketio: INFO: emitting event "job update" to 20170509-174637-00ca [/jobs]
socketio: INFO: emitting event "job update" to job_management [/jobs]
digits: INFO: Job complete.
socketio: INFO: emitting event "task update" to 20170509-172605-0fd8 [/jobs]
socketio: INFO: emitting event "task update" to 20170509-172706-cfe6 [/jobs]
socketio: INFO: emitting event "task update" to 20170509-173209-48ad [/jobs]
socketio: INFO: emitting event "task update" to 20170509-173320-66e3 [/jobs]
socketio: INFO: emitting event "task update" to 20170509-172927-67d2 [/jobs]
socketio: INFO: emitting event "task update" to 20170509-173515-e8bf [/jobs]
socketio: INFO: emitting event "task update" to 20170509-172524-d7c0 [/jobs]
socketio: INFO: emitting event "task update" to 20170509-172419-2d22 [/jobs]
socketio: INFO: emitting event "task update" to 20170509-172337-f1aa [/jobs]
socketio: INFO: emitting event "task update" to 20170509-173228-acad [/jobs]
socketio: INFO: emitting event "task update" to 20170509-172350-6fcd [/jobs]
socketio: INFO: emitting event "task update" to 20170509-173357-1ed1 [/jobs]
socketio: INFO: emitting event "task update" to 20170509-172259-8252 [/jobs]
socketio: INFO: emitting event "task update" to 20170509-173322-0807 [/jobs]
socketio: INFO: emitting event "task update" to 20170509-172114-d063 [/jobs]
socketio: INFO: emitting event "task update" to 20170509-172323-89b4 [/jobs]
socketio: INFO: emitting event "task update" to 20170509-174411-45b4 [/jobs]
socketio: INFO: emitting event "task update" to 20170509-173300-0377 [/jobs]
socketio: INFO: emitting event "task update" to 20170509-173245-3417 [/jobs]
socketio: INFO: emitting event "task update" to 20170509-173324-49b0 [/jobs]
socketio: INFO: emitting event "task update" to 20170509-172342-e0ef [/jobs]
socketio: INFO: emitting event "task update" to 20170509-173108-a6ff [/jobs]
socketio: INFO: emitting event "task update" to 20170509-172725-6a13 [/jobs]
socketio: INFO: emitting event "task update" to 20170509-172806-b5bc [/jobs]
socketio: INFO: emitting event "task update" to 20170509-172227-0156 [/jobs]
socketio: INFO: emitting event "task update" to 20170509-174451-4b24 [/jobs]
socketio: INFO: emitting event "task update" to 20170509-172334-9d18 [/jobs]
socketio: INFO: emitting event "task update" to 20170509-173128-33ce [/jobs]
socketio: INFO: emitting event "task update" to 20170509-174604-6d86 [/jobs]
--------------------- >> end captured logging << ---------------------

======================================================================
FAIL: digits.model.images.generic.test_views.TestTensorflowCreatedWithImageProcessingExtensionMeanPixel.test_download('zip',)
----------------------------------------------------------------------
Traceback (most recent call last):
  File "/home/ethan/.local/lib/python2.7/site-packages/nose/case.py", line 197, in runTest
    self.test(*self.arg)
  File "/home/ethan/digits_GAN/digits/model/images/generic/test_views.py", line 544, in check_download
    assert rv.status_code == 200, 'download "%s" failed with %s' % (url, rv.status_code)
AssertionError: download "/models/20170509-174637-00ca/download.zip" failed with 500

======================================================================
FAIL: digits.model.images.generic.test_views.TestTensorflowCreatedWithImageProcessingExtensionMeanPixel.test_download('tar.gz',)
----------------------------------------------------------------------
Traceback (most recent call last):
  File "/home/ethan/.local/lib/python2.7/site-packages/nose/case.py", line 197, in runTest
    self.test(*self.arg)
  File "/home/ethan/digits_GAN/digits/model/images/generic/test_views.py", line 544, in check_download
    assert rv.status_code == 200, 'download "%s" failed with %s' % (url, rv.status_code)
AssertionError: download "/models/20170509-174637-00ca/download.tar.gz" failed with 500

======================================================================
FAIL: digits.model.images.generic.test_views.TestTensorflowCreatedWithImageProcessingExtensionMeanPixel.test_download('tar.bz2',)
----------------------------------------------------------------------
Traceback (most recent call last):
  File "/home/ethan/.local/lib/python2.7/site-packages/nose/case.py", line 197, in runTest
    self.test(*self.arg)
  File "/home/ethan/digits_GAN/digits/model/images/generic/test_views.py", line 544, in check_download
    assert rv.status_code == 200, 'download "%s" failed with %s' % (url, rv.status_code)
AssertionError: download "/models/20170509-174637-00ca/download.tar.bz2" failed with 500

======================================================================
FAIL: digits.model.images.generic.test_views.TestTensorflowCreatedWithImageProcessingExtensionMeanPixel.test_infer_db
----------------------------------------------------------------------
Traceback (most recent call last):
  File "/home/ethan/.local/lib/python2.7/site-packages/nose/case.py", line 197, in runTest
    self.test(*self.arg)
  File "/home/ethan/digits_GAN/digits/model/images/generic/test_views.py", line 876, in test_infer_db
    super(BaseTestCreatedWithImageProcessingExtension, self).test_infer_db()
  File "/home/ethan/digits_GAN/digits/model/images/generic/test_views.py", line 639, in test_infer_db
    assert rv.status_code == 200, 'POST failed with %s\n\n%s' % (rv.status_code, body)
AssertionError: POST failed with 500

[<body>\n<div class="navbar navbar-inverse navbar-fixed-top">\n<div class="container">\n<div class="navbar-header">\n<a class="navbar-brand" href="/">DIGITS</a>\n</div>\n<ul class="nav navbar-nav">\n<li><a href="/models/20170509-174637-00ca">test_model</a></li>\n<li class="active"><a>Test Many</a></li>\n</ul>\n<ul class="nav navbar-nav navbar-right">\n<li>\n<p class="navbar-text">\n            digits-testsuite (<a class="navbar-link" href="/logout">Logout</a>)\n            </p>\n</li>\n<li class="dropdown">\n<a class="dropdown-toggle" data-toggle="dropdown" href="#">Info<span class="caret"></span></a>\n<ul class="dropdown-menu navbar-inverse">\n<li><span class="navbar-text">Server: ethan-computer</span></li>\n<li><span class="navbar-text">DIGITS version: <br> 5.1-dev</br></span></li>\n<li><span class="navbar-text">Caffe version: <br> 0.15.13</br></span></li>\n<li><span class="navbar-text">Caffe flavor: <br> NVIDIA</br></span></li>\n</ul>\n</li>\n<li class="dropdown">\n<a class="dropdown-toggle" data-toggle="dropdown" href="#">About<span class="caret"></span></a>\n<ul class="dropdown-menu about-menu navbar-inverse">\n<li><span class="navbar-text"><a href="https://developer.nvidia.com/digits" target="_blank">\n                        DIGITS on developer.nvidia.com\n                    </a></span></li>\n<li><span class="navbar-text"><a href="https://github.com/NVIDIA/DIGITS" target="_blank">\n                        DIGITS on GitHub\n                    </a></span></li>\n<li><span class="navbar-text"><a href="https://groups.google.com/d/forum/digits-users" target="_blank">\n                        DIGITS user group\n                    </a></span></li>\n<li><span class="navbar-text"><a href="mailto:digits@nvidia.com">\n                        digits@nvidia.com\n                    </a></span></li>\n</ul>\n</li>\n</ul>\n</div>\n</div>\n<div class="container">\n<div class="jumbotron">\n<div class="container">\n<div class="row">\n<div class="col-sm-12" id="show-job-name">\n<h2 style="display:inline;">Infer Many Images</h2>\n</div>\n<div class="col-sm-4" id="edit-job-name" style="display:none;">\n<script>\nfunction updateJobName() {\n    var newName = $("input[name=job-name]").val();\n    $.ajax("/jobs/20170509-174640-e8fa",\n            {\n                type: "PUT",\n                data: {"job_name": newName}\n                }\n          )\n    .done(function() {\n            $("#show-job-name h2").html(newName);\n            $('#edit-job-name').hide(); $('#show-job-name').show();\n            })\n    .fail(function(data) { errorAlert(data); });\n    return false;\n}\n                </script>\n<input class="form-control" name="job-name" value="Infer Many Images"/>\n<a class="btn btn-primary" href="#" onclick="return updateJobName();">Update</a>\n<a class="btn btn-info" href="#" onclick="$('#edit-job-name').hide(); $('#show-job-name').show(); return false;">Cancel</a>\n</div>\n</div>\n<small>Owner: digits-testsuite</small>\n<div class="pull-right">\n<a class="btn btn-info" disabled="" id="clone-job">Clone Job</a>\n<a class="btn btn-warning hidden disabled" id="abort-job">Abort Job</a>\n<a class="btn btn-danger disabled" id="delete-job">Delete Job</a>\n</div>\n</div>\n<script>\n$('#abort-job').on('click', function(event) {\n        event.preventDefault();\n        bootbox.confirm(\n            'Are you sure you want to abort this job?',\n            function(result) {\n                if (result)\n                    $.ajax("/jobs/20170509-174640-e8fa/abort",\n                        {type: "POST"})\n                    .done(function() {\n                        $("#abort-job").hide();\n                        })\n                    .fail(function(data) { errorAlert(data); });\n            });\n        });\n\n$('#delete-job').on('click', function(event) {\n        event.preventDefault();\n        bootbox.confirm(\n            'Are you sure you want to delete this job?<br><br>All related files will be permanently removed.',\n            function(result) {\n                if (result)\n                    $.ajax("/jobs/20170509-174640-e8fa",\n                        {type: "DELETE"})\n                    .done(function() {\n                        window.location = "/";\n                        })\n                    .fail(function(data) { errorAlert(data); });\n            });\n        });\n    </script>\n</div>\n<div class="row">\n<!-- Job content -->\n<div class="col-sm-8">\n<div class="page-header">\n<h1>\n        test_model\n        <small>\n            Image Inference\n        </small>\n</h1>\n</div>\n<div class="alert alert-danger">\n<p>Inference failed, see job log</p>\n</div>\n</div>\n<!-- Tasks -->\n<div class="col-sm-4">\n<div class="panel-group">\n<div class="panel panel-danger" id="job-statuses">\n<div class="panel-heading">\n<h4 class="panel-title">\n                    Job Status\n                    <small>Error</small>\n</h4>\n</div>\n<div class="panel-collapse">\n<div class="panel-body">\n<div class="job-statuses">\n<ul>\n<li>\n<span class="text-warning">Initialized</span>\n        at 05:46:40 PM\n            <small>(0 seconds)</small>\n</li>\n<li>\n<span class="text-info">Running</span>\n        at 05:46:40 PM\n            <small>(2 seconds)</small>\n</li>\n<li>\n<span class="text-danger">Error</span>\n        at 05:46:43 PM\n            <br>\n<small>(Total - 2 seconds)</small>\n</br></li>\n</ul>\n</div>\n<div class="panel-group">\n<div class="panel panel-danger" id="task-140099413946832-status">\n<div class="panel-heading">\n<h4 class="panel-title">\n<a data-toggle="collapse" href="#task-140099413946832-status-collapse">\n                                            Infer Model\n                                            <small>Error</small>\n<span class="caret"></span>\n</a>\n</h4>\n</div>\n<div class="panel-collapse collapse in" id="task-140099413946832-status-collapse">\n<div class="panel-body">\n<div class="task-progress" style="display:none;">\n<div class="progress">\n<div class="progress-bar" style="width:0%">\n                                                    0%\n                                                </div>\n</div>\n                                            Estimated time remaining: <span class="task-eta">?</span>\n<br/>\n<br/>\n</div>\n<div class="task-statuses">\n<ul>\n<li>\n<span class="text-warning">Initialized</span>\n        at 05:46:40 PM\n            <small>(0 seconds)</small>\n</li>\n<li>\n<span class="text-info">Running</span>\n        at 05:46:40 PM\n            <small>(2 seconds)</small>\n</li>\n<li>\n<span class="text-danger">Error</span>\n        at 05:46:43 PM\n            <br>\n<small>(Total - 2 seconds)</small>\n</br></li>\n</ul>\n<h4 class="text-danger">ERROR: error code 1</h4>\n<pre>\nWARNING: log_file config option not found - no log file is being saved\n2017-05-09 17:46:43 [ERROR] InferenceError: Unable to find snapshot for epoch=-1.0\nTraceback (most recent call last):\nFile "/home/ethan/digits_GAN/digits/tools/inference.py", line 293, in &lt;module&gt;\nargs['resize']\nFile "/home/ethan/digits_GAN/digits/tools/inference.py", line 79, in infer\nraise InferenceError("Unable to find snapshot for epoch=%s" % repr(epoch))\ndigits.inference.errors.InferenceError: 'Unable to find snapshot for epoch=-1.0'\n        </pre>\n</div>\n</div>\n</div>\n</div>\n</div>\n</div>\n</div>\n</div>\n</div>\n<div class="gpu-utilization-info" style="display:none;"></div>\n<!-- Related jobs -->\n<div class="panel panel-default" id="notes-information">\n<div class="panel-heading">\n<h4>Notes</h4>\n</div>\n<div class="panel-body">\n<div class="col-sm-12" id="show-job-notes">\n<p style="display:inline;">None</p>\n</div>\n<div class="col-sm-12" id="edit-job-notes" style="display:none;">\n<script type="text/javascript">\n                        function updateJobNotes() {\n                        var newNotes = $("textarea[name=job-notes]").val();\n                        $.ajax("/jobs/20170509-174640-e8fa",\n                                {\n                                    type: "PUT",\n                                    data: {"job_notes": newNotes}\n                                    }\n                              )\n                        .done(function() {\n                                $("#show-job-notes p").html(newNotes);\n                                $('#edit-job-notes').hide(); $('#show-job-notes').show();\n                                })\n                        .fail(function(data) { errorAlert(data); });\n                        return false;\n                    }\n                    </script>\n<textarea class="form-control" name="job-notes" placeholder="Enter notes" rows="5"></textarea>\n<a class="btn btn-primary" href="#" onclick="return updateJobNotes();">Update</a>\n<a class="btn btn-info" href="#" onclick="$('#edit-job-notes').hide(); $('#show-job-notes').show(); return false;">Cancel</a>\n</div>\n</div>\n</div>\n</div>\n</div>\n<div class="row">\n</div>\n</div>\n<script>\n$SCRIPT_ROOT = "";\n\n$(".explanation-tooltip").tooltip();\n\nwindow.onload = function () {\n    $('.autocomplete_path').autocomplete({\n       serviceUrl: '/autocomplete/path',\n       formatResult: function (suggestion, currentValue)\n       {\n            function baseName(str)\n            {\n               var base = new String(str).substring(str.lastIndexOf('/') + 1);\n               return base;\n            }\n            return baseName(suggestion.value);\n        },\n        minChars: 0\n    });\n    $(".autocomplete_path").removeAttr("autocomplete");\n};\n\n</script>\n<style>\n .about-menu {\n     width: 240px !important;\n }\n .brightness {\n     display: inline-block;\n }\n .brightness img:hover {\n     opacity: .75;\n }\n</style>\n</body>]
-------------------- >> begin captured logging << --------------------
socketio: INFO: emitting event "job update" to job_management [/jobs]
socketio: INFO: emitting event "job update" to 20170509-174640-e8fa [/jobs]
socketio: INFO: emitting event "job update" to job_management [/jobs]
socketio: INFO: emitting event "server update" to job_management [/jobs]
socketio: INFO: emitting event "server update" to job_management [/jobs]
digits.webapp: INFO: Infer Model task started.
socketio: INFO: emitting event "task update" to 20170509-174640-e8fa [/jobs]
socketio: INFO: emitting event "job update" to 20170509-174640-e8fa [/jobs]
socketio: INFO: emitting event "job update" to job_management [/jobs]
digits.webapp: INFO: Task subprocess args: "/usr/bin/python2 /home/ethan/digits_GAN/digits/tools/inference.py /tmp/tmpX3R8Ve/20170509-174631-2c16/val_db/features /tmp/tmpX3R8Ve/20170509-174640-e8fa 20170509-174637-00ca --jobs_dir=/tmp/tmpX3R8Ve --layers=none --gpu=0 --db"
socketio: INFO: emitting event "task update" to 20170509-172347-b92a [/jobs]
socketio: INFO: emitting event "task update" to 20170509-173326-3e6f [/jobs]
socketio: INFO: emitting event "task update" to 20170509-172315-d38b [/jobs]
socketio: INFO: emitting event "task update" to 20170509-174340-86bb [/jobs]
socketio: INFO: emitting event "task update" to 20170509-172516-8f4b [/jobs]
socketio: INFO: emitting event "task update" to 20170509-172352-bfdd [/jobs]
socketio: INFO: emitting event "task update" to 20170509-172412-e6f0 [/jobs]
socketio: INFO: emitting event "task update" to 20170509-173329-1cea [/jobs]
socketio: INFO: emitting event "task update" to 20170509-173229-c795 [/jobs]
socketio: INFO: emitting event "task update" to 20170509-172202-9230 [/jobs]
socketio: INFO: emitting event "task update" to 20170509-173331-d237 [/jobs]
socketio: INFO: emitting event "task update" to 20170509-172317-7da8 [/jobs]
socketio: INFO: emitting event "task update" to 20170509-173008-ee07 [/jobs]
socketio: INFO: emitting event "task update" to 20170509-172210-1907 [/jobs]
socketio: INFO: emitting event "task update" to 20170509-173333-e98b [/jobs]
socketio: INFO: emitting event "task update" to 20170509-172825-84c5 [/jobs]
socketio: INFO: emitting event "task update" to 20170509-173335-6067 [/jobs]
socketio: INFO: emitting event "task update" to 20170509-172147-4505 [/jobs]
socketio: INFO: emitting event "task update" to 20170509-173337-8532 [/jobs]
socketio: INFO: emitting event "task update" to 20170509-172907-6ffa [/jobs]
socketio: INFO: emitting event "task update" to 20170509-174533-2a57 [/jobs]
socketio: INFO: emitting event "task update" to 20170509-174637-00ca [/jobs]
socketio: INFO: emitting event "task update" to 20170509-172339-dc52 [/jobs]
socketio: INFO: emitting event "task update" to 20170509-172625-e177 [/jobs]
socketio: INFO: emitting event "task update" to 20170509-173316-5f8a [/jobs]
socketio: INFO: emitting event "task update" to 20170509-173318-416e [/jobs]
socketio: INFO: emitting event "task update" to 20170509-173415-8046 [/jobs]
socketio: INFO: emitting event "task update" to 20170509-173027-0946 [/jobs]
socketio: INFO: emitting event "task update" to 20170509-172218-c9c0 [/jobs]
socketio: INFO: emitting event "task update" to 20170509-172328-6826 [/jobs]
socketio: INFO: emitting event "task update" to 20170509-173403-2593 [/jobs]
socketio: INFO: emitting event "task update" to 20170509-174313-cb2c [/jobs]
socketio: INFO: emitting event "task update" to 20170509-172344-9606 [/jobs]
socketio: INFO: emitting event "task update" to 20170509-172430-a33c [/jobs]
socketio: INFO: emitting event "task update" to 20170509-172605-0fd8 [/jobs]
socketio: INFO: emitting event "task update" to 20170509-172706-cfe6 [/jobs]
socketio: INFO: emitting event "task update" to 20170509-173209-48ad [/jobs]
socketio: INFO: emitting event "task update" to 20170509-173320-66e3 [/jobs]
socketio: INFO: emitting event "task update" to 20170509-172927-67d2 [/jobs]
socketio: INFO: emitting event "task update" to 20170509-173515-e8bf [/jobs]
socketio: INFO: emitting event "task update" to 20170509-172524-d7c0 [/jobs]
socketio: INFO: emitting event "task update" to 20170509-172419-2d22 [/jobs]
socketio: INFO: emitting event "task update" to 20170509-172337-f1aa [/jobs]
socketio: INFO: emitting event "task update" to 20170509-173228-acad [/jobs]
socketio: INFO: emitting event "task update" to 20170509-172350-6fcd [/jobs]
socketio: INFO: emitting event "task update" to 20170509-173357-1ed1 [/jobs]
socketio: INFO: emitting event "task update" to 20170509-172259-8252 [/jobs]
socketio: INFO: emitting event "task update" to 20170509-173322-0807 [/jobs]
socketio: INFO: emitting event "task update" to 20170509-172114-d063 [/jobs]
socketio: INFO: emitting event "task update" to 20170509-172323-89b4 [/jobs]
socketio: INFO: emitting event "task update" to 20170509-174411-45b4 [/jobs]
socketio: INFO: emitting event "task update" to 20170509-173300-0377 [/jobs]
socketio: INFO: emitting event "task update" to 20170509-173245-3417 [/jobs]
socketio: INFO: emitting event "task update" to 20170509-173324-49b0 [/jobs]
socketio: INFO: emitting event "task update" to 20170509-172342-e0ef [/jobs]
socketio: INFO: emitting event "task update" to 20170509-173108-a6ff [/jobs]
socketio: INFO: emitting event "task update" to 20170509-172725-6a13 [/jobs]
socketio: INFO: emitting event "task update" to 20170509-172806-b5bc [/jobs]
socketio: INFO: emitting event "task update" to 20170509-172227-0156 [/jobs]
socketio: INFO: emitting event "task update" to 20170509-174451-4b24 [/jobs]
socketio: INFO: emitting event "task update" to 20170509-172334-9d18 [/jobs]
socketio: INFO: emitting event "task update" to 20170509-173128-33ce [/jobs]
socketio: INFO: emitting event "task update" to 20170509-174604-6d86 [/jobs]
socketio: INFO: emitting event "task update" to 20170509-172347-b92a [/jobs]
socketio: INFO: emitting event "task update" to 20170509-173326-3e6f [/jobs]
socketio: INFO: emitting event "task update" to 20170509-172315-d38b [/jobs]
socketio: INFO: emitting event "task update" to 20170509-174340-86bb [/jobs]
socketio: INFO: emitting event "task update" to 20170509-172516-8f4b [/jobs]
socketio: INFO: emitting event "task update" to 20170509-172352-bfdd [/jobs]
socketio: INFO: emitting event "task update" to 20170509-172412-e6f0 [/jobs]
socketio: INFO: emitting event "task update" to 20170509-173329-1cea [/jobs]
socketio: INFO: emitting event "task update" to 20170509-173229-c795 [/jobs]
socketio: INFO: emitting event "task update" to 20170509-172202-9230 [/jobs]
socketio: INFO: emitting event "task update" to 20170509-173331-d237 [/jobs]
socketio: INFO: emitting event "task update" to 20170509-172317-7da8 [/jobs]
socketio: INFO: emitting event "task update" to 20170509-173008-ee07 [/jobs]
socketio: INFO: emitting event "task update" to 20170509-172210-1907 [/jobs]
socketio: INFO: emitting event "task update" to 20170509-173333-e98b [/jobs]
socketio: INFO: emitting event "task update" to 20170509-172825-84c5 [/jobs]
socketio: INFO: emitting event "task update" to 20170509-173335-6067 [/jobs]
socketio: INFO: emitting event "task update" to 20170509-172147-4505 [/jobs]
socketio: INFO: emitting event "task update" to 20170509-173337-8532 [/jobs]
socketio: INFO: emitting event "task update" to 20170509-172907-6ffa [/jobs]
socketio: INFO: emitting event "task update" to 20170509-174533-2a57 [/jobs]
socketio: INFO: emitting event "task update" to 20170509-174637-00ca [/jobs]
socketio: INFO: emitting event "task update" to 20170509-172339-dc52 [/jobs]
socketio: INFO: emitting event "task update" to 20170509-172625-e177 [/jobs]
socketio: INFO: emitting event "task update" to 20170509-173316-5f8a [/jobs]
socketio: INFO: emitting event "task update" to 20170509-173318-416e [/jobs]
socketio: INFO: emitting event "task update" to 20170509-173415-8046 [/jobs]
socketio: INFO: emitting event "task update" to 20170509-173027-0946 [/jobs]
socketio: INFO: emitting event "task update" to 20170509-172218-c9c0 [/jobs]
socketio: INFO: emitting event "task update" to 20170509-172328-6826 [/jobs]
socketio: INFO: emitting event "task update" to 20170509-173403-2593 [/jobs]
socketio: INFO: emitting event "task update" to 20170509-174313-cb2c [/jobs]
socketio: INFO: emitting event "task update" to 20170509-172344-9606 [/jobs]
socketio: INFO: emitting event "task update" to 20170509-172430-a33c [/jobs]
socketio: INFO: emitting event "task update" to 20170509-172605-0fd8 [/jobs]
socketio: INFO: emitting event "task update" to 20170509-172706-cfe6 [/jobs]
socketio: INFO: emitting event "task update" to 20170509-173209-48ad [/jobs]
socketio: INFO: emitting event "task update" to 20170509-173320-66e3 [/jobs]
socketio: INFO: emitting event "task update" to 20170509-172927-67d2 [/jobs]
socketio: INFO: emitting event "task update" to 20170509-173515-e8bf [/jobs]
socketio: INFO: emitting event "task update" to 20170509-172524-d7c0 [/jobs]
socketio: INFO: emitting event "task update" to 20170509-172419-2d22 [/jobs]
socketio: INFO: emitting event "task update" to 20170509-172337-f1aa [/jobs]
socketio: INFO: emitting event "task update" to 20170509-173228-acad [/jobs]
socketio: INFO: emitting event "task update" to 20170509-172350-6fcd [/jobs]
socketio: INFO: emitting event "task update" to 20170509-173357-1ed1 [/jobs]
socketio: INFO: emitting event "task update" to 20170509-172259-8252 [/jobs]
socketio: INFO: emitting event "task update" to 20170509-173322-0807 [/jobs]
socketio: INFO: emitting event "task update" to 20170509-172114-d063 [/jobs]
socketio: INFO: emitting event "task update" to 20170509-172323-89b4 [/jobs]
socketio: INFO: emitting event "task update" to 20170509-174411-45b4 [/jobs]
socketio: INFO: emitting event "task update" to 20170509-173300-0377 [/jobs]
socketio: INFO: emitting event "task update" to 20170509-173245-3417 [/jobs]
socketio: INFO: emitting event "task update" to 20170509-173324-49b0 [/jobs]
socketio: INFO: emitting event "task update" to 20170509-172342-e0ef [/jobs]
socketio: INFO: emitting event "task update" to 20170509-173108-a6ff [/jobs]
socketio: INFO: emitting event "task update" to 20170509-172725-6a13 [/jobs]
socketio: INFO: emitting event "task update" to 20170509-172806-b5bc [/jobs]
socketio: INFO: emitting event "task update" to 20170509-172227-0156 [/jobs]
socketio: INFO: emitting event "task update" to 20170509-174451-4b24 [/jobs]
socketio: INFO: emitting event "task update" to 20170509-172334-9d18 [/jobs]
socketio: INFO: emitting event "task update" to 20170509-173128-33ce [/jobs]
socketio: INFO: emitting event "task update" to 20170509-174604-6d86 [/jobs]
socketio: INFO: emitting event "task update" to 20170509-172347-b92a [/jobs]
socketio: INFO: emitting event "task update" to 20170509-173326-3e6f [/jobs]
socketio: INFO: emitting event "task update" to 20170509-172315-d38b [/jobs]
socketio: INFO: emitting event "task update" to 20170509-174340-86bb [/jobs]
socketio: INFO: emitting event "task update" to 20170509-172516-8f4b [/jobs]
socketio: INFO: emitting event "task update" to 20170509-172352-bfdd [/jobs]
socketio: INFO: emitting event "task update" to 20170509-172412-e6f0 [/jobs]
socketio: INFO: emitting event "task update" to 20170509-173329-1cea [/jobs]
socketio: INFO: emitting event "task update" to 20170509-173229-c795 [/jobs]
socketio: INFO: emitting event "task update" to 20170509-172202-9230 [/jobs]
socketio: INFO: emitting event "task update" to 20170509-173331-d237 [/jobs]
socketio: INFO: emitting event "task update" to 20170509-172317-7da8 [/jobs]
socketio: INFO: emitting event "task update" to 20170509-173008-ee07 [/jobs]
socketio: INFO: emitting event "task update" to 20170509-172210-1907 [/jobs]
socketio: INFO: emitting event "task update" to 20170509-173333-e98b [/jobs]
socketio: INFO: emitting event "task update" to 20170509-172825-84c5 [/jobs]
socketio: INFO: emitting event "task update" to 20170509-173335-6067 [/jobs]
socketio: INFO: emitting event "task update" to 20170509-172147-4505 [/jobs]
socketio: INFO: emitting event "task update" to 20170509-173337-8532 [/jobs]
socketio: INFO: emitting event "task update" to 20170509-172907-6ffa [/jobs]
socketio: INFO: emitting event "task update" to 20170509-174533-2a57 [/jobs]
socketio: INFO: emitting event "task update" to 20170509-174637-00ca [/jobs]
socketio: INFO: emitting event "task update" to 20170509-172339-dc52 [/jobs]
socketio: INFO: emitting event "task update" to 20170509-172625-e177 [/jobs]
socketio: INFO: emitting event "task update" to 20170509-173316-5f8a [/jobs]
socketio: INFO: emitting event "task update" to 20170509-173318-416e [/jobs]
socketio: INFO: emitting event "task update" to 20170509-173415-8046 [/jobs]
socketio: INFO: emitting event "task update" to 20170509-173027-0946 [/jobs]
socketio: INFO: emitting event "task update" to 20170509-172218-c9c0 [/jobs]
socketio: INFO: emitting event "task update" to 20170509-172328-6826 [/jobs]
socketio: INFO: emitting event "task update" to 20170509-173403-2593 [/jobs]
socketio: INFO: emitting event "task update" to 20170509-174313-cb2c [/jobs]
socketio: INFO: emitting event "task update" to 20170509-172344-9606 [/jobs]
socketio: INFO: emitting event "task update" to 20170509-172430-a33c [/jobs]
socketio: INFO: emitting event "task update" to 20170509-172605-0fd8 [/jobs]
digits.webapp: WARNING: Infer Model unrecognized output: WARNING: log_file config option not found - no log file is being saved
digits.webapp: WARNING: Infer Model unrecognized output: 2017-05-09 17:46:43 [ERROR] InferenceError: Unable to find snapshot for epoch=-1.0
digits.webapp: WARNING: Infer Model unrecognized output: Traceback (most recent call last):
digits.webapp: WARNING: Infer Model unrecognized output: File "/home/ethan/digits_GAN/digits/tools/inference.py", line 293, in <module>
digits.webapp: WARNING: Infer Model unrecognized output: args['resize']
digits.webapp: WARNING: Infer Model unrecognized output: File "/home/ethan/digits_GAN/digits/tools/inference.py", line 79, in infer
digits.webapp: WARNING: Infer Model unrecognized output: raise InferenceError("Unable to find snapshot for epoch=%s" % repr(epoch))
digits.webapp: WARNING: Infer Model unrecognized output: digits.inference.errors.InferenceError: 'Unable to find snapshot for epoch=-1.0'
socketio: INFO: emitting event "task update" to 20170509-172706-cfe6 [/jobs]
socketio: INFO: emitting event "task update" to 20170509-173209-48ad [/jobs]
socketio: INFO: emitting event "task update" to 20170509-173320-66e3 [/jobs]
socketio: INFO: emitting event "task update" to 20170509-172927-67d2 [/jobs]
socketio: INFO: emitting event "task update" to 20170509-173515-e8bf [/jobs]
socketio: INFO: emitting event "task update" to 20170509-172524-d7c0 [/jobs]
socketio: INFO: emitting event "task update" to 20170509-172419-2d22 [/jobs]
socketio: INFO: emitting event "task update" to 20170509-172337-f1aa [/jobs]
socketio: INFO: emitting event "task update" to 20170509-173228-acad [/jobs]
socketio: INFO: emitting event "task update" to 20170509-172350-6fcd [/jobs]
socketio: INFO: emitting event "task update" to 20170509-173357-1ed1 [/jobs]
socketio: INFO: emitting event "task update" to 20170509-172259-8252 [/jobs]
socketio: INFO: emitting event "task update" to 20170509-173322-0807 [/jobs]
socketio: INFO: emitting event "task update" to 20170509-172114-d063 [/jobs]
socketio: INFO: emitting event "task update" to 20170509-172323-89b4 [/jobs]
socketio: INFO: emitting event "task update" to 20170509-174411-45b4 [/jobs]
socketio: INFO: emitting event "task update" to 20170509-173300-0377 [/jobs]
socketio: INFO: emitting event "task update" to 20170509-173245-3417 [/jobs]
socketio: INFO: emitting event "task update" to 20170509-173324-49b0 [/jobs]
socketio: INFO: emitting event "task update" to 20170509-172342-e0ef [/jobs]
socketio: INFO: emitting event "task update" to 20170509-173108-a6ff [/jobs]
socketio: INFO: emitting event "task update" to 20170509-172725-6a13 [/jobs]
socketio: INFO: emitting event "task update" to 20170509-172806-b5bc [/jobs]
socketio: INFO: emitting event "task update" to 20170509-172227-0156 [/jobs]
socketio: INFO: emitting event "task update" to 20170509-174451-4b24 [/jobs]
socketio: INFO: emitting event "task update" to 20170509-172334-9d18 [/jobs]
socketio: INFO: emitting event "task update" to 20170509-173128-33ce [/jobs]
socketio: INFO: emitting event "task update" to 20170509-174604-6d86 [/jobs]
digits.webapp: ERROR: Infer Model task failed with error code 1
socketio: INFO: emitting event "task update" to 20170509-174640-e8fa [/jobs]
socketio: INFO: emitting event "job update" to 20170509-174640-e8fa [/jobs]
socketio: INFO: emitting event "job update" to job_management [/jobs]
socketio: INFO: emitting event "server update" to job_management [/jobs]
socketio: INFO: emitting event "server update" to job_management [/jobs]
socketio: INFO: emitting event "job update" to 20170509-174640-e8fa [/jobs]
socketio: INFO: emitting event "job update" to job_management [/jobs]
digits: INFO: Job deleted.
socketio: INFO: emitting event "job update" to job_management [/jobs]
--------------------- >> end captured logging << ---------------------

======================================================================
FAIL: digits.model.images.generic.test_views.TestTensorflowCreatedWithImageProcessingExtensionMeanPixel.test_infer_db_json
----------------------------------------------------------------------
Traceback (most recent call last):
  File "/home/ethan/.local/lib/python2.7/site-packages/nose/case.py", line 197, in runTest
    self.test(*self.arg)
  File "/home/ethan/digits_GAN/digits/model/images/generic/test_views.py", line 881, in test_infer_db_json
    super(BaseTestCreatedWithImageProcessingExtension, self).test_infer_db_json()
  File "/home/ethan/digits_GAN/digits/model/images/generic/test_views.py", line 686, in test_infer_db_json
    assert rv.status_code == 200, 'POST failed with %s\n\n%s' % (rv.status_code, rv.data)
AssertionError: POST failed with 500

{
  "error": {
    "message": "'NoneType' object is not iterable",
    "trace": [
      "Traceback (most recent call last):",
      "  File \"/usr/lib/python2.7/dist-packages/flask/app.py\", line 1475, in full_dispatch_request",
      "    rv = self.dispatch_request()",
      "  File \"/usr/lib/python2.7/dist-packages/flask/app.py\", line 1461, in dispatch_request",
      "    return self.view_functions[rule.endpoint](**req.view_args)",
      "  File \"/home/ethan/digits_GAN/digits/webapp.py\", line 81, in decorated",
      "    return f(*args, **kwargs)",
      "  File \"/home/ethan/digits_GAN/digits/model/images/generic/views.py\", line 600, in infer_db",
      "    for i, key in enumerate(keys):",
      "TypeError: 'NoneType' object is not iterable",
      ""
    ],
    "type": "TypeError"
  }
}
-------------------- >> begin captured logging << --------------------
socketio: INFO: emitting event "job update" to job_management [/jobs]
socketio: INFO: emitting event "job update" to 20170509-174643-c6d8 [/jobs]
socketio: INFO: emitting event "job update" to job_management [/jobs]
socketio: INFO: emitting event "server update" to job_management [/jobs]
socketio: INFO: emitting event "server update" to job_management [/jobs]
digits.webapp: INFO: Infer Model task started.
socketio: INFO: emitting event "task update" to 20170509-174643-c6d8 [/jobs]
socketio: INFO: emitting event "job update" to 20170509-174643-c6d8 [/jobs]
socketio: INFO: emitting event "job update" to job_management [/jobs]
digits.webapp: INFO: Task subprocess args: "/usr/bin/python2 /home/ethan/digits_GAN/digits/tools/inference.py /tmp/tmpX3R8Ve/20170509-174631-2c16/val_db/features /tmp/tmpX3R8Ve/20170509-174643-c6d8 20170509-174637-00ca --jobs_dir=/tmp/tmpX3R8Ve --layers=none --gpu=0 --db"
socketio: INFO: emitting event "task update" to 20170509-172347-b92a [/jobs]
socketio: INFO: emitting event "task update" to 20170509-173326-3e6f [/jobs]
socketio: INFO: emitting event "task update" to 20170509-172315-d38b [/jobs]
socketio: INFO: emitting event "task update" to 20170509-174340-86bb [/jobs]
socketio: INFO: emitting event "task update" to 20170509-172516-8f4b [/jobs]
socketio: INFO: emitting event "task update" to 20170509-172352-bfdd [/jobs]
socketio: INFO: emitting event "task update" to 20170509-172412-e6f0 [/jobs]
socketio: INFO: emitting event "task update" to 20170509-173329-1cea [/jobs]
socketio: INFO: emitting event "task update" to 20170509-173229-c795 [/jobs]
socketio: INFO: emitting event "task update" to 20170509-172202-9230 [/jobs]
socketio: INFO: emitting event "task update" to 20170509-173331-d237 [/jobs]
socketio: INFO: emitting event "task update" to 20170509-172317-7da8 [/jobs]
socketio: INFO: emitting event "task update" to 20170509-173008-ee07 [/jobs]
socketio: INFO: emitting event "task update" to 20170509-172210-1907 [/jobs]
socketio: INFO: emitting event "task update" to 20170509-173333-e98b [/jobs]
socketio: INFO: emitting event "task update" to 20170509-172825-84c5 [/jobs]
socketio: INFO: emitting event "task update" to 20170509-173335-6067 [/jobs]
socketio: INFO: emitting event "task update" to 20170509-172147-4505 [/jobs]
socketio: INFO: emitting event "task update" to 20170509-173337-8532 [/jobs]
socketio: INFO: emitting event "task update" to 20170509-172907-6ffa [/jobs]
socketio: INFO: emitting event "task update" to 20170509-174533-2a57 [/jobs]
socketio: INFO: emitting event "task update" to 20170509-174637-00ca [/jobs]
socketio: INFO: emitting event "task update" to 20170509-172339-dc52 [/jobs]
socketio: INFO: emitting event "task update" to 20170509-172625-e177 [/jobs]
socketio: INFO: emitting event "task update" to 20170509-173316-5f8a [/jobs]
socketio: INFO: emitting event "task update" to 20170509-173318-416e [/jobs]
socketio: INFO: emitting event "task update" to 20170509-173415-8046 [/jobs]
socketio: INFO: emitting event "task update" to 20170509-173027-0946 [/jobs]
socketio: INFO: emitting event "task update" to 20170509-172218-c9c0 [/jobs]
socketio: INFO: emitting event "task update" to 20170509-172328-6826 [/jobs]
socketio: INFO: emitting event "task update" to 20170509-173403-2593 [/jobs]
socketio: INFO: emitting event "task update" to 20170509-174313-cb2c [/jobs]
socketio: INFO: emitting event "task update" to 20170509-172344-9606 [/jobs]
socketio: INFO: emitting event "task update" to 20170509-172430-a33c [/jobs]
socketio: INFO: emitting event "task update" to 20170509-172605-0fd8 [/jobs]
socketio: INFO: emitting event "task update" to 20170509-172706-cfe6 [/jobs]
socketio: INFO: emitting event "task update" to 20170509-173209-48ad [/jobs]
socketio: INFO: emitting event "task update" to 20170509-173320-66e3 [/jobs]
socketio: INFO: emitting event "task update" to 20170509-172927-67d2 [/jobs]
socketio: INFO: emitting event "task update" to 20170509-173515-e8bf [/jobs]
socketio: INFO: emitting event "task update" to 20170509-172524-d7c0 [/jobs]
socketio: INFO: emitting event "task update" to 20170509-172419-2d22 [/jobs]
socketio: INFO: emitting event "task update" to 20170509-172337-f1aa [/jobs]
socketio: INFO: emitting event "task update" to 20170509-173228-acad [/jobs]
socketio: INFO: emitting event "task update" to 20170509-172350-6fcd [/jobs]
socketio: INFO: emitting event "task update" to 20170509-173357-1ed1 [/jobs]
socketio: INFO: emitting event "task update" to 20170509-172259-8252 [/jobs]
socketio: INFO: emitting event "task update" to 20170509-173322-0807 [/jobs]
socketio: INFO: emitting event "task update" to 20170509-172114-d063 [/jobs]
socketio: INFO: emitting event "task update" to 20170509-172323-89b4 [/jobs]
socketio: INFO: emitting event "task update" to 20170509-174411-45b4 [/jobs]
socketio: INFO: emitting event "task update" to 20170509-173300-0377 [/jobs]
socketio: INFO: emitting event "task update" to 20170509-173245-3417 [/jobs]
socketio: INFO: emitting event "task update" to 20170509-173324-49b0 [/jobs]
socketio: INFO: emitting event "task update" to 20170509-172342-e0ef [/jobs]
socketio: INFO: emitting event "task update" to 20170509-173108-a6ff [/jobs]
socketio: INFO: emitting event "task update" to 20170509-172725-6a13 [/jobs]
socketio: INFO: emitting event "task update" to 20170509-172806-b5bc [/jobs]
socketio: INFO: emitting event "task update" to 20170509-172227-0156 [/jobs]
socketio: INFO: emitting event "task update" to 20170509-174451-4b24 [/jobs]
socketio: INFO: emitting event "task update" to 20170509-172334-9d18 [/jobs]
socketio: INFO: emitting event "task update" to 20170509-173128-33ce [/jobs]
socketio: INFO: emitting event "task update" to 20170509-174604-6d86 [/jobs]
socketio: INFO: emitting event "task update" to 20170509-172347-b92a [/jobs]
socketio: INFO: emitting event "task update" to 20170509-173326-3e6f [/jobs]
socketio: INFO: emitting event "task update" to 20170509-172315-d38b [/jobs]
socketio: INFO: emitting event "task update" to 20170509-174340-86bb [/jobs]
socketio: INFO: emitting event "task update" to 20170509-172516-8f4b [/jobs]
socketio: INFO: emitting event "task update" to 20170509-172352-bfdd [/jobs]
socketio: INFO: emitting event "task update" to 20170509-172412-e6f0 [/jobs]
socketio: INFO: emitting event "task update" to 20170509-173329-1cea [/jobs]
socketio: INFO: emitting event "task update" to 20170509-173229-c795 [/jobs]
socketio: INFO: emitting event "task update" to 20170509-172202-9230 [/jobs]
socketio: INFO: emitting event "task update" to 20170509-173331-d237 [/jobs]
socketio: INFO: emitting event "task update" to 20170509-172317-7da8 [/jobs]
socketio: INFO: emitting event "task update" to 20170509-173008-ee07 [/jobs]
socketio: INFO: emitting event "task update" to 20170509-172210-1907 [/jobs]
socketio: INFO: emitting event "task update" to 20170509-173333-e98b [/jobs]
socketio: INFO: emitting event "task update" to 20170509-172825-84c5 [/jobs]
socketio: INFO: emitting event "task update" to 20170509-173335-6067 [/jobs]
socketio: INFO: emitting event "task update" to 20170509-172147-4505 [/jobs]
socketio: INFO: emitting event "task update" to 20170509-173337-8532 [/jobs]
socketio: INFO: emitting event "task update" to 20170509-172907-6ffa [/jobs]
socketio: INFO: emitting event "task update" to 20170509-174533-2a57 [/jobs]
socketio: INFO: emitting event "task update" to 20170509-174637-00ca [/jobs]
socketio: INFO: emitting event "task update" to 20170509-172339-dc52 [/jobs]
socketio: INFO: emitting event "task update" to 20170509-172625-e177 [/jobs]
socketio: INFO: emitting event "task update" to 20170509-173316-5f8a [/jobs]
socketio: INFO: emitting event "task update" to 20170509-173318-416e [/jobs]
socketio: INFO: emitting event "task update" to 20170509-173415-8046 [/jobs]
socketio: INFO: emitting event "task update" to 20170509-173027-0946 [/jobs]
socketio: INFO: emitting event "task update" to 20170509-172218-c9c0 [/jobs]
socketio: INFO: emitting event "task update" to 20170509-172328-6826 [/jobs]
socketio: INFO: emitting event "task update" to 20170509-173403-2593 [/jobs]
socketio: INFO: emitting event "task update" to 20170509-174313-cb2c [/jobs]
socketio: INFO: emitting event "task update" to 20170509-172344-9606 [/jobs]
socketio: INFO: emitting event "task update" to 20170509-172430-a33c [/jobs]
socketio: INFO: emitting event "task update" to 20170509-172605-0fd8 [/jobs]
socketio: INFO: emitting event "task update" to 20170509-172706-cfe6 [/jobs]
socketio: INFO: emitting event "task update" to 20170509-173209-48ad [/jobs]
socketio: INFO: emitting event "task update" to 20170509-173320-66e3 [/jobs]
socketio: INFO: emitting event "task update" to 20170509-172927-67d2 [/jobs]
socketio: INFO: emitting event "task update" to 20170509-173515-e8bf [/jobs]
socketio: INFO: emitting event "task update" to 20170509-172524-d7c0 [/jobs]
socketio: INFO: emitting event "task update" to 20170509-172419-2d22 [/jobs]
socketio: INFO: emitting event "task update" to 20170509-172337-f1aa [/jobs]
socketio: INFO: emitting event "task update" to 20170509-173228-acad [/jobs]
socketio: INFO: emitting event "task update" to 20170509-172350-6fcd [/jobs]
socketio: INFO: emitting event "task update" to 20170509-173357-1ed1 [/jobs]
socketio: INFO: emitting event "task update" to 20170509-172259-8252 [/jobs]
socketio: INFO: emitting event "task update" to 20170509-173322-0807 [/jobs]
socketio: INFO: emitting event "task update" to 20170509-172114-d063 [/jobs]
socketio: INFO: emitting event "task update" to 20170509-172323-89b4 [/jobs]
socketio: INFO: emitting event "task update" to 20170509-174411-45b4 [/jobs]
socketio: INFO: emitting event "task update" to 20170509-173300-0377 [/jobs]
socketio: INFO: emitting event "task update" to 20170509-173245-3417 [/jobs]
socketio: INFO: emitting event "task update" to 20170509-173324-49b0 [/jobs]
socketio: INFO: emitting event "task update" to 20170509-172342-e0ef [/jobs]
socketio: INFO: emitting event "task update" to 20170509-173108-a6ff [/jobs]
socketio: INFO: emitting event "task update" to 20170509-172725-6a13 [/jobs]
socketio: INFO: emitting event "task update" to 20170509-172806-b5bc [/jobs]
socketio: INFO: emitting event "task update" to 20170509-172227-0156 [/jobs]
socketio: INFO: emitting event "task update" to 20170509-174451-4b24 [/jobs]
socketio: INFO: emitting event "task update" to 20170509-172334-9d18 [/jobs]
socketio: INFO: emitting event "task update" to 20170509-173128-33ce [/jobs]
socketio: INFO: emitting event "task update" to 20170509-174604-6d86 [/jobs]
socketio: INFO: emitting event "task update" to 20170509-172347-b92a [/jobs]
socketio: INFO: emitting event "task update" to 20170509-173326-3e6f [/jobs]
socketio: INFO: emitting event "task update" to 20170509-172315-d38b [/jobs]
socketio: INFO: emitting event "task update" to 20170509-174340-86bb [/jobs]
socketio: INFO: emitting event "task update" to 20170509-172516-8f4b [/jobs]
socketio: INFO: emitting event "task update" to 20170509-172352-bfdd [/jobs]
socketio: INFO: emitting event "task update" to 20170509-172412-e6f0 [/jobs]
socketio: INFO: emitting event "task update" to 20170509-173329-1cea [/jobs]
socketio: INFO: emitting event "task update" to 20170509-173229-c795 [/jobs]
socketio: INFO: emitting event "task update" to 20170509-172202-9230 [/jobs]
socketio: INFO: emitting event "task update" to 20170509-173331-d237 [/jobs]
socketio: INFO: emitting event "task update" to 20170509-172317-7da8 [/jobs]
socketio: INFO: emitting event "task update" to 20170509-173008-ee07 [/jobs]
socketio: INFO: emitting event "task update" to 20170509-172210-1907 [/jobs]
socketio: INFO: emitting event "task update" to 20170509-173333-e98b [/jobs]
socketio: INFO: emitting event "task update" to 20170509-172825-84c5 [/jobs]
socketio: INFO: emitting event "task update" to 20170509-173335-6067 [/jobs]
socketio: INFO: emitting event "task update" to 20170509-172147-4505 [/jobs]
socketio: INFO: emitting event "task update" to 20170509-173337-8532 [/jobs]
socketio: INFO: emitting event "task update" to 20170509-172907-6ffa [/jobs]
socketio: INFO: emitting event "task update" to 20170509-174533-2a57 [/jobs]
socketio: INFO: emitting event "task update" to 20170509-174637-00ca [/jobs]
socketio: INFO: emitting event "task update" to 20170509-172339-dc52 [/jobs]
socketio: INFO: emitting event "task update" to 20170509-172625-e177 [/jobs]
socketio: INFO: emitting event "task update" to 20170509-173316-5f8a [/jobs]
socketio: INFO: emitting event "task update" to 20170509-173318-416e [/jobs]
socketio: INFO: emitting event "task update" to 20170509-173415-8046 [/jobs]
socketio: INFO: emitting event "task update" to 20170509-173027-0946 [/jobs]
socketio: INFO: emitting event "task update" to 20170509-172218-c9c0 [/jobs]
socketio: INFO: emitting event "task update" to 20170509-172328-6826 [/jobs]
socketio: INFO: emitting event "task update" to 20170509-173403-2593 [/jobs]
socketio: INFO: emitting event "task update" to 20170509-174313-cb2c [/jobs]
socketio: INFO: emitting event "task update" to 20170509-172344-9606 [/jobs]
socketio: INFO: emitting event "task update" to 20170509-172430-a33c [/jobs]
socketio: INFO: emitting event "task update" to 20170509-172605-0fd8 [/jobs]
socketio: INFO: emitting event "task update" to 20170509-172706-cfe6 [/jobs]
socketio: INFO: emitting event "task update" to 20170509-173209-48ad [/jobs]
socketio: INFO: emitting event "task update" to 20170509-173320-66e3 [/jobs]
socketio: INFO: emitting event "task update" to 20170509-172927-67d2 [/jobs]
socketio: INFO: emitting event "task update" to 20170509-173515-e8bf [/jobs]
socketio: INFO: emitting event "task update" to 20170509-172524-d7c0 [/jobs]
socketio: INFO: emitting event "task update" to 20170509-172419-2d22 [/jobs]
socketio: INFO: emitting event "task update" to 20170509-172337-f1aa [/jobs]
socketio: INFO: emitting event "task update" to 20170509-173228-acad [/jobs]
digits.webapp: WARNING: Infer Model unrecognized output: WARNING: log_file config option not found - no log file is being saved
digits.webapp: WARNING: Infer Model unrecognized output: 2017-05-09 17:46:46 [ERROR] InferenceError: Unable to find snapshot for epoch=-1.0
digits.webapp: WARNING: Infer Model unrecognized output: Traceback (most recent call last):
digits.webapp: WARNING: Infer Model unrecognized output: File "/home/ethan/digits_GAN/digits/tools/inference.py", line 293, in <module>
digits.webapp: WARNING: Infer Model unrecognized output: args['resize']
digits.webapp: WARNING: Infer Model unrecognized output: File "/home/ethan/digits_GAN/digits/tools/inference.py", line 79, in infer
digits.webapp: WARNING: Infer Model unrecognized output: raise InferenceError("Unable to find snapshot for epoch=%s" % repr(epoch))
digits.webapp: WARNING: Infer Model unrecognized output: digits.inference.errors.InferenceError: 'Unable to find snapshot for epoch=-1.0'
socketio: INFO: emitting event "task update" to 20170509-172350-6fcd [/jobs]
socketio: INFO: emitting event "task update" to 20170509-173357-1ed1 [/jobs]
socketio: INFO: emitting event "task update" to 20170509-172259-8252 [/jobs]
socketio: INFO: emitting event "task update" to 20170509-173322-0807 [/jobs]
socketio: INFO: emitting event "task update" to 20170509-172114-d063 [/jobs]
socketio: INFO: emitting event "task update" to 20170509-172323-89b4 [/jobs]
socketio: INFO: emitting event "task update" to 20170509-174411-45b4 [/jobs]
socketio: INFO: emitting event "task update" to 20170509-173300-0377 [/jobs]
socketio: INFO: emitting event "task update" to 20170509-173245-3417 [/jobs]
socketio: INFO: emitting event "task update" to 20170509-173324-49b0 [/jobs]
socketio: INFO: emitting event "task update" to 20170509-172342-e0ef [/jobs]
socketio: INFO: emitting event "task update" to 20170509-173108-a6ff [/jobs]
socketio: INFO: emitting event "task update" to 20170509-172725-6a13 [/jobs]
socketio: INFO: emitting event "task update" to 20170509-172806-b5bc [/jobs]
socketio: INFO: emitting event "task update" to 20170509-172227-0156 [/jobs]
socketio: INFO: emitting event "task update" to 20170509-174451-4b24 [/jobs]
socketio: INFO: emitting event "task update" to 20170509-172334-9d18 [/jobs]
socketio: INFO: emitting event "task update" to 20170509-173128-33ce [/jobs]
socketio: INFO: emitting event "task update" to 20170509-174604-6d86 [/jobs]
digits.webapp: ERROR: Infer Model task failed with error code 1
socketio: INFO: emitting event "task update" to 20170509-174643-c6d8 [/jobs]
socketio: INFO: emitting event "job update" to 20170509-174643-c6d8 [/jobs]
socketio: INFO: emitting event "job update" to job_management [/jobs]
socketio: INFO: emitting event "server update" to job_management [/jobs]
socketio: INFO: emitting event "server update" to job_management [/jobs]
socketio: INFO: emitting event "job update" to 20170509-174643-c6d8 [/jobs]
socketio: INFO: emitting event "job update" to job_management [/jobs]
digits: INFO: Job deleted.
socketio: INFO: emitting event "job update" to job_management [/jobs]
--------------------- >> end captured logging << ---------------------

======================================================================
FAIL: digits.model.images.generic.test_views.TestTensorflowCreatedWithImageProcessingExtensionMeanPixel.test_infer_many
----------------------------------------------------------------------
Traceback (most recent call last):
  File "/home/ethan/.local/lib/python2.7/site-packages/nose/case.py", line 197, in runTest
    self.test(*self.arg)
  File "/home/ethan/digits_GAN/digits/model/images/generic/test_views.py", line 626, in test_infer_many
    assert rv.status_code == 200, 'POST failed with %s\n\n%s' % (rv.status_code, body)
AssertionError: POST failed with 500

[<body>\n<div class="navbar navbar-inverse navbar-fixed-top">\n<div class="container">\n<div class="navbar-header">\n<a class="navbar-brand" href="/">DIGITS</a>\n</div>\n<ul class="nav navbar-nav">\n<li><a href="/models/20170509-174637-00ca">test_model</a></li>\n<li class="active"><a>Test Many</a></li>\n</ul>\n<ul class="nav navbar-nav navbar-right">\n<li>\n<p class="navbar-text">\n            digits-testsuite (<a class="navbar-link" href="/logout">Logout</a>)\n            </p>\n</li>\n<li class="dropdown">\n<a class="dropdown-toggle" data-toggle="dropdown" href="#">Info<span class="caret"></span></a>\n<ul class="dropdown-menu navbar-inverse">\n<li><span class="navbar-text">Server: ethan-computer</span></li>\n<li><span class="navbar-text">DIGITS version: <br> 5.1-dev</br></span></li>\n<li><span class="navbar-text">Caffe version: <br> 0.15.13</br></span></li>\n<li><span class="navbar-text">Caffe flavor: <br> NVIDIA</br></span></li>\n</ul>\n</li>\n<li class="dropdown">\n<a class="dropdown-toggle" data-toggle="dropdown" href="#">About<span class="caret"></span></a>\n<ul class="dropdown-menu about-menu navbar-inverse">\n<li><span class="navbar-text"><a href="https://developer.nvidia.com/digits" target="_blank">\n                        DIGITS on developer.nvidia.com\n                    </a></span></li>\n<li><span class="navbar-text"><a href="https://github.com/NVIDIA/DIGITS" target="_blank">\n                        DIGITS on GitHub\n                    </a></span></li>\n<li><span class="navbar-text"><a href="https://groups.google.com/d/forum/digits-users" target="_blank">\n                        DIGITS user group\n                    </a></span></li>\n<li><span class="navbar-text"><a href="mailto:digits@nvidia.com">\n                        digits@nvidia.com\n                    </a></span></li>\n</ul>\n</li>\n</ul>\n</div>\n</div>\n<div class="container">\n<div class="jumbotron">\n<div class="container">\n<div class="row">\n<div class="col-sm-12" id="show-job-name">\n<h2 style="display:inline;">Infer Many Images</h2>\n</div>\n<div class="col-sm-4" id="edit-job-name" style="display:none;">\n<script>\nfunction updateJobName() {\n    var newName = $("input[name=job-name]").val();\n    $.ajax("/jobs/20170509-174646-fa23",\n            {\n                type: "PUT",\n                data: {"job_name": newName}\n                }\n          )\n    .done(function() {\n            $("#show-job-name h2").html(newName);\n            $('#edit-job-name').hide(); $('#show-job-name').show();\n            })\n    .fail(function(data) { errorAlert(data); });\n    return false;\n}\n                </script>\n<input class="form-control" name="job-name" value="Infer Many Images"/>\n<a class="btn btn-primary" href="#" onclick="return updateJobName();">Update</a>\n<a class="btn btn-info" href="#" onclick="$('#edit-job-name').hide(); $('#show-job-name').show(); return false;">Cancel</a>\n</div>\n</div>\n<small>Owner: digits-testsuite</small>\n<div class="pull-right">\n<a class="btn btn-info" disabled="" id="clone-job">Clone Job</a>\n<a class="btn btn-warning hidden disabled" id="abort-job">Abort Job</a>\n<a class="btn btn-danger disabled" id="delete-job">Delete Job</a>\n</div>\n</div>\n<script>\n$('#abort-job').on('click', function(event) {\n        event.preventDefault();\n        bootbox.confirm(\n            'Are you sure you want to abort this job?',\n            function(result) {\n                if (result)\n                    $.ajax("/jobs/20170509-174646-fa23/abort",\n                        {type: "POST"})\n                    .done(function() {\n                        $("#abort-job").hide();\n                        })\n                    .fail(function(data) { errorAlert(data); });\n            });\n        });\n\n$('#delete-job').on('click', function(event) {\n        event.preventDefault();\n        bootbox.confirm(\n            'Are you sure you want to delete this job?<br><br>All related files will be permanently removed.',\n            function(result) {\n                if (result)\n                    $.ajax("/jobs/20170509-174646-fa23",\n                        {type: "DELETE"})\n                    .done(function() {\n                        window.location = "/";\n                        })\n                    .fail(function(data) { errorAlert(data); });\n            });\n        });\n    </script>\n</div>\n<div class="row">\n<!-- Job content -->\n<div class="col-sm-8">\n<div class="page-header">\n<h1>\n        test_model\n        <small>\n            Image Inference\n        </small>\n</h1>\n</div>\n</div>\n<!-- Tasks -->\n<div class="col-sm-4">\n<div class="panel-group">\n<div class="panel panel-danger" id="job-statuses">\n<div class="panel-heading">\n<h4 class="panel-title">\n                    Job Status\n                    <small>Error</small>\n</h4>\n</div>\n<div class="panel-collapse">\n<div class="panel-body">\n<div class="job-statuses">\n<ul>\n<li>\n<span class="text-warning">Initialized</span>\n        at 05:46:46 PM\n            <small>(0 seconds)</small>\n</li>\n<li>\n<span class="text-info">Running</span>\n        at 05:46:46 PM\n            <small>(2 seconds)</small>\n</li>\n<li>\n<span class="text-danger">Error</span>\n        at 05:46:49 PM\n            <br>\n<small>(Total - 3 seconds)</small>\n</br></li>\n</ul>\n</div>\n<div class="panel-group">\n<div class="panel panel-danger" id="task-140099860912912-status">\n<div class="panel-heading">\n<h4 class="panel-title">\n<a data-toggle="collapse" href="#task-140099860912912-status-collapse">\n                                            Infer Model\n                                            <small>Error</small>\n<span class="caret"></span>\n</a>\n</h4>\n</div>\n<div class="panel-collapse collapse in" id="task-140099860912912-status-collapse">\n<div class="panel-body">\n<div class="task-progress" style="display:none;">\n<div class="progress">\n<div class="progress-bar" style="width:0%">\n                                                    0%\n                                                </div>\n</div>\n                                            Estimated time remaining: <span class="task-eta">?</span>\n<br/>\n<br/>\n</div>\n<div class="task-statuses">\n<ul>\n<li>\n<span class="text-warning">Initialized</span>\n        at 05:46:46 PM\n            <small>(0 seconds)</small>\n</li>\n<li>\n<span class="text-info">Running</span>\n        at 05:46:46 PM\n            <small>(2 seconds)</small>\n</li>\n<li>\n<span class="text-danger">Error</span>\n        at 05:46:49 PM\n            <br>\n<small>(Total - 2 seconds)</small>\n</br></li>\n</ul>\n<h4 class="text-danger">ERROR: error code 1</h4>\n<pre>\nWARNING: log_file config option not found - no log file is being saved\n2017-05-09 17:46:49 [ERROR] InferenceError: Unable to find snapshot for epoch=-1.0\nTraceback (most recent call last):\nFile "/home/ethan/digits_GAN/digits/tools/inference.py", line 293, in &lt;module&gt;\nargs['resize']\nFile "/home/ethan/digits_GAN/digits/tools/inference.py", line 79, in infer\nraise InferenceError("Unable to find snapshot for epoch=%s" % repr(epoch))\ndigits.inference.errors.InferenceError: 'Unable to find snapshot for epoch=-1.0'\n        </pre>\n</div>\n</div>\n</div>\n</div>\n</div>\n</div>\n</div>\n</div>\n</div>\n<div class="gpu-utilization-info" style="display:none;"></div>\n<!-- Related jobs -->\n<div class="panel panel-default" id="notes-information">\n<div class="panel-heading">\n<h4>Notes</h4>\n</div>\n<div class="panel-body">\n<div class="col-sm-12" id="show-job-notes">\n<p style="display:inline;">None</p>\n</div>\n<div class="col-sm-12" id="edit-job-notes" style="display:none;">\n<script type="text/javascript">\n                        function updateJobNotes() {\n                        var newNotes = $("textarea[name=job-notes]").val();\n                        $.ajax("/jobs/20170509-174646-fa23",\n                                {\n                                    type: "PUT",\n                                    data: {"job_notes": newNotes}\n                                    }\n                              )\n                        .done(function() {\n                                $("#show-job-notes p").html(newNotes);\n                                $('#edit-job-notes').hide(); $('#show-job-notes').show();\n                                })\n                        .fail(function(data) { errorAlert(data); });\n                        return false;\n                    }\n                    </script>\n<textarea class="form-control" name="job-notes" placeholder="Enter notes" rows="5"></textarea>\n<a class="btn btn-primary" href="#" onclick="return updateJobNotes();">Update</a>\n<a class="btn btn-info" href="#" onclick="$('#edit-job-notes').hide(); $('#show-job-notes').show(); return false;">Cancel</a>\n</div>\n</div>\n</div>\n</div>\n</div>\n<div class="row">\n<div class="row">\n<h3>Visualizations</h3>\n<div style="overflow:scroll; height:800px;">\n<table class="table">\n<tr>\n<td></td>\n<th>Image</th>\n<th>Data</th>\n</tr>\n<tr>\n<td>1</td>\n<td>/tmp/tmpoQ4RpZ/0.png</td>\n<td></td>\n</tr>\n<tr>\n<td>2</td>\n<td>/tmp/tmpoQ4RpZ/0.png</td>\n<td></td>\n</tr>\n</table>\n</div>\n</div>\n</div>\n</div>\n<script>\n$SCRIPT_ROOT = "";\n\n$(".explanation-tooltip").tooltip();\n\nwindow.onload = function () {\n    $('.autocomplete_path').autocomplete({\n       serviceUrl: '/autocomplete/path',\n       formatResult: function (suggestion, currentValue)\n       {\n            function baseName(str)\n            {\n               var base = new String(str).substring(str.lastIndexOf('/') + 1);\n               return base;\n            }\n            return baseName(suggestion.value);\n        },\n        minChars: 0\n    });\n    $(".autocomplete_path").removeAttr("autocomplete");\n};\n\n</script>\n<style>\n .about-menu {\n     width: 240px !important;\n }\n .brightness {\n     display: inline-block;\n }\n .brightness img:hover {\n     opacity: .75;\n }\n</style>\n</body>]
-------------------- >> begin captured logging << --------------------
socketio: INFO: emitting event "job update" to job_management [/jobs]
socketio: INFO: emitting event "task update" to 20170509-172347-b92a [/jobs]
socketio: INFO: emitting event "task update" to 20170509-173326-3e6f [/jobs]
socketio: INFO: emitting event "task update" to 20170509-172315-d38b [/jobs]
socketio: INFO: emitting event "task update" to 20170509-174340-86bb [/jobs]
socketio: INFO: emitting event "task update" to 20170509-172516-8f4b [/jobs]
socketio: INFO: emitting event "job update" to 20170509-174646-fa23 [/jobs]
socketio: INFO: emitting event "job update" to job_management [/jobs]
socketio: INFO: emitting event "server update" to job_management [/jobs]
socketio: INFO: emitting event "server update" to job_management [/jobs]
digits.webapp: INFO: Infer Model task started.
socketio: INFO: emitting event "task update" to 20170509-174646-fa23 [/jobs]
socketio: INFO: emitting event "job update" to 20170509-174646-fa23 [/jobs]
socketio: INFO: emitting event "job update" to job_management [/jobs]
digits.webapp: INFO: Task subprocess args: "/usr/bin/python2 /home/ethan/digits_GAN/digits/tools/inference.py /tmp/tmpX3R8Ve/20170509-174646-fa23/tmpQb4SGu.txt /tmp/tmpX3R8Ve/20170509-174646-fa23 20170509-174637-00ca --jobs_dir=/tmp/tmpX3R8Ve --layers=none --gpu=0"
socketio: INFO: emitting event "task update" to 20170509-172352-bfdd [/jobs]
socketio: INFO: emitting event "task update" to 20170509-172412-e6f0 [/jobs]
socketio: INFO: emitting event "task update" to 20170509-173329-1cea [/jobs]
socketio: INFO: emitting event "task update" to 20170509-173229-c795 [/jobs]
socketio: INFO: emitting event "task update" to 20170509-172202-9230 [/jobs]
socketio: INFO: emitting event "task update" to 20170509-173331-d237 [/jobs]
socketio: INFO: emitting event "task update" to 20170509-172317-7da8 [/jobs]
socketio: INFO: emitting event "task update" to 20170509-173008-ee07 [/jobs]
socketio: INFO: emitting event "task update" to 20170509-172210-1907 [/jobs]
socketio: INFO: emitting event "task update" to 20170509-173333-e98b [/jobs]
socketio: INFO: emitting event "task update" to 20170509-172825-84c5 [/jobs]
socketio: INFO: emitting event "task update" to 20170509-173335-6067 [/jobs]
socketio: INFO: emitting event "task update" to 20170509-172147-4505 [/jobs]
socketio: INFO: emitting event "task update" to 20170509-173337-8532 [/jobs]
socketio: INFO: emitting event "task update" to 20170509-172907-6ffa [/jobs]
socketio: INFO: emitting event "task update" to 20170509-174533-2a57 [/jobs]
socketio: INFO: emitting event "task update" to 20170509-174637-00ca [/jobs]
socketio: INFO: emitting event "task update" to 20170509-172339-dc52 [/jobs]
socketio: INFO: emitting event "task update" to 20170509-172625-e177 [/jobs]
socketio: INFO: emitting event "task update" to 20170509-173316-5f8a [/jobs]
socketio: INFO: emitting event "task update" to 20170509-173318-416e [/jobs]
socketio: INFO: emitting event "task update" to 20170509-173415-8046 [/jobs]
socketio: INFO: emitting event "task update" to 20170509-173027-0946 [/jobs]
socketio: INFO: emitting event "task update" to 20170509-172218-c9c0 [/jobs]
socketio: INFO: emitting event "task update" to 20170509-172328-6826 [/jobs]
socketio: INFO: emitting event "task update" to 20170509-173403-2593 [/jobs]
socketio: INFO: emitting event "task update" to 20170509-174313-cb2c [/jobs]
socketio: INFO: emitting event "task update" to 20170509-172344-9606 [/jobs]
socketio: INFO: emitting event "task update" to 20170509-172430-a33c [/jobs]
socketio: INFO: emitting event "task update" to 20170509-172605-0fd8 [/jobs]
socketio: INFO: emitting event "task update" to 20170509-172706-cfe6 [/jobs]
socketio: INFO: emitting event "task update" to 20170509-173209-48ad [/jobs]
socketio: INFO: emitting event "task update" to 20170509-173320-66e3 [/jobs]
socketio: INFO: emitting event "task update" to 20170509-172927-67d2 [/jobs]
socketio: INFO: emitting event "task update" to 20170509-173515-e8bf [/jobs]
socketio: INFO: emitting event "task update" to 20170509-172524-d7c0 [/jobs]
socketio: INFO: emitting event "task update" to 20170509-172419-2d22 [/jobs]
socketio: INFO: emitting event "task update" to 20170509-172337-f1aa [/jobs]
socketio: INFO: emitting event "task update" to 20170509-173228-acad [/jobs]
socketio: INFO: emitting event "task update" to 20170509-172350-6fcd [/jobs]
socketio: INFO: emitting event "task update" to 20170509-173357-1ed1 [/jobs]
socketio: INFO: emitting event "task update" to 20170509-172259-8252 [/jobs]
socketio: INFO: emitting event "task update" to 20170509-173322-0807 [/jobs]
socketio: INFO: emitting event "task update" to 20170509-172114-d063 [/jobs]
socketio: INFO: emitting event "task update" to 20170509-172323-89b4 [/jobs]
socketio: INFO: emitting event "task update" to 20170509-174411-45b4 [/jobs]
socketio: INFO: emitting event "task update" to 20170509-173300-0377 [/jobs]
socketio: INFO: emitting event "task update" to 20170509-173245-3417 [/jobs]
socketio: INFO: emitting event "task update" to 20170509-173324-49b0 [/jobs]
socketio: INFO: emitting event "task update" to 20170509-172342-e0ef [/jobs]
socketio: INFO: emitting event "task update" to 20170509-173108-a6ff [/jobs]
socketio: INFO: emitting event "task update" to 20170509-172725-6a13 [/jobs]
socketio: INFO: emitting event "task update" to 20170509-172806-b5bc [/jobs]
socketio: INFO: emitting event "task update" to 20170509-172227-0156 [/jobs]
socketio: INFO: emitting event "task update" to 20170509-174451-4b24 [/jobs]
socketio: INFO: emitting event "task update" to 20170509-172334-9d18 [/jobs]
socketio: INFO: emitting event "task update" to 20170509-173128-33ce [/jobs]
socketio: INFO: emitting event "task update" to 20170509-174604-6d86 [/jobs]
socketio: INFO: emitting event "task update" to 20170509-172347-b92a [/jobs]
socketio: INFO: emitting event "task update" to 20170509-173326-3e6f [/jobs]
socketio: INFO: emitting event "task update" to 20170509-172315-d38b [/jobs]
socketio: INFO: emitting event "task update" to 20170509-174340-86bb [/jobs]
socketio: INFO: emitting event "task update" to 20170509-172516-8f4b [/jobs]
socketio: INFO: emitting event "task update" to 20170509-172352-bfdd [/jobs]
socketio: INFO: emitting event "task update" to 20170509-172412-e6f0 [/jobs]
socketio: INFO: emitting event "task update" to 20170509-173329-1cea [/jobs]
socketio: INFO: emitting event "task update" to 20170509-173229-c795 [/jobs]
socketio: INFO: emitting event "task update" to 20170509-172202-9230 [/jobs]
socketio: INFO: emitting event "task update" to 20170509-173331-d237 [/jobs]
socketio: INFO: emitting event "task update" to 20170509-172317-7da8 [/jobs]
socketio: INFO: emitting event "task update" to 20170509-173008-ee07 [/jobs]
socketio: INFO: emitting event "task update" to 20170509-172210-1907 [/jobs]
socketio: INFO: emitting event "task update" to 20170509-173333-e98b [/jobs]
socketio: INFO: emitting event "task update" to 20170509-172825-84c5 [/jobs]
socketio: INFO: emitting event "task update" to 20170509-173335-6067 [/jobs]
socketio: INFO: emitting event "task update" to 20170509-172147-4505 [/jobs]
socketio: INFO: emitting event "task update" to 20170509-173337-8532 [/jobs]
socketio: INFO: emitting event "task update" to 20170509-172907-6ffa [/jobs]
socketio: INFO: emitting event "task update" to 20170509-174533-2a57 [/jobs]
socketio: INFO: emitting event "task update" to 20170509-174637-00ca [/jobs]
socketio: INFO: emitting event "task update" to 20170509-172339-dc52 [/jobs]
socketio: INFO: emitting event "task update" to 20170509-172625-e177 [/jobs]
socketio: INFO: emitting event "task update" to 20170509-173316-5f8a [/jobs]
socketio: INFO: emitting event "task update" to 20170509-173318-416e [/jobs]
socketio: INFO: emitting event "task update" to 20170509-173415-8046 [/jobs]
socketio: INFO: emitting event "task update" to 20170509-173027-0946 [/jobs]
socketio: INFO: emitting event "task update" to 20170509-172218-c9c0 [/jobs]
socketio: INFO: emitting event "task update" to 20170509-172328-6826 [/jobs]
socketio: INFO: emitting event "task update" to 20170509-173403-2593 [/jobs]
socketio: INFO: emitting event "task update" to 20170509-174313-cb2c [/jobs]
socketio: INFO: emitting event "task update" to 20170509-172344-9606 [/jobs]
socketio: INFO: emitting event "task update" to 20170509-172430-a33c [/jobs]
socketio: INFO: emitting event "task update" to 20170509-172605-0fd8 [/jobs]
socketio: INFO: emitting event "task update" to 20170509-172706-cfe6 [/jobs]
socketio: INFO: emitting event "task update" to 20170509-173209-48ad [/jobs]
socketio: INFO: emitting event "task update" to 20170509-173320-66e3 [/jobs]
socketio: INFO: emitting event "task update" to 20170509-172927-67d2 [/jobs]
socketio: INFO: emitting event "task update" to 20170509-173515-e8bf [/jobs]
socketio: INFO: emitting event "task update" to 20170509-172524-d7c0 [/jobs]
socketio: INFO: emitting event "task update" to 20170509-172419-2d22 [/jobs]
socketio: INFO: emitting event "task update" to 20170509-172337-f1aa [/jobs]
socketio: INFO: emitting event "task update" to 20170509-173228-acad [/jobs]
socketio: INFO: emitting event "task update" to 20170509-172350-6fcd [/jobs]
socketio: INFO: emitting event "task update" to 20170509-173357-1ed1 [/jobs]
socketio: INFO: emitting event "task update" to 20170509-172259-8252 [/jobs]
socketio: INFO: emitting event "task update" to 20170509-173322-0807 [/jobs]
socketio: INFO: emitting event "task update" to 20170509-172114-d063 [/jobs]
socketio: INFO: emitting event "task update" to 20170509-172323-89b4 [/jobs]
socketio: INFO: emitting event "task update" to 20170509-174411-45b4 [/jobs]
socketio: INFO: emitting event "task update" to 20170509-173300-0377 [/jobs]
socketio: INFO: emitting event "task update" to 20170509-173245-3417 [/jobs]
socketio: INFO: emitting event "task update" to 20170509-173324-49b0 [/jobs]
socketio: INFO: emitting event "task update" to 20170509-172342-e0ef [/jobs]
socketio: INFO: emitting event "task update" to 20170509-173108-a6ff [/jobs]
socketio: INFO: emitting event "task update" to 20170509-172725-6a13 [/jobs]
socketio: INFO: emitting event "task update" to 20170509-172806-b5bc [/jobs]
socketio: INFO: emitting event "task update" to 20170509-172227-0156 [/jobs]
socketio: INFO: emitting event "task update" to 20170509-174451-4b24 [/jobs]
socketio: INFO: emitting event "task update" to 20170509-172334-9d18 [/jobs]
socketio: INFO: emitting event "task update" to 20170509-173128-33ce [/jobs]
socketio: INFO: emitting event "task update" to 20170509-174604-6d86 [/jobs]
socketio: INFO: emitting event "task update" to 20170509-172347-b92a [/jobs]
socketio: INFO: emitting event "task update" to 20170509-173326-3e6f [/jobs]
socketio: INFO: emitting event "task update" to 20170509-172315-d38b [/jobs]
socketio: INFO: emitting event "task update" to 20170509-174340-86bb [/jobs]
socketio: INFO: emitting event "task update" to 20170509-172516-8f4b [/jobs]
socketio: INFO: emitting event "task update" to 20170509-172352-bfdd [/jobs]
socketio: INFO: emitting event "task update" to 20170509-172412-e6f0 [/jobs]
socketio: INFO: emitting event "task update" to 20170509-173329-1cea [/jobs]
socketio: INFO: emitting event "task update" to 20170509-173229-c795 [/jobs]
socketio: INFO: emitting event "task update" to 20170509-172202-9230 [/jobs]
socketio: INFO: emitting event "task update" to 20170509-173331-d237 [/jobs]
socketio: INFO: emitting event "task update" to 20170509-172317-7da8 [/jobs]
socketio: INFO: emitting event "task update" to 20170509-173008-ee07 [/jobs]
socketio: INFO: emitting event "task update" to 20170509-172210-1907 [/jobs]
socketio: INFO: emitting event "task update" to 20170509-173333-e98b [/jobs]
socketio: INFO: emitting event "task update" to 20170509-172825-84c5 [/jobs]
socketio: INFO: emitting event "task update" to 20170509-173335-6067 [/jobs]
socketio: INFO: emitting event "task update" to 20170509-172147-4505 [/jobs]
socketio: INFO: emitting event "task update" to 20170509-173337-8532 [/jobs]
socketio: INFO: emitting event "task update" to 20170509-172907-6ffa [/jobs]
socketio: INFO: emitting event "task update" to 20170509-174533-2a57 [/jobs]
socketio: INFO: emitting event "task update" to 20170509-174637-00ca [/jobs]
socketio: INFO: emitting event "task update" to 20170509-172339-dc52 [/jobs]
socketio: INFO: emitting event "task update" to 20170509-172625-e177 [/jobs]
socketio: INFO: emitting event "task update" to 20170509-173316-5f8a [/jobs]
socketio: INFO: emitting event "task update" to 20170509-173318-416e [/jobs]
socketio: INFO: emitting event "task update" to 20170509-173415-8046 [/jobs]
socketio: INFO: emitting event "task update" to 20170509-173027-0946 [/jobs]
socketio: INFO: emitting event "task update" to 20170509-172218-c9c0 [/jobs]
socketio: INFO: emitting event "task update" to 20170509-172328-6826 [/jobs]
socketio: INFO: emitting event "task update" to 20170509-173403-2593 [/jobs]
socketio: INFO: emitting event "task update" to 20170509-174313-cb2c [/jobs]
socketio: INFO: emitting event "task update" to 20170509-172344-9606 [/jobs]
socketio: INFO: emitting event "task update" to 20170509-172430-a33c [/jobs]
socketio: INFO: emitting event "task update" to 20170509-172605-0fd8 [/jobs]
socketio: INFO: emitting event "task update" to 20170509-172706-cfe6 [/jobs]
socketio: INFO: emitting event "task update" to 20170509-173209-48ad [/jobs]
socketio: INFO: emitting event "task update" to 20170509-173320-66e3 [/jobs]
socketio: INFO: emitting event "task update" to 20170509-172927-67d2 [/jobs]
socketio: INFO: emitting event "task update" to 20170509-173515-e8bf [/jobs]
digits.webapp: WARNING: Infer Model unrecognized output: WARNING: log_file config option not found - no log file is being saved
digits.webapp: WARNING: Infer Model unrecognized output: 2017-05-09 17:46:49 [ERROR] InferenceError: Unable to find snapshot for epoch=-1.0
digits.webapp: WARNING: Infer Model unrecognized output: Traceback (most recent call last):
digits.webapp: WARNING: Infer Model unrecognized output: File "/home/ethan/digits_GAN/digits/tools/inference.py", line 293, in <module>
digits.webapp: WARNING: Infer Model unrecognized output: args['resize']
digits.webapp: WARNING: Infer Model unrecognized output: File "/home/ethan/digits_GAN/digits/tools/inference.py", line 79, in infer
digits.webapp: WARNING: Infer Model unrecognized output: raise InferenceError("Unable to find snapshot for epoch=%s" % repr(epoch))
digits.webapp: WARNING: Infer Model unrecognized output: digits.inference.errors.InferenceError: 'Unable to find snapshot for epoch=-1.0'
socketio: INFO: emitting event "task update" to 20170509-172524-d7c0 [/jobs]
socketio: INFO: emitting event "task update" to 20170509-172419-2d22 [/jobs]
socketio: INFO: emitting event "task update" to 20170509-172337-f1aa [/jobs]
socketio: INFO: emitting event "task update" to 20170509-173228-acad [/jobs]
socketio: INFO: emitting event "task update" to 20170509-172350-6fcd [/jobs]
socketio: INFO: emitting event "task update" to 20170509-173357-1ed1 [/jobs]
socketio: INFO: emitting event "task update" to 20170509-172259-8252 [/jobs]
socketio: INFO: emitting event "task update" to 20170509-173322-0807 [/jobs]
socketio: INFO: emitting event "task update" to 20170509-172114-d063 [/jobs]
socketio: INFO: emitting event "task update" to 20170509-172323-89b4 [/jobs]
socketio: INFO: emitting event "task update" to 20170509-174411-45b4 [/jobs]
socketio: INFO: emitting event "task update" to 20170509-173300-0377 [/jobs]
socketio: INFO: emitting event "task update" to 20170509-173245-3417 [/jobs]
socketio: INFO: emitting event "task update" to 20170509-173324-49b0 [/jobs]
socketio: INFO: emitting event "task update" to 20170509-172342-e0ef [/jobs]
socketio: INFO: emitting event "task update" to 20170509-173108-a6ff [/jobs]
socketio: INFO: emitting event "task update" to 20170509-172725-6a13 [/jobs]
socketio: INFO: emitting event "task update" to 20170509-172806-b5bc [/jobs]
socketio: INFO: emitting event "task update" to 20170509-172227-0156 [/jobs]
socketio: INFO: emitting event "task update" to 20170509-174451-4b24 [/jobs]
socketio: INFO: emitting event "task update" to 20170509-172334-9d18 [/jobs]
socketio: INFO: emitting event "task update" to 20170509-173128-33ce [/jobs]
socketio: INFO: emitting event "task update" to 20170509-174604-6d86 [/jobs]
digits.webapp: ERROR: Infer Model task failed with error code 1
socketio: INFO: emitting event "task update" to 20170509-174646-fa23 [/jobs]
socketio: INFO: emitting event "job update" to 20170509-174646-fa23 [/jobs]
socketio: INFO: emitting event "job update" to job_management [/jobs]
socketio: INFO: emitting event "server update" to job_management [/jobs]
socketio: INFO: emitting event "server update" to job_management [/jobs]
socketio: INFO: emitting event "job update" to 20170509-174646-fa23 [/jobs]
socketio: INFO: emitting event "job update" to job_management [/jobs]
digits: INFO: Job deleted.
socketio: INFO: emitting event "job update" to job_management [/jobs]
--------------------- >> end captured logging << ---------------------

======================================================================
FAIL: digits.model.images.generic.test_views.TestTensorflowCreatedWithImageProcessingExtensionMeanPixel.test_infer_many_from_folder
----------------------------------------------------------------------
Traceback (most recent call last):
  File "/home/ethan/.local/lib/python2.7/site-packages/nose/case.py", line 197, in runTest
    self.test(*self.arg)
  File "/home/ethan/digits_GAN/digits/model/images/generic/test_views.py", line 661, in test_infer_many_from_folder
    assert rv.status_code == 200, 'POST failed with %s\n\n%s' % (rv.status_code, body)
AssertionError: POST failed with 500

[<body>\n<div class="navbar navbar-inverse navbar-fixed-top">\n<div class="container">\n<div class="navbar-header">\n<a class="navbar-brand" href="/">DIGITS</a>\n</div>\n<ul class="nav navbar-nav">\n<li><a href="/models/20170509-174637-00ca">test_model</a></li>\n<li class="active"><a>Test Many</a></li>\n</ul>\n<ul class="nav navbar-nav navbar-right">\n<li>\n<p class="navbar-text">\n            digits-testsuite (<a class="navbar-link" href="/logout">Logout</a>)\n            </p>\n</li>\n<li class="dropdown">\n<a class="dropdown-toggle" data-toggle="dropdown" href="#">Info<span class="caret"></span></a>\n<ul class="dropdown-menu navbar-inverse">\n<li><span class="navbar-text">Server: ethan-computer</span></li>\n<li><span class="navbar-text">DIGITS version: <br> 5.1-dev</br></span></li>\n<li><span class="navbar-text">Caffe version: <br> 0.15.13</br></span></li>\n<li><span class="navbar-text">Caffe flavor: <br> NVIDIA</br></span></li>\n</ul>\n</li>\n<li class="dropdown">\n<a class="dropdown-toggle" data-toggle="dropdown" href="#">About<span class="caret"></span></a>\n<ul class="dropdown-menu about-menu navbar-inverse">\n<li><span class="navbar-text"><a href="https://developer.nvidia.com/digits" target="_blank">\n                        DIGITS on developer.nvidia.com\n                    </a></span></li>\n<li><span class="navbar-text"><a href="https://github.com/NVIDIA/DIGITS" target="_blank">\n                        DIGITS on GitHub\n                    </a></span></li>\n<li><span class="navbar-text"><a href="https://groups.google.com/d/forum/digits-users" target="_blank">\n                        DIGITS user group\n                    </a></span></li>\n<li><span class="navbar-text"><a href="mailto:digits@nvidia.com">\n                        digits@nvidia.com\n                    </a></span></li>\n</ul>\n</li>\n</ul>\n</div>\n</div>\n<div class="container">\n<div class="jumbotron">\n<div class="container">\n<div class="row">\n<div class="col-sm-12" id="show-job-name">\n<h2 style="display:inline;">Infer Many Images</h2>\n</div>\n<div class="col-sm-4" id="edit-job-name" style="display:none;">\n<script>\nfunction updateJobName() {\n    var newName = $("input[name=job-name]").val();\n    $.ajax("/jobs/20170509-174649-ca06",\n            {\n                type: "PUT",\n                data: {"job_name": newName}\n                }\n          )\n    .done(function() {\n            $("#show-job-name h2").html(newName);\n            $('#edit-job-name').hide(); $('#show-job-name').show();\n            })\n    .fail(function(data) { errorAlert(data); });\n    return false;\n}\n                </script>\n<input class="form-control" name="job-name" value="Infer Many Images"/>\n<a class="btn btn-primary" href="#" onclick="return updateJobName();">Update</a>\n<a class="btn btn-info" href="#" onclick="$('#edit-job-name').hide(); $('#show-job-name').show(); return false;">Cancel</a>\n</div>\n</div>\n<small>Owner: digits-testsuite</small>\n<div class="pull-right">\n<a class="btn btn-info" disabled="" id="clone-job">Clone Job</a>\n<a class="btn btn-warning hidden disabled" id="abort-job">Abort Job</a>\n<a class="btn btn-danger disabled" id="delete-job">Delete Job</a>\n</div>\n</div>\n<script>\n$('#abort-job').on('click', function(event) {\n        event.preventDefault();\n        bootbox.confirm(\n            'Are you sure you want to abort this job?',\n            function(result) {\n                if (result)\n                    $.ajax("/jobs/20170509-174649-ca06/abort",\n                        {type: "POST"})\n                    .done(function() {\n                        $("#abort-job").hide();\n                        })\n                    .fail(function(data) { errorAlert(data); });\n            });\n        });\n\n$('#delete-job').on('click', function(event) {\n        event.preventDefault();\n        bootbox.confirm(\n            'Are you sure you want to delete this job?<br><br>All related files will be permanently removed.',\n            function(result) {\n                if (result)\n                    $.ajax("/jobs/20170509-174649-ca06",\n                        {type: "DELETE"})\n                    .done(function() {\n                        window.location = "/";\n                        })\n                    .fail(function(data) { errorAlert(data); });\n            });\n        });\n    </script>\n</div>\n<div class="row">\n<!-- Job content -->\n<div class="col-sm-8">\n<div class="page-header">\n<h1>\n        test_model\n        <small>\n            Image Inference\n        </small>\n</h1>\n</div>\n</div>\n<!-- Tasks -->\n<div class="col-sm-4">\n<div class="panel-group">\n<div class="panel panel-danger" id="job-statuses">\n<div class="panel-heading">\n<h4 class="panel-title">\n                    Job Status\n                    <small>Error</small>\n</h4>\n</div>\n<div class="panel-collapse">\n<div class="panel-body">\n<div class="job-statuses">\n<ul>\n<li>\n<span class="text-warning">Initialized</span>\n        at 05:46:49 PM\n            <small>(0 seconds)</small>\n</li>\n<li>\n<span class="text-info">Running</span>\n        at 05:46:49 PM\n            <small>(2 seconds)</small>\n</li>\n<li>\n<span class="text-danger">Error</span>\n        at 05:46:52 PM\n            <br>\n<small>(Total - 3 seconds)</small>\n</br></li>\n</ul>\n</div>\n<div class="panel-group">\n<div class="panel panel-danger" id="task-140099413948176-status">\n<div class="panel-heading">\n<h4 class="panel-title">\n<a data-toggle="collapse" href="#task-140099413948176-status-collapse">\n                                            Infer Model\n                                            <small>Error</small>\n<span class="caret"></span>\n</a>\n</h4>\n</div>\n<div class="panel-collapse collapse in" id="task-140099413948176-status-collapse">\n<div class="panel-body">\n<div class="task-progress" style="display:none;">\n<div class="progress">\n<div class="progress-bar" style="width:0%">\n                                                    0%\n                                                </div>\n</div>\n                                            Estimated time remaining: <span class="task-eta">?</span>\n<br/>\n<br/>\n</div>\n<div class="task-statuses">\n<ul>\n<li>\n<span class="text-warning">Initialized</span>\n        at 05:46:49 PM\n            <small>(0 seconds)</small>\n</li>\n<li>\n<span class="text-info">Running</span>\n        at 05:46:49 PM\n            <small>(2 seconds)</small>\n</li>\n<li>\n<span class="text-danger">Error</span>\n        at 05:46:52 PM\n            <br>\n<small>(Total - 2 seconds)</small>\n</br></li>\n</ul>\n<h4 class="text-danger">ERROR: error code 1</h4>\n<pre>\nWARNING: log_file config option not found - no log file is being saved\n2017-05-09 17:46:52 [ERROR] InferenceError: Unable to find snapshot for epoch=-1.0\nTraceback (most recent call last):\nFile "/home/ethan/digits_GAN/digits/tools/inference.py", line 293, in &lt;module&gt;\nargs['resize']\nFile "/home/ethan/digits_GAN/digits/tools/inference.py", line 79, in infer\nraise InferenceError("Unable to find snapshot for epoch=%s" % repr(epoch))\ndigits.inference.errors.InferenceError: 'Unable to find snapshot for epoch=-1.0'\n        </pre>\n</div>\n</div>\n</div>\n</div>\n</div>\n</div>\n</div>\n</div>\n</div>\n<div class="gpu-utilization-info" style="display:none;"></div>\n<!-- Related jobs -->\n<div class="panel panel-default" id="notes-information">\n<div class="panel-heading">\n<h4>Notes</h4>\n</div>\n<div class="panel-body">\n<div class="col-sm-12" id="show-job-notes">\n<p style="display:inline;">None</p>\n</div>\n<div class="col-sm-12" id="edit-job-notes" style="display:none;">\n<script type="text/javascript">\n                        function updateJobNotes() {\n                        var newNotes = $("textarea[name=job-notes]").val();\n                        $.ajax("/jobs/20170509-174649-ca06",\n                                {\n                                    type: "PUT",\n                                    data: {"job_notes": newNotes}\n                                    }\n                              )\n                        .done(function() {\n                                $("#show-job-notes p").html(newNotes);\n                                $('#edit-job-notes').hide(); $('#show-job-notes').show();\n                                })\n                        .fail(function(data) { errorAlert(data); });\n                        return false;\n                    }\n                    </script>\n<textarea class="form-control" name="job-notes" placeholder="Enter notes" rows="5"></textarea>\n<a class="btn btn-primary" href="#" onclick="return updateJobNotes();">Update</a>\n<a class="btn btn-info" href="#" onclick="$('#edit-job-notes').hide(); $('#show-job-notes').show(); return false;">Cancel</a>\n</div>\n</div>\n</div>\n</div>\n</div>\n<div class="row">\n<div class="row">\n<h3>Visualizations</h3>\n<div style="overflow:scroll; height:800px;">\n<table class="table">\n<tr>\n<td></td>\n<th>Image</th>\n<th>Data</th>\n</tr>\n<tr>\n<td>1</td>\n<td>/tmp/tmpoQ4RpZ/0.png</td>\n<td></td>\n</tr>\n</table>\n</div>\n</div>\n</div>\n</div>\n<script>\n$SCRIPT_ROOT = "";\n\n$(".explanation-tooltip").tooltip();\n\nwindow.onload = function () {\n    $('.autocomplete_path').autocomplete({\n       serviceUrl: '/autocomplete/path',\n       formatResult: function (suggestion, currentValue)\n       {\n            function baseName(str)\n            {\n               var base = new String(str).substring(str.lastIndexOf('/') + 1);\n               return base;\n            }\n            return baseName(suggestion.value);\n        },\n        minChars: 0\n    });\n    $(".autocomplete_path").removeAttr("autocomplete");\n};\n\n</script>\n<style>\n .about-menu {\n     width: 240px !important;\n }\n .brightness {\n     display: inline-block;\n }\n .brightness img:hover {\n     opacity: .75;\n }\n</style>\n</body>]
-------------------- >> begin captured logging << --------------------
socketio: INFO: emitting event "job update" to job_management [/jobs]
socketio: INFO: emitting event "task update" to 20170509-172347-b92a [/jobs]
socketio: INFO: emitting event "task update" to 20170509-173326-3e6f [/jobs]
socketio: INFO: emitting event "task update" to 20170509-172315-d38b [/jobs]
socketio: INFO: emitting event "task update" to 20170509-174340-86bb [/jobs]
socketio: INFO: emitting event "task update" to 20170509-172516-8f4b [/jobs]
socketio: INFO: emitting event "job update" to 20170509-174649-ca06 [/jobs]
socketio: INFO: emitting event "job update" to job_management [/jobs]
socketio: INFO: emitting event "server update" to job_management [/jobs]
socketio: INFO: emitting event "server update" to job_management [/jobs]
digits.webapp: INFO: Infer Model task started.
socketio: INFO: emitting event "task update" to 20170509-174649-ca06 [/jobs]
socketio: INFO: emitting event "job update" to 20170509-174649-ca06 [/jobs]
socketio: INFO: emitting event "job update" to job_management [/jobs]
digits.webapp: INFO: Task subprocess args: "/usr/bin/python2 /home/ethan/digits_GAN/digits/tools/inference.py /tmp/tmpX3R8Ve/20170509-174649-ca06/tmp4uRsoK.txt /tmp/tmpX3R8Ve/20170509-174649-ca06 20170509-174637-00ca --jobs_dir=/tmp/tmpX3R8Ve --layers=none --gpu=0"
socketio: INFO: emitting event "task update" to 20170509-172352-bfdd [/jobs]
socketio: INFO: emitting event "task update" to 20170509-172412-e6f0 [/jobs]
socketio: INFO: emitting event "task update" to 20170509-173329-1cea [/jobs]
socketio: INFO: emitting event "task update" to 20170509-173229-c795 [/jobs]
socketio: INFO: emitting event "task update" to 20170509-172202-9230 [/jobs]
socketio: INFO: emitting event "task update" to 20170509-173331-d237 [/jobs]
socketio: INFO: emitting event "task update" to 20170509-172317-7da8 [/jobs]
socketio: INFO: emitting event "task update" to 20170509-173008-ee07 [/jobs]
socketio: INFO: emitting event "task update" to 20170509-172210-1907 [/jobs]
socketio: INFO: emitting event "task update" to 20170509-173333-e98b [/jobs]
socketio: INFO: emitting event "task update" to 20170509-172825-84c5 [/jobs]
socketio: INFO: emitting event "task update" to 20170509-173335-6067 [/jobs]
socketio: INFO: emitting event "task update" to 20170509-172147-4505 [/jobs]
socketio: INFO: emitting event "task update" to 20170509-173337-8532 [/jobs]
socketio: INFO: emitting event "task update" to 20170509-172907-6ffa [/jobs]
socketio: INFO: emitting event "task update" to 20170509-174533-2a57 [/jobs]
socketio: INFO: emitting event "task update" to 20170509-174637-00ca [/jobs]
socketio: INFO: emitting event "task update" to 20170509-172339-dc52 [/jobs]
socketio: INFO: emitting event "task update" to 20170509-172625-e177 [/jobs]
socketio: INFO: emitting event "task update" to 20170509-173316-5f8a [/jobs]
socketio: INFO: emitting event "task update" to 20170509-173318-416e [/jobs]
socketio: INFO: emitting event "task update" to 20170509-173415-8046 [/jobs]
socketio: INFO: emitting event "task update" to 20170509-173027-0946 [/jobs]
socketio: INFO: emitting event "task update" to 20170509-172218-c9c0 [/jobs]
socketio: INFO: emitting event "task update" to 20170509-172328-6826 [/jobs]
socketio: INFO: emitting event "task update" to 20170509-173403-2593 [/jobs]
socketio: INFO: emitting event "task update" to 20170509-174313-cb2c [/jobs]
socketio: INFO: emitting event "task update" to 20170509-172344-9606 [/jobs]
socketio: INFO: emitting event "task update" to 20170509-172430-a33c [/jobs]
socketio: INFO: emitting event "task update" to 20170509-172605-0fd8 [/jobs]
socketio: INFO: emitting event "task update" to 20170509-172706-cfe6 [/jobs]
socketio: INFO: emitting event "task update" to 20170509-173209-48ad [/jobs]
socketio: INFO: emitting event "task update" to 20170509-173320-66e3 [/jobs]
socketio: INFO: emitting event "task update" to 20170509-172927-67d2 [/jobs]
socketio: INFO: emitting event "task update" to 20170509-173515-e8bf [/jobs]
socketio: INFO: emitting event "task update" to 20170509-172524-d7c0 [/jobs]
socketio: INFO: emitting event "task update" to 20170509-172419-2d22 [/jobs]
socketio: INFO: emitting event "task update" to 20170509-172337-f1aa [/jobs]
socketio: INFO: emitting event "task update" to 20170509-173228-acad [/jobs]
socketio: INFO: emitting event "task update" to 20170509-172350-6fcd [/jobs]
socketio: INFO: emitting event "task update" to 20170509-173357-1ed1 [/jobs]
socketio: INFO: emitting event "task update" to 20170509-172259-8252 [/jobs]
socketio: INFO: emitting event "task update" to 20170509-173322-0807 [/jobs]
socketio: INFO: emitting event "task update" to 20170509-172114-d063 [/jobs]
socketio: INFO: emitting event "task update" to 20170509-172323-89b4 [/jobs]
socketio: INFO: emitting event "task update" to 20170509-174411-45b4 [/jobs]
socketio: INFO: emitting event "task update" to 20170509-173300-0377 [/jobs]
socketio: INFO: emitting event "task update" to 20170509-173245-3417 [/jobs]
socketio: INFO: emitting event "task update" to 20170509-173324-49b0 [/jobs]
socketio: INFO: emitting event "task update" to 20170509-172342-e0ef [/jobs]
socketio: INFO: emitting event "task update" to 20170509-173108-a6ff [/jobs]
socketio: INFO: emitting event "task update" to 20170509-172725-6a13 [/jobs]
socketio: INFO: emitting event "task update" to 20170509-172806-b5bc [/jobs]
socketio: INFO: emitting event "task update" to 20170509-172227-0156 [/jobs]
socketio: INFO: emitting event "task update" to 20170509-174451-4b24 [/jobs]
socketio: INFO: emitting event "task update" to 20170509-172334-9d18 [/jobs]
socketio: INFO: emitting event "task update" to 20170509-173128-33ce [/jobs]
socketio: INFO: emitting event "task update" to 20170509-174604-6d86 [/jobs]
socketio: INFO: emitting event "task update" to 20170509-172347-b92a [/jobs]
socketio: INFO: emitting event "task update" to 20170509-173326-3e6f [/jobs]
socketio: INFO: emitting event "task update" to 20170509-172315-d38b [/jobs]
socketio: INFO: emitting event "task update" to 20170509-174340-86bb [/jobs]
socketio: INFO: emitting event "task update" to 20170509-172516-8f4b [/jobs]
socketio: INFO: emitting event "task update" to 20170509-172352-bfdd [/jobs]
socketio: INFO: emitting event "task update" to 20170509-172412-e6f0 [/jobs]
socketio: INFO: emitting event "task update" to 20170509-173329-1cea [/jobs]
socketio: INFO: emitting event "task update" to 20170509-173229-c795 [/jobs]
socketio: INFO: emitting event "task update" to 20170509-172202-9230 [/jobs]
socketio: INFO: emitting event "task update" to 20170509-173331-d237 [/jobs]
socketio: INFO: emitting event "task update" to 20170509-172317-7da8 [/jobs]
socketio: INFO: emitting event "task update" to 20170509-173008-ee07 [/jobs]
socketio: INFO: emitting event "task update" to 20170509-172210-1907 [/jobs]
socketio: INFO: emitting event "task update" to 20170509-173333-e98b [/jobs]
socketio: INFO: emitting event "task update" to 20170509-172825-84c5 [/jobs]
socketio: INFO: emitting event "task update" to 20170509-173335-6067 [/jobs]
socketio: INFO: emitting event "task update" to 20170509-172147-4505 [/jobs]
socketio: INFO: emitting event "task update" to 20170509-173337-8532 [/jobs]
socketio: INFO: emitting event "task update" to 20170509-172907-6ffa [/jobs]
socketio: INFO: emitting event "task update" to 20170509-174533-2a57 [/jobs]
socketio: INFO: emitting event "task update" to 20170509-174637-00ca [/jobs]
socketio: INFO: emitting event "task update" to 20170509-172339-dc52 [/jobs]
socketio: INFO: emitting event "task update" to 20170509-172625-e177 [/jobs]
socketio: INFO: emitting event "task update" to 20170509-173316-5f8a [/jobs]
socketio: INFO: emitting event "task update" to 20170509-173318-416e [/jobs]
socketio: INFO: emitting event "task update" to 20170509-173415-8046 [/jobs]
socketio: INFO: emitting event "task update" to 20170509-173027-0946 [/jobs]
socketio: INFO: emitting event "task update" to 20170509-172218-c9c0 [/jobs]
socketio: INFO: emitting event "task update" to 20170509-172328-6826 [/jobs]
socketio: INFO: emitting event "task update" to 20170509-173403-2593 [/jobs]
socketio: INFO: emitting event "task update" to 20170509-174313-cb2c [/jobs]
socketio: INFO: emitting event "task update" to 20170509-172344-9606 [/jobs]
socketio: INFO: emitting event "task update" to 20170509-172430-a33c [/jobs]
socketio: INFO: emitting event "task update" to 20170509-172605-0fd8 [/jobs]
socketio: INFO: emitting event "task update" to 20170509-172706-cfe6 [/jobs]
socketio: INFO: emitting event "task update" to 20170509-173209-48ad [/jobs]
socketio: INFO: emitting event "task update" to 20170509-173320-66e3 [/jobs]
socketio: INFO: emitting event "task update" to 20170509-172927-67d2 [/jobs]
socketio: INFO: emitting event "task update" to 20170509-173515-e8bf [/jobs]
socketio: INFO: emitting event "task update" to 20170509-172524-d7c0 [/jobs]
socketio: INFO: emitting event "task update" to 20170509-172419-2d22 [/jobs]
socketio: INFO: emitting event "task update" to 20170509-172337-f1aa [/jobs]
socketio: INFO: emitting event "task update" to 20170509-173228-acad [/jobs]
socketio: INFO: emitting event "task update" to 20170509-172350-6fcd [/jobs]
socketio: INFO: emitting event "task update" to 20170509-173357-1ed1 [/jobs]
socketio: INFO: emitting event "task update" to 20170509-172259-8252 [/jobs]
socketio: INFO: emitting event "task update" to 20170509-173322-0807 [/jobs]
socketio: INFO: emitting event "task update" to 20170509-172114-d063 [/jobs]
socketio: INFO: emitting event "task update" to 20170509-172323-89b4 [/jobs]
socketio: INFO: emitting event "task update" to 20170509-174411-45b4 [/jobs]
socketio: INFO: emitting event "task update" to 20170509-173300-0377 [/jobs]
socketio: INFO: emitting event "task update" to 20170509-173245-3417 [/jobs]
socketio: INFO: emitting event "task update" to 20170509-173324-49b0 [/jobs]
socketio: INFO: emitting event "task update" to 20170509-172342-e0ef [/jobs]
socketio: INFO: emitting event "task update" to 20170509-173108-a6ff [/jobs]
socketio: INFO: emitting event "task update" to 20170509-172725-6a13 [/jobs]
socketio: INFO: emitting event "task update" to 20170509-172806-b5bc [/jobs]
socketio: INFO: emitting event "task update" to 20170509-172227-0156 [/jobs]
socketio: INFO: emitting event "task update" to 20170509-174451-4b24 [/jobs]
socketio: INFO: emitting event "task update" to 20170509-172334-9d18 [/jobs]
socketio: INFO: emitting event "task update" to 20170509-173128-33ce [/jobs]
socketio: INFO: emitting event "task update" to 20170509-174604-6d86 [/jobs]
socketio: INFO: emitting event "task update" to 20170509-172347-b92a [/jobs]
socketio: INFO: emitting event "task update" to 20170509-173326-3e6f [/jobs]
socketio: INFO: emitting event "task update" to 20170509-172315-d38b [/jobs]
socketio: INFO: emitting event "task update" to 20170509-174340-86bb [/jobs]
socketio: INFO: emitting event "task update" to 20170509-172516-8f4b [/jobs]
socketio: INFO: emitting event "task update" to 20170509-172352-bfdd [/jobs]
socketio: INFO: emitting event "task update" to 20170509-172412-e6f0 [/jobs]
socketio: INFO: emitting event "task update" to 20170509-173329-1cea [/jobs]
socketio: INFO: emitting event "task update" to 20170509-173229-c795 [/jobs]
socketio: INFO: emitting event "task update" to 20170509-172202-9230 [/jobs]
socketio: INFO: emitting event "task update" to 20170509-173331-d237 [/jobs]
socketio: INFO: emitting event "task update" to 20170509-172317-7da8 [/jobs]
socketio: INFO: emitting event "task update" to 20170509-173008-ee07 [/jobs]
socketio: INFO: emitting event "task update" to 20170509-172210-1907 [/jobs]
socketio: INFO: emitting event "task update" to 20170509-173333-e98b [/jobs]
socketio: INFO: emitting event "task update" to 20170509-172825-84c5 [/jobs]
socketio: INFO: emitting event "task update" to 20170509-173335-6067 [/jobs]
socketio: INFO: emitting event "task update" to 20170509-172147-4505 [/jobs]
socketio: INFO: emitting event "task update" to 20170509-173337-8532 [/jobs]
socketio: INFO: emitting event "task update" to 20170509-172907-6ffa [/jobs]
socketio: INFO: emitting event "task update" to 20170509-174533-2a57 [/jobs]
socketio: INFO: emitting event "task update" to 20170509-174637-00ca [/jobs]
socketio: INFO: emitting event "task update" to 20170509-172339-dc52 [/jobs]
socketio: INFO: emitting event "task update" to 20170509-172625-e177 [/jobs]
socketio: INFO: emitting event "task update" to 20170509-173316-5f8a [/jobs]
socketio: INFO: emitting event "task update" to 20170509-173318-416e [/jobs]
socketio: INFO: emitting event "task update" to 20170509-173415-8046 [/jobs]
socketio: INFO: emitting event "task update" to 20170509-173027-0946 [/jobs]
socketio: INFO: emitting event "task update" to 20170509-172218-c9c0 [/jobs]
socketio: INFO: emitting event "task update" to 20170509-172328-6826 [/jobs]
socketio: INFO: emitting event "task update" to 20170509-173403-2593 [/jobs]
socketio: INFO: emitting event "task update" to 20170509-174313-cb2c [/jobs]
socketio: INFO: emitting event "task update" to 20170509-172344-9606 [/jobs]
socketio: INFO: emitting event "task update" to 20170509-172430-a33c [/jobs]
socketio: INFO: emitting event "task update" to 20170509-172605-0fd8 [/jobs]
socketio: INFO: emitting event "task update" to 20170509-172706-cfe6 [/jobs]
socketio: INFO: emitting event "task update" to 20170509-173209-48ad [/jobs]
socketio: INFO: emitting event "task update" to 20170509-173320-66e3 [/jobs]
socketio: INFO: emitting event "task update" to 20170509-172927-67d2 [/jobs]
socketio: INFO: emitting event "task update" to 20170509-173515-e8bf [/jobs]
digits.webapp: WARNING: Infer Model unrecognized output: WARNING: log_file config option not found - no log file is being saved
digits.webapp: WARNING: Infer Model unrecognized output: 2017-05-09 17:46:52 [ERROR] InferenceError: Unable to find snapshot for epoch=-1.0
digits.webapp: WARNING: Infer Model unrecognized output: Traceback (most recent call last):
digits.webapp: WARNING: Infer Model unrecognized output: File "/home/ethan/digits_GAN/digits/tools/inference.py", line 293, in <module>
digits.webapp: WARNING: Infer Model unrecognized output: args['resize']
digits.webapp: WARNING: Infer Model unrecognized output: File "/home/ethan/digits_GAN/digits/tools/inference.py", line 79, in infer
digits.webapp: WARNING: Infer Model unrecognized output: raise InferenceError("Unable to find snapshot for epoch=%s" % repr(epoch))
digits.webapp: WARNING: Infer Model unrecognized output: digits.inference.errors.InferenceError: 'Unable to find snapshot for epoch=-1.0'
socketio: INFO: emitting event "task update" to 20170509-172524-d7c0 [/jobs]
socketio: INFO: emitting event "task update" to 20170509-172419-2d22 [/jobs]
socketio: INFO: emitting event "task update" to 20170509-172337-f1aa [/jobs]
socketio: INFO: emitting event "task update" to 20170509-173228-acad [/jobs]
socketio: INFO: emitting event "task update" to 20170509-172350-6fcd [/jobs]
socketio: INFO: emitting event "task update" to 20170509-173357-1ed1 [/jobs]
socketio: INFO: emitting event "task update" to 20170509-172259-8252 [/jobs]
socketio: INFO: emitting event "task update" to 20170509-173322-0807 [/jobs]
socketio: INFO: emitting event "task update" to 20170509-172114-d063 [/jobs]
socketio: INFO: emitting event "task update" to 20170509-172323-89b4 [/jobs]
socketio: INFO: emitting event "task update" to 20170509-174411-45b4 [/jobs]
socketio: INFO: emitting event "task update" to 20170509-173300-0377 [/jobs]
socketio: INFO: emitting event "task update" to 20170509-173245-3417 [/jobs]
socketio: INFO: emitting event "task update" to 20170509-173324-49b0 [/jobs]
socketio: INFO: emitting event "task update" to 20170509-172342-e0ef [/jobs]
socketio: INFO: emitting event "task update" to 20170509-173108-a6ff [/jobs]
socketio: INFO: emitting event "task update" to 20170509-172725-6a13 [/jobs]
socketio: INFO: emitting event "task update" to 20170509-172806-b5bc [/jobs]
socketio: INFO: emitting event "task update" to 20170509-172227-0156 [/jobs]
socketio: INFO: emitting event "task update" to 20170509-174451-4b24 [/jobs]
socketio: INFO: emitting event "task update" to 20170509-172334-9d18 [/jobs]
socketio: INFO: emitting event "task update" to 20170509-173128-33ce [/jobs]
socketio: INFO: emitting event "task update" to 20170509-174604-6d86 [/jobs]
digits.webapp: ERROR: Infer Model task failed with error code 1
socketio: INFO: emitting event "task update" to 20170509-174649-ca06 [/jobs]
socketio: INFO: emitting event "job update" to 20170509-174649-ca06 [/jobs]
socketio: INFO: emitting event "job update" to job_management [/jobs]
socketio: INFO: emitting event "server update" to job_management [/jobs]
socketio: INFO: emitting event "server update" to job_management [/jobs]
socketio: INFO: emitting event "task update" to 20170509-172347-b92a [/jobs]
socketio: INFO: emitting event "job update" to 20170509-174649-ca06 [/jobs]
socketio: INFO: emitting event "job update" to job_management [/jobs]
socketio: INFO: emitting event "task update" to 20170509-173326-3e6f [/jobs]
digits: INFO: Job deleted.
socketio: INFO: emitting event "job update" to job_management [/jobs]
--------------------- >> end captured logging << ---------------------

======================================================================
FAIL: digits.model.images.generic.test_views.TestTensorflowCreatedWithImageProcessingExtensionMeanPixel.test_infer_many_json
----------------------------------------------------------------------
Traceback (most recent call last):
  File "/home/ethan/.local/lib/python2.7/site-packages/nose/case.py", line 197, in runTest
    self.test(*self.arg)
  File "/home/ethan/digits_GAN/digits/model/images/generic/test_views.py", line 675, in test_infer_many_json
    assert rv.status_code == 200, 'POST failed with %s' % rv.status_code
AssertionError: POST failed with 500
-------------------- >> begin captured logging << --------------------
socketio: INFO: emitting event "job update" to job_management [/jobs]
socketio: INFO: emitting event "task update" to 20170509-172315-d38b [/jobs]
socketio: INFO: emitting event "task update" to 20170509-174340-86bb [/jobs]
socketio: INFO: emitting event "task update" to 20170509-172516-8f4b [/jobs]
socketio: INFO: emitting event "task update" to 20170509-172352-bfdd [/jobs]
socketio: INFO: emitting event "job update" to 20170509-174652-f9e6 [/jobs]
socketio: INFO: emitting event "job update" to job_management [/jobs]
socketio: INFO: emitting event "server update" to job_management [/jobs]
socketio: INFO: emitting event "server update" to job_management [/jobs]
digits.webapp: INFO: Infer Model task started.
socketio: INFO: emitting event "task update" to 20170509-174652-f9e6 [/jobs]
socketio: INFO: emitting event "job update" to 20170509-174652-f9e6 [/jobs]
socketio: INFO: emitting event "job update" to job_management [/jobs]
digits.webapp: INFO: Task subprocess args: "/usr/bin/python2 /home/ethan/digits_GAN/digits/tools/inference.py /tmp/tmpX3R8Ve/20170509-174652-f9e6/tmpywyAkD.txt /tmp/tmpX3R8Ve/20170509-174652-f9e6 20170509-174637-00ca --jobs_dir=/tmp/tmpX3R8Ve --layers=none --gpu=0"
socketio: INFO: emitting event "task update" to 20170509-172412-e6f0 [/jobs]
socketio: INFO: emitting event "task update" to 20170509-173329-1cea [/jobs]
socketio: INFO: emitting event "task update" to 20170509-173229-c795 [/jobs]
socketio: INFO: emitting event "task update" to 20170509-172202-9230 [/jobs]
socketio: INFO: emitting event "task update" to 20170509-173331-d237 [/jobs]
socketio: INFO: emitting event "task update" to 20170509-172317-7da8 [/jobs]
socketio: INFO: emitting event "task update" to 20170509-173008-ee07 [/jobs]
socketio: INFO: emitting event "task update" to 20170509-172210-1907 [/jobs]
socketio: INFO: emitting event "task update" to 20170509-173333-e98b [/jobs]
socketio: INFO: emitting event "task update" to 20170509-172825-84c5 [/jobs]
socketio: INFO: emitting event "task update" to 20170509-173335-6067 [/jobs]
socketio: INFO: emitting event "task update" to 20170509-172147-4505 [/jobs]
socketio: INFO: emitting event "task update" to 20170509-173337-8532 [/jobs]
socketio: INFO: emitting event "task update" to 20170509-172907-6ffa [/jobs]
socketio: INFO: emitting event "task update" to 20170509-174533-2a57 [/jobs]
socketio: INFO: emitting event "task update" to 20170509-174637-00ca [/jobs]
socketio: INFO: emitting event "task update" to 20170509-172339-dc52 [/jobs]
socketio: INFO: emitting event "task update" to 20170509-172625-e177 [/jobs]
socketio: INFO: emitting event "task update" to 20170509-173316-5f8a [/jobs]
socketio: INFO: emitting event "task update" to 20170509-173318-416e [/jobs]
socketio: INFO: emitting event "task update" to 20170509-173415-8046 [/jobs]
socketio: INFO: emitting event "task update" to 20170509-173027-0946 [/jobs]
socketio: INFO: emitting event "task update" to 20170509-172218-c9c0 [/jobs]
socketio: INFO: emitting event "task update" to 20170509-172328-6826 [/jobs]
socketio: INFO: emitting event "task update" to 20170509-173403-2593 [/jobs]
socketio: INFO: emitting event "task update" to 20170509-174313-cb2c [/jobs]
socketio: INFO: emitting event "task update" to 20170509-172344-9606 [/jobs]
socketio: INFO: emitting event "task update" to 20170509-172430-a33c [/jobs]
socketio: INFO: emitting event "task update" to 20170509-172605-0fd8 [/jobs]
socketio: INFO: emitting event "task update" to 20170509-172706-cfe6 [/jobs]
socketio: INFO: emitting event "task update" to 20170509-173209-48ad [/jobs]
socketio: INFO: emitting event "task update" to 20170509-173320-66e3 [/jobs]
socketio: INFO: emitting event "task update" to 20170509-172927-67d2 [/jobs]
socketio: INFO: emitting event "task update" to 20170509-173515-e8bf [/jobs]
socketio: INFO: emitting event "task update" to 20170509-172524-d7c0 [/jobs]
socketio: INFO: emitting event "task update" to 20170509-172419-2d22 [/jobs]
socketio: INFO: emitting event "task update" to 20170509-172337-f1aa [/jobs]
socketio: INFO: emitting event "task update" to 20170509-173228-acad [/jobs]
socketio: INFO: emitting event "task update" to 20170509-172350-6fcd [/jobs]
socketio: INFO: emitting event "task update" to 20170509-173357-1ed1 [/jobs]
socketio: INFO: emitting event "task update" to 20170509-172259-8252 [/jobs]
socketio: INFO: emitting event "task update" to 20170509-173322-0807 [/jobs]
socketio: INFO: emitting event "task update" to 20170509-172114-d063 [/jobs]
socketio: INFO: emitting event "task update" to 20170509-172323-89b4 [/jobs]
socketio: INFO: emitting event "task update" to 20170509-174411-45b4 [/jobs]
socketio: INFO: emitting event "task update" to 20170509-173300-0377 [/jobs]
socketio: INFO: emitting event "task update" to 20170509-173245-3417 [/jobs]
socketio: INFO: emitting event "task update" to 20170509-173324-49b0 [/jobs]
socketio: INFO: emitting event "task update" to 20170509-172342-e0ef [/jobs]
socketio: INFO: emitting event "task update" to 20170509-173108-a6ff [/jobs]
socketio: INFO: emitting event "task update" to 20170509-172725-6a13 [/jobs]
socketio: INFO: emitting event "task update" to 20170509-172806-b5bc [/jobs]
socketio: INFO: emitting event "task update" to 20170509-172227-0156 [/jobs]
socketio: INFO: emitting event "task update" to 20170509-174451-4b24 [/jobs]
socketio: INFO: emitting event "task update" to 20170509-172334-9d18 [/jobs]
socketio: INFO: emitting event "task update" to 20170509-173128-33ce [/jobs]
socketio: INFO: emitting event "task update" to 20170509-174604-6d86 [/jobs]
socketio: INFO: emitting event "task update" to 20170509-172347-b92a [/jobs]
socketio: INFO: emitting event "task update" to 20170509-173326-3e6f [/jobs]
socketio: INFO: emitting event "task update" to 20170509-172315-d38b [/jobs]
socketio: INFO: emitting event "task update" to 20170509-174340-86bb [/jobs]
socketio: INFO: emitting event "task update" to 20170509-172516-8f4b [/jobs]
socketio: INFO: emitting event "task update" to 20170509-172352-bfdd [/jobs]
socketio: INFO: emitting event "task update" to 20170509-172412-e6f0 [/jobs]
socketio: INFO: emitting event "task update" to 20170509-173329-1cea [/jobs]
socketio: INFO: emitting event "task update" to 20170509-173229-c795 [/jobs]
socketio: INFO: emitting event "task update" to 20170509-172202-9230 [/jobs]
socketio: INFO: emitting event "task update" to 20170509-173331-d237 [/jobs]
socketio: INFO: emitting event "task update" to 20170509-172317-7da8 [/jobs]
socketio: INFO: emitting event "task update" to 20170509-173008-ee07 [/jobs]
socketio: INFO: emitting event "task update" to 20170509-172210-1907 [/jobs]
socketio: INFO: emitting event "task update" to 20170509-173333-e98b [/jobs]
socketio: INFO: emitting event "task update" to 20170509-172825-84c5 [/jobs]
socketio: INFO: emitting event "task update" to 20170509-173335-6067 [/jobs]
socketio: INFO: emitting event "task update" to 20170509-172147-4505 [/jobs]
socketio: INFO: emitting event "task update" to 20170509-173337-8532 [/jobs]
socketio: INFO: emitting event "task update" to 20170509-172907-6ffa [/jobs]
socketio: INFO: emitting event "task update" to 20170509-174533-2a57 [/jobs]
socketio: INFO: emitting event "task update" to 20170509-174637-00ca [/jobs]
socketio: INFO: emitting event "task update" to 20170509-172339-dc52 [/jobs]
socketio: INFO: emitting event "task update" to 20170509-172625-e177 [/jobs]
socketio: INFO: emitting event "task update" to 20170509-173316-5f8a [/jobs]
socketio: INFO: emitting event "task update" to 20170509-173318-416e [/jobs]
socketio: INFO: emitting event "task update" to 20170509-173415-8046 [/jobs]
socketio: INFO: emitting event "task update" to 20170509-173027-0946 [/jobs]
socketio: INFO: emitting event "task update" to 20170509-172218-c9c0 [/jobs]
socketio: INFO: emitting event "task update" to 20170509-172328-6826 [/jobs]
socketio: INFO: emitting event "task update" to 20170509-173403-2593 [/jobs]
socketio: INFO: emitting event "task update" to 20170509-174313-cb2c [/jobs]
socketio: INFO: emitting event "task update" to 20170509-172344-9606 [/jobs]
socketio: INFO: emitting event "task update" to 20170509-172430-a33c [/jobs]
socketio: INFO: emitting event "task update" to 20170509-172605-0fd8 [/jobs]
socketio: INFO: emitting event "task update" to 20170509-172706-cfe6 [/jobs]
socketio: INFO: emitting event "task update" to 20170509-173209-48ad [/jobs]
socketio: INFO: emitting event "task update" to 20170509-173320-66e3 [/jobs]
socketio: INFO: emitting event "task update" to 20170509-172927-67d2 [/jobs]
socketio: INFO: emitting event "task update" to 20170509-173515-e8bf [/jobs]
socketio: INFO: emitting event "task update" to 20170509-172524-d7c0 [/jobs]
socketio: INFO: emitting event "task update" to 20170509-172419-2d22 [/jobs]
socketio: INFO: emitting event "task update" to 20170509-172337-f1aa [/jobs]
socketio: INFO: emitting event "task update" to 20170509-173228-acad [/jobs]
socketio: INFO: emitting event "task update" to 20170509-172350-6fcd [/jobs]
socketio: INFO: emitting event "task update" to 20170509-173357-1ed1 [/jobs]
socketio: INFO: emitting event "task update" to 20170509-172259-8252 [/jobs]
socketio: INFO: emitting event "task update" to 20170509-173322-0807 [/jobs]
socketio: INFO: emitting event "task update" to 20170509-172114-d063 [/jobs]
socketio: INFO: emitting event "task update" to 20170509-172323-89b4 [/jobs]
socketio: INFO: emitting event "task update" to 20170509-174411-45b4 [/jobs]
socketio: INFO: emitting event "task update" to 20170509-173300-0377 [/jobs]
socketio: INFO: emitting event "task update" to 20170509-173245-3417 [/jobs]
socketio: INFO: emitting event "task update" to 20170509-173324-49b0 [/jobs]
socketio: INFO: emitting event "task update" to 20170509-172342-e0ef [/jobs]
socketio: INFO: emitting event "task update" to 20170509-173108-a6ff [/jobs]
socketio: INFO: emitting event "task update" to 20170509-172725-6a13 [/jobs]
socketio: INFO: emitting event "task update" to 20170509-172806-b5bc [/jobs]
socketio: INFO: emitting event "task update" to 20170509-172227-0156 [/jobs]
socketio: INFO: emitting event "task update" to 20170509-174451-4b24 [/jobs]
socketio: INFO: emitting event "task update" to 20170509-172334-9d18 [/jobs]
socketio: INFO: emitting event "task update" to 20170509-173128-33ce [/jobs]
socketio: INFO: emitting event "task update" to 20170509-174604-6d86 [/jobs]
socketio: INFO: emitting event "task update" to 20170509-172347-b92a [/jobs]
socketio: INFO: emitting event "task update" to 20170509-173326-3e6f [/jobs]
socketio: INFO: emitting event "task update" to 20170509-172315-d38b [/jobs]
socketio: INFO: emitting event "task update" to 20170509-174340-86bb [/jobs]
socketio: INFO: emitting event "task update" to 20170509-172516-8f4b [/jobs]
socketio: INFO: emitting event "task update" to 20170509-172352-bfdd [/jobs]
socketio: INFO: emitting event "task update" to 20170509-172412-e6f0 [/jobs]
socketio: INFO: emitting event "task update" to 20170509-173329-1cea [/jobs]
socketio: INFO: emitting event "task update" to 20170509-173229-c795 [/jobs]
socketio: INFO: emitting event "task update" to 20170509-172202-9230 [/jobs]
socketio: INFO: emitting event "task update" to 20170509-173331-d237 [/jobs]
socketio: INFO: emitting event "task update" to 20170509-172317-7da8 [/jobs]
socketio: INFO: emitting event "task update" to 20170509-173008-ee07 [/jobs]
socketio: INFO: emitting event "task update" to 20170509-172210-1907 [/jobs]
socketio: INFO: emitting event "task update" to 20170509-173333-e98b [/jobs]
socketio: INFO: emitting event "task update" to 20170509-172825-84c5 [/jobs]
socketio: INFO: emitting event "task update" to 20170509-173335-6067 [/jobs]
socketio: INFO: emitting event "task update" to 20170509-172147-4505 [/jobs]
socketio: INFO: emitting event "task update" to 20170509-173337-8532 [/jobs]
socketio: INFO: emitting event "task update" to 20170509-172907-6ffa [/jobs]
socketio: INFO: emitting event "task update" to 20170509-174533-2a57 [/jobs]
socketio: INFO: emitting event "task update" to 20170509-174637-00ca [/jobs]
socketio: INFO: emitting event "task update" to 20170509-172339-dc52 [/jobs]
socketio: INFO: emitting event "task update" to 20170509-172625-e177 [/jobs]
socketio: INFO: emitting event "task update" to 20170509-173316-5f8a [/jobs]
socketio: INFO: emitting event "task update" to 20170509-173318-416e [/jobs]
socketio: INFO: emitting event "task update" to 20170509-173415-8046 [/jobs]
socketio: INFO: emitting event "task update" to 20170509-173027-0946 [/jobs]
socketio: INFO: emitting event "task update" to 20170509-172218-c9c0 [/jobs]
socketio: INFO: emitting event "task update" to 20170509-172328-6826 [/jobs]
socketio: INFO: emitting event "task update" to 20170509-173403-2593 [/jobs]
socketio: INFO: emitting event "task update" to 20170509-174313-cb2c [/jobs]
socketio: INFO: emitting event "task update" to 20170509-172344-9606 [/jobs]
socketio: INFO: emitting event "task update" to 20170509-172430-a33c [/jobs]
socketio: INFO: emitting event "task update" to 20170509-172605-0fd8 [/jobs]
socketio: INFO: emitting event "task update" to 20170509-172706-cfe6 [/jobs]
socketio: INFO: emitting event "task update" to 20170509-173209-48ad [/jobs]
socketio: INFO: emitting event "task update" to 20170509-173320-66e3 [/jobs]
socketio: INFO: emitting event "task update" to 20170509-172927-67d2 [/jobs]
socketio: INFO: emitting event "task update" to 20170509-173515-e8bf [/jobs]
socketio: INFO: emitting event "task update" to 20170509-172524-d7c0 [/jobs]
socketio: INFO: emitting event "task update" to 20170509-172419-2d22 [/jobs]
socketio: INFO: emitting event "task update" to 20170509-172337-f1aa [/jobs]
socketio: INFO: emitting event "task update" to 20170509-173228-acad [/jobs]
digits.webapp: WARNING: Infer Model unrecognized output: WARNING: log_file config option not found - no log file is being saved
digits.webapp: WARNING: Infer Model unrecognized output: 2017-05-09 17:46:55 [ERROR] InferenceError: Unable to find snapshot for epoch=-1.0
digits.webapp: WARNING: Infer Model unrecognized output: Traceback (most recent call last):
digits.webapp: WARNING: Infer Model unrecognized output: File "/home/ethan/digits_GAN/digits/tools/inference.py", line 293, in <module>
digits.webapp: WARNING: Infer Model unrecognized output: args['resize']
digits.webapp: WARNING: Infer Model unrecognized output: File "/home/ethan/digits_GAN/digits/tools/inference.py", line 79, in infer
digits.webapp: WARNING: Infer Model unrecognized output: raise InferenceError("Unable to find snapshot for epoch=%s" % repr(epoch))
digits.webapp: WARNING: Infer Model unrecognized output: digits.inference.errors.InferenceError: 'Unable to find snapshot for epoch=-1.0'
socketio: INFO: emitting event "task update" to 20170509-172350-6fcd [/jobs]
socketio: INFO: emitting event "task update" to 20170509-173357-1ed1 [/jobs]
socketio: INFO: emitting event "task update" to 20170509-172259-8252 [/jobs]
socketio: INFO: emitting event "task update" to 20170509-173322-0807 [/jobs]
socketio: INFO: emitting event "task update" to 20170509-172114-d063 [/jobs]
socketio: INFO: emitting event "task update" to 20170509-172323-89b4 [/jobs]
socketio: INFO: emitting event "task update" to 20170509-174411-45b4 [/jobs]
socketio: INFO: emitting event "task update" to 20170509-173300-0377 [/jobs]
socketio: INFO: emitting event "task update" to 20170509-173245-3417 [/jobs]
socketio: INFO: emitting event "task update" to 20170509-173324-49b0 [/jobs]
socketio: INFO: emitting event "task update" to 20170509-172342-e0ef [/jobs]
socketio: INFO: emitting event "task update" to 20170509-173108-a6ff [/jobs]
socketio: INFO: emitting event "task update" to 20170509-172725-6a13 [/jobs]
socketio: INFO: emitting event "task update" to 20170509-172806-b5bc [/jobs]
socketio: INFO: emitting event "task update" to 20170509-172227-0156 [/jobs]
socketio: INFO: emitting event "task update" to 20170509-174451-4b24 [/jobs]
socketio: INFO: emitting event "task update" to 20170509-172334-9d18 [/jobs]
socketio: INFO: emitting event "task update" to 20170509-173128-33ce [/jobs]
socketio: INFO: emitting event "task update" to 20170509-174604-6d86 [/jobs]
digits.webapp: ERROR: Infer Model task failed with error code 1
socketio: INFO: emitting event "task update" to 20170509-174652-f9e6 [/jobs]
socketio: INFO: emitting event "job update" to 20170509-174652-f9e6 [/jobs]
socketio: INFO: emitting event "job update" to job_management [/jobs]
socketio: INFO: emitting event "server update" to job_management [/jobs]
socketio: INFO: emitting event "server update" to job_management [/jobs]
socketio: INFO: emitting event "task update" to 20170509-172347-b92a [/jobs]
socketio: INFO: emitting event "task update" to 20170509-173326-3e6f [/jobs]
socketio: INFO: emitting event "job update" to 20170509-174652-f9e6 [/jobs]
socketio: INFO: emitting event "job update" to job_management [/jobs]
digits: INFO: Job deleted.
socketio: INFO: emitting event "job update" to job_management [/jobs]
--------------------- >> end captured logging << ---------------------

======================================================================
FAIL: digits.model.images.generic.test_views.TestTensorflowCreatedWithImageProcessingExtensionMeanPixel.test_infer_one
----------------------------------------------------------------------
Traceback (most recent call last):
  File "/home/ethan/.local/lib/python2.7/site-packages/nose/case.py", line 197, in runTest
    self.test(*self.arg)
  File "/home/ethan/digits_GAN/digits/model/images/generic/test_views.py", line 593, in test_infer_one
    assert rv.status_code == 200, 'POST failed with %s\n\n%s' % (rv.status_code, body)
AssertionError: POST failed with 500

[<body>\n<div class="navbar navbar-inverse navbar-fixed-top">\n<div class="container">\n<div class="navbar-header">\n<a class="navbar-brand" href="/">DIGITS</a>\n</div>\n<ul class="nav navbar-nav">\n<li><a href="/models/20170509-174637-00ca">test_model</a></li>\n<li class="active"><a>Test One</a></li>\n</ul>\n<ul class="nav navbar-nav navbar-right">\n<li>\n<p class="navbar-text">\n            digits-testsuite (<a class="navbar-link" href="/logout">Logout</a>)\n            </p>\n</li>\n<li class="dropdown">\n<a class="dropdown-toggle" data-toggle="dropdown" href="#">Info<span class="caret"></span></a>\n<ul class="dropdown-menu navbar-inverse">\n<li><span class="navbar-text">Server: ethan-computer</span></li>\n<li><span class="navbar-text">DIGITS version: <br> 5.1-dev</br></span></li>\n<li><span class="navbar-text">Caffe version: <br> 0.15.13</br></span></li>\n<li><span class="navbar-text">Caffe flavor: <br> NVIDIA</br></span></li>\n</ul>\n</li>\n<li class="dropdown">\n<a class="dropdown-toggle" data-toggle="dropdown" href="#">About<span class="caret"></span></a>\n<ul class="dropdown-menu about-menu navbar-inverse">\n<li><span class="navbar-text"><a href="https://developer.nvidia.com/digits" target="_blank">\n                        DIGITS on developer.nvidia.com\n                    </a></span></li>\n<li><span class="navbar-text"><a href="https://github.com/NVIDIA/DIGITS" target="_blank">\n                        DIGITS on GitHub\n                    </a></span></li>\n<li><span class="navbar-text"><a href="https://groups.google.com/d/forum/digits-users" target="_blank">\n                        DIGITS user group\n                    </a></span></li>\n<li><span class="navbar-text"><a href="mailto:digits@nvidia.com">\n                        digits@nvidia.com\n                    </a></span></li>\n</ul>\n</li>\n</ul>\n</div>\n</div>\n<div class="container">\n<div class="jumbotron">\n<div class="container">\n<div class="row">\n<div class="col-sm-12" id="show-job-name">\n<h2 style="display:inline;">Infer One Image</h2>\n</div>\n<div class="col-sm-4" id="edit-job-name" style="display:none;">\n<script>\nfunction updateJobName() {\n    var newName = $("input[name=job-name]").val();\n    $.ajax("/jobs/20170509-174655-4e03",\n            {\n                type: "PUT",\n                data: {"job_name": newName}\n                }\n          )\n    .done(function() {\n            $("#show-job-name h2").html(newName);\n            $('#edit-job-name').hide(); $('#show-job-name').show();\n            })\n    .fail(function(data) { errorAlert(data); });\n    return false;\n}\n                </script>\n<input class="form-control" name="job-name" value="Infer One Image"/>\n<a class="btn btn-primary" href="#" onclick="return updateJobName();">Update</a>\n<a class="btn btn-info" href="#" onclick="$('#edit-job-name').hide(); $('#show-job-name').show(); return false;">Cancel</a>\n</div>\n</div>\n<small>Owner: digits-testsuite</small>\n<div class="pull-right">\n<a class="btn btn-info" disabled="" id="clone-job">Clone Job</a>\n<a class="btn btn-warning hidden disabled" id="abort-job">Abort Job</a>\n<a class="btn btn-danger disabled" id="delete-job">Delete Job</a>\n</div>\n</div>\n<script>\n$('#abort-job').on('click', function(event) {\n        event.preventDefault();\n        bootbox.confirm(\n            'Are you sure you want to abort this job?',\n            function(result) {\n                if (result)\n                    $.ajax("/jobs/20170509-174655-4e03/abort",\n                        {type: "POST"})\n                    .done(function() {\n                        $("#abort-job").hide();\n                        })\n                    .fail(function(data) { errorAlert(data); });\n            });\n        });\n\n$('#delete-job').on('click', function(event) {\n        event.preventDefault();\n        bootbox.confirm(\n            'Are you sure you want to delete this job?<br><br>All related files will be permanently removed.',\n            function(result) {\n                if (result)\n                    $.ajax("/jobs/20170509-174655-4e03",\n                        {type: "DELETE"})\n                    .done(function() {\n                        window.location = "/";\n                        })\n                    .fail(function(data) { errorAlert(data); });\n            });\n        });\n    </script>\n</div>\n<div class="row">\n<!-- Job content -->\n<div class="col-sm-8">\n<script src="/static/js/3rdparty/jquery.elevateZoom-3.0.8.min.js?ver=4606b4a4404b87a591d409910710feb1"></script>\n<div class="page-header">\n<h1>\n        test_model\n        <small>\n            Generic Image Model\n        </small>\n</h1>\n</div>\n<div class="row">\n<div class="alert alert-danger">\n<p>Inference failed, see job log</p>\n</div>\n</div>\n</div>\n<!-- Tasks -->\n<div class="col-sm-4">\n<div class="panel-group">\n<div class="panel panel-danger" id="job-statuses">\n<div class="panel-heading">\n<h4 class="panel-title">\n                    Job Status\n                    <small>Error</small>\n</h4>\n</div>\n<div class="panel-collapse">\n<div class="panel-body">\n<div class="job-statuses">\n<ul>\n<li>\n<span class="text-warning">Initialized</span>\n        at 05:46:55 PM\n            <small>(0 seconds)</small>\n</li>\n<li>\n<span class="text-info">Running</span>\n        at 05:46:55 PM\n            <small>(3 seconds)</small>\n</li>\n<li>\n<span class="text-danger">Error</span>\n        at 05:46:58 PM\n            <br>\n<small>(Total - 3 seconds)</small>\n</br></li>\n</ul>\n</div>\n<div class="panel-group">\n<div class="panel panel-danger" id="task-140099411285328-status">\n<div class="panel-heading">\n<h4 class="panel-title">\n<a data-toggle="collapse" href="#task-140099411285328-status-collapse">\n                                            Infer Model\n                                            <small>Error</small>\n<span class="caret"></span>\n</a>\n</h4>\n</div>\n<div class="panel-collapse collapse in" id="task-140099411285328-status-collapse">\n<div class="panel-body">\n<div class="task-progress" style="display:none;">\n<div class="progress">\n<div class="progress-bar" style="width:0%">\n                                                    0%\n                                                </div>\n</div>\n                                            Estimated time remaining: <span class="task-eta">?</span>\n<br/>\n<br/>\n</div>\n<div class="task-statuses">\n<ul>\n<li>\n<span class="text-warning">Initialized</span>\n        at 05:46:55 PM\n            <small>(0 seconds)</small>\n</li>\n<li>\n<span class="text-info">Running</span>\n        at 05:46:55 PM\n            <small>(2 seconds)</small>\n</li>\n<li>\n<span class="text-danger">Error</span>\n        at 05:46:58 PM\n            <br>\n<small>(Total - 3 seconds)</small>\n</br></li>\n</ul>\n<h4 class="text-danger">ERROR: error code 1</h4>\n<pre>\nWARNING: log_file config option not found - no log file is being saved\n2017-05-09 17:46:58 [ERROR] InferenceError: Unable to find snapshot for epoch=-1.0\nTraceback (most recent call last):\nFile "/home/ethan/digits_GAN/digits/tools/inference.py", line 293, in &lt;module&gt;\nargs['resize']\nFile "/home/ethan/digits_GAN/digits/tools/inference.py", line 79, in infer\nraise InferenceError("Unable to find snapshot for epoch=%s" % repr(epoch))\ndigits.inference.errors.InferenceError: 'Unable to find snapshot for epoch=-1.0'\n        </pre>\n</div>\n</div>\n</div>\n</div>\n</div>\n</div>\n</div>\n</div>\n</div>\n<div class="gpu-utilization-info" style="display:none;"></div>\n<!-- Related jobs -->\n<div class="panel panel-default" id="notes-information">\n<div class="panel-heading">\n<h4>Notes</h4>\n</div>\n<div class="panel-body">\n<div class="col-sm-12" id="show-job-notes">\n<p style="display:inline;">None</p>\n</div>\n<div class="col-sm-12" id="edit-job-notes" style="display:none;">\n<script type="text/javascript">\n                        function updateJobNotes() {\n                        var newNotes = $("textarea[name=job-notes]").val();\n                        $.ajax("/jobs/20170509-174655-4e03",\n                                {\n                                    type: "PUT",\n                                    data: {"job_notes": newNotes}\n                                    }\n                              )\n                        .done(function() {\n                                $("#show-job-notes p").html(newNotes);\n                                $('#edit-job-notes').hide(); $('#show-job-notes').show();\n                                })\n                        .fail(function(data) { errorAlert(data); });\n                        return false;\n                    }\n                    </script>\n<textarea class="form-control" name="job-notes" placeholder="Enter notes" rows="5"></textarea>\n<a class="btn btn-primary" href="#" onclick="return updateJobNotes();">Update</a>\n<a class="btn btn-info" href="#" onclick="$('#edit-job-notes').hide(); $('#show-job-notes').show(); return false;">Cancel</a>\n</div>\n</div>\n</div>\n</div>\n</div>\n<div class="row">\n<script type="text/javascript">\n    function drawHistogram(id, data) {\n        c3.generate({\n            bindto: id,\n            size: {height: 200},\n            data: {\n                columns: [\n                    ['Count'].concat(data[0]),\n                    ['Value'].concat(data[1]),\n                ],\n                x: 'Value',\n                type: 'area-spline',\n            },\n            axis: {\n                x: {\n                    label: {\n                        text: 'Value',\n                        position: 'outer-center',\n                    },\n                    tick: {\n                        values: data[2],\n                        format: d3.format('.3g'),\n                    },\n                    padding: {left: 0},\n                },\n                y: {\n                    padding: {bottom: 0},\n                },\n            },\n            bar: {\n               width: {ratio: 0.2}\n            },\n            padding: {left: 20, right: 20},\n            legend: {hide: true},\n        });\n    }\n</script>\n<style>\n    div.histogram .c3-axis-y .tick {\n        display: none;\n    }\n</style>\n</div>\n</div>\n<script>\n$SCRIPT_ROOT = "";\n\n$(".explanation-tooltip").tooltip();\n\nwindow.onload = function () {\n    $('.autocomplete_path').autocomplete({\n       serviceUrl: '/autocomplete/path',\n       formatResult: function (suggestion, currentValue)\n       {\n            function baseName(str)\n            {\n               var base = new String(str).substring(str.lastIndexOf('/') + 1);\n               return base;\n            }\n            return baseName(suggestion.value);\n        },\n        minChars: 0\n    });\n    $(".autocomplete_path").removeAttr("autocomplete");\n};\n\n</script>\n<style>\n .about-menu {\n     width: 240px !important;\n }\n .brightness {\n     display: inline-block;\n }\n .brightness img:hover {\n     opacity: .75;\n }\n</style>\n</body>]
-------------------- >> begin captured logging << --------------------
socketio: INFO: emitting event "job update" to job_management [/jobs]
socketio: INFO: emitting event "task update" to 20170509-172315-d38b [/jobs]
socketio: INFO: emitting event "task update" to 20170509-174340-86bb [/jobs]
socketio: INFO: emitting event "task update" to 20170509-172516-8f4b [/jobs]
socketio: INFO: emitting event "task update" to 20170509-172352-bfdd [/jobs]
socketio: INFO: emitting event "job update" to 20170509-174655-4e03 [/jobs]
socketio: INFO: emitting event "job update" to job_management [/jobs]
socketio: INFO: emitting event "server update" to job_management [/jobs]
socketio: INFO: emitting event "server update" to job_management [/jobs]
digits.webapp: INFO: Infer Model task started.
socketio: INFO: emitting event "task update" to 20170509-174655-4e03 [/jobs]
socketio: INFO: emitting event "job update" to 20170509-174655-4e03 [/jobs]
socketio: INFO: emitting event "job update" to job_management [/jobs]
digits.webapp: INFO: Task subprocess args: "/usr/bin/python2 /home/ethan/digits_GAN/digits/tools/inference.py /tmp/tmpX3R8Ve/20170509-174655-4e03/tmpWvX17l.txt /tmp/tmpX3R8Ve/20170509-174655-4e03 20170509-174637-00ca --jobs_dir=/tmp/tmpX3R8Ve --layers=all --gpu=0"
socketio: INFO: emitting event "task update" to 20170509-172412-e6f0 [/jobs]
socketio: INFO: emitting event "task update" to 20170509-173329-1cea [/jobs]
socketio: INFO: emitting event "task update" to 20170509-173229-c795 [/jobs]
socketio: INFO: emitting event "task update" to 20170509-172202-9230 [/jobs]
socketio: INFO: emitting event "task update" to 20170509-173331-d237 [/jobs]
socketio: INFO: emitting event "task update" to 20170509-172317-7da8 [/jobs]
socketio: INFO: emitting event "task update" to 20170509-173008-ee07 [/jobs]
socketio: INFO: emitting event "task update" to 20170509-172210-1907 [/jobs]
socketio: INFO: emitting event "task update" to 20170509-173333-e98b [/jobs]
socketio: INFO: emitting event "task update" to 20170509-172825-84c5 [/jobs]
socketio: INFO: emitting event "task update" to 20170509-173335-6067 [/jobs]
socketio: INFO: emitting event "task update" to 20170509-172147-4505 [/jobs]
socketio: INFO: emitting event "task update" to 20170509-173337-8532 [/jobs]
socketio: INFO: emitting event "task update" to 20170509-172907-6ffa [/jobs]
socketio: INFO: emitting event "task update" to 20170509-174533-2a57 [/jobs]
socketio: INFO: emitting event "task update" to 20170509-174637-00ca [/jobs]
socketio: INFO: emitting event "task update" to 20170509-172339-dc52 [/jobs]
socketio: INFO: emitting event "task update" to 20170509-172625-e177 [/jobs]
socketio: INFO: emitting event "task update" to 20170509-173316-5f8a [/jobs]
socketio: INFO: emitting event "task update" to 20170509-173318-416e [/jobs]
socketio: INFO: emitting event "task update" to 20170509-173415-8046 [/jobs]
socketio: INFO: emitting event "task update" to 20170509-173027-0946 [/jobs]
socketio: INFO: emitting event "task update" to 20170509-172218-c9c0 [/jobs]
socketio: INFO: emitting event "task update" to 20170509-172328-6826 [/jobs]
socketio: INFO: emitting event "task update" to 20170509-173403-2593 [/jobs]
socketio: INFO: emitting event "task update" to 20170509-174313-cb2c [/jobs]
socketio: INFO: emitting event "task update" to 20170509-172344-9606 [/jobs]
socketio: INFO: emitting event "task update" to 20170509-172430-a33c [/jobs]
socketio: INFO: emitting event "task update" to 20170509-172605-0fd8 [/jobs]
socketio: INFO: emitting event "task update" to 20170509-172706-cfe6 [/jobs]
socketio: INFO: emitting event "task update" to 20170509-173209-48ad [/jobs]
socketio: INFO: emitting event "task update" to 20170509-173320-66e3 [/jobs]
socketio: INFO: emitting event "task update" to 20170509-172927-67d2 [/jobs]
socketio: INFO: emitting event "task update" to 20170509-173515-e8bf [/jobs]
socketio: INFO: emitting event "task update" to 20170509-172524-d7c0 [/jobs]
socketio: INFO: emitting event "task update" to 20170509-172419-2d22 [/jobs]
socketio: INFO: emitting event "task update" to 20170509-172337-f1aa [/jobs]
socketio: INFO: emitting event "task update" to 20170509-173228-acad [/jobs]
socketio: INFO: emitting event "task update" to 20170509-172350-6fcd [/jobs]
socketio: INFO: emitting event "task update" to 20170509-173357-1ed1 [/jobs]
socketio: INFO: emitting event "task update" to 20170509-172259-8252 [/jobs]
socketio: INFO: emitting event "task update" to 20170509-173322-0807 [/jobs]
socketio: INFO: emitting event "task update" to 20170509-172114-d063 [/jobs]
socketio: INFO: emitting event "task update" to 20170509-172323-89b4 [/jobs]
socketio: INFO: emitting event "task update" to 20170509-174411-45b4 [/jobs]
socketio: INFO: emitting event "task update" to 20170509-173300-0377 [/jobs]
socketio: INFO: emitting event "task update" to 20170509-173245-3417 [/jobs]
socketio: INFO: emitting event "task update" to 20170509-173324-49b0 [/jobs]
socketio: INFO: emitting event "task update" to 20170509-172342-e0ef [/jobs]
socketio: INFO: emitting event "task update" to 20170509-173108-a6ff [/jobs]
socketio: INFO: emitting event "task update" to 20170509-172725-6a13 [/jobs]
socketio: INFO: emitting event "task update" to 20170509-172806-b5bc [/jobs]
socketio: INFO: emitting event "task update" to 20170509-172227-0156 [/jobs]
socketio: INFO: emitting event "task update" to 20170509-174451-4b24 [/jobs]
socketio: INFO: emitting event "task update" to 20170509-172334-9d18 [/jobs]
socketio: INFO: emitting event "task update" to 20170509-173128-33ce [/jobs]
socketio: INFO: emitting event "task update" to 20170509-174604-6d86 [/jobs]
socketio: INFO: emitting event "task update" to 20170509-172347-b92a [/jobs]
socketio: INFO: emitting event "task update" to 20170509-173326-3e6f [/jobs]
socketio: INFO: emitting event "task update" to 20170509-172315-d38b [/jobs]
socketio: INFO: emitting event "task update" to 20170509-174340-86bb [/jobs]
socketio: INFO: emitting event "task update" to 20170509-172516-8f4b [/jobs]
socketio: INFO: emitting event "task update" to 20170509-172352-bfdd [/jobs]
socketio: INFO: emitting event "task update" to 20170509-172412-e6f0 [/jobs]
socketio: INFO: emitting event "task update" to 20170509-173329-1cea [/jobs]
socketio: INFO: emitting event "task update" to 20170509-173229-c795 [/jobs]
socketio: INFO: emitting event "task update" to 20170509-172202-9230 [/jobs]
socketio: INFO: emitting event "task update" to 20170509-173331-d237 [/jobs]
socketio: INFO: emitting event "task update" to 20170509-172317-7da8 [/jobs]
socketio: INFO: emitting event "task update" to 20170509-173008-ee07 [/jobs]
socketio: INFO: emitting event "task update" to 20170509-172210-1907 [/jobs]
socketio: INFO: emitting event "task update" to 20170509-173333-e98b [/jobs]
socketio: INFO: emitting event "task update" to 20170509-172825-84c5 [/jobs]
socketio: INFO: emitting event "task update" to 20170509-173335-6067 [/jobs]
socketio: INFO: emitting event "task update" to 20170509-172147-4505 [/jobs]
socketio: INFO: emitting event "task update" to 20170509-173337-8532 [/jobs]
socketio: INFO: emitting event "task update" to 20170509-172907-6ffa [/jobs]
socketio: INFO: emitting event "task update" to 20170509-174533-2a57 [/jobs]
socketio: INFO: emitting event "task update" to 20170509-174637-00ca [/jobs]
socketio: INFO: emitting event "task update" to 20170509-172339-dc52 [/jobs]
socketio: INFO: emitting event "task update" to 20170509-172625-e177 [/jobs]
socketio: INFO: emitting event "task update" to 20170509-173316-5f8a [/jobs]
socketio: INFO: emitting event "task update" to 20170509-173318-416e [/jobs]
socketio: INFO: emitting event "task update" to 20170509-173415-8046 [/jobs]
socketio: INFO: emitting event "task update" to 20170509-173027-0946 [/jobs]
socketio: INFO: emitting event "task update" to 20170509-172218-c9c0 [/jobs]
socketio: INFO: emitting event "task update" to 20170509-172328-6826 [/jobs]
socketio: INFO: emitting event "task update" to 20170509-173403-2593 [/jobs]
socketio: INFO: emitting event "task update" to 20170509-174313-cb2c [/jobs]
socketio: INFO: emitting event "task update" to 20170509-172344-9606 [/jobs]
socketio: INFO: emitting event "task update" to 20170509-172430-a33c [/jobs]
socketio: INFO: emitting event "task update" to 20170509-172605-0fd8 [/jobs]
socketio: INFO: emitting event "task update" to 20170509-172706-cfe6 [/jobs]
socketio: INFO: emitting event "task update" to 20170509-173209-48ad [/jobs]
socketio: INFO: emitting event "task update" to 20170509-173320-66e3 [/jobs]
socketio: INFO: emitting event "task update" to 20170509-172927-67d2 [/jobs]
socketio: INFO: emitting event "task update" to 20170509-173515-e8bf [/jobs]
socketio: INFO: emitting event "task update" to 20170509-172524-d7c0 [/jobs]
socketio: INFO: emitting event "task update" to 20170509-172419-2d22 [/jobs]
socketio: INFO: emitting event "task update" to 20170509-172337-f1aa [/jobs]
socketio: INFO: emitting event "task update" to 20170509-173228-acad [/jobs]
socketio: INFO: emitting event "task update" to 20170509-172350-6fcd [/jobs]
socketio: INFO: emitting event "task update" to 20170509-173357-1ed1 [/jobs]
socketio: INFO: emitting event "task update" to 20170509-172259-8252 [/jobs]
socketio: INFO: emitting event "task update" to 20170509-173322-0807 [/jobs]
socketio: INFO: emitting event "task update" to 20170509-172114-d063 [/jobs]
socketio: INFO: emitting event "task update" to 20170509-172323-89b4 [/jobs]
socketio: INFO: emitting event "task update" to 20170509-174411-45b4 [/jobs]
socketio: INFO: emitting event "task update" to 20170509-173300-0377 [/jobs]
socketio: INFO: emitting event "task update" to 20170509-173245-3417 [/jobs]
socketio: INFO: emitting event "task update" to 20170509-173324-49b0 [/jobs]
socketio: INFO: emitting event "task update" to 20170509-172342-e0ef [/jobs]
socketio: INFO: emitting event "task update" to 20170509-173108-a6ff [/jobs]
socketio: INFO: emitting event "task update" to 20170509-172725-6a13 [/jobs]
socketio: INFO: emitting event "task update" to 20170509-172806-b5bc [/jobs]
socketio: INFO: emitting event "task update" to 20170509-172227-0156 [/jobs]
socketio: INFO: emitting event "task update" to 20170509-174451-4b24 [/jobs]
socketio: INFO: emitting event "task update" to 20170509-172334-9d18 [/jobs]
socketio: INFO: emitting event "task update" to 20170509-173128-33ce [/jobs]
socketio: INFO: emitting event "task update" to 20170509-174604-6d86 [/jobs]
socketio: INFO: emitting event "task update" to 20170509-172347-b92a [/jobs]
socketio: INFO: emitting event "task update" to 20170509-173326-3e6f [/jobs]
socketio: INFO: emitting event "task update" to 20170509-172315-d38b [/jobs]
socketio: INFO: emitting event "task update" to 20170509-174340-86bb [/jobs]
socketio: INFO: emitting event "task update" to 20170509-172516-8f4b [/jobs]
socketio: INFO: emitting event "task update" to 20170509-172352-bfdd [/jobs]
socketio: INFO: emitting event "task update" to 20170509-172412-e6f0 [/jobs]
socketio: INFO: emitting event "task update" to 20170509-173329-1cea [/jobs]
socketio: INFO: emitting event "task update" to 20170509-173229-c795 [/jobs]
socketio: INFO: emitting event "task update" to 20170509-172202-9230 [/jobs]
socketio: INFO: emitting event "task update" to 20170509-173331-d237 [/jobs]
socketio: INFO: emitting event "task update" to 20170509-172317-7da8 [/jobs]
socketio: INFO: emitting event "task update" to 20170509-173008-ee07 [/jobs]
socketio: INFO: emitting event "task update" to 20170509-172210-1907 [/jobs]
socketio: INFO: emitting event "task update" to 20170509-173333-e98b [/jobs]
socketio: INFO: emitting event "task update" to 20170509-172825-84c5 [/jobs]
socketio: INFO: emitting event "task update" to 20170509-173335-6067 [/jobs]
socketio: INFO: emitting event "task update" to 20170509-172147-4505 [/jobs]
socketio: INFO: emitting event "task update" to 20170509-173337-8532 [/jobs]
socketio: INFO: emitting event "task update" to 20170509-172907-6ffa [/jobs]
socketio: INFO: emitting event "task update" to 20170509-174533-2a57 [/jobs]
socketio: INFO: emitting event "task update" to 20170509-174637-00ca [/jobs]
socketio: INFO: emitting event "task update" to 20170509-172339-dc52 [/jobs]
socketio: INFO: emitting event "task update" to 20170509-172625-e177 [/jobs]
socketio: INFO: emitting event "task update" to 20170509-173316-5f8a [/jobs]
socketio: INFO: emitting event "task update" to 20170509-173318-416e [/jobs]
socketio: INFO: emitting event "task update" to 20170509-173415-8046 [/jobs]
socketio: INFO: emitting event "task update" to 20170509-173027-0946 [/jobs]
socketio: INFO: emitting event "task update" to 20170509-172218-c9c0 [/jobs]
socketio: INFO: emitting event "task update" to 20170509-172328-6826 [/jobs]
socketio: INFO: emitting event "task update" to 20170509-173403-2593 [/jobs]
socketio: INFO: emitting event "task update" to 20170509-174313-cb2c [/jobs]
socketio: INFO: emitting event "task update" to 20170509-172344-9606 [/jobs]
socketio: INFO: emitting event "task update" to 20170509-172430-a33c [/jobs]
socketio: INFO: emitting event "task update" to 20170509-172605-0fd8 [/jobs]
socketio: INFO: emitting event "task update" to 20170509-172706-cfe6 [/jobs]
socketio: INFO: emitting event "task update" to 20170509-173209-48ad [/jobs]
socketio: INFO: emitting event "task update" to 20170509-173320-66e3 [/jobs]
socketio: INFO: emitting event "task update" to 20170509-172927-67d2 [/jobs]
socketio: INFO: emitting event "task update" to 20170509-173515-e8bf [/jobs]
socketio: INFO: emitting event "task update" to 20170509-172524-d7c0 [/jobs]
socketio: INFO: emitting event "task update" to 20170509-172419-2d22 [/jobs]
socketio: INFO: emitting event "task update" to 20170509-172337-f1aa [/jobs]
socketio: INFO: emitting event "task update" to 20170509-173228-acad [/jobs]
socketio: INFO: emitting event "task update" to 20170509-172350-6fcd [/jobs]
socketio: INFO: emitting event "task update" to 20170509-173357-1ed1 [/jobs]
digits.webapp: WARNING: Infer Model unrecognized output: WARNING: log_file config option not found - no log file is being saved
digits.webapp: WARNING: Infer Model unrecognized output: 2017-05-09 17:46:58 [ERROR] InferenceError: Unable to find snapshot for epoch=-1.0
digits.webapp: WARNING: Infer Model unrecognized output: Traceback (most recent call last):
digits.webapp: WARNING: Infer Model unrecognized output: File "/home/ethan/digits_GAN/digits/tools/inference.py", line 293, in <module>
digits.webapp: WARNING: Infer Model unrecognized output: args['resize']
digits.webapp: WARNING: Infer Model unrecognized output: File "/home/ethan/digits_GAN/digits/tools/inference.py", line 79, in infer
digits.webapp: WARNING: Infer Model unrecognized output: raise InferenceError("Unable to find snapshot for epoch=%s" % repr(epoch))
digits.webapp: WARNING: Infer Model unrecognized output: digits.inference.errors.InferenceError: 'Unable to find snapshot for epoch=-1.0'
socketio: INFO: emitting event "task update" to 20170509-172259-8252 [/jobs]
socketio: INFO: emitting event "task update" to 20170509-173322-0807 [/jobs]
socketio: INFO: emitting event "task update" to 20170509-172114-d063 [/jobs]
socketio: INFO: emitting event "task update" to 20170509-172323-89b4 [/jobs]
socketio: INFO: emitting event "task update" to 20170509-174411-45b4 [/jobs]
socketio: INFO: emitting event "task update" to 20170509-173300-0377 [/jobs]
socketio: INFO: emitting event "task update" to 20170509-173245-3417 [/jobs]
socketio: INFO: emitting event "task update" to 20170509-173324-49b0 [/jobs]
socketio: INFO: emitting event "task update" to 20170509-172342-e0ef [/jobs]
socketio: INFO: emitting event "task update" to 20170509-173108-a6ff [/jobs]
socketio: INFO: emitting event "task update" to 20170509-172725-6a13 [/jobs]
socketio: INFO: emitting event "task update" to 20170509-172806-b5bc [/jobs]
socketio: INFO: emitting event "task update" to 20170509-172227-0156 [/jobs]
socketio: INFO: emitting event "task update" to 20170509-174451-4b24 [/jobs]
socketio: INFO: emitting event "task update" to 20170509-172334-9d18 [/jobs]
socketio: INFO: emitting event "task update" to 20170509-173128-33ce [/jobs]
socketio: INFO: emitting event "task update" to 20170509-174604-6d86 [/jobs]
socketio: INFO: emitting event "task update" to 20170509-172347-b92a [/jobs]
socketio: INFO: emitting event "task update" to 20170509-173326-3e6f [/jobs]
socketio: INFO: emitting event "task update" to 20170509-172315-d38b [/jobs]
socketio: INFO: emitting event "task update" to 20170509-174340-86bb [/jobs]
socketio: INFO: emitting event "task update" to 20170509-172516-8f4b [/jobs]
digits.webapp: ERROR: Infer Model task failed with error code 1
socketio: INFO: emitting event "task update" to 20170509-174655-4e03 [/jobs]
socketio: INFO: emitting event "job update" to 20170509-174655-4e03 [/jobs]
socketio: INFO: emitting event "job update" to job_management [/jobs]
socketio: INFO: emitting event "server update" to job_management [/jobs]
socketio: INFO: emitting event "server update" to job_management [/jobs]
socketio: INFO: emitting event "task update" to 20170509-172352-bfdd [/jobs]
socketio: INFO: emitting event "job update" to 20170509-174655-4e03 [/jobs]
socketio: INFO: emitting event "job update" to job_management [/jobs]
digits: INFO: Job deleted.
socketio: INFO: emitting event "job update" to job_management [/jobs]
--------------------- >> end captured logging << ---------------------

======================================================================
FAIL: digits.model.images.generic.test_views.TestTensorflowCreatedWithImageProcessingExtensionMeanPixel.test_infer_one_json
----------------------------------------------------------------------
Traceback (most recent call last):
  File "/home/ethan/.local/lib/python2.7/site-packages/nose/case.py", line 197, in runTest
    self.test(*self.arg)
  File "/home/ethan/digits_GAN/digits/model/images/generic/test_views.py", line 830, in test_infer_one_json
    assert rv.status_code == 200, 'POST failed with %s' % rv.status_code
AssertionError: POST failed with 500
-------------------- >> begin captured logging << --------------------
socketio: INFO: emitting event "job update" to job_management [/jobs]
socketio: INFO: emitting event "job update" to 20170509-174658-63d6 [/jobs]
socketio: INFO: emitting event "job update" to job_management [/jobs]
socketio: INFO: emitting event "server update" to job_management [/jobs]
socketio: INFO: emitting event "server update" to job_management [/jobs]
digits.webapp: INFO: Infer Model task started.
socketio: INFO: emitting event "task update" to 20170509-174658-63d6 [/jobs]
socketio: INFO: emitting event "job update" to 20170509-174658-63d6 [/jobs]
socketio: INFO: emitting event "job update" to job_management [/jobs]
digits.webapp: INFO: Task subprocess args: "/usr/bin/python2 /home/ethan/digits_GAN/digits/tools/inference.py /tmp/tmpX3R8Ve/20170509-174658-63d6/tmpNmHgTT.txt /tmp/tmpX3R8Ve/20170509-174658-63d6 20170509-174637-00ca --jobs_dir=/tmp/tmpX3R8Ve --layers=none --gpu=0"
socketio: INFO: emitting event "task update" to 20170509-172412-e6f0 [/jobs]
socketio: INFO: emitting event "task update" to 20170509-173329-1cea [/jobs]
socketio: INFO: emitting event "task update" to 20170509-173229-c795 [/jobs]
socketio: INFO: emitting event "task update" to 20170509-172202-9230 [/jobs]
socketio: INFO: emitting event "task update" to 20170509-173331-d237 [/jobs]
socketio: INFO: emitting event "task update" to 20170509-172317-7da8 [/jobs]
socketio: INFO: emitting event "task update" to 20170509-173008-ee07 [/jobs]
socketio: INFO: emitting event "task update" to 20170509-172210-1907 [/jobs]
socketio: INFO: emitting event "task update" to 20170509-173333-e98b [/jobs]
socketio: INFO: emitting event "task update" to 20170509-172825-84c5 [/jobs]
socketio: INFO: emitting event "task update" to 20170509-173335-6067 [/jobs]
socketio: INFO: emitting event "task update" to 20170509-172147-4505 [/jobs]
socketio: INFO: emitting event "task update" to 20170509-173337-8532 [/jobs]
socketio: INFO: emitting event "task update" to 20170509-172907-6ffa [/jobs]
socketio: INFO: emitting event "task update" to 20170509-174533-2a57 [/jobs]
socketio: INFO: emitting event "task update" to 20170509-174637-00ca [/jobs]
socketio: INFO: emitting event "task update" to 20170509-172339-dc52 [/jobs]
socketio: INFO: emitting event "task update" to 20170509-172625-e177 [/jobs]
socketio: INFO: emitting event "task update" to 20170509-173316-5f8a [/jobs]
socketio: INFO: emitting event "task update" to 20170509-173318-416e [/jobs]
socketio: INFO: emitting event "task update" to 20170509-173415-8046 [/jobs]
socketio: INFO: emitting event "task update" to 20170509-173027-0946 [/jobs]
socketio: INFO: emitting event "task update" to 20170509-172218-c9c0 [/jobs]
socketio: INFO: emitting event "task update" to 20170509-172328-6826 [/jobs]
socketio: INFO: emitting event "task update" to 20170509-173403-2593 [/jobs]
socketio: INFO: emitting event "task update" to 20170509-174313-cb2c [/jobs]
socketio: INFO: emitting event "task update" to 20170509-172344-9606 [/jobs]
socketio: INFO: emitting event "task update" to 20170509-172430-a33c [/jobs]
socketio: INFO: emitting event "task update" to 20170509-172605-0fd8 [/jobs]
socketio: INFO: emitting event "task update" to 20170509-172706-cfe6 [/jobs]
socketio: INFO: emitting event "task update" to 20170509-173209-48ad [/jobs]
socketio: INFO: emitting event "task update" to 20170509-173320-66e3 [/jobs]
socketio: INFO: emitting event "task update" to 20170509-172927-67d2 [/jobs]
socketio: INFO: emitting event "task update" to 20170509-173515-e8bf [/jobs]
socketio: INFO: emitting event "task update" to 20170509-172524-d7c0 [/jobs]
socketio: INFO: emitting event "task update" to 20170509-172419-2d22 [/jobs]
socketio: INFO: emitting event "task update" to 20170509-172337-f1aa [/jobs]
socketio: INFO: emitting event "task update" to 20170509-173228-acad [/jobs]
socketio: INFO: emitting event "task update" to 20170509-172350-6fcd [/jobs]
socketio: INFO: emitting event "task update" to 20170509-173357-1ed1 [/jobs]
socketio: INFO: emitting event "task update" to 20170509-172259-8252 [/jobs]
socketio: INFO: emitting event "task update" to 20170509-173322-0807 [/jobs]
socketio: INFO: emitting event "task update" to 20170509-172114-d063 [/jobs]
socketio: INFO: emitting event "task update" to 20170509-172323-89b4 [/jobs]
socketio: INFO: emitting event "task update" to 20170509-174411-45b4 [/jobs]
socketio: INFO: emitting event "task update" to 20170509-173300-0377 [/jobs]
socketio: INFO: emitting event "task update" to 20170509-173245-3417 [/jobs]
socketio: INFO: emitting event "task update" to 20170509-173324-49b0 [/jobs]
socketio: INFO: emitting event "task update" to 20170509-172342-e0ef [/jobs]
socketio: INFO: emitting event "task update" to 20170509-173108-a6ff [/jobs]
socketio: INFO: emitting event "task update" to 20170509-172725-6a13 [/jobs]
socketio: INFO: emitting event "task update" to 20170509-172806-b5bc [/jobs]
socketio: INFO: emitting event "task update" to 20170509-172227-0156 [/jobs]
socketio: INFO: emitting event "task update" to 20170509-174451-4b24 [/jobs]
socketio: INFO: emitting event "task update" to 20170509-172334-9d18 [/jobs]
socketio: INFO: emitting event "task update" to 20170509-173128-33ce [/jobs]
socketio: INFO: emitting event "task update" to 20170509-174604-6d86 [/jobs]
socketio: INFO: emitting event "task update" to 20170509-172347-b92a [/jobs]
socketio: INFO: emitting event "task update" to 20170509-173326-3e6f [/jobs]
socketio: INFO: emitting event "task update" to 20170509-172315-d38b [/jobs]
socketio: INFO: emitting event "task update" to 20170509-174340-86bb [/jobs]
socketio: INFO: emitting event "task update" to 20170509-172516-8f4b [/jobs]
socketio: INFO: emitting event "task update" to 20170509-172352-bfdd [/jobs]
socketio: INFO: emitting event "task update" to 20170509-172412-e6f0 [/jobs]
socketio: INFO: emitting event "task update" to 20170509-173329-1cea [/jobs]
socketio: INFO: emitting event "task update" to 20170509-173229-c795 [/jobs]
socketio: INFO: emitting event "task update" to 20170509-172202-9230 [/jobs]
socketio: INFO: emitting event "task update" to 20170509-173331-d237 [/jobs]
socketio: INFO: emitting event "task update" to 20170509-172317-7da8 [/jobs]
socketio: INFO: emitting event "task update" to 20170509-173008-ee07 [/jobs]
socketio: INFO: emitting event "task update" to 20170509-172210-1907 [/jobs]
socketio: INFO: emitting event "task update" to 20170509-173333-e98b [/jobs]
socketio: INFO: emitting event "task update" to 20170509-172825-84c5 [/jobs]
socketio: INFO: emitting event "task update" to 20170509-173335-6067 [/jobs]
socketio: INFO: emitting event "task update" to 20170509-172147-4505 [/jobs]
socketio: INFO: emitting event "task update" to 20170509-173337-8532 [/jobs]
socketio: INFO: emitting event "task update" to 20170509-172907-6ffa [/jobs]
socketio: INFO: emitting event "task update" to 20170509-174533-2a57 [/jobs]
socketio: INFO: emitting event "task update" to 20170509-174637-00ca [/jobs]
socketio: INFO: emitting event "task update" to 20170509-172339-dc52 [/jobs]
socketio: INFO: emitting event "task update" to 20170509-172625-e177 [/jobs]
socketio: INFO: emitting event "task update" to 20170509-173316-5f8a [/jobs]
socketio: INFO: emitting event "task update" to 20170509-173318-416e [/jobs]
socketio: INFO: emitting event "task update" to 20170509-173415-8046 [/jobs]
socketio: INFO: emitting event "task update" to 20170509-173027-0946 [/jobs]
socketio: INFO: emitting event "task update" to 20170509-172218-c9c0 [/jobs]
socketio: INFO: emitting event "task update" to 20170509-172328-6826 [/jobs]
socketio: INFO: emitting event "task update" to 20170509-173403-2593 [/jobs]
socketio: INFO: emitting event "task update" to 20170509-174313-cb2c [/jobs]
socketio: INFO: emitting event "task update" to 20170509-172344-9606 [/jobs]
socketio: INFO: emitting event "task update" to 20170509-172430-a33c [/jobs]
socketio: INFO: emitting event "task update" to 20170509-172605-0fd8 [/jobs]
socketio: INFO: emitting event "task update" to 20170509-172706-cfe6 [/jobs]
socketio: INFO: emitting event "task update" to 20170509-173209-48ad [/jobs]
socketio: INFO: emitting event "task update" to 20170509-173320-66e3 [/jobs]
socketio: INFO: emitting event "task update" to 20170509-172927-67d2 [/jobs]
socketio: INFO: emitting event "task update" to 20170509-173515-e8bf [/jobs]
socketio: INFO: emitting event "task update" to 20170509-172524-d7c0 [/jobs]
socketio: INFO: emitting event "task update" to 20170509-172419-2d22 [/jobs]
socketio: INFO: emitting event "task update" to 20170509-172337-f1aa [/jobs]
socketio: INFO: emitting event "task update" to 20170509-173228-acad [/jobs]
socketio: INFO: emitting event "task update" to 20170509-172350-6fcd [/jobs]
socketio: INFO: emitting event "task update" to 20170509-173357-1ed1 [/jobs]
socketio: INFO: emitting event "task update" to 20170509-172259-8252 [/jobs]
socketio: INFO: emitting event "task update" to 20170509-173322-0807 [/jobs]
socketio: INFO: emitting event "task update" to 20170509-172114-d063 [/jobs]
socketio: INFO: emitting event "task update" to 20170509-172323-89b4 [/jobs]
socketio: INFO: emitting event "task update" to 20170509-174411-45b4 [/jobs]
socketio: INFO: emitting event "task update" to 20170509-173300-0377 [/jobs]
socketio: INFO: emitting event "task update" to 20170509-173245-3417 [/jobs]
socketio: INFO: emitting event "task update" to 20170509-173324-49b0 [/jobs]
socketio: INFO: emitting event "task update" to 20170509-172342-e0ef [/jobs]
socketio: INFO: emitting event "task update" to 20170509-173108-a6ff [/jobs]
socketio: INFO: emitting event "task update" to 20170509-172725-6a13 [/jobs]
socketio: INFO: emitting event "task update" to 20170509-172806-b5bc [/jobs]
socketio: INFO: emitting event "task update" to 20170509-172227-0156 [/jobs]
socketio: INFO: emitting event "task update" to 20170509-174451-4b24 [/jobs]
socketio: INFO: emitting event "task update" to 20170509-172334-9d18 [/jobs]
socketio: INFO: emitting event "task update" to 20170509-173128-33ce [/jobs]
socketio: INFO: emitting event "task update" to 20170509-174604-6d86 [/jobs]
socketio: INFO: emitting event "task update" to 20170509-172347-b92a [/jobs]
socketio: INFO: emitting event "task update" to 20170509-173326-3e6f [/jobs]
socketio: INFO: emitting event "task update" to 20170509-172315-d38b [/jobs]
socketio: INFO: emitting event "task update" to 20170509-174340-86bb [/jobs]
socketio: INFO: emitting event "task update" to 20170509-172516-8f4b [/jobs]
socketio: INFO: emitting event "task update" to 20170509-172352-bfdd [/jobs]
socketio: INFO: emitting event "task update" to 20170509-172412-e6f0 [/jobs]
socketio: INFO: emitting event "task update" to 20170509-173329-1cea [/jobs]
socketio: INFO: emitting event "task update" to 20170509-173229-c795 [/jobs]
socketio: INFO: emitting event "task update" to 20170509-172202-9230 [/jobs]
socketio: INFO: emitting event "task update" to 20170509-173331-d237 [/jobs]
socketio: INFO: emitting event "task update" to 20170509-172317-7da8 [/jobs]
socketio: INFO: emitting event "task update" to 20170509-173008-ee07 [/jobs]
socketio: INFO: emitting event "task update" to 20170509-172210-1907 [/jobs]
socketio: INFO: emitting event "task update" to 20170509-173333-e98b [/jobs]
socketio: INFO: emitting event "task update" to 20170509-172825-84c5 [/jobs]
socketio: INFO: emitting event "task update" to 20170509-173335-6067 [/jobs]
socketio: INFO: emitting event "task update" to 20170509-172147-4505 [/jobs]
socketio: INFO: emitting event "task update" to 20170509-173337-8532 [/jobs]
socketio: INFO: emitting event "task update" to 20170509-172907-6ffa [/jobs]
socketio: INFO: emitting event "task update" to 20170509-174533-2a57 [/jobs]
socketio: INFO: emitting event "task update" to 20170509-174637-00ca [/jobs]
socketio: INFO: emitting event "task update" to 20170509-172339-dc52 [/jobs]
socketio: INFO: emitting event "task update" to 20170509-172625-e177 [/jobs]
socketio: INFO: emitting event "task update" to 20170509-173316-5f8a [/jobs]
socketio: INFO: emitting event "task update" to 20170509-173318-416e [/jobs]
socketio: INFO: emitting event "task update" to 20170509-173415-8046 [/jobs]
socketio: INFO: emitting event "task update" to 20170509-173027-0946 [/jobs]
socketio: INFO: emitting event "task update" to 20170509-172218-c9c0 [/jobs]
socketio: INFO: emitting event "task update" to 20170509-172328-6826 [/jobs]
socketio: INFO: emitting event "task update" to 20170509-173403-2593 [/jobs]
socketio: INFO: emitting event "task update" to 20170509-174313-cb2c [/jobs]
socketio: INFO: emitting event "task update" to 20170509-172344-9606 [/jobs]
socketio: INFO: emitting event "task update" to 20170509-172430-a33c [/jobs]
socketio: INFO: emitting event "task update" to 20170509-172605-0fd8 [/jobs]
socketio: INFO: emitting event "task update" to 20170509-172706-cfe6 [/jobs]
socketio: INFO: emitting event "task update" to 20170509-173209-48ad [/jobs]
socketio: INFO: emitting event "task update" to 20170509-173320-66e3 [/jobs]
socketio: INFO: emitting event "task update" to 20170509-172927-67d2 [/jobs]
socketio: INFO: emitting event "task update" to 20170509-173515-e8bf [/jobs]
socketio: INFO: emitting event "task update" to 20170509-172524-d7c0 [/jobs]
socketio: INFO: emitting event "task update" to 20170509-172419-2d22 [/jobs]
socketio: INFO: emitting event "task update" to 20170509-172337-f1aa [/jobs]
socketio: INFO: emitting event "task update" to 20170509-173228-acad [/jobs]
socketio: INFO: emitting event "task update" to 20170509-172350-6fcd [/jobs]
digits.webapp: WARNING: Infer Model unrecognized output: WARNING: log_file config option not found - no log file is being saved
digits.webapp: WARNING: Infer Model unrecognized output: 2017-05-09 17:47:01 [ERROR] InferenceError: Unable to find snapshot for epoch=-1.0
digits.webapp: WARNING: Infer Model unrecognized output: Traceback (most recent call last):
digits.webapp: WARNING: Infer Model unrecognized output: File "/home/ethan/digits_GAN/digits/tools/inference.py", line 293, in <module>
digits.webapp: WARNING: Infer Model unrecognized output: args['resize']
digits.webapp: WARNING: Infer Model unrecognized output: File "/home/ethan/digits_GAN/digits/tools/inference.py", line 79, in infer
digits.webapp: WARNING: Infer Model unrecognized output: raise InferenceError("Unable to find snapshot for epoch=%s" % repr(epoch))
digits.webapp: WARNING: Infer Model unrecognized output: digits.inference.errors.InferenceError: 'Unable to find snapshot for epoch=-1.0'
socketio: INFO: emitting event "task update" to 20170509-173357-1ed1 [/jobs]
socketio: INFO: emitting event "task update" to 20170509-172259-8252 [/jobs]
digits.webapp: ERROR: Infer Model task failed with error code 1
socketio: INFO: emitting event "task update" to 20170509-174658-63d6 [/jobs]
socketio: INFO: emitting event "job update" to 20170509-174658-63d6 [/jobs]
socketio: INFO: emitting event "job update" to job_management [/jobs]
socketio: INFO: emitting event "server update" to job_management [/jobs]
socketio: INFO: emitting event "server update" to job_management [/jobs]
socketio: INFO: emitting event "job update" to 20170509-174658-63d6 [/jobs]
socketio: INFO: emitting event "job update" to job_management [/jobs]
digits: INFO: Job deleted.
socketio: INFO: emitting event "job update" to job_management [/jobs]
--------------------- >> end captured logging << ---------------------

======================================================================
FAIL: digits.model.images.generic.test_views.TestTensorflowCreatedWithImageProcessingExtensionMeanPixel.test_infer_one_noresize_json
----------------------------------------------------------------------
Traceback (most recent call last):
  File "/home/ethan/.local/lib/python2.7/site-packages/nose/case.py", line 197, in runTest
    self.test(*self.arg)
  File "/home/ethan/digits_GAN/digits/model/images/generic/test_views.py", line 867, in test_infer_one_noresize_json
    assert rv.status_code == 200, 'POST failed with %s' % rv.status_code
AssertionError: POST failed with 500
-------------------- >> begin captured logging << --------------------
socketio: INFO: emitting event "job update" to job_management [/jobs]
socketio: INFO: emitting event "task update" to 20170509-173322-0807 [/jobs]
socketio: INFO: emitting event "task update" to 20170509-172114-d063 [/jobs]
socketio: INFO: emitting event "task update" to 20170509-172323-89b4 [/jobs]
socketio: INFO: emitting event "task update" to 20170509-174411-45b4 [/jobs]
socketio: INFO: emitting event "task update" to 20170509-173300-0377 [/jobs]
socketio: INFO: emitting event "task update" to 20170509-173245-3417 [/jobs]
socketio: INFO: emitting event "task update" to 20170509-173324-49b0 [/jobs]
socketio: INFO: emitting event "task update" to 20170509-172342-e0ef [/jobs]
socketio: INFO: emitting event "task update" to 20170509-173108-a6ff [/jobs]
socketio: INFO: emitting event "task update" to 20170509-172725-6a13 [/jobs]
socketio: INFO: emitting event "task update" to 20170509-172806-b5bc [/jobs]
socketio: INFO: emitting event "task update" to 20170509-172227-0156 [/jobs]
socketio: INFO: emitting event "task update" to 20170509-174451-4b24 [/jobs]
socketio: INFO: emitting event "task update" to 20170509-172334-9d18 [/jobs]
socketio: INFO: emitting event "task update" to 20170509-173128-33ce [/jobs]
socketio: INFO: emitting event "task update" to 20170509-174604-6d86 [/jobs]
socketio: INFO: emitting event "task update" to 20170509-172347-b92a [/jobs]
socketio: INFO: emitting event "job update" to 20170509-174701-17be [/jobs]
socketio: INFO: emitting event "job update" to job_management [/jobs]
socketio: INFO: emitting event "server update" to job_management [/jobs]
socketio: INFO: emitting event "server update" to job_management [/jobs]
socketio: INFO: emitting event "task update" to 20170509-173326-3e6f [/jobs]
socketio: INFO: emitting event "task update" to 20170509-172315-d38b [/jobs]
socketio: INFO: emitting event "task update" to 20170509-174340-86bb [/jobs]
socketio: INFO: emitting event "task update" to 20170509-172516-8f4b [/jobs]
socketio: INFO: emitting event "task update" to 20170509-172352-bfdd [/jobs]
digits.webapp: INFO: Infer Model task started.
socketio: INFO: emitting event "task update" to 20170509-174701-17be [/jobs]
socketio: INFO: emitting event "job update" to 20170509-174701-17be [/jobs]
socketio: INFO: emitting event "job update" to job_management [/jobs]
digits.webapp: INFO: Task subprocess args: "/usr/bin/python2 /home/ethan/digits_GAN/digits/tools/inference.py /tmp/tmpX3R8Ve/20170509-174701-17be/tmp_BnxsM.txt /tmp/tmpX3R8Ve/20170509-174701-17be 20170509-174637-00ca --jobs_dir=/tmp/tmpX3R8Ve --layers=none --gpu=0 --no-resize"
socketio: INFO: emitting event "task update" to 20170509-172412-e6f0 [/jobs]
socketio: INFO: emitting event "task update" to 20170509-173329-1cea [/jobs]
socketio: INFO: emitting event "task update" to 20170509-173229-c795 [/jobs]
socketio: INFO: emitting event "task update" to 20170509-172202-9230 [/jobs]
socketio: INFO: emitting event "task update" to 20170509-173331-d237 [/jobs]
socketio: INFO: emitting event "task update" to 20170509-172317-7da8 [/jobs]
socketio: INFO: emitting event "task update" to 20170509-173008-ee07 [/jobs]
socketio: INFO: emitting event "task update" to 20170509-172210-1907 [/jobs]
socketio: INFO: emitting event "task update" to 20170509-173333-e98b [/jobs]
socketio: INFO: emitting event "task update" to 20170509-172825-84c5 [/jobs]
socketio: INFO: emitting event "task update" to 20170509-173335-6067 [/jobs]
socketio: INFO: emitting event "task update" to 20170509-172147-4505 [/jobs]
socketio: INFO: emitting event "task update" to 20170509-173337-8532 [/jobs]
socketio: INFO: emitting event "task update" to 20170509-172907-6ffa [/jobs]
socketio: INFO: emitting event "task update" to 20170509-174533-2a57 [/jobs]
socketio: INFO: emitting event "task update" to 20170509-174637-00ca [/jobs]
socketio: INFO: emitting event "task update" to 20170509-172339-dc52 [/jobs]
socketio: INFO: emitting event "task update" to 20170509-172625-e177 [/jobs]
socketio: INFO: emitting event "task update" to 20170509-173316-5f8a [/jobs]
socketio: INFO: emitting event "task update" to 20170509-173318-416e [/jobs]
socketio: INFO: emitting event "task update" to 20170509-173415-8046 [/jobs]
socketio: INFO: emitting event "task update" to 20170509-173027-0946 [/jobs]
socketio: INFO: emitting event "task update" to 20170509-172218-c9c0 [/jobs]
socketio: INFO: emitting event "task update" to 20170509-172328-6826 [/jobs]
socketio: INFO: emitting event "task update" to 20170509-173403-2593 [/jobs]
socketio: INFO: emitting event "task update" to 20170509-174313-cb2c [/jobs]
socketio: INFO: emitting event "task update" to 20170509-172344-9606 [/jobs]
socketio: INFO: emitting event "task update" to 20170509-172430-a33c [/jobs]
socketio: INFO: emitting event "task update" to 20170509-172605-0fd8 [/jobs]
socketio: INFO: emitting event "task update" to 20170509-172706-cfe6 [/jobs]
socketio: INFO: emitting event "task update" to 20170509-173209-48ad [/jobs]
socketio: INFO: emitting event "task update" to 20170509-173320-66e3 [/jobs]
socketio: INFO: emitting event "task update" to 20170509-172927-67d2 [/jobs]
socketio: INFO: emitting event "task update" to 20170509-173515-e8bf [/jobs]
socketio: INFO: emitting event "task update" to 20170509-172524-d7c0 [/jobs]
socketio: INFO: emitting event "task update" to 20170509-172419-2d22 [/jobs]
socketio: INFO: emitting event "task update" to 20170509-172337-f1aa [/jobs]
socketio: INFO: emitting event "task update" to 20170509-173228-acad [/jobs]
socketio: INFO: emitting event "task update" to 20170509-172350-6fcd [/jobs]
socketio: INFO: emitting event "task update" to 20170509-173357-1ed1 [/jobs]
socketio: INFO: emitting event "task update" to 20170509-172259-8252 [/jobs]
socketio: INFO: emitting event "task update" to 20170509-173322-0807 [/jobs]
socketio: INFO: emitting event "task update" to 20170509-172114-d063 [/jobs]
socketio: INFO: emitting event "task update" to 20170509-172323-89b4 [/jobs]
socketio: INFO: emitting event "task update" to 20170509-174411-45b4 [/jobs]
socketio: INFO: emitting event "task update" to 20170509-173300-0377 [/jobs]
socketio: INFO: emitting event "task update" to 20170509-173245-3417 [/jobs]
socketio: INFO: emitting event "task update" to 20170509-173324-49b0 [/jobs]
socketio: INFO: emitting event "task update" to 20170509-172342-e0ef [/jobs]
socketio: INFO: emitting event "task update" to 20170509-173108-a6ff [/jobs]
socketio: INFO: emitting event "task update" to 20170509-172725-6a13 [/jobs]
socketio: INFO: emitting event "task update" to 20170509-172806-b5bc [/jobs]
socketio: INFO: emitting event "task update" to 20170509-172227-0156 [/jobs]
socketio: INFO: emitting event "task update" to 20170509-174451-4b24 [/jobs]
socketio: INFO: emitting event "task update" to 20170509-172334-9d18 [/jobs]
socketio: INFO: emitting event "task update" to 20170509-173128-33ce [/jobs]
socketio: INFO: emitting event "task update" to 20170509-174604-6d86 [/jobs]
socketio: INFO: emitting event "task update" to 20170509-172347-b92a [/jobs]
socketio: INFO: emitting event "task update" to 20170509-173326-3e6f [/jobs]
socketio: INFO: emitting event "task update" to 20170509-172315-d38b [/jobs]
socketio: INFO: emitting event "task update" to 20170509-174340-86bb [/jobs]
socketio: INFO: emitting event "task update" to 20170509-172516-8f4b [/jobs]
socketio: INFO: emitting event "task update" to 20170509-172352-bfdd [/jobs]
socketio: INFO: emitting event "task update" to 20170509-172412-e6f0 [/jobs]
socketio: INFO: emitting event "task update" to 20170509-173329-1cea [/jobs]
socketio: INFO: emitting event "task update" to 20170509-173229-c795 [/jobs]
socketio: INFO: emitting event "task update" to 20170509-172202-9230 [/jobs]
socketio: INFO: emitting event "task update" to 20170509-173331-d237 [/jobs]
socketio: INFO: emitting event "task update" to 20170509-172317-7da8 [/jobs]
socketio: INFO: emitting event "task update" to 20170509-173008-ee07 [/jobs]
socketio: INFO: emitting event "task update" to 20170509-172210-1907 [/jobs]
socketio: INFO: emitting event "task update" to 20170509-173333-e98b [/jobs]
socketio: INFO: emitting event "task update" to 20170509-172825-84c5 [/jobs]
socketio: INFO: emitting event "task update" to 20170509-173335-6067 [/jobs]
socketio: INFO: emitting event "task update" to 20170509-172147-4505 [/jobs]
socketio: INFO: emitting event "task update" to 20170509-173337-8532 [/jobs]
socketio: INFO: emitting event "task update" to 20170509-172907-6ffa [/jobs]
socketio: INFO: emitting event "task update" to 20170509-174533-2a57 [/jobs]
socketio: INFO: emitting event "task update" to 20170509-174637-00ca [/jobs]
socketio: INFO: emitting event "task update" to 20170509-172339-dc52 [/jobs]
socketio: INFO: emitting event "task update" to 20170509-172625-e177 [/jobs]
socketio: INFO: emitting event "task update" to 20170509-173316-5f8a [/jobs]
socketio: INFO: emitting event "task update" to 20170509-173318-416e [/jobs]
socketio: INFO: emitting event "task update" to 20170509-173415-8046 [/jobs]
socketio: INFO: emitting event "task update" to 20170509-173027-0946 [/jobs]
socketio: INFO: emitting event "task update" to 20170509-172218-c9c0 [/jobs]
socketio: INFO: emitting event "task update" to 20170509-172328-6826 [/jobs]
socketio: INFO: emitting event "task update" to 20170509-173403-2593 [/jobs]
socketio: INFO: emitting event "task update" to 20170509-174313-cb2c [/jobs]
socketio: INFO: emitting event "task update" to 20170509-172344-9606 [/jobs]
socketio: INFO: emitting event "task update" to 20170509-172430-a33c [/jobs]
socketio: INFO: emitting event "task update" to 20170509-172605-0fd8 [/jobs]
socketio: INFO: emitting event "task update" to 20170509-172706-cfe6 [/jobs]
socketio: INFO: emitting event "task update" to 20170509-173209-48ad [/jobs]
socketio: INFO: emitting event "task update" to 20170509-173320-66e3 [/jobs]
socketio: INFO: emitting event "task update" to 20170509-172927-67d2 [/jobs]
socketio: INFO: emitting event "task update" to 20170509-173515-e8bf [/jobs]
socketio: INFO: emitting event "task update" to 20170509-172524-d7c0 [/jobs]
socketio: INFO: emitting event "task update" to 20170509-172419-2d22 [/jobs]
socketio: INFO: emitting event "task update" to 20170509-172337-f1aa [/jobs]
socketio: INFO: emitting event "task update" to 20170509-173228-acad [/jobs]
socketio: INFO: emitting event "task update" to 20170509-172350-6fcd [/jobs]
socketio: INFO: emitting event "task update" to 20170509-173357-1ed1 [/jobs]
socketio: INFO: emitting event "task update" to 20170509-172259-8252 [/jobs]
socketio: INFO: emitting event "task update" to 20170509-173322-0807 [/jobs]
socketio: INFO: emitting event "task update" to 20170509-172114-d063 [/jobs]
socketio: INFO: emitting event "task update" to 20170509-172323-89b4 [/jobs]
socketio: INFO: emitting event "task update" to 20170509-174411-45b4 [/jobs]
socketio: INFO: emitting event "task update" to 20170509-173300-0377 [/jobs]
socketio: INFO: emitting event "task update" to 20170509-173245-3417 [/jobs]
socketio: INFO: emitting event "task update" to 20170509-173324-49b0 [/jobs]
socketio: INFO: emitting event "task update" to 20170509-172342-e0ef [/jobs]
socketio: INFO: emitting event "task update" to 20170509-173108-a6ff [/jobs]
socketio: INFO: emitting event "task update" to 20170509-172725-6a13 [/jobs]
socketio: INFO: emitting event "task update" to 20170509-172806-b5bc [/jobs]
socketio: INFO: emitting event "task update" to 20170509-172227-0156 [/jobs]
socketio: INFO: emitting event "task update" to 20170509-174451-4b24 [/jobs]
socketio: INFO: emitting event "task update" to 20170509-172334-9d18 [/jobs]
socketio: INFO: emitting event "task update" to 20170509-173128-33ce [/jobs]
socketio: INFO: emitting event "task update" to 20170509-174604-6d86 [/jobs]
socketio: INFO: emitting event "task update" to 20170509-172347-b92a [/jobs]
socketio: INFO: emitting event "task update" to 20170509-173326-3e6f [/jobs]
socketio: INFO: emitting event "task update" to 20170509-172315-d38b [/jobs]
socketio: INFO: emitting event "task update" to 20170509-174340-86bb [/jobs]
socketio: INFO: emitting event "task update" to 20170509-172516-8f4b [/jobs]
socketio: INFO: emitting event "task update" to 20170509-172352-bfdd [/jobs]
socketio: INFO: emitting event "task update" to 20170509-172412-e6f0 [/jobs]
socketio: INFO: emitting event "task update" to 20170509-173329-1cea [/jobs]
socketio: INFO: emitting event "task update" to 20170509-173229-c795 [/jobs]
socketio: INFO: emitting event "task update" to 20170509-172202-9230 [/jobs]
socketio: INFO: emitting event "task update" to 20170509-173331-d237 [/jobs]
socketio: INFO: emitting event "task update" to 20170509-172317-7da8 [/jobs]
socketio: INFO: emitting event "task update" to 20170509-173008-ee07 [/jobs]
socketio: INFO: emitting event "task update" to 20170509-172210-1907 [/jobs]
socketio: INFO: emitting event "task update" to 20170509-173333-e98b [/jobs]
socketio: INFO: emitting event "task update" to 20170509-172825-84c5 [/jobs]
socketio: INFO: emitting event "task update" to 20170509-173335-6067 [/jobs]
socketio: INFO: emitting event "task update" to 20170509-172147-4505 [/jobs]
socketio: INFO: emitting event "task update" to 20170509-173337-8532 [/jobs]
socketio: INFO: emitting event "task update" to 20170509-172907-6ffa [/jobs]
socketio: INFO: emitting event "task update" to 20170509-174533-2a57 [/jobs]
socketio: INFO: emitting event "task update" to 20170509-174637-00ca [/jobs]
socketio: INFO: emitting event "task update" to 20170509-172339-dc52 [/jobs]
socketio: INFO: emitting event "task update" to 20170509-172625-e177 [/jobs]
socketio: INFO: emitting event "task update" to 20170509-173316-5f8a [/jobs]
socketio: INFO: emitting event "task update" to 20170509-173318-416e [/jobs]
socketio: INFO: emitting event "task update" to 20170509-173415-8046 [/jobs]
socketio: INFO: emitting event "task update" to 20170509-173027-0946 [/jobs]
socketio: INFO: emitting event "task update" to 20170509-172218-c9c0 [/jobs]
socketio: INFO: emitting event "task update" to 20170509-172328-6826 [/jobs]
socketio: INFO: emitting event "task update" to 20170509-173403-2593 [/jobs]
socketio: INFO: emitting event "task update" to 20170509-174313-cb2c [/jobs]
socketio: INFO: emitting event "task update" to 20170509-172344-9606 [/jobs]
socketio: INFO: emitting event "task update" to 20170509-172430-a33c [/jobs]
socketio: INFO: emitting event "task update" to 20170509-172605-0fd8 [/jobs]
socketio: INFO: emitting event "task update" to 20170509-172706-cfe6 [/jobs]
socketio: INFO: emitting event "task update" to 20170509-173209-48ad [/jobs]
socketio: INFO: emitting event "task update" to 20170509-173320-66e3 [/jobs]
socketio: INFO: emitting event "task update" to 20170509-172927-67d2 [/jobs]
socketio: INFO: emitting event "task update" to 20170509-173515-e8bf [/jobs]
socketio: INFO: emitting event "task update" to 20170509-172524-d7c0 [/jobs]
socketio: INFO: emitting event "task update" to 20170509-172419-2d22 [/jobs]
socketio: INFO: emitting event "task update" to 20170509-172337-f1aa [/jobs]
socketio: INFO: emitting event "task update" to 20170509-173228-acad [/jobs]
socketio: INFO: emitting event "task update" to 20170509-172350-6fcd [/jobs]
socketio: INFO: emitting event "task update" to 20170509-173357-1ed1 [/jobs]
digits.webapp: WARNING: Infer Model unrecognized output: WARNING: log_file config option not found - no log file is being saved
digits.webapp: WARNING: Infer Model unrecognized output: 2017-05-09 17:47:04 [ERROR] InferenceError: Unable to find snapshot for epoch=-1.0
digits.webapp: WARNING: Infer Model unrecognized output: Traceback (most recent call last):
digits.webapp: WARNING: Infer Model unrecognized output: File "/home/ethan/digits_GAN/digits/tools/inference.py", line 293, in <module>
digits.webapp: WARNING: Infer Model unrecognized output: args['resize']
digits.webapp: WARNING: Infer Model unrecognized output: File "/home/ethan/digits_GAN/digits/tools/inference.py", line 79, in infer
digits.webapp: WARNING: Infer Model unrecognized output: raise InferenceError("Unable to find snapshot for epoch=%s" % repr(epoch))
digits.webapp: WARNING: Infer Model unrecognized output: digits.inference.errors.InferenceError: 'Unable to find snapshot for epoch=-1.0'
socketio: INFO: emitting event "task update" to 20170509-172259-8252 [/jobs]
socketio: INFO: emitting event "task update" to 20170509-173322-0807 [/jobs]
socketio: INFO: emitting event "task update" to 20170509-172114-d063 [/jobs]
socketio: INFO: emitting event "task update" to 20170509-172323-89b4 [/jobs]
socketio: INFO: emitting event "task update" to 20170509-174411-45b4 [/jobs]
socketio: INFO: emitting event "task update" to 20170509-173300-0377 [/jobs]
socketio: INFO: emitting event "task update" to 20170509-173245-3417 [/jobs]
socketio: INFO: emitting event "task update" to 20170509-173324-49b0 [/jobs]
digits.webapp: ERROR: Infer Model task failed with error code 1
socketio: INFO: emitting event "task update" to 20170509-174701-17be [/jobs]
socketio: INFO: emitting event "job update" to 20170509-174701-17be [/jobs]
socketio: INFO: emitting event "job update" to job_management [/jobs]
socketio: INFO: emitting event "server update" to job_management [/jobs]
socketio: INFO: emitting event "server update" to job_management [/jobs]
socketio: INFO: emitting event "task update" to 20170509-172342-e0ef [/jobs]
socketio: INFO: emitting event "task update" to 20170509-173108-a6ff [/jobs]
socketio: INFO: emitting event "task update" to 20170509-172725-6a13 [/jobs]
socketio: INFO: emitting event "task update" to 20170509-172806-b5bc [/jobs]
socketio: INFO: emitting event "task update" to 20170509-172227-0156 [/jobs]
socketio: INFO: emitting event "task update" to 20170509-174451-4b24 [/jobs]
socketio: INFO: emitting event "task update" to 20170509-172334-9d18 [/jobs]
socketio: INFO: emitting event "task update" to 20170509-173128-33ce [/jobs]
socketio: INFO: emitting event "task update" to 20170509-174604-6d86 [/jobs]
socketio: INFO: emitting event "task update" to 20170509-172347-b92a [/jobs]
socketio: INFO: emitting event "task update" to 20170509-173326-3e6f [/jobs]
socketio: INFO: emitting event "task update" to 20170509-172315-d38b [/jobs]
socketio: INFO: emitting event "task update" to 20170509-174340-86bb [/jobs]
socketio: INFO: emitting event "task update" to 20170509-172516-8f4b [/jobs]
socketio: INFO: emitting event "task update" to 20170509-172352-bfdd [/jobs]
socketio: INFO: emitting event "job update" to 20170509-174701-17be [/jobs]
socketio: INFO: emitting event "job update" to job_management [/jobs]
digits: INFO: Job deleted.
socketio: INFO: emitting event "job update" to job_management [/jobs]
--------------------- >> end captured logging << ---------------------

======================================================================
FAIL: digits.model.images.generic.test_views.TestTensorflowCreatedWithImageProcessingExtensionMeanPixel.test_model_json
----------------------------------------------------------------------
Traceback (most recent call last):
  File "/home/ethan/.local/lib/python2.7/site-packages/nose/case.py", line 197, in runTest
    self.test(*self.arg)
  File "/home/ethan/digits_GAN/digits/model/images/generic/test_views.py", line 562, in test_model_json
    assert len(content['snapshots']) > 0, 'no snapshots in list'
AssertionError: no snapshots in list

======================================================================
FAIL: digits.model.images.generic.test_views.TestTensorflowCreation.test_infer_one_mean_image
----------------------------------------------------------------------
Traceback (most recent call last):
  File "/home/ethan/.local/lib/python2.7/site-packages/nose/case.py", line 197, in runTest
    self.test(*self.arg)
  File "/home/ethan/digits_GAN/digits/model/images/generic/test_views.py", line 397, in test_infer_one_mean_image
    self.infer_one_for_job(job_id)
  File "/home/ethan/digits_GAN/digits/model/images/generic/test_views.py", line 391, in infer_one_for_job
    assert rv.status_code == 200, 'POST failed with %s\n\n%s' % (rv.status_code, body)
AssertionError: POST failed with 500

[<body>\n<div class="navbar navbar-inverse navbar-fixed-top">\n<div class="container">\n<div class="navbar-header">\n<a class="navbar-brand" href="/">DIGITS</a>\n</div>\n<ul class="nav navbar-nav">\n<li><a href="/models/20170509-174718-7591">test_model</a></li>\n<li class="active"><a>Test One</a></li>\n</ul>\n<ul class="nav navbar-nav navbar-right">\n<li>\n<p class="navbar-text">\n            digits-testsuite (<a class="navbar-link" href="/logout">Logout</a>)\n            </p>\n</li>\n<li class="dropdown">\n<a class="dropdown-toggle" data-toggle="dropdown" href="#">Info<span class="caret"></span></a>\n<ul class="dropdown-menu navbar-inverse">\n<li><span class="navbar-text">Server: ethan-computer</span></li>\n<li><span class="navbar-text">DIGITS version: <br> 5.1-dev</br></span></li>\n<li><span class="navbar-text">Caffe version: <br> 0.15.13</br></span></li>\n<li><span class="navbar-text">Caffe flavor: <br> NVIDIA</br></span></li>\n</ul>\n</li>\n<li class="dropdown">\n<a class="dropdown-toggle" data-toggle="dropdown" href="#">About<span class="caret"></span></a>\n<ul class="dropdown-menu about-menu navbar-inverse">\n<li><span class="navbar-text"><a href="https://developer.nvidia.com/digits" target="_blank">\n                        DIGITS on developer.nvidia.com\n                    </a></span></li>\n<li><span class="navbar-text"><a href="https://github.com/NVIDIA/DIGITS" target="_blank">\n                        DIGITS on GitHub\n                    </a></span></li>\n<li><span class="navbar-text"><a href="https://groups.google.com/d/forum/digits-users" target="_blank">\n                        DIGITS user group\n                    </a></span></li>\n<li><span class="navbar-text"><a href="mailto:digits@nvidia.com">\n                        digits@nvidia.com\n                    </a></span></li>\n</ul>\n</li>\n</ul>\n</div>\n</div>\n<div class="container">\n<div class="jumbotron">\n<div class="container">\n<div class="row">\n<div class="col-sm-12" id="show-job-name">\n<h2 style="display:inline;">Infer One Image</h2>\n</div>\n<div class="col-sm-4" id="edit-job-name" style="display:none;">\n<script>\nfunction updateJobName() {\n    var newName = $("input[name=job-name]").val();\n    $.ajax("/jobs/20170509-174720-6286",\n            {\n                type: "PUT",\n                data: {"job_name": newName}\n                }\n          )\n    .done(function() {\n            $("#show-job-name h2").html(newName);\n            $('#edit-job-name').hide(); $('#show-job-name').show();\n            })\n    .fail(function(data) { errorAlert(data); });\n    return false;\n}\n                </script>\n<input class="form-control" name="job-name" value="Infer One Image"/>\n<a class="btn btn-primary" href="#" onclick="return updateJobName();">Update</a>\n<a class="btn btn-info" href="#" onclick="$('#edit-job-name').hide(); $('#show-job-name').show(); return false;">Cancel</a>\n</div>\n</div>\n<small>Owner: digits-testsuite</small>\n<div class="pull-right">\n<a class="btn btn-info" disabled="" id="clone-job">Clone Job</a>\n<a class="btn btn-warning hidden disabled" id="abort-job">Abort Job</a>\n<a class="btn btn-danger disabled" id="delete-job">Delete Job</a>\n</div>\n</div>\n<script>\n$('#abort-job').on('click', function(event) {\n        event.preventDefault();\n        bootbox.confirm(\n            'Are you sure you want to abort this job?',\n            function(result) {\n                if (result)\n                    $.ajax("/jobs/20170509-174720-6286/abort",\n                        {type: "POST"})\n                    .done(function() {\n                        $("#abort-job").hide();\n                        })\n                    .fail(function(data) { errorAlert(data); });\n            });\n        });\n\n$('#delete-job').on('click', function(event) {\n        event.preventDefault();\n        bootbox.confirm(\n            'Are you sure you want to delete this job?<br><br>All related files will be permanently removed.',\n            function(result) {\n                if (result)\n                    $.ajax("/jobs/20170509-174720-6286",\n                        {type: "DELETE"})\n                    .done(function() {\n                        window.location = "/";\n                        })\n                    .fail(function(data) { errorAlert(data); });\n            });\n        });\n    </script>\n</div>\n<div class="row">\n<!-- Job content -->\n<div class="col-sm-8">\n<script src="/static/js/3rdparty/jquery.elevateZoom-3.0.8.min.js?ver=4606b4a4404b87a591d409910710feb1"></script>\n<div class="page-header">\n<h1>\n        test_model\n        <small>\n            Generic Image Model\n        </small>\n</h1>\n</div>\n<div class="row">\n<div class="alert alert-danger">\n<p>Inference failed, see job log</p>\n</div>\n</div>\n</div>\n<!-- Tasks -->\n<div class="col-sm-4">\n<div class="panel-group">\n<div class="panel panel-danger" id="job-statuses">\n<div class="panel-heading">\n<h4 class="panel-title">\n                    Job Status\n                    <small>Error</small>\n</h4>\n</div>\n<div class="panel-collapse">\n<div class="panel-body">\n<div class="job-statuses">\n<ul>\n<li>\n<span class="text-warning">Initialized</span>\n        at 05:47:20 PM\n            <small>(0 seconds)</small>\n</li>\n<li>\n<span class="text-info">Running</span>\n        at 05:47:20 PM\n            <small>(3 seconds)</small>\n</li>\n<li>\n<span class="text-danger">Error</span>\n        at 05:47:23 PM\n            <br>\n<small>(Total - 3 seconds)</small>\n</br></li>\n</ul>\n</div>\n<div class="panel-group">\n<div class="panel panel-danger" id="task-140099414014160-status">\n<div class="panel-heading">\n<h4 class="panel-title">\n<a data-toggle="collapse" href="#task-140099414014160-status-collapse">\n                                            Infer Model\n                                            <small>Error</small>\n<span class="caret"></span>\n</a>\n</h4>\n</div>\n<div class="panel-collapse collapse in" id="task-140099414014160-status-collapse">\n<div class="panel-body">\n<div class="task-progress" style="display:none;">\n<div class="progress">\n<div class="progress-bar" style="width:0%">\n                                                    0%\n                                                </div>\n</div>\n                                            Estimated time remaining: <span class="task-eta">?</span>\n<br/>\n<br/>\n</div>\n<div class="task-statuses">\n<ul>\n<li>\n<span class="text-warning">Initialized</span>\n        at 05:47:20 PM\n            <small>(0 seconds)</small>\n</li>\n<li>\n<span class="text-info">Running</span>\n        at 05:47:20 PM\n            <small>(2 seconds)</small>\n</li>\n<li>\n<span class="text-danger">Error</span>\n        at 05:47:23 PM\n            <br>\n<small>(Total - 2 seconds)</small>\n</br></li>\n</ul>\n<h4 class="text-danger">ERROR: error code 1</h4>\n<pre>\nWARNING: log_file config option not found - no log file is being saved\n2017-05-09 17:47:23 [ERROR] InferenceError: Unable to find snapshot for epoch=-1.0\nTraceback (most recent call last):\nFile "/home/ethan/digits_GAN/digits/tools/inference.py", line 293, in &lt;module&gt;\nargs['resize']\nFile "/home/ethan/digits_GAN/digits/tools/inference.py", line 79, in infer\nraise InferenceError("Unable to find snapshot for epoch=%s" % repr(epoch))\ndigits.inference.errors.InferenceError: 'Unable to find snapshot for epoch=-1.0'\n        </pre>\n</div>\n</div>\n</div>\n</div>\n</div>\n</div>\n</div>\n</div>\n</div>\n<div class="gpu-utilization-info" style="display:none;"></div>\n<!-- Related jobs -->\n<div class="panel panel-default" id="notes-information">\n<div class="panel-heading">\n<h4>Notes</h4>\n</div>\n<div class="panel-body">\n<div class="col-sm-12" id="show-job-notes">\n<p style="display:inline;">None</p>\n</div>\n<div class="col-sm-12" id="edit-job-notes" style="display:none;">\n<script type="text/javascript">\n                        function updateJobNotes() {\n                        var newNotes = $("textarea[name=job-notes]").val();\n                        $.ajax("/jobs/20170509-174720-6286",\n                                {\n                                    type: "PUT",\n                                    data: {"job_notes": newNotes}\n                                    }\n                              )\n                        .done(function() {\n                                $("#show-job-notes p").html(newNotes);\n                                $('#edit-job-notes').hide(); $('#show-job-notes').show();\n                                })\n                        .fail(function(data) { errorAlert(data); });\n                        return false;\n                    }\n                    </script>\n<textarea class="form-control" name="job-notes" placeholder="Enter notes" rows="5"></textarea>\n<a class="btn btn-primary" href="#" onclick="return updateJobNotes();">Update</a>\n<a class="btn btn-info" href="#" onclick="$('#edit-job-notes').hide(); $('#show-job-notes').show(); return false;">Cancel</a>\n</div>\n</div>\n</div>\n</div>\n</div>\n<div class="row">\n<script type="text/javascript">\n    function drawHistogram(id, data) {\n        c3.generate({\n            bindto: id,\n            size: {height: 200},\n            data: {\n                columns: [\n                    ['Count'].concat(data[0]),\n                    ['Value'].concat(data[1]),\n                ],\n                x: 'Value',\n                type: 'area-spline',\n            },\n            axis: {\n                x: {\n                    label: {\n                        text: 'Value',\n                        position: 'outer-center',\n                    },\n                    tick: {\n                        values: data[2],\n                        format: d3.format('.3g'),\n                    },\n                    padding: {left: 0},\n                },\n                y: {\n                    padding: {bottom: 0},\n                },\n            },\n            bar: {\n               width: {ratio: 0.2}\n            },\n            padding: {left: 20, right: 20},\n            legend: {hide: true},\n        });\n    }\n</script>\n<style>\n    div.histogram .c3-axis-y .tick {\n        display: none;\n    }\n</style>\n</div>\n</div>\n<script>\n$SCRIPT_ROOT = "";\n\n$(".explanation-tooltip").tooltip();\n\nwindow.onload = function () {\n    $('.autocomplete_path').autocomplete({\n       serviceUrl: '/autocomplete/path',\n       formatResult: function (suggestion, currentValue)\n       {\n            function baseName(str)\n            {\n               var base = new String(str).substring(str.lastIndexOf('/') + 1);\n               return base;\n            }\n            return baseName(suggestion.value);\n        },\n        minChars: 0\n    });\n    $(".autocomplete_path").removeAttr("autocomplete");\n};\n\n</script>\n<style>\n .about-menu {\n     width: 240px !important;\n }\n .brightness {\n     display: inline-block;\n }\n .brightness img:hover {\n     opacity: .75;\n }\n</style>\n</body>]
-------------------- >> begin captured logging << --------------------
socketio: INFO: emitting event "job update" to job_management [/jobs]
socketio: INFO: emitting event "task update" to 20170509-173335-6067 [/jobs]
socketio: INFO: emitting event "task update" to 20170509-172147-4505 [/jobs]
socketio: INFO: emitting event "task update" to 20170509-173337-8532 [/jobs]
socketio: INFO: emitting event "task update" to 20170509-172907-6ffa [/jobs]
socketio: INFO: emitting event "task update" to 20170509-174533-2a57 [/jobs]
socketio: INFO: emitting event "task update" to 20170509-174637-00ca [/jobs]
socketio: INFO: emitting event "task update" to 20170509-172339-dc52 [/jobs]
socketio: INFO: emitting event "task update" to 20170509-172625-e177 [/jobs]
socketio: INFO: emitting event "task update" to 20170509-173316-5f8a [/jobs]
socketio: INFO: emitting event "task update" to 20170509-173318-416e [/jobs]
socketio: INFO: emitting event "task update" to 20170509-173415-8046 [/jobs]
socketio: INFO: emitting event "task update" to 20170509-173027-0946 [/jobs]
socketio: INFO: emitting event "task update" to 20170509-172218-c9c0 [/jobs]
socketio: INFO: emitting event "task update" to 20170509-172328-6826 [/jobs]
socketio: INFO: emitting event "job update" to 20170509-174718-7591 [/jobs]
socketio: INFO: emitting event "job update" to job_management [/jobs]
socketio: INFO: emitting event "server update" to job_management [/jobs]
socketio: INFO: emitting event "task update" to 20170509-173403-2593 [/jobs]
digits.webapp: INFO: Train Tensorflow Model task started.
socketio: INFO: emitting event "task update" to 20170509-174718-7591 [/jobs]
socketio: INFO: emitting event "job update" to 20170509-174718-7591 [/jobs]
socketio: INFO: emitting event "job update" to job_management [/jobs]
digits.webapp: INFO: Task subprocess args: "python2 /home/ethan/digits_GAN/digits/tools/tensorflow/main.py --network=network.py --epoch=3 --networkDirectory=/tmp/tmpX3R8Ve/20170509-174718-7591 --save=/tmp/tmpX3R8Ve/20170509-174718-7591 --snapshotPrefix=snapshot --snapshotInterval=1 --lr_base_rate=0.01 --lr_policy=step --batch_size=10 --mean=/tmp/tmpwfitKK/train_mean.binaryproto --train_db=/tmp/tmpwfitKK/train_images --train_labels=/tmp/tmpwfitKK/train_labels --validation_db=/tmp/tmpwfitKK/val_images --validation_labels=/tmp/tmpwfitKK/val_labels --lr_gamma=0.1 --lr_stepvalues=33 --subtractMean=image --seed=3405691582 --optimization=sgd --validation_interval=1 --log_runtime_stats_per_step=0 --augFlip=none --augHSVh=0 --augHSVs=0 --augHSVv=0"
socketio: INFO: emitting event "task update" to 20170509-174718-7591 [/jobs]
socketio: INFO: emitting event "task update" to 20170509-174313-cb2c [/jobs]
socketio: INFO: emitting event "task update" to 20170509-172344-9606 [/jobs]
socketio: INFO: emitting event "task update" to 20170509-172430-a33c [/jobs]
socketio: INFO: emitting event "task update" to 20170509-174710-c302 [/jobs]
socketio: INFO: emitting event "task update" to 20170509-172605-0fd8 [/jobs]
socketio: INFO: emitting event "task update" to 20170509-172706-cfe6 [/jobs]
socketio: INFO: emitting event "task update" to 20170509-173209-48ad [/jobs]
socketio: INFO: emitting event "task update" to 20170509-173320-66e3 [/jobs]
socketio: INFO: emitting event "task update" to 20170509-172927-67d2 [/jobs]
socketio: INFO: emitting event "task update" to 20170509-173515-e8bf [/jobs]
socketio: INFO: emitting event "task update" to 20170509-172524-d7c0 [/jobs]
socketio: INFO: emitting event "task update" to 20170509-172419-2d22 [/jobs]
socketio: INFO: emitting event "task update" to 20170509-172337-f1aa [/jobs]
socketio: INFO: emitting event "task update" to 20170509-173228-acad [/jobs]
socketio: INFO: emitting event "task update" to 20170509-172350-6fcd [/jobs]
socketio: INFO: emitting event "task update" to 20170509-174715-868b [/jobs]
socketio: INFO: emitting event "task update" to 20170509-173357-1ed1 [/jobs]
socketio: INFO: emitting event "task update" to 20170509-174707-a426 [/jobs]
socketio: INFO: emitting event "task update" to 20170509-172259-8252 [/jobs]
socketio: INFO: emitting event "task update" to 20170509-173322-0807 [/jobs]
socketio: INFO: emitting event "task update" to 20170509-172114-d063 [/jobs]
socketio: INFO: emitting event "task update" to 20170509-172323-89b4 [/jobs]
socketio: INFO: emitting event "task update" to 20170509-174411-45b4 [/jobs]
socketio: INFO: emitting event "task update" to 20170509-173300-0377 [/jobs]
socketio: INFO: emitting event "task update" to 20170509-173245-3417 [/jobs]
socketio: INFO: emitting event "task update" to 20170509-173324-49b0 [/jobs]
socketio: INFO: emitting event "task update" to 20170509-172342-e0ef [/jobs]
socketio: INFO: emitting event "task update" to 20170509-173108-a6ff [/jobs]
socketio: INFO: emitting event "task update" to 20170509-172725-6a13 [/jobs]
socketio: INFO: emitting event "task update" to 20170509-172806-b5bc [/jobs]
socketio: INFO: emitting event "task update" to 20170509-172227-0156 [/jobs]
socketio: INFO: emitting event "task update" to 20170509-174451-4b24 [/jobs]
socketio: INFO: emitting event "task update" to 20170509-172334-9d18 [/jobs]
socketio: INFO: emitting event "task update" to 20170509-174713-a2c5 [/jobs]
socketio: INFO: emitting event "task update" to 20170509-173128-33ce [/jobs]
socketio: INFO: emitting event "task update" to 20170509-174604-6d86 [/jobs]
socketio: INFO: emitting event "task update" to 20170509-172347-b92a [/jobs]
socketio: INFO: emitting event "task update" to 20170509-173326-3e6f [/jobs]
socketio: INFO: emitting event "task update" to 20170509-172315-d38b [/jobs]
socketio: INFO: emitting event "task update" to 20170509-174340-86bb [/jobs]
socketio: INFO: emitting event "task update" to 20170509-172516-8f4b [/jobs]
socketio: INFO: emitting event "task update" to 20170509-172352-bfdd [/jobs]
socketio: INFO: emitting event "task update" to 20170509-172412-e6f0 [/jobs]
socketio: INFO: emitting event "task update" to 20170509-173329-1cea [/jobs]
socketio: INFO: emitting event "task update" to 20170509-173229-c795 [/jobs]
socketio: INFO: emitting event "task update" to 20170509-172202-9230 [/jobs]
socketio: INFO: emitting event "task update" to 20170509-173331-d237 [/jobs]
socketio: INFO: emitting event "task update" to 20170509-172317-7da8 [/jobs]
socketio: INFO: emitting event "task update" to 20170509-173008-ee07 [/jobs]
socketio: INFO: emitting event "task update" to 20170509-172210-1907 [/jobs]
socketio: INFO: emitting event "task update" to 20170509-173333-e98b [/jobs]
socketio: INFO: emitting event "task update" to 20170509-172825-84c5 [/jobs]
socketio: INFO: emitting event "task update" to 20170509-173335-6067 [/jobs]
socketio: INFO: emitting event "task update" to 20170509-172147-4505 [/jobs]
socketio: INFO: emitting event "task update" to 20170509-173337-8532 [/jobs]
socketio: INFO: emitting event "task update" to 20170509-172907-6ffa [/jobs]
socketio: INFO: emitting event "task update" to 20170509-174533-2a57 [/jobs]
socketio: INFO: emitting event "task update" to 20170509-174637-00ca [/jobs]
socketio: INFO: emitting event "task update" to 20170509-172339-dc52 [/jobs]
socketio: INFO: emitting event "task update" to 20170509-172625-e177 [/jobs]
socketio: INFO: emitting event "task update" to 20170509-173316-5f8a [/jobs]
socketio: INFO: emitting event "task update" to 20170509-173318-416e [/jobs]
socketio: INFO: emitting event "task update" to 20170509-173415-8046 [/jobs]
socketio: INFO: emitting event "task update" to 20170509-173027-0946 [/jobs]
socketio: INFO: emitting event "task update" to 20170509-172218-c9c0 [/jobs]
socketio: INFO: emitting event "task update" to 20170509-172328-6826 [/jobs]
socketio: INFO: emitting event "task update" to 20170509-173403-2593 [/jobs]
socketio: INFO: emitting event "task update" to 20170509-174313-cb2c [/jobs]
socketio: INFO: emitting event "task update" to 20170509-172344-9606 [/jobs]
socketio: INFO: emitting event "task update" to 20170509-172430-a33c [/jobs]
socketio: INFO: emitting event "task update" to 20170509-174710-c302 [/jobs]
socketio: INFO: emitting event "task update" to 20170509-172605-0fd8 [/jobs]
socketio: INFO: emitting event "task update" to 20170509-172706-cfe6 [/jobs]
socketio: INFO: emitting event "task update" to 20170509-173209-48ad [/jobs]
socketio: INFO: emitting event "task update" to 20170509-173320-66e3 [/jobs]
socketio: INFO: emitting event "task update" to 20170509-172927-67d2 [/jobs]
socketio: INFO: emitting event "task update" to 20170509-173515-e8bf [/jobs]
socketio: INFO: emitting event "task update" to 20170509-172524-d7c0 [/jobs]
socketio: INFO: emitting event "task update" to 20170509-172419-2d22 [/jobs]
socketio: INFO: emitting event "task update" to 20170509-172337-f1aa [/jobs]
socketio: INFO: emitting event "task update" to 20170509-173228-acad [/jobs]
socketio: INFO: emitting event "task update" to 20170509-172350-6fcd [/jobs]
socketio: INFO: emitting event "task update" to 20170509-174715-868b [/jobs]
socketio: INFO: emitting event "task update" to 20170509-173357-1ed1 [/jobs]
socketio: INFO: emitting event "task update" to 20170509-174707-a426 [/jobs]
digits.webapp: WARNING: Train Tensorflow Model unrecognized output: 2017-05-09 17:47:19.746938: W tensorflow/core/platform/cpu_feature_guard.cc:45] The TensorFlow library wasn't compiled to use SSE4.1 instructions, but these are available on your machine and could speed up CPU computations.
digits.webapp: WARNING: Train Tensorflow Model unrecognized output: 2017-05-09 17:47:19.746953: W tensorflow/core/platform/cpu_feature_guard.cc:45] The TensorFlow library wasn't compiled to use SSE4.2 instructions, but these are available on your machine and could speed up CPU computations.
digits.webapp: WARNING: Train Tensorflow Model unrecognized output: 2017-05-09 17:47:19.746957: W tensorflow/core/platform/cpu_feature_guard.cc:45] The TensorFlow library wasn't compiled to use AVX instructions, but these are available on your machine and could speed up CPU computations.
socketio: INFO: emitting event "task update" to 20170509-172259-8252 [/jobs]
socketio: INFO: emitting event "task update" to 20170509-173322-0807 [/jobs]
socketio: INFO: emitting event "task update" to 20170509-172114-d063 [/jobs]
socketio: INFO: emitting event "task update" to 20170509-172323-89b4 [/jobs]
digits.webapp: WARNING: Train Tensorflow Model unrecognized output: 2017-05-09 17:47:19.870733: I tensorflow/stream_executor/cuda/cuda_gpu_executor.cc:901] successful NUMA node read from SysFS had negative value (-1), but there must be at least one NUMA node, so returning NUMA node zero
digits.webapp: WARNING: Train Tensorflow Model unrecognized output: 2017-05-09 17:47:19.871148: I tensorflow/core/common_runtime/gpu/gpu_device.cc:887] Found device 0 with properties:
digits.webapp: WARNING: Train Tensorflow Model unrecognized output: name: GeForce GTX TITAN X
digits.webapp: WARNING: Train Tensorflow Model unrecognized output: major: 5 minor: 2 memoryClockRate (GHz) 1.076
digits.webapp: WARNING: Train Tensorflow Model unrecognized output: pciBusID 0000:01:00.0
digits.webapp: WARNING: Train Tensorflow Model unrecognized output: Total memory: 11.92GiB
digits.webapp: WARNING: Train Tensorflow Model unrecognized output: Free memory: 10.21GiB
digits.webapp: WARNING: Train Tensorflow Model unrecognized output: 2017-05-09 17:47:19.871162: I tensorflow/core/common_runtime/gpu/gpu_device.cc:908] DMA: 0
digits.webapp: WARNING: Train Tensorflow Model unrecognized output: 2017-05-09 17:47:19.871167: I tensorflow/core/common_runtime/gpu/gpu_device.cc:918] 0:   Y
digits.webapp: WARNING: Train Tensorflow Model unrecognized output: 2017-05-09 17:47:19.871178: I tensorflow/core/common_runtime/gpu/gpu_device.cc:977] Creating TensorFlow device (/gpu:0) -> (device: 0, name: GeForce GTX TITAN X, pci bus id: 0000:01:00.0)
digits.webapp: WARNING: Train Tensorflow Model unrecognized output: 2017-05-09 17:47:19.981035: I tensorflow/core/common_runtime/gpu/gpu_device.cc:977] Creating TensorFlow device (/gpu:0) -> (device: 0, name: GeForce GTX TITAN X, pci bus id: 0000:01:00.0)
digits.webapp: WARNING: Train Tensorflow Model unrecognized output: 2017-05-09 17:47:19.989398: I tensorflow/core/common_runtime/gpu/gpu_device.cc:977] Creating TensorFlow device (/gpu:0) -> (device: 0, name: GeForce GTX TITAN X, pci bus id: 0000:01:00.0)
socketio: INFO: emitting event "task update" to 20170509-174411-45b4 [/jobs]
socketio: INFO: emitting event "task update" to 20170509-173300-0377 [/jobs]
socketio: INFO: emitting event "task update" to 20170509-173245-3417 [/jobs]
socketio: INFO: emitting event "task update" to 20170509-173324-49b0 [/jobs]
socketio: INFO: emitting event "task update" to 20170509-172342-e0ef [/jobs]
socketio: INFO: emitting event "task update" to 20170509-173108-a6ff [/jobs]
socketio: INFO: emitting event "task update" to 20170509-172725-6a13 [/jobs]
socketio: INFO: emitting event "task update" to 20170509-172806-b5bc [/jobs]
socketio: INFO: emitting event "task update" to 20170509-172227-0156 [/jobs]
socketio: INFO: emitting event "task update" to 20170509-174451-4b24 [/jobs]
socketio: INFO: emitting event "task update" to 20170509-172334-9d18 [/jobs]
socketio: INFO: emitting event "task update" to 20170509-174713-a2c5 [/jobs]
socketio: INFO: emitting event "task update" to 20170509-173128-33ce [/jobs]
socketio: INFO: emitting event "task update" to 20170509-174604-6d86 [/jobs]
socketio: INFO: emitting event "task update" to 20170509-172347-b92a [/jobs]
socketio: INFO: emitting event "task update" to 20170509-173326-3e6f [/jobs]
socketio: INFO: emitting event "task update" to 20170509-172315-d38b [/jobs]
socketio: INFO: emitting event "task update" to 20170509-174340-86bb [/jobs]
socketio: INFO: emitting event "task update" to 20170509-172516-8f4b [/jobs]
socketio: INFO: emitting event "task update" to 20170509-172352-bfdd [/jobs]
socketio: INFO: emitting event "task update" to 20170509-172412-e6f0 [/jobs]
socketio: INFO: emitting event "task update" to 20170509-173329-1cea [/jobs]
socketio: INFO: emitting event "task update" to 20170509-173229-c795 [/jobs]
socketio: INFO: emitting event "task update" to 20170509-172202-9230 [/jobs]
socketio: INFO: emitting event "task update" to 20170509-173331-d237 [/jobs]
socketio: INFO: emitting event "task update" to 20170509-172317-7da8 [/jobs]
socketio: INFO: emitting event "task update" to 20170509-173008-ee07 [/jobs]
socketio: INFO: emitting event "task update" to 20170509-172210-1907 [/jobs]
socketio: INFO: emitting event "task update" to 20170509-173333-e98b [/jobs]
socketio: INFO: emitting event "task update" to 20170509-172825-84c5 [/jobs]
socketio: INFO: emitting event "task update" to 20170509-173335-6067 [/jobs]
socketio: INFO: emitting event "task update" to 20170509-172147-4505 [/jobs]
socketio: INFO: emitting event "task update" to 20170509-173337-8532 [/jobs]
socketio: INFO: emitting event "task update" to 20170509-172907-6ffa [/jobs]
socketio: INFO: emitting event "task update" to 20170509-174533-2a57 [/jobs]
socketio: INFO: emitting event "task update" to 20170509-174637-00ca [/jobs]
socketio: INFO: emitting event "task update" to 20170509-172339-dc52 [/jobs]
socketio: INFO: emitting event "task update" to 20170509-172625-e177 [/jobs]
socketio: INFO: emitting event "task update" to 20170509-173316-5f8a [/jobs]
socketio: INFO: emitting event "task update" to 20170509-173318-416e [/jobs]
socketio: INFO: emitting event "task update" to 20170509-173415-8046 [/jobs]
socketio: INFO: emitting event "task update" to 20170509-173027-0946 [/jobs]
socketio: INFO: emitting event "task update" to 20170509-172218-c9c0 [/jobs]
socketio: INFO: emitting event "task update" to 20170509-172328-6826 [/jobs]
socketio: INFO: emitting event "task update" to 20170509-173403-2593 [/jobs]
socketio: INFO: emitting event "task update" to 20170509-174718-7591 [/jobs]
digits.webapp: DEBUG: Network validation loss #0.0: 0.107787
digits.webapp: DEBUG: Validation (epoch 0): loss = 0.107787
socketio: INFO: emitting event "task update" to 20170509-174718-7591 [/jobs]
socketio: INFO: emitting event "job update" to job_management [/jobs]
digits.webapp: DEBUG: Training 6.67% complete.
socketio: INFO: emitting event "task update" to 20170509-174718-7591 [/jobs]
socketio: INFO: emitting event "task update" to job_management [/jobs]
digits.webapp: DEBUG: Training (epoch 0.2): loss = 0.092555, lr = 0.010000
socketio: INFO: emitting event "task update" to 20170509-174718-7591 [/jobs]
socketio: INFO: emitting event "job update" to job_management [/jobs]
digits.webapp: DEBUG: Training (epoch 0.4): loss = 0.078019, lr = 0.010000
socketio: INFO: emitting event "task update" to 20170509-174718-7591 [/jobs]
socketio: INFO: emitting event "job update" to job_management [/jobs]
digits.webapp: DEBUG: Training (epoch 0.6): loss = 0.082115, lr = 0.010000
socketio: INFO: emitting event "task update" to 20170509-174718-7591 [/jobs]
socketio: INFO: emitting event "job update" to job_management [/jobs]
digits.webapp: DEBUG: Training (epoch 0.8): loss = 0.071714, lr = 0.010000
socketio: INFO: emitting event "task update" to 20170509-174718-7591 [/jobs]
socketio: INFO: emitting event "job update" to job_management [/jobs]
digits.webapp: DEBUG: Training (epoch 1.0): loss = 0.072004, lr = 0.010000
socketio: INFO: emitting event "task update" to 20170509-174718-7591 [/jobs]
digits.webapp: DEBUG: Network validation loss #1.0: 0.092754
digits.webapp: DEBUG: Validation (epoch 1.0): loss = 0.092754
socketio: INFO: emitting event "task update" to 20170509-174313-cb2c [/jobs]
digits.webapp: WARNING: Train Tensorflow Model unrecognized output: INFO:tensorflow:/tmp/tmpX3R8Ve/20170509-174718-7591/snapshot_1.ckpt is not in all_model_checkpoint_paths. Manually adding it.
socketio: INFO: emitting event "task update" to 20170509-174718-7591 [/jobs]
socketio: INFO: emitting event "task update" to 20170509-174718-7591 [/jobs]
socketio: INFO: emitting event "job update" to job_management [/jobs]
digits.webapp: DEBUG: Training (epoch 1.2): loss = 0.080390, lr = 0.001000
socketio: INFO: emitting event "task update" to 20170509-174718-7591 [/jobs]
socketio: INFO: emitting event "job update" to job_management [/jobs]
digits.webapp: DEBUG: Training (epoch 1.4): loss = 0.069111, lr = 0.001000
socketio: INFO: emitting event "task update" to 20170509-174718-7591 [/jobs]
socketio: INFO: emitting event "job update" to job_management [/jobs]
digits.webapp: DEBUG: Training (epoch 1.6): loss = 0.075479, lr = 0.001000
socketio: INFO: emitting event "task update" to 20170509-174718-7591 [/jobs]
socketio: INFO: emitting event "job update" to job_management [/jobs]
digits.webapp: DEBUG: Training (epoch 1.8): loss = 0.067296, lr = 0.001000
socketio: INFO: emitting event "task update" to 20170509-174718-7591 [/jobs]
socketio: INFO: emitting event "job update" to job_management [/jobs]
digits.webapp: DEBUG: Training (epoch 2.0): loss = 0.069357, lr = 0.001000
socketio: INFO: emitting event "task update" to 20170509-174718-7591 [/jobs]
digits.webapp: DEBUG: Network validation loss #2.0: 0.091377
digits.webapp: DEBUG: Validation (epoch 2.0): loss = 0.091377
digits.webapp: WARNING: Train Tensorflow Model unrecognized output: INFO:tensorflow:/tmp/tmpX3R8Ve/20170509-174718-7591/snapshot_2.ckpt is not in all_model_checkpoint_paths. Manually adding it.
socketio: INFO: emitting event "task update" to 20170509-174718-7591 [/jobs]
socketio: INFO: emitting event "task update" to 20170509-172344-9606 [/jobs]
socketio: INFO: emitting event "task update" to 20170509-172430-a33c [/jobs]
socketio: INFO: emitting event "task update" to 20170509-174710-c302 [/jobs]
socketio: INFO: emitting event "task update" to 20170509-172605-0fd8 [/jobs]
socketio: INFO: emitting event "task update" to 20170509-172706-cfe6 [/jobs]
socketio: INFO: emitting event "task update" to 20170509-173209-48ad [/jobs]
socketio: INFO: emitting event "task update" to 20170509-173320-66e3 [/jobs]
socketio: INFO: emitting event "task update" to 20170509-172927-67d2 [/jobs]
socketio: INFO: emitting event "task update" to 20170509-173515-e8bf [/jobs]
socketio: INFO: emitting event "task update" to 20170509-172524-d7c0 [/jobs]
socketio: INFO: emitting event "task update" to 20170509-174718-7591 [/jobs]
socketio: INFO: emitting event "job update" to job_management [/jobs]
digits.webapp: DEBUG: Training (epoch 2.2): loss = 0.079249, lr = 0.000100
socketio: INFO: emitting event "task update" to 20170509-174718-7591 [/jobs]
socketio: INFO: emitting event "job update" to job_management [/jobs]
digits.webapp: DEBUG: Training (epoch 2.4): loss = 0.068322, lr = 0.000100
socketio: INFO: emitting event "task update" to 20170509-174718-7591 [/jobs]
socketio: INFO: emitting event "job update" to job_management [/jobs]
digits.webapp: DEBUG: Training (epoch 2.6): loss = 0.074836, lr = 0.000100
socketio: INFO: emitting event "task update" to 20170509-174718-7591 [/jobs]
socketio: INFO: emitting event "job update" to job_management [/jobs]
digits.webapp: DEBUG: Training (epoch 2.8): loss = 0.066871, lr = 0.000100
socketio: INFO: emitting event "task update" to 20170509-174718-7591 [/jobs]
socketio: INFO: emitting event "job update" to job_management [/jobs]
digits.webapp: DEBUG: Training (epoch 3.0): loss = 0.069099, lr = 0.000100
socketio: INFO: emitting event "task update" to 20170509-174718-7591 [/jobs]
digits.webapp: DEBUG: Network validation loss #3.0: 0.09124
digits.webapp: DEBUG: Validation (epoch 3.0): loss = 0.091240
digits.webapp: WARNING: Train Tensorflow Model unrecognized output: INFO:tensorflow:/tmp/tmpX3R8Ve/20170509-174718-7591/snapshot_3.ckpt is not in all_model_checkpoint_paths. Manually adding it.
socketio: INFO: emitting event "task update" to 20170509-174718-7591 [/jobs]
digits.webapp: WARNING: Train Tensorflow Model unrecognized output: 2017-05-09 17:47:20.486259: W tensorflow/core/framework/op_kernel.cc:1152] Out of range: PaddingFIFOQueue '_3_train/data/batcher/padding_fifo_queue' is closed and has insufficient elements (requested 10, current size 0)
digits.webapp: WARNING: Train Tensorflow Model unrecognized output: [[Node: train/data/batcher = QueueDequeueUpToV2[component_types=[DT_STRING, DT_FLOAT, DT_FLOAT], timeout_ms=-1, _device="/job:localhost/replica:0/task:0/cpu:0"](train/data/batcher/padding_fifo_queue, train/data/batcher/n)]]
socketio: INFO: emitting event "task update" to 20170509-172419-2d22 [/jobs]
socketio: INFO: emitting event "task update" to 20170509-172337-f1aa [/jobs]
socketio: INFO: emitting event "task update" to 20170509-173228-acad [/jobs]
digits.webapp: WARNING: Train Tensorflow Model unrecognized output: Training wall-time: 0.317798852921
socketio: INFO: emitting event "task update" to 20170509-172350-6fcd [/jobs]
socketio: INFO: emitting event "task update" to 20170509-174715-868b [/jobs]
socketio: INFO: emitting event "task update" to 20170509-173357-1ed1 [/jobs]
digits.webapp: INFO: Train Tensorflow Model task completed.
socketio: INFO: emitting event "task update" to 20170509-174718-7591 [/jobs]
socketio: INFO: emitting event "job update" to job_management [/jobs]
socketio: INFO: emitting event "task update" to 20170509-174718-7591 [/jobs]
socketio: INFO: emitting event "job update" to 20170509-174718-7591 [/jobs]
socketio: INFO: emitting event "job update" to job_management [/jobs]
socketio: INFO: emitting event "server update" to job_management [/jobs]
socketio: INFO: emitting event "task update" to 20170509-174707-a426 [/jobs]
socketio: INFO: emitting event "job update" to job_management [/jobs]
socketio: INFO: emitting event "job update" to 20170509-174718-7591 [/jobs]
socketio: INFO: emitting event "job update" to job_management [/jobs]
digits: INFO: Job complete.
socketio: INFO: emitting event "task update" to 20170509-172259-8252 [/jobs]
socketio: INFO: emitting event "task update" to 20170509-173322-0807 [/jobs]
socketio: INFO: emitting event "task update" to 20170509-172114-d063 [/jobs]
socketio: INFO: emitting event "job update" to job_management [/jobs]
socketio: INFO: emitting event "task update" to 20170509-172323-89b4 [/jobs]
socketio: INFO: emitting event "job update" to 20170509-174720-6286 [/jobs]
socketio: INFO: emitting event "job update" to job_management [/jobs]
socketio: INFO: emitting event "server update" to job_management [/jobs]
socketio: INFO: emitting event "server update" to job_management [/jobs]
digits.webapp: INFO: Infer Model task started.
socketio: INFO: emitting event "task update" to 20170509-174720-6286 [/jobs]
socketio: INFO: emitting event "job update" to 20170509-174720-6286 [/jobs]
socketio: INFO: emitting event "job update" to job_management [/jobs]
digits.webapp: INFO: Task subprocess args: "/usr/bin/python2 /home/ethan/digits_GAN/digits/tools/inference.py /tmp/tmpX3R8Ve/20170509-174720-6286/tmpGtInws.txt /tmp/tmpX3R8Ve/20170509-174720-6286 20170509-174718-7591 --jobs_dir=/tmp/tmpX3R8Ve --layers=all --gpu=0"
socketio: INFO: emitting event "task update" to 20170509-174411-45b4 [/jobs]
socketio: INFO: emitting event "task update" to 20170509-173300-0377 [/jobs]
socketio: INFO: emitting event "task update" to 20170509-173245-3417 [/jobs]
socketio: INFO: emitting event "task update" to 20170509-173324-49b0 [/jobs]
socketio: INFO: emitting event "task update" to 20170509-172342-e0ef [/jobs]
socketio: INFO: emitting event "task update" to 20170509-173108-a6ff [/jobs]
socketio: INFO: emitting event "task update" to 20170509-172725-6a13 [/jobs]
socketio: INFO: emitting event "task update" to 20170509-172806-b5bc [/jobs]
socketio: INFO: emitting event "task update" to 20170509-172227-0156 [/jobs]
socketio: INFO: emitting event "task update" to 20170509-174451-4b24 [/jobs]
socketio: INFO: emitting event "task update" to 20170509-172334-9d18 [/jobs]
socketio: INFO: emitting event "task update" to 20170509-174713-a2c5 [/jobs]
socketio: INFO: emitting event "task update" to 20170509-173128-33ce [/jobs]
socketio: INFO: emitting event "task update" to 20170509-174604-6d86 [/jobs]
socketio: INFO: emitting event "task update" to 20170509-172347-b92a [/jobs]
socketio: INFO: emitting event "task update" to 20170509-173326-3e6f [/jobs]
socketio: INFO: emitting event "task update" to 20170509-172315-d38b [/jobs]
socketio: INFO: emitting event "task update" to 20170509-174340-86bb [/jobs]
socketio: INFO: emitting event "task update" to 20170509-172516-8f4b [/jobs]
socketio: INFO: emitting event "task update" to 20170509-172352-bfdd [/jobs]
socketio: INFO: emitting event "task update" to 20170509-172412-e6f0 [/jobs]
socketio: INFO: emitting event "task update" to 20170509-173329-1cea [/jobs]
socketio: INFO: emitting event "task update" to 20170509-173229-c795 [/jobs]
socketio: INFO: emitting event "task update" to 20170509-172202-9230 [/jobs]
socketio: INFO: emitting event "task update" to 20170509-173331-d237 [/jobs]
socketio: INFO: emitting event "task update" to 20170509-172317-7da8 [/jobs]
socketio: INFO: emitting event "task update" to 20170509-173008-ee07 [/jobs]
socketio: INFO: emitting event "task update" to 20170509-172210-1907 [/jobs]
socketio: INFO: emitting event "task update" to 20170509-173333-e98b [/jobs]
socketio: INFO: emitting event "task update" to 20170509-172825-84c5 [/jobs]
socketio: INFO: emitting event "task update" to 20170509-173335-6067 [/jobs]
socketio: INFO: emitting event "task update" to 20170509-172147-4505 [/jobs]
socketio: INFO: emitting event "task update" to 20170509-173337-8532 [/jobs]
socketio: INFO: emitting event "task update" to 20170509-172907-6ffa [/jobs]
socketio: INFO: emitting event "task update" to 20170509-174533-2a57 [/jobs]
socketio: INFO: emitting event "task update" to 20170509-174637-00ca [/jobs]
socketio: INFO: emitting event "task update" to 20170509-172339-dc52 [/jobs]
socketio: INFO: emitting event "task update" to 20170509-172625-e177 [/jobs]
socketio: INFO: emitting event "task update" to 20170509-173316-5f8a [/jobs]
socketio: INFO: emitting event "task update" to 20170509-173318-416e [/jobs]
socketio: INFO: emitting event "task update" to 20170509-173415-8046 [/jobs]
socketio: INFO: emitting event "task update" to 20170509-173027-0946 [/jobs]
socketio: INFO: emitting event "task update" to 20170509-172218-c9c0 [/jobs]
socketio: INFO: emitting event "task update" to 20170509-172328-6826 [/jobs]
socketio: INFO: emitting event "task update" to 20170509-173403-2593 [/jobs]
socketio: INFO: emitting event "task update" to 20170509-174718-7591 [/jobs]
socketio: INFO: emitting event "task update" to 20170509-174313-cb2c [/jobs]
socketio: INFO: emitting event "task update" to 20170509-172344-9606 [/jobs]
socketio: INFO: emitting event "task update" to 20170509-172430-a33c [/jobs]
socketio: INFO: emitting event "task update" to 20170509-174710-c302 [/jobs]
socketio: INFO: emitting event "task update" to 20170509-172605-0fd8 [/jobs]
socketio: INFO: emitting event "task update" to 20170509-173209-48ad [/jobs]
socketio: INFO: emitting event "task update" to 20170509-173320-66e3 [/jobs]
socketio: INFO: emitting event "task update" to 20170509-172927-67d2 [/jobs]
socketio: INFO: emitting event "task update" to 20170509-173515-e8bf [/jobs]
socketio: INFO: emitting event "task update" to 20170509-172524-d7c0 [/jobs]
socketio: INFO: emitting event "task update" to 20170509-172419-2d22 [/jobs]
socketio: INFO: emitting event "task update" to 20170509-172337-f1aa [/jobs]
socketio: INFO: emitting event "task update" to 20170509-173228-acad [/jobs]
socketio: INFO: emitting event "task update" to 20170509-172350-6fcd [/jobs]
socketio: INFO: emitting event "task update" to 20170509-174715-868b [/jobs]
socketio: INFO: emitting event "task update" to 20170509-173357-1ed1 [/jobs]
socketio: INFO: emitting event "task update" to 20170509-174707-a426 [/jobs]
socketio: INFO: emitting event "task update" to 20170509-172259-8252 [/jobs]
socketio: INFO: emitting event "task update" to 20170509-173322-0807 [/jobs]
socketio: INFO: emitting event "task update" to 20170509-172114-d063 [/jobs]
socketio: INFO: emitting event "task update" to 20170509-172323-89b4 [/jobs]
socketio: INFO: emitting event "task update" to 20170509-174411-45b4 [/jobs]
socketio: INFO: emitting event "task update" to 20170509-173300-0377 [/jobs]
socketio: INFO: emitting event "task update" to 20170509-173245-3417 [/jobs]
socketio: INFO: emitting event "task update" to 20170509-173324-49b0 [/jobs]
socketio: INFO: emitting event "task update" to 20170509-172342-e0ef [/jobs]
socketio: INFO: emitting event "task update" to 20170509-173108-a6ff [/jobs]
socketio: INFO: emitting event "task update" to 20170509-172725-6a13 [/jobs]
socketio: INFO: emitting event "task update" to 20170509-172806-b5bc [/jobs]
socketio: INFO: emitting event "task update" to 20170509-172227-0156 [/jobs]
socketio: INFO: emitting event "task update" to 20170509-174451-4b24 [/jobs]
socketio: INFO: emitting event "task update" to 20170509-172334-9d18 [/jobs]
socketio: INFO: emitting event "task update" to 20170509-174713-a2c5 [/jobs]
socketio: INFO: emitting event "task update" to 20170509-173128-33ce [/jobs]
socketio: INFO: emitting event "task update" to 20170509-174604-6d86 [/jobs]
socketio: INFO: emitting event "task update" to 20170509-172347-b92a [/jobs]
socketio: INFO: emitting event "task update" to 20170509-173326-3e6f [/jobs]
socketio: INFO: emitting event "task update" to 20170509-172315-d38b [/jobs]
socketio: INFO: emitting event "task update" to 20170509-174340-86bb [/jobs]
socketio: INFO: emitting event "task update" to 20170509-172516-8f4b [/jobs]
socketio: INFO: emitting event "task update" to 20170509-172352-bfdd [/jobs]
socketio: INFO: emitting event "task update" to 20170509-172412-e6f0 [/jobs]
socketio: INFO: emitting event "task update" to 20170509-173329-1cea [/jobs]
socketio: INFO: emitting event "task update" to 20170509-173229-c795 [/jobs]
socketio: INFO: emitting event "task update" to 20170509-172202-9230 [/jobs]
socketio: INFO: emitting event "task update" to 20170509-173331-d237 [/jobs]
socketio: INFO: emitting event "task update" to 20170509-172317-7da8 [/jobs]
socketio: INFO: emitting event "task update" to 20170509-173008-ee07 [/jobs]
socketio: INFO: emitting event "task update" to 20170509-172210-1907 [/jobs]
socketio: INFO: emitting event "task update" to 20170509-173333-e98b [/jobs]
socketio: INFO: emitting event "task update" to 20170509-172825-84c5 [/jobs]
socketio: INFO: emitting event "task update" to 20170509-173335-6067 [/jobs]
socketio: INFO: emitting event "task update" to 20170509-172147-4505 [/jobs]
socketio: INFO: emitting event "task update" to 20170509-173337-8532 [/jobs]
socketio: INFO: emitting event "task update" to 20170509-172907-6ffa [/jobs]
socketio: INFO: emitting event "task update" to 20170509-174533-2a57 [/jobs]
socketio: INFO: emitting event "task update" to 20170509-174637-00ca [/jobs]
socketio: INFO: emitting event "task update" to 20170509-172339-dc52 [/jobs]
socketio: INFO: emitting event "task update" to 20170509-172625-e177 [/jobs]
socketio: INFO: emitting event "task update" to 20170509-173316-5f8a [/jobs]
socketio: INFO: emitting event "task update" to 20170509-173318-416e [/jobs]
socketio: INFO: emitting event "task update" to 20170509-173415-8046 [/jobs]
socketio: INFO: emitting event "task update" to 20170509-173027-0946 [/jobs]
socketio: INFO: emitting event "task update" to 20170509-172218-c9c0 [/jobs]
socketio: INFO: emitting event "task update" to 20170509-172328-6826 [/jobs]
socketio: INFO: emitting event "task update" to 20170509-173403-2593 [/jobs]
socketio: INFO: emitting event "task update" to 20170509-174718-7591 [/jobs]
socketio: INFO: emitting event "task update" to 20170509-174313-cb2c [/jobs]
socketio: INFO: emitting event "task update" to 20170509-172344-9606 [/jobs]
socketio: INFO: emitting event "task update" to 20170509-172430-a33c [/jobs]
socketio: INFO: emitting event "task update" to 20170509-174710-c302 [/jobs]
socketio: INFO: emitting event "task update" to 20170509-172605-0fd8 [/jobs]
socketio: INFO: emitting event "task update" to 20170509-172706-cfe6 [/jobs]
socketio: INFO: emitting event "task update" to 20170509-173209-48ad [/jobs]
socketio: INFO: emitting event "task update" to 20170509-173320-66e3 [/jobs]
socketio: INFO: emitting event "task update" to 20170509-172927-67d2 [/jobs]
socketio: INFO: emitting event "task update" to 20170509-173515-e8bf [/jobs]
socketio: INFO: emitting event "task update" to 20170509-172524-d7c0 [/jobs]
socketio: INFO: emitting event "task update" to 20170509-172419-2d22 [/jobs]
socketio: INFO: emitting event "task update" to 20170509-172337-f1aa [/jobs]
socketio: INFO: emitting event "task update" to 20170509-173228-acad [/jobs]
socketio: INFO: emitting event "task update" to 20170509-172350-6fcd [/jobs]
socketio: INFO: emitting event "task update" to 20170509-174715-868b [/jobs]
socketio: INFO: emitting event "task update" to 20170509-173357-1ed1 [/jobs]
socketio: INFO: emitting event "task update" to 20170509-174707-a426 [/jobs]
socketio: INFO: emitting event "task update" to 20170509-172259-8252 [/jobs]
socketio: INFO: emitting event "task update" to 20170509-173322-0807 [/jobs]
socketio: INFO: emitting event "task update" to 20170509-172114-d063 [/jobs]
socketio: INFO: emitting event "task update" to 20170509-172323-89b4 [/jobs]
socketio: INFO: emitting event "task update" to 20170509-174411-45b4 [/jobs]
socketio: INFO: emitting event "task update" to 20170509-173300-0377 [/jobs]
socketio: INFO: emitting event "task update" to 20170509-173245-3417 [/jobs]
socketio: INFO: emitting event "task update" to 20170509-173324-49b0 [/jobs]
socketio: INFO: emitting event "task update" to 20170509-172342-e0ef [/jobs]
socketio: INFO: emitting event "task update" to 20170509-173108-a6ff [/jobs]
socketio: INFO: emitting event "task update" to 20170509-172725-6a13 [/jobs]
socketio: INFO: emitting event "task update" to 20170509-172806-b5bc [/jobs]
socketio: INFO: emitting event "task update" to 20170509-172227-0156 [/jobs]
socketio: INFO: emitting event "task update" to 20170509-174451-4b24 [/jobs]
socketio: INFO: emitting event "task update" to 20170509-172334-9d18 [/jobs]
socketio: INFO: emitting event "task update" to 20170509-174713-a2c5 [/jobs]
socketio: INFO: emitting event "task update" to 20170509-173128-33ce [/jobs]
socketio: INFO: emitting event "task update" to 20170509-174604-6d86 [/jobs]
socketio: INFO: emitting event "task update" to 20170509-172347-b92a [/jobs]
socketio: INFO: emitting event "task update" to 20170509-173326-3e6f [/jobs]
socketio: INFO: emitting event "task update" to 20170509-172315-d38b [/jobs]
socketio: INFO: emitting event "task update" to 20170509-174340-86bb [/jobs]
socketio: INFO: emitting event "task update" to 20170509-172516-8f4b [/jobs]
socketio: INFO: emitting event "task update" to 20170509-172352-bfdd [/jobs]
socketio: INFO: emitting event "task update" to 20170509-172412-e6f0 [/jobs]
socketio: INFO: emitting event "task update" to 20170509-173329-1cea [/jobs]
socketio: INFO: emitting event "task update" to 20170509-173229-c795 [/jobs]
socketio: INFO: emitting event "task update" to 20170509-172202-9230 [/jobs]
socketio: INFO: emitting event "task update" to 20170509-173331-d237 [/jobs]
socketio: INFO: emitting event "task update" to 20170509-172317-7da8 [/jobs]
socketio: INFO: emitting event "task update" to 20170509-173008-ee07 [/jobs]
socketio: INFO: emitting event "task update" to 20170509-172210-1907 [/jobs]
socketio: INFO: emitting event "task update" to 20170509-173333-e98b [/jobs]
socketio: INFO: emitting event "task update" to 20170509-172825-84c5 [/jobs]
socketio: INFO: emitting event "task update" to 20170509-173335-6067 [/jobs]
socketio: INFO: emitting event "task update" to 20170509-172147-4505 [/jobs]
socketio: INFO: emitting event "task update" to 20170509-173337-8532 [/jobs]
socketio: INFO: emitting event "task update" to 20170509-172907-6ffa [/jobs]
socketio: INFO: emitting event "task update" to 20170509-174533-2a57 [/jobs]
socketio: INFO: emitting event "task update" to 20170509-174637-00ca [/jobs]
socketio: INFO: emitting event "task update" to 20170509-172339-dc52 [/jobs]
socketio: INFO: emitting event "task update" to 20170509-172625-e177 [/jobs]
socketio: INFO: emitting event "task update" to 20170509-173316-5f8a [/jobs]
socketio: INFO: emitting event "task update" to 20170509-173318-416e [/jobs]
socketio: INFO: emitting event "task update" to 20170509-173415-8046 [/jobs]
socketio: INFO: emitting event "task update" to 20170509-173027-0946 [/jobs]
socketio: INFO: emitting event "task update" to 20170509-172218-c9c0 [/jobs]
socketio: INFO: emitting event "task update" to 20170509-172328-6826 [/jobs]
socketio: INFO: emitting event "task update" to 20170509-173403-2593 [/jobs]
socketio: INFO: emitting event "task update" to 20170509-174718-7591 [/jobs]
socketio: INFO: emitting event "task update" to 20170509-174313-cb2c [/jobs]
socketio: INFO: emitting event "task update" to 20170509-172344-9606 [/jobs]
socketio: INFO: emitting event "task update" to 20170509-172430-a33c [/jobs]
socketio: INFO: emitting event "task update" to 20170509-174710-c302 [/jobs]
socketio: INFO: emitting event "task update" to 20170509-172605-0fd8 [/jobs]
socketio: INFO: emitting event "task update" to 20170509-172706-cfe6 [/jobs]
socketio: INFO: emitting event "task update" to 20170509-173209-48ad [/jobs]
socketio: INFO: emitting event "task update" to 20170509-173320-66e3 [/jobs]
socketio: INFO: emitting event "task update" to 20170509-172927-67d2 [/jobs]
socketio: INFO: emitting event "task update" to 20170509-173515-e8bf [/jobs]
socketio: INFO: emitting event "task update" to 20170509-172524-d7c0 [/jobs]
socketio: INFO: emitting event "task update" to 20170509-172419-2d22 [/jobs]
socketio: INFO: emitting event "task update" to 20170509-172337-f1aa [/jobs]
socketio: INFO: emitting event "task update" to 20170509-173228-acad [/jobs]
socketio: INFO: emitting event "task update" to 20170509-172350-6fcd [/jobs]
socketio: INFO: emitting event "task update" to 20170509-174715-868b [/jobs]
socketio: INFO: emitting event "task update" to 20170509-173357-1ed1 [/jobs]
socketio: INFO: emitting event "task update" to 20170509-174707-a426 [/jobs]
digits.webapp: WARNING: Infer Model unrecognized output: WARNING: log_file config option not found - no log file is being saved
digits.webapp: WARNING: Infer Model unrecognized output: 2017-05-09 17:47:23 [ERROR] InferenceError: Unable to find snapshot for epoch=-1.0
digits.webapp: WARNING: Infer Model unrecognized output: Traceback (most recent call last):
digits.webapp: WARNING: Infer Model unrecognized output: File "/home/ethan/digits_GAN/digits/tools/inference.py", line 293, in <module>
digits.webapp: WARNING: Infer Model unrecognized output: args['resize']
digits.webapp: WARNING: Infer Model unrecognized output: File "/home/ethan/digits_GAN/digits/tools/inference.py", line 79, in infer
digits.webapp: WARNING: Infer Model unrecognized output: raise InferenceError("Unable to find snapshot for epoch=%s" % repr(epoch))
digits.webapp: WARNING: Infer Model unrecognized output: digits.inference.errors.InferenceError: 'Unable to find snapshot for epoch=-1.0'
socketio: INFO: emitting event "task update" to 20170509-172259-8252 [/jobs]
socketio: INFO: emitting event "task update" to 20170509-173322-0807 [/jobs]
socketio: INFO: emitting event "task update" to 20170509-172114-d063 [/jobs]
digits.webapp: ERROR: Infer Model task failed with error code 1
socketio: INFO: emitting event "task update" to 20170509-174720-6286 [/jobs]
socketio: INFO: emitting event "job update" to 20170509-174720-6286 [/jobs]
socketio: INFO: emitting event "job update" to job_management [/jobs]
socketio: INFO: emitting event "server update" to job_management [/jobs]
socketio: INFO: emitting event "server update" to job_management [/jobs]
socketio: INFO: emitting event "task update" to 20170509-172323-89b4 [/jobs]
socketio: INFO: emitting event "job update" to 20170509-174720-6286 [/jobs]
socketio: INFO: emitting event "job update" to job_management [/jobs]
digits: INFO: Job deleted.
socketio: INFO: emitting event "job update" to job_management [/jobs]
--------------------- >> end captured logging << ---------------------

======================================================================
FAIL: digits.model.images.generic.test_views.TestTensorflowCreation.test_infer_one_mean_none
----------------------------------------------------------------------
Traceback (most recent call last):
  File "/home/ethan/.local/lib/python2.7/site-packages/nose/case.py", line 197, in runTest
    self.test(*self.arg)
  File "/home/ethan/digits_GAN/digits/model/images/generic/test_views.py", line 409, in test_infer_one_mean_none
    self.infer_one_for_job(job_id)
  File "/home/ethan/digits_GAN/digits/model/images/generic/test_views.py", line 391, in infer_one_for_job
    assert rv.status_code == 200, 'POST failed with %s\n\n%s' % (rv.status_code, body)
AssertionError: POST failed with 500

[<body>\n<div class="navbar navbar-inverse navbar-fixed-top">\n<div class="container">\n<div class="navbar-header">\n<a class="navbar-brand" href="/">DIGITS</a>\n</div>\n<ul class="nav navbar-nav">\n<li><a href="/models/20170509-174723-7d7d">test_model</a></li>\n<li class="active"><a>Test One</a></li>\n</ul>\n<ul class="nav navbar-nav navbar-right">\n<li>\n<p class="navbar-text">\n            digits-testsuite (<a class="navbar-link" href="/logout">Logout</a>)\n            </p>\n</li>\n<li class="dropdown">\n<a class="dropdown-toggle" data-toggle="dropdown" href="#">Info<span class="caret"></span></a>\n<ul class="dropdown-menu navbar-inverse">\n<li><span class="navbar-text">Server: ethan-computer</span></li>\n<li><span class="navbar-text">DIGITS version: <br> 5.1-dev</br></span></li>\n<li><span class="navbar-text">Caffe version: <br> 0.15.13</br></span></li>\n<li><span class="navbar-text">Caffe flavor: <br> NVIDIA</br></span></li>\n</ul>\n</li>\n<li class="dropdown">\n<a class="dropdown-toggle" data-toggle="dropdown" href="#">About<span class="caret"></span></a>\n<ul class="dropdown-menu about-menu navbar-inverse">\n<li><span class="navbar-text"><a href="https://developer.nvidia.com/digits" target="_blank">\n                        DIGITS on developer.nvidia.com\n                    </a></span></li>\n<li><span class="navbar-text"><a href="https://github.com/NVIDIA/DIGITS" target="_blank">\n                        DIGITS on GitHub\n                    </a></span></li>\n<li><span class="navbar-text"><a href="https://groups.google.com/d/forum/digits-users" target="_blank">\n                        DIGITS user group\n                    </a></span></li>\n<li><span class="navbar-text"><a href="mailto:digits@nvidia.com">\n                        digits@nvidia.com\n                    </a></span></li>\n</ul>\n</li>\n</ul>\n</div>\n</div>\n<div class="container">\n<div class="jumbotron">\n<div class="container">\n<div class="row">\n<div class="col-sm-12" id="show-job-name">\n<h2 style="display:inline;">Infer One Image</h2>\n</div>\n<div class="col-sm-4" id="edit-job-name" style="display:none;">\n<script>\nfunction updateJobName() {\n    var newName = $("input[name=job-name]").val();\n    $.ajax("/jobs/20170509-174726-2fde",\n            {\n                type: "PUT",\n                data: {"job_name": newName}\n                }\n          )\n    .done(function() {\n            $("#show-job-name h2").html(newName);\n            $('#edit-job-name').hide(); $('#show-job-name').show();\n            })\n    .fail(function(data) { errorAlert(data); });\n    return false;\n}\n                </script>\n<input class="form-control" name="job-name" value="Infer One Image"/>\n<a class="btn btn-primary" href="#" onclick="return updateJobName();">Update</a>\n<a class="btn btn-info" href="#" onclick="$('#edit-job-name').hide(); $('#show-job-name').show(); return false;">Cancel</a>\n</div>\n</div>\n<small>Owner: digits-testsuite</small>\n<div class="pull-right">\n<a class="btn btn-info" disabled="" id="clone-job">Clone Job</a>\n<a class="btn btn-warning hidden disabled" id="abort-job">Abort Job</a>\n<a class="btn btn-danger disabled" id="delete-job">Delete Job</a>\n</div>\n</div>\n<script>\n$('#abort-job').on('click', function(event) {\n        event.preventDefault();\n        bootbox.confirm(\n            'Are you sure you want to abort this job?',\n            function(result) {\n                if (result)\n                    $.ajax("/jobs/20170509-174726-2fde/abort",\n                        {type: "POST"})\n                    .done(function() {\n                        $("#abort-job").hide();\n                        })\n                    .fail(function(data) { errorAlert(data); });\n            });\n        });\n\n$('#delete-job').on('click', function(event) {\n        event.preventDefault();\n        bootbox.confirm(\n            'Are you sure you want to delete this job?<br><br>All related files will be permanently removed.',\n            function(result) {\n                if (result)\n                    $.ajax("/jobs/20170509-174726-2fde",\n                        {type: "DELETE"})\n                    .done(function() {\n                        window.location = "/";\n                        })\n                    .fail(function(data) { errorAlert(data); });\n            });\n        });\n    </script>\n</div>\n<div class="row">\n<!-- Job content -->\n<div class="col-sm-8">\n<script src="/static/js/3rdparty/jquery.elevateZoom-3.0.8.min.js?ver=4606b4a4404b87a591d409910710feb1"></script>\n<div class="page-header">\n<h1>\n        test_model\n        <small>\n            Generic Image Model\n        </small>\n</h1>\n</div>\n<div class="row">\n<div class="alert alert-danger">\n<p>Inference failed, see job log</p>\n</div>\n</div>\n</div>\n<!-- Tasks -->\n<div class="col-sm-4">\n<div class="panel-group">\n<div class="panel panel-danger" id="job-statuses">\n<div class="panel-heading">\n<h4 class="panel-title">\n                    Job Status\n                    <small>Error</small>\n</h4>\n</div>\n<div class="panel-collapse">\n<div class="panel-body">\n<div class="job-statuses">\n<ul>\n<li>\n<span class="text-warning">Initialized</span>\n        at 05:47:26 PM\n            <small>(0 seconds)</small>\n</li>\n<li>\n<span class="text-info">Running</span>\n        at 05:47:26 PM\n            <small>(3 seconds)</small>\n</li>\n<li>\n<span class="text-danger">Error</span>\n        at 05:47:29 PM\n            <br>\n<small>(Total - 3 seconds)</small>\n</br></li>\n</ul>\n</div>\n<div class="panel-group">\n<div class="panel panel-danger" id="task-140099410829072-status">\n<div class="panel-heading">\n<h4 class="panel-title">\n<a data-toggle="collapse" href="#task-140099410829072-status-collapse">\n                                            Infer Model\n                                            <small>Error</small>\n<span class="caret"></span>\n</a>\n</h4>\n</div>\n<div class="panel-collapse collapse in" id="task-140099410829072-status-collapse">\n<div class="panel-body">\n<div class="task-progress" style="display:none;">\n<div class="progress">\n<div class="progress-bar" style="width:0%">\n                                                    0%\n                                                </div>\n</div>\n                                            Estimated time remaining: <span class="task-eta">?</span>\n<br/>\n<br/>\n</div>\n<div class="task-statuses">\n<ul>\n<li>\n<span class="text-warning">Initialized</span>\n        at 05:47:26 PM\n            <small>(0 seconds)</small>\n</li>\n<li>\n<span class="text-info">Running</span>\n        at 05:47:26 PM\n            <small>(2 seconds)</small>\n</li>\n<li>\n<span class="text-danger">Error</span>\n        at 05:47:29 PM\n            <br>\n<small>(Total - 2 seconds)</small>\n</br></li>\n</ul>\n<h4 class="text-danger">ERROR: error code 1</h4>\n<pre>\nWARNING: log_file config option not found - no log file is being saved\n2017-05-09 17:47:29 [ERROR] InferenceError: Unable to find snapshot for epoch=-1.0\nTraceback (most recent call last):\nFile "/home/ethan/digits_GAN/digits/tools/inference.py", line 293, in &lt;module&gt;\nargs['resize']\nFile "/home/ethan/digits_GAN/digits/tools/inference.py", line 79, in infer\nraise InferenceError("Unable to find snapshot for epoch=%s" % repr(epoch))\ndigits.inference.errors.InferenceError: 'Unable to find snapshot for epoch=-1.0'\n        </pre>\n</div>\n</div>\n</div>\n</div>\n</div>\n</div>\n</div>\n</div>\n</div>\n<div class="gpu-utilization-info" style="display:none;"></div>\n<!-- Related jobs -->\n<div class="panel panel-default" id="notes-information">\n<div class="panel-heading">\n<h4>Notes</h4>\n</div>\n<div class="panel-body">\n<div class="col-sm-12" id="show-job-notes">\n<p style="display:inline;">None</p>\n</div>\n<div class="col-sm-12" id="edit-job-notes" style="display:none;">\n<script type="text/javascript">\n                        function updateJobNotes() {\n                        var newNotes = $("textarea[name=job-notes]").val();\n                        $.ajax("/jobs/20170509-174726-2fde",\n                                {\n                                    type: "PUT",\n                                    data: {"job_notes": newNotes}\n                                    }\n                              )\n                        .done(function() {\n                                $("#show-job-notes p").html(newNotes);\n                                $('#edit-job-notes').hide(); $('#show-job-notes').show();\n                                })\n                        .fail(function(data) { errorAlert(data); });\n                        return false;\n                    }\n                    </script>\n<textarea class="form-control" name="job-notes" placeholder="Enter notes" rows="5"></textarea>\n<a class="btn btn-primary" href="#" onclick="return updateJobNotes();">Update</a>\n<a class="btn btn-info" href="#" onclick="$('#edit-job-notes').hide(); $('#show-job-notes').show(); return false;">Cancel</a>\n</div>\n</div>\n</div>\n</div>\n</div>\n<div class="row">\n<script type="text/javascript">\n    function drawHistogram(id, data) {\n        c3.generate({\n            bindto: id,\n            size: {height: 200},\n            data: {\n                columns: [\n                    ['Count'].concat(data[0]),\n                    ['Value'].concat(data[1]),\n                ],\n                x: 'Value',\n                type: 'area-spline',\n            },\n            axis: {\n                x: {\n                    label: {\n                        text: 'Value',\n                        position: 'outer-center',\n                    },\n                    tick: {\n                        values: data[2],\n                        format: d3.format('.3g'),\n                    },\n                    padding: {left: 0},\n                },\n                y: {\n                    padding: {bottom: 0},\n                },\n            },\n            bar: {\n               width: {ratio: 0.2}\n            },\n            padding: {left: 20, right: 20},\n            legend: {hide: true},\n        });\n    }\n</script>\n<style>\n    div.histogram .c3-axis-y .tick {\n        display: none;\n    }\n</style>\n</div>\n</div>\n<script>\n$SCRIPT_ROOT = "";\n\n$(".explanation-tooltip").tooltip();\n\nwindow.onload = function () {\n    $('.autocomplete_path').autocomplete({\n       serviceUrl: '/autocomplete/path',\n       formatResult: function (suggestion, currentValue)\n       {\n            function baseName(str)\n            {\n               var base = new String(str).substring(str.lastIndexOf('/') + 1);\n               return base;\n            }\n            return baseName(suggestion.value);\n        },\n        minChars: 0\n    });\n    $(".autocomplete_path").removeAttr("autocomplete");\n};\n\n</script>\n<style>\n .about-menu {\n     width: 240px !important;\n }\n .brightness {\n     display: inline-block;\n }\n .brightness img:hover {\n     opacity: .75;\n }\n</style>\n</body>]
-------------------- >> begin captured logging << --------------------
socketio: INFO: emitting event "job update" to job_management [/jobs]
socketio: INFO: emitting event "job update" to 20170509-174723-7d7d [/jobs]
socketio: INFO: emitting event "job update" to job_management [/jobs]
socketio: INFO: emitting event "server update" to job_management [/jobs]
digits.webapp: INFO: Train Tensorflow Model task started.
socketio: INFO: emitting event "task update" to 20170509-174723-7d7d [/jobs]
socketio: INFO: emitting event "job update" to 20170509-174723-7d7d [/jobs]
socketio: INFO: emitting event "job update" to job_management [/jobs]
digits.webapp: INFO: Task subprocess args: "python2 /home/ethan/digits_GAN/digits/tools/tensorflow/main.py --network=network.py --epoch=3 --networkDirectory=/tmp/tmpX3R8Ve/20170509-174723-7d7d --save=/tmp/tmpX3R8Ve/20170509-174723-7d7d --snapshotPrefix=snapshot --snapshotInterval=1 --lr_base_rate=0.01 --lr_policy=step --batch_size=10 --train_db=/tmp/tmpwfitKK/train_images --train_labels=/tmp/tmpwfitKK/train_labels --validation_db=/tmp/tmpwfitKK/val_images --validation_labels=/tmp/tmpwfitKK/val_labels --lr_gamma=0.1 --lr_stepvalues=33 --subtractMean=none --seed=3405691582 --optimization=sgd --validation_interval=1 --log_runtime_stats_per_step=0 --augFlip=none --augHSVh=0 --augHSVs=0 --augHSVv=0"
socketio: INFO: emitting event "task update" to 20170509-174723-7d7d [/jobs]
socketio: INFO: emitting event "task update" to 20170509-174411-45b4 [/jobs]
socketio: INFO: emitting event "task update" to 20170509-173300-0377 [/jobs]
socketio: INFO: emitting event "task update" to 20170509-173245-3417 [/jobs]
socketio: INFO: emitting event "task update" to 20170509-173324-49b0 [/jobs]
socketio: INFO: emitting event "task update" to 20170509-172342-e0ef [/jobs]
socketio: INFO: emitting event "task update" to 20170509-173108-a6ff [/jobs]
socketio: INFO: emitting event "task update" to 20170509-172725-6a13 [/jobs]
socketio: INFO: emitting event "task update" to 20170509-172806-b5bc [/jobs]
socketio: INFO: emitting event "task update" to 20170509-172227-0156 [/jobs]
socketio: INFO: emitting event "task update" to 20170509-174451-4b24 [/jobs]
socketio: INFO: emitting event "task update" to 20170509-172334-9d18 [/jobs]
socketio: INFO: emitting event "task update" to 20170509-174713-a2c5 [/jobs]
socketio: INFO: emitting event "task update" to 20170509-173128-33ce [/jobs]
socketio: INFO: emitting event "task update" to 20170509-174604-6d86 [/jobs]
socketio: INFO: emitting event "task update" to 20170509-172347-b92a [/jobs]
socketio: INFO: emitting event "task update" to 20170509-173326-3e6f [/jobs]
socketio: INFO: emitting event "task update" to 20170509-172315-d38b [/jobs]
socketio: INFO: emitting event "task update" to 20170509-174340-86bb [/jobs]
socketio: INFO: emitting event "task update" to 20170509-172516-8f4b [/jobs]
socketio: INFO: emitting event "task update" to 20170509-172352-bfdd [/jobs]
socketio: INFO: emitting event "task update" to 20170509-172412-e6f0 [/jobs]
socketio: INFO: emitting event "task update" to 20170509-173329-1cea [/jobs]
socketio: INFO: emitting event "task update" to 20170509-173229-c795 [/jobs]
socketio: INFO: emitting event "task update" to 20170509-172202-9230 [/jobs]
socketio: INFO: emitting event "task update" to 20170509-173331-d237 [/jobs]
socketio: INFO: emitting event "task update" to 20170509-172317-7da8 [/jobs]
socketio: INFO: emitting event "task update" to 20170509-173008-ee07 [/jobs]
socketio: INFO: emitting event "task update" to 20170509-172210-1907 [/jobs]
socketio: INFO: emitting event "task update" to 20170509-173333-e98b [/jobs]
socketio: INFO: emitting event "task update" to 20170509-172825-84c5 [/jobs]
socketio: INFO: emitting event "task update" to 20170509-173335-6067 [/jobs]
socketio: INFO: emitting event "task update" to 20170509-172147-4505 [/jobs]
socketio: INFO: emitting event "task update" to 20170509-173337-8532 [/jobs]
socketio: INFO: emitting event "task update" to 20170509-172907-6ffa [/jobs]
socketio: INFO: emitting event "task update" to 20170509-174533-2a57 [/jobs]
socketio: INFO: emitting event "task update" to 20170509-174637-00ca [/jobs]
socketio: INFO: emitting event "task update" to 20170509-172339-dc52 [/jobs]
socketio: INFO: emitting event "task update" to 20170509-172625-e177 [/jobs]
socketio: INFO: emitting event "task update" to 20170509-173316-5f8a [/jobs]
socketio: INFO: emitting event "task update" to 20170509-173318-416e [/jobs]
socketio: INFO: emitting event "task update" to 20170509-173415-8046 [/jobs]
socketio: INFO: emitting event "task update" to 20170509-173027-0946 [/jobs]
socketio: INFO: emitting event "task update" to 20170509-172218-c9c0 [/jobs]
socketio: INFO: emitting event "task update" to 20170509-172328-6826 [/jobs]
socketio: INFO: emitting event "task update" to 20170509-173403-2593 [/jobs]
socketio: INFO: emitting event "task update" to 20170509-174718-7591 [/jobs]
socketio: INFO: emitting event "task update" to 20170509-174313-cb2c [/jobs]
socketio: INFO: emitting event "task update" to 20170509-172344-9606 [/jobs]
socketio: INFO: emitting event "task update" to 20170509-172430-a33c [/jobs]
socketio: INFO: emitting event "task update" to 20170509-174710-c302 [/jobs]
socketio: INFO: emitting event "task update" to 20170509-172605-0fd8 [/jobs]
socketio: INFO: emitting event "task update" to 20170509-172706-cfe6 [/jobs]
socketio: INFO: emitting event "task update" to 20170509-173209-48ad [/jobs]
socketio: INFO: emitting event "task update" to 20170509-173320-66e3 [/jobs]
socketio: INFO: emitting event "task update" to 20170509-172927-67d2 [/jobs]
socketio: INFO: emitting event "task update" to 20170509-173515-e8bf [/jobs]
socketio: INFO: emitting event "task update" to 20170509-172524-d7c0 [/jobs]
socketio: INFO: emitting event "task update" to 20170509-172419-2d22 [/jobs]
socketio: INFO: emitting event "task update" to 20170509-172337-f1aa [/jobs]
socketio: INFO: emitting event "task update" to 20170509-173228-acad [/jobs]
socketio: INFO: emitting event "task update" to 20170509-172350-6fcd [/jobs]
socketio: INFO: emitting event "task update" to 20170509-174715-868b [/jobs]
socketio: INFO: emitting event "task update" to 20170509-173357-1ed1 [/jobs]
socketio: INFO: emitting event "task update" to 20170509-174707-a426 [/jobs]
socketio: INFO: emitting event "task update" to 20170509-172259-8252 [/jobs]
socketio: INFO: emitting event "task update" to 20170509-173322-0807 [/jobs]
socketio: INFO: emitting event "task update" to 20170509-172114-d063 [/jobs]
socketio: INFO: emitting event "task update" to 20170509-172323-89b4 [/jobs]
socketio: INFO: emitting event "task update" to 20170509-174411-45b4 [/jobs]
socketio: INFO: emitting event "task update" to 20170509-173300-0377 [/jobs]
socketio: INFO: emitting event "task update" to 20170509-173245-3417 [/jobs]
socketio: INFO: emitting event "task update" to 20170509-173324-49b0 [/jobs]
socketio: INFO: emitting event "task update" to 20170509-172342-e0ef [/jobs]
socketio: INFO: emitting event "task update" to 20170509-173108-a6ff [/jobs]
socketio: INFO: emitting event "task update" to 20170509-172725-6a13 [/jobs]
socketio: INFO: emitting event "task update" to 20170509-172806-b5bc [/jobs]
socketio: INFO: emitting event "task update" to 20170509-172227-0156 [/jobs]
socketio: INFO: emitting event "task update" to 20170509-174451-4b24 [/jobs]
socketio: INFO: emitting event "task update" to 20170509-172334-9d18 [/jobs]
socketio: INFO: emitting event "task update" to 20170509-174713-a2c5 [/jobs]
socketio: INFO: emitting event "task update" to 20170509-173128-33ce [/jobs]
socketio: INFO: emitting event "task update" to 20170509-174604-6d86 [/jobs]
socketio: INFO: emitting event "task update" to 20170509-172347-b92a [/jobs]
socketio: INFO: emitting event "task update" to 20170509-173326-3e6f [/jobs]
socketio: INFO: emitting event "task update" to 20170509-172315-d38b [/jobs]
socketio: INFO: emitting event "task update" to 20170509-174340-86bb [/jobs]
socketio: INFO: emitting event "task update" to 20170509-172516-8f4b [/jobs]
socketio: INFO: emitting event "task update" to 20170509-172352-bfdd [/jobs]
socketio: INFO: emitting event "task update" to 20170509-172412-e6f0 [/jobs]
socketio: INFO: emitting event "task update" to 20170509-173329-1cea [/jobs]
socketio: INFO: emitting event "task update" to 20170509-173229-c795 [/jobs]
socketio: INFO: emitting event "task update" to 20170509-172202-9230 [/jobs]
socketio: INFO: emitting event "task update" to 20170509-173331-d237 [/jobs]
socketio: INFO: emitting event "task update" to 20170509-172317-7da8 [/jobs]
socketio: INFO: emitting event "task update" to 20170509-173008-ee07 [/jobs]
socketio: INFO: emitting event "task update" to 20170509-172210-1907 [/jobs]
socketio: INFO: emitting event "task update" to 20170509-173333-e98b [/jobs]
socketio: INFO: emitting event "task update" to 20170509-172825-84c5 [/jobs]
socketio: INFO: emitting event "task update" to 20170509-173335-6067 [/jobs]
socketio: INFO: emitting event "task update" to 20170509-172147-4505 [/jobs]
socketio: INFO: emitting event "task update" to 20170509-173337-8532 [/jobs]
socketio: INFO: emitting event "task update" to 20170509-172907-6ffa [/jobs]
socketio: INFO: emitting event "task update" to 20170509-174533-2a57 [/jobs]
socketio: INFO: emitting event "task update" to 20170509-174637-00ca [/jobs]
socketio: INFO: emitting event "task update" to 20170509-172339-dc52 [/jobs]
socketio: INFO: emitting event "task update" to 20170509-172625-e177 [/jobs]
socketio: INFO: emitting event "task update" to 20170509-173316-5f8a [/jobs]
socketio: INFO: emitting event "task update" to 20170509-173318-416e [/jobs]
socketio: INFO: emitting event "task update" to 20170509-173415-8046 [/jobs]
socketio: INFO: emitting event "task update" to 20170509-173027-0946 [/jobs]
socketio: INFO: emitting event "task update" to 20170509-172218-c9c0 [/jobs]
socketio: INFO: emitting event "task update" to 20170509-172328-6826 [/jobs]
socketio: INFO: emitting event "task update" to 20170509-173403-2593 [/jobs]
socketio: INFO: emitting event "task update" to 20170509-174718-7591 [/jobs]
socketio: INFO: emitting event "task update" to 20170509-174313-cb2c [/jobs]
digits.webapp: WARNING: Train Tensorflow Model unrecognized output: 2017-05-09 17:47:25.413266: W tensorflow/core/platform/cpu_feature_guard.cc:45] The TensorFlow library wasn't compiled to use SSE4.1 instructions, but these are available on your machine and could speed up CPU computations.
digits.webapp: WARNING: Train Tensorflow Model unrecognized output: 2017-05-09 17:47:25.413277: W tensorflow/core/platform/cpu_feature_guard.cc:45] The TensorFlow library wasn't compiled to use SSE4.2 instructions, but these are available on your machine and could speed up CPU computations.
digits.webapp: WARNING: Train Tensorflow Model unrecognized output: 2017-05-09 17:47:25.413282: W tensorflow/core/platform/cpu_feature_guard.cc:45] The TensorFlow library wasn't compiled to use AVX instructions, but these are available on your machine and could speed up CPU computations.
socketio: INFO: emitting event "task update" to 20170509-172344-9606 [/jobs]
socketio: INFO: emitting event "task update" to 20170509-172430-a33c [/jobs]
socketio: INFO: emitting event "task update" to 20170509-174710-c302 [/jobs]
socketio: INFO: emitting event "task update" to 20170509-172605-0fd8 [/jobs]
socketio: INFO: emitting event "task update" to 20170509-172706-cfe6 [/jobs]
socketio: INFO: emitting event "task update" to 20170509-173209-48ad [/jobs]
socketio: INFO: emitting event "task update" to 20170509-173320-66e3 [/jobs]
socketio: INFO: emitting event "task update" to 20170509-172927-67d2 [/jobs]
socketio: INFO: emitting event "task update" to 20170509-173515-e8bf [/jobs]
socketio: INFO: emitting event "task update" to 20170509-172524-d7c0 [/jobs]
socketio: INFO: emitting event "task update" to 20170509-172419-2d22 [/jobs]
socketio: INFO: emitting event "task update" to 20170509-172337-f1aa [/jobs]
socketio: INFO: emitting event "task update" to 20170509-173228-acad [/jobs]
socketio: INFO: emitting event "task update" to 20170509-172350-6fcd [/jobs]
digits.webapp: WARNING: Train Tensorflow Model unrecognized output: 2017-05-09 17:47:25.543130: I tensorflow/stream_executor/cuda/cuda_gpu_executor.cc:901] successful NUMA node read from SysFS had negative value (-1), but there must be at least one NUMA node, so returning NUMA node zero
digits.webapp: WARNING: Train Tensorflow Model unrecognized output: 2017-05-09 17:47:25.543877: I tensorflow/core/common_runtime/gpu/gpu_device.cc:887] Found device 0 with properties:
digits.webapp: WARNING: Train Tensorflow Model unrecognized output: name: GeForce GTX TITAN X
digits.webapp: WARNING: Train Tensorflow Model unrecognized output: major: 5 minor: 2 memoryClockRate (GHz) 1.076
digits.webapp: WARNING: Train Tensorflow Model unrecognized output: pciBusID 0000:01:00.0
digits.webapp: WARNING: Train Tensorflow Model unrecognized output: Total memory: 11.92GiB
digits.webapp: WARNING: Train Tensorflow Model unrecognized output: Free memory: 10.21GiB
digits.webapp: WARNING: Train Tensorflow Model unrecognized output: 2017-05-09 17:47:25.543891: I tensorflow/core/common_runtime/gpu/gpu_device.cc:908] DMA: 0
digits.webapp: WARNING: Train Tensorflow Model unrecognized output: 2017-05-09 17:47:25.543895: I tensorflow/core/common_runtime/gpu/gpu_device.cc:918] 0:   Y
digits.webapp: WARNING: Train Tensorflow Model unrecognized output: 2017-05-09 17:47:25.543907: I tensorflow/core/common_runtime/gpu/gpu_device.cc:977] Creating TensorFlow device (/gpu:0) -> (device: 0, name: GeForce GTX TITAN X, pci bus id: 0000:01:00.0)
digits.webapp: WARNING: Train Tensorflow Model unrecognized output: 2017-05-09 17:47:25.651002: I tensorflow/core/common_runtime/gpu/gpu_device.cc:977] Creating TensorFlow device (/gpu:0) -> (device: 0, name: GeForce GTX TITAN X, pci bus id: 0000:01:00.0)
digits.webapp: WARNING: Train Tensorflow Model unrecognized output: 2017-05-09 17:47:25.660114: I tensorflow/core/common_runtime/gpu/gpu_device.cc:977] Creating TensorFlow device (/gpu:0) -> (device: 0, name: GeForce GTX TITAN X, pci bus id: 0000:01:00.0)
socketio: INFO: emitting event "task update" to 20170509-174715-868b [/jobs]
socketio: INFO: emitting event "task update" to 20170509-173357-1ed1 [/jobs]
socketio: INFO: emitting event "task update" to 20170509-174707-a426 [/jobs]
socketio: INFO: emitting event "task update" to 20170509-172259-8252 [/jobs]
socketio: INFO: emitting event "task update" to 20170509-173322-0807 [/jobs]
socketio: INFO: emitting event "task update" to 20170509-172114-d063 [/jobs]
socketio: INFO: emitting event "task update" to 20170509-172323-89b4 [/jobs]
digits.webapp: DEBUG: Network validation loss #0.0: 0.107787
digits.webapp: DEBUG: Validation (epoch 0): loss = 0.107787
socketio: INFO: emitting event "task update" to 20170509-174723-7d7d [/jobs]
socketio: INFO: emitting event "job update" to job_management [/jobs]
digits.webapp: DEBUG: Training 6.67% complete.
socketio: INFO: emitting event "task update" to 20170509-174723-7d7d [/jobs]
socketio: INFO: emitting event "task update" to job_management [/jobs]
digits.webapp: DEBUG: Training (epoch 0.2): loss = 0.098984, lr = 0.010000
socketio: INFO: emitting event "task update" to 20170509-174723-7d7d [/jobs]
socketio: INFO: emitting event "job update" to job_management [/jobs]
digits.webapp: DEBUG: Training (epoch 0.4): loss = 0.082474, lr = 0.010000
socketio: INFO: emitting event "task update" to 20170509-174723-7d7d [/jobs]
socketio: INFO: emitting event "job update" to job_management [/jobs]
digits.webapp: DEBUG: Training (epoch 0.6): loss = 0.082294, lr = 0.010000
socketio: INFO: emitting event "task update" to 20170509-174723-7d7d [/jobs]
socketio: INFO: emitting event "task update" to 20170509-174411-45b4 [/jobs]
socketio: INFO: emitting event "task update" to 20170509-173300-0377 [/jobs]
socketio: INFO: emitting event "task update" to 20170509-173245-3417 [/jobs]
socketio: INFO: emitting event "task update" to 20170509-173324-49b0 [/jobs]
socketio: INFO: emitting event "task update" to 20170509-172342-e0ef [/jobs]
socketio: INFO: emitting event "task update" to 20170509-173108-a6ff [/jobs]
socketio: INFO: emitting event "task update" to 20170509-172725-6a13 [/jobs]
socketio: INFO: emitting event "task update" to 20170509-174723-7d7d [/jobs]
socketio: INFO: emitting event "job update" to job_management [/jobs]
digits.webapp: DEBUG: Training (epoch 0.8): loss = 0.078566, lr = 0.010000
socketio: INFO: emitting event "task update" to 20170509-174723-7d7d [/jobs]
socketio: INFO: emitting event "job update" to job_management [/jobs]
digits.webapp: DEBUG: Training (epoch 1.0): loss = 0.066661, lr = 0.010000
socketio: INFO: emitting event "task update" to 20170509-174723-7d7d [/jobs]
digits.webapp: DEBUG: Network validation loss #1.0: 0.093731
digits.webapp: DEBUG: Validation (epoch 1.0): loss = 0.093731
digits.webapp: WARNING: Train Tensorflow Model unrecognized output: INFO:tensorflow:/tmp/tmpX3R8Ve/20170509-174723-7d7d/snapshot_1.ckpt is not in all_model_checkpoint_paths. Manually adding it.
socketio: INFO: emitting event "task update" to 20170509-174723-7d7d [/jobs]
socketio: INFO: emitting event "task update" to 20170509-174723-7d7d [/jobs]
socketio: INFO: emitting event "job update" to job_management [/jobs]
digits.webapp: DEBUG: Training (epoch 1.2): loss = 0.084767, lr = 0.001000
socketio: INFO: emitting event "task update" to 20170509-174723-7d7d [/jobs]
socketio: INFO: emitting event "job update" to job_management [/jobs]
digits.webapp: DEBUG: Training (epoch 1.4): loss = 0.069304, lr = 0.001000
socketio: INFO: emitting event "task update" to 20170509-174723-7d7d [/jobs]
socketio: INFO: emitting event "job update" to job_management [/jobs]
digits.webapp: DEBUG: Training (epoch 1.6): loss = 0.078304, lr = 0.001000
socketio: INFO: emitting event "task update" to 20170509-172806-b5bc [/jobs]
socketio: INFO: emitting event "task update" to 20170509-172227-0156 [/jobs]
socketio: INFO: emitting event "task update" to 20170509-174451-4b24 [/jobs]
socketio: INFO: emitting event "task update" to 20170509-172334-9d18 [/jobs]
socketio: INFO: emitting event "task update" to 20170509-174713-a2c5 [/jobs]
socketio: INFO: emitting event "task update" to 20170509-173128-33ce [/jobs]
socketio: INFO: emitting event "task update" to 20170509-174604-6d86 [/jobs]
socketio: INFO: emitting event "task update" to 20170509-172347-b92a [/jobs]
socketio: INFO: emitting event "task update" to 20170509-173326-3e6f [/jobs]
socketio: INFO: emitting event "task update" to 20170509-172315-d38b [/jobs]
socketio: INFO: emitting event "task update" to 20170509-174340-86bb [/jobs]
socketio: INFO: emitting event "task update" to 20170509-174723-7d7d [/jobs]
socketio: INFO: emitting event "job update" to job_management [/jobs]
digits.webapp: DEBUG: Training (epoch 1.8): loss = 0.067451, lr = 0.001000
socketio: INFO: emitting event "task update" to 20170509-174723-7d7d [/jobs]
socketio: INFO: emitting event "job update" to job_management [/jobs]
digits.webapp: DEBUG: Training (epoch 2.0): loss = 0.067382, lr = 0.001000
socketio: INFO: emitting event "task update" to 20170509-174723-7d7d [/jobs]
digits.webapp: DEBUG: Network validation loss #2.0: 0.091984
digits.webapp: DEBUG: Validation (epoch 2.0): loss = 0.091984
digits.webapp: WARNING: Train Tensorflow Model unrecognized output: INFO:tensorflow:/tmp/tmpX3R8Ve/20170509-174723-7d7d/snapshot_2.ckpt is not in all_model_checkpoint_paths. Manually adding it.
socketio: INFO: emitting event "task update" to 20170509-174723-7d7d [/jobs]
socketio: INFO: emitting event "task update" to 20170509-174723-7d7d [/jobs]
socketio: INFO: emitting event "job update" to job_management [/jobs]
digits.webapp: DEBUG: Training (epoch 2.2): loss = 0.081056, lr = 0.000100
socketio: INFO: emitting event "task update" to 20170509-174723-7d7d [/jobs]
socketio: INFO: emitting event "job update" to job_management [/jobs]
digits.webapp: DEBUG: Training (epoch 2.4): loss = 0.067895, lr = 0.000100
socketio: INFO: emitting event "task update" to 20170509-174723-7d7d [/jobs]
socketio: INFO: emitting event "job update" to job_management [/jobs]
digits.webapp: DEBUG: Training (epoch 2.6): loss = 0.077921, lr = 0.000100
socketio: INFO: emitting event "task update" to 20170509-174723-7d7d [/jobs]
socketio: INFO: emitting event "job update" to job_management [/jobs]
digits.webapp: DEBUG: Training (epoch 2.8): loss = 0.066924, lr = 0.000100
socketio: INFO: emitting event "task update" to 20170509-174723-7d7d [/jobs]
socketio: INFO: emitting event "job update" to job_management [/jobs]
digits.webapp: DEBUG: Training (epoch 3.0): loss = 0.066915, lr = 0.000100
socketio: INFO: emitting event "task update" to 20170509-174723-7d7d [/jobs]
digits.webapp: DEBUG: Network validation loss #3.0: 0.091822
digits.webapp: DEBUG: Validation (epoch 3.0): loss = 0.091822
socketio: INFO: emitting event "task update" to 20170509-172516-8f4b [/jobs]
socketio: INFO: emitting event "task update" to 20170509-172352-bfdd [/jobs]
socketio: INFO: emitting event "task update" to 20170509-172412-e6f0 [/jobs]
socketio: INFO: emitting event "task update" to 20170509-173329-1cea [/jobs]
socketio: INFO: emitting event "task update" to 20170509-173229-c795 [/jobs]
socketio: INFO: emitting event "task update" to 20170509-172202-9230 [/jobs]
socketio: INFO: emitting event "task update" to 20170509-173331-d237 [/jobs]
socketio: INFO: emitting event "task update" to 20170509-172317-7da8 [/jobs]
digits.webapp: WARNING: Train Tensorflow Model unrecognized output: INFO:tensorflow:/tmp/tmpX3R8Ve/20170509-174723-7d7d/snapshot_3.ckpt is not in all_model_checkpoint_paths. Manually adding it.
socketio: INFO: emitting event "task update" to 20170509-174723-7d7d [/jobs]
digits.webapp: WARNING: Train Tensorflow Model unrecognized output: 2017-05-09 17:47:26.173095: W tensorflow/core/framework/op_kernel.cc:1152] Out of range: PaddingFIFOQueue '_3_train/data/batcher/padding_fifo_queue' is closed and has insufficient elements (requested 10, current size 0)
digits.webapp: WARNING: Train Tensorflow Model unrecognized output: [[Node: train/data/batcher = QueueDequeueUpToV2[component_types=[DT_STRING, DT_FLOAT, DT_FLOAT], timeout_ms=-1, _device="/job:localhost/replica:0/task:0/cpu:0"](train/data/batcher/padding_fifo_queue, train/data/batcher/n)]]
digits.webapp: WARNING: Train Tensorflow Model unrecognized output: Training wall-time: 0.320349216461
socketio: INFO: emitting event "task update" to 20170509-173008-ee07 [/jobs]
socketio: INFO: emitting event "task update" to 20170509-172210-1907 [/jobs]
socketio: INFO: emitting event "task update" to 20170509-173333-e98b [/jobs]
socketio: INFO: emitting event "task update" to 20170509-172825-84c5 [/jobs]
socketio: INFO: emitting event "task update" to 20170509-173335-6067 [/jobs]
socketio: INFO: emitting event "task update" to 20170509-172147-4505 [/jobs]
socketio: INFO: emitting event "task update" to 20170509-173337-8532 [/jobs]
socketio: INFO: emitting event "task update" to 20170509-172907-6ffa [/jobs]
socketio: INFO: emitting event "task update" to 20170509-174533-2a57 [/jobs]
socketio: INFO: emitting event "task update" to 20170509-174637-00ca [/jobs]
socketio: INFO: emitting event "task update" to 20170509-172339-dc52 [/jobs]
socketio: INFO: emitting event "task update" to 20170509-172625-e177 [/jobs]
socketio: INFO: emitting event "task update" to 20170509-173316-5f8a [/jobs]
socketio: INFO: emitting event "task update" to 20170509-173318-416e [/jobs]
socketio: INFO: emitting event "task update" to 20170509-173415-8046 [/jobs]
socketio: INFO: emitting event "task update" to 20170509-173027-0946 [/jobs]
socketio: INFO: emitting event "task update" to 20170509-172218-c9c0 [/jobs]
socketio: INFO: emitting event "task update" to 20170509-172328-6826 [/jobs]
socketio: INFO: emitting event "task update" to 20170509-173403-2593 [/jobs]
socketio: INFO: emitting event "task update" to 20170509-174718-7591 [/jobs]
digits.webapp: INFO: Train Tensorflow Model task completed.
socketio: INFO: emitting event "task update" to 20170509-174723-7d7d [/jobs]
socketio: INFO: emitting event "job update" to job_management [/jobs]
socketio: INFO: emitting event "task update" to 20170509-174723-7d7d [/jobs]
socketio: INFO: emitting event "job update" to 20170509-174723-7d7d [/jobs]
socketio: INFO: emitting event "job update" to job_management [/jobs]
socketio: INFO: emitting event "server update" to job_management [/jobs]
socketio: INFO: emitting event "task update" to 20170509-174313-cb2c [/jobs]
socketio: INFO: emitting event "job update" to job_management [/jobs]
socketio: INFO: emitting event "job update" to 20170509-174723-7d7d [/jobs]
socketio: INFO: emitting event "job update" to job_management [/jobs]
digits: INFO: Job complete.
socketio: INFO: emitting event "task update" to 20170509-172344-9606 [/jobs]
socketio: INFO: emitting event "task update" to 20170509-172430-a33c [/jobs]
socketio: INFO: emitting event "task update" to 20170509-174710-c302 [/jobs]
socketio: INFO: emitting event "task update" to 20170509-172605-0fd8 [/jobs]
socketio: INFO: emitting event "task update" to 20170509-172706-cfe6 [/jobs]
socketio: INFO: emitting event "task update" to 20170509-173209-48ad [/jobs]
socketio: INFO: emitting event "task update" to 20170509-173320-66e3 [/jobs]
socketio: INFO: emitting event "task update" to 20170509-172927-67d2 [/jobs]
socketio: INFO: emitting event "task update" to 20170509-173515-e8bf [/jobs]
socketio: INFO: emitting event "task update" to 20170509-172524-d7c0 [/jobs]
socketio: INFO: emitting event "task update" to 20170509-172419-2d22 [/jobs]
socketio: INFO: emitting event "task update" to 20170509-172337-f1aa [/jobs]
socketio: INFO: emitting event "task update" to 20170509-173228-acad [/jobs]
socketio: INFO: emitting event "job update" to job_management [/jobs]
socketio: INFO: emitting event "task update" to 20170509-172350-6fcd [/jobs]
socketio: INFO: emitting event "job update" to 20170509-174726-2fde [/jobs]
socketio: INFO: emitting event "job update" to job_management [/jobs]
socketio: INFO: emitting event "server update" to job_management [/jobs]
socketio: INFO: emitting event "server update" to job_management [/jobs]
digits.webapp: INFO: Infer Model task started.
socketio: INFO: emitting event "task update" to 20170509-174726-2fde [/jobs]
socketio: INFO: emitting event "job update" to 20170509-174726-2fde [/jobs]
socketio: INFO: emitting event "job update" to job_management [/jobs]
digits.webapp: INFO: Task subprocess args: "/usr/bin/python2 /home/ethan/digits_GAN/digits/tools/inference.py /tmp/tmpX3R8Ve/20170509-174726-2fde/tmpVsCjHF.txt /tmp/tmpX3R8Ve/20170509-174726-2fde 20170509-174723-7d7d --jobs_dir=/tmp/tmpX3R8Ve --layers=all --gpu=0"
socketio: INFO: emitting event "task update" to 20170509-174715-868b [/jobs]
socketio: INFO: emitting event "task update" to 20170509-173357-1ed1 [/jobs]
socketio: INFO: emitting event "task update" to 20170509-174707-a426 [/jobs]
socketio: INFO: emitting event "task update" to 20170509-172259-8252 [/jobs]
socketio: INFO: emitting event "task update" to 20170509-173322-0807 [/jobs]
socketio: INFO: emitting event "task update" to 20170509-172114-d063 [/jobs]
socketio: INFO: emitting event "task update" to 20170509-172323-89b4 [/jobs]
socketio: INFO: emitting event "task update" to 20170509-174723-7d7d [/jobs]
socketio: INFO: emitting event "task update" to 20170509-174411-45b4 [/jobs]
socketio: INFO: emitting event "task update" to 20170509-173300-0377 [/jobs]
socketio: INFO: emitting event "task update" to 20170509-173245-3417 [/jobs]
socketio: INFO: emitting event "task update" to 20170509-173324-49b0 [/jobs]
socketio: INFO: emitting event "task update" to 20170509-172342-e0ef [/jobs]
socketio: INFO: emitting event "task update" to 20170509-173108-a6ff [/jobs]
socketio: INFO: emitting event "task update" to 20170509-172725-6a13 [/jobs]
socketio: INFO: emitting event "task update" to 20170509-172806-b5bc [/jobs]
socketio: INFO: emitting event "task update" to 20170509-172227-0156 [/jobs]
socketio: INFO: emitting event "task update" to 20170509-174451-4b24 [/jobs]
socketio: INFO: emitting event "task update" to 20170509-172334-9d18 [/jobs]
socketio: INFO: emitting event "task update" to 20170509-174713-a2c5 [/jobs]
socketio: INFO: emitting event "task update" to 20170509-173128-33ce [/jobs]
socketio: INFO: emitting event "task update" to 20170509-174604-6d86 [/jobs]
socketio: INFO: emitting event "task update" to 20170509-172347-b92a [/jobs]
socketio: INFO: emitting event "task update" to 20170509-173326-3e6f [/jobs]
socketio: INFO: emitting event "task update" to 20170509-172315-d38b [/jobs]
socketio: INFO: emitting event "task update" to 20170509-174340-86bb [/jobs]
socketio: INFO: emitting event "task update" to 20170509-172516-8f4b [/jobs]
socketio: INFO: emitting event "task update" to 20170509-172352-bfdd [/jobs]
socketio: INFO: emitting event "task update" to 20170509-172412-e6f0 [/jobs]
socketio: INFO: emitting event "task update" to 20170509-173329-1cea [/jobs]
socketio: INFO: emitting event "task update" to 20170509-173229-c795 [/jobs]
socketio: INFO: emitting event "task update" to 20170509-172202-9230 [/jobs]
socketio: INFO: emitting event "task update" to 20170509-173331-d237 [/jobs]
socketio: INFO: emitting event "task update" to 20170509-172317-7da8 [/jobs]
socketio: INFO: emitting event "task update" to 20170509-173008-ee07 [/jobs]
socketio: INFO: emitting event "task update" to 20170509-172210-1907 [/jobs]
socketio: INFO: emitting event "task update" to 20170509-173333-e98b [/jobs]
socketio: INFO: emitting event "task update" to 20170509-172825-84c5 [/jobs]
socketio: INFO: emitting event "task update" to 20170509-173335-6067 [/jobs]
socketio: INFO: emitting event "task update" to 20170509-172147-4505 [/jobs]
socketio: INFO: emitting event "task update" to 20170509-173337-8532 [/jobs]
socketio: INFO: emitting event "task update" to 20170509-172907-6ffa [/jobs]
socketio: INFO: emitting event "task update" to 20170509-174533-2a57 [/jobs]
socketio: INFO: emitting event "task update" to 20170509-174637-00ca [/jobs]
socketio: INFO: emitting event "task update" to 20170509-172339-dc52 [/jobs]
socketio: INFO: emitting event "task update" to 20170509-172625-e177 [/jobs]
socketio: INFO: emitting event "task update" to 20170509-173316-5f8a [/jobs]
socketio: INFO: emitting event "task update" to 20170509-173318-416e [/jobs]
socketio: INFO: emitting event "task update" to 20170509-173415-8046 [/jobs]
socketio: INFO: emitting event "task update" to 20170509-173027-0946 [/jobs]
socketio: INFO: emitting event "task update" to 20170509-172218-c9c0 [/jobs]
socketio: INFO: emitting event "task update" to 20170509-172328-6826 [/jobs]
socketio: INFO: emitting event "task update" to 20170509-173403-2593 [/jobs]
socketio: INFO: emitting event "task update" to 20170509-174718-7591 [/jobs]
socketio: INFO: emitting event "task update" to 20170509-174313-cb2c [/jobs]
socketio: INFO: emitting event "task update" to 20170509-172344-9606 [/jobs]
socketio: INFO: emitting event "task update" to 20170509-172430-a33c [/jobs]
socketio: INFO: emitting event "task update" to 20170509-174710-c302 [/jobs]
socketio: INFO: emitting event "task update" to 20170509-172605-0fd8 [/jobs]
socketio: INFO: emitting event "task update" to 20170509-172706-cfe6 [/jobs]
socketio: INFO: emitting event "task update" to 20170509-173209-48ad [/jobs]
socketio: INFO: emitting event "task update" to 20170509-173320-66e3 [/jobs]
socketio: INFO: emitting event "task update" to 20170509-172927-67d2 [/jobs]
socketio: INFO: emitting event "task update" to 20170509-173515-e8bf [/jobs]
socketio: INFO: emitting event "task update" to 20170509-172524-d7c0 [/jobs]
socketio: INFO: emitting event "task update" to 20170509-172419-2d22 [/jobs]
socketio: INFO: emitting event "task update" to 20170509-172337-f1aa [/jobs]
socketio: INFO: emitting event "task update" to 20170509-173228-acad [/jobs]
socketio: INFO: emitting event "task update" to 20170509-172350-6fcd [/jobs]
socketio: INFO: emitting event "task update" to 20170509-174715-868b [/jobs]
socketio: INFO: emitting event "task update" to 20170509-173357-1ed1 [/jobs]
socketio: INFO: emitting event "task update" to 20170509-174707-a426 [/jobs]
socketio: INFO: emitting event "task update" to 20170509-172259-8252 [/jobs]
socketio: INFO: emitting event "task update" to 20170509-173322-0807 [/jobs]
socketio: INFO: emitting event "task update" to 20170509-172114-d063 [/jobs]
socketio: INFO: emitting event "task update" to 20170509-172323-89b4 [/jobs]
socketio: INFO: emitting event "task update" to 20170509-174723-7d7d [/jobs]
socketio: INFO: emitting event "task update" to 20170509-174411-45b4 [/jobs]
socketio: INFO: emitting event "task update" to 20170509-173300-0377 [/jobs]
socketio: INFO: emitting event "task update" to 20170509-173245-3417 [/jobs]
socketio: INFO: emitting event "task update" to 20170509-173324-49b0 [/jobs]
socketio: INFO: emitting event "task update" to 20170509-172342-e0ef [/jobs]
socketio: INFO: emitting event "task update" to 20170509-173108-a6ff [/jobs]
socketio: INFO: emitting event "task update" to 20170509-172725-6a13 [/jobs]
socketio: INFO: emitting event "task update" to 20170509-172806-b5bc [/jobs]
socketio: INFO: emitting event "task update" to 20170509-172227-0156 [/jobs]
socketio: INFO: emitting event "task update" to 20170509-174451-4b24 [/jobs]
socketio: INFO: emitting event "task update" to 20170509-172334-9d18 [/jobs]
socketio: INFO: emitting event "task update" to 20170509-174713-a2c5 [/jobs]
socketio: INFO: emitting event "task update" to 20170509-173128-33ce [/jobs]
socketio: INFO: emitting event "task update" to 20170509-174604-6d86 [/jobs]
socketio: INFO: emitting event "task update" to 20170509-172347-b92a [/jobs]
socketio: INFO: emitting event "task update" to 20170509-173326-3e6f [/jobs]
socketio: INFO: emitting event "task update" to 20170509-172315-d38b [/jobs]
socketio: INFO: emitting event "task update" to 20170509-174340-86bb [/jobs]
socketio: INFO: emitting event "task update" to 20170509-172516-8f4b [/jobs]
socketio: INFO: emitting event "task update" to 20170509-172352-bfdd [/jobs]
socketio: INFO: emitting event "task update" to 20170509-172412-e6f0 [/jobs]
socketio: INFO: emitting event "task update" to 20170509-173329-1cea [/jobs]
socketio: INFO: emitting event "task update" to 20170509-173229-c795 [/jobs]
socketio: INFO: emitting event "task update" to 20170509-172202-9230 [/jobs]
socketio: INFO: emitting event "task update" to 20170509-173331-d237 [/jobs]
socketio: INFO: emitting event "task update" to 20170509-172317-7da8 [/jobs]
socketio: INFO: emitting event "task update" to 20170509-173008-ee07 [/jobs]
socketio: INFO: emitting event "task update" to 20170509-172210-1907 [/jobs]
socketio: INFO: emitting event "task update" to 20170509-173333-e98b [/jobs]
socketio: INFO: emitting event "task update" to 20170509-172825-84c5 [/jobs]
socketio: INFO: emitting event "task update" to 20170509-173335-6067 [/jobs]
socketio: INFO: emitting event "task update" to 20170509-172147-4505 [/jobs]
socketio: INFO: emitting event "task update" to 20170509-173337-8532 [/jobs]
socketio: INFO: emitting event "task update" to 20170509-172907-6ffa [/jobs]
socketio: INFO: emitting event "task update" to 20170509-174533-2a57 [/jobs]
socketio: INFO: emitting event "task update" to 20170509-174637-00ca [/jobs]
socketio: INFO: emitting event "task update" to 20170509-172339-dc52 [/jobs]
socketio: INFO: emitting event "task update" to 20170509-172625-e177 [/jobs]
socketio: INFO: emitting event "task update" to 20170509-173316-5f8a [/jobs]
socketio: INFO: emitting event "task update" to 20170509-173318-416e [/jobs]
socketio: INFO: emitting event "task update" to 20170509-173415-8046 [/jobs]
socketio: INFO: emitting event "task update" to 20170509-173027-0946 [/jobs]
socketio: INFO: emitting event "task update" to 20170509-172218-c9c0 [/jobs]
socketio: INFO: emitting event "task update" to 20170509-172328-6826 [/jobs]
socketio: INFO: emitting event "task update" to 20170509-173403-2593 [/jobs]
socketio: INFO: emitting event "task update" to 20170509-174718-7591 [/jobs]
socketio: INFO: emitting event "task update" to 20170509-174313-cb2c [/jobs]
socketio: INFO: emitting event "task update" to 20170509-172344-9606 [/jobs]
socketio: INFO: emitting event "task update" to 20170509-172430-a33c [/jobs]
socketio: INFO: emitting event "task update" to 20170509-174710-c302 [/jobs]
socketio: INFO: emitting event "task update" to 20170509-172605-0fd8 [/jobs]
socketio: INFO: emitting event "task update" to 20170509-172706-cfe6 [/jobs]
socketio: INFO: emitting event "task update" to 20170509-173209-48ad [/jobs]
socketio: INFO: emitting event "task update" to 20170509-173320-66e3 [/jobs]
socketio: INFO: emitting event "task update" to 20170509-172927-67d2 [/jobs]
socketio: INFO: emitting event "task update" to 20170509-173515-e8bf [/jobs]
socketio: INFO: emitting event "task update" to 20170509-172524-d7c0 [/jobs]
socketio: INFO: emitting event "task update" to 20170509-172419-2d22 [/jobs]
socketio: INFO: emitting event "task update" to 20170509-172337-f1aa [/jobs]
socketio: INFO: emitting event "task update" to 20170509-173228-acad [/jobs]
socketio: INFO: emitting event "task update" to 20170509-172350-6fcd [/jobs]
socketio: INFO: emitting event "task update" to 20170509-174715-868b [/jobs]
socketio: INFO: emitting event "task update" to 20170509-173357-1ed1 [/jobs]
socketio: INFO: emitting event "task update" to 20170509-174707-a426 [/jobs]
socketio: INFO: emitting event "task update" to 20170509-172259-8252 [/jobs]
socketio: INFO: emitting event "task update" to 20170509-173322-0807 [/jobs]
socketio: INFO: emitting event "task update" to 20170509-172114-d063 [/jobs]
socketio: INFO: emitting event "task update" to 20170509-172323-89b4 [/jobs]
socketio: INFO: emitting event "task update" to 20170509-174723-7d7d [/jobs]
socketio: INFO: emitting event "task update" to 20170509-174411-45b4 [/jobs]
socketio: INFO: emitting event "task update" to 20170509-173300-0377 [/jobs]
socketio: INFO: emitting event "task update" to 20170509-173245-3417 [/jobs]
socketio: INFO: emitting event "task update" to 20170509-173324-49b0 [/jobs]
socketio: INFO: emitting event "task update" to 20170509-172342-e0ef [/jobs]
socketio: INFO: emitting event "task update" to 20170509-173108-a6ff [/jobs]
socketio: INFO: emitting event "task update" to 20170509-172725-6a13 [/jobs]
socketio: INFO: emitting event "task update" to 20170509-172806-b5bc [/jobs]
socketio: INFO: emitting event "task update" to 20170509-172227-0156 [/jobs]
socketio: INFO: emitting event "task update" to 20170509-174451-4b24 [/jobs]
socketio: INFO: emitting event "task update" to 20170509-172334-9d18 [/jobs]
socketio: INFO: emitting event "task update" to 20170509-174713-a2c5 [/jobs]
socketio: INFO: emitting event "task update" to 20170509-173128-33ce [/jobs]
socketio: INFO: emitting event "task update" to 20170509-174604-6d86 [/jobs]
socketio: INFO: emitting event "task update" to 20170509-172347-b92a [/jobs]
socketio: INFO: emitting event "task update" to 20170509-173326-3e6f [/jobs]
socketio: INFO: emitting event "task update" to 20170509-172315-d38b [/jobs]
socketio: INFO: emitting event "task update" to 20170509-174340-86bb [/jobs]
socketio: INFO: emitting event "task update" to 20170509-172516-8f4b [/jobs]
socketio: INFO: emitting event "task update" to 20170509-172352-bfdd [/jobs]
socketio: INFO: emitting event "task update" to 20170509-172412-e6f0 [/jobs]
socketio: INFO: emitting event "task update" to 20170509-173329-1cea [/jobs]
socketio: INFO: emitting event "task update" to 20170509-173229-c795 [/jobs]
socketio: INFO: emitting event "task update" to 20170509-172202-9230 [/jobs]
socketio: INFO: emitting event "task update" to 20170509-173331-d237 [/jobs]
socketio: INFO: emitting event "task update" to 20170509-172317-7da8 [/jobs]
socketio: INFO: emitting event "task update" to 20170509-173008-ee07 [/jobs]
socketio: INFO: emitting event "task update" to 20170509-172210-1907 [/jobs]
socketio: INFO: emitting event "task update" to 20170509-173333-e98b [/jobs]
socketio: INFO: emitting event "task update" to 20170509-172825-84c5 [/jobs]
socketio: INFO: emitting event "task update" to 20170509-173335-6067 [/jobs]
socketio: INFO: emitting event "task update" to 20170509-172147-4505 [/jobs]
socketio: INFO: emitting event "task update" to 20170509-173337-8532 [/jobs]
socketio: INFO: emitting event "task update" to 20170509-172907-6ffa [/jobs]
socketio: INFO: emitting event "task update" to 20170509-174533-2a57 [/jobs]
socketio: INFO: emitting event "task update" to 20170509-174637-00ca [/jobs]
socketio: INFO: emitting event "task update" to 20170509-172339-dc52 [/jobs]
socketio: INFO: emitting event "task update" to 20170509-172625-e177 [/jobs]
socketio: INFO: emitting event "task update" to 20170509-173316-5f8a [/jobs]
socketio: INFO: emitting event "task update" to 20170509-173318-416e [/jobs]
socketio: INFO: emitting event "task update" to 20170509-173415-8046 [/jobs]
socketio: INFO: emitting event "task update" to 20170509-173027-0946 [/jobs]
socketio: INFO: emitting event "task update" to 20170509-172218-c9c0 [/jobs]
socketio: INFO: emitting event "task update" to 20170509-172328-6826 [/jobs]
socketio: INFO: emitting event "task update" to 20170509-173403-2593 [/jobs]
socketio: INFO: emitting event "task update" to 20170509-174718-7591 [/jobs]
socketio: INFO: emitting event "task update" to 20170509-174313-cb2c [/jobs]
digits.webapp: WARNING: Infer Model unrecognized output: WARNING: log_file config option not found - no log file is being saved
digits.webapp: WARNING: Infer Model unrecognized output: 2017-05-09 17:47:29 [ERROR] InferenceError: Unable to find snapshot for epoch=-1.0
digits.webapp: WARNING: Infer Model unrecognized output: Traceback (most recent call last):
digits.webapp: WARNING: Infer Model unrecognized output: File "/home/ethan/digits_GAN/digits/tools/inference.py", line 293, in <module>
digits.webapp: WARNING: Infer Model unrecognized output: args['resize']
digits.webapp: WARNING: Infer Model unrecognized output: File "/home/ethan/digits_GAN/digits/tools/inference.py", line 79, in infer
digits.webapp: WARNING: Infer Model unrecognized output: raise InferenceError("Unable to find snapshot for epoch=%s" % repr(epoch))
digits.webapp: WARNING: Infer Model unrecognized output: digits.inference.errors.InferenceError: 'Unable to find snapshot for epoch=-1.0'
socketio: INFO: emitting event "task update" to 20170509-172344-9606 [/jobs]
socketio: INFO: emitting event "task update" to 20170509-172430-a33c [/jobs]
socketio: INFO: emitting event "task update" to 20170509-174710-c302 [/jobs]
socketio: INFO: emitting event "task update" to 20170509-172605-0fd8 [/jobs]
socketio: INFO: emitting event "task update" to 20170509-172706-cfe6 [/jobs]
socketio: INFO: emitting event "task update" to 20170509-173209-48ad [/jobs]
socketio: INFO: emitting event "task update" to 20170509-173320-66e3 [/jobs]
socketio: INFO: emitting event "task update" to 20170509-172927-67d2 [/jobs]
socketio: INFO: emitting event "task update" to 20170509-173515-e8bf [/jobs]
socketio: INFO: emitting event "task update" to 20170509-172524-d7c0 [/jobs]
socketio: INFO: emitting event "task update" to 20170509-172419-2d22 [/jobs]
socketio: INFO: emitting event "task update" to 20170509-172337-f1aa [/jobs]
socketio: INFO: emitting event "task update" to 20170509-173228-acad [/jobs]
digits.webapp: ERROR: Infer Model task failed with error code 1
socketio: INFO: emitting event "task update" to 20170509-174726-2fde [/jobs]
socketio: INFO: emitting event "job update" to 20170509-174726-2fde [/jobs]
socketio: INFO: emitting event "job update" to job_management [/jobs]
socketio: INFO: emitting event "server update" to job_management [/jobs]
socketio: INFO: emitting event "server update" to job_management [/jobs]
socketio: INFO: emitting event "job update" to 20170509-174726-2fde [/jobs]
socketio: INFO: emitting event "job update" to job_management [/jobs]
digits: INFO: Job deleted.
socketio: INFO: emitting event "job update" to job_management [/jobs]
--------------------- >> end captured logging << ---------------------

======================================================================
FAIL: digits.model.images.generic.test_views.TestTensorflowCreation.test_infer_one_mean_pixel
----------------------------------------------------------------------
Traceback (most recent call last):
  File "/home/ethan/.local/lib/python2.7/site-packages/nose/case.py", line 197, in runTest
    self.test(*self.arg)
  File "/home/ethan/digits_GAN/digits/model/images/generic/test_views.py", line 403, in test_infer_one_mean_pixel
    self.infer_one_for_job(job_id)
  File "/home/ethan/digits_GAN/digits/model/images/generic/test_views.py", line 391, in infer_one_for_job
    assert rv.status_code == 200, 'POST failed with %s\n\n%s' % (rv.status_code, body)
AssertionError: POST failed with 500

[<body>\n<div class="navbar navbar-inverse navbar-fixed-top">\n<div class="container">\n<div class="navbar-header">\n<a class="navbar-brand" href="/">DIGITS</a>\n</div>\n<ul class="nav navbar-nav">\n<li><a href="/models/20170509-174729-2a42">test_model</a></li>\n<li class="active"><a>Test One</a></li>\n</ul>\n<ul class="nav navbar-nav navbar-right">\n<li>\n<p class="navbar-text">\n            digits-testsuite (<a class="navbar-link" href="/logout">Logout</a>)\n            </p>\n</li>\n<li class="dropdown">\n<a class="dropdown-toggle" data-toggle="dropdown" href="#">Info<span class="caret"></span></a>\n<ul class="dropdown-menu navbar-inverse">\n<li><span class="navbar-text">Server: ethan-computer</span></li>\n<li><span class="navbar-text">DIGITS version: <br> 5.1-dev</br></span></li>\n<li><span class="navbar-text">Caffe version: <br> 0.15.13</br></span></li>\n<li><span class="navbar-text">Caffe flavor: <br> NVIDIA</br></span></li>\n</ul>\n</li>\n<li class="dropdown">\n<a class="dropdown-toggle" data-toggle="dropdown" href="#">About<span class="caret"></span></a>\n<ul class="dropdown-menu about-menu navbar-inverse">\n<li><span class="navbar-text"><a href="https://developer.nvidia.com/digits" target="_blank">\n                        DIGITS on developer.nvidia.com\n                    </a></span></li>\n<li><span class="navbar-text"><a href="https://github.com/NVIDIA/DIGITS" target="_blank">\n                        DIGITS on GitHub\n                    </a></span></li>\n<li><span class="navbar-text"><a href="https://groups.google.com/d/forum/digits-users" target="_blank">\n                        DIGITS user group\n                    </a></span></li>\n<li><span class="navbar-text"><a href="mailto:digits@nvidia.com">\n                        digits@nvidia.com\n                    </a></span></li>\n</ul>\n</li>\n</ul>\n</div>\n</div>\n<div class="container">\n<div class="jumbotron">\n<div class="container">\n<div class="row">\n<div class="col-sm-12" id="show-job-name">\n<h2 style="display:inline;">Infer One Image</h2>\n</div>\n<div class="col-sm-4" id="edit-job-name" style="display:none;">\n<script>\nfunction updateJobName() {\n    var newName = $("input[name=job-name]").val();\n    $.ajax("/jobs/20170509-174732-9d7b",\n            {\n                type: "PUT",\n                data: {"job_name": newName}\n                }\n          )\n    .done(function() {\n            $("#show-job-name h2").html(newName);\n            $('#edit-job-name').hide(); $('#show-job-name').show();\n            })\n    .fail(function(data) { errorAlert(data); });\n    return false;\n}\n                </script>\n<input class="form-control" name="job-name" value="Infer One Image"/>\n<a class="btn btn-primary" href="#" onclick="return updateJobName();">Update</a>\n<a class="btn btn-info" href="#" onclick="$('#edit-job-name').hide(); $('#show-job-name').show(); return false;">Cancel</a>\n</div>\n</div>\n<small>Owner: digits-testsuite</small>\n<div class="pull-right">\n<a class="btn btn-info" disabled="" id="clone-job">Clone Job</a>\n<a class="btn btn-warning hidden disabled" id="abort-job">Abort Job</a>\n<a class="btn btn-danger disabled" id="delete-job">Delete Job</a>\n</div>\n</div>\n<script>\n$('#abort-job').on('click', function(event) {\n        event.preventDefault();\n        bootbox.confirm(\n            'Are you sure you want to abort this job?',\n            function(result) {\n                if (result)\n                    $.ajax("/jobs/20170509-174732-9d7b/abort",\n                        {type: "POST"})\n                    .done(function() {\n                        $("#abort-job").hide();\n                        })\n                    .fail(function(data) { errorAlert(data); });\n            });\n        });\n\n$('#delete-job').on('click', function(event) {\n        event.preventDefault();\n        bootbox.confirm(\n            'Are you sure you want to delete this job?<br><br>All related files will be permanently removed.',\n            function(result) {\n                if (result)\n                    $.ajax("/jobs/20170509-174732-9d7b",\n                        {type: "DELETE"})\n                    .done(function() {\n                        window.location = "/";\n                        })\n                    .fail(function(data) { errorAlert(data); });\n            });\n        });\n    </script>\n</div>\n<div class="row">\n<!-- Job content -->\n<div class="col-sm-8">\n<script src="/static/js/3rdparty/jquery.elevateZoom-3.0.8.min.js?ver=4606b4a4404b87a591d409910710feb1"></script>\n<div class="page-header">\n<h1>\n        test_model\n        <small>\n            Generic Image Model\n        </small>\n</h1>\n</div>\n<div class="row">\n<div class="alert alert-danger">\n<p>Inference failed, see job log</p>\n</div>\n</div>\n</div>\n<!-- Tasks -->\n<div class="col-sm-4">\n<div class="panel-group">\n<div class="panel panel-danger" id="job-statuses">\n<div class="panel-heading">\n<h4 class="panel-title">\n                    Job Status\n                    <small>Error</small>\n</h4>\n</div>\n<div class="panel-collapse">\n<div class="panel-body">\n<div class="job-statuses">\n<ul>\n<li>\n<span class="text-warning">Initialized</span>\n        at 05:47:32 PM\n            <small>(0 seconds)</small>\n</li>\n<li>\n<span class="text-info">Running</span>\n        at 05:47:32 PM\n            <small>(3 seconds)</small>\n</li>\n<li>\n<span class="text-danger">Error</span>\n        at 05:47:35 PM\n            <br>\n<small>(Total - 3 seconds)</small>\n</br></li>\n</ul>\n</div>\n<div class="panel-group">\n<div class="panel panel-danger" id="task-140099411191568-status">\n<div class="panel-heading">\n<h4 class="panel-title">\n<a data-toggle="collapse" href="#task-140099411191568-status-collapse">\n                                            Infer Model\n                                            <small>Error</small>\n<span class="caret"></span>\n</a>\n</h4>\n</div>\n<div class="panel-collapse collapse in" id="task-140099411191568-status-collapse">\n<div class="panel-body">\n<div class="task-progress" style="display:none;">\n<div class="progress">\n<div class="progress-bar" style="width:0%">\n                                                    0%\n                                                </div>\n</div>\n                                            Estimated time remaining: <span class="task-eta">?</span>\n<br/>\n<br/>\n</div>\n<div class="task-statuses">\n<ul>\n<li>\n<span class="text-warning">Initialized</span>\n        at 05:47:32 PM\n            <small>(0 seconds)</small>\n</li>\n<li>\n<span class="text-info">Running</span>\n        at 05:47:32 PM\n            <small>(3 seconds)</small>\n</li>\n<li>\n<span class="text-danger">Error</span>\n        at 05:47:35 PM\n            <br>\n<small>(Total - 3 seconds)</small>\n</br></li>\n</ul>\n<h4 class="text-danger">ERROR: error code 1</h4>\n<pre>\nWARNING: log_file config option not found - no log file is being saved\n2017-05-09 17:47:35 [ERROR] InferenceError: Unable to find snapshot for epoch=-1.0\nTraceback (most recent call last):\nFile "/home/ethan/digits_GAN/digits/tools/inference.py", line 293, in &lt;module&gt;\nargs['resize']\nFile "/home/ethan/digits_GAN/digits/tools/inference.py", line 79, in infer\nraise InferenceError("Unable to find snapshot for epoch=%s" % repr(epoch))\ndigits.inference.errors.InferenceError: 'Unable to find snapshot for epoch=-1.0'\n        </pre>\n</div>\n</div>\n</div>\n</div>\n</div>\n</div>\n</div>\n</div>\n</div>\n<div class="gpu-utilization-info" style="display:none;"></div>\n<!-- Related jobs -->\n<div class="panel panel-default" id="notes-information">\n<div class="panel-heading">\n<h4>Notes</h4>\n</div>\n<div class="panel-body">\n<div class="col-sm-12" id="show-job-notes">\n<p style="display:inline;">None</p>\n</div>\n<div class="col-sm-12" id="edit-job-notes" style="display:none;">\n<script type="text/javascript">\n                        function updateJobNotes() {\n                        var newNotes = $("textarea[name=job-notes]").val();\n                        $.ajax("/jobs/20170509-174732-9d7b",\n                                {\n                                    type: "PUT",\n                                    data: {"job_notes": newNotes}\n                                    }\n                              )\n                        .done(function() {\n                                $("#show-job-notes p").html(newNotes);\n                                $('#edit-job-notes').hide(); $('#show-job-notes').show();\n                                })\n                        .fail(function(data) { errorAlert(data); });\n                        return false;\n                    }\n                    </script>\n<textarea class="form-control" name="job-notes" placeholder="Enter notes" rows="5"></textarea>\n<a class="btn btn-primary" href="#" onclick="return updateJobNotes();">Update</a>\n<a class="btn btn-info" href="#" onclick="$('#edit-job-notes').hide(); $('#show-job-notes').show(); return false;">Cancel</a>\n</div>\n</div>\n</div>\n</div>\n</div>\n<div class="row">\n<script type="text/javascript">\n    function drawHistogram(id, data) {\n        c3.generate({\n            bindto: id,\n            size: {height: 200},\n            data: {\n                columns: [\n                    ['Count'].concat(data[0]),\n                    ['Value'].concat(data[1]),\n                ],\n                x: 'Value',\n                type: 'area-spline',\n            },\n            axis: {\n                x: {\n                    label: {\n                        text: 'Value',\n                        position: 'outer-center',\n                    },\n                    tick: {\n                        values: data[2],\n                        format: d3.format('.3g'),\n                    },\n                    padding: {left: 0},\n                },\n                y: {\n                    padding: {bottom: 0},\n                },\n            },\n            bar: {\n               width: {ratio: 0.2}\n            },\n            padding: {left: 20, right: 20},\n            legend: {hide: true},\n        });\n    }\n</script>\n<style>\n    div.histogram .c3-axis-y .tick {\n        display: none;\n    }\n</style>\n</div>\n</div>\n<script>\n$SCRIPT_ROOT = "";\n\n$(".explanation-tooltip").tooltip();\n\nwindow.onload = function () {\n    $('.autocomplete_path').autocomplete({\n       serviceUrl: '/autocomplete/path',\n       formatResult: function (suggestion, currentValue)\n       {\n            function baseName(str)\n            {\n               var base = new String(str).substring(str.lastIndexOf('/') + 1);\n               return base;\n            }\n            return baseName(suggestion.value);\n        },\n        minChars: 0\n    });\n    $(".autocomplete_path").removeAttr("autocomplete");\n};\n\n</script>\n<style>\n .about-menu {\n     width: 240px !important;\n }\n .brightness {\n     display: inline-block;\n }\n .brightness img:hover {\n     opacity: .75;\n }\n</style>\n</body>]
-------------------- >> begin captured logging << --------------------
socketio: INFO: emitting event "job update" to job_management [/jobs]
socketio: INFO: emitting event "task update" to 20170509-172350-6fcd [/jobs]
socketio: INFO: emitting event "job update" to 20170509-174729-2a42 [/jobs]
socketio: INFO: emitting event "job update" to job_management [/jobs]
socketio: INFO: emitting event "server update" to job_management [/jobs]
digits.webapp: INFO: Train Tensorflow Model task started.
socketio: INFO: emitting event "task update" to 20170509-174729-2a42 [/jobs]
socketio: INFO: emitting event "job update" to 20170509-174729-2a42 [/jobs]
socketio: INFO: emitting event "job update" to job_management [/jobs]
digits.webapp: INFO: Task subprocess args: "python2 /home/ethan/digits_GAN/digits/tools/tensorflow/main.py --network=network.py --epoch=3 --networkDirectory=/tmp/tmpX3R8Ve/20170509-174729-2a42 --save=/tmp/tmpX3R8Ve/20170509-174729-2a42 --snapshotPrefix=snapshot --snapshotInterval=1 --lr_base_rate=0.01 --lr_policy=step --batch_size=10 --mean=/tmp/tmpwfitKK/train_mean.binaryproto --train_db=/tmp/tmpwfitKK/train_images --train_labels=/tmp/tmpwfitKK/train_labels --validation_db=/tmp/tmpwfitKK/val_images --validation_labels=/tmp/tmpwfitKK/val_labels --lr_gamma=0.1 --lr_stepvalues=33 --subtractMean=pixel --seed=3405691582 --optimization=sgd --validation_interval=1 --log_runtime_stats_per_step=0 --augFlip=none --augHSVh=0 --augHSVs=0 --augHSVv=0"
socketio: INFO: emitting event "task update" to 20170509-174729-2a42 [/jobs]
socketio: INFO: emitting event "task update" to 20170509-174715-868b [/jobs]
socketio: INFO: emitting event "task update" to 20170509-173357-1ed1 [/jobs]
socketio: INFO: emitting event "task update" to 20170509-174707-a426 [/jobs]
socketio: INFO: emitting event "task update" to 20170509-172259-8252 [/jobs]
socketio: INFO: emitting event "task update" to 20170509-173322-0807 [/jobs]
socketio: INFO: emitting event "task update" to 20170509-172114-d063 [/jobs]
socketio: INFO: emitting event "task update" to 20170509-172323-89b4 [/jobs]
socketio: INFO: emitting event "task update" to 20170509-174723-7d7d [/jobs]
socketio: INFO: emitting event "task update" to 20170509-174411-45b4 [/jobs]
socketio: INFO: emitting event "task update" to 20170509-173300-0377 [/jobs]
socketio: INFO: emitting event "task update" to 20170509-173245-3417 [/jobs]
socketio: INFO: emitting event "task update" to 20170509-173324-49b0 [/jobs]
socketio: INFO: emitting event "task update" to 20170509-172342-e0ef [/jobs]
socketio: INFO: emitting event "task update" to 20170509-173108-a6ff [/jobs]
socketio: INFO: emitting event "task update" to 20170509-172725-6a13 [/jobs]
socketio: INFO: emitting event "task update" to 20170509-172806-b5bc [/jobs]
socketio: INFO: emitting event "task update" to 20170509-172227-0156 [/jobs]
socketio: INFO: emitting event "task update" to 20170509-174451-4b24 [/jobs]
socketio: INFO: emitting event "task update" to 20170509-172334-9d18 [/jobs]
socketio: INFO: emitting event "task update" to 20170509-174713-a2c5 [/jobs]
socketio: INFO: emitting event "task update" to 20170509-173128-33ce [/jobs]
socketio: INFO: emitting event "task update" to 20170509-174604-6d86 [/jobs]
socketio: INFO: emitting event "task update" to 20170509-172347-b92a [/jobs]
socketio: INFO: emitting event "task update" to 20170509-173326-3e6f [/jobs]
socketio: INFO: emitting event "task update" to 20170509-172315-d38b [/jobs]
socketio: INFO: emitting event "task update" to 20170509-174340-86bb [/jobs]
socketio: INFO: emitting event "task update" to 20170509-172516-8f4b [/jobs]
socketio: INFO: emitting event "task update" to 20170509-172352-bfdd [/jobs]
socketio: INFO: emitting event "task update" to 20170509-172412-e6f0 [/jobs]
socketio: INFO: emitting event "task update" to 20170509-173329-1cea [/jobs]
socketio: INFO: emitting event "task update" to 20170509-173229-c795 [/jobs]
socketio: INFO: emitting event "task update" to 20170509-172202-9230 [/jobs]
socketio: INFO: emitting event "task update" to 20170509-173331-d237 [/jobs]
socketio: INFO: emitting event "task update" to 20170509-172317-7da8 [/jobs]
socketio: INFO: emitting event "task update" to 20170509-173008-ee07 [/jobs]
socketio: INFO: emitting event "task update" to 20170509-172210-1907 [/jobs]
socketio: INFO: emitting event "task update" to 20170509-173333-e98b [/jobs]
socketio: INFO: emitting event "task update" to 20170509-172825-84c5 [/jobs]
socketio: INFO: emitting event "task update" to 20170509-173335-6067 [/jobs]
socketio: INFO: emitting event "task update" to 20170509-172147-4505 [/jobs]
socketio: INFO: emitting event "task update" to 20170509-173337-8532 [/jobs]
socketio: INFO: emitting event "task update" to 20170509-172907-6ffa [/jobs]
socketio: INFO: emitting event "task update" to 20170509-174533-2a57 [/jobs]
socketio: INFO: emitting event "task update" to 20170509-174637-00ca [/jobs]
socketio: INFO: emitting event "task update" to 20170509-172339-dc52 [/jobs]
socketio: INFO: emitting event "task update" to 20170509-172625-e177 [/jobs]
socketio: INFO: emitting event "task update" to 20170509-173316-5f8a [/jobs]
socketio: INFO: emitting event "task update" to 20170509-173318-416e [/jobs]
socketio: INFO: emitting event "task update" to 20170509-173415-8046 [/jobs]
socketio: INFO: emitting event "task update" to 20170509-173027-0946 [/jobs]
socketio: INFO: emitting event "task update" to 20170509-172218-c9c0 [/jobs]
socketio: INFO: emitting event "task update" to 20170509-172328-6826 [/jobs]
socketio: INFO: emitting event "task update" to 20170509-173403-2593 [/jobs]
socketio: INFO: emitting event "task update" to 20170509-174718-7591 [/jobs]
socketio: INFO: emitting event "task update" to 20170509-174313-cb2c [/jobs]
socketio: INFO: emitting event "task update" to 20170509-172344-9606 [/jobs]
socketio: INFO: emitting event "task update" to 20170509-172430-a33c [/jobs]
socketio: INFO: emitting event "task update" to 20170509-174710-c302 [/jobs]
socketio: INFO: emitting event "task update" to 20170509-172605-0fd8 [/jobs]
socketio: INFO: emitting event "task update" to 20170509-172706-cfe6 [/jobs]
socketio: INFO: emitting event "task update" to 20170509-173209-48ad [/jobs]
socketio: INFO: emitting event "task update" to 20170509-173320-66e3 [/jobs]
socketio: INFO: emitting event "task update" to 20170509-172927-67d2 [/jobs]
socketio: INFO: emitting event "task update" to 20170509-173515-e8bf [/jobs]
socketio: INFO: emitting event "task update" to 20170509-172524-d7c0 [/jobs]
socketio: INFO: emitting event "task update" to 20170509-172419-2d22 [/jobs]
socketio: INFO: emitting event "task update" to 20170509-172337-f1aa [/jobs]
socketio: INFO: emitting event "task update" to 20170509-173228-acad [/jobs]
socketio: INFO: emitting event "task update" to 20170509-172350-6fcd [/jobs]
socketio: INFO: emitting event "task update" to 20170509-174715-868b [/jobs]
socketio: INFO: emitting event "task update" to 20170509-173357-1ed1 [/jobs]
socketio: INFO: emitting event "task update" to 20170509-174707-a426 [/jobs]
socketio: INFO: emitting event "task update" to 20170509-172259-8252 [/jobs]
socketio: INFO: emitting event "task update" to 20170509-173322-0807 [/jobs]
socketio: INFO: emitting event "task update" to 20170509-172114-d063 [/jobs]
socketio: INFO: emitting event "task update" to 20170509-172323-89b4 [/jobs]
socketio: INFO: emitting event "task update" to 20170509-174723-7d7d [/jobs]
socketio: INFO: emitting event "task update" to 20170509-174411-45b4 [/jobs]
socketio: INFO: emitting event "task update" to 20170509-173300-0377 [/jobs]
socketio: INFO: emitting event "task update" to 20170509-173245-3417 [/jobs]
socketio: INFO: emitting event "task update" to 20170509-173324-49b0 [/jobs]
socketio: INFO: emitting event "task update" to 20170509-172342-e0ef [/jobs]
socketio: INFO: emitting event "task update" to 20170509-173108-a6ff [/jobs]
socketio: INFO: emitting event "task update" to 20170509-172725-6a13 [/jobs]
socketio: INFO: emitting event "task update" to 20170509-172806-b5bc [/jobs]
socketio: INFO: emitting event "task update" to 20170509-172227-0156 [/jobs]
socketio: INFO: emitting event "task update" to 20170509-174451-4b24 [/jobs]
socketio: INFO: emitting event "task update" to 20170509-172334-9d18 [/jobs]
socketio: INFO: emitting event "task update" to 20170509-174713-a2c5 [/jobs]
socketio: INFO: emitting event "task update" to 20170509-173128-33ce [/jobs]
socketio: INFO: emitting event "task update" to 20170509-174604-6d86 [/jobs]
socketio: INFO: emitting event "task update" to 20170509-172347-b92a [/jobs]
socketio: INFO: emitting event "task update" to 20170509-173326-3e6f [/jobs]
socketio: INFO: emitting event "task update" to 20170509-172315-d38b [/jobs]
socketio: INFO: emitting event "task update" to 20170509-174340-86bb [/jobs]
socketio: INFO: emitting event "task update" to 20170509-172516-8f4b [/jobs]
socketio: INFO: emitting event "task update" to 20170509-172352-bfdd [/jobs]
socketio: INFO: emitting event "task update" to 20170509-172412-e6f0 [/jobs]
socketio: INFO: emitting event "task update" to 20170509-173329-1cea [/jobs]
digits.webapp: WARNING: Train Tensorflow Model unrecognized output: 2017-05-09 17:47:31.190942: W tensorflow/core/platform/cpu_feature_guard.cc:45] The TensorFlow library wasn't compiled to use SSE4.1 instructions, but these are available on your machine and could speed up CPU computations.
digits.webapp: WARNING: Train Tensorflow Model unrecognized output: 2017-05-09 17:47:31.190960: W tensorflow/core/platform/cpu_feature_guard.cc:45] The TensorFlow library wasn't compiled to use SSE4.2 instructions, but these are available on your machine and could speed up CPU computations.
digits.webapp: WARNING: Train Tensorflow Model unrecognized output: 2017-05-09 17:47:31.190968: W tensorflow/core/platform/cpu_feature_guard.cc:45] The TensorFlow library wasn't compiled to use AVX instructions, but these are available on your machine and could speed up CPU computations.
socketio: INFO: emitting event "task update" to 20170509-173229-c795 [/jobs]
socketio: INFO: emitting event "task update" to 20170509-172202-9230 [/jobs]
socketio: INFO: emitting event "task update" to 20170509-173331-d237 [/jobs]
socketio: INFO: emitting event "task update" to 20170509-172317-7da8 [/jobs]
socketio: INFO: emitting event "task update" to 20170509-173008-ee07 [/jobs]
socketio: INFO: emitting event "task update" to 20170509-172210-1907 [/jobs]
socketio: INFO: emitting event "task update" to 20170509-173333-e98b [/jobs]
socketio: INFO: emitting event "task update" to 20170509-172825-84c5 [/jobs]
digits.webapp: WARNING: Train Tensorflow Model unrecognized output: 2017-05-09 17:47:31.318959: I tensorflow/stream_executor/cuda/cuda_gpu_executor.cc:901] successful NUMA node read from SysFS had negative value (-1), but there must be at least one NUMA node, so returning NUMA node zero
digits.webapp: WARNING: Train Tensorflow Model unrecognized output: 2017-05-09 17:47:31.319374: I tensorflow/core/common_runtime/gpu/gpu_device.cc:887] Found device 0 with properties:
digits.webapp: WARNING: Train Tensorflow Model unrecognized output: name: GeForce GTX TITAN X
digits.webapp: WARNING: Train Tensorflow Model unrecognized output: major: 5 minor: 2 memoryClockRate (GHz) 1.076
digits.webapp: WARNING: Train Tensorflow Model unrecognized output: pciBusID 0000:01:00.0
digits.webapp: WARNING: Train Tensorflow Model unrecognized output: Total memory: 11.92GiB
digits.webapp: WARNING: Train Tensorflow Model unrecognized output: Free memory: 10.21GiB
digits.webapp: WARNING: Train Tensorflow Model unrecognized output: 2017-05-09 17:47:31.319388: I tensorflow/core/common_runtime/gpu/gpu_device.cc:908] DMA: 0
digits.webapp: WARNING: Train Tensorflow Model unrecognized output: 2017-05-09 17:47:31.319392: I tensorflow/core/common_runtime/gpu/gpu_device.cc:918] 0:   Y
digits.webapp: WARNING: Train Tensorflow Model unrecognized output: 2017-05-09 17:47:31.319403: I tensorflow/core/common_runtime/gpu/gpu_device.cc:977] Creating TensorFlow device (/gpu:0) -> (device: 0, name: GeForce GTX TITAN X, pci bus id: 0000:01:00.0)
socketio: INFO: emitting event "task update" to 20170509-173335-6067 [/jobs]
socketio: INFO: emitting event "task update" to 20170509-172147-4505 [/jobs]
socketio: INFO: emitting event "task update" to 20170509-173337-8532 [/jobs]
socketio: INFO: emitting event "task update" to 20170509-172907-6ffa [/jobs]
socketio: INFO: emitting event "task update" to 20170509-174533-2a57 [/jobs]
socketio: INFO: emitting event "task update" to 20170509-174637-00ca [/jobs]
socketio: INFO: emitting event "task update" to 20170509-172339-dc52 [/jobs]
socketio: INFO: emitting event "task update" to 20170509-172625-e177 [/jobs]
socketio: INFO: emitting event "task update" to 20170509-173316-5f8a [/jobs]
socketio: INFO: emitting event "task update" to 20170509-173318-416e [/jobs]
socketio: INFO: emitting event "task update" to 20170509-173415-8046 [/jobs]
socketio: INFO: emitting event "task update" to 20170509-173027-0946 [/jobs]
socketio: INFO: emitting event "task update" to 20170509-172218-c9c0 [/jobs]
socketio: INFO: emitting event "task update" to 20170509-172328-6826 [/jobs]
socketio: INFO: emitting event "task update" to 20170509-173403-2593 [/jobs]
socketio: INFO: emitting event "task update" to 20170509-174718-7591 [/jobs]
socketio: INFO: emitting event "task update" to 20170509-174313-cb2c [/jobs]
digits.webapp: WARNING: Train Tensorflow Model unrecognized output: 2017-05-09 17:47:31.442246: I tensorflow/core/common_runtime/gpu/gpu_device.cc:977] Creating TensorFlow device (/gpu:0) -> (device: 0, name: GeForce GTX TITAN X, pci bus id: 0000:01:00.0)
digits.webapp: WARNING: Train Tensorflow Model unrecognized output: 2017-05-09 17:47:31.450341: I tensorflow/core/common_runtime/gpu/gpu_device.cc:977] Creating TensorFlow device (/gpu:0) -> (device: 0, name: GeForce GTX TITAN X, pci bus id: 0000:01:00.0)
socketio: INFO: emitting event "task update" to 20170509-172344-9606 [/jobs]
socketio: INFO: emitting event "task update" to 20170509-172430-a33c [/jobs]
socketio: INFO: emitting event "task update" to 20170509-174710-c302 [/jobs]
socketio: INFO: emitting event "task update" to 20170509-172605-0fd8 [/jobs]
socketio: INFO: emitting event "task update" to 20170509-172706-cfe6 [/jobs]
socketio: INFO: emitting event "task update" to 20170509-173209-48ad [/jobs]
socketio: INFO: emitting event "task update" to 20170509-173320-66e3 [/jobs]
socketio: INFO: emitting event "task update" to 20170509-172927-67d2 [/jobs]
socketio: INFO: emitting event "task update" to 20170509-173515-e8bf [/jobs]
socketio: INFO: emitting event "task update" to 20170509-172524-d7c0 [/jobs]
socketio: INFO: emitting event "task update" to 20170509-172419-2d22 [/jobs]
socketio: INFO: emitting event "task update" to 20170509-172337-f1aa [/jobs]
socketio: INFO: emitting event "task update" to 20170509-173228-acad [/jobs]
socketio: INFO: emitting event "task update" to 20170509-172350-6fcd [/jobs]
socketio: INFO: emitting event "task update" to 20170509-174729-2a42 [/jobs]
socketio: INFO: emitting event "task update" to 20170509-174715-868b [/jobs]
socketio: INFO: emitting event "task update" to 20170509-173357-1ed1 [/jobs]
socketio: INFO: emitting event "task update" to 20170509-174707-a426 [/jobs]
socketio: INFO: emitting event "task update" to 20170509-172259-8252 [/jobs]
digits.webapp: DEBUG: Network validation loss #0.0: 0.107787
digits.webapp: DEBUG: Validation (epoch 0): loss = 0.107787
socketio: INFO: emitting event "task update" to 20170509-174729-2a42 [/jobs]
socketio: INFO: emitting event "job update" to job_management [/jobs]
digits.webapp: DEBUG: Training 6.67% complete.
socketio: INFO: emitting event "task update" to 20170509-174729-2a42 [/jobs]
socketio: INFO: emitting event "task update" to job_management [/jobs]
digits.webapp: DEBUG: Training (epoch 0.2): loss = 0.092826, lr = 0.010000
socketio: INFO: emitting event "task update" to 20170509-174729-2a42 [/jobs]
socketio: INFO: emitting event "job update" to job_management [/jobs]
digits.webapp: DEBUG: Training (epoch 0.4): loss = 0.077762, lr = 0.010000
socketio: INFO: emitting event "task update" to 20170509-174729-2a42 [/jobs]
socketio: INFO: emitting event "job update" to job_management [/jobs]
digits.webapp: DEBUG: Training (epoch 0.6): loss = 0.082124, lr = 0.010000
socketio: INFO: emitting event "task update" to 20170509-173322-0807 [/jobs]
socketio: INFO: emitting event "task update" to 20170509-174729-2a42 [/jobs]
socketio: INFO: emitting event "job update" to job_management [/jobs]
digits.webapp: DEBUG: Training (epoch 0.8): loss = 0.071699, lr = 0.010000
socketio: INFO: emitting event "task update" to 20170509-174729-2a42 [/jobs]
socketio: INFO: emitting event "job update" to job_management [/jobs]
digits.webapp: DEBUG: Training (epoch 1.0): loss = 0.071945, lr = 0.010000
socketio: INFO: emitting event "task update" to 20170509-174729-2a42 [/jobs]
digits.webapp: DEBUG: Network validation loss #1.0: 0.092745
digits.webapp: DEBUG: Validation (epoch 1.0): loss = 0.092745
digits.webapp: WARNING: Train Tensorflow Model unrecognized output: INFO:tensorflow:/tmp/tmpX3R8Ve/20170509-174729-2a42/snapshot_1.ckpt is not in all_model_checkpoint_paths. Manually adding it.
socketio: INFO: emitting event "task update" to 20170509-174729-2a42 [/jobs]
socketio: INFO: emitting event "task update" to 20170509-174729-2a42 [/jobs]
socketio: INFO: emitting event "job update" to job_management [/jobs]
digits.webapp: DEBUG: Training (epoch 1.2): loss = 0.080409, lr = 0.001000
socketio: INFO: emitting event "task update" to 20170509-174729-2a42 [/jobs]
socketio: INFO: emitting event "job update" to job_management [/jobs]
digits.webapp: DEBUG: Training (epoch 1.4): loss = 0.072808, lr = 0.001000
socketio: INFO: emitting event "task update" to 20170509-174729-2a42 [/jobs]
socketio: INFO: emitting event "job update" to job_management [/jobs]
digits.webapp: DEBUG: Training (epoch 1.6): loss = 0.070512, lr = 0.001000
socketio: INFO: emitting event "task update" to 20170509-172114-d063 [/jobs]
socketio: INFO: emitting event "task update" to 20170509-174729-2a42 [/jobs]
socketio: INFO: emitting event "job update" to job_management [/jobs]
digits.webapp: DEBUG: Training (epoch 1.8): loss = 0.071745, lr = 0.001000
socketio: INFO: emitting event "task update" to 20170509-174729-2a42 [/jobs]
socketio: INFO: emitting event "job update" to job_management [/jobs]
digits.webapp: DEBUG: Training (epoch 2.0): loss = 0.070109, lr = 0.001000
socketio: INFO: emitting event "task update" to 20170509-174729-2a42 [/jobs]
digits.webapp: DEBUG: Network validation loss #2.0: 0.090023
digits.webapp: DEBUG: Validation (epoch 2.0): loss = 0.090023
digits.webapp: WARNING: Train Tensorflow Model unrecognized output: INFO:tensorflow:/tmp/tmpX3R8Ve/20170509-174729-2a42/snapshot_2.ckpt is not in all_model_checkpoint_paths. Manually adding it.
socketio: INFO: emitting event "task update" to 20170509-174729-2a42 [/jobs]
socketio: INFO: emitting event "task update" to 20170509-174729-2a42 [/jobs]
socketio: INFO: emitting event "job update" to job_management [/jobs]
digits.webapp: DEBUG: Training (epoch 2.2): loss = 0.075267, lr = 0.000100
socketio: INFO: emitting event "task update" to 20170509-174729-2a42 [/jobs]
socketio: INFO: emitting event "job update" to job_management [/jobs]
digits.webapp: DEBUG: Training (epoch 2.4): loss = 0.068278, lr = 0.000100
socketio: INFO: emitting event "task update" to 20170509-174729-2a42 [/jobs]
socketio: INFO: emitting event "job update" to job_management [/jobs]
digits.webapp: DEBUG: Training (epoch 2.6): loss = 0.072215, lr = 0.000100
socketio: INFO: emitting event "task update" to 20170509-174729-2a42 [/jobs]
socketio: INFO: emitting event "job update" to job_management [/jobs]
digits.webapp: DEBUG: Training (epoch 2.8): loss = 0.069969, lr = 0.000100
socketio: INFO: emitting event "task update" to 20170509-174729-2a42 [/jobs]
socketio: INFO: emitting event "job update" to job_management [/jobs]
digits.webapp: DEBUG: Training (epoch 3.0): loss = 0.068539, lr = 0.000100
socketio: INFO: emitting event "task update" to 20170509-174729-2a42 [/jobs]
digits.webapp: DEBUG: Network validation loss #3.0: 0.090906
digits.webapp: DEBUG: Validation (epoch 3.0): loss = 0.090906
digits.webapp: WARNING: Train Tensorflow Model unrecognized output: INFO:tensorflow:/tmp/tmpX3R8Ve/20170509-174729-2a42/snapshot_3.ckpt is not in all_model_checkpoint_paths. Manually adding it.
socketio: INFO: emitting event "task update" to 20170509-174729-2a42 [/jobs]
socketio: INFO: emitting event "task update" to 20170509-172323-89b4 [/jobs]
digits.webapp: WARNING: Train Tensorflow Model unrecognized output: 2017-05-09 17:47:31.938136: W tensorflow/core/framework/op_kernel.cc:1152] Out of range: PaddingFIFOQueue '_3_train/data/batcher/padding_fifo_queue' is closed and has insufficient elements (requested 10, current size 0)
digits.webapp: WARNING: Train Tensorflow Model unrecognized output: [[Node: train/data/batcher = QueueDequeueUpToV2[component_types=[DT_STRING, DT_FLOAT, DT_FLOAT], timeout_ms=-1, _device="/job:localhost/replica:0/task:0/cpu:0"](train/data/batcher/padding_fifo_queue, train/data/batcher/n)]]
digits.webapp: WARNING: Train Tensorflow Model unrecognized output: Training wall-time: 0.308177947998
socketio: INFO: emitting event "task update" to 20170509-174723-7d7d [/jobs]
socketio: INFO: emitting event "task update" to 20170509-174411-45b4 [/jobs]
socketio: INFO: emitting event "task update" to 20170509-173300-0377 [/jobs]
socketio: INFO: emitting event "task update" to 20170509-173245-3417 [/jobs]
socketio: INFO: emitting event "task update" to 20170509-173324-49b0 [/jobs]
socketio: INFO: emitting event "task update" to 20170509-172342-e0ef [/jobs]
socketio: INFO: emitting event "task update" to 20170509-173108-a6ff [/jobs]
socketio: INFO: emitting event "task update" to 20170509-172725-6a13 [/jobs]
socketio: INFO: emitting event "task update" to 20170509-172806-b5bc [/jobs]
socketio: INFO: emitting event "task update" to 20170509-172227-0156 [/jobs]
socketio: INFO: emitting event "task update" to 20170509-174451-4b24 [/jobs]
socketio: INFO: emitting event "task update" to 20170509-172334-9d18 [/jobs]
socketio: INFO: emitting event "task update" to 20170509-174713-a2c5 [/jobs]
socketio: INFO: emitting event "task update" to 20170509-173128-33ce [/jobs]
socketio: INFO: emitting event "task update" to 20170509-174604-6d86 [/jobs]
socketio: INFO: emitting event "task update" to 20170509-172347-b92a [/jobs]
socketio: INFO: emitting event "task update" to 20170509-173326-3e6f [/jobs]
socketio: INFO: emitting event "task update" to 20170509-172315-d38b [/jobs]
socketio: INFO: emitting event "task update" to 20170509-174340-86bb [/jobs]
socketio: INFO: emitting event "task update" to 20170509-172516-8f4b [/jobs]
socketio: INFO: emitting event "task update" to 20170509-172352-bfdd [/jobs]
socketio: INFO: emitting event "task update" to 20170509-172412-e6f0 [/jobs]
digits.webapp: INFO: Train Tensorflow Model task completed.
socketio: INFO: emitting event "task update" to 20170509-174729-2a42 [/jobs]
socketio: INFO: emitting event "job update" to job_management [/jobs]
socketio: INFO: emitting event "task update" to 20170509-174729-2a42 [/jobs]
socketio: INFO: emitting event "job update" to 20170509-174729-2a42 [/jobs]
socketio: INFO: emitting event "job update" to job_management [/jobs]
socketio: INFO: emitting event "server update" to job_management [/jobs]
socketio: INFO: emitting event "task update" to 20170509-173329-1cea [/jobs]
socketio: INFO: emitting event "task update" to 20170509-173229-c795 [/jobs]
socketio: INFO: emitting event "task update" to 20170509-172202-9230 [/jobs]
socketio: INFO: emitting event "job update" to job_management [/jobs]
socketio: INFO: emitting event "job update" to 20170509-174729-2a42 [/jobs]
socketio: INFO: emitting event "job update" to job_management [/jobs]
digits: INFO: Job complete.
socketio: INFO: emitting event "task update" to 20170509-173331-d237 [/jobs]
socketio: INFO: emitting event "task update" to 20170509-172317-7da8 [/jobs]
socketio: INFO: emitting event "task update" to 20170509-173008-ee07 [/jobs]
socketio: INFO: emitting event "task update" to 20170509-172210-1907 [/jobs]
socketio: INFO: emitting event "task update" to 20170509-173333-e98b [/jobs]
socketio: INFO: emitting event "task update" to 20170509-172825-84c5 [/jobs]
socketio: INFO: emitting event "task update" to 20170509-173335-6067 [/jobs]
socketio: INFO: emitting event "task update" to 20170509-172147-4505 [/jobs]
socketio: INFO: emitting event "task update" to 20170509-173337-8532 [/jobs]
socketio: INFO: emitting event "task update" to 20170509-172907-6ffa [/jobs]
socketio: INFO: emitting event "task update" to 20170509-174533-2a57 [/jobs]
socketio: INFO: emitting event "task update" to 20170509-174637-00ca [/jobs]
socketio: INFO: emitting event "task update" to 20170509-172339-dc52 [/jobs]
socketio: INFO: emitting event "task update" to 20170509-172625-e177 [/jobs]
socketio: INFO: emitting event "task update" to 20170509-173316-5f8a [/jobs]
socketio: INFO: emitting event "task update" to 20170509-173318-416e [/jobs]
socketio: INFO: emitting event "task update" to 20170509-173415-8046 [/jobs]
socketio: INFO: emitting event "task update" to 20170509-173027-0946 [/jobs]
socketio: INFO: emitting event "task update" to 20170509-172218-c9c0 [/jobs]
socketio: INFO: emitting event "task update" to 20170509-172328-6826 [/jobs]
socketio: INFO: emitting event "task update" to 20170509-173403-2593 [/jobs]
socketio: INFO: emitting event "task update" to 20170509-174718-7591 [/jobs]
socketio: INFO: emitting event "task update" to 20170509-174313-cb2c [/jobs]
socketio: INFO: emitting event "task update" to 20170509-172344-9606 [/jobs]
socketio: INFO: emitting event "task update" to 20170509-172430-a33c [/jobs]
socketio: INFO: emitting event "task update" to 20170509-174710-c302 [/jobs]
socketio: INFO: emitting event "task update" to 20170509-172605-0fd8 [/jobs]
socketio: INFO: emitting event "task update" to 20170509-172706-cfe6 [/jobs]
socketio: INFO: emitting event "task update" to 20170509-173209-48ad [/jobs]
socketio: INFO: emitting event "task update" to 20170509-173320-66e3 [/jobs]
socketio: INFO: emitting event "task update" to 20170509-172927-67d2 [/jobs]
socketio: INFO: emitting event "task update" to 20170509-173515-e8bf [/jobs]
socketio: INFO: emitting event "task update" to 20170509-172524-d7c0 [/jobs]
socketio: INFO: emitting event "task update" to 20170509-172419-2d22 [/jobs]
socketio: INFO: emitting event "task update" to 20170509-172337-f1aa [/jobs]
socketio: INFO: emitting event "task update" to 20170509-173228-acad [/jobs]
socketio: INFO: emitting event "task update" to 20170509-172350-6fcd [/jobs]
socketio: INFO: emitting event "job update" to job_management [/jobs]
socketio: INFO: emitting event "task update" to 20170509-174729-2a42 [/jobs]
socketio: INFO: emitting event "job update" to 20170509-174732-9d7b [/jobs]
socketio: INFO: emitting event "job update" to job_management [/jobs]
socketio: INFO: emitting event "server update" to job_management [/jobs]
socketio: INFO: emitting event "server update" to job_management [/jobs]
socketio: INFO: emitting event "task update" to 20170509-174715-868b [/jobs]
socketio: INFO: emitting event "task update" to 20170509-173357-1ed1 [/jobs]
socketio: INFO: emitting event "task update" to 20170509-174707-a426 [/jobs]
digits.webapp: INFO: Infer Model task started.
socketio: INFO: emitting event "task update" to 20170509-174732-9d7b [/jobs]
socketio: INFO: emitting event "job update" to 20170509-174732-9d7b [/jobs]
socketio: INFO: emitting event "job update" to job_management [/jobs]
digits.webapp: INFO: Task subprocess args: "/usr/bin/python2 /home/ethan/digits_GAN/digits/tools/inference.py /tmp/tmpX3R8Ve/20170509-174732-9d7b/tmp13RGix.txt /tmp/tmpX3R8Ve/20170509-174732-9d7b 20170509-174729-2a42 --jobs_dir=/tmp/tmpX3R8Ve --layers=all --gpu=0"
socketio: INFO: emitting event "task update" to 20170509-172259-8252 [/jobs]
socketio: INFO: emitting event "task update" to 20170509-173322-0807 [/jobs]
socketio: INFO: emitting event "task update" to 20170509-172114-d063 [/jobs]
socketio: INFO: emitting event "task update" to 20170509-172323-89b4 [/jobs]
socketio: INFO: emitting event "task update" to 20170509-174723-7d7d [/jobs]
socketio: INFO: emitting event "task update" to 20170509-174411-45b4 [/jobs]
socketio: INFO: emitting event "task update" to 20170509-173300-0377 [/jobs]
socketio: INFO: emitting event "task update" to 20170509-173245-3417 [/jobs]
socketio: INFO: emitting event "task update" to 20170509-173324-49b0 [/jobs]
socketio: INFO: emitting event "task update" to 20170509-172342-e0ef [/jobs]
socketio: INFO: emitting event "task update" to 20170509-173108-a6ff [/jobs]
socketio: INFO: emitting event "task update" to 20170509-172725-6a13 [/jobs]
socketio: INFO: emitting event "task update" to 20170509-172806-b5bc [/jobs]
socketio: INFO: emitting event "task update" to 20170509-172227-0156 [/jobs]
socketio: INFO: emitting event "task update" to 20170509-174451-4b24 [/jobs]
socketio: INFO: emitting event "task update" to 20170509-172334-9d18 [/jobs]
socketio: INFO: emitting event "task update" to 20170509-174713-a2c5 [/jobs]
socketio: INFO: emitting event "task update" to 20170509-173128-33ce [/jobs]
socketio: INFO: emitting event "task update" to 20170509-174604-6d86 [/jobs]
socketio: INFO: emitting event "task update" to 20170509-172347-b92a [/jobs]
socketio: INFO: emitting event "task update" to 20170509-173326-3e6f [/jobs]
socketio: INFO: emitting event "task update" to 20170509-172315-d38b [/jobs]
socketio: INFO: emitting event "task update" to 20170509-174340-86bb [/jobs]
socketio: INFO: emitting event "task update" to 20170509-172516-8f4b [/jobs]
socketio: INFO: emitting event "task update" to 20170509-172352-bfdd [/jobs]
socketio: INFO: emitting event "task update" to 20170509-172412-e6f0 [/jobs]
socketio: INFO: emitting event "task update" to 20170509-173329-1cea [/jobs]
socketio: INFO: emitting event "task update" to 20170509-173229-c795 [/jobs]
socketio: INFO: emitting event "task update" to 20170509-172202-9230 [/jobs]
socketio: INFO: emitting event "task update" to 20170509-173331-d237 [/jobs]
socketio: INFO: emitting event "task update" to 20170509-172317-7da8 [/jobs]
socketio: INFO: emitting event "task update" to 20170509-173008-ee07 [/jobs]
socketio: INFO: emitting event "task update" to 20170509-172210-1907 [/jobs]
socketio: INFO: emitting event "task update" to 20170509-173333-e98b [/jobs]
socketio: INFO: emitting event "task update" to 20170509-172825-84c5 [/jobs]
socketio: INFO: emitting event "task update" to 20170509-173335-6067 [/jobs]
socketio: INFO: emitting event "task update" to 20170509-172147-4505 [/jobs]
socketio: INFO: emitting event "task update" to 20170509-173337-8532 [/jobs]
socketio: INFO: emitting event "task update" to 20170509-172907-6ffa [/jobs]
socketio: INFO: emitting event "task update" to 20170509-174533-2a57 [/jobs]
socketio: INFO: emitting event "task update" to 20170509-174637-00ca [/jobs]
socketio: INFO: emitting event "task update" to 20170509-172339-dc52 [/jobs]
socketio: INFO: emitting event "task update" to 20170509-172625-e177 [/jobs]
socketio: INFO: emitting event "task update" to 20170509-173316-5f8a [/jobs]
socketio: INFO: emitting event "task update" to 20170509-173318-416e [/jobs]
socketio: INFO: emitting event "task update" to 20170509-173415-8046 [/jobs]
socketio: INFO: emitting event "task update" to 20170509-173027-0946 [/jobs]
socketio: INFO: emitting event "task update" to 20170509-172218-c9c0 [/jobs]
socketio: INFO: emitting event "task update" to 20170509-172328-6826 [/jobs]
socketio: INFO: emitting event "task update" to 20170509-173403-2593 [/jobs]
socketio: INFO: emitting event "task update" to 20170509-174718-7591 [/jobs]
socketio: INFO: emitting event "task update" to 20170509-174313-cb2c [/jobs]
socketio: INFO: emitting event "task update" to 20170509-172344-9606 [/jobs]
socketio: INFO: emitting event "task update" to 20170509-172430-a33c [/jobs]
socketio: INFO: emitting event "task update" to 20170509-174710-c302 [/jobs]
socketio: INFO: emitting event "task update" to 20170509-172605-0fd8 [/jobs]
socketio: INFO: emitting event "task update" to 20170509-172706-cfe6 [/jobs]
socketio: INFO: emitting event "task update" to 20170509-173209-48ad [/jobs]
socketio: INFO: emitting event "task update" to 20170509-173320-66e3 [/jobs]
socketio: INFO: emitting event "task update" to 20170509-172927-67d2 [/jobs]
socketio: INFO: emitting event "task update" to 20170509-173515-e8bf [/jobs]
socketio: INFO: emitting event "task update" to 20170509-172524-d7c0 [/jobs]
socketio: INFO: emitting event "task update" to 20170509-172419-2d22 [/jobs]
socketio: INFO: emitting event "task update" to 20170509-172337-f1aa [/jobs]
socketio: INFO: emitting event "task update" to 20170509-173228-acad [/jobs]
socketio: INFO: emitting event "task update" to 20170509-172350-6fcd [/jobs]
socketio: INFO: emitting event "task update" to 20170509-174729-2a42 [/jobs]
socketio: INFO: emitting event "task update" to 20170509-174715-868b [/jobs]
socketio: INFO: emitting event "task update" to 20170509-173357-1ed1 [/jobs]
socketio: INFO: emitting event "task update" to 20170509-174707-a426 [/jobs]
socketio: INFO: emitting event "task update" to 20170509-172259-8252 [/jobs]
socketio: INFO: emitting event "task update" to 20170509-173322-0807 [/jobs]
socketio: INFO: emitting event "task update" to 20170509-172114-d063 [/jobs]
socketio: INFO: emitting event "task update" to 20170509-172323-89b4 [/jobs]
socketio: INFO: emitting event "task update" to 20170509-174723-7d7d [/jobs]
socketio: INFO: emitting event "task update" to 20170509-174411-45b4 [/jobs]
socketio: INFO: emitting event "task update" to 20170509-173300-0377 [/jobs]
socketio: INFO: emitting event "task update" to 20170509-173245-3417 [/jobs]
socketio: INFO: emitting event "task update" to 20170509-173324-49b0 [/jobs]
socketio: INFO: emitting event "task update" to 20170509-172342-e0ef [/jobs]
socketio: INFO: emitting event "task update" to 20170509-173108-a6ff [/jobs]
socketio: INFO: emitting event "task update" to 20170509-172725-6a13 [/jobs]
socketio: INFO: emitting event "task update" to 20170509-172806-b5bc [/jobs]
socketio: INFO: emitting event "task update" to 20170509-172227-0156 [/jobs]
socketio: INFO: emitting event "task update" to 20170509-174451-4b24 [/jobs]
socketio: INFO: emitting event "task update" to 20170509-172334-9d18 [/jobs]
socketio: INFO: emitting event "task update" to 20170509-174713-a2c5 [/jobs]
socketio: INFO: emitting event "task update" to 20170509-173128-33ce [/jobs]
socketio: INFO: emitting event "task update" to 20170509-174604-6d86 [/jobs]
socketio: INFO: emitting event "task update" to 20170509-172347-b92a [/jobs]
socketio: INFO: emitting event "task update" to 20170509-173326-3e6f [/jobs]
socketio: INFO: emitting event "task update" to 20170509-172315-d38b [/jobs]
socketio: INFO: emitting event "task update" to 20170509-174340-86bb [/jobs]
socketio: INFO: emitting event "task update" to 20170509-172516-8f4b [/jobs]
socketio: INFO: emitting event "task update" to 20170509-172352-bfdd [/jobs]
socketio: INFO: emitting event "task update" to 20170509-172412-e6f0 [/jobs]
socketio: INFO: emitting event "task update" to 20170509-173329-1cea [/jobs]
socketio: INFO: emitting event "task update" to 20170509-173229-c795 [/jobs]
socketio: INFO: emitting event "task update" to 20170509-172202-9230 [/jobs]
socketio: INFO: emitting event "task update" to 20170509-173331-d237 [/jobs]
socketio: INFO: emitting event "task update" to 20170509-172317-7da8 [/jobs]
socketio: INFO: emitting event "task update" to 20170509-173008-ee07 [/jobs]
socketio: INFO: emitting event "task update" to 20170509-172210-1907 [/jobs]
socketio: INFO: emitting event "task update" to 20170509-173333-e98b [/jobs]
socketio: INFO: emitting event "task update" to 20170509-172825-84c5 [/jobs]
socketio: INFO: emitting event "task update" to 20170509-173335-6067 [/jobs]
socketio: INFO: emitting event "task update" to 20170509-172147-4505 [/jobs]
socketio: INFO: emitting event "task update" to 20170509-173337-8532 [/jobs]
socketio: INFO: emitting event "task update" to 20170509-172907-6ffa [/jobs]
socketio: INFO: emitting event "task update" to 20170509-174533-2a57 [/jobs]
socketio: INFO: emitting event "task update" to 20170509-174637-00ca [/jobs]
socketio: INFO: emitting event "task update" to 20170509-172339-dc52 [/jobs]
socketio: INFO: emitting event "task update" to 20170509-172625-e177 [/jobs]
socketio: INFO: emitting event "task update" to 20170509-173316-5f8a [/jobs]
socketio: INFO: emitting event "task update" to 20170509-173318-416e [/jobs]
socketio: INFO: emitting event "task update" to 20170509-173415-8046 [/jobs]
socketio: INFO: emitting event "task update" to 20170509-173027-0946 [/jobs]
socketio: INFO: emitting event "task update" to 20170509-172218-c9c0 [/jobs]
socketio: INFO: emitting event "task update" to 20170509-172328-6826 [/jobs]
socketio: INFO: emitting event "task update" to 20170509-173403-2593 [/jobs]
socketio: INFO: emitting event "task update" to 20170509-174718-7591 [/jobs]
socketio: INFO: emitting event "task update" to 20170509-174313-cb2c [/jobs]
socketio: INFO: emitting event "task update" to 20170509-172344-9606 [/jobs]
socketio: INFO: emitting event "task update" to 20170509-172430-a33c [/jobs]
socketio: INFO: emitting event "task update" to 20170509-174710-c302 [/jobs]
socketio: INFO: emitting event "task update" to 20170509-172605-0fd8 [/jobs]
socketio: INFO: emitting event "task update" to 20170509-172706-cfe6 [/jobs]
socketio: INFO: emitting event "task update" to 20170509-173209-48ad [/jobs]
socketio: INFO: emitting event "task update" to 20170509-173320-66e3 [/jobs]
socketio: INFO: emitting event "task update" to 20170509-172927-67d2 [/jobs]
socketio: INFO: emitting event "task update" to 20170509-173515-e8bf [/jobs]
socketio: INFO: emitting event "task update" to 20170509-172524-d7c0 [/jobs]
socketio: INFO: emitting event "task update" to 20170509-172419-2d22 [/jobs]
socketio: INFO: emitting event "task update" to 20170509-172337-f1aa [/jobs]
socketio: INFO: emitting event "task update" to 20170509-173228-acad [/jobs]
socketio: INFO: emitting event "task update" to 20170509-172350-6fcd [/jobs]
socketio: INFO: emitting event "task update" to 20170509-174729-2a42 [/jobs]
socketio: INFO: emitting event "task update" to 20170509-174715-868b [/jobs]
socketio: INFO: emitting event "task update" to 20170509-173357-1ed1 [/jobs]
socketio: INFO: emitting event "task update" to 20170509-174707-a426 [/jobs]
socketio: INFO: emitting event "task update" to 20170509-172259-8252 [/jobs]
socketio: INFO: emitting event "task update" to 20170509-173322-0807 [/jobs]
socketio: INFO: emitting event "task update" to 20170509-172114-d063 [/jobs]
socketio: INFO: emitting event "task update" to 20170509-172323-89b4 [/jobs]
socketio: INFO: emitting event "task update" to 20170509-174723-7d7d [/jobs]
socketio: INFO: emitting event "task update" to 20170509-174411-45b4 [/jobs]
socketio: INFO: emitting event "task update" to 20170509-173300-0377 [/jobs]
socketio: INFO: emitting event "task update" to 20170509-173245-3417 [/jobs]
socketio: INFO: emitting event "task update" to 20170509-173324-49b0 [/jobs]
socketio: INFO: emitting event "task update" to 20170509-172342-e0ef [/jobs]
socketio: INFO: emitting event "task update" to 20170509-173108-a6ff [/jobs]
socketio: INFO: emitting event "task update" to 20170509-172725-6a13 [/jobs]
socketio: INFO: emitting event "task update" to 20170509-172806-b5bc [/jobs]
socketio: INFO: emitting event "task update" to 20170509-172227-0156 [/jobs]
socketio: INFO: emitting event "task update" to 20170509-174451-4b24 [/jobs]
socketio: INFO: emitting event "task update" to 20170509-172334-9d18 [/jobs]
socketio: INFO: emitting event "task update" to 20170509-174713-a2c5 [/jobs]
socketio: INFO: emitting event "task update" to 20170509-173128-33ce [/jobs]
socketio: INFO: emitting event "task update" to 20170509-174604-6d86 [/jobs]
socketio: INFO: emitting event "task update" to 20170509-172347-b92a [/jobs]
socketio: INFO: emitting event "task update" to 20170509-173326-3e6f [/jobs]
socketio: INFO: emitting event "task update" to 20170509-172315-d38b [/jobs]
socketio: INFO: emitting event "task update" to 20170509-174340-86bb [/jobs]
socketio: INFO: emitting event "task update" to 20170509-172516-8f4b [/jobs]
socketio: INFO: emitting event "task update" to 20170509-172352-bfdd [/jobs]
socketio: INFO: emitting event "task update" to 20170509-172412-e6f0 [/jobs]
socketio: INFO: emitting event "task update" to 20170509-173329-1cea [/jobs]
socketio: INFO: emitting event "task update" to 20170509-173229-c795 [/jobs]
socketio: INFO: emitting event "task update" to 20170509-172202-9230 [/jobs]
socketio: INFO: emitting event "task update" to 20170509-173331-d237 [/jobs]
socketio: INFO: emitting event "task update" to 20170509-172317-7da8 [/jobs]
socketio: INFO: emitting event "task update" to 20170509-173008-ee07 [/jobs]
socketio: INFO: emitting event "task update" to 20170509-172210-1907 [/jobs]
socketio: INFO: emitting event "task update" to 20170509-173333-e98b [/jobs]
socketio: INFO: emitting event "task update" to 20170509-172825-84c5 [/jobs]
socketio: INFO: emitting event "task update" to 20170509-173335-6067 [/jobs]
socketio: INFO: emitting event "task update" to 20170509-172147-4505 [/jobs]
socketio: INFO: emitting event "task update" to 20170509-173337-8532 [/jobs]
socketio: INFO: emitting event "task update" to 20170509-172907-6ffa [/jobs]
socketio: INFO: emitting event "task update" to 20170509-174533-2a57 [/jobs]
socketio: INFO: emitting event "task update" to 20170509-174637-00ca [/jobs]
socketio: INFO: emitting event "task update" to 20170509-172339-dc52 [/jobs]
socketio: INFO: emitting event "task update" to 20170509-172625-e177 [/jobs]
socketio: INFO: emitting event "task update" to 20170509-173316-5f8a [/jobs]
socketio: INFO: emitting event "task update" to 20170509-173318-416e [/jobs]
socketio: INFO: emitting event "task update" to 20170509-173415-8046 [/jobs]
socketio: INFO: emitting event "task update" to 20170509-173027-0946 [/jobs]
socketio: INFO: emitting event "task update" to 20170509-172218-c9c0 [/jobs]
socketio: INFO: emitting event "task update" to 20170509-172328-6826 [/jobs]
socketio: INFO: emitting event "task update" to 20170509-173403-2593 [/jobs]
socketio: INFO: emitting event "task update" to 20170509-174718-7591 [/jobs]
socketio: INFO: emitting event "task update" to 20170509-174313-cb2c [/jobs]
socketio: INFO: emitting event "task update" to 20170509-172344-9606 [/jobs]
socketio: INFO: emitting event "task update" to 20170509-172430-a33c [/jobs]
socketio: INFO: emitting event "task update" to 20170509-174710-c302 [/jobs]
socketio: INFO: emitting event "task update" to 20170509-172605-0fd8 [/jobs]
socketio: INFO: emitting event "task update" to 20170509-172706-cfe6 [/jobs]
socketio: INFO: emitting event "task update" to 20170509-173209-48ad [/jobs]
socketio: INFO: emitting event "task update" to 20170509-173320-66e3 [/jobs]
socketio: INFO: emitting event "task update" to 20170509-172927-67d2 [/jobs]
socketio: INFO: emitting event "task update" to 20170509-173515-e8bf [/jobs]
socketio: INFO: emitting event "task update" to 20170509-172524-d7c0 [/jobs]
socketio: INFO: emitting event "task update" to 20170509-172419-2d22 [/jobs]
socketio: INFO: emitting event "task update" to 20170509-172337-f1aa [/jobs]
socketio: INFO: emitting event "task update" to 20170509-173228-acad [/jobs]
digits.webapp: WARNING: Infer Model unrecognized output: WARNING: log_file config option not found - no log file is being saved
digits.webapp: WARNING: Infer Model unrecognized output: 2017-05-09 17:47:35 [ERROR] InferenceError: Unable to find snapshot for epoch=-1.0
digits.webapp: WARNING: Infer Model unrecognized output: Traceback (most recent call last):
digits.webapp: WARNING: Infer Model unrecognized output: File "/home/ethan/digits_GAN/digits/tools/inference.py", line 293, in <module>
digits.webapp: WARNING: Infer Model unrecognized output: args['resize']
digits.webapp: WARNING: Infer Model unrecognized output: File "/home/ethan/digits_GAN/digits/tools/inference.py", line 79, in infer
digits.webapp: WARNING: Infer Model unrecognized output: raise InferenceError("Unable to find snapshot for epoch=%s" % repr(epoch))
digits.webapp: WARNING: Infer Model unrecognized output: digits.inference.errors.InferenceError: 'Unable to find snapshot for epoch=-1.0'
socketio: INFO: emitting event "task update" to 20170509-172350-6fcd [/jobs]
socketio: INFO: emitting event "task update" to 20170509-174729-2a42 [/jobs]
socketio: INFO: emitting event "task update" to 20170509-174715-868b [/jobs]
socketio: INFO: emitting event "task update" to 20170509-173357-1ed1 [/jobs]
socketio: INFO: emitting event "task update" to 20170509-174707-a426 [/jobs]
socketio: INFO: emitting event "task update" to 20170509-172259-8252 [/jobs]
digits.webapp: ERROR: Infer Model task failed with error code 1
socketio: INFO: emitting event "task update" to 20170509-174732-9d7b [/jobs]
socketio: INFO: emitting event "job update" to 20170509-174732-9d7b [/jobs]
socketio: INFO: emitting event "job update" to job_management [/jobs]
socketio: INFO: emitting event "server update" to job_management [/jobs]
socketio: INFO: emitting event "server update" to job_management [/jobs]
socketio: INFO: emitting event "task update" to 20170509-173322-0807 [/jobs]
socketio: INFO: emitting event "job update" to 20170509-174732-9d7b [/jobs]
socketio: INFO: emitting event "job update" to job_management [/jobs]
digits: INFO: Job deleted.
socketio: INFO: emitting event "job update" to job_management [/jobs]
--------------------- >> end captured logging << ---------------------

======================================================================
FAIL: digits.model.images.generic.test_views.TestTensorflowCreation.test_retrain
----------------------------------------------------------------------
Traceback (most recent call last):
  File "/home/ethan/.local/lib/python2.7/site-packages/nose/case.py", line 197, in runTest
    self.test(*self.arg)
  File "/home/ethan/digits_GAN/digits/model/images/generic/test_views.py", line 417, in test_retrain
    assert len(content['snapshots']), 'should have at least snapshot'
AssertionError: should have at least snapshot
-------------------- >> begin captured logging << --------------------
socketio: INFO: emitting event "job update" to job_management [/jobs]
socketio: INFO: emitting event "job update" to 20170509-174735-2316 [/jobs]
socketio: INFO: emitting event "job update" to job_management [/jobs]
socketio: INFO: emitting event "server update" to job_management [/jobs]
socketio: INFO: emitting event "task update" to 20170509-172114-d063 [/jobs]
digits.webapp: INFO: Train Tensorflow Model task started.
socketio: INFO: emitting event "task update" to 20170509-174735-2316 [/jobs]
socketio: INFO: emitting event "job update" to 20170509-174735-2316 [/jobs]
socketio: INFO: emitting event "job update" to job_management [/jobs]
digits.webapp: INFO: Task subprocess args: "python2 /home/ethan/digits_GAN/digits/tools/tensorflow/main.py --network=network.py --epoch=3 --networkDirectory=/tmp/tmpX3R8Ve/20170509-174735-2316 --save=/tmp/tmpX3R8Ve/20170509-174735-2316 --snapshotPrefix=snapshot --snapshotInterval=1 --lr_base_rate=0.01 --lr_policy=step --batch_size=10 --mean=/tmp/tmpwfitKK/train_mean.binaryproto --train_db=/tmp/tmpwfitKK/train_images --train_labels=/tmp/tmpwfitKK/train_labels --validation_db=/tmp/tmpwfitKK/val_images --validation_labels=/tmp/tmpwfitKK/val_labels --lr_gamma=0.1 --lr_stepvalues=33 --subtractMean=image --seed=3405691582 --optimization=sgd --validation_interval=1 --log_runtime_stats_per_step=0 --augFlip=none --augHSVh=0 --augHSVs=0 --augHSVv=0"
socketio: INFO: emitting event "task update" to 20170509-174735-2316 [/jobs]
socketio: INFO: emitting event "task update" to 20170509-172323-89b4 [/jobs]
socketio: INFO: emitting event "task update" to 20170509-174723-7d7d [/jobs]
socketio: INFO: emitting event "task update" to 20170509-174411-45b4 [/jobs]
socketio: INFO: emitting event "task update" to 20170509-173300-0377 [/jobs]
socketio: INFO: emitting event "task update" to 20170509-173245-3417 [/jobs]
socketio: INFO: emitting event "task update" to 20170509-173324-49b0 [/jobs]
socketio: INFO: emitting event "task update" to 20170509-172342-e0ef [/jobs]
socketio: INFO: emitting event "task update" to 20170509-173108-a6ff [/jobs]
socketio: INFO: emitting event "task update" to 20170509-172725-6a13 [/jobs]
socketio: INFO: emitting event "task update" to 20170509-172806-b5bc [/jobs]
socketio: INFO: emitting event "task update" to 20170509-172227-0156 [/jobs]
socketio: INFO: emitting event "task update" to 20170509-174451-4b24 [/jobs]
socketio: INFO: emitting event "task update" to 20170509-172334-9d18 [/jobs]
socketio: INFO: emitting event "task update" to 20170509-174713-a2c5 [/jobs]
socketio: INFO: emitting event "task update" to 20170509-173128-33ce [/jobs]
socketio: INFO: emitting event "task update" to 20170509-174604-6d86 [/jobs]
socketio: INFO: emitting event "task update" to 20170509-172347-b92a [/jobs]
socketio: INFO: emitting event "task update" to 20170509-173326-3e6f [/jobs]
socketio: INFO: emitting event "task update" to 20170509-172315-d38b [/jobs]
socketio: INFO: emitting event "task update" to 20170509-174340-86bb [/jobs]
socketio: INFO: emitting event "task update" to 20170509-172516-8f4b [/jobs]
socketio: INFO: emitting event "task update" to 20170509-172352-bfdd [/jobs]
socketio: INFO: emitting event "task update" to 20170509-172412-e6f0 [/jobs]
socketio: INFO: emitting event "task update" to 20170509-173329-1cea [/jobs]
socketio: INFO: emitting event "task update" to 20170509-173229-c795 [/jobs]
socketio: INFO: emitting event "task update" to 20170509-172202-9230 [/jobs]
socketio: INFO: emitting event "task update" to 20170509-173331-d237 [/jobs]
socketio: INFO: emitting event "task update" to 20170509-172317-7da8 [/jobs]
socketio: INFO: emitting event "task update" to 20170509-173008-ee07 [/jobs]
socketio: INFO: emitting event "task update" to 20170509-172210-1907 [/jobs]
socketio: INFO: emitting event "task update" to 20170509-173333-e98b [/jobs]
socketio: INFO: emitting event "task update" to 20170509-172825-84c5 [/jobs]
socketio: INFO: emitting event "task update" to 20170509-173335-6067 [/jobs]
socketio: INFO: emitting event "task update" to 20170509-172147-4505 [/jobs]
socketio: INFO: emitting event "task update" to 20170509-173337-8532 [/jobs]
socketio: INFO: emitting event "task update" to 20170509-172907-6ffa [/jobs]
socketio: INFO: emitting event "task update" to 20170509-174533-2a57 [/jobs]
socketio: INFO: emitting event "task update" to 20170509-174637-00ca [/jobs]
socketio: INFO: emitting event "task update" to 20170509-172339-dc52 [/jobs]
socketio: INFO: emitting event "task update" to 20170509-172625-e177 [/jobs]
socketio: INFO: emitting event "task update" to 20170509-173316-5f8a [/jobs]
socketio: INFO: emitting event "task update" to 20170509-173318-416e [/jobs]
socketio: INFO: emitting event "task update" to 20170509-173415-8046 [/jobs]
socketio: INFO: emitting event "task update" to 20170509-173027-0946 [/jobs]
socketio: INFO: emitting event "task update" to 20170509-172218-c9c0 [/jobs]
socketio: INFO: emitting event "task update" to 20170509-172328-6826 [/jobs]
socketio: INFO: emitting event "task update" to 20170509-173403-2593 [/jobs]
socketio: INFO: emitting event "task update" to 20170509-174718-7591 [/jobs]
socketio: INFO: emitting event "task update" to 20170509-174313-cb2c [/jobs]
socketio: INFO: emitting event "task update" to 20170509-172344-9606 [/jobs]
socketio: INFO: emitting event "task update" to 20170509-172430-a33c [/jobs]
socketio: INFO: emitting event "task update" to 20170509-174710-c302 [/jobs]
socketio: INFO: emitting event "task update" to 20170509-172605-0fd8 [/jobs]
socketio: INFO: emitting event "task update" to 20170509-172706-cfe6 [/jobs]
socketio: INFO: emitting event "task update" to 20170509-173209-48ad [/jobs]
socketio: INFO: emitting event "task update" to 20170509-173320-66e3 [/jobs]
socketio: INFO: emitting event "task update" to 20170509-172927-67d2 [/jobs]
socketio: INFO: emitting event "task update" to 20170509-173515-e8bf [/jobs]
socketio: INFO: emitting event "task update" to 20170509-172524-d7c0 [/jobs]
socketio: INFO: emitting event "task update" to 20170509-172419-2d22 [/jobs]
socketio: INFO: emitting event "task update" to 20170509-172337-f1aa [/jobs]
socketio: INFO: emitting event "task update" to 20170509-173228-acad [/jobs]
socketio: INFO: emitting event "task update" to 20170509-172350-6fcd [/jobs]
socketio: INFO: emitting event "task update" to 20170509-174729-2a42 [/jobs]
socketio: INFO: emitting event "task update" to 20170509-174715-868b [/jobs]
socketio: INFO: emitting event "task update" to 20170509-173357-1ed1 [/jobs]
socketio: INFO: emitting event "task update" to 20170509-174707-a426 [/jobs]
socketio: INFO: emitting event "task update" to 20170509-172259-8252 [/jobs]
socketio: INFO: emitting event "task update" to 20170509-173322-0807 [/jobs]
socketio: INFO: emitting event "task update" to 20170509-172114-d063 [/jobs]
socketio: INFO: emitting event "task update" to 20170509-172323-89b4 [/jobs]
socketio: INFO: emitting event "task update" to 20170509-174723-7d7d [/jobs]
socketio: INFO: emitting event "task update" to 20170509-174411-45b4 [/jobs]
socketio: INFO: emitting event "task update" to 20170509-173300-0377 [/jobs]
socketio: INFO: emitting event "task update" to 20170509-173245-3417 [/jobs]
socketio: INFO: emitting event "task update" to 20170509-173324-49b0 [/jobs]
socketio: INFO: emitting event "task update" to 20170509-172342-e0ef [/jobs]
socketio: INFO: emitting event "task update" to 20170509-173108-a6ff [/jobs]
socketio: INFO: emitting event "task update" to 20170509-172725-6a13 [/jobs]
socketio: INFO: emitting event "task update" to 20170509-172806-b5bc [/jobs]
socketio: INFO: emitting event "task update" to 20170509-172227-0156 [/jobs]
socketio: INFO: emitting event "task update" to 20170509-174451-4b24 [/jobs]
socketio: INFO: emitting event "task update" to 20170509-172334-9d18 [/jobs]
socketio: INFO: emitting event "task update" to 20170509-174713-a2c5 [/jobs]
socketio: INFO: emitting event "task update" to 20170509-173128-33ce [/jobs]
socketio: INFO: emitting event "task update" to 20170509-174604-6d86 [/jobs]
socketio: INFO: emitting event "task update" to 20170509-172347-b92a [/jobs]
socketio: INFO: emitting event "task update" to 20170509-173326-3e6f [/jobs]
socketio: INFO: emitting event "task update" to 20170509-172315-d38b [/jobs]
socketio: INFO: emitting event "task update" to 20170509-174340-86bb [/jobs]
socketio: INFO: emitting event "task update" to 20170509-172516-8f4b [/jobs]
socketio: INFO: emitting event "task update" to 20170509-172352-bfdd [/jobs]
socketio: INFO: emitting event "task update" to 20170509-172412-e6f0 [/jobs]
socketio: INFO: emitting event "task update" to 20170509-173329-1cea [/jobs]
socketio: INFO: emitting event "task update" to 20170509-173229-c795 [/jobs]
socketio: INFO: emitting event "task update" to 20170509-172202-9230 [/jobs]
socketio: INFO: emitting event "task update" to 20170509-173331-d237 [/jobs]
socketio: INFO: emitting event "task update" to 20170509-172317-7da8 [/jobs]
socketio: INFO: emitting event "task update" to 20170509-173008-ee07 [/jobs]
socketio: INFO: emitting event "task update" to 20170509-172210-1907 [/jobs]
socketio: INFO: emitting event "task update" to 20170509-173333-e98b [/jobs]
socketio: INFO: emitting event "task update" to 20170509-172825-84c5 [/jobs]
digits.webapp: WARNING: Train Tensorflow Model unrecognized output: 2017-05-09 17:47:37.359037: W tensorflow/core/platform/cpu_feature_guard.cc:45] The TensorFlow library wasn't compiled to use SSE4.1 instructions, but these are available on your machine and could speed up CPU computations.
digits.webapp: WARNING: Train Tensorflow Model unrecognized output: 2017-05-09 17:47:37.359050: W tensorflow/core/platform/cpu_feature_guard.cc:45] The TensorFlow library wasn't compiled to use SSE4.2 instructions, but these are available on your machine and could speed up CPU computations.
digits.webapp: WARNING: Train Tensorflow Model unrecognized output: 2017-05-09 17:47:37.359054: W tensorflow/core/platform/cpu_feature_guard.cc:45] The TensorFlow library wasn't compiled to use AVX instructions, but these are available on your machine and could speed up CPU computations.
socketio: INFO: emitting event "task update" to 20170509-173335-6067 [/jobs]
socketio: INFO: emitting event "task update" to 20170509-172147-4505 [/jobs]
socketio: INFO: emitting event "task update" to 20170509-173337-8532 [/jobs]
socketio: INFO: emitting event "task update" to 20170509-172907-6ffa [/jobs]
socketio: INFO: emitting event "task update" to 20170509-174533-2a57 [/jobs]
socketio: INFO: emitting event "task update" to 20170509-174637-00ca [/jobs]
socketio: INFO: emitting event "task update" to 20170509-172339-dc52 [/jobs]
socketio: INFO: emitting event "task update" to 20170509-172625-e177 [/jobs]
socketio: INFO: emitting event "task update" to 20170509-173316-5f8a [/jobs]
socketio: INFO: emitting event "task update" to 20170509-173318-416e [/jobs]
socketio: INFO: emitting event "task update" to 20170509-173415-8046 [/jobs]
socketio: INFO: emitting event "task update" to 20170509-173027-0946 [/jobs]
socketio: INFO: emitting event "task update" to 20170509-172218-c9c0 [/jobs]
socketio: INFO: emitting event "task update" to 20170509-172328-6826 [/jobs]
socketio: INFO: emitting event "task update" to 20170509-173403-2593 [/jobs]
socketio: INFO: emitting event "task update" to 20170509-174718-7591 [/jobs]
socketio: INFO: emitting event "task update" to 20170509-174313-cb2c [/jobs]
socketio: INFO: emitting event "task update" to 20170509-172344-9606 [/jobs]
socketio: INFO: emitting event "task update" to 20170509-172430-a33c [/jobs]
socketio: INFO: emitting event "task update" to 20170509-174710-c302 [/jobs]
socketio: INFO: emitting event "task update" to 20170509-172605-0fd8 [/jobs]
socketio: INFO: emitting event "task update" to 20170509-172706-cfe6 [/jobs]
socketio: INFO: emitting event "task update" to 20170509-173209-48ad [/jobs]
digits.webapp: WARNING: Train Tensorflow Model unrecognized output: 2017-05-09 17:47:37.495025: I tensorflow/stream_executor/cuda/cuda_gpu_executor.cc:901] successful NUMA node read from SysFS had negative value (-1), but there must be at least one NUMA node, so returning NUMA node zero
digits.webapp: WARNING: Train Tensorflow Model unrecognized output: 2017-05-09 17:47:37.495461: I tensorflow/core/common_runtime/gpu/gpu_device.cc:887] Found device 0 with properties:
digits.webapp: WARNING: Train Tensorflow Model unrecognized output: name: GeForce GTX TITAN X
digits.webapp: WARNING: Train Tensorflow Model unrecognized output: major: 5 minor: 2 memoryClockRate (GHz) 1.076
digits.webapp: WARNING: Train Tensorflow Model unrecognized output: pciBusID 0000:01:00.0
digits.webapp: WARNING: Train Tensorflow Model unrecognized output: Total memory: 11.92GiB
digits.webapp: WARNING: Train Tensorflow Model unrecognized output: Free memory: 10.21GiB
digits.webapp: WARNING: Train Tensorflow Model unrecognized output: 2017-05-09 17:47:37.495474: I tensorflow/core/common_runtime/gpu/gpu_device.cc:908] DMA: 0
digits.webapp: WARNING: Train Tensorflow Model unrecognized output: 2017-05-09 17:47:37.495479: I tensorflow/core/common_runtime/gpu/gpu_device.cc:918] 0:   Y
digits.webapp: WARNING: Train Tensorflow Model unrecognized output: 2017-05-09 17:47:37.495486: I tensorflow/core/common_runtime/gpu/gpu_device.cc:977] Creating TensorFlow device (/gpu:0) -> (device: 0, name: GeForce GTX TITAN X, pci bus id: 0000:01:00.0)
socketio: INFO: emitting event "task update" to 20170509-173320-66e3 [/jobs]
socketio: INFO: emitting event "task update" to 20170509-172927-67d2 [/jobs]
socketio: INFO: emitting event "task update" to 20170509-173515-e8bf [/jobs]
socketio: INFO: emitting event "task update" to 20170509-172524-d7c0 [/jobs]
socketio: INFO: emitting event "task update" to 20170509-172419-2d22 [/jobs]
digits.webapp: WARNING: Train Tensorflow Model unrecognized output: 2017-05-09 17:47:37.604109: I tensorflow/core/common_runtime/gpu/gpu_device.cc:977] Creating TensorFlow device (/gpu:0) -> (device: 0, name: GeForce GTX TITAN X, pci bus id: 0000:01:00.0)
digits.webapp: WARNING: Train Tensorflow Model unrecognized output: 2017-05-09 17:47:37.612128: I tensorflow/core/common_runtime/gpu/gpu_device.cc:977] Creating TensorFlow device (/gpu:0) -> (device: 0, name: GeForce GTX TITAN X, pci bus id: 0000:01:00.0)
socketio: INFO: emitting event "task update" to 20170509-172337-f1aa [/jobs]
socketio: INFO: emitting event "task update" to 20170509-173228-acad [/jobs]
socketio: INFO: emitting event "task update" to 20170509-172350-6fcd [/jobs]
socketio: INFO: emitting event "task update" to 20170509-174729-2a42 [/jobs]
socketio: INFO: emitting event "task update" to 20170509-174715-868b [/jobs]
socketio: INFO: emitting event "task update" to 20170509-173357-1ed1 [/jobs]
socketio: INFO: emitting event "task update" to 20170509-174707-a426 [/jobs]
socketio: INFO: emitting event "task update" to 20170509-172259-8252 [/jobs]
socketio: INFO: emitting event "task update" to 20170509-173322-0807 [/jobs]
digits.webapp: DEBUG: Network validation loss #0.0: 0.107787
digits.webapp: DEBUG: Validation (epoch 0): loss = 0.107787
socketio: INFO: emitting event "task update" to 20170509-172114-d063 [/jobs]
socketio: INFO: emitting event "task update" to 20170509-174735-2316 [/jobs]
socketio: INFO: emitting event "task update" to 20170509-172323-89b4 [/jobs]
socketio: INFO: emitting event "task update" to 20170509-174735-2316 [/jobs]
socketio: INFO: emitting event "job update" to job_management [/jobs]
digits.webapp: DEBUG: Training 6.67% complete.
socketio: INFO: emitting event "task update" to 20170509-174735-2316 [/jobs]
socketio: INFO: emitting event "task update" to job_management [/jobs]
digits.webapp: DEBUG: Training (epoch 0.2): loss = 0.092802, lr = 0.010000
socketio: INFO: emitting event "task update" to 20170509-174735-2316 [/jobs]
socketio: INFO: emitting event "job update" to job_management [/jobs]
digits.webapp: DEBUG: Training (epoch 0.4): loss = 0.077562, lr = 0.010000
socketio: INFO: emitting event "task update" to 20170509-174735-2316 [/jobs]
socketio: INFO: emitting event "job update" to job_management [/jobs]
digits.webapp: DEBUG: Training (epoch 0.6): loss = 0.082260, lr = 0.010000
socketio: INFO: emitting event "task update" to 20170509-174735-2316 [/jobs]
socketio: INFO: emitting event "job update" to job_management [/jobs]
digits.webapp: DEBUG: Training (epoch 0.8): loss = 0.071706, lr = 0.010000
socketio: INFO: emitting event "task update" to 20170509-174735-2316 [/jobs]
socketio: INFO: emitting event "job update" to job_management [/jobs]
digits.webapp: DEBUG: Training (epoch 1.0): loss = 0.072005, lr = 0.010000
socketio: INFO: emitting event "task update" to 20170509-174735-2316 [/jobs]
digits.webapp: DEBUG: Network validation loss #1.0: 0.092755
digits.webapp: DEBUG: Validation (epoch 1.0): loss = 0.092755
digits.webapp: WARNING: Train Tensorflow Model unrecognized output: INFO:tensorflow:/tmp/tmpX3R8Ve/20170509-174735-2316/snapshot_1.ckpt is not in all_model_checkpoint_paths. Manually adding it.
socketio: INFO: emitting event "task update" to 20170509-174735-2316 [/jobs]
socketio: INFO: emitting event "task update" to 20170509-174735-2316 [/jobs]
socketio: INFO: emitting event "job update" to job_management [/jobs]
digits.webapp: DEBUG: Training (epoch 1.2): loss = 0.080392, lr = 0.001000
socketio: INFO: emitting event "task update" to 20170509-174735-2316 [/jobs]
socketio: INFO: emitting event "job update" to job_management [/jobs]
digits.webapp: DEBUG: Training (epoch 1.4): loss = 0.069112, lr = 0.001000
socketio: INFO: emitting event "task update" to 20170509-174735-2316 [/jobs]
socketio: INFO: emitting event "job update" to job_management [/jobs]
digits.webapp: DEBUG: Training (epoch 1.6): loss = 0.070434, lr = 0.001000
socketio: INFO: emitting event "task update" to 20170509-174735-2316 [/jobs]
socketio: INFO: emitting event "job update" to job_management [/jobs]
digits.webapp: DEBUG: Training (epoch 1.8): loss = 0.072348, lr = 0.001000
socketio: INFO: emitting event "task update" to 20170509-174735-2316 [/jobs]
socketio: INFO: emitting event "job update" to job_management [/jobs]
digits.webapp: DEBUG: Training (epoch 2.0): loss = 0.069357, lr = 0.001000
socketio: INFO: emitting event "task update" to 20170509-174735-2316 [/jobs]
digits.webapp: DEBUG: Network validation loss #2.0: 0.091378
digits.webapp: DEBUG: Validation (epoch 2.0): loss = 0.091378
digits.webapp: WARNING: Train Tensorflow Model unrecognized output: INFO:tensorflow:/tmp/tmpX3R8Ve/20170509-174735-2316/snapshot_2.ckpt is not in all_model_checkpoint_paths. Manually adding it.
socketio: INFO: emitting event "task update" to 20170509-174735-2316 [/jobs]
socketio: INFO: emitting event "task update" to 20170509-174723-7d7d [/jobs]
socketio: INFO: emitting event "task update" to 20170509-174735-2316 [/jobs]
socketio: INFO: emitting event "job update" to job_management [/jobs]
digits.webapp: DEBUG: Training (epoch 2.2): loss = 0.079251, lr = 0.000100
socketio: INFO: emitting event "task update" to 20170509-174735-2316 [/jobs]
socketio: INFO: emitting event "job update" to job_management [/jobs]
digits.webapp: DEBUG: Training (epoch 2.4): loss = 0.068323, lr = 0.000100
socketio: INFO: emitting event "task update" to 20170509-174735-2316 [/jobs]
socketio: INFO: emitting event "job update" to job_management [/jobs]
digits.webapp: DEBUG: Training (epoch 2.6): loss = 0.074837, lr = 0.000100
socketio: INFO: emitting event "task update" to 20170509-174735-2316 [/jobs]
socketio: INFO: emitting event "job update" to job_management [/jobs]
digits.webapp: DEBUG: Training (epoch 2.8): loss = 0.066872, lr = 0.000100
socketio: INFO: emitting event "task update" to 20170509-174735-2316 [/jobs]
socketio: INFO: emitting event "job update" to job_management [/jobs]
digits.webapp: DEBUG: Training (epoch 3.0): loss = 0.069099, lr = 0.000100
socketio: INFO: emitting event "task update" to 20170509-174735-2316 [/jobs]
digits.webapp: DEBUG: Network validation loss #3.0: 0.091241
digits.webapp: DEBUG: Validation (epoch 3.0): loss = 0.091241
digits.webapp: WARNING: Train Tensorflow Model unrecognized output: INFO:tensorflow:/tmp/tmpX3R8Ve/20170509-174735-2316/snapshot_3.ckpt is not in all_model_checkpoint_paths. Manually adding it.
socketio: INFO: emitting event "task update" to 20170509-174735-2316 [/jobs]
digits.webapp: WARNING: Train Tensorflow Model unrecognized output: Training wall-time: 0.312232971191
socketio: INFO: emitting event "task update" to 20170509-174411-45b4 [/jobs]
socketio: INFO: emitting event "task update" to 20170509-173300-0377 [/jobs]
socketio: INFO: emitting event "task update" to 20170509-173245-3417 [/jobs]
socketio: INFO: emitting event "task update" to 20170509-173324-49b0 [/jobs]
socketio: INFO: emitting event "task update" to 20170509-172342-e0ef [/jobs]
socketio: INFO: emitting event "task update" to 20170509-173108-a6ff [/jobs]
socketio: INFO: emitting event "task update" to 20170509-172725-6a13 [/jobs]
socketio: INFO: emitting event "task update" to 20170509-172806-b5bc [/jobs]
socketio: INFO: emitting event "task update" to 20170509-172227-0156 [/jobs]
socketio: INFO: emitting event "task update" to 20170509-174451-4b24 [/jobs]
socketio: INFO: emitting event "task update" to 20170509-172334-9d18 [/jobs]
socketio: INFO: emitting event "task update" to 20170509-174713-a2c5 [/jobs]
socketio: INFO: emitting event "task update" to 20170509-173128-33ce [/jobs]
socketio: INFO: emitting event "task update" to 20170509-174604-6d86 [/jobs]
socketio: INFO: emitting event "task update" to 20170509-172347-b92a [/jobs]
socketio: INFO: emitting event "task update" to 20170509-173326-3e6f [/jobs]
socketio: INFO: emitting event "task update" to 20170509-172315-d38b [/jobs]
socketio: INFO: emitting event "task update" to 20170509-174340-86bb [/jobs]
socketio: INFO: emitting event "task update" to 20170509-172516-8f4b [/jobs]
socketio: INFO: emitting event "task update" to 20170509-172352-bfdd [/jobs]
socketio: INFO: emitting event "task update" to 20170509-172412-e6f0 [/jobs]
socketio: INFO: emitting event "task update" to 20170509-173329-1cea [/jobs]
socketio: INFO: emitting event "task update" to 20170509-173229-c795 [/jobs]
socketio: INFO: emitting event "task update" to 20170509-172202-9230 [/jobs]
socketio: INFO: emitting event "task update" to 20170509-173331-d237 [/jobs]
socketio: INFO: emitting event "task update" to 20170509-172317-7da8 [/jobs]
socketio: INFO: emitting event "task update" to 20170509-173008-ee07 [/jobs]
socketio: INFO: emitting event "task update" to 20170509-172210-1907 [/jobs]
digits.webapp: INFO: Train Tensorflow Model task completed.
socketio: INFO: emitting event "task update" to 20170509-174735-2316 [/jobs]
socketio: INFO: emitting event "job update" to job_management [/jobs]
socketio: INFO: emitting event "task update" to 20170509-174735-2316 [/jobs]
socketio: INFO: emitting event "job update" to 20170509-174735-2316 [/jobs]
socketio: INFO: emitting event "job update" to job_management [/jobs]
socketio: INFO: emitting event "server update" to job_management [/jobs]
socketio: INFO: emitting event "task update" to 20170509-173333-e98b [/jobs]
socketio: INFO: emitting event "job update" to job_management [/jobs]
socketio: INFO: emitting event "job update" to 20170509-174735-2316 [/jobs]
socketio: INFO: emitting event "job update" to job_management [/jobs]
digits: INFO: Job complete.
socketio: INFO: emitting event "task update" to 20170509-172825-84c5 [/jobs]
socketio: INFO: emitting event "task update" to 20170509-173335-6067 [/jobs]
socketio: INFO: emitting event "task update" to 20170509-172147-4505 [/jobs]
socketio: INFO: emitting event "task update" to 20170509-173337-8532 [/jobs]
socketio: INFO: emitting event "task update" to 20170509-172907-6ffa [/jobs]
socketio: INFO: emitting event "task update" to 20170509-174533-2a57 [/jobs]
socketio: INFO: emitting event "task update" to 20170509-174637-00ca [/jobs]
socketio: INFO: emitting event "task update" to 20170509-172339-dc52 [/jobs]
socketio: INFO: emitting event "task update" to 20170509-172625-e177 [/jobs]
socketio: INFO: emitting event "task update" to 20170509-173316-5f8a [/jobs]
socketio: INFO: emitting event "task update" to 20170509-173318-416e [/jobs]
socketio: INFO: emitting event "task update" to 20170509-173415-8046 [/jobs]
socketio: INFO: emitting event "task update" to 20170509-173027-0946 [/jobs]
socketio: INFO: emitting event "task update" to 20170509-172218-c9c0 [/jobs]
socketio: INFO: emitting event "task update" to 20170509-172328-6826 [/jobs]
socketio: INFO: emitting event "task update" to 20170509-173403-2593 [/jobs]
socketio: INFO: emitting event "task update" to 20170509-174718-7591 [/jobs]
socketio: INFO: emitting event "task update" to 20170509-174313-cb2c [/jobs]
--------------------- >> end captured logging << ---------------------

======================================================================
FAIL: digits.model.images.generic.test_views.TestTensorflowCreation.test_retrain_twice
----------------------------------------------------------------------
Traceback (most recent call last):
  File "/home/ethan/.local/lib/python2.7/site-packages/nose/case.py", line 197, in runTest
    self.test(*self.arg)
  File "/home/ethan/digits_GAN/digits/model/images/generic/test_views.py", line 435, in test_retrain_twice
    assert len(content['snapshots']), 'should have at least snapshot'
AssertionError: should have at least snapshot
-------------------- >> begin captured logging << --------------------
socketio: INFO: emitting event "job update" to job_management [/jobs]
socketio: INFO: emitting event "task update" to 20170509-172344-9606 [/jobs]
socketio: INFO: emitting event "task update" to 20170509-172430-a33c [/jobs]
socketio: INFO: emitting event "task update" to 20170509-174710-c302 [/jobs]
socketio: INFO: emitting event "task update" to 20170509-172605-0fd8 [/jobs]
socketio: INFO: emitting event "job update" to 20170509-174738-9d2f [/jobs]
socketio: INFO: emitting event "job update" to job_management [/jobs]
socketio: INFO: emitting event "server update" to job_management [/jobs]
socketio: INFO: emitting event "task update" to 20170509-172706-cfe6 [/jobs]
socketio: INFO: emitting event "task update" to 20170509-173209-48ad [/jobs]
socketio: INFO: emitting event "task update" to 20170509-173320-66e3 [/jobs]
digits.webapp: INFO: Train Tensorflow Model task started.
socketio: INFO: emitting event "task update" to 20170509-174738-9d2f [/jobs]
socketio: INFO: emitting event "job update" to 20170509-174738-9d2f [/jobs]
socketio: INFO: emitting event "job update" to job_management [/jobs]
digits.webapp: INFO: Task subprocess args: "python2 /home/ethan/digits_GAN/digits/tools/tensorflow/main.py --network=network.py --epoch=3 --networkDirectory=/tmp/tmpX3R8Ve/20170509-174738-9d2f --save=/tmp/tmpX3R8Ve/20170509-174738-9d2f --snapshotPrefix=snapshot --snapshotInterval=1 --lr_base_rate=0.01 --lr_policy=step --batch_size=10 --mean=/tmp/tmpwfitKK/train_mean.binaryproto --train_db=/tmp/tmpwfitKK/train_images --train_labels=/tmp/tmpwfitKK/train_labels --validation_db=/tmp/tmpwfitKK/val_images --validation_labels=/tmp/tmpwfitKK/val_labels --lr_gamma=0.1 --lr_stepvalues=33 --subtractMean=image --seed=3405691582 --optimization=sgd --validation_interval=1 --log_runtime_stats_per_step=0 --augFlip=none --augHSVh=0 --augHSVs=0 --augHSVv=0"
socketio: INFO: emitting event "task update" to 20170509-174738-9d2f [/jobs]
socketio: INFO: emitting event "task update" to 20170509-172927-67d2 [/jobs]
socketio: INFO: emitting event "task update" to 20170509-173515-e8bf [/jobs]
socketio: INFO: emitting event "task update" to 20170509-172524-d7c0 [/jobs]
socketio: INFO: emitting event "task update" to 20170509-172419-2d22 [/jobs]
socketio: INFO: emitting event "task update" to 20170509-172337-f1aa [/jobs]
socketio: INFO: emitting event "task update" to 20170509-173228-acad [/jobs]
socketio: INFO: emitting event "task update" to 20170509-172350-6fcd [/jobs]
socketio: INFO: emitting event "task update" to 20170509-174729-2a42 [/jobs]
socketio: INFO: emitting event "task update" to 20170509-174715-868b [/jobs]
socketio: INFO: emitting event "task update" to 20170509-173357-1ed1 [/jobs]
socketio: INFO: emitting event "task update" to 20170509-174707-a426 [/jobs]
socketio: INFO: emitting event "task update" to 20170509-172259-8252 [/jobs]
socketio: INFO: emitting event "task update" to 20170509-173322-0807 [/jobs]
socketio: INFO: emitting event "task update" to 20170509-172114-d063 [/jobs]
socketio: INFO: emitting event "task update" to 20170509-174735-2316 [/jobs]
socketio: INFO: emitting event "task update" to 20170509-172323-89b4 [/jobs]
socketio: INFO: emitting event "task update" to 20170509-174723-7d7d [/jobs]
socketio: INFO: emitting event "task update" to 20170509-174411-45b4 [/jobs]
socketio: INFO: emitting event "task update" to 20170509-173300-0377 [/jobs]
socketio: INFO: emitting event "task update" to 20170509-173245-3417 [/jobs]
socketio: INFO: emitting event "task update" to 20170509-173324-49b0 [/jobs]
socketio: INFO: emitting event "task update" to 20170509-172342-e0ef [/jobs]
socketio: INFO: emitting event "task update" to 20170509-173108-a6ff [/jobs]
socketio: INFO: emitting event "task update" to 20170509-172725-6a13 [/jobs]
socketio: INFO: emitting event "task update" to 20170509-172806-b5bc [/jobs]
socketio: INFO: emitting event "task update" to 20170509-172227-0156 [/jobs]
socketio: INFO: emitting event "task update" to 20170509-174451-4b24 [/jobs]
socketio: INFO: emitting event "task update" to 20170509-172334-9d18 [/jobs]
socketio: INFO: emitting event "task update" to 20170509-174713-a2c5 [/jobs]
socketio: INFO: emitting event "task update" to 20170509-173128-33ce [/jobs]
socketio: INFO: emitting event "task update" to 20170509-174604-6d86 [/jobs]
socketio: INFO: emitting event "task update" to 20170509-172347-b92a [/jobs]
socketio: INFO: emitting event "task update" to 20170509-173326-3e6f [/jobs]
socketio: INFO: emitting event "task update" to 20170509-172315-d38b [/jobs]
socketio: INFO: emitting event "task update" to 20170509-174340-86bb [/jobs]
socketio: INFO: emitting event "task update" to 20170509-172516-8f4b [/jobs]
socketio: INFO: emitting event "task update" to 20170509-172352-bfdd [/jobs]
socketio: INFO: emitting event "task update" to 20170509-172412-e6f0 [/jobs]
socketio: INFO: emitting event "task update" to 20170509-173329-1cea [/jobs]
socketio: INFO: emitting event "task update" to 20170509-173229-c795 [/jobs]
socketio: INFO: emitting event "task update" to 20170509-172202-9230 [/jobs]
socketio: INFO: emitting event "task update" to 20170509-173331-d237 [/jobs]
socketio: INFO: emitting event "task update" to 20170509-172317-7da8 [/jobs]
socketio: INFO: emitting event "task update" to 20170509-173008-ee07 [/jobs]
socketio: INFO: emitting event "task update" to 20170509-172210-1907 [/jobs]
socketio: INFO: emitting event "task update" to 20170509-173333-e98b [/jobs]
socketio: INFO: emitting event "task update" to 20170509-172825-84c5 [/jobs]
socketio: INFO: emitting event "task update" to 20170509-173335-6067 [/jobs]
socketio: INFO: emitting event "task update" to 20170509-172147-4505 [/jobs]
socketio: INFO: emitting event "task update" to 20170509-173337-8532 [/jobs]
socketio: INFO: emitting event "task update" to 20170509-172907-6ffa [/jobs]
socketio: INFO: emitting event "task update" to 20170509-174533-2a57 [/jobs]
socketio: INFO: emitting event "task update" to 20170509-174637-00ca [/jobs]
socketio: INFO: emitting event "task update" to 20170509-172339-dc52 [/jobs]
socketio: INFO: emitting event "task update" to 20170509-172625-e177 [/jobs]
socketio: INFO: emitting event "task update" to 20170509-173316-5f8a [/jobs]
socketio: INFO: emitting event "task update" to 20170509-173318-416e [/jobs]
socketio: INFO: emitting event "task update" to 20170509-173415-8046 [/jobs]
socketio: INFO: emitting event "task update" to 20170509-173027-0946 [/jobs]
socketio: INFO: emitting event "task update" to 20170509-172218-c9c0 [/jobs]
socketio: INFO: emitting event "task update" to 20170509-172328-6826 [/jobs]
socketio: INFO: emitting event "task update" to 20170509-173403-2593 [/jobs]
socketio: INFO: emitting event "task update" to 20170509-174718-7591 [/jobs]
socketio: INFO: emitting event "task update" to 20170509-174313-cb2c [/jobs]
socketio: INFO: emitting event "task update" to 20170509-172344-9606 [/jobs]
socketio: INFO: emitting event "task update" to 20170509-172430-a33c [/jobs]
socketio: INFO: emitting event "task update" to 20170509-174710-c302 [/jobs]
socketio: INFO: emitting event "task update" to 20170509-172605-0fd8 [/jobs]
socketio: INFO: emitting event "task update" to 20170509-172706-cfe6 [/jobs]
socketio: INFO: emitting event "task update" to 20170509-173209-48ad [/jobs]
socketio: INFO: emitting event "task update" to 20170509-173320-66e3 [/jobs]
socketio: INFO: emitting event "task update" to 20170509-172927-67d2 [/jobs]
socketio: INFO: emitting event "task update" to 20170509-173515-e8bf [/jobs]
socketio: INFO: emitting event "task update" to 20170509-172524-d7c0 [/jobs]
socketio: INFO: emitting event "task update" to 20170509-172419-2d22 [/jobs]
socketio: INFO: emitting event "task update" to 20170509-172337-f1aa [/jobs]
socketio: INFO: emitting event "task update" to 20170509-173228-acad [/jobs]
socketio: INFO: emitting event "task update" to 20170509-172350-6fcd [/jobs]
socketio: INFO: emitting event "task update" to 20170509-174729-2a42 [/jobs]
socketio: INFO: emitting event "task update" to 20170509-174715-868b [/jobs]
socketio: INFO: emitting event "task update" to 20170509-173357-1ed1 [/jobs]
socketio: INFO: emitting event "task update" to 20170509-174707-a426 [/jobs]
socketio: INFO: emitting event "task update" to 20170509-172259-8252 [/jobs]
socketio: INFO: emitting event "task update" to 20170509-173322-0807 [/jobs]
socketio: INFO: emitting event "task update" to 20170509-172114-d063 [/jobs]
socketio: INFO: emitting event "task update" to 20170509-174735-2316 [/jobs]
socketio: INFO: emitting event "task update" to 20170509-172323-89b4 [/jobs]
digits.webapp: WARNING: Train Tensorflow Model unrecognized output: 2017-05-09 17:47:40.008730: W tensorflow/core/platform/cpu_feature_guard.cc:45] The TensorFlow library wasn't compiled to use SSE4.1 instructions, but these are available on your machine and could speed up CPU computations.
digits.webapp: WARNING: Train Tensorflow Model unrecognized output: 2017-05-09 17:47:40.008745: W tensorflow/core/platform/cpu_feature_guard.cc:45] The TensorFlow library wasn't compiled to use SSE4.2 instructions, but these are available on your machine and could speed up CPU computations.
digits.webapp: WARNING: Train Tensorflow Model unrecognized output: 2017-05-09 17:47:40.008749: W tensorflow/core/platform/cpu_feature_guard.cc:45] The TensorFlow library wasn't compiled to use AVX instructions, but these are available on your machine and could speed up CPU computations.
socketio: INFO: emitting event "task update" to 20170509-174723-7d7d [/jobs]
digits.webapp: WARNING: Train Tensorflow Model unrecognized output: 2017-05-09 17:47:40.117533: I tensorflow/stream_executor/cuda/cuda_gpu_executor.cc:901] successful NUMA node read from SysFS had negative value (-1), but there must be at least one NUMA node, so returning NUMA node zero
digits.webapp: WARNING: Train Tensorflow Model unrecognized output: 2017-05-09 17:47:40.117946: I tensorflow/core/common_runtime/gpu/gpu_device.cc:887] Found device 0 with properties:
digits.webapp: WARNING: Train Tensorflow Model unrecognized output: name: GeForce GTX TITAN X
digits.webapp: WARNING: Train Tensorflow Model unrecognized output: major: 5 minor: 2 memoryClockRate (GHz) 1.076
digits.webapp: WARNING: Train Tensorflow Model unrecognized output: pciBusID 0000:01:00.0
digits.webapp: WARNING: Train Tensorflow Model unrecognized output: Total memory: 11.92GiB
digits.webapp: WARNING: Train Tensorflow Model unrecognized output: Free memory: 10.21GiB
digits.webapp: WARNING: Train Tensorflow Model unrecognized output: 2017-05-09 17:47:40.117960: I tensorflow/core/common_runtime/gpu/gpu_device.cc:908] DMA: 0
digits.webapp: WARNING: Train Tensorflow Model unrecognized output: 2017-05-09 17:47:40.117965: I tensorflow/core/common_runtime/gpu/gpu_device.cc:918] 0:   Y
digits.webapp: WARNING: Train Tensorflow Model unrecognized output: 2017-05-09 17:47:40.117976: I tensorflow/core/common_runtime/gpu/gpu_device.cc:977] Creating TensorFlow device (/gpu:0) -> (device: 0, name: GeForce GTX TITAN X, pci bus id: 0000:01:00.0)
socketio: INFO: emitting event "task update" to 20170509-174411-45b4 [/jobs]
socketio: INFO: emitting event "task update" to 20170509-173300-0377 [/jobs]
socketio: INFO: emitting event "task update" to 20170509-173245-3417 [/jobs]
socketio: INFO: emitting event "task update" to 20170509-173324-49b0 [/jobs]
socketio: INFO: emitting event "task update" to 20170509-172342-e0ef [/jobs]
socketio: INFO: emitting event "task update" to 20170509-173108-a6ff [/jobs]
socketio: INFO: emitting event "task update" to 20170509-172725-6a13 [/jobs]
socketio: INFO: emitting event "task update" to 20170509-172806-b5bc [/jobs]
socketio: INFO: emitting event "task update" to 20170509-172227-0156 [/jobs]
socketio: INFO: emitting event "task update" to 20170509-174451-4b24 [/jobs]
socketio: INFO: emitting event "task update" to 20170509-172334-9d18 [/jobs]
socketio: INFO: emitting event "task update" to 20170509-174713-a2c5 [/jobs]
socketio: INFO: emitting event "task update" to 20170509-173128-33ce [/jobs]
socketio: INFO: emitting event "task update" to 20170509-174604-6d86 [/jobs]
socketio: INFO: emitting event "task update" to 20170509-172347-b92a [/jobs]
socketio: INFO: emitting event "task update" to 20170509-173326-3e6f [/jobs]
socketio: INFO: emitting event "task update" to 20170509-172315-d38b [/jobs]
socketio: INFO: emitting event "task update" to 20170509-174340-86bb [/jobs]
socketio: INFO: emitting event "task update" to 20170509-172516-8f4b [/jobs]
socketio: INFO: emitting event "task update" to 20170509-172352-bfdd [/jobs]
socketio: INFO: emitting event "task update" to 20170509-172412-e6f0 [/jobs]
socketio: INFO: emitting event "task update" to 20170509-173329-1cea [/jobs]
socketio: INFO: emitting event "task update" to 20170509-173229-c795 [/jobs]
socketio: INFO: emitting event "task update" to 20170509-172202-9230 [/jobs]
digits.webapp: WARNING: Train Tensorflow Model unrecognized output: 2017-05-09 17:47:40.227488: I tensorflow/core/common_runtime/gpu/gpu_device.cc:977] Creating TensorFlow device (/gpu:0) -> (device: 0, name: GeForce GTX TITAN X, pci bus id: 0000:01:00.0)
digits.webapp: WARNING: Train Tensorflow Model unrecognized output: 2017-05-09 17:47:40.235919: I tensorflow/core/common_runtime/gpu/gpu_device.cc:977] Creating TensorFlow device (/gpu:0) -> (device: 0, name: GeForce GTX TITAN X, pci bus id: 0000:01:00.0)
socketio: INFO: emitting event "task update" to 20170509-173331-d237 [/jobs]
socketio: INFO: emitting event "task update" to 20170509-172317-7da8 [/jobs]
socketio: INFO: emitting event "task update" to 20170509-173008-ee07 [/jobs]
socketio: INFO: emitting event "task update" to 20170509-172210-1907 [/jobs]
socketio: INFO: emitting event "task update" to 20170509-173333-e98b [/jobs]
socketio: INFO: emitting event "task update" to 20170509-172825-84c5 [/jobs]
socketio: INFO: emitting event "task update" to 20170509-173335-6067 [/jobs]
socketio: INFO: emitting event "task update" to 20170509-172147-4505 [/jobs]
socketio: INFO: emitting event "task update" to 20170509-173337-8532 [/jobs]
socketio: INFO: emitting event "task update" to 20170509-172907-6ffa [/jobs]
socketio: INFO: emitting event "task update" to 20170509-174533-2a57 [/jobs]
socketio: INFO: emitting event "task update" to 20170509-174637-00ca [/jobs]
socketio: INFO: emitting event "task update" to 20170509-172339-dc52 [/jobs]
socketio: INFO: emitting event "task update" to 20170509-172625-e177 [/jobs]
socketio: INFO: emitting event "task update" to 20170509-173316-5f8a [/jobs]
socketio: INFO: emitting event "task update" to 20170509-173318-416e [/jobs]
socketio: INFO: emitting event "task update" to 20170509-173415-8046 [/jobs]
socketio: INFO: emitting event "task update" to 20170509-173027-0946 [/jobs]
socketio: INFO: emitting event "task update" to 20170509-172218-c9c0 [/jobs]
socketio: INFO: emitting event "task update" to 20170509-172328-6826 [/jobs]
socketio: INFO: emitting event "task update" to 20170509-173403-2593 [/jobs]
socketio: INFO: emitting event "task update" to 20170509-174718-7591 [/jobs]
socketio: INFO: emitting event "task update" to 20170509-174313-cb2c [/jobs]
digits.webapp: DEBUG: Network validation loss #0.0: 0.107787
digits.webapp: DEBUG: Validation (epoch 0): loss = 0.107787
socketio: INFO: emitting event "task update" to 20170509-172344-9606 [/jobs]
socketio: INFO: emitting event "task update" to 20170509-172430-a33c [/jobs]
socketio: INFO: emitting event "task update" to 20170509-174710-c302 [/jobs]
socketio: INFO: emitting event "task update" to 20170509-172605-0fd8 [/jobs]
socketio: INFO: emitting event "task update" to 20170509-172706-cfe6 [/jobs]
socketio: INFO: emitting event "task update" to 20170509-173209-48ad [/jobs]
socketio: INFO: emitting event "task update" to 20170509-173320-66e3 [/jobs]
socketio: INFO: emitting event "task update" to 20170509-174738-9d2f [/jobs]
socketio: INFO: emitting event "task update" to 20170509-174738-9d2f [/jobs]
socketio: INFO: emitting event "job update" to job_management [/jobs]
digits.webapp: DEBUG: Training 6.67% complete.
socketio: INFO: emitting event "task update" to 20170509-174738-9d2f [/jobs]
socketio: INFO: emitting event "task update" to job_management [/jobs]
digits.webapp: DEBUG: Training (epoch 0.2): loss = 0.092873, lr = 0.010000
socketio: INFO: emitting event "task update" to 20170509-174738-9d2f [/jobs]
socketio: INFO: emitting event "job update" to job_management [/jobs]
digits.webapp: DEBUG: Training (epoch 0.4): loss = 0.077561, lr = 0.010000
socketio: INFO: emitting event "task update" to 20170509-174738-9d2f [/jobs]
socketio: INFO: emitting event "job update" to job_management [/jobs]
digits.webapp: DEBUG: Training (epoch 0.6): loss = 0.082253, lr = 0.010000
socketio: INFO: emitting event "task update" to 20170509-174738-9d2f [/jobs]
socketio: INFO: emitting event "job update" to job_management [/jobs]
digits.webapp: DEBUG: Training (epoch 0.8): loss = 0.071705, lr = 0.010000
socketio: INFO: emitting event "task update" to 20170509-174738-9d2f [/jobs]
socketio: INFO: emitting event "job update" to job_management [/jobs]
digits.webapp: DEBUG: Training (epoch 1.0): loss = 0.070039, lr = 0.010000
socketio: INFO: emitting event "task update" to 20170509-174738-9d2f [/jobs]
digits.webapp: DEBUG: Network validation loss #1.0: 0.092276
digits.webapp: DEBUG: Validation (epoch 1.0): loss = 0.092276
digits.webapp: WARNING: Train Tensorflow Model unrecognized output: INFO:tensorflow:/tmp/tmpX3R8Ve/20170509-174738-9d2f/snapshot_1.ckpt is not in all_model_checkpoint_paths. Manually adding it.
socketio: INFO: emitting event "task update" to 20170509-174738-9d2f [/jobs]
socketio: INFO: emitting event "task update" to 20170509-172927-67d2 [/jobs]
socketio: INFO: emitting event "task update" to 20170509-173515-e8bf [/jobs]
socketio: INFO: emitting event "task update" to 20170509-172524-d7c0 [/jobs]
socketio: INFO: emitting event "task update" to 20170509-172419-2d22 [/jobs]
socketio: INFO: emitting event "task update" to 20170509-172337-f1aa [/jobs]
socketio: INFO: emitting event "task update" to 20170509-173228-acad [/jobs]
socketio: INFO: emitting event "task update" to 20170509-174738-9d2f [/jobs]
socketio: INFO: emitting event "job update" to job_management [/jobs]
digits.webapp: DEBUG: Training (epoch 1.2): loss = 0.076449, lr = 0.001000
socketio: INFO: emitting event "task update" to 20170509-174738-9d2f [/jobs]
socketio: INFO: emitting event "job update" to job_management [/jobs]
digits.webapp: DEBUG: Training (epoch 1.4): loss = 0.075154, lr = 0.001000
socketio: INFO: emitting event "task update" to 20170509-174738-9d2f [/jobs]
socketio: INFO: emitting event "job update" to job_management [/jobs]
digits.webapp: DEBUG: Training (epoch 1.6): loss = 0.075537, lr = 0.001000
socketio: INFO: emitting event "task update" to 20170509-174738-9d2f [/jobs]
socketio: INFO: emitting event "job update" to job_management [/jobs]
digits.webapp: DEBUG: Training (epoch 1.8): loss = 0.067316, lr = 0.001000
socketio: INFO: emitting event "task update" to 20170509-174738-9d2f [/jobs]
socketio: INFO: emitting event "job update" to job_management [/jobs]
digits.webapp: DEBUG: Training (epoch 2.0): loss = 0.069415, lr = 0.001000
socketio: INFO: emitting event "task update" to 20170509-174738-9d2f [/jobs]
digits.webapp: DEBUG: Network validation loss #2.0: 0.09203
digits.webapp: DEBUG: Validation (epoch 2.0): loss = 0.092030
digits.webapp: WARNING: Train Tensorflow Model unrecognized output: INFO:tensorflow:/tmp/tmpX3R8Ve/20170509-174738-9d2f/snapshot_2.ckpt is not in all_model_checkpoint_paths. Manually adding it.
socketio: INFO: emitting event "task update" to 20170509-174738-9d2f [/jobs]
socketio: INFO: emitting event "task update" to 20170509-172350-6fcd [/jobs]
socketio: INFO: emitting event "task update" to 20170509-174738-9d2f [/jobs]
socketio: INFO: emitting event "job update" to job_management [/jobs]
digits.webapp: DEBUG: Training (epoch 2.2): loss = 0.079321, lr = 0.000100
socketio: INFO: emitting event "task update" to 20170509-174738-9d2f [/jobs]
socketio: INFO: emitting event "job update" to job_management [/jobs]
digits.webapp: DEBUG: Training (epoch 2.4): loss = 0.068386, lr = 0.000100
socketio: INFO: emitting event "task update" to 20170509-174738-9d2f [/jobs]
socketio: INFO: emitting event "job update" to job_management [/jobs]
digits.webapp: DEBUG: Training (epoch 2.6): loss = 0.073596, lr = 0.000100
socketio: INFO: emitting event "task update" to 20170509-174738-9d2f [/jobs]
socketio: INFO: emitting event "job update" to job_management [/jobs]
digits.webapp: DEBUG: Training (epoch 2.8): loss = 0.071341, lr = 0.000100
socketio: INFO: emitting event "task update" to 20170509-174738-9d2f [/jobs]
socketio: INFO: emitting event "job update" to job_management [/jobs]
digits.webapp: DEBUG: Training (epoch 3.0): loss = 0.066006, lr = 0.000100
socketio: INFO: emitting event "task update" to 20170509-174738-9d2f [/jobs]
digits.webapp: DEBUG: Network validation loss #3.0: 0.091326
digits.webapp: DEBUG: Validation (epoch 3.0): loss = 0.091326
digits.webapp: WARNING: Train Tensorflow Model unrecognized output: INFO:tensorflow:/tmp/tmpX3R8Ve/20170509-174738-9d2f/snapshot_3.ckpt is not in all_model_checkpoint_paths. Manually adding it.
socketio: INFO: emitting event "task update" to 20170509-174738-9d2f [/jobs]
digits.webapp: WARNING: Train Tensorflow Model unrecognized output: Training wall-time: 0.3121509552
socketio: INFO: emitting event "task update" to 20170509-174729-2a42 [/jobs]
socketio: INFO: emitting event "task update" to 20170509-174715-868b [/jobs]
socketio: INFO: emitting event "task update" to 20170509-173357-1ed1 [/jobs]
socketio: INFO: emitting event "task update" to 20170509-174707-a426 [/jobs]
socketio: INFO: emitting event "task update" to 20170509-172259-8252 [/jobs]
socketio: INFO: emitting event "task update" to 20170509-173322-0807 [/jobs]
digits.webapp: INFO: Train Tensorflow Model task completed.
socketio: INFO: emitting event "task update" to 20170509-174738-9d2f [/jobs]
socketio: INFO: emitting event "job update" to job_management [/jobs]
socketio: INFO: emitting event "task update" to 20170509-174738-9d2f [/jobs]
socketio: INFO: emitting event "job update" to 20170509-174738-9d2f [/jobs]
socketio: INFO: emitting event "job update" to job_management [/jobs]
socketio: INFO: emitting event "server update" to job_management [/jobs]
socketio: INFO: emitting event "job update" to job_management [/jobs]
socketio: INFO: emitting event "job update" to 20170509-174738-9d2f [/jobs]
socketio: INFO: emitting event "job update" to job_management [/jobs]
digits: INFO: Job complete.
socketio: INFO: emitting event "task update" to 20170509-172114-d063 [/jobs]
socketio: INFO: emitting event "task update" to 20170509-174735-2316 [/jobs]
socketio: INFO: emitting event "task update" to 20170509-172323-89b4 [/jobs]
socketio: INFO: emitting event "task update" to 20170509-174723-7d7d [/jobs]
--------------------- >> end captured logging << ---------------------

======================================================================
FAIL: digits.model.images.generic.test_views.TestTensorflowCreation.test_snapshot_interval_0_5
----------------------------------------------------------------------
Traceback (most recent call last):
  File "/home/ethan/.local/lib/python2.7/site-packages/nose/case.py", line 197, in runTest
    self.test(*self.arg)
  File "/home/ethan/digits_GAN/digits/model/images/generic/test_views.py", line 336, in test_snapshot_interval_0_5
    assert len(content['snapshots']) == 2, 'should take 2 snapshots'
AssertionError: should take 2 snapshots
-------------------- >> begin captured logging << --------------------
socketio: INFO: emitting event "job update" to job_management [/jobs]
socketio: INFO: emitting event "task update" to 20170509-174411-45b4 [/jobs]
socketio: INFO: emitting event "task update" to 20170509-173300-0377 [/jobs]
socketio: INFO: emitting event "task update" to 20170509-173245-3417 [/jobs]
socketio: INFO: emitting event "task update" to 20170509-173324-49b0 [/jobs]
socketio: INFO: emitting event "task update" to 20170509-172342-e0ef [/jobs]
socketio: INFO: emitting event "task update" to 20170509-173108-a6ff [/jobs]
socketio: INFO: emitting event "task update" to 20170509-172725-6a13 [/jobs]
socketio: INFO: emitting event "task update" to 20170509-172806-b5bc [/jobs]
socketio: INFO: emitting event "task update" to 20170509-172227-0156 [/jobs]
socketio: INFO: emitting event "task update" to 20170509-174451-4b24 [/jobs]
socketio: INFO: emitting event "task update" to 20170509-172334-9d18 [/jobs]
socketio: INFO: emitting event "task update" to 20170509-174713-a2c5 [/jobs]
socketio: INFO: emitting event "task update" to 20170509-173128-33ce [/jobs]
socketio: INFO: emitting event "task update" to 20170509-174604-6d86 [/jobs]
socketio: INFO: emitting event "task update" to 20170509-174741-7c56 [/jobs]
socketio: INFO: emitting event "job update" to 20170509-174744-7c04 [/jobs]
socketio: INFO: emitting event "job update" to job_management [/jobs]
socketio: INFO: emitting event "server update" to job_management [/jobs]
socketio: INFO: emitting event "task update" to 20170509-172347-b92a [/jobs]
socketio: INFO: emitting event "task update" to 20170509-173326-3e6f [/jobs]
socketio: INFO: emitting event "task update" to 20170509-172315-d38b [/jobs]
socketio: INFO: emitting event "task update" to 20170509-174340-86bb [/jobs]
socketio: INFO: emitting event "task update" to 20170509-172516-8f4b [/jobs]
socketio: INFO: emitting event "task update" to 20170509-172352-bfdd [/jobs]
socketio: INFO: emitting event "task update" to 20170509-172412-e6f0 [/jobs]
socketio: INFO: emitting event "task update" to 20170509-173329-1cea [/jobs]
socketio: INFO: emitting event "task update" to 20170509-173229-c795 [/jobs]
socketio: INFO: emitting event "task update" to 20170509-172202-9230 [/jobs]
socketio: INFO: emitting event "task update" to 20170509-173331-d237 [/jobs]
socketio: INFO: emitting event "task update" to 20170509-172317-7da8 [/jobs]
socketio: INFO: emitting event "task update" to 20170509-173008-ee07 [/jobs]
socketio: INFO: emitting event "task update" to 20170509-172210-1907 [/jobs]
digits.webapp: INFO: Train Tensorflow Model task started.
socketio: INFO: emitting event "task update" to 20170509-174744-7c04 [/jobs]
socketio: INFO: emitting event "job update" to 20170509-174744-7c04 [/jobs]
socketio: INFO: emitting event "job update" to job_management [/jobs]
digits.webapp: INFO: Task subprocess args: "python2 /home/ethan/digits_GAN/digits/tools/tensorflow/main.py --network=network.py --epoch=4 --networkDirectory=/tmp/tmpX3R8Ve/20170509-174744-7c04 --save=/tmp/tmpX3R8Ve/20170509-174744-7c04 --snapshotPrefix=snapshot --snapshotInterval=2.0 --lr_base_rate=0.01 --lr_policy=step --batch_size=10 --mean=/tmp/tmpwfitKK/train_mean.binaryproto --train_db=/tmp/tmpwfitKK/train_images --train_labels=/tmp/tmpwfitKK/train_labels --validation_db=/tmp/tmpwfitKK/val_images --validation_labels=/tmp/tmpwfitKK/val_labels --lr_gamma=0.1 --lr_stepvalues=33 --subtractMean=image --seed=3405691582 --optimization=sgd --validation_interval=1 --log_runtime_stats_per_step=0 --augFlip=none --augHSVh=0 --augHSVs=0 --augHSVv=0"
socketio: INFO: emitting event "task update" to 20170509-174744-7c04 [/jobs]
socketio: INFO: emitting event "task update" to 20170509-173333-e98b [/jobs]
socketio: INFO: emitting event "task update" to 20170509-172825-84c5 [/jobs]
socketio: INFO: emitting event "task update" to 20170509-173335-6067 [/jobs]
socketio: INFO: emitting event "task update" to 20170509-172147-4505 [/jobs]
socketio: INFO: emitting event "task update" to 20170509-173337-8532 [/jobs]
socketio: INFO: emitting event "task update" to 20170509-172907-6ffa [/jobs]
socketio: INFO: emitting event "task update" to 20170509-174533-2a57 [/jobs]
socketio: INFO: emitting event "task update" to 20170509-174637-00ca [/jobs]
socketio: INFO: emitting event "task update" to 20170509-172339-dc52 [/jobs]
socketio: INFO: emitting event "task update" to 20170509-172625-e177 [/jobs]
socketio: INFO: emitting event "task update" to 20170509-173316-5f8a [/jobs]
socketio: INFO: emitting event "task update" to 20170509-173318-416e [/jobs]
socketio: INFO: emitting event "task update" to 20170509-173415-8046 [/jobs]
socketio: INFO: emitting event "task update" to 20170509-173027-0946 [/jobs]
socketio: INFO: emitting event "task update" to 20170509-172218-c9c0 [/jobs]
socketio: INFO: emitting event "task update" to 20170509-172328-6826 [/jobs]
socketio: INFO: emitting event "task update" to 20170509-173403-2593 [/jobs]
socketio: INFO: emitting event "task update" to 20170509-174718-7591 [/jobs]
socketio: INFO: emitting event "task update" to 20170509-174313-cb2c [/jobs]
socketio: INFO: emitting event "task update" to 20170509-172344-9606 [/jobs]
socketio: INFO: emitting event "task update" to 20170509-172430-a33c [/jobs]
socketio: INFO: emitting event "task update" to 20170509-174710-c302 [/jobs]
socketio: INFO: emitting event "task update" to 20170509-172605-0fd8 [/jobs]
socketio: INFO: emitting event "task update" to 20170509-172706-cfe6 [/jobs]
socketio: INFO: emitting event "task update" to 20170509-173209-48ad [/jobs]
socketio: INFO: emitting event "task update" to 20170509-173320-66e3 [/jobs]
socketio: INFO: emitting event "task update" to 20170509-174738-9d2f [/jobs]
socketio: INFO: emitting event "task update" to 20170509-172927-67d2 [/jobs]
socketio: INFO: emitting event "task update" to 20170509-173515-e8bf [/jobs]
socketio: INFO: emitting event "task update" to 20170509-172524-d7c0 [/jobs]
socketio: INFO: emitting event "task update" to 20170509-172419-2d22 [/jobs]
socketio: INFO: emitting event "task update" to 20170509-172337-f1aa [/jobs]
socketio: INFO: emitting event "task update" to 20170509-173228-acad [/jobs]
socketio: INFO: emitting event "task update" to 20170509-172350-6fcd [/jobs]
socketio: INFO: emitting event "task update" to 20170509-174729-2a42 [/jobs]
socketio: INFO: emitting event "task update" to 20170509-174715-868b [/jobs]
socketio: INFO: emitting event "task update" to 20170509-173357-1ed1 [/jobs]
socketio: INFO: emitting event "task update" to 20170509-174707-a426 [/jobs]
socketio: INFO: emitting event "task update" to 20170509-172259-8252 [/jobs]
socketio: INFO: emitting event "task update" to 20170509-173322-0807 [/jobs]
socketio: INFO: emitting event "task update" to 20170509-172114-d063 [/jobs]
socketio: INFO: emitting event "task update" to 20170509-174735-2316 [/jobs]
socketio: INFO: emitting event "task update" to 20170509-172323-89b4 [/jobs]
socketio: INFO: emitting event "task update" to 20170509-174723-7d7d [/jobs]
socketio: INFO: emitting event "task update" to 20170509-174411-45b4 [/jobs]
socketio: INFO: emitting event "task update" to 20170509-173300-0377 [/jobs]
socketio: INFO: emitting event "task update" to 20170509-173245-3417 [/jobs]
socketio: INFO: emitting event "task update" to 20170509-173324-49b0 [/jobs]
socketio: INFO: emitting event "task update" to 20170509-172342-e0ef [/jobs]
socketio: INFO: emitting event "task update" to 20170509-173108-a6ff [/jobs]
socketio: INFO: emitting event "task update" to 20170509-172725-6a13 [/jobs]
socketio: INFO: emitting event "task update" to 20170509-172806-b5bc [/jobs]
socketio: INFO: emitting event "task update" to 20170509-172227-0156 [/jobs]
socketio: INFO: emitting event "task update" to 20170509-174451-4b24 [/jobs]
socketio: INFO: emitting event "task update" to 20170509-172334-9d18 [/jobs]
socketio: INFO: emitting event "task update" to 20170509-174713-a2c5 [/jobs]
socketio: INFO: emitting event "task update" to 20170509-173128-33ce [/jobs]
socketio: INFO: emitting event "task update" to 20170509-174604-6d86 [/jobs]
socketio: INFO: emitting event "task update" to 20170509-174741-7c56 [/jobs]
socketio: INFO: emitting event "task update" to 20170509-172347-b92a [/jobs]
socketio: INFO: emitting event "task update" to 20170509-173326-3e6f [/jobs]
socketio: INFO: emitting event "task update" to 20170509-172315-d38b [/jobs]
socketio: INFO: emitting event "task update" to 20170509-174340-86bb [/jobs]
socketio: INFO: emitting event "task update" to 20170509-172516-8f4b [/jobs]
socketio: INFO: emitting event "task update" to 20170509-172352-bfdd [/jobs]
socketio: INFO: emitting event "task update" to 20170509-172412-e6f0 [/jobs]
socketio: INFO: emitting event "task update" to 20170509-173329-1cea [/jobs]
socketio: INFO: emitting event "task update" to 20170509-173229-c795 [/jobs]
socketio: INFO: emitting event "task update" to 20170509-172202-9230 [/jobs]
socketio: INFO: emitting event "task update" to 20170509-173331-d237 [/jobs]
socketio: INFO: emitting event "task update" to 20170509-172317-7da8 [/jobs]
socketio: INFO: emitting event "task update" to 20170509-173008-ee07 [/jobs]
socketio: INFO: emitting event "task update" to 20170509-172210-1907 [/jobs]
socketio: INFO: emitting event "task update" to 20170509-173333-e98b [/jobs]
socketio: INFO: emitting event "task update" to 20170509-172825-84c5 [/jobs]
socketio: INFO: emitting event "task update" to 20170509-173335-6067 [/jobs]
socketio: INFO: emitting event "task update" to 20170509-172147-4505 [/jobs]
socketio: INFO: emitting event "task update" to 20170509-173337-8532 [/jobs]
socketio: INFO: emitting event "task update" to 20170509-172907-6ffa [/jobs]
socketio: INFO: emitting event "task update" to 20170509-174533-2a57 [/jobs]
socketio: INFO: emitting event "task update" to 20170509-174637-00ca [/jobs]
socketio: INFO: emitting event "task update" to 20170509-172339-dc52 [/jobs]
socketio: INFO: emitting event "task update" to 20170509-172625-e177 [/jobs]
socketio: INFO: emitting event "task update" to 20170509-173316-5f8a [/jobs]
socketio: INFO: emitting event "task update" to 20170509-173318-416e [/jobs]
socketio: INFO: emitting event "task update" to 20170509-173415-8046 [/jobs]
socketio: INFO: emitting event "task update" to 20170509-173027-0946 [/jobs]
socketio: INFO: emitting event "task update" to 20170509-172218-c9c0 [/jobs]
socketio: INFO: emitting event "task update" to 20170509-172328-6826 [/jobs]
socketio: INFO: emitting event "task update" to 20170509-173403-2593 [/jobs]
socketio: INFO: emitting event "task update" to 20170509-174718-7591 [/jobs]
socketio: INFO: emitting event "task update" to 20170509-174313-cb2c [/jobs]
socketio: INFO: emitting event "task update" to 20170509-172344-9606 [/jobs]
socketio: INFO: emitting event "task update" to 20170509-172430-a33c [/jobs]
socketio: INFO: emitting event "task update" to 20170509-174710-c302 [/jobs]
socketio: INFO: emitting event "task update" to 20170509-172605-0fd8 [/jobs]
socketio: INFO: emitting event "task update" to 20170509-172706-cfe6 [/jobs]
socketio: INFO: emitting event "task update" to 20170509-173209-48ad [/jobs]
socketio: INFO: emitting event "task update" to 20170509-173320-66e3 [/jobs]
socketio: INFO: emitting event "task update" to 20170509-174738-9d2f [/jobs]
socketio: INFO: emitting event "task update" to 20170509-172927-67d2 [/jobs]
socketio: INFO: emitting event "task update" to 20170509-173515-e8bf [/jobs]
socketio: INFO: emitting event "task update" to 20170509-172524-d7c0 [/jobs]
socketio: INFO: emitting event "task update" to 20170509-172419-2d22 [/jobs]
socketio: INFO: emitting event "task update" to 20170509-172337-f1aa [/jobs]
socketio: INFO: emitting event "task update" to 20170509-173228-acad [/jobs]
socketio: INFO: emitting event "task update" to 20170509-172350-6fcd [/jobs]
digits.webapp: WARNING: Train Tensorflow Model unrecognized output: 2017-05-09 17:47:45.823006: W tensorflow/core/platform/cpu_feature_guard.cc:45] The TensorFlow library wasn't compiled to use SSE4.1 instructions, but these are available on your machine and could speed up CPU computations.
digits.webapp: WARNING: Train Tensorflow Model unrecognized output: 2017-05-09 17:47:45.823017: W tensorflow/core/platform/cpu_feature_guard.cc:45] The TensorFlow library wasn't compiled to use SSE4.2 instructions, but these are available on your machine and could speed up CPU computations.
digits.webapp: WARNING: Train Tensorflow Model unrecognized output: 2017-05-09 17:47:45.823022: W tensorflow/core/platform/cpu_feature_guard.cc:45] The TensorFlow library wasn't compiled to use AVX instructions, but these are available on your machine and could speed up CPU computations.
socketio: INFO: emitting event "task update" to 20170509-174729-2a42 [/jobs]
socketio: INFO: emitting event "task update" to 20170509-174715-868b [/jobs]
socketio: INFO: emitting event "task update" to 20170509-173357-1ed1 [/jobs]
socketio: INFO: emitting event "task update" to 20170509-174707-a426 [/jobs]
socketio: INFO: emitting event "task update" to 20170509-172259-8252 [/jobs]
socketio: INFO: emitting event "task update" to 20170509-173322-0807 [/jobs]
socketio: INFO: emitting event "task update" to 20170509-172114-d063 [/jobs]
digits.webapp: WARNING: Train Tensorflow Model unrecognized output: 2017-05-09 17:47:45.949304: I tensorflow/stream_executor/cuda/cuda_gpu_executor.cc:901] successful NUMA node read from SysFS had negative value (-1), but there must be at least one NUMA node, so returning NUMA node zero
digits.webapp: WARNING: Train Tensorflow Model unrecognized output: 2017-05-09 17:47:45.949718: I tensorflow/core/common_runtime/gpu/gpu_device.cc:887] Found device 0 with properties:
digits.webapp: WARNING: Train Tensorflow Model unrecognized output: name: GeForce GTX TITAN X
digits.webapp: WARNING: Train Tensorflow Model unrecognized output: major: 5 minor: 2 memoryClockRate (GHz) 1.076
digits.webapp: WARNING: Train Tensorflow Model unrecognized output: pciBusID 0000:01:00.0
digits.webapp: WARNING: Train Tensorflow Model unrecognized output: Total memory: 11.92GiB
digits.webapp: WARNING: Train Tensorflow Model unrecognized output: Free memory: 10.21GiB
digits.webapp: WARNING: Train Tensorflow Model unrecognized output: 2017-05-09 17:47:45.949732: I tensorflow/core/common_runtime/gpu/gpu_device.cc:908] DMA: 0
digits.webapp: WARNING: Train Tensorflow Model unrecognized output: 2017-05-09 17:47:45.949737: I tensorflow/core/common_runtime/gpu/gpu_device.cc:918] 0:   Y
digits.webapp: WARNING: Train Tensorflow Model unrecognized output: 2017-05-09 17:47:45.949749: I tensorflow/core/common_runtime/gpu/gpu_device.cc:977] Creating TensorFlow device (/gpu:0) -> (device: 0, name: GeForce GTX TITAN X, pci bus id: 0000:01:00.0)
socketio: INFO: emitting event "task update" to 20170509-174735-2316 [/jobs]
socketio: INFO: emitting event "task update" to 20170509-172323-89b4 [/jobs]
digits.webapp: WARNING: Train Tensorflow Model unrecognized output: 2017-05-09 17:47:46.059430: I tensorflow/core/common_runtime/gpu/gpu_device.cc:977] Creating TensorFlow device (/gpu:0) -> (device: 0, name: GeForce GTX TITAN X, pci bus id: 0000:01:00.0)
digits.webapp: WARNING: Train Tensorflow Model unrecognized output: 2017-05-09 17:47:46.067840: I tensorflow/core/common_runtime/gpu/gpu_device.cc:977] Creating TensorFlow device (/gpu:0) -> (device: 0, name: GeForce GTX TITAN X, pci bus id: 0000:01:00.0)
socketio: INFO: emitting event "task update" to 20170509-174723-7d7d [/jobs]
socketio: INFO: emitting event "task update" to 20170509-174411-45b4 [/jobs]
socketio: INFO: emitting event "task update" to 20170509-173300-0377 [/jobs]
socketio: INFO: emitting event "task update" to 20170509-173245-3417 [/jobs]
socketio: INFO: emitting event "task update" to 20170509-173324-49b0 [/jobs]
socketio: INFO: emitting event "task update" to 20170509-172342-e0ef [/jobs]
socketio: INFO: emitting event "task update" to 20170509-173108-a6ff [/jobs]
socketio: INFO: emitting event "task update" to 20170509-172725-6a13 [/jobs]
socketio: INFO: emitting event "task update" to 20170509-172806-b5bc [/jobs]
socketio: INFO: emitting event "task update" to 20170509-172227-0156 [/jobs]
socketio: INFO: emitting event "task update" to 20170509-174451-4b24 [/jobs]
socketio: INFO: emitting event "task update" to 20170509-172334-9d18 [/jobs]
socketio: INFO: emitting event "task update" to 20170509-174713-a2c5 [/jobs]
socketio: INFO: emitting event "task update" to 20170509-173128-33ce [/jobs]
socketio: INFO: emitting event "task update" to 20170509-174604-6d86 [/jobs]
socketio: INFO: emitting event "task update" to 20170509-174741-7c56 [/jobs]
socketio: INFO: emitting event "task update" to 20170509-172347-b92a [/jobs]
socketio: INFO: emitting event "task update" to 20170509-173326-3e6f [/jobs]
socketio: INFO: emitting event "task update" to 20170509-172315-d38b [/jobs]
socketio: INFO: emitting event "task update" to 20170509-174340-86bb [/jobs]
socketio: INFO: emitting event "task update" to 20170509-172516-8f4b [/jobs]
socketio: INFO: emitting event "task update" to 20170509-172352-bfdd [/jobs]
socketio: INFO: emitting event "task update" to 20170509-172412-e6f0 [/jobs]
socketio: INFO: emitting event "task update" to 20170509-173329-1cea [/jobs]
socketio: INFO: emitting event "task update" to 20170509-173229-c795 [/jobs]
socketio: INFO: emitting event "task update" to 20170509-172202-9230 [/jobs]
socketio: INFO: emitting event "task update" to 20170509-173331-d237 [/jobs]
socketio: INFO: emitting event "task update" to 20170509-172317-7da8 [/jobs]
socketio: INFO: emitting event "task update" to 20170509-173008-ee07 [/jobs]
socketio: INFO: emitting event "task update" to 20170509-172210-1907 [/jobs]
socketio: INFO: emitting event "task update" to 20170509-174744-7c04 [/jobs]
socketio: INFO: emitting event "task update" to 20170509-173333-e98b [/jobs]
socketio: INFO: emitting event "task update" to 20170509-172825-84c5 [/jobs]
socketio: INFO: emitting event "task update" to 20170509-173335-6067 [/jobs]
socketio: INFO: emitting event "task update" to 20170509-172147-4505 [/jobs]
socketio: INFO: emitting event "task update" to 20170509-173337-8532 [/jobs]
socketio: INFO: emitting event "task update" to 20170509-172907-6ffa [/jobs]
digits.webapp: DEBUG: Network validation loss #0.0: 0.104279
digits.webapp: DEBUG: Validation (epoch 0): loss = 0.104279
socketio: INFO: emitting event "task update" to 20170509-174744-7c04 [/jobs]
socketio: INFO: emitting event "job update" to job_management [/jobs]
digits.webapp: DEBUG: Training 5.0% complete.
socketio: INFO: emitting event "task update" to 20170509-174744-7c04 [/jobs]
socketio: INFO: emitting event "task update" to job_management [/jobs]
digits.webapp: DEBUG: Training (epoch 0.2): loss = 0.100685, lr = 0.010000
socketio: INFO: emitting event "task update" to 20170509-174744-7c04 [/jobs]
socketio: INFO: emitting event "job update" to job_management [/jobs]
digits.webapp: DEBUG: Training (epoch 0.4): loss = 0.069731, lr = 0.010000
socketio: INFO: emitting event "task update" to 20170509-174744-7c04 [/jobs]
socketio: INFO: emitting event "job update" to job_management [/jobs]
digits.webapp: DEBUG: Training (epoch 0.6): loss = 0.082273, lr = 0.010000
socketio: INFO: emitting event "task update" to 20170509-174744-7c04 [/jobs]
socketio: INFO: emitting event "job update" to job_management [/jobs]
digits.webapp: DEBUG: Training (epoch 0.8): loss = 0.072463, lr = 0.010000
socketio: INFO: emitting event "task update" to 20170509-174744-7c04 [/jobs]
socketio: INFO: emitting event "job update" to job_management [/jobs]
digits.webapp: DEBUG: Training (epoch 1.0): loss = 0.071194, lr = 0.010000
socketio: INFO: emitting event "task update" to 20170509-174533-2a57 [/jobs]
socketio: INFO: emitting event "task update" to 20170509-174637-00ca [/jobs]
socketio: INFO: emitting event "task update" to 20170509-172339-dc52 [/jobs]
socketio: INFO: emitting event "task update" to 20170509-172625-e177 [/jobs]
socketio: INFO: emitting event "task update" to 20170509-173316-5f8a [/jobs]
socketio: INFO: emitting event "task update" to 20170509-173318-416e [/jobs]
socketio: INFO: emitting event "task update" to 20170509-173415-8046 [/jobs]
socketio: INFO: emitting event "task update" to 20170509-173027-0946 [/jobs]
socketio: INFO: emitting event "task update" to 20170509-172218-c9c0 [/jobs]
socketio: INFO: emitting event "task update" to 20170509-172328-6826 [/jobs]
socketio: INFO: emitting event "task update" to 20170509-173403-2593 [/jobs]
socketio: INFO: emitting event "task update" to 20170509-174718-7591 [/jobs]
socketio: INFO: emitting event "task update" to 20170509-174744-7c04 [/jobs]
digits.webapp: DEBUG: Network validation loss #1.0: 0.095775
digits.webapp: DEBUG: Validation (epoch 1.0): loss = 0.095775
socketio: INFO: emitting event "task update" to 20170509-174744-7c04 [/jobs]
socketio: INFO: emitting event "job update" to job_management [/jobs]
digits.webapp: DEBUG: Training (epoch 1.2): loss = 0.077329, lr = 0.010000
socketio: INFO: emitting event "task update" to 20170509-174744-7c04 [/jobs]
socketio: INFO: emitting event "job update" to job_management [/jobs]
digits.webapp: DEBUG: Training (epoch 1.4): loss = 0.069275, lr = 0.005500
socketio: INFO: emitting event "task update" to 20170509-174744-7c04 [/jobs]
socketio: INFO: emitting event "job update" to job_management [/jobs]
digits.webapp: DEBUG: Training (epoch 1.6): loss = 0.072345, lr = 0.001000
socketio: INFO: emitting event "task update" to 20170509-174744-7c04 [/jobs]
socketio: INFO: emitting event "job update" to job_management [/jobs]
digits.webapp: DEBUG: Training (epoch 1.8): loss = 0.064589, lr = 0.001000
socketio: INFO: emitting event "task update" to 20170509-174744-7c04 [/jobs]
socketio: INFO: emitting event "job update" to job_management [/jobs]
digits.webapp: DEBUG: Training (epoch 2.0): loss = 0.066603, lr = 0.001000
socketio: INFO: emitting event "task update" to 20170509-174744-7c04 [/jobs]
digits.webapp: DEBUG: Network validation loss #2.0: 0.087682
digits.webapp: DEBUG: Validation (epoch 2.0): loss = 0.087682
digits.webapp: WARNING: Train Tensorflow Model unrecognized output: INFO:tensorflow:/tmp/tmpX3R8Ve/20170509-174744-7c04/snapshot_2.ckpt is not in all_model_checkpoint_paths. Manually adding it.
socketio: INFO: emitting event "task update" to 20170509-174744-7c04 [/jobs]
socketio: INFO: emitting event "task update" to 20170509-174313-cb2c [/jobs]
socketio: INFO: emitting event "task update" to 20170509-174744-7c04 [/jobs]
socketio: INFO: emitting event "job update" to job_management [/jobs]
digits.webapp: DEBUG: Training (epoch 2.2): loss = 0.075870, lr = 0.001000
socketio: INFO: emitting event "task update" to 20170509-174744-7c04 [/jobs]
socketio: INFO: emitting event "job update" to job_management [/jobs]
digits.webapp: DEBUG: Training (epoch 2.4): loss = 0.064889, lr = 0.001000
socketio: INFO: emitting event "task update" to 20170509-174744-7c04 [/jobs]
socketio: INFO: emitting event "job update" to job_management [/jobs]
digits.webapp: DEBUG: Training (epoch 2.6): loss = 0.071711, lr = 0.001000
socketio: INFO: emitting event "task update" to 20170509-174744-7c04 [/jobs]
socketio: INFO: emitting event "job update" to job_management [/jobs]
digits.webapp: DEBUG: Training (epoch 2.8): loss = 0.063668, lr = 0.000100
socketio: INFO: emitting event "task update" to 20170509-174744-7c04 [/jobs]
socketio: INFO: emitting event "job update" to job_management [/jobs]
digits.webapp: DEBUG: Training (epoch 3.0): loss = 0.068906, lr = 0.000100
socketio: INFO: emitting event "task update" to 20170509-174744-7c04 [/jobs]
digits.webapp: DEBUG: Network validation loss #3.0: 0.086818
digits.webapp: DEBUG: Validation (epoch 3.0): loss = 0.086818
socketio: INFO: emitting event "task update" to 20170509-174744-7c04 [/jobs]
socketio: INFO: emitting event "job update" to job_management [/jobs]
digits.webapp: DEBUG: Training (epoch 3.2): loss = 0.072086, lr = 0.000100
socketio: INFO: emitting event "task update" to 20170509-174744-7c04 [/jobs]
socketio: INFO: emitting event "job update" to job_management [/jobs]
digits.webapp: DEBUG: Training (epoch 3.4): loss = 0.064904, lr = 0.000100
socketio: INFO: emitting event "task update" to 20170509-174744-7c04 [/jobs]
socketio: INFO: emitting event "job update" to job_management [/jobs]
digits.webapp: DEBUG: Training (epoch 3.6): loss = 0.071000, lr = 0.000100
socketio: INFO: emitting event "task update" to 20170509-174744-7c04 [/jobs]
socketio: INFO: emitting event "job update" to job_management [/jobs]
digits.webapp: DEBUG: Training (epoch 3.8): loss = 0.063573, lr = 0.000100
socketio: INFO: emitting event "task update" to 20170509-174744-7c04 [/jobs]
socketio: INFO: emitting event "job update" to job_management [/jobs]
digits.webapp: DEBUG: Training (epoch 4.0): loss = 0.065726, lr = 0.000055
socketio: INFO: emitting event "task update" to 20170509-174744-7c04 [/jobs]
digits.webapp: DEBUG: Network validation loss #4.0: 0.086148
digits.webapp: DEBUG: Validation (epoch 4.0): loss = 0.086148
socketio: INFO: emitting event "task update" to 20170509-172344-9606 [/jobs]
socketio: INFO: emitting event "task update" to 20170509-172430-a33c [/jobs]
digits.webapp: WARNING: Train Tensorflow Model unrecognized output: INFO:tensorflow:/tmp/tmpX3R8Ve/20170509-174744-7c04/snapshot_4.ckpt is not in all_model_checkpoint_paths. Manually adding it.
socketio: INFO: emitting event "task update" to 20170509-174744-7c04 [/jobs]
digits.webapp: WARNING: Train Tensorflow Model unrecognized output: 2017-05-09 17:47:46.591439: W tensorflow/core/framework/op_kernel.cc:1152] Out of range: PaddingFIFOQueue '_3_train/data/batcher/padding_fifo_queue' is closed and has insufficient elements (requested 10, current size 0)
digits.webapp: WARNING: Train Tensorflow Model unrecognized output: [[Node: train/data/batcher = QueueDequeueUpToV2[component_types=[DT_STRING, DT_FLOAT, DT_FLOAT], timeout_ms=-1, _device="/job:localhost/replica:0/task:0/cpu:0"](train/data/batcher/padding_fifo_queue, train/data/batcher/n)]]
digits.webapp: WARNING: Train Tensorflow Model unrecognized output: Training wall-time: 0.328325033188
socketio: INFO: emitting event "task update" to 20170509-174710-c302 [/jobs]
socketio: INFO: emitting event "task update" to 20170509-172605-0fd8 [/jobs]
socketio: INFO: emitting event "task update" to 20170509-172706-cfe6 [/jobs]
socketio: INFO: emitting event "task update" to 20170509-173209-48ad [/jobs]
socketio: INFO: emitting event "task update" to 20170509-173320-66e3 [/jobs]
socketio: INFO: emitting event "task update" to 20170509-174738-9d2f [/jobs]
socketio: INFO: emitting event "task update" to 20170509-172927-67d2 [/jobs]
socketio: INFO: emitting event "task update" to 20170509-173515-e8bf [/jobs]
socketio: INFO: emitting event "task update" to 20170509-172524-d7c0 [/jobs]
socketio: INFO: emitting event "task update" to 20170509-172419-2d22 [/jobs]
socketio: INFO: emitting event "task update" to 20170509-172337-f1aa [/jobs]
socketio: INFO: emitting event "task update" to 20170509-173228-acad [/jobs]
socketio: INFO: emitting event "task update" to 20170509-172350-6fcd [/jobs]
digits.webapp: INFO: Train Tensorflow Model task completed.
socketio: INFO: emitting event "task update" to 20170509-174744-7c04 [/jobs]
socketio: INFO: emitting event "job update" to job_management [/jobs]
socketio: INFO: emitting event "task update" to 20170509-174744-7c04 [/jobs]
socketio: INFO: emitting event "job update" to 20170509-174744-7c04 [/jobs]
socketio: INFO: emitting event "job update" to job_management [/jobs]
socketio: INFO: emitting event "server update" to job_management [/jobs]
socketio: INFO: emitting event "task update" to 20170509-174729-2a42 [/jobs]
socketio: INFO: emitting event "job update" to job_management [/jobs]
socketio: INFO: emitting event "job update" to 20170509-174744-7c04 [/jobs]
socketio: INFO: emitting event "job update" to job_management [/jobs]
digits: INFO: Job complete.
socketio: INFO: emitting event "task update" to 20170509-174715-868b [/jobs]
socketio: INFO: emitting event "task update" to 20170509-173357-1ed1 [/jobs]
socketio: INFO: emitting event "task update" to 20170509-174707-a426 [/jobs]
socketio: INFO: emitting event "task update" to 20170509-172259-8252 [/jobs]
socketio: INFO: emitting event "task update" to 20170509-173322-0807 [/jobs]
socketio: INFO: emitting event "task update" to 20170509-172114-d063 [/jobs]
socketio: INFO: emitting event "task update" to 20170509-174735-2316 [/jobs]
socketio: INFO: emitting event "task update" to 20170509-172323-89b4 [/jobs]
socketio: INFO: emitting event "task update" to 20170509-174723-7d7d [/jobs]
socketio: INFO: emitting event "task update" to 20170509-174411-45b4 [/jobs]
--------------------- >> end captured logging << ---------------------

======================================================================
FAIL: digits.model.images.generic.test_views.TestTensorflowCreation.test_snapshot_interval_2
----------------------------------------------------------------------
Traceback (most recent call last):
  File "/home/ethan/.local/lib/python2.7/site-packages/nose/case.py", line 197, in runTest
    self.test(*self.arg)
  File "/home/ethan/digits_GAN/digits/model/images/generic/test_views.py", line 328, in test_snapshot_interval_2
    assert len(content['snapshots']) > 1, 'should take >1 snapshot'
AssertionError: should take >1 snapshot
-------------------- >> begin captured logging << --------------------
socketio: INFO: emitting event "job update" to job_management [/jobs]
socketio: INFO: emitting event "task update" to 20170509-173300-0377 [/jobs]
socketio: INFO: emitting event "task update" to 20170509-173245-3417 [/jobs]
socketio: INFO: emitting event "task update" to 20170509-173324-49b0 [/jobs]
socketio: INFO: emitting event "task update" to 20170509-172342-e0ef [/jobs]
socketio: INFO: emitting event "task update" to 20170509-173108-a6ff [/jobs]
socketio: INFO: emitting event "task update" to 20170509-172725-6a13 [/jobs]
socketio: INFO: emitting event "task update" to 20170509-172806-b5bc [/jobs]
socketio: INFO: emitting event "task update" to 20170509-172227-0156 [/jobs]
socketio: INFO: emitting event "task update" to 20170509-174451-4b24 [/jobs]
socketio: INFO: emitting event "task update" to 20170509-172334-9d18 [/jobs]
socketio: INFO: emitting event "task update" to 20170509-174713-a2c5 [/jobs]
socketio: INFO: emitting event "task update" to 20170509-173128-33ce [/jobs]
socketio: INFO: emitting event "task update" to 20170509-174604-6d86 [/jobs]
socketio: INFO: emitting event "task update" to 20170509-174741-7c56 [/jobs]
socketio: INFO: emitting event "task update" to 20170509-172347-b92a [/jobs]
socketio: INFO: emitting event "task update" to 20170509-173326-3e6f [/jobs]
socketio: INFO: emitting event "task update" to 20170509-172315-d38b [/jobs]
socketio: INFO: emitting event "job update" to 20170509-174747-0bd9 [/jobs]
socketio: INFO: emitting event "job update" to job_management [/jobs]
socketio: INFO: emitting event "server update" to job_management [/jobs]
socketio: INFO: emitting event "task update" to 20170509-174340-86bb [/jobs]
socketio: INFO: emitting event "task update" to 20170509-172516-8f4b [/jobs]
socketio: INFO: emitting event "task update" to 20170509-172352-bfdd [/jobs]
socketio: INFO: emitting event "task update" to 20170509-172412-e6f0 [/jobs]
socketio: INFO: emitting event "task update" to 20170509-173329-1cea [/jobs]
socketio: INFO: emitting event "task update" to 20170509-173229-c795 [/jobs]
socketio: INFO: emitting event "task update" to 20170509-172202-9230 [/jobs]
socketio: INFO: emitting event "task update" to 20170509-173331-d237 [/jobs]
socketio: INFO: emitting event "task update" to 20170509-172317-7da8 [/jobs]
socketio: INFO: emitting event "task update" to 20170509-173008-ee07 [/jobs]
socketio: INFO: emitting event "task update" to 20170509-172210-1907 [/jobs]
socketio: INFO: emitting event "task update" to 20170509-174744-7c04 [/jobs]
socketio: INFO: emitting event "task update" to 20170509-173333-e98b [/jobs]
socketio: INFO: emitting event "task update" to 20170509-172825-84c5 [/jobs]
socketio: INFO: emitting event "task update" to 20170509-173335-6067 [/jobs]
socketio: INFO: emitting event "task update" to 20170509-172147-4505 [/jobs]
socketio: INFO: emitting event "task update" to 20170509-173337-8532 [/jobs]
socketio: INFO: emitting event "task update" to 20170509-172907-6ffa [/jobs]
socketio: INFO: emitting event "task update" to 20170509-174533-2a57 [/jobs]
socketio: INFO: emitting event "task update" to 20170509-174637-00ca [/jobs]
socketio: INFO: emitting event "task update" to 20170509-172339-dc52 [/jobs]
socketio: INFO: emitting event "task update" to 20170509-172625-e177 [/jobs]
socketio: INFO: emitting event "task update" to 20170509-173316-5f8a [/jobs]
socketio: INFO: emitting event "task update" to 20170509-173318-416e [/jobs]
socketio: INFO: emitting event "task update" to 20170509-173415-8046 [/jobs]
socketio: INFO: emitting event "task update" to 20170509-173027-0946 [/jobs]
socketio: INFO: emitting event "task update" to 20170509-172218-c9c0 [/jobs]
socketio: INFO: emitting event "task update" to 20170509-172328-6826 [/jobs]
socketio: INFO: emitting event "task update" to 20170509-173403-2593 [/jobs]
digits.webapp: INFO: Train Tensorflow Model task started.
socketio: INFO: emitting event "task update" to 20170509-174747-0bd9 [/jobs]
socketio: INFO: emitting event "job update" to 20170509-174747-0bd9 [/jobs]
socketio: INFO: emitting event "job update" to job_management [/jobs]
digits.webapp: INFO: Task subprocess args: "python2 /home/ethan/digits_GAN/digits/tools/tensorflow/main.py --network=network.py --epoch=3 --networkDirectory=/tmp/tmpX3R8Ve/20170509-174747-0bd9 --save=/tmp/tmpX3R8Ve/20170509-174747-0bd9 --snapshotPrefix=snapshot --snapshotInterval=0.5 --lr_base_rate=0.01 --lr_policy=step --batch_size=10 --mean=/tmp/tmpwfitKK/train_mean.binaryproto --train_db=/tmp/tmpwfitKK/train_images --train_labels=/tmp/tmpwfitKK/train_labels --validation_db=/tmp/tmpwfitKK/val_images --validation_labels=/tmp/tmpwfitKK/val_labels --lr_gamma=0.1 --lr_stepvalues=33 --subtractMean=image --seed=3405691582 --optimization=sgd --validation_interval=1 --log_runtime_stats_per_step=0 --augFlip=none --augHSVh=0 --augHSVs=0 --augHSVv=0"
socketio: INFO: emitting event "task update" to 20170509-174747-0bd9 [/jobs]
socketio: INFO: emitting event "task update" to 20170509-174718-7591 [/jobs]
socketio: INFO: emitting event "task update" to 20170509-174313-cb2c [/jobs]
socketio: INFO: emitting event "task update" to 20170509-172344-9606 [/jobs]
socketio: INFO: emitting event "task update" to 20170509-172430-a33c [/jobs]
socketio: INFO: emitting event "task update" to 20170509-174710-c302 [/jobs]
socketio: INFO: emitting event "task update" to 20170509-172605-0fd8 [/jobs]
socketio: INFO: emitting event "task update" to 20170509-172706-cfe6 [/jobs]
socketio: INFO: emitting event "task update" to 20170509-173209-48ad [/jobs]
socketio: INFO: emitting event "task update" to 20170509-173320-66e3 [/jobs]
socketio: INFO: emitting event "task update" to 20170509-174738-9d2f [/jobs]
socketio: INFO: emitting event "task update" to 20170509-172927-67d2 [/jobs]
socketio: INFO: emitting event "task update" to 20170509-173515-e8bf [/jobs]
socketio: INFO: emitting event "task update" to 20170509-172524-d7c0 [/jobs]
socketio: INFO: emitting event "task update" to 20170509-172419-2d22 [/jobs]
socketio: INFO: emitting event "task update" to 20170509-172337-f1aa [/jobs]
socketio: INFO: emitting event "task update" to 20170509-173228-acad [/jobs]
socketio: INFO: emitting event "task update" to 20170509-172350-6fcd [/jobs]
socketio: INFO: emitting event "task update" to 20170509-174729-2a42 [/jobs]
socketio: INFO: emitting event "task update" to 20170509-174715-868b [/jobs]
socketio: INFO: emitting event "task update" to 20170509-173357-1ed1 [/jobs]
socketio: INFO: emitting event "task update" to 20170509-174707-a426 [/jobs]
socketio: INFO: emitting event "task update" to 20170509-172259-8252 [/jobs]
socketio: INFO: emitting event "task update" to 20170509-173322-0807 [/jobs]
socketio: INFO: emitting event "task update" to 20170509-172114-d063 [/jobs]
socketio: INFO: emitting event "task update" to 20170509-174735-2316 [/jobs]
socketio: INFO: emitting event "task update" to 20170509-172323-89b4 [/jobs]
socketio: INFO: emitting event "task update" to 20170509-174723-7d7d [/jobs]
socketio: INFO: emitting event "task update" to 20170509-174411-45b4 [/jobs]
socketio: INFO: emitting event "task update" to 20170509-173300-0377 [/jobs]
socketio: INFO: emitting event "task update" to 20170509-173245-3417 [/jobs]
socketio: INFO: emitting event "task update" to 20170509-173324-49b0 [/jobs]
socketio: INFO: emitting event "task update" to 20170509-172342-e0ef [/jobs]
socketio: INFO: emitting event "task update" to 20170509-173108-a6ff [/jobs]
socketio: INFO: emitting event "task update" to 20170509-172725-6a13 [/jobs]
socketio: INFO: emitting event "task update" to 20170509-172806-b5bc [/jobs]
socketio: INFO: emitting event "task update" to 20170509-172227-0156 [/jobs]
socketio: INFO: emitting event "task update" to 20170509-174451-4b24 [/jobs]
socketio: INFO: emitting event "task update" to 20170509-172334-9d18 [/jobs]
socketio: INFO: emitting event "task update" to 20170509-174713-a2c5 [/jobs]
socketio: INFO: emitting event "task update" to 20170509-173128-33ce [/jobs]
socketio: INFO: emitting event "task update" to 20170509-174604-6d86 [/jobs]
socketio: INFO: emitting event "task update" to 20170509-174741-7c56 [/jobs]
socketio: INFO: emitting event "task update" to 20170509-172347-b92a [/jobs]
socketio: INFO: emitting event "task update" to 20170509-173326-3e6f [/jobs]
socketio: INFO: emitting event "task update" to 20170509-172315-d38b [/jobs]
socketio: INFO: emitting event "task update" to 20170509-174340-86bb [/jobs]
socketio: INFO: emitting event "task update" to 20170509-172516-8f4b [/jobs]
socketio: INFO: emitting event "task update" to 20170509-172352-bfdd [/jobs]
socketio: INFO: emitting event "task update" to 20170509-172412-e6f0 [/jobs]
socketio: INFO: emitting event "task update" to 20170509-173329-1cea [/jobs]
socketio: INFO: emitting event "task update" to 20170509-173229-c795 [/jobs]
socketio: INFO: emitting event "task update" to 20170509-172202-9230 [/jobs]
socketio: INFO: emitting event "task update" to 20170509-173331-d237 [/jobs]
socketio: INFO: emitting event "task update" to 20170509-172317-7da8 [/jobs]
socketio: INFO: emitting event "task update" to 20170509-173008-ee07 [/jobs]
socketio: INFO: emitting event "task update" to 20170509-172210-1907 [/jobs]
socketio: INFO: emitting event "task update" to 20170509-174744-7c04 [/jobs]
socketio: INFO: emitting event "task update" to 20170509-173333-e98b [/jobs]
socketio: INFO: emitting event "task update" to 20170509-172825-84c5 [/jobs]
socketio: INFO: emitting event "task update" to 20170509-173335-6067 [/jobs]
socketio: INFO: emitting event "task update" to 20170509-172147-4505 [/jobs]
socketio: INFO: emitting event "task update" to 20170509-173337-8532 [/jobs]
socketio: INFO: emitting event "task update" to 20170509-172907-6ffa [/jobs]
socketio: INFO: emitting event "task update" to 20170509-174533-2a57 [/jobs]
socketio: INFO: emitting event "task update" to 20170509-174637-00ca [/jobs]
socketio: INFO: emitting event "task update" to 20170509-172339-dc52 [/jobs]
socketio: INFO: emitting event "task update" to 20170509-172625-e177 [/jobs]
socketio: INFO: emitting event "task update" to 20170509-173316-5f8a [/jobs]
socketio: INFO: emitting event "task update" to 20170509-173318-416e [/jobs]
socketio: INFO: emitting event "task update" to 20170509-173415-8046 [/jobs]
socketio: INFO: emitting event "task update" to 20170509-173027-0946 [/jobs]
socketio: INFO: emitting event "task update" to 20170509-172218-c9c0 [/jobs]
socketio: INFO: emitting event "task update" to 20170509-172328-6826 [/jobs]
socketio: INFO: emitting event "task update" to 20170509-173403-2593 [/jobs]
socketio: INFO: emitting event "task update" to 20170509-174718-7591 [/jobs]
socketio: INFO: emitting event "task update" to 20170509-174313-cb2c [/jobs]
socketio: INFO: emitting event "task update" to 20170509-172344-9606 [/jobs]
socketio: INFO: emitting event "task update" to 20170509-172430-a33c [/jobs]
socketio: INFO: emitting event "task update" to 20170509-174710-c302 [/jobs]
socketio: INFO: emitting event "task update" to 20170509-172605-0fd8 [/jobs]
socketio: INFO: emitting event "task update" to 20170509-172706-cfe6 [/jobs]
socketio: INFO: emitting event "task update" to 20170509-173209-48ad [/jobs]
socketio: INFO: emitting event "task update" to 20170509-173320-66e3 [/jobs]
socketio: INFO: emitting event "task update" to 20170509-174738-9d2f [/jobs]
socketio: INFO: emitting event "task update" to 20170509-172927-67d2 [/jobs]
socketio: INFO: emitting event "task update" to 20170509-173515-e8bf [/jobs]
socketio: INFO: emitting event "task update" to 20170509-172524-d7c0 [/jobs]
socketio: INFO: emitting event "task update" to 20170509-172419-2d22 [/jobs]
socketio: INFO: emitting event "task update" to 20170509-172337-f1aa [/jobs]
socketio: INFO: emitting event "task update" to 20170509-173228-acad [/jobs]
socketio: INFO: emitting event "task update" to 20170509-172350-6fcd [/jobs]
socketio: INFO: emitting event "task update" to 20170509-174729-2a42 [/jobs]
socketio: INFO: emitting event "task update" to 20170509-174715-868b [/jobs]
socketio: INFO: emitting event "task update" to 20170509-173357-1ed1 [/jobs]
socketio: INFO: emitting event "task update" to 20170509-174707-a426 [/jobs]
socketio: INFO: emitting event "task update" to 20170509-172259-8252 [/jobs]
socketio: INFO: emitting event "task update" to 20170509-173322-0807 [/jobs]
socketio: INFO: emitting event "task update" to 20170509-172114-d063 [/jobs]
digits.webapp: WARNING: Train Tensorflow Model unrecognized output: 2017-05-09 17:47:48.966944: W tensorflow/core/platform/cpu_feature_guard.cc:45] The TensorFlow library wasn't compiled to use SSE4.1 instructions, but these are available on your machine and could speed up CPU computations.
digits.webapp: WARNING: Train Tensorflow Model unrecognized output: 2017-05-09 17:47:48.966956: W tensorflow/core/platform/cpu_feature_guard.cc:45] The TensorFlow library wasn't compiled to use SSE4.2 instructions, but these are available on your machine and could speed up CPU computations.
digits.webapp: WARNING: Train Tensorflow Model unrecognized output: 2017-05-09 17:47:48.966961: W tensorflow/core/platform/cpu_feature_guard.cc:45] The TensorFlow library wasn't compiled to use AVX instructions, but these are available on your machine and could speed up CPU computations.
socketio: INFO: emitting event "task update" to 20170509-174735-2316 [/jobs]
socketio: INFO: emitting event "task update" to 20170509-172323-89b4 [/jobs]
digits.webapp: WARNING: Train Tensorflow Model unrecognized output: 2017-05-09 17:47:49.096273: I tensorflow/stream_executor/cuda/cuda_gpu_executor.cc:901] successful NUMA node read from SysFS had negative value (-1), but there must be at least one NUMA node, so returning NUMA node zero
digits.webapp: WARNING: Train Tensorflow Model unrecognized output: 2017-05-09 17:47:49.096688: I tensorflow/core/common_runtime/gpu/gpu_device.cc:887] Found device 0 with properties:
digits.webapp: WARNING: Train Tensorflow Model unrecognized output: name: GeForce GTX TITAN X
digits.webapp: WARNING: Train Tensorflow Model unrecognized output: major: 5 minor: 2 memoryClockRate (GHz) 1.076
digits.webapp: WARNING: Train Tensorflow Model unrecognized output: pciBusID 0000:01:00.0
digits.webapp: WARNING: Train Tensorflow Model unrecognized output: Total memory: 11.92GiB
digits.webapp: WARNING: Train Tensorflow Model unrecognized output: Free memory: 10.21GiB
digits.webapp: WARNING: Train Tensorflow Model unrecognized output: 2017-05-09 17:47:49.096702: I tensorflow/core/common_runtime/gpu/gpu_device.cc:908] DMA: 0
digits.webapp: WARNING: Train Tensorflow Model unrecognized output: 2017-05-09 17:47:49.096707: I tensorflow/core/common_runtime/gpu/gpu_device.cc:918] 0:   Y
digits.webapp: WARNING: Train Tensorflow Model unrecognized output: 2017-05-09 17:47:49.096713: I tensorflow/core/common_runtime/gpu/gpu_device.cc:977] Creating TensorFlow device (/gpu:0) -> (device: 0, name: GeForce GTX TITAN X, pci bus id: 0000:01:00.0)
socketio: INFO: emitting event "task update" to 20170509-174723-7d7d [/jobs]
digits.webapp: WARNING: Train Tensorflow Model unrecognized output: 2017-05-09 17:47:49.206343: I tensorflow/core/common_runtime/gpu/gpu_device.cc:977] Creating TensorFlow device (/gpu:0) -> (device: 0, name: GeForce GTX TITAN X, pci bus id: 0000:01:00.0)
digits.webapp: WARNING: Train Tensorflow Model unrecognized output: 2017-05-09 17:47:49.214446: I tensorflow/core/common_runtime/gpu/gpu_device.cc:977] Creating TensorFlow device (/gpu:0) -> (device: 0, name: GeForce GTX TITAN X, pci bus id: 0000:01:00.0)
socketio: INFO: emitting event "task update" to 20170509-174411-45b4 [/jobs]
socketio: INFO: emitting event "task update" to 20170509-173300-0377 [/jobs]
socketio: INFO: emitting event "task update" to 20170509-173245-3417 [/jobs]
socketio: INFO: emitting event "task update" to 20170509-173324-49b0 [/jobs]
socketio: INFO: emitting event "task update" to 20170509-172342-e0ef [/jobs]
socketio: INFO: emitting event "task update" to 20170509-173108-a6ff [/jobs]
socketio: INFO: emitting event "task update" to 20170509-172725-6a13 [/jobs]
socketio: INFO: emitting event "task update" to 20170509-172806-b5bc [/jobs]
socketio: INFO: emitting event "task update" to 20170509-172227-0156 [/jobs]
socketio: INFO: emitting event "task update" to 20170509-174451-4b24 [/jobs]
socketio: INFO: emitting event "task update" to 20170509-172334-9d18 [/jobs]
socketio: INFO: emitting event "task update" to 20170509-174713-a2c5 [/jobs]
socketio: INFO: emitting event "task update" to 20170509-173128-33ce [/jobs]
socketio: INFO: emitting event "task update" to 20170509-174604-6d86 [/jobs]
socketio: INFO: emitting event "task update" to 20170509-174741-7c56 [/jobs]
socketio: INFO: emitting event "task update" to 20170509-172347-b92a [/jobs]
socketio: INFO: emitting event "task update" to 20170509-173326-3e6f [/jobs]
socketio: INFO: emitting event "task update" to 20170509-172315-d38b [/jobs]
socketio: INFO: emitting event "task update" to 20170509-174340-86bb [/jobs]
socketio: INFO: emitting event "task update" to 20170509-172516-8f4b [/jobs]
socketio: INFO: emitting event "task update" to 20170509-172352-bfdd [/jobs]
socketio: INFO: emitting event "task update" to 20170509-172412-e6f0 [/jobs]
socketio: INFO: emitting event "task update" to 20170509-173329-1cea [/jobs]
socketio: INFO: emitting event "task update" to 20170509-173229-c795 [/jobs]
socketio: INFO: emitting event "task update" to 20170509-172202-9230 [/jobs]
socketio: INFO: emitting event "task update" to 20170509-173331-d237 [/jobs]
socketio: INFO: emitting event "task update" to 20170509-172317-7da8 [/jobs]
socketio: INFO: emitting event "task update" to 20170509-173008-ee07 [/jobs]
socketio: INFO: emitting event "task update" to 20170509-172210-1907 [/jobs]
socketio: INFO: emitting event "task update" to 20170509-174744-7c04 [/jobs]
socketio: INFO: emitting event "task update" to 20170509-173333-e98b [/jobs]
socketio: INFO: emitting event "task update" to 20170509-172825-84c5 [/jobs]
socketio: INFO: emitting event "task update" to 20170509-173335-6067 [/jobs]
socketio: INFO: emitting event "task update" to 20170509-172147-4505 [/jobs]
socketio: INFO: emitting event "task update" to 20170509-173337-8532 [/jobs]
socketio: INFO: emitting event "task update" to 20170509-172907-6ffa [/jobs]
socketio: INFO: emitting event "task update" to 20170509-174533-2a57 [/jobs]
socketio: INFO: emitting event "task update" to 20170509-174637-00ca [/jobs]
socketio: INFO: emitting event "task update" to 20170509-172339-dc52 [/jobs]
socketio: INFO: emitting event "task update" to 20170509-172625-e177 [/jobs]
socketio: INFO: emitting event "task update" to 20170509-173316-5f8a [/jobs]
socketio: INFO: emitting event "task update" to 20170509-173318-416e [/jobs]
socketio: INFO: emitting event "task update" to 20170509-173415-8046 [/jobs]
socketio: INFO: emitting event "task update" to 20170509-173027-0946 [/jobs]
socketio: INFO: emitting event "task update" to 20170509-172218-c9c0 [/jobs]
socketio: INFO: emitting event "task update" to 20170509-172328-6826 [/jobs]
socketio: INFO: emitting event "task update" to 20170509-173403-2593 [/jobs]
socketio: INFO: emitting event "task update" to 20170509-174747-0bd9 [/jobs]
socketio: INFO: emitting event "task update" to 20170509-174718-7591 [/jobs]
socketio: INFO: emitting event "task update" to 20170509-174313-cb2c [/jobs]
socketio: INFO: emitting event "task update" to 20170509-172344-9606 [/jobs]
digits.webapp: DEBUG: Network validation loss #0.0: 0.107787
digits.webapp: DEBUG: Validation (epoch 0): loss = 0.107787
socketio: INFO: emitting event "task update" to 20170509-174747-0bd9 [/jobs]
socketio: INFO: emitting event "job update" to job_management [/jobs]
digits.webapp: DEBUG: Training 6.67% complete.
socketio: INFO: emitting event "task update" to 20170509-174747-0bd9 [/jobs]
socketio: INFO: emitting event "task update" to job_management [/jobs]
digits.webapp: DEBUG: Training (epoch 0.2): loss = 0.086084, lr = 0.010000
socketio: INFO: emitting event "task update" to 20170509-174747-0bd9 [/jobs]
socketio: INFO: emitting event "job update" to job_management [/jobs]
digits.webapp: DEBUG: Training (epoch 0.4): loss = 0.084415, lr = 0.010000
digits.webapp: WARNING: Train Tensorflow Model unrecognized output: INFO:tensorflow:/tmp/tmpX3R8Ve/20170509-174747-0bd9/snapshot_0.50000.ckpt is not in all_model_checkpoint_paths. Manually adding it.
socketio: INFO: emitting event "task update" to 20170509-174747-0bd9 [/jobs]
socketio: INFO: emitting event "task update" to 20170509-172430-a33c [/jobs]
socketio: INFO: emitting event "task update" to 20170509-174710-c302 [/jobs]
socketio: INFO: emitting event "task update" to 20170509-172605-0fd8 [/jobs]
socketio: INFO: emitting event "task update" to 20170509-172706-cfe6 [/jobs]
socketio: INFO: emitting event "task update" to 20170509-173209-48ad [/jobs]
socketio: INFO: emitting event "task update" to 20170509-173320-66e3 [/jobs]
socketio: INFO: emitting event "task update" to 20170509-174738-9d2f [/jobs]
socketio: INFO: emitting event "task update" to 20170509-172927-67d2 [/jobs]
socketio: INFO: emitting event "task update" to 20170509-173515-e8bf [/jobs]
socketio: INFO: emitting event "task update" to 20170509-172524-d7c0 [/jobs]
socketio: INFO: emitting event "task update" to 20170509-172419-2d22 [/jobs]
socketio: INFO: emitting event "task update" to 20170509-172337-f1aa [/jobs]
socketio: INFO: emitting event "task update" to 20170509-173228-acad [/jobs]
socketio: INFO: emitting event "task update" to 20170509-174747-0bd9 [/jobs]
socketio: INFO: emitting event "job update" to job_management [/jobs]
digits.webapp: DEBUG: Training (epoch 0.6): loss = 0.082261, lr = 0.010000
socketio: INFO: emitting event "task update" to 20170509-174747-0bd9 [/jobs]
socketio: INFO: emitting event "job update" to job_management [/jobs]
digits.webapp: DEBUG: Training (epoch 0.8): loss = 0.071725, lr = 0.010000
socketio: INFO: emitting event "task update" to 20170509-174747-0bd9 [/jobs]
socketio: INFO: emitting event "job update" to job_management [/jobs]
digits.webapp: DEBUG: Training (epoch 1.0): loss = 0.072003, lr = 0.010000
socketio: INFO: emitting event "task update" to 20170509-174747-0bd9 [/jobs]
digits.webapp: DEBUG: Network validation loss #1.0: 0.092752
digits.webapp: DEBUG: Validation (epoch 1.0): loss = 0.092752
digits.webapp: WARNING: Train Tensorflow Model unrecognized output: INFO:tensorflow:/tmp/tmpX3R8Ve/20170509-174747-0bd9/snapshot_1.00000.ckpt is not in all_model_checkpoint_paths. Manually adding it.
socketio: INFO: emitting event "task update" to 20170509-174747-0bd9 [/jobs]
socketio: INFO: emitting event "task update" to 20170509-174747-0bd9 [/jobs]
socketio: INFO: emitting event "job update" to job_management [/jobs]
digits.webapp: DEBUG: Training (epoch 1.2): loss = 0.080392, lr = 0.001000
socketio: INFO: emitting event "task update" to 20170509-174747-0bd9 [/jobs]
socketio: INFO: emitting event "job update" to job_management [/jobs]
digits.webapp: DEBUG: Training (epoch 1.4): loss = 0.070551, lr = 0.001000
digits.webapp: WARNING: Train Tensorflow Model unrecognized output: INFO:tensorflow:/tmp/tmpX3R8Ve/20170509-174747-0bd9/snapshot_1.50000.ckpt is not in all_model_checkpoint_paths. Manually adding it.
socketio: INFO: emitting event "task update" to 20170509-174747-0bd9 [/jobs]
socketio: INFO: emitting event "task update" to 20170509-174747-0bd9 [/jobs]
socketio: INFO: emitting event "job update" to job_management [/jobs]
digits.webapp: DEBUG: Training (epoch 1.6): loss = 0.074040, lr = 0.001000
socketio: INFO: emitting event "task update" to 20170509-174747-0bd9 [/jobs]
socketio: INFO: emitting event "job update" to job_management [/jobs]
digits.webapp: DEBUG: Training (epoch 1.8): loss = 0.067477, lr = 0.001000
socketio: INFO: emitting event "task update" to 20170509-174747-0bd9 [/jobs]
socketio: INFO: emitting event "job update" to job_management [/jobs]
digits.webapp: DEBUG: Training (epoch 2.0): loss = 0.069166, lr = 0.001000
socketio: INFO: emitting event "task update" to 20170509-174747-0bd9 [/jobs]
digits.webapp: DEBUG: Network validation loss #2.0: 0.091375
digits.webapp: DEBUG: Validation (epoch 2.0): loss = 0.091375
digits.webapp: WARNING: Train Tensorflow Model unrecognized output: INFO:tensorflow:/tmp/tmpX3R8Ve/20170509-174747-0bd9/snapshot_2.00000.ckpt is not in all_model_checkpoint_paths. Manually adding it.
socketio: INFO: emitting event "task update" to 20170509-174747-0bd9 [/jobs]
socketio: INFO: emitting event "task update" to 20170509-174747-0bd9 [/jobs]
socketio: INFO: emitting event "job update" to job_management [/jobs]
digits.webapp: DEBUG: Training (epoch 2.2): loss = 0.079248, lr = 0.000100
socketio: INFO: emitting event "task update" to 20170509-174747-0bd9 [/jobs]
socketio: INFO: emitting event "job update" to job_management [/jobs]
digits.webapp: DEBUG: Training (epoch 2.4): loss = 0.068470, lr = 0.000100
socketio: INFO: emitting event "task update" to 20170509-172350-6fcd [/jobs]
digits.webapp: WARNING: Train Tensorflow Model unrecognized output: INFO:tensorflow:/tmp/tmpX3R8Ve/20170509-174747-0bd9/snapshot_2.50000.ckpt is not in all_model_checkpoint_paths. Manually adding it.
socketio: INFO: emitting event "task update" to 20170509-174747-0bd9 [/jobs]
socketio: INFO: emitting event "task update" to 20170509-174747-0bd9 [/jobs]
socketio: INFO: emitting event "job update" to job_management [/jobs]
digits.webapp: DEBUG: Training (epoch 2.6): loss = 0.074687, lr = 0.000100
socketio: INFO: emitting event "task update" to 20170509-174747-0bd9 [/jobs]
socketio: INFO: emitting event "job update" to job_management [/jobs]
digits.webapp: DEBUG: Training (epoch 2.8): loss = 0.070204, lr = 0.000100
socketio: INFO: emitting event "task update" to 20170509-174747-0bd9 [/jobs]
socketio: INFO: emitting event "job update" to job_management [/jobs]
digits.webapp: DEBUG: Training (epoch 3.0): loss = 0.065762, lr = 0.000100
socketio: INFO: emitting event "task update" to 20170509-174747-0bd9 [/jobs]
digits.webapp: DEBUG: Network validation loss #3.0: 0.091239
digits.webapp: DEBUG: Validation (epoch 3.0): loss = 0.091239
digits.webapp: WARNING: Train Tensorflow Model unrecognized output: INFO:tensorflow:/tmp/tmpX3R8Ve/20170509-174747-0bd9/snapshot_3.00000.ckpt is not in all_model_checkpoint_paths. Manually adding it.
socketio: INFO: emitting event "task update" to 20170509-174747-0bd9 [/jobs]
digits.webapp: WARNING: Train Tensorflow Model unrecognized output: 2017-05-09 17:47:49.784955: W tensorflow/core/framework/op_kernel.cc:1152] Out of range: PaddingFIFOQueue '_3_train/data/batcher/padding_fifo_queue' is closed and has insufficient elements (requested 10, current size 0)
digits.webapp: WARNING: Train Tensorflow Model unrecognized output: [[Node: train/data/batcher = QueueDequeueUpToV2[component_types=[DT_STRING, DT_FLOAT, DT_FLOAT], timeout_ms=-1, _device="/job:localhost/replica:0/task:0/cpu:0"](train/data/batcher/padding_fifo_queue, train/data/batcher/n)]]
digits.webapp: WARNING: Train Tensorflow Model unrecognized output: Training wall-time: 0.371155023575
socketio: INFO: emitting event "task update" to 20170509-174729-2a42 [/jobs]
socketio: INFO: emitting event "task update" to 20170509-174715-868b [/jobs]
socketio: INFO: emitting event "task update" to 20170509-173357-1ed1 [/jobs]
socketio: INFO: emitting event "task update" to 20170509-174707-a426 [/jobs]
socketio: INFO: emitting event "task update" to 20170509-172259-8252 [/jobs]
socketio: INFO: emitting event "task update" to 20170509-173322-0807 [/jobs]
socketio: INFO: emitting event "task update" to 20170509-172114-d063 [/jobs]
socketio: INFO: emitting event "task update" to 20170509-174735-2316 [/jobs]
socketio: INFO: emitting event "task update" to 20170509-172323-89b4 [/jobs]
digits.webapp: INFO: Train Tensorflow Model task completed.
socketio: INFO: emitting event "task update" to 20170509-174747-0bd9 [/jobs]
socketio: INFO: emitting event "job update" to job_management [/jobs]
socketio: INFO: emitting event "task update" to 20170509-174747-0bd9 [/jobs]
socketio: INFO: emitting event "job update" to 20170509-174747-0bd9 [/jobs]
socketio: INFO: emitting event "job update" to job_management [/jobs]
socketio: INFO: emitting event "server update" to job_management [/jobs]
socketio: INFO: emitting event "job update" to job_management [/jobs]
socketio: INFO: emitting event "job update" to 20170509-174747-0bd9 [/jobs]
socketio: INFO: emitting event "job update" to job_management [/jobs]
digits: INFO: Job complete.
socketio: INFO: emitting event "task update" to 20170509-174723-7d7d [/jobs]
socketio: INFO: emitting event "task update" to 20170509-174411-45b4 [/jobs]
socketio: INFO: emitting event "task update" to 20170509-173300-0377 [/jobs]
socketio: INFO: emitting event "task update" to 20170509-173245-3417 [/jobs]
--------------------- >> end captured logging << ---------------------

----------------------------------------------------------------------
Ran 1535 tests in 2913.481s

FAILED (SKIP=22, errors=4, failures=144)
